[INFO] Scanning for projects...
Downloading from central: https://repo.maven.apache.org/maven2/org/springframework/boot/spring-boot-starter-parent/3.5.10/spring-boot-starter-parent-3.5.10.pom
Progress (1): 1.1 kBProgress (1): 2.7 kBProgress (1): 6.7 kBProgress (1): 11 kB Progress (1): 13 kB                   Downloaded from central: https://repo.maven.apache.org/maven2/org/springframework/boot/spring-boot-starter-parent/3.5.10/spring-boot-starter-parent-3.5.10.pom (13 kB at 19 kB/s)
Downloading from central: https://repo.maven.apache.org/maven2/org/springframework/boot/spring-boot-dependencies/3.5.10/spring-boot-dependencies-3.5.10.pom
Progress (1): 1.2 kBProgress (1): 2.6 kBProgress (1): 3.4 kBProgress (1): 5.5 kBProgress (1): 7.8 kBProgress (1): 8.3 kBProgress (1): 10 kB Progress (1): 13 kBProgress (1): 20 kBProgress (1): 29 kBProgress (1): 37 kBProgress (1): 42 kBProgress (1): 50 kBProgress (1): 59 kBProgress (1): 69 kBProgress (1): 77 kBProgress (1): 84 kBProgress (1): 90 kBProgress (1): 96 kBProgress (1): 96 kB                   Downloaded from central: https://repo.maven.apache.org/maven2/org/springframework/boot/spring-boot-dependencies/3.5.10/spring-boot-dependencies-3.5.10.pom (96 kB at 1.9 MB/s)
Downloading from central: https://repo.maven.apache.org/maven2/org/apache/activemq/activemq-bom/6.1.8/activemq-bom-6.1.8.pom
Progress (1): 799 BProgress (1): 2.0 kBProgress (1): 7.9 kB                    Downloaded from central: https://repo.maven.apache.org/maven2/org/apache/activemq/activemq-bom/6.1.8/activemq-bom-6.1.8.pom (7.9 kB at 192 kB/s)
Downloading from central: https://repo.maven.apache.org/maven2/org/apache/activemq/artemis-bom/2.40.0/artemis-bom-2.40.0.pom
Progress (1): 817 BProgress (1): 3.9 kBProgress (1): 9.6 kB                    Downloaded from central: https://repo.maven.apache.org/maven2/org/apache/activemq/artemis-bom/2.40.0/artemis-bom-2.40.0.pom (9.6 kB at 247 kB/s)
Downloading from central: https://repo.maven.apache.org/maven2/org/apache/activemq/artemis-project/2.40.0/artemis-project-2.40.0.pom
Progress (1): 708 BProgress (1): 2.1 kBProgress (1): 4.5 kBProgress (1): 6.4 kBProgress (1): 8.0 kBProgress (1): 10 kB Progress (1): 12 kBProgress (1): 13 kBProgress (1): 15 kBProgress (1): 17 kBProgress (1): 19 kBProgress (1): 24 kBProgress (1): 27 kBProgress (1): 29 kBProgress (1): 35 kBProgress (1): 40 kBProgress (1): 42 kBProgress (1): 45 kBProgress (1): 49 kBProgress (1): 51 kBProgress (1): 55 kBProgress (1): 56 kB                   Downloaded from central: https://repo.maven.apache.org/maven2/org/apache/activemq/artemis-project/2.40.0/artemis-project-2.40.0.pom (56 kB at 1.3 MB/s)
Downloading from central: https://repo.maven.apache.org/maven2/org/apache/apache/33/apache-33.pom
Progress (1): 741 BProgress (1): 1.7 kBProgress (1): 3.5 kBProgress (1): 5.4 kBProgress (1): 7.3 kBProgress (1): 13 kB Progress (1): 18 kBProgress (1): 19 kBProgress (1): 22 kBProgress (1): 24 kB                   Downloaded from central: https://repo.maven.apache.org/maven2/org/apache/apache/33/apache-33.pom (24 kB at 636 kB/s)
Downloading from central: https://repo.maven.apache.org/maven2/org/assertj/assertj-bom/3.27.6/assertj-bom-3.27.6.pom
Progress (1): 1.0 kBProgress (1): 3.3 kB                    Downloaded from central: https://repo.maven.apache.org/maven2/org/assertj/assertj-bom/3.27.6/assertj-bom-3.27.6.pom (3.3 kB at 90 kB/s)
Downloading from central: https://repo.maven.apache.org/maven2/io/zipkin/reporter2/zipkin-reporter-bom/3.5.1/zipkin-reporter-bom-3.5.1.pom
Progress (1): 756 BProgress (1): 2.0 kBProgress (1): 5.5 kBProgress (1): 6.3 kB                    Downloaded from central: https://repo.maven.apache.org/maven2/io/zipkin/reporter2/zipkin-reporter-bom/3.5.1/zipkin-reporter-bom-3.5.1.pom (6.3 kB at 146 kB/s)
Downloading from central: https://repo.maven.apache.org/maven2/io/zipkin/brave/brave-bom/6.1.0/brave-bom-6.1.0.pom
Progress (1): 1.1 kBProgress (1): 2.5 kBProgress (1): 11 kB Progress (1): 11 kB                   Downloaded from central: https://repo.maven.apache.org/maven2/io/zipkin/brave/brave-bom/6.1.0/brave-bom-6.1.0.pom (11 kB at 366 kB/s)
Downloading from central: https://repo.maven.apache.org/maven2/org/apache/cassandra/java-driver-bom/4.19.2/java-driver-bom-4.19.2.pom
Progress (1): 817 BProgress (1): 1.7 kBProgress (1): 3.7 kBProgress (1): 5.5 kB                    Downloaded from central: https://repo.maven.apache.org/maven2/org/apache/cassandra/java-driver-bom/4.19.2/java-driver-bom-4.19.2.pom (5.5 kB at 143 kB/s)
Downloading from central: https://repo.maven.apache.org/maven2/org/glassfish/jaxb/jaxb-bom/4.0.6/jaxb-bom-4.0.6.pom
Progress (1): 849 BProgress (1): 3.8 kBProgress (1): 12 kB Progress (1): 12 kB                   Downloaded from central: https://repo.maven.apache.org/maven2/org/glassfish/jaxb/jaxb-bom/4.0.6/jaxb-bom-4.0.6.pom (12 kB at 306 kB/s)
Downloading from central: https://repo.maven.apache.org/maven2/org/eclipse/ee4j/project/1.0.9/project-1.0.9.pom
Progress (1): 876 BProgress (1): 1.9 kBProgress (1): 4.7 kBProgress (1): 7.4 kBProgress (1): 9.7 kBProgress (1): 15 kB Progress (1): 16 kB                   Downloaded from central: https://repo.maven.apache.org/maven2/org/eclipse/ee4j/project/1.0.9/project-1.0.9.pom (16 kB at 436 kB/s)
Downloading from central: https://repo.maven.apache.org/maven2/org/apache/groovy/groovy-bom/4.0.29/groovy-bom-4.0.29.pom
Progress (1): 863 BProgress (1): 3.6 kBProgress (1): 7.0 kBProgress (1): 11 kB Progress (1): 14 kBProgress (1): 18 kBProgress (1): 22 kBProgress (1): 24 kBProgress (1): 27 kB                   Downloaded from central: https://repo.maven.apache.org/maven2/org/apache/groovy/groovy-bom/4.0.29/groovy-bom-4.0.29.pom (27 kB at 699 kB/s)
Downloading from central: https://repo.maven.apache.org/maven2/org/infinispan/infinispan-bom/15.2.6.Final/infinispan-bom-15.2.6.Final.pom
Progress (1): 1.1 kBProgress (1): 11 kB Progress (1): 17 kB                   Downloaded from central: https://repo.maven.apache.org/maven2/org/infinispan/infinispan-bom/15.2.6.Final/infinispan-bom-15.2.6.Final.pom (17 kB at 458 kB/s)
Downloading from central: https://repo.maven.apache.org/maven2/org/infinispan/infinispan-build-configuration-parent/15.2.6.Final/infinispan-build-configuration-parent-15.2.6.Final.pom
Progress (1): 1.0 kBProgress (1): 3.3 kBProgress (1): 5.2 kBProgress (1): 7.4 kBProgress (1): 9.4 kBProgress (1): 12 kB Progress (1): 15 kBProgress (1): 16 kBProgress (1): 17 kB                   Downloaded from central: https://repo.maven.apache.org/maven2/org/infinispan/infinispan-build-configuration-parent/15.2.6.Final/infinispan-build-configuration-parent-15.2.6.Final.pom (17 kB at 464 kB/s)
Downloading from central: https://repo.maven.apache.org/maven2/com/fasterxml/jackson/jackson-bom/2.19.4/jackson-bom-2.19.4.pom
Progress (1): 926 BProgress (1): 2.6 kBProgress (1): 7.4 kBProgress (1): 16 kB Progress (1): 20 kBProgress (1): 20 kB                   Downloaded from central: https://repo.maven.apache.org/maven2/com/fasterxml/jackson/jackson-bom/2.19.4/jackson-bom-2.19.4.pom (20 kB at 562 kB/s)
Downloading from central: https://repo.maven.apache.org/maven2/com/fasterxml/jackson/jackson-parent/2.19.3/jackson-parent-2.19.3.pom
Progress (1): 1.1 kBProgress (1): 2.5 kBProgress (1): 4.2 kBProgress (1): 6.1 kBProgress (1): 7.2 kB                    Downloaded from central: https://repo.maven.apache.org/maven2/com/fasterxml/jackson/jackson-parent/2.19.3/jackson-parent-2.19.3.pom (7.2 kB at 211 kB/s)
Downloading from central: https://repo.maven.apache.org/maven2/com/fasterxml/oss-parent/69/oss-parent-69.pom
Progress (1): 949 BProgress (1): 2.9 kBProgress (1): 4.1 kBProgress (1): 6.1 kBProgress (1): 9.9 kBProgress (1): 12 kB Progress (1): 15 kBProgress (1): 16 kBProgress (1): 19 kBProgress (1): 24 kB                   Downloaded from central: https://repo.maven.apache.org/maven2/com/fasterxml/oss-parent/69/oss-parent-69.pom (24 kB at 639 kB/s)
Downloading from central: https://repo.maven.apache.org/maven2/org/glassfish/jersey/jersey-bom/3.1.11/jersey-bom-3.1.11.pom
Progress (1): 841 BProgress (1): 8.7 kBProgress (1): 20 kB Progress (1): 21 kB                   Downloaded from central: https://repo.maven.apache.org/maven2/org/glassfish/jersey/jersey-bom/3.1.11/jersey-bom-3.1.11.pom (21 kB at 533 kB/s)
Downloading from central: https://repo.maven.apache.org/maven2/org/eclipse/jetty/ee10/jetty-ee10-bom/12.0.31/jetty-ee10-bom-12.0.31.pom
Progress (1): 1.2 kBProgress (1): 4.7 kBProgress (1): 9.6 kB                    Downloaded from central: https://repo.maven.apache.org/maven2/org/eclipse/jetty/ee10/jetty-ee10-bom/12.0.31/jetty-ee10-bom-12.0.31.pom (9.6 kB at 246 kB/s)
Downloading from central: https://repo.maven.apache.org/maven2/org/eclipse/jetty/jetty-bom/12.0.31/jetty-bom-12.0.31.pom
Progress (1): 1.2 kBProgress (1): 4.5 kBProgress (1): 15 kB                    Downloaded from central: https://repo.maven.apache.org/maven2/org/eclipse/jetty/jetty-bom/12.0.31/jetty-bom-12.0.31.pom (15 kB at 385 kB/s)
Downloading from central: https://repo.maven.apache.org/maven2/org/junit/junit-bom/5.12.2/junit-bom-5.12.2.pom
Progress (1): 908 BProgress (1): 4.1 kBProgress (1): 5.6 kB                    Downloaded from central: https://repo.maven.apache.org/maven2/org/junit/junit-bom/5.12.2/junit-bom-5.12.2.pom (5.6 kB at 171 kB/s)
Downloading from central: https://repo.maven.apache.org/maven2/org/jetbrains/kotlin/kotlin-bom/1.9.25/kotlin-bom-1.9.25.pom
Progress (1): 938 BProgress (1): 3.7 kBProgress (1): 9.1 kB                    Downloaded from central: https://repo.maven.apache.org/maven2/org/jetbrains/kotlin/kotlin-bom/1.9.25/kotlin-bom-1.9.25.pom (9.1 kB at 212 kB/s)
Downloading from central: https://repo.maven.apache.org/maven2/org/jetbrains/kotlinx/kotlinx-coroutines-bom/1.8.1/kotlinx-coroutines-bom-1.8.1.pom
Progress (1): 1.2 kBProgress (1): 4.3 kB                    Downloaded from central: https://repo.maven.apache.org/maven2/org/jetbrains/kotlinx/kotlinx-coroutines-bom/1.8.1/kotlinx-coroutines-bom-1.8.1.pom (4.3 kB at 123 kB/s)
Downloading from central: https://repo.maven.apache.org/maven2/org/jetbrains/kotlinx/kotlinx-serialization-bom/1.6.3/kotlinx-serialization-bom-1.6.3.pom
Progress (1): 1.2 kBProgress (1): 3.7 kB                    Downloaded from central: https://repo.maven.apache.org/maven2/org/jetbrains/kotlinx/kotlinx-serialization-bom/1.6.3/kotlinx-serialization-bom-1.6.3.pom (3.7 kB at 102 kB/s)
Downloading from central: https://repo.maven.apache.org/maven2/org/apache/logging/log4j/log4j-bom/2.24.3/log4j-bom-2.24.3.pom
Progress (1): 793 BProgress (1): 2.2 kBProgress (1): 5.7 kBProgress (1): 12 kB Progress (1): 12 kB                   Downloaded from central: https://repo.maven.apache.org/maven2/org/apache/logging/log4j/log4j-bom/2.24.3/log4j-bom-2.24.3.pom (12 kB at 323 kB/s)
Downloading from central: https://repo.maven.apache.org/maven2/org/apache/logging/logging-parent/11.3.0/logging-parent-11.3.0.pom
Progress (1): 735 BProgress (1): 2.2 kBProgress (1): 4.7 kBProgress (1): 6.8 kBProgress (1): 9.6 kBProgress (1): 14 kB Progress (1): 17 kBProgress (1): 18 kBProgress (1): 23 kBProgress (1): 28 kBProgress (1): 29 kBProgress (1): 31 kBProgress (1): 34 kBProgress (1): 37 kBProgress (1): 39 kBProgress (1): 41 kBProgress (1): 42 kBProgress (1): 45 kBProgress (1): 50 kBProgress (1): 53 kB                   Downloaded from central: https://repo.maven.apache.org/maven2/org/apache/logging/logging-parent/11.3.0/logging-parent-11.3.0.pom (53 kB at 1.4 MB/s)
Downloading from central: https://repo.maven.apache.org/maven2/io/micrometer/micrometer-bom/1.15.8/micrometer-bom-1.15.8.pom
Progress (1): 1.0 kBProgress (1): 7.7 kBProgress (1): 8.6 kB                    Downloaded from central: https://repo.maven.apache.org/maven2/io/micrometer/micrometer-bom/1.15.8/micrometer-bom-1.15.8.pom (8.6 kB at 245 kB/s)
Downloading from central: https://repo.maven.apache.org/maven2/io/micrometer/micrometer-tracing-bom/1.5.8/micrometer-tracing-bom-1.5.8.pom
Progress (1): 1.0 kBProgress (1): 3.9 kBProgress (1): 4.5 kB                    Downloaded from central: https://repo.maven.apache.org/maven2/io/micrometer/micrometer-tracing-bom/1.5.8/micrometer-tracing-bom-1.5.8.pom (4.5 kB at 133 kB/s)
Downloading from central: https://repo.maven.apache.org/maven2/org/mockito/mockito-bom/5.17.0/mockito-bom-5.17.0.pom
Progress (1): 1.4 kBProgress (1): 3.0 kB                    Downloaded from central: https://repo.maven.apache.org/maven2/org/mockito/mockito-bom/5.17.0/mockito-bom-5.17.0.pom (3.0 kB at 87 kB/s)
Downloading from central: https://repo.maven.apache.org/maven2/org/mongodb/mongodb-driver-bom/5.5.2/mongodb-driver-bom-5.5.2.pom
Progress (1): 1.0 kBProgress (1): 4.2 kB                    Downloaded from central: https://repo.maven.apache.org/maven2/org/mongodb/mongodb-driver-bom/5.5.2/mongodb-driver-bom-5.5.2.pom (4.2 kB at 119 kB/s)
Downloading from central: https://repo.maven.apache.org/maven2/io/netty/netty-bom/4.1.130.Final/netty-bom-4.1.130.Final.pom
Progress (1): 781 BProgress (1): 2.4 kBProgress (1): 8.0 kBProgress (1): 15 kB                    Downloaded from central: https://repo.maven.apache.org/maven2/io/netty/netty-bom/4.1.130.Final/netty-bom-4.1.130.Final.pom (15 kB at 388 kB/s)
Downloading from central: https://repo.maven.apache.org/maven2/org/sonatype/oss/oss-parent/7/oss-parent-7.pom
Progress (1): 848 BProgress (1): 2.5 kBProgress (1): 4.8 kB                    Downloaded from central: https://repo.maven.apache.org/maven2/org/sonatype/oss/oss-parent/7/oss-parent-7.pom (4.8 kB at 142 kB/s)
Downloading from central: https://repo.maven.apache.org/maven2/io/opentelemetry/opentelemetry-bom/1.49.0/opentelemetry-bom-1.49.0.pom
Progress (1): 961 BProgress (1): 5.9 kB                    Downloaded from central: https://repo.maven.apache.org/maven2/io/opentelemetry/opentelemetry-bom/1.49.0/opentelemetry-bom-1.49.0.pom (5.9 kB at 178 kB/s)
Downloading from central: https://repo.maven.apache.org/maven2/io/prometheus/prometheus-metrics-bom/1.3.10/prometheus-metrics-bom-1.3.10.pom
Progress (1): 2.1 kBProgress (1): 5.8 kB                    Downloaded from central: https://repo.maven.apache.org/maven2/io/prometheus/prometheus-metrics-bom/1.3.10/prometheus-metrics-bom-1.3.10.pom (5.8 kB at 167 kB/s)
Downloading from central: https://repo.maven.apache.org/maven2/io/prometheus/client_java_parent/1.3.10/client_java_parent-1.3.10.pom
Progress (1): 1.1 kBProgress (1): 3.1 kBProgress (1): 4.4 kB                    Downloaded from central: https://repo.maven.apache.org/maven2/io/prometheus/client_java_parent/1.3.10/client_java_parent-1.3.10.pom (4.4 kB at 124 kB/s)
Downloading from central: https://repo.maven.apache.org/maven2/io/prometheus/simpleclient_bom/0.16.0/simpleclient_bom-0.16.0.pom
Progress (1): 1.9 kBProgress (1): 6.0 kB                    Downloaded from central: https://repo.maven.apache.org/maven2/io/prometheus/simpleclient_bom/0.16.0/simpleclient_bom-0.16.0.pom (6.0 kB at 150 kB/s)
Downloading from central: https://repo.maven.apache.org/maven2/io/prometheus/parent/0.16.0/parent-0.16.0.pom
Progress (1): 1.1 kBProgress (1): 3.4 kBProgress (1): 7.9 kBProgress (1): 13 kB                    Downloaded from central: https://repo.maven.apache.org/maven2/io/prometheus/parent/0.16.0/parent-0.16.0.pom (13 kB at 391 kB/s)
Downloading from central: https://repo.maven.apache.org/maven2/org/apache/pulsar/pulsar-bom/4.0.8/pulsar-bom-4.0.8.pom
Progress (1): 794 BProgress (1): 2.4 kBProgress (1): 4.5 kBProgress (1): 14 kB Progress (1): 25 kB                   Downloaded from central: https://repo.maven.apache.org/maven2/org/apache/pulsar/pulsar-bom/4.0.8/pulsar-bom-4.0.8.pom (25 kB at 700 kB/s)
Downloading from central: https://repo.maven.apache.org/maven2/org/apache/apache/35/apache-35.pom
Progress (1): 739 BProgress (1): 2.1 kBProgress (1): 4.0 kBProgress (1): 5.9 kBProgress (1): 11 kB Progress (1): 15 kBProgress (1): 19 kBProgress (1): 22 kBProgress (1): 24 kB                   Downloaded from central: https://repo.maven.apache.org/maven2/org/apache/apache/35/apache-35.pom (24 kB at 713 kB/s)
Downloading from central: https://repo.maven.apache.org/maven2/org/apache/pulsar/pulsar-client-reactive-bom/0.6.0/pulsar-client-reactive-bom-0.6.0.pom
Progress (1): 983 BProgress (1): 2.8 kB                    Downloaded from central: https://repo.maven.apache.org/maven2/org/apache/pulsar/pulsar-client-reactive-bom/0.6.0/pulsar-client-reactive-bom-0.6.0.pom (2.8 kB at 74 kB/s)
Downloading from central: https://repo.maven.apache.org/maven2/com/querydsl/querydsl-bom/5.1.0/querydsl-bom-5.1.0.pom
Progress (1): 1.2 kBProgress (1): 6.7 kBProgress (1): 7.2 kB                    Downloaded from central: https://repo.maven.apache.org/maven2/com/querydsl/querydsl-bom/5.1.0/querydsl-bom-5.1.0.pom (7.2 kB at 204 kB/s)
Downloading from central: https://repo.maven.apache.org/maven2/io/projectreactor/reactor-bom/2024.0.14/reactor-bom-2024.0.14.pom
Progress (1): 908 BProgress (1): 4.3 kBProgress (1): 4.8 kB                    Downloaded from central: https://repo.maven.apache.org/maven2/io/projectreactor/reactor-bom/2024.0.14/reactor-bom-2024.0.14.pom (4.8 kB at 140 kB/s)
Downloading from central: https://repo.maven.apache.org/maven2/io/rest-assured/rest-assured-bom/5.5.7/rest-assured-bom-5.5.7.pom
Progress (1): 1.0 kBProgress (1): 4.7 kB                    Downloaded from central: https://repo.maven.apache.org/maven2/io/rest-assured/rest-assured-bom/5.5.7/rest-assured-bom-5.5.7.pom (4.7 kB at 130 kB/s)
Downloading from central: https://repo.maven.apache.org/maven2/io/rsocket/rsocket-bom/1.1.5/rsocket-bom-1.1.5.pom
Progress (1): 1.1 kBProgress (1): 2.4 kB                    Downloaded from central: https://repo.maven.apache.org/maven2/io/rsocket/rsocket-bom/1.1.5/rsocket-bom-1.1.5.pom (2.4 kB at 68 kB/s)
Downloading from central: https://repo.maven.apache.org/maven2/org/seleniumhq/selenium/selenium-bom/4.31.0/selenium-bom-4.31.0.pom
Progress (1): 1.1 kBProgress (1): 5.8 kB                    Downloaded from central: https://repo.maven.apache.org/maven2/org/seleniumhq/selenium/selenium-bom/4.31.0/selenium-bom-4.31.0.pom (5.8 kB at 162 kB/s)
Downloading from central: https://repo.maven.apache.org/maven2/org/springframework/amqp/spring-amqp-bom/3.2.9/spring-amqp-bom-3.2.9.pom
Progress (1): 963 BProgress (1): 3.9 kB                    Downloaded from central: https://repo.maven.apache.org/maven2/org/springframework/amqp/spring-amqp-bom/3.2.9/spring-amqp-bom-3.2.9.pom (3.9 kB at 105 kB/s)
Downloading from central: https://repo.maven.apache.org/maven2/org/springframework/batch/spring-batch-bom/5.2.4/spring-batch-bom-5.2.4.pom
Progress (1): 1.2 kBProgress (1): 3.2 kB                    Downloaded from central: https://repo.maven.apache.org/maven2/org/springframework/batch/spring-batch-bom/5.2.4/spring-batch-bom-5.2.4.pom (3.2 kB at 88 kB/s)
Downloading from central: https://repo.maven.apache.org/maven2/org/springframework/data/spring-data-bom/2025.0.8/spring-data-bom-2025.0.8.pom
Progress (1): 962 BProgress (1): 2.5 kBProgress (1): 5.5 kB                    Downloaded from central: https://repo.maven.apache.org/maven2/org/springframework/data/spring-data-bom/2025.0.8/spring-data-bom-2025.0.8.pom (5.5 kB at 157 kB/s)
Downloading from central: https://repo.maven.apache.org/maven2/org/springframework/spring-framework-bom/6.2.15/spring-framework-bom-6.2.15.pom
Progress (1): 975 BProgress (1): 5.8 kB                    Downloaded from central: https://repo.maven.apache.org/maven2/org/springframework/spring-framework-bom/6.2.15/spring-framework-bom-6.2.15.pom (5.8 kB at 162 kB/s)
Downloading from central: https://repo.maven.apache.org/maven2/org/springframework/integration/spring-integration-bom/6.5.6/spring-integration-bom-6.5.6.pom
Progress (1): 990 BProgress (1): 5.2 kBProgress (1): 10 kB                    Downloaded from central: https://repo.maven.apache.org/maven2/org/springframework/integration/spring-integration-bom/6.5.6/spring-integration-bom-6.5.6.pom (10 kB at 245 kB/s)
Downloading from central: https://repo.maven.apache.org/maven2/org/springframework/pulsar/spring-pulsar-bom/1.2.14/spring-pulsar-bom-1.2.14.pom
Progress (1): 958 BProgress (1): 2.9 kB                    Downloaded from central: https://repo.maven.apache.org/maven2/org/springframework/pulsar/spring-pulsar-bom/1.2.14/spring-pulsar-bom-1.2.14.pom (2.9 kB at 68 kB/s)
Downloading from central: https://repo.maven.apache.org/maven2/org/springframework/restdocs/spring-restdocs-bom/3.0.5/spring-restdocs-bom-3.0.5.pom
Progress (1): 1.1 kBProgress (1): 2.6 kB                    Downloaded from central: https://repo.maven.apache.org/maven2/org/springframework/restdocs/spring-restdocs-bom/3.0.5/spring-restdocs-bom-3.0.5.pom (2.6 kB at 76 kB/s)
Downloading from central: https://repo.maven.apache.org/maven2/org/springframework/security/spring-security-bom/6.5.7/spring-security-bom-6.5.7.pom
Progress (1): 973 BProgress (1): 5.3 kB                    Downloaded from central: https://repo.maven.apache.org/maven2/org/springframework/security/spring-security-bom/6.5.7/spring-security-bom-6.5.7.pom (5.3 kB at 157 kB/s)
Downloading from central: https://repo.maven.apache.org/maven2/org/springframework/session/spring-session-bom/3.5.4/spring-session-bom-3.5.4.pom
Progress (1): 1.0 kBProgress (1): 2.9 kB                    Downloaded from central: https://repo.maven.apache.org/maven2/org/springframework/session/spring-session-bom/3.5.4/spring-session-bom-3.5.4.pom (2.9 kB at 83 kB/s)
Downloading from central: https://repo.maven.apache.org/maven2/org/springframework/ws/spring-ws-bom/4.1.2/spring-ws-bom-4.1.2.pom
Progress (1): 1.2 kBProgress (1): 2.3 kB                    Downloaded from central: https://repo.maven.apache.org/maven2/org/springframework/ws/spring-ws-bom/4.1.2/spring-ws-bom-4.1.2.pom (2.3 kB at 62 kB/s)
Downloading from central: https://repo.maven.apache.org/maven2/org/testcontainers/testcontainers-bom/1.21.4/testcontainers-bom-1.21.4.pom
Progress (1): 1.2 kBProgress (1): 12 kB                    Downloaded from central: https://repo.maven.apache.org/maven2/org/testcontainers/testcontainers-bom/1.21.4/testcontainers-bom-1.21.4.pom (12 kB at 321 kB/s)
[INFO]
[INFO] ---------------------------< com.lollito:fm >---------------------------
[INFO] Building fm 0.0.1-SNAPSHOT
[INFO]   from pom.xml
[INFO] --------------------------------[ jar ]---------------------------------
Downloading from central: https://repo.maven.apache.org/maven2/org/springframework/boot/spring-boot-maven-plugin/3.5.10/spring-boot-maven-plugin-3.5.10.pom
Progress (1): 1.3 kBProgress (1): 4.0 kB                    Downloaded from central: https://repo.maven.apache.org/maven2/org/springframework/boot/spring-boot-maven-plugin/3.5.10/spring-boot-maven-plugin-3.5.10.pom (4.0 kB at 111 kB/s)
Downloading from central: https://repo.maven.apache.org/maven2/org/springframework/boot/spring-boot-maven-plugin/3.5.10/spring-boot-maven-plugin-3.5.10.jar
Progress (1): 7.7/135 kBProgress (1): 16/135 kB Progress (1): 32/135 kBProgress (1): 49/135 kBProgress (1): 65/135 kBProgress (1): 66/135 kBProgress (1): 82/135 kBProgress (1): 98/135 kBProgress (1): 115/135 kBProgress (1): 131/135 kBProgress (1): 135 kB                        Downloaded from central: https://repo.maven.apache.org/maven2/org/springframework/boot/spring-boot-maven-plugin/3.5.10/spring-boot-maven-plugin-3.5.10.jar (135 kB at 3.5 MB/s)
Downloading from central: https://repo.maven.apache.org/maven2/org/jacoco/jacoco-maven-plugin/0.8.14/jacoco-maven-plugin-0.8.14.pom
Progress (1): 870 BProgress (1): 3.3 kBProgress (1): 4.2 kB                    Downloaded from central: https://repo.maven.apache.org/maven2/org/jacoco/jacoco-maven-plugin/0.8.14/jacoco-maven-plugin-0.8.14.pom (4.2 kB at 88 kB/s)
Downloading from central: https://repo.maven.apache.org/maven2/org/jacoco/org.jacoco.build/0.8.14/org.jacoco.build-0.8.14.pom
Progress (1): 799 BProgress (1): 2.8 kBProgress (1): 4.7 kBProgress (1): 8.2 kBProgress (1): 13 kB Progress (1): 16 kBProgress (1): 19 kBProgress (1): 22 kBProgress (1): 25 kBProgress (1): 27 kBProgress (1): 30 kBProgress (1): 37 kBProgress (1): 41 kBProgress (1): 46 kB                   Downloaded from central: https://repo.maven.apache.org/maven2/org/jacoco/org.jacoco.build/0.8.14/org.jacoco.build-0.8.14.pom (46 kB at 1.2 MB/s)
Downloading from central: https://repo.maven.apache.org/maven2/org/ow2/asm/asm-bom/9.9/asm-bom-9.9.pom
Progress (1): 1.1 kBProgress (1): 3.3 kB                    Downloaded from central: https://repo.maven.apache.org/maven2/org/ow2/asm/asm-bom/9.9/asm-bom-9.9.pom (3.3 kB at 79 kB/s)
Downloading from central: https://repo.maven.apache.org/maven2/org/ow2/ow2/1.5.1/ow2-1.5.1.pom
Progress (1): 709 BProgress (1): 2.1 kBProgress (1): 3.6 kBProgress (1): 5.7 kBProgress (1): 8.1 kBProgress (1): 11 kB                    Downloaded from central: https://repo.maven.apache.org/maven2/org/ow2/ow2/1.5.1/ow2-1.5.1.pom (11 kB at 323 kB/s)
Downloading from central: https://repo.maven.apache.org/maven2/org/jacoco/jacoco-maven-plugin/0.8.14/jacoco-maven-plugin-0.8.14.jar
Progress (1): 8.2/57 kBProgress (1): 25/57 kB Progress (1): 41/57 kBProgress (1): 57/57 kBProgress (1): 57 kB                      Downloaded from central: https://repo.maven.apache.org/maven2/org/jacoco/jacoco-maven-plugin/0.8.14/jacoco-maven-plugin-0.8.14.jar (57 kB at 1.7 MB/s)
Downloading from central: https://repo.maven.apache.org/maven2/org/apache/maven/plugins/maven-resources-plugin/3.3.1/maven-resources-plugin-3.3.1.pom
Progress (1): 767 BProgress (1): 2.2 kBProgress (1): 4.9 kBProgress (1): 7.5 kBProgress (1): 8.2 kB                    Downloaded from central: https://repo.maven.apache.org/maven2/org/apache/maven/plugins/maven-resources-plugin/3.3.1/maven-resources-plugin-3.3.1.pom (8.2 kB at 227 kB/s)
Downloading from central: https://repo.maven.apache.org/maven2/org/apache/maven/plugins/maven-plugins/39/maven-plugins-39.pom
Progress (1): 773 BProgress (1): 2.3 kBProgress (1): 4.9 kBProgress (1): 7.4 kBProgress (1): 8.1 kB                    Downloaded from central: https://repo.maven.apache.org/maven2/org/apache/maven/plugins/maven-plugins/39/maven-plugins-39.pom (8.1 kB at 238 kB/s)
Downloading from central: https://repo.maven.apache.org/maven2/org/apache/maven/maven-parent/39/maven-parent-39.pom
Progress (1): 724 BProgress (1): 1.9 kBProgress (1): 5.5 kBProgress (1): 9.8 kBProgress (1): 14 kB Progress (1): 19 kBProgress (1): 23 kBProgress (1): 26 kBProgress (1): 28 kBProgress (1): 31 kBProgress (1): 34 kBProgress (1): 37 kBProgress (1): 40 kBProgress (1): 43 kBProgress (1): 48 kB                   Downloaded from central: https://repo.maven.apache.org/maven2/org/apache/maven/maven-parent/39/maven-parent-39.pom (48 kB at 1.3 MB/s)
Downloading from central: https://repo.maven.apache.org/maven2/org/apache/apache/29/apache-29.pom
Progress (1): 741 BProgress (1): 2.1 kBProgress (1): 3.9 kBProgress (1): 6.9 kBProgress (1): 12 kB Progress (1): 16 kBProgress (1): 19 kBProgress (1): 21 kB                   Downloaded from central: https://repo.maven.apache.org/maven2/org/apache/apache/29/apache-29.pom (21 kB at 628 kB/s)
Downloading from central: https://repo.maven.apache.org/maven2/org/apache/maven/plugins/maven-resources-plugin/3.3.1/maven-resources-plugin-3.3.1.jar
Progress (1): 7.7/31 kBProgress (1): 16/31 kB Progress (1): 31 kB                      Downloaded from central: https://repo.maven.apache.org/maven2/org/apache/maven/plugins/maven-resources-plugin/3.3.1/maven-resources-plugin-3.3.1.jar (31 kB at 910 kB/s)
Downloading from central: https://repo.maven.apache.org/maven2/org/apache/maven/plugins/maven-compiler-plugin/3.14.1/maven-compiler-plugin-3.14.1.pom
Progress (1): 762 BProgress (1): 2.3 kBProgress (1): 4.6 kBProgress (1): 8.2 kBProgress (1): 9.9 kB                    Downloaded from central: https://repo.maven.apache.org/maven2/org/apache/maven/plugins/maven-compiler-plugin/3.14.1/maven-compiler-plugin-3.14.1.pom (9.9 kB at 274 kB/s)
Downloading from central: https://repo.maven.apache.org/maven2/org/apache/maven/plugins/maven-plugins/45/maven-plugins-45.pom
Progress (1): 772 BProgress (1): 2.3 kBProgress (1): 4.9 kBProgress (1): 7.8 kBProgress (1): 8.4 kB                    Downloaded from central: https://repo.maven.apache.org/maven2/org/apache/maven/plugins/maven-plugins/45/maven-plugins-45.pom (8.4 kB at 261 kB/s)
Downloading from central: https://repo.maven.apache.org/maven2/org/apache/maven/maven-parent/45/maven-parent-45.pom
Progress (1): 708 BProgress (1): 1.9 kBProgress (1): 5.5 kBProgress (1): 9.7 kBProgress (1): 14 kB Progress (1): 19 kBProgress (1): 23 kBProgress (1): 27 kBProgress (1): 28 kBProgress (1): 32 kBProgress (1): 35 kBProgress (1): 38 kBProgress (1): 41 kBProgress (1): 44 kBProgress (1): 48 kBProgress (1): 48 kBProgress (1): 53 kB                   Downloaded from central: https://repo.maven.apache.org/maven2/org/apache/maven/maven-parent/45/maven-parent-45.pom (53 kB at 1.5 MB/s)
Downloading from central: https://repo.maven.apache.org/maven2/org/junit/junit-bom/5.13.1/junit-bom-5.13.1.pom
Progress (1): 908 BProgress (1): 4.1 kBProgress (1): 5.6 kB                    Downloaded from central: https://repo.maven.apache.org/maven2/org/junit/junit-bom/5.13.1/junit-bom-5.13.1.pom (5.6 kB at 177 kB/s)
Downloading from central: https://repo.maven.apache.org/maven2/org/apache/maven/plugins/maven-compiler-plugin/3.14.1/maven-compiler-plugin-3.14.1.jar
Progress (1): 7.7/84 kBProgress (1): 8.2/84 kBProgress (1): 25/84 kB Progress (1): 41/84 kBProgress (1): 57/84 kBProgress (1): 69/84 kBProgress (1): 84 kB                      Downloaded from central: https://repo.maven.apache.org/maven2/org/apache/maven/plugins/maven-compiler-plugin/3.14.1/maven-compiler-plugin-3.14.1.jar (84 kB at 2.5 MB/s)
Downloading from central: https://repo.maven.apache.org/maven2/org/apache/maven/plugins/maven-surefire-plugin/3.5.4/maven-surefire-plugin-3.5.4.pom
Progress (1): 827 BProgress (1): 3.3 kBProgress (1): 4.9 kB                    Downloaded from central: https://repo.maven.apache.org/maven2/org/apache/maven/plugins/maven-surefire-plugin/3.5.4/maven-surefire-plugin-3.5.4.pom (4.9 kB at 139 kB/s)
Downloading from central: https://repo.maven.apache.org/maven2/org/apache/maven/surefire/surefire/3.5.4/surefire-3.5.4.pom
Progress (1): 791 BProgress (1): 2.4 kBProgress (1): 4.1 kBProgress (1): 7.8 kBProgress (1): 11 kB Progress (1): 13 kBProgress (1): 16 kBProgress (1): 18 kBProgress (1): 19 kB                   Downloaded from central: https://repo.maven.apache.org/maven2/org/apache/maven/surefire/surefire/3.5.4/surefire-3.5.4.pom (19 kB at 479 kB/s)
Downloading from central: https://repo.maven.apache.org/maven2/org/apache/maven/maven-parent/44/maven-parent-44.pom
Progress (1): 708 BProgress (1): 1.9 kBProgress (1): 5.5 kBProgress (1): 9.7 kBProgress (1): 14 kB Progress (1): 19 kBProgress (1): 23 kBProgress (1): 26 kBProgress (1): 28 kBProgress (1): 32 kBProgress (1): 36 kBProgress (1): 39 kBProgress (1): 42 kBProgress (1): 45 kBProgress (1): 49 kBProgress (1): 50 kBProgress (1): 52 kB                   Downloaded from central: https://repo.maven.apache.org/maven2/org/apache/maven/maven-parent/44/maven-parent-44.pom (52 kB at 1.4 MB/s)
Downloading from central: https://repo.maven.apache.org/maven2/org/apache/apache/34/apache-34.pom
Progress (1): 737 BProgress (1): 2.0 kBProgress (1): 4.0 kBProgress (1): 5.9 kBProgress (1): 11 kB Progress (1): 15 kBProgress (1): 19 kBProgress (1): 22 kBProgress (1): 24 kB                   Downloaded from central: https://repo.maven.apache.org/maven2/org/apache/apache/34/apache-34.pom (24 kB at 655 kB/s)
Downloading from central: https://repo.maven.apache.org/maven2/org/junit/junit-bom/5.12.1/junit-bom-5.12.1.pom
Progress (1): 908 BProgress (1): 4.1 kBProgress (1): 5.6 kB                    Downloaded from central: https://repo.maven.apache.org/maven2/org/junit/junit-bom/5.12.1/junit-bom-5.12.1.pom (5.6 kB at 157 kB/s)
Downloading from central: https://repo.maven.apache.org/maven2/org/apache/maven/plugins/maven-surefire-plugin/3.5.4/maven-surefire-plugin-3.5.4.jar
Progress (1): 7.7/46 kBProgress (1): 16/46 kB Progress (1): 25/46 kBProgress (1): 41/46 kBProgress (1): 46 kB                      Downloaded from central: https://repo.maven.apache.org/maven2/org/apache/maven/plugins/maven-surefire-plugin/3.5.4/maven-surefire-plugin-3.5.4.jar (46 kB at 1.4 MB/s)
Downloading from central: https://repo.maven.apache.org/maven2/org/springframework/boot/spring-boot-starter-web/3.5.10/spring-boot-starter-web-3.5.10.pom
Progress (1): 927 BProgress (1): 2.9 kB                    Downloaded from central: https://repo.maven.apache.org/maven2/org/springframework/boot/spring-boot-starter-web/3.5.10/spring-boot-starter-web-3.5.10.pom (2.9 kB at 95 kB/s)
Downloading from central: https://repo.maven.apache.org/maven2/org/springframework/boot/spring-boot-starter/3.5.10/spring-boot-starter-3.5.10.pom
Progress (1): 948 BProgress (1): 3.0 kB                    Downloaded from central: https://repo.maven.apache.org/maven2/org/springframework/boot/spring-boot-starter/3.5.10/spring-boot-starter-3.5.10.pom (3.0 kB at 78 kB/s)
Downloading from central: https://repo.maven.apache.org/maven2/org/springframework/boot/spring-boot/3.5.10/spring-boot-3.5.10.pom
Progress (1): 1.0 kBProgress (1): 2.2 kB                    Downloaded from central: https://repo.maven.apache.org/maven2/org/springframework/boot/spring-boot/3.5.10/spring-boot-3.5.10.pom (2.2 kB at 67 kB/s)
Downloading from central: https://repo.maven.apache.org/maven2/org/springframework/spring-core/6.2.15/spring-core-6.2.15.pom
Progress (1): 1.1 kBProgress (1): 2.0 kB                    Downloaded from central: https://repo.maven.apache.org/maven2/org/springframework/spring-core/6.2.15/spring-core-6.2.15.pom (2.0 kB at 63 kB/s)
Downloading from central: https://repo.maven.apache.org/maven2/org/springframework/spring-jcl/6.2.15/spring-jcl-6.2.15.pom
Progress (1): 1.1 kBProgress (1): 1.8 kB                    Downloaded from central: https://repo.maven.apache.org/maven2/org/springframework/spring-jcl/6.2.15/spring-jcl-6.2.15.pom (1.8 kB at 54 kB/s)
Downloading from central: https://repo.maven.apache.org/maven2/org/springframework/spring-context/6.2.15/spring-context-6.2.15.pom
Progress (1): 1.0 kBProgress (1): 2.8 kB                    Downloaded from central: https://repo.maven.apache.org/maven2/org/springframework/spring-context/6.2.15/spring-context-6.2.15.pom (2.8 kB at 80 kB/s)
Downloading from central: https://repo.maven.apache.org/maven2/org/springframework/spring-aop/6.2.15/spring-aop-6.2.15.pom
Progress (1): 1.1 kBProgress (1): 2.2 kB                    Downloaded from central: https://repo.maven.apache.org/maven2/org/springframework/spring-aop/6.2.15/spring-aop-6.2.15.pom (2.2 kB at 50 kB/s)
Downloading from central: https://repo.maven.apache.org/maven2/org/springframework/spring-beans/6.2.15/spring-beans-6.2.15.pom
Progress (1): 1.1 kBProgress (1): 2.0 kB                    Downloaded from central: https://repo.maven.apache.org/maven2/org/springframework/spring-beans/6.2.15/spring-beans-6.2.15.pom (2.0 kB at 65 kB/s)
Downloading from central: https://repo.maven.apache.org/maven2/org/springframework/spring-expression/6.2.15/spring-expression-6.2.15.pom
Progress (1): 1.1 kBProgress (1): 2.1 kB                    Downloaded from central: https://repo.maven.apache.org/maven2/org/springframework/spring-expression/6.2.15/spring-expression-6.2.15.pom (2.1 kB at 58 kB/s)
Downloading from central: https://repo.maven.apache.org/maven2/io/micrometer/micrometer-observation/1.15.8/micrometer-observation-1.15.8.pom
Progress (1): 1.1 kBProgress (1): 3.4 kBProgress (1): 3.8 kB                    Downloaded from central: https://repo.maven.apache.org/maven2/io/micrometer/micrometer-observation/1.15.8/micrometer-observation-1.15.8.pom (3.8 kB at 120 kB/s)
Downloading from central: https://repo.maven.apache.org/maven2/io/micrometer/micrometer-commons/1.15.8/micrometer-commons-1.15.8.pom
Progress (1): 1.1 kBProgress (1): 3.1 kBProgress (1): 3.4 kB                    Downloaded from central: https://repo.maven.apache.org/maven2/io/micrometer/micrometer-commons/1.15.8/micrometer-commons-1.15.8.pom (3.4 kB at 97 kB/s)
Downloading from central: https://repo.maven.apache.org/maven2/org/springframework/boot/spring-boot-autoconfigure/3.5.10/spring-boot-autoconfigure-3.5.10.pom
Progress (1): 1.0 kBProgress (1): 2.1 kB                    Downloaded from central: https://repo.maven.apache.org/maven2/org/springframework/boot/spring-boot-autoconfigure/3.5.10/spring-boot-autoconfigure-3.5.10.pom (2.1 kB at 56 kB/s)
Downloading from central: https://repo.maven.apache.org/maven2/org/springframework/boot/spring-boot-starter-logging/3.5.10/spring-boot-starter-logging-3.5.10.pom
Progress (1): 984 BProgress (1): 2.5 kB                    Downloaded from central: https://repo.maven.apache.org/maven2/org/springframework/boot/spring-boot-starter-logging/3.5.10/spring-boot-starter-logging-3.5.10.pom (2.5 kB at 70 kB/s)
Downloading from central: https://repo.maven.apache.org/maven2/ch/qos/logback/logback-classic/1.5.25/logback-classic-1.5.25.pom
Progress (1): 1.7 kBProgress (1): 4.8 kBProgress (1): 8.1 kBProgress (1): 11 kB Progress (1): 13 kB                   Downloaded from central: https://repo.maven.apache.org/maven2/ch/qos/logback/logback-classic/1.5.25/logback-classic-1.5.25.pom (13 kB at 327 kB/s)
Downloading from central: https://repo.maven.apache.org/maven2/ch/qos/logback/logback-parent/1.5.25/logback-parent-1.5.25.pom
Progress (1): 1.1 kBProgress (1): 2.7 kBProgress (1): 5.0 kBProgress (1): 9.7 kBProgress (1): 14 kB Progress (1): 17 kBProgress (1): 19 kB                   Downloaded from central: https://repo.maven.apache.org/maven2/ch/qos/logback/logback-parent/1.5.25/logback-parent-1.5.25.pom (19 kB at 551 kB/s)
Downloading from central: https://repo.maven.apache.org/maven2/ch/qos/logback/logback-core/1.5.25/logback-core-1.5.25.pom
Progress (1): 1.5 kBProgress (1): 5.3 kBProgress (1): 8.3 kBProgress (1): 9.1 kB                    Downloaded from central: https://repo.maven.apache.org/maven2/ch/qos/logback/logback-core/1.5.25/logback-core-1.5.25.pom (9.1 kB at 259 kB/s)
Downloading from central: https://repo.maven.apache.org/maven2/org/slf4j/slf4j-api/2.0.17/slf4j-api-2.0.17.pom
Progress (1): 1.1 kBProgress (1): 2.8 kB                    Downloaded from central: https://repo.maven.apache.org/maven2/org/slf4j/slf4j-api/2.0.17/slf4j-api-2.0.17.pom (2.8 kB at 81 kB/s)
Downloading from central: https://repo.maven.apache.org/maven2/org/slf4j/slf4j-parent/2.0.17/slf4j-parent-2.0.17.pom
Progress (1): 953 BProgress (1): 3.2 kBProgress (1): 6.0 kBProgress (1): 8.2 kBProgress (1): 11 kB Progress (1): 13 kB                   Downloaded from central: https://repo.maven.apache.org/maven2/org/slf4j/slf4j-parent/2.0.17/slf4j-parent-2.0.17.pom (13 kB at 343 kB/s)
Downloading from central: https://repo.maven.apache.org/maven2/org/slf4j/slf4j-bom/2.0.17/slf4j-bom-2.0.17.pom
Progress (1): 997 BProgress (1): 4.7 kBProgress (1): 7.3 kBProgress (1): 7.3 kB                    Downloaded from central: https://repo.maven.apache.org/maven2/org/slf4j/slf4j-bom/2.0.17/slf4j-bom-2.0.17.pom (7.3 kB at 198 kB/s)
Downloading from central: https://repo.maven.apache.org/maven2/org/apache/logging/log4j/log4j-to-slf4j/2.24.3/log4j-to-slf4j-2.24.3.pom
Progress (1): 813 BProgress (1): 2.2 kBProgress (1): 5.0 kB                    Downloaded from central: https://repo.maven.apache.org/maven2/org/apache/logging/log4j/log4j-to-slf4j/2.24.3/log4j-to-slf4j-2.24.3.pom (5.0 kB at 148 kB/s)
Downloading from central: https://repo.maven.apache.org/maven2/org/apache/logging/log4j/log4j/2.24.3/log4j-2.24.3.pom
Progress (1): 728 BProgress (1): 2.1 kBProgress (1): 4.0 kBProgress (1): 6.1 kBProgress (1): 12 kB Progress (1): 18 kBProgress (1): 25 kBProgress (1): 28 kBProgress (1): 30 kBProgress (1): 32 kBProgress (1): 35 kB                   Downloaded from central: https://repo.maven.apache.org/maven2/org/apache/logging/log4j/log4j/2.24.3/log4j-2.24.3.pom (35 kB at 922 kB/s)
Downloading from central: https://repo.maven.apache.org/maven2/org/apache/groovy/groovy-bom/4.0.22/groovy-bom-4.0.22.pom
Progress (1): 863 BProgress (1): 3.6 kBProgress (1): 7.0 kBProgress (1): 11 kB Progress (1): 14 kBProgress (1): 18 kBProgress (1): 22 kBProgress (1): 27 kB                   Downloaded from central: https://repo.maven.apache.org/maven2/org/apache/groovy/groovy-bom/4.0.22/groovy-bom-4.0.22.pom (27 kB at 779 kB/s)
Downloading from central: https://repo.maven.apache.org/maven2/com/fasterxml/jackson/jackson-bom/2.17.2/jackson-bom-2.17.2.pom
Progress (1): 924 BProgress (1): 2.7 kBProgress (1): 8.1 kBProgress (1): 17 kB Progress (1): 19 kB                   Downloaded from central: https://repo.maven.apache.org/maven2/com/fasterxml/jackson/jackson-bom/2.17.2/jackson-bom-2.17.2.pom (19 kB at 534 kB/s)
Downloading from central: https://repo.maven.apache.org/maven2/com/fasterxml/jackson/jackson-parent/2.17/jackson-parent-2.17.pom
Progress (1): 1.1 kBProgress (1): 2.5 kBProgress (1): 4.0 kBProgress (1): 6.5 kB                    Downloaded from central: https://repo.maven.apache.org/maven2/com/fasterxml/jackson/jackson-parent/2.17/jackson-parent-2.17.pom (6.5 kB at 210 kB/s)
Downloading from central: https://repo.maven.apache.org/maven2/com/fasterxml/oss-parent/58/oss-parent-58.pom
Progress (1): 950 BProgress (1): 2.6 kBProgress (1): 4.0 kBProgress (1): 6.0 kBProgress (1): 9.7 kBProgress (1): 12 kB Progress (1): 15 kBProgress (1): 18 kBProgress (1): 21 kBProgress (1): 24 kB                   Downloaded from central: https://repo.maven.apache.org/maven2/com/fasterxml/oss-parent/58/oss-parent-58.pom (24 kB at 717 kB/s)
Downloading from central: https://repo.maven.apache.org/maven2/jakarta/platform/jakarta.jakartaee-bom/9.1.0/jakarta.jakartaee-bom-9.1.0.pom
Progress (1): 848 BProgress (1): 4.7 kBProgress (1): 9.6 kB                    Downloaded from central: https://repo.maven.apache.org/maven2/jakarta/platform/jakarta.jakartaee-bom/9.1.0/jakarta.jakartaee-bom-9.1.0.pom (9.6 kB at 289 kB/s)
Downloading from central: https://repo.maven.apache.org/maven2/jakarta/platform/jakartaee-api-parent/9.1.0/jakartaee-api-parent-9.1.0.pom
Progress (1): 823 BProgress (1): 3.1 kBProgress (1): 5.9 kBProgress (1): 11 kB Progress (1): 14 kBProgress (1): 15 kB                   Downloaded from central: https://repo.maven.apache.org/maven2/jakarta/platform/jakartaee-api-parent/9.1.0/jakartaee-api-parent-9.1.0.pom (15 kB at 479 kB/s)
Downloading from central: https://repo.maven.apache.org/maven2/org/eclipse/ee4j/project/1.0.7/project-1.0.7.pom
Progress (1): 837 BProgress (1): 2.5 kBProgress (1): 5.0 kBProgress (1): 8.0 kBProgress (1): 13 kB Progress (1): 14 kB                   Downloaded from central: https://repo.maven.apache.org/maven2/org/eclipse/ee4j/project/1.0.7/project-1.0.7.pom (14 kB at 457 kB/s)
Downloading from central: https://repo.maven.apache.org/maven2/org/junit/junit-bom/5.10.3/junit-bom-5.10.3.pom
Progress (1): 908 BProgress (1): 4.1 kBProgress (1): 5.6 kB                    Downloaded from central: https://repo.maven.apache.org/maven2/org/junit/junit-bom/5.10.3/junit-bom-5.10.3.pom (5.6 kB at 182 kB/s)
Downloading from central: https://repo.maven.apache.org/maven2/org/mockito/mockito-bom/4.11.0/mockito-bom-4.11.0.pom
Progress (1): 1.4 kBProgress (1): 3.2 kB                    Downloaded from central: https://repo.maven.apache.org/maven2/org/mockito/mockito-bom/4.11.0/mockito-bom-4.11.0.pom (3.2 kB at 93 kB/s)
Downloading from central: https://repo.maven.apache.org/maven2/org/springframework/spring-framework-bom/5.3.39/spring-framework-bom-5.3.39.pom
Progress (1): 974 BProgress (1): 5.7 kB                    Downloaded from central: https://repo.maven.apache.org/maven2/org/springframework/spring-framework-bom/5.3.39/spring-framework-bom-5.3.39.pom (5.7 kB at 166 kB/s)
Downloading from central: https://repo.maven.apache.org/maven2/org/apache/logging/log4j/log4j-api/2.24.3/log4j-api-2.24.3.pom
Progress (1): 817 BProgress (1): 2.1 kBProgress (1): 4.4 kB                    Downloaded from central: https://repo.maven.apache.org/maven2/org/apache/logging/log4j/log4j-api/2.24.3/log4j-api-2.24.3.pom (4.4 kB at 130 kB/s)
Downloading from central: https://repo.maven.apache.org/maven2/org/slf4j/jul-to-slf4j/2.0.17/jul-to-slf4j-2.0.17.pom
Progress (1): 1.1 kB                    Downloaded from central: https://repo.maven.apache.org/maven2/org/slf4j/jul-to-slf4j/2.0.17/jul-to-slf4j-2.0.17.pom (1.1 kB at 34 kB/s)
Downloading from central: https://repo.maven.apache.org/maven2/jakarta/annotation/jakarta.annotation-api/2.1.1/jakarta.annotation-api-2.1.1.pom
Progress (1): 828 BProgress (1): 2.8 kBProgress (1): 5.9 kBProgress (1): 9.9 kBProgress (1): 13 kB Progress (1): 16 kB                   Downloaded from central: https://repo.maven.apache.org/maven2/jakarta/annotation/jakarta.annotation-api/2.1.1/jakarta.annotation-api-2.1.1.pom (16 kB at 427 kB/s)
Downloading from central: https://repo.maven.apache.org/maven2/org/yaml/snakeyaml/2.4/snakeyaml-2.4.pom
Progress (1): 1.2 kBProgress (1): 2.9 kBProgress (1): 6.3 kBProgress (1): 11 kB Progress (1): 15 kBProgress (1): 19 kBProgress (1): 22 kB                   Downloaded from central: https://repo.maven.apache.org/maven2/org/yaml/snakeyaml/2.4/snakeyaml-2.4.pom (22 kB at 633 kB/s)
Downloading from central: https://repo.maven.apache.org/maven2/org/springframework/boot/spring-boot-starter-json/3.5.10/spring-boot-starter-json-3.5.10.pom
Progress (1): 965 BProgress (1): 3.1 kB                    Downloaded from central: https://repo.maven.apache.org/maven2/org/springframework/boot/spring-boot-starter-json/3.5.10/spring-boot-starter-json-3.5.10.pom (3.1 kB at 81 kB/s)
Downloading from central: https://repo.maven.apache.org/maven2/org/springframework/spring-web/6.2.15/spring-web-6.2.15.pom
Progress (1): 1.0 kBProgress (1): 2.4 kB                    Downloaded from central: https://repo.maven.apache.org/maven2/org/springframework/spring-web/6.2.15/spring-web-6.2.15.pom (2.4 kB at 47 kB/s)
Downloading from central: https://repo.maven.apache.org/maven2/com/fasterxml/jackson/core/jackson-databind/2.19.4/jackson-databind-2.19.4.pom
Progress (1): 973 BProgress (1): 2.4 kBProgress (1): 3.7 kBProgress (1): 6.4 kBProgress (1): 8.2 kBProgress (1): 10 kB Progress (1): 12 kBProgress (1): 17 kBProgress (1): 19 kBProgress (1): 21 kBProgress (1): 23 kB                   Downloaded from central: https://repo.maven.apache.org/maven2/com/fasterxml/jackson/core/jackson-databind/2.19.4/jackson-databind-2.19.4.pom (23 kB at 665 kB/s)
Downloading from central: https://repo.maven.apache.org/maven2/com/fasterxml/jackson/jackson-base/2.19.4/jackson-base-2.19.4.pom
Progress (1): 926 BProgress (1): 2.8 kBProgress (1): 4.6 kBProgress (1): 6.6 kBProgress (1): 8.4 kBProgress (1): 11 kB Progress (1): 12 kB                   Downloaded from central: https://repo.maven.apache.org/maven2/com/fasterxml/jackson/jackson-base/2.19.4/jackson-base-2.19.4.pom (12 kB at 314 kB/s)
Downloading from central: https://repo.maven.apache.org/maven2/org/junit/junit-bom/5.11.4/junit-bom-5.11.4.pom
Progress (1): 908 BProgress (1): 4.1 kBProgress (1): 5.6 kB                    Downloaded from central: https://repo.maven.apache.org/maven2/org/junit/junit-bom/5.11.4/junit-bom-5.11.4.pom (5.6 kB at 177 kB/s)
Downloading from central: https://repo.maven.apache.org/maven2/com/fasterxml/jackson/core/jackson-annotations/2.19.4/jackson-annotations-2.19.4.pom
Progress (1): 945 BProgress (1): 2.4 kBProgress (1): 3.8 kBProgress (1): 6.2 kBProgress (1): 6.9 kB                    Downloaded from central: https://repo.maven.apache.org/maven2/com/fasterxml/jackson/core/jackson-annotations/2.19.4/jackson-annotations-2.19.4.pom (6.9 kB at 203 kB/s)
Downloading from central: https://repo.maven.apache.org/maven2/com/fasterxml/jackson/core/jackson-core/2.19.4/jackson-core-2.19.4.pom
Progress (1): 957 BProgress (1): 3.6 kBProgress (1): 7.7 kBProgress (1): 9.4 kB                    Downloaded from central: https://repo.maven.apache.org/maven2/com/fasterxml/jackson/core/jackson-core/2.19.4/jackson-core-2.19.4.pom (9.4 kB at 254 kB/s)
Downloading from central: https://repo.maven.apache.org/maven2/com/fasterxml/jackson/datatype/jackson-datatype-jdk8/2.19.4/jackson-datatype-jdk8-2.19.4.pom
Progress (1): 1.0 kBProgress (1): 2.5 kBProgress (1): 2.8 kB                    Downloaded from central: https://repo.maven.apache.org/maven2/com/fasterxml/jackson/datatype/jackson-datatype-jdk8/2.19.4/jackson-datatype-jdk8-2.19.4.pom (2.8 kB at 79 kB/s)
Downloading from central: https://repo.maven.apache.org/maven2/com/fasterxml/jackson/module/jackson-modules-java8/2.19.4/jackson-modules-java8-2.19.4.pom
Progress (1): 1.4 kBProgress (1): 3.1 kB                    Downloaded from central: https://repo.maven.apache.org/maven2/com/fasterxml/jackson/module/jackson-modules-java8/2.19.4/jackson-modules-java8-2.19.4.pom (3.1 kB at 85 kB/s)
Downloading from central: https://repo.maven.apache.org/maven2/com/fasterxml/jackson/datatype/jackson-datatype-jsr310/2.19.4/jackson-datatype-jsr310-2.19.4.pom
Progress (1): 984 BProgress (1): 2.4 kBProgress (1): 4.7 kBProgress (1): 5.4 kB                    Downloaded from central: https://repo.maven.apache.org/maven2/com/fasterxml/jackson/datatype/jackson-datatype-jsr310/2.19.4/jackson-datatype-jsr310-2.19.4.pom (5.4 kB at 168 kB/s)
Downloading from central: https://repo.maven.apache.org/maven2/com/fasterxml/jackson/module/jackson-module-parameter-names/2.19.4/jackson-module-parameter-names-2.19.4.pom
Progress (1): 972 BProgress (1): 2.8 kBProgress (1): 4.4 kB                    Downloaded from central: https://repo.maven.apache.org/maven2/com/fasterxml/jackson/module/jackson-module-parameter-names/2.19.4/jackson-module-parameter-names-2.19.4.pom (4.4 kB at 125 kB/s)
Downloading from central: https://repo.maven.apache.org/maven2/org/springframework/boot/spring-boot-starter-tomcat/3.5.10/spring-boot-starter-tomcat-3.5.10.pom
Progress (1): 974 BProgress (1): 3.1 kB                    Downloaded from central: https://repo.maven.apache.org/maven2/org/springframework/boot/spring-boot-starter-tomcat/3.5.10/spring-boot-starter-tomcat-3.5.10.pom (3.1 kB at 89 kB/s)
Downloading from central: https://repo.maven.apache.org/maven2/org/apache/tomcat/embed/tomcat-embed-core/10.1.50/tomcat-embed-core-10.1.50.pom
Progress (1): 843 BProgress (1): 1.7 kB                    Downloaded from central: https://repo.maven.apache.org/maven2/org/apache/tomcat/embed/tomcat-embed-core/10.1.50/tomcat-embed-core-10.1.50.pom (1.7 kB at 47 kB/s)
Downloading from central: https://repo.maven.apache.org/maven2/org/apache/tomcat/embed/tomcat-embed-el/10.1.50/tomcat-embed-el-10.1.50.pom
Progress (1): 843 BProgress (1): 1.5 kB                    Downloaded from central: https://repo.maven.apache.org/maven2/org/apache/tomcat/embed/tomcat-embed-el/10.1.50/tomcat-embed-el-10.1.50.pom (1.5 kB at 44 kB/s)
Downloading from central: https://repo.maven.apache.org/maven2/org/apache/tomcat/embed/tomcat-embed-websocket/10.1.50/tomcat-embed-websocket-10.1.50.pom
Progress (1): 841 BProgress (1): 1.7 kB                    Downloaded from central: https://repo.maven.apache.org/maven2/org/apache/tomcat/embed/tomcat-embed-websocket/10.1.50/tomcat-embed-websocket-10.1.50.pom (1.7 kB at 54 kB/s)
Downloading from central: https://repo.maven.apache.org/maven2/org/springframework/spring-webmvc/6.2.15/spring-webmvc-6.2.15.pom
Progress (1): 1.0 kBProgress (1): 3.0 kB                    Downloaded from central: https://repo.maven.apache.org/maven2/org/springframework/spring-webmvc/6.2.15/spring-webmvc-6.2.15.pom (3.0 kB at 87 kB/s)
Downloading from central: https://repo.maven.apache.org/maven2/org/springframework/boot/spring-boot-starter-websocket/3.5.10/spring-boot-starter-websocket-3.5.10.pom
Progress (1): 964 BProgress (1): 2.5 kB                    Downloaded from central: https://repo.maven.apache.org/maven2/org/springframework/boot/spring-boot-starter-websocket/3.5.10/spring-boot-starter-websocket-3.5.10.pom (2.5 kB at 70 kB/s)
Downloading from central: https://repo.maven.apache.org/maven2/org/springframework/spring-messaging/6.2.15/spring-messaging-6.2.15.pom
Progress (1): 1.1 kBProgress (1): 2.2 kB                    Downloaded from central: https://repo.maven.apache.org/maven2/org/springframework/spring-messaging/6.2.15/spring-messaging-6.2.15.pom (2.2 kB at 74 kB/s)
Downloading from central: https://repo.maven.apache.org/maven2/org/springframework/spring-websocket/6.2.15/spring-websocket-6.2.15.pom
Progress (1): 1.1 kBProgress (1): 2.4 kB                    Downloaded from central: https://repo.maven.apache.org/maven2/org/springframework/spring-websocket/6.2.15/spring-websocket-6.2.15.pom (2.4 kB at 71 kB/s)
Downloading from central: https://repo.maven.apache.org/maven2/org/springframework/boot/spring-boot-starter-data-jpa/3.5.10/spring-boot-starter-data-jpa-3.5.10.pom
Progress (1): 976 BProgress (1): 2.9 kB                    Downloaded from central: https://repo.maven.apache.org/maven2/org/springframework/boot/spring-boot-starter-data-jpa/3.5.10/spring-boot-starter-data-jpa-3.5.10.pom (2.9 kB at 87 kB/s)
Downloading from central: https://repo.maven.apache.org/maven2/org/springframework/boot/spring-boot-starter-jdbc/3.5.10/spring-boot-starter-jdbc-3.5.10.pom
Progress (1): 966 BProgress (1): 2.5 kB                    Downloaded from central: https://repo.maven.apache.org/maven2/org/springframework/boot/spring-boot-starter-jdbc/3.5.10/spring-boot-starter-jdbc-3.5.10.pom (2.5 kB at 74 kB/s)
Downloading from central: https://repo.maven.apache.org/maven2/com/zaxxer/HikariCP/6.3.3/HikariCP-6.3.3.pom
Progress (1): 701 BProgress (1): 2.0 kBProgress (1): 3.7 kBProgress (1): 8.2 kBProgress (1): 13 kB Progress (1): 16 kBProgress (1): 19 kBProgress (1): 23 kBProgress (1): 26 kBProgress (1): 29 kB                   Downloaded from central: https://repo.maven.apache.org/maven2/com/zaxxer/HikariCP/6.3.3/HikariCP-6.3.3.pom (29 kB at 773 kB/s)
Downloading from central: https://repo.maven.apache.org/maven2/org/springframework/spring-jdbc/6.2.15/spring-jdbc-6.2.15.pom
Progress (1): 1.0 kBProgress (1): 2.4 kB                    Downloaded from central: https://repo.maven.apache.org/maven2/org/springframework/spring-jdbc/6.2.15/spring-jdbc-6.2.15.pom (2.4 kB at 50 kB/s)
Downloading from central: https://repo.maven.apache.org/maven2/org/springframework/spring-tx/6.2.15/spring-tx-6.2.15.pom
Progress (1): 1.1 kBProgress (1): 2.2 kB                    Downloaded from central: https://repo.maven.apache.org/maven2/org/springframework/spring-tx/6.2.15/spring-tx-6.2.15.pom (2.2 kB at 67 kB/s)
Downloading from central: https://repo.maven.apache.org/maven2/org/hibernate/orm/hibernate-core/6.6.41.Final/hibernate-core-6.6.41.Final.pom
Progress (1): 1.1 kBProgress (1): 5.5 kBProgress (1): 5.8 kB                    Downloaded from central: https://repo.maven.apache.org/maven2/org/hibernate/orm/hibernate-core/6.6.41.Final/hibernate-core-6.6.41.Final.pom (5.8 kB at 174 kB/s)
Downloading from central: https://repo.maven.apache.org/maven2/jakarta/persistence/jakarta.persistence-api/3.1.0/jakarta.persistence-api-3.1.0.pom
Progress (1): 862 BProgress (1): 3.0 kBProgress (1): 6.5 kBProgress (1): 10.0 kBProgress (1): 13 kB  Progress (1): 16 kB                   Downloaded from central: https://repo.maven.apache.org/maven2/jakarta/persistence/jakarta.persistence-api/3.1.0/jakarta.persistence-api-3.1.0.pom (16 kB at 420 kB/s)
Downloading from central: https://repo.maven.apache.org/maven2/jakarta/transaction/jakarta.transaction-api/2.0.1/jakarta.transaction-api-2.0.1.pom
Progress (1): 827 BProgress (1): 2.6 kBProgress (1): 4.6 kBProgress (1): 7.7 kBProgress (1): 11 kB Progress (1): 14 kB                   Downloaded from central: https://repo.maven.apache.org/maven2/jakarta/transaction/jakarta.transaction-api/2.0.1/jakarta.transaction-api-2.0.1.pom (14 kB at 390 kB/s)
Downloading from central: https://repo.maven.apache.org/maven2/org/eclipse/ee4j/project/1.0.6/project-1.0.6.pom
Progress (1): 839 BProgress (1): 2.5 kBProgress (1): 5.0 kBProgress (1): 7.7 kBProgress (1): 13 kB Progress (1): 13 kB                   Downloaded from central: https://repo.maven.apache.org/maven2/org/eclipse/ee4j/project/1.0.6/project-1.0.6.pom (13 kB at 404 kB/s)
Downloading from central: https://repo.maven.apache.org/maven2/org/jboss/logging/jboss-logging/3.6.1.Final/jboss-logging-3.6.1.Final.pom
Progress (1): 755 BProgress (1): 2.4 kBProgress (1): 5.5 kBProgress (1): 9.3 kBProgress (1): 17 kB Progress (1): 18 kB                   Downloaded from central: https://repo.maven.apache.org/maven2/org/jboss/logging/jboss-logging/3.6.1.Final/jboss-logging-3.6.1.Final.pom (18 kB at 539 kB/s)
Downloading from central: https://repo.maven.apache.org/maven2/org/jboss/logging/logging-parent/1.0.3.Final/logging-parent-1.0.3.Final.pom
Progress (1): 1.2 kBProgress (1): 3.6 kBProgress (1): 5.7 kB                    Downloaded from central: https://repo.maven.apache.org/maven2/org/jboss/logging/logging-parent/1.0.3.Final/logging-parent-1.0.3.Final.pom (5.7 kB at 172 kB/s)
Downloading from central: https://repo.maven.apache.org/maven2/org/jboss/jboss-parent/42/jboss-parent-42.pom
Progress (1): 701 BProgress (1): 2.1 kBProgress (1): 4.6 kBProgress (1): 7.0 kBProgress (1): 9.1 kBProgress (1): 13 kB Progress (1): 19 kBProgress (1): 27 kBProgress (1): 32 kBProgress (1): 35 kBProgress (1): 38 kBProgress (1): 44 kBProgress (1): 60 kBProgress (1): 76 kB                   Downloaded from central: https://repo.maven.apache.org/maven2/org/jboss/jboss-parent/42/jboss-parent-42.pom (76 kB at 2.1 MB/s)
Downloading from central: https://repo.maven.apache.org/maven2/org/junit/junit-bom/5.11.0/junit-bom-5.11.0.pom
Progress (1): 912 BProgress (1): 4.1 kBProgress (1): 5.6 kB                    Downloaded from central: https://repo.maven.apache.org/maven2/org/junit/junit-bom/5.11.0/junit-bom-5.11.0.pom (5.6 kB at 171 kB/s)
Downloading from central: https://repo.maven.apache.org/maven2/org/hibernate/common/hibernate-commons-annotations/7.0.3.Final/hibernate-commons-annotations-7.0.3.Final.pom
Progress (1): 1.0 kBProgress (1): 2.0 kB                    Downloaded from central: https://repo.maven.apache.org/maven2/org/hibernate/common/hibernate-commons-annotations/7.0.3.Final/hibernate-commons-annotations-7.0.3.Final.pom (2.0 kB at 62 kB/s)
Downloading from central: https://repo.maven.apache.org/maven2/io/smallrye/jandex/3.2.0/jandex-3.2.0.pom
Progress (1): 1.8 kBProgress (1): 4.3 kBProgress (1): 7.0 kB                    Downloaded from central: https://repo.maven.apache.org/maven2/io/smallrye/jandex/3.2.0/jandex-3.2.0.pom (7.0 kB at 211 kB/s)
Downloading from central: https://repo.maven.apache.org/maven2/io/smallrye/jandex-parent/3.2.0/jandex-parent-3.2.0.pom
Progress (1): 1.3 kBProgress (1): 4.7 kBProgress (1): 7.2 kB                    Downloaded from central: https://repo.maven.apache.org/maven2/io/smallrye/jandex-parent/3.2.0/jandex-parent-3.2.0.pom (7.2 kB at 206 kB/s)
Downloading from central: https://repo.maven.apache.org/maven2/io/smallrye/smallrye-build-parent/42/smallrye-build-parent-42.pom
Progress (1): 1.1 kBProgress (1): 3.1 kBProgress (1): 5.8 kBProgress (1): 9.8 kBProgress (1): 12 kB Progress (1): 16 kBProgress (1): 22 kBProgress (1): 39 kB                   Downloaded from central: https://repo.maven.apache.org/maven2/io/smallrye/smallrye-build-parent/42/smallrye-build-parent-42.pom (39 kB at 1.1 MB/s)
Downloading from central: https://repo.maven.apache.org/maven2/com/fasterxml/classmate/1.7.3/classmate-1.7.3.pom
Progress (1): 1.2 kBProgress (1): 3.1 kBProgress (1): 5.3 kBProgress (1): 6.5 kB                    Downloaded from central: https://repo.maven.apache.org/maven2/com/fasterxml/classmate/1.7.3/classmate-1.7.3.pom (6.5 kB at 191 kB/s)
Downloading from central: https://repo.maven.apache.org/maven2/com/fasterxml/oss-parent/74/oss-parent-74.pom
Progress (1): 948 BProgress (1): 2.9 kBProgress (1): 4.1 kBProgress (1): 6.0 kBProgress (1): 10 kB Progress (1): 12 kBProgress (1): 15 kBProgress (1): 18 kBProgress (1): 21 kBProgress (1): 24 kB                   Downloaded from central: https://repo.maven.apache.org/maven2/com/fasterxml/oss-parent/74/oss-parent-74.pom (24 kB at 707 kB/s)
Downloading from central: https://repo.maven.apache.org/maven2/net/bytebuddy/byte-buddy/1.17.8/byte-buddy-1.17.8.pom
Progress (1): 941 BProgress (1): 3.6 kBProgress (1): 6.7 kBProgress (1): 15 kB Progress (1): 19 kBProgress (1): 19 kB                   Downloaded from central: https://repo.maven.apache.org/maven2/net/bytebuddy/byte-buddy/1.17.8/byte-buddy-1.17.8.pom (19 kB at 570 kB/s)
Downloading from central: https://repo.maven.apache.org/maven2/net/bytebuddy/byte-buddy-parent/1.17.8/byte-buddy-parent-1.17.8.pom
Progress (1): 843 BProgress (1): 2.1 kBProgress (1): 3.6 kBProgress (1): 6.3 kBProgress (1): 8.1 kBProgress (1): 10 kB Progress (1): 13 kBProgress (1): 17 kBProgress (1): 21 kBProgress (1): 25 kBProgress (1): 34 kBProgress (1): 49 kBProgress (1): 54 kBProgress (1): 59 kBProgress (1): 64 kBProgress (1): 65 kBProgress (1): 66 kB                   Downloaded from central: https://repo.maven.apache.org/maven2/net/bytebuddy/byte-buddy-parent/1.17.8/byte-buddy-parent-1.17.8.pom (66 kB at 1.9 MB/s)
Downloading from central: https://repo.maven.apache.org/maven2/jakarta/xml/bind/jakarta.xml.bind-api/4.0.4/jakarta.xml.bind-api-4.0.4.pom
Progress (1): 845 BProgress (1): 3.2 kBProgress (1): 6.0 kBProgress (1): 9.8 kBProgress (1): 13 kB Progress (1): 13 kB                   Downloaded from central: https://repo.maven.apache.org/maven2/jakarta/xml/bind/jakarta.xml.bind-api/4.0.4/jakarta.xml.bind-api-4.0.4.pom (13 kB at 363 kB/s)
Downloading from central: https://repo.maven.apache.org/maven2/jakarta/xml/bind/jakarta.xml.bind-api-parent/4.0.4/jakarta.xml.bind-api-parent-4.0.4.pom
Progress (1): 912 BProgress (1): 2.8 kBProgress (1): 6.6 kBProgress (1): 9.1 kB                    Downloaded from central: https://repo.maven.apache.org/maven2/jakarta/xml/bind/jakarta.xml.bind-api-parent/4.0.4/jakarta.xml.bind-api-parent-4.0.4.pom (9.1 kB at 247 kB/s)
Downloading from central: https://repo.maven.apache.org/maven2/jakarta/activation/jakarta.activation-api/2.1.4/jakarta.activation-api-2.1.4.pom
Progress (1): 857 BProgress (1): 2.6 kBProgress (1): 5.3 kBProgress (1): 9.4 kBProgress (1): 12 kB Progress (1): 17 kBProgress (1): 19 kB                   Downloaded from central: https://repo.maven.apache.org/maven2/jakarta/activation/jakarta.activation-api/2.1.4/jakarta.activation-api-2.1.4.pom (19 kB at 579 kB/s)
Downloading from central: https://repo.maven.apache.org/maven2/org/glassfish/jaxb/jaxb-runtime/4.0.6/jaxb-runtime-4.0.6.pom
Progress (1): 806 BProgress (1): 3.1 kBProgress (1): 6.9 kBProgress (1): 10 kB Progress (1): 11 kB                   Downloaded from central: https://repo.maven.apache.org/maven2/org/glassfish/jaxb/jaxb-runtime/4.0.6/jaxb-runtime-4.0.6.pom (11 kB at 271 kB/s)
Downloading from central: https://repo.maven.apache.org/maven2/com/sun/xml/bind/mvn/jaxb-runtime-parent/4.0.6/jaxb-runtime-parent-4.0.6.pom
Progress (1): 932 BProgress (1): 1.2 kB                    Downloaded from central: https://repo.maven.apache.org/maven2/com/sun/xml/bind/mvn/jaxb-runtime-parent/4.0.6/jaxb-runtime-parent-4.0.6.pom (1.2 kB at 34 kB/s)
Downloading from central: https://repo.maven.apache.org/maven2/com/sun/xml/bind/mvn/jaxb-parent/4.0.6/jaxb-parent-4.0.6.pom
Progress (1): 781 BProgress (1): 2.7 kBProgress (1): 4.4 kBProgress (1): 6.6 kBProgress (1): 12 kB Progress (1): 17 kBProgress (1): 21 kBProgress (1): 28 kBProgress (1): 33 kBProgress (1): 35 kB                   Downloaded from central: https://repo.maven.apache.org/maven2/com/sun/xml/bind/mvn/jaxb-parent/4.0.6/jaxb-parent-4.0.6.pom (35 kB at 1.0 MB/s)
Downloading from central: https://repo.maven.apache.org/maven2/com/sun/xml/bind/jaxb-bom-ext/4.0.6/jaxb-bom-ext-4.0.6.pom
Progress (1): 863 BProgress (1): 3.5 kB                    Downloaded from central: https://repo.maven.apache.org/maven2/com/sun/xml/bind/jaxb-bom-ext/4.0.6/jaxb-bom-ext-4.0.6.pom (3.5 kB at 102 kB/s)
Downloading from central: https://repo.maven.apache.org/maven2/org/glassfish/jaxb/jaxb-core/4.0.6/jaxb-core-4.0.6.pom
Progress (1): 898 BProgress (1): 3.1 kBProgress (1): 3.7 kB                    Downloaded from central: https://repo.maven.apache.org/maven2/org/glassfish/jaxb/jaxb-core/4.0.6/jaxb-core-4.0.6.pom (3.7 kB at 113 kB/s)
Downloading from central: https://repo.maven.apache.org/maven2/org/eclipse/angus/angus-activation/2.0.3/angus-activation-2.0.3.pom
Progress (1): 930 BProgress (1): 3.4 kBProgress (1): 4.0 kB                    Downloaded from central: https://repo.maven.apache.org/maven2/org/eclipse/angus/angus-activation/2.0.3/angus-activation-2.0.3.pom (4.0 kB at 117 kB/s)
Downloading from central: https://repo.maven.apache.org/maven2/org/eclipse/angus/angus-activation-project/2.0.3/angus-activation-project-2.0.3.pom
Progress (1): 873 BProgress (1): 2.6 kBProgress (1): 5.6 kBProgress (1): 10 kB Progress (1): 14 kBProgress (1): 18 kBProgress (1): 20 kBProgress (1): 21 kB                   Downloaded from central: https://repo.maven.apache.org/maven2/org/eclipse/angus/angus-activation-project/2.0.3/angus-activation-project-2.0.3.pom (21 kB at 614 kB/s)
Downloading from central: https://repo.maven.apache.org/maven2/org/glassfish/jaxb/txw2/4.0.6/txw2-4.0.6.pom
Progress (1): 931 BProgress (1): 1.8 kB                    Downloaded from central: https://repo.maven.apache.org/maven2/org/glassfish/jaxb/txw2/4.0.6/txw2-4.0.6.pom (1.8 kB at 54 kB/s)
Downloading from central: https://repo.maven.apache.org/maven2/com/sun/xml/bind/mvn/jaxb-txw-parent/4.0.6/jaxb-txw-parent-4.0.6.pom
Progress (1): 930 BProgress (1): 1.2 kB                    Downloaded from central: https://repo.maven.apache.org/maven2/com/sun/xml/bind/mvn/jaxb-txw-parent/4.0.6/jaxb-txw-parent-4.0.6.pom (1.2 kB at 36 kB/s)
Downloading from central: https://repo.maven.apache.org/maven2/com/sun/istack/istack-commons-runtime/4.1.2/istack-commons-runtime-4.1.2.pom
Progress (1): 933 BProgress (1): 1.6 kB                    Downloaded from central: https://repo.maven.apache.org/maven2/com/sun/istack/istack-commons-runtime/4.1.2/istack-commons-runtime-4.1.2.pom (1.6 kB at 49 kB/s)
Downloading from central: https://repo.maven.apache.org/maven2/com/sun/istack/istack-commons/4.1.2/istack-commons-4.1.2.pom
Progress (1): 794 BProgress (1): 2.6 kBProgress (1): 4.8 kBProgress (1): 12 kB Progress (1): 17 kBProgress (1): 21 kBProgress (1): 26 kBProgress (1): 26 kB                   Downloaded from central: https://repo.maven.apache.org/maven2/com/sun/istack/istack-commons/4.1.2/istack-commons-4.1.2.pom (26 kB at 797 kB/s)
Downloading from central: https://repo.maven.apache.org/maven2/jakarta/inject/jakarta.inject-api/2.0.1/jakarta.inject-api-2.0.1.pom
Progress (1): 1.2 kBProgress (1): 3.4 kBProgress (1): 5.4 kBProgress (1): 5.9 kB                    Downloaded from central: https://repo.maven.apache.org/maven2/jakarta/inject/jakarta.inject-api/2.0.1/jakarta.inject-api-2.0.1.pom (5.9 kB at 169 kB/s)
Downloading from central: https://repo.maven.apache.org/maven2/org/antlr/antlr4-runtime/4.13.0/antlr4-runtime-4.13.0.pom
Progress (1): 901 BProgress (1): 3.0 kBProgress (1): 3.6 kB                    Downloaded from central: https://repo.maven.apache.org/maven2/org/antlr/antlr4-runtime/4.13.0/antlr4-runtime-4.13.0.pom (3.6 kB at 87 kB/s)
Downloading from central: https://repo.maven.apache.org/maven2/org/antlr/antlr4-master/4.13.0/antlr4-master-4.13.0.pom
Progress (1): 964 BProgress (1): 2.9 kBProgress (1): 4.8 kB                    Downloaded from central: https://repo.maven.apache.org/maven2/org/antlr/antlr4-master/4.13.0/antlr4-master-4.13.0.pom (4.8 kB at 134 kB/s)
Downloading from central: https://repo.maven.apache.org/maven2/org/sonatype/oss/oss-parent/9/oss-parent-9.pom
Progress (1): 857 BProgress (1): 2.8 kBProgress (1): 6.2 kBProgress (1): 6.6 kB                    Downloaded from central: https://repo.maven.apache.org/maven2/org/sonatype/oss/oss-parent/9/oss-parent-9.pom (6.6 kB at 219 kB/s)
Downloading from central: https://repo.maven.apache.org/maven2/org/springframework/data/spring-data-jpa/3.5.8/spring-data-jpa-3.5.8.pom
Progress (1): 1.4 kBProgress (1): 5.1 kBProgress (1): 8.3 kBProgress (1): 11 kB Progress (1): 12 kB                   Downloaded from central: https://repo.maven.apache.org/maven2/org/springframework/data/spring-data-jpa/3.5.8/spring-data-jpa-3.5.8.pom (12 kB at 403 kB/s)
Downloading from central: https://repo.maven.apache.org/maven2/org/springframework/data/spring-data-jpa-parent/3.5.8/spring-data-jpa-parent-3.5.8.pom
Progress (1): 1.2 kBProgress (1): 3.8 kBProgress (1): 5.2 kB                    Downloaded from central: https://repo.maven.apache.org/maven2/org/springframework/data/spring-data-jpa-parent/3.5.8/spring-data-jpa-parent-3.5.8.pom (5.2 kB at 153 kB/s)
Downloading from central: https://repo.maven.apache.org/maven2/org/springframework/data/build/spring-data-parent/3.5.8/spring-data-parent-3.5.8.pom
Progress (1): 733 BProgress (1): 2.3 kBProgress (1): 3.4 kBProgress (1): 4.6 kBProgress (1): 6.2 kBProgress (1): 8.1 kBProgress (1): 11 kB Progress (1): 15 kBProgress (1): 18 kBProgress (1): 21 kBProgress (1): 28 kBProgress (1): 32 kBProgress (1): 36 kBProgress (1): 40 kBProgress (1): 43 kB                   Downloaded from central: https://repo.maven.apache.org/maven2/org/springframework/data/build/spring-data-parent/3.5.8/spring-data-parent-3.5.8.pom (43 kB at 1.3 MB/s)
Downloading from central: https://repo.maven.apache.org/maven2/org/springframework/data/build/spring-data-build/3.5.8/spring-data-build-3.5.8.pom
Progress (1): 959 BProgress (1): 2.5 kBProgress (1): 4.7 kBProgress (1): 7.2 kB                    Downloaded from central: https://repo.maven.apache.org/maven2/org/springframework/data/build/spring-data-build/3.5.8/spring-data-build-3.5.8.pom (7.2 kB at 217 kB/s)
Downloading from central: https://repo.maven.apache.org/maven2/org/testcontainers/testcontainers-bom/1.20.6/testcontainers-bom-1.20.6.pom
Progress (1): 1.2 kBProgress (1): 12 kB                    Downloaded from central: https://repo.maven.apache.org/maven2/org/testcontainers/testcontainers-bom/1.20.6/testcontainers-bom-1.20.6.pom (12 kB at 372 kB/s)
Downloading from central: https://repo.maven.apache.org/maven2/org/jetbrains/kotlinx/kotlinx-coroutines-bom/1.9.0/kotlinx-coroutines-bom-1.9.0.pom
Progress (1): 1.2 kBProgress (1): 4.3 kB                    Downloaded from central: https://repo.maven.apache.org/maven2/org/jetbrains/kotlinx/kotlinx-coroutines-bom/1.9.0/kotlinx-coroutines-bom-1.9.0.pom (4.3 kB at 79 kB/s)
Downloading from central: https://repo.maven.apache.org/maven2/org/springframework/data/spring-data-commons/3.5.8/spring-data-commons-3.5.8.pom
Progress (1): 1.2 kBProgress (1): 5.4 kBProgress (1): 9.4 kBProgress (1): 10 kB                    Downloaded from central: https://repo.maven.apache.org/maven2/org/springframework/data/spring-data-commons/3.5.8/spring-data-commons-3.5.8.pom (10 kB at 306 kB/s)
Downloading from central: https://repo.maven.apache.org/maven2/org/springframework/spring-orm/6.2.15/spring-orm-6.2.15.pom
Progress (1): 1.1 kBProgress (1): 2.6 kB                    Downloaded from central: https://repo.maven.apache.org/maven2/org/springframework/spring-orm/6.2.15/spring-orm-6.2.15.pom (2.6 kB at 79 kB/s)
Downloading from central: https://repo.maven.apache.org/maven2/org/springframework/spring-aspects/6.2.15/spring-aspects-6.2.15.pom
Progress (1): 1.1 kBProgress (1): 2.0 kB                    Downloaded from central: https://repo.maven.apache.org/maven2/org/springframework/spring-aspects/6.2.15/spring-aspects-6.2.15.pom (2.0 kB at 64 kB/s)
Downloading from central: https://repo.maven.apache.org/maven2/org/aspectj/aspectjweaver/1.9.25.1/aspectjweaver-1.9.25.1.pom
Progress (1): 1.0 kBProgress (1): 1.7 kB                    Downloaded from central: https://repo.maven.apache.org/maven2/org/aspectj/aspectjweaver/1.9.25.1/aspectjweaver-1.9.25.1.pom (1.7 kB at 45 kB/s)
Downloading from central: https://repo.maven.apache.org/maven2/org/springframework/boot/spring-boot-starter-data-mongodb/3.5.10/spring-boot-starter-data-mongodb-3.5.10.pom
Progress (1): 976 BProgress (1): 2.5 kB                    Downloaded from central: https://repo.maven.apache.org/maven2/org/springframework/boot/spring-boot-starter-data-mongodb/3.5.10/spring-boot-starter-data-mongodb-3.5.10.pom (2.5 kB at 76 kB/s)
Downloading from central: https://repo.maven.apache.org/maven2/org/springframework/data/spring-data-mongodb/4.5.8/spring-data-mongodb-4.5.8.pom
Progress (1): 1.0 kBProgress (1): 4.7 kBProgress (1): 9.0 kBProgress (1): 11 kB Progress (1): 12 kB                   Downloaded from central: https://repo.maven.apache.org/maven2/org/springframework/data/spring-data-mongodb/4.5.8/spring-data-mongodb-4.5.8.pom (12 kB at 336 kB/s)
Downloading from central: https://repo.maven.apache.org/maven2/org/springframework/data/spring-data-mongodb-parent/4.5.8/spring-data-mongodb-parent-4.5.8.pom
Progress (1): 1.2 kBProgress (1): 4.2 kBProgress (1): 4.3 kB                    Downloaded from central: https://repo.maven.apache.org/maven2/org/springframework/data/spring-data-mongodb-parent/4.5.8/spring-data-mongodb-parent-4.5.8.pom (4.3 kB at 123 kB/s)
Downloading from central: https://repo.maven.apache.org/maven2/org/mongodb/mongodb-driver-sync/4.11.1/mongodb-driver-sync-4.11.1.pom
Progress (1): 1.2 kBProgress (1): 1.7 kB                    Downloaded from central: https://repo.maven.apache.org/maven2/org/mongodb/mongodb-driver-sync/4.11.1/mongodb-driver-sync-4.11.1.pom (1.7 kB at 51 kB/s)
Downloading from central: https://repo.maven.apache.org/maven2/org/mongodb/bson/5.5.2/bson-5.5.2.pom
Progress (1): 1.2 kBProgress (1): 1.3 kB                    Downloaded from central: https://repo.maven.apache.org/maven2/org/mongodb/bson/5.5.2/bson-5.5.2.pom (1.3 kB at 36 kB/s)
Downloading from central: https://repo.maven.apache.org/maven2/org/mongodb/mongodb-driver-core/5.5.2/mongodb-driver-core-5.5.2.pom
Progress (1): 1.2 kBProgress (1): 4.7 kB                    Downloaded from central: https://repo.maven.apache.org/maven2/org/mongodb/mongodb-driver-core/5.5.2/mongodb-driver-core-5.5.2.pom (4.7 kB at 131 kB/s)
Downloading from central: https://repo.maven.apache.org/maven2/io/netty/netty-bom/4.1.87.Final/netty-bom-4.1.87.Final.pom
Progress (1): 787 BProgress (1): 2.4 kBProgress (1): 12 kB Progress (1): 13 kB                   Downloaded from central: https://repo.maven.apache.org/maven2/io/netty/netty-bom/4.1.87.Final/netty-bom-4.1.87.Final.pom (13 kB at 402 kB/s)
Downloading from central: https://repo.maven.apache.org/maven2/org/mongodb/bson-record-codec/5.5.2/bson-record-codec-5.5.2.pom
Progress (1): 1.3 kBProgress (1): 1.5 kB                    Downloaded from central: https://repo.maven.apache.org/maven2/org/mongodb/bson-record-codec/5.5.2/bson-record-codec-5.5.2.pom (1.5 kB at 42 kB/s)
Downloading from central: https://repo.maven.apache.org/maven2/org/mongodb/mongodb-driver-core/4.11.1/mongodb-driver-core-4.11.1.pom
Progress (1): 1.1 kBProgress (1): 4.7 kB                    Downloaded from central: https://repo.maven.apache.org/maven2/org/mongodb/mongodb-driver-core/4.11.1/mongodb-driver-core-4.11.1.pom (4.7 kB at 147 kB/s)
Downloading from central: https://repo.maven.apache.org/maven2/de/flapdoodle/embed/de.flapdoodle.embed.mongo/4.9.2/de.flapdoodle.embed.mongo-4.9.2.pom
Progress (1): 993 BProgress (1): 3.1 kBProgress (1): 7.2 kBProgress (1): 9.0 kBProgress (1): 12 kB Progress (1): 16 kBProgress (1): 20 kB                   Downloaded from central: https://repo.maven.apache.org/maven2/de/flapdoodle/embed/de.flapdoodle.embed.mongo/4.9.2/de.flapdoodle.embed.mongo-4.9.2.pom (20 kB at 524 kB/s)
Downloading from central: https://repo.maven.apache.org/maven2/de/flapdoodle/embed/de.flapdoodle.embed.process/4.8.1/de.flapdoodle.embed.process-4.8.1.pom
Progress (1): 1.0 kBProgress (1): 3.1 kBProgress (1): 6.7 kBProgress (1): 9.1 kBProgress (1): 13 kB Progress (1): 16 kBProgress (1): 20 kBProgress (1): 23 kB                   Downloaded from central: https://repo.maven.apache.org/maven2/de/flapdoodle/embed/de.flapdoodle.embed.process/4.8.1/de.flapdoodle.embed.process-4.8.1.pom (23 kB at 579 kB/s)
Downloading from central: https://repo.maven.apache.org/maven2/de/flapdoodle/reverse/de.flapdoodle.reverse/1.6.0/de.flapdoodle.reverse-1.6.0.pom
Progress (1): 1.0 kBProgress (1): 3.1 kBProgress (1): 6.6 kBProgress (1): 9.9 kBProgress (1): 14 kB Progress (1): 18 kBProgress (1): 20 kB                   Downloaded from central: https://repo.maven.apache.org/maven2/de/flapdoodle/reverse/de.flapdoodle.reverse/1.6.0/de.flapdoodle.reverse-1.6.0.pom (20 kB at 551 kB/s)
Downloading from central: https://repo.maven.apache.org/maven2/de/flapdoodle/graph/de.flapdoodle.graph/1.3.3/de.flapdoodle.graph-1.3.3.pom
Progress (1): 1.0 kBProgress (1): 3.2 kBProgress (1): 6.6 kBProgress (1): 9.9 kBProgress (1): 14 kB Progress (1): 17 kBProgress (1): 19 kB                   Downloaded from central: https://repo.maven.apache.org/maven2/de/flapdoodle/graph/de.flapdoodle.graph/1.3.3/de.flapdoodle.graph-1.3.3.pom (19 kB at 536 kB/s)
Downloading from central: https://repo.maven.apache.org/maven2/org/jgrapht/jgrapht-core/1.4.0/jgrapht-core-1.4.0.pom
Progress (1): 1.1 kBProgress (1): 3.5 kBProgress (1): 3.6 kB                    Downloaded from central: https://repo.maven.apache.org/maven2/org/jgrapht/jgrapht-core/1.4.0/jgrapht-core-1.4.0.pom (3.6 kB at 96 kB/s)
Downloading from central: https://repo.maven.apache.org/maven2/org/jgrapht/jgrapht/1.4.0/jgrapht-1.4.0.pom
Progress (1): 943 BProgress (1): 3.9 kBProgress (1): 6.8 kBProgress (1): 8.7 kBProgress (1): 10 kB                    Downloaded from central: https://repo.maven.apache.org/maven2/org/jgrapht/jgrapht/1.4.0/jgrapht-1.4.0.pom (10 kB at 296 kB/s)
Downloading from central: https://repo.maven.apache.org/maven2/org/jheaps/jheaps/0.11/jheaps-0.11.pom
Progress (1): 975 BProgress (1): 3.0 kBProgress (1): 5.8 kBProgress (1): 9.2 kBProgress (1): 10 kB                    Downloaded from central: https://repo.maven.apache.org/maven2/org/jheaps/jheaps/0.11/jheaps-0.11.pom (10 kB at 284 kB/s)
Downloading from central: https://repo.maven.apache.org/maven2/de/flapdoodle/java8/de.flapdoodle.java8/1.3.3/de.flapdoodle.java8-1.3.3.pom
Progress (1): 1.1 kBProgress (1): 3.2 kBProgress (1): 6.7 kBProgress (1): 10 kB Progress (1): 14 kBProgress (1): 18 kBProgress (1): 21 kB                   Downloaded from central: https://repo.maven.apache.org/maven2/de/flapdoodle/java8/de.flapdoodle.java8/1.3.3/de.flapdoodle.java8-1.3.3.pom (21 kB at 554 kB/s)
Downloading from central: https://repo.maven.apache.org/maven2/org/apache/commons/commons-lang3/3.17.0/commons-lang3-3.17.0.pom
Progress (1): 742 BProgress (1): 1.8 kBProgress (1): 4.1 kBProgress (1): 5.8 kBProgress (1): 7.6 kBProgress (1): 10.0 kBProgress (1): 13 kB  Progress (1): 17 kBProgress (1): 20 kBProgress (1): 22 kBProgress (1): 26 kBProgress (1): 29 kBProgress (1): 31 kB                   Downloaded from central: https://repo.maven.apache.org/maven2/org/apache/commons/commons-lang3/3.17.0/commons-lang3-3.17.0.pom (31 kB at 977 kB/s)
Downloading from central: https://repo.maven.apache.org/maven2/org/apache/commons/commons-parent/73/commons-parent-73.pom
Progress (1): 705 BProgress (1): 1.9 kBProgress (1): 3.2 kBProgress (1): 4.6 kBProgress (1): 6.8 kBProgress (1): 8.4 kBProgress (1): 11 kB Progress (1): 13 kBProgress (1): 15 kBProgress (1): 17 kBProgress (1): 20 kBProgress (1): 22 kBProgress (1): 25 kBProgress (1): 28 kBProgress (1): 32 kBProgress (1): 32 kBProgress (1): 36 kBProgress (1): 40 kBProgress (1): 44 kBProgress (1): 46 kBProgress (1): 49 kBProgress (1): 51 kBProgress (1): 55 kBProgress (1): 57 kBProgress (1): 60 kBProgress (1): 63 kBProgress (1): 68 kBProgress (1): 70 kBProgress (1): 73 kBProgress (1): 75 kBProgress (1): 78 kB                   Downloaded from central: https://repo.maven.apache.org/maven2/org/apache/commons/commons-parent/73/commons-parent-73.pom (78 kB at 2.1 MB/s)
Downloading from central: https://repo.maven.apache.org/maven2/org/apache/commons/commons-compress/1.23.0/commons-compress-1.23.0.pom
Progress (1): 753 BProgress (1): 1.9 kBProgress (1): 3.5 kBProgress (1): 6.1 kBProgress (1): 9.3 kBProgress (1): 11 kB Progress (1): 14 kBProgress (1): 17 kBProgress (1): 22 kBProgress (1): 22 kB                   Downloaded from central: https://repo.maven.apache.org/maven2/org/apache/commons/commons-compress/1.23.0/commons-compress-1.23.0.pom (22 kB at 643 kB/s)
Downloading from central: https://repo.maven.apache.org/maven2/org/apache/commons/commons-parent/56/commons-parent-56.pom
Progress (1): 707 BProgress (1): 1.9 kBProgress (1): 3.1 kBProgress (1): 4.6 kBProgress (1): 6.5 kBProgress (1): 8.3 kBProgress (1): 11 kB Progress (1): 12 kBProgress (1): 15 kBProgress (1): 17 kBProgress (1): 19 kBProgress (1): 23 kBProgress (1): 25 kBProgress (1): 29 kBProgress (1): 32 kBProgress (1): 33 kBProgress (1): 36 kBProgress (1): 41 kBProgress (1): 43 kBProgress (1): 47 kBProgress (1): 49 kBProgress (1): 52 kBProgress (1): 54 kBProgress (1): 58 kBProgress (1): 60 kBProgress (1): 63 kBProgress (1): 67 kBProgress (1): 71 kBProgress (1): 76 kBProgress (1): 80 kBProgress (1): 82 kB                   Downloaded from central: https://repo.maven.apache.org/maven2/org/apache/commons/commons-parent/56/commons-parent-56.pom (82 kB at 2.2 MB/s)
Downloading from central: https://repo.maven.apache.org/maven2/org/junit/junit-bom/5.9.1/junit-bom-5.9.1.pom
Progress (1): 907 BProgress (1): 4.1 kBProgress (1): 5.6 kB                    Downloaded from central: https://repo.maven.apache.org/maven2/org/junit/junit-bom/5.9.1/junit-bom-5.9.1.pom (5.6 kB at 171 kB/s)
Downloading from central: https://repo.maven.apache.org/maven2/net/java/dev/jna/jna/5.13.0/jna-5.13.0.pom
Progress (1): 1.4 kBProgress (1): 2.0 kB                    Downloaded from central: https://repo.maven.apache.org/maven2/net/java/dev/jna/jna/5.13.0/jna-5.13.0.pom (2.0 kB at 63 kB/s)
Downloading from central: https://repo.maven.apache.org/maven2/net/java/dev/jna/jna-platform/5.13.0/jna-platform-5.13.0.pom
Progress (1): 1.4 kBProgress (1): 2.3 kB                    Downloaded from central: https://repo.maven.apache.org/maven2/net/java/dev/jna/jna-platform/5.13.0/jna-platform-5.13.0.pom (2.3 kB at 73 kB/s)
Downloading from central: https://repo.maven.apache.org/maven2/de/flapdoodle/de.flapdoodle.os-api/1.4.1/de.flapdoodle.os-api-1.4.1.pom
Progress (1): 1.1 kBProgress (1): 3.6 kBProgress (1): 7.0 kBProgress (1): 11 kB Progress (1): 15 kBProgress (1): 19 kB                   Downloaded from central: https://repo.maven.apache.org/maven2/de/flapdoodle/de.flapdoodle.os-api/1.4.1/de.flapdoodle.os-api-1.4.1.pom (19 kB at 547 kB/s)
Downloading from central: https://repo.maven.apache.org/maven2/de/flapdoodle/embed/de.flapdoodle.embed.mongo.packageresolver/4.9.1/de.flapdoodle.embed.mongo.packageresolver-4.9.1.pom
Progress (1): 991 BProgress (1): 3.1 kBProgress (1): 7.3 kBProgress (1): 9.8 kBProgress (1): 14 kB Progress (1): 18 kBProgress (1): 19 kB                   Downloaded from central: https://repo.maven.apache.org/maven2/de/flapdoodle/embed/de.flapdoodle.embed.mongo.packageresolver/4.9.1/de.flapdoodle.embed.mongo.packageresolver-4.9.1.pom (19 kB at 495 kB/s)
Downloading from central: https://repo.maven.apache.org/maven2/de/flapdoodle/de.flapdoodle.os/1.5.0/de.flapdoodle.os-1.5.0.pom
Progress (1): 1.1 kBProgress (1): 3.6 kBProgress (1): 6.9 kBProgress (1): 11 kB Progress (1): 15 kBProgress (1): 19 kBProgress (1): 19 kB                   Downloaded from central: https://repo.maven.apache.org/maven2/de/flapdoodle/de.flapdoodle.os/1.5.0/de.flapdoodle.os-1.5.0.pom (19 kB at 394 kB/s)
Downloading from central: https://repo.maven.apache.org/maven2/de/flapdoodle/embed/de.flapdoodle.embed.mongo.spring30x/4.9.2/de.flapdoodle.embed.mongo.spring30x-4.9.2.pom
Progress (1): 985 BProgress (1): 3.1 kBProgress (1): 7.3 kBProgress (1): 10 kB Progress (1): 14 kBProgress (1): 18 kBProgress (1): 21 kB                   Downloaded from central: https://repo.maven.apache.org/maven2/de/flapdoodle/embed/de.flapdoodle.embed.mongo.spring30x/4.9.2/de.flapdoodle.embed.mongo.spring30x-4.9.2.pom (21 kB at 625 kB/s)
Downloading from central: https://repo.maven.apache.org/maven2/org/springframework/boot/spring-boot-properties-migrator/3.5.10/spring-boot-properties-migrator-3.5.10.pom
Progress (1): 1.0 kBProgress (1): 2.3 kB                    Downloaded from central: https://repo.maven.apache.org/maven2/org/springframework/boot/spring-boot-properties-migrator/3.5.10/spring-boot-properties-migrator-3.5.10.pom (2.3 kB at 69 kB/s)
Downloading from central: https://repo.maven.apache.org/maven2/org/springframework/boot/spring-boot-configuration-metadata/3.5.10/spring-boot-configuration-metadata-3.5.10.pom
Progress (1): 1.1 kBProgress (1): 2.1 kB                    Downloaded from central: https://repo.maven.apache.org/maven2/org/springframework/boot/spring-boot-configuration-metadata/3.5.10/spring-boot-configuration-metadata-3.5.10.pom (2.1 kB at 66 kB/s)
Downloading from central: https://repo.maven.apache.org/maven2/com/vaadin/external/google/android-json/0.0.20131108.vaadin1/android-json-0.0.20131108.vaadin1.pom
Progress (1): 1.1 kBProgress (1): 2.8 kB                    Downloaded from central: https://repo.maven.apache.org/maven2/com/vaadin/external/google/android-json/0.0.20131108.vaadin1/android-json-0.0.20131108.vaadin1.pom (2.8 kB at 75 kB/s)
Downloading from central: https://repo.maven.apache.org/maven2/org/springframework/boot/spring-boot-starter-security/3.5.10/spring-boot-starter-security-3.5.10.pom
Progress (1): 1.0 kBProgress (1): 2.7 kB                    Downloaded from central: https://repo.maven.apache.org/maven2/org/springframework/boot/spring-boot-starter-security/3.5.10/spring-boot-starter-security-3.5.10.pom (2.7 kB at 86 kB/s)
Downloading from central: https://repo.maven.apache.org/maven2/org/springframework/security/spring-security-config/6.5.7/spring-security-config-6.5.7.pom
Progress (1): 1.0 kBProgress (1): 2.8 kB                    Downloaded from central: https://repo.maven.apache.org/maven2/org/springframework/security/spring-security-config/6.5.7/spring-security-config-6.5.7.pom (2.8 kB at 81 kB/s)
Downloading from central: https://repo.maven.apache.org/maven2/org/springframework/security/spring-security-core/6.5.7/spring-security-core-6.5.7.pom
Progress (1): 1.0 kBProgress (1): 3.2 kB                    Downloaded from central: https://repo.maven.apache.org/maven2/org/springframework/security/spring-security-core/6.5.7/spring-security-core-6.5.7.pom (3.2 kB at 95 kB/s)
Downloading from central: https://repo.maven.apache.org/maven2/org/springframework/security/spring-security-crypto/6.5.7/spring-security-crypto-6.5.7.pom
Progress (1): 1.0 kBProgress (1): 1.9 kB                    Downloaded from central: https://repo.maven.apache.org/maven2/org/springframework/security/spring-security-crypto/6.5.7/spring-security-crypto-6.5.7.pom (1.9 kB at 52 kB/s)
Downloading from central: https://repo.maven.apache.org/maven2/org/springframework/security/spring-security-web/6.5.7/spring-security-web-6.5.7.pom
Progress (1): 1.0 kBProgress (1): 3.2 kB                    Downloaded from central: https://repo.maven.apache.org/maven2/org/springframework/security/spring-security-web/6.5.7/spring-security-web-6.5.7.pom (3.2 kB at 97 kB/s)
Downloading from central: https://repo.maven.apache.org/maven2/org/springframework/boot/spring-boot-starter-aop/3.5.10/spring-boot-starter-aop-3.5.10.pom
Progress (1): 963 BProgress (1): 2.5 kB                    Downloaded from central: https://repo.maven.apache.org/maven2/org/springframework/boot/spring-boot-starter-aop/3.5.10/spring-boot-starter-aop-3.5.10.pom (2.5 kB at 75 kB/s)
Downloading from central: https://repo.maven.apache.org/maven2/com/h2database/h2/2.3.232/h2-2.3.232.pom
Progress (1): 1.1 kB                    Downloaded from central: https://repo.maven.apache.org/maven2/com/h2database/h2/2.3.232/h2-2.3.232.pom (1.1 kB at 31 kB/s)
Downloading from central: https://repo.maven.apache.org/maven2/com/mysql/mysql-connector-j/9.5.0/mysql-connector-j-9.5.0.pom
Progress (1): 853 BProgress (1): 2.0 kBProgress (1): 3.2 kB                    Downloaded from central: https://repo.maven.apache.org/maven2/com/mysql/mysql-connector-j/9.5.0/mysql-connector-j-9.5.0.pom (3.2 kB at 96 kB/s)
Downloading from central: https://repo.maven.apache.org/maven2/org/springframework/boot/spring-boot-starter-mail/3.5.10/spring-boot-starter-mail-3.5.10.pom
Progress (1): 971 BProgress (1): 2.5 kB                    Downloaded from central: https://repo.maven.apache.org/maven2/org/springframework/boot/spring-boot-starter-mail/3.5.10/spring-boot-starter-mail-3.5.10.pom (2.5 kB at 73 kB/s)
Downloading from central: https://repo.maven.apache.org/maven2/org/springframework/spring-context-support/6.2.15/spring-context-support-6.2.15.pom
Progress (1): 1.1 kBProgress (1): 2.4 kB                    Downloaded from central: https://repo.maven.apache.org/maven2/org/springframework/spring-context-support/6.2.15/spring-context-support-6.2.15.pom (2.4 kB at 74 kB/s)
Downloading from central: https://repo.maven.apache.org/maven2/org/eclipse/angus/jakarta.mail/2.0.5/jakarta.mail-2.0.5.pom
Progress (1): 825 BProgress (1): 2.5 kBProgress (1): 8.3 kBProgress (1): 11 kB Progress (1): 13 kB                   Downloaded from central: https://repo.maven.apache.org/maven2/org/eclipse/angus/jakarta.mail/2.0.5/jakarta.mail-2.0.5.pom (13 kB at 368 kB/s)
Downloading from central: https://repo.maven.apache.org/maven2/org/eclipse/angus/all/2.0.5/all-2.0.5.pom
Progress (1): 801 BProgress (1): 2.6 kBProgress (1): 4.5 kBProgress (1): 9.6 kBProgress (1): 14 kB Progress (1): 18 kBProgress (1): 20 kBProgress (1): 24 kBProgress (1): 28 kBProgress (1): 31 kBProgress (1): 32 kB                   Downloaded from central: https://repo.maven.apache.org/maven2/org/eclipse/angus/all/2.0.5/all-2.0.5.pom (32 kB at 953 kB/s)
Downloading from central: https://repo.maven.apache.org/maven2/org/springdoc/springdoc-openapi-starter-webmvc-ui/2.8.15/springdoc-openapi-starter-webmvc-ui-2.8.15.pom
Progress (1): 1.7 kBProgress (1): 2.0 kB                    Downloaded from central: https://repo.maven.apache.org/maven2/org/springdoc/springdoc-openapi-starter-webmvc-ui/2.8.15/springdoc-openapi-starter-webmvc-ui-2.8.15.pom (2.0 kB at 62 kB/s)
Downloading from central: https://repo.maven.apache.org/maven2/org/springdoc/springdoc-openapi/2.8.15/springdoc-openapi-2.8.15.pom
Progress (1): 1.1 kBProgress (1): 3.4 kBProgress (1): 6.5 kBProgress (1): 8.9 kB                    Downloaded from central: https://repo.maven.apache.org/maven2/org/springdoc/springdoc-openapi/2.8.15/springdoc-openapi-2.8.15.pom (8.9 kB at 270 kB/s)
Downloading from central: https://repo.maven.apache.org/maven2/org/springframework/boot/spring-boot-starter-parent/3.5.9/spring-boot-starter-parent-3.5.9.pom
Progress (1): 1.1 kBProgress (1): 3.6 kBProgress (1): 7.6 kBProgress (1): 12 kB Progress (1): 13 kB                   Downloaded from central: https://repo.maven.apache.org/maven2/org/springframework/boot/spring-boot-starter-parent/3.5.9/spring-boot-starter-parent-3.5.9.pom (13 kB at 403 kB/s)
Downloading from central: https://repo.maven.apache.org/maven2/org/springframework/boot/spring-boot-dependencies/3.5.9/spring-boot-dependencies-3.5.9.pom
Progress (1): 1.2 kBProgress (1): 3.1 kBProgress (1): 3.4 kBProgress (1): 5.5 kBProgress (1): 7.8 kBProgress (1): 9.9 kBProgress (1): 12 kB Progress (1): 20 kBProgress (1): 29 kBProgress (1): 38 kBProgress (1): 46 kBProgress (1): 54 kBProgress (1): 65 kBProgress (1): 75 kBProgress (1): 82 kBProgress (1): 90 kBProgress (1): 96 kB                   Downloaded from central: https://repo.maven.apache.org/maven2/org/springframework/boot/spring-boot-dependencies/3.5.9/spring-boot-dependencies-3.5.9.pom (96 kB at 2.7 MB/s)
Downloading from central: https://repo.maven.apache.org/maven2/org/springframework/cloud/spring-cloud-function-dependencies/4.2.2/spring-cloud-function-dependencies-4.2.2.pom
Progress (1): 1.2 kBProgress (1): 3.0 kBProgress (1): 6.8 kB                    Downloaded from central: https://repo.maven.apache.org/maven2/org/springframework/cloud/spring-cloud-function-dependencies/4.2.2/spring-cloud-function-dependencies-4.2.2.pom (6.8 kB at 194 kB/s)
Downloading from central: https://repo.maven.apache.org/maven2/org/springframework/cloud/spring-cloud-dependencies-parent/4.2.1/spring-cloud-dependencies-parent-4.2.1.pom
Progress (1): 1.0 kBProgress (1): 2.9 kBProgress (1): 5.3 kBProgress (1): 7.6 kB                    Downloaded from central: https://repo.maven.apache.org/maven2/org/springframework/cloud/spring-cloud-dependencies-parent/4.2.1/spring-cloud-dependencies-parent-4.2.1.pom (7.6 kB at 189 kB/s)
Downloading from central: https://repo.maven.apache.org/maven2/io/micrometer/micrometer-bom/1.15.7/micrometer-bom-1.15.7.pom
Progress (1): 1.0 kBProgress (1): 7.7 kBProgress (1): 8.6 kB                    Downloaded from central: https://repo.maven.apache.org/maven2/io/micrometer/micrometer-bom/1.15.7/micrometer-bom-1.15.7.pom (8.6 kB at 286 kB/s)
Downloading from central: https://repo.maven.apache.org/maven2/io/micrometer/micrometer-tracing-bom/1.5.7/micrometer-tracing-bom-1.5.7.pom
Progress (1): 1.0 kBProgress (1): 3.9 kBProgress (1): 4.5 kB                    Downloaded from central: https://repo.maven.apache.org/maven2/io/micrometer/micrometer-tracing-bom/1.5.7/micrometer-tracing-bom-1.5.7.pom (4.5 kB at 146 kB/s)
Downloading from central: https://repo.maven.apache.org/maven2/io/projectreactor/reactor-bom/2024.0.13/reactor-bom-2024.0.13.pom
Progress (1): 908 BProgress (1): 4.4 kBProgress (1): 4.8 kB                    Downloaded from central: https://repo.maven.apache.org/maven2/io/projectreactor/reactor-bom/2024.0.13/reactor-bom-2024.0.13.pom (4.8 kB at 154 kB/s)
Downloading from central: https://repo.maven.apache.org/maven2/io/rest-assured/rest-assured-bom/5.5.6/rest-assured-bom-5.5.6.pom
Progress (1): 1.0 kBProgress (1): 4.7 kB                    Downloaded from central: https://repo.maven.apache.org/maven2/io/rest-assured/rest-assured-bom/5.5.6/rest-assured-bom-5.5.6.pom (4.7 kB at 156 kB/s)
Downloading from central: https://repo.maven.apache.org/maven2/org/springframework/amqp/spring-amqp-bom/3.2.8/spring-amqp-bom-3.2.8.pom
Progress (1): 963 BProgress (1): 3.9 kB                    Downloaded from central: https://repo.maven.apache.org/maven2/org/springframework/amqp/spring-amqp-bom/3.2.8/spring-amqp-bom-3.2.8.pom (3.9 kB at 125 kB/s)
Downloading from central: https://repo.maven.apache.org/maven2/org/springframework/data/spring-data-bom/2025.0.7/spring-data-bom-2025.0.7.pom
Progress (1): 962 BProgress (1): 2.5 kBProgress (1): 5.5 kB                    Downloaded from central: https://repo.maven.apache.org/maven2/org/springframework/data/spring-data-bom/2025.0.7/spring-data-bom-2025.0.7.pom (5.5 kB at 172 kB/s)
Downloading from central: https://repo.maven.apache.org/maven2/org/springframework/integration/spring-integration-bom/6.5.5/spring-integration-bom-6.5.5.pom
Progress (1): 961 BProgress (1): 6.7 kBProgress (1): 10 kB                    Downloaded from central: https://repo.maven.apache.org/maven2/org/springframework/integration/spring-integration-bom/6.5.5/spring-integration-bom-6.5.5.pom (10 kB at 343 kB/s)
Downloading from central: https://repo.maven.apache.org/maven2/org/springframework/pulsar/spring-pulsar-bom/1.2.13/spring-pulsar-bom-1.2.13.pom
Progress (1): 958 BProgress (1): 2.9 kB                    Downloaded from central: https://repo.maven.apache.org/maven2/org/springframework/pulsar/spring-pulsar-bom/1.2.13/spring-pulsar-bom-1.2.13.pom (2.9 kB at 89 kB/s)
Downloading from central: https://repo.maven.apache.org/maven2/org/springdoc/springdoc-openapi-starter-webmvc-api/2.8.15/springdoc-openapi-starter-webmvc-api-2.8.15.pom
Progress (1): 1.5 kBProgress (1): 1.7 kB                    Downloaded from central: https://repo.maven.apache.org/maven2/org/springdoc/springdoc-openapi-starter-webmvc-api/2.8.15/springdoc-openapi-starter-webmvc-api-2.8.15.pom (1.7 kB at 49 kB/s)
Downloading from central: https://repo.maven.apache.org/maven2/org/springdoc/springdoc-openapi-starter-common/2.8.15/springdoc-openapi-starter-common-2.8.15.pom
Progress (1): 1.8 kBProgress (1): 4.4 kBProgress (1): 5.1 kB                    Downloaded from central: https://repo.maven.apache.org/maven2/org/springdoc/springdoc-openapi-starter-common/2.8.15/springdoc-openapi-starter-common-2.8.15.pom (5.1 kB at 149 kB/s)
Downloading from central: https://repo.maven.apache.org/maven2/org/springframework/boot/spring-boot-starter-validation/3.5.10/spring-boot-starter-validation-3.5.10.pom
Progress (1): 985 BProgress (1): 2.5 kB                    Downloaded from central: https://repo.maven.apache.org/maven2/org/springframework/boot/spring-boot-starter-validation/3.5.10/spring-boot-starter-validation-3.5.10.pom (2.5 kB at 78 kB/s)
Downloading from central: https://repo.maven.apache.org/maven2/org/hibernate/validator/hibernate-validator/8.0.3.Final/hibernate-validator-8.0.3.Final.pom
Progress (1): 1.0 kBProgress (1): 3.6 kBProgress (1): 5.3 kB                    Downloaded from central: https://repo.maven.apache.org/maven2/org/hibernate/validator/hibernate-validator/8.0.3.Final/hibernate-validator-8.0.3.Final.pom (5.3 kB at 152 kB/s)
Downloading from central: https://repo.maven.apache.org/maven2/jakarta/validation/jakarta.validation-api/3.0.2/jakarta.validation-api-3.0.2.pom
Progress (1): 1.0 kBProgress (1): 3.7 kBProgress (1): 6.2 kBProgress (1): 9.4 kBProgress (1): 11 kB                    Downloaded from central: https://repo.maven.apache.org/maven2/jakarta/validation/jakarta.validation-api/3.0.2/jakarta.validation-api-3.0.2.pom (11 kB at 323 kB/s)
Downloading from central: https://repo.maven.apache.org/maven2/io/swagger/core/v3/swagger-core-jakarta/2.2.41/swagger-core-jakarta-2.2.41.pom
Progress (1): 1.8 kBProgress (1): 5.6 kB                    Downloaded from central: https://repo.maven.apache.org/maven2/io/swagger/core/v3/swagger-core-jakarta/2.2.41/swagger-core-jakarta-2.2.41.pom (5.6 kB at 146 kB/s)
Downloading from central: https://repo.maven.apache.org/maven2/io/swagger/core/v3/swagger-project-jakarta/2.2.41/swagger-project-jakarta-2.2.41.pom
Progress (1): 1.3 kBProgress (1): 3.3 kBProgress (1): 6.3 kBProgress (1): 12 kB Progress (1): 17 kBProgress (1): 21 kBProgress (1): 22 kB                   Downloaded from central: https://repo.maven.apache.org/maven2/io/swagger/core/v3/swagger-project-jakarta/2.2.41/swagger-project-jakarta-2.2.41.pom (22 kB at 612 kB/s)
Downloading from central: https://repo.maven.apache.org/maven2/io/swagger/core/v3/swagger-annotations-jakarta/2.2.41/swagger-annotations-jakarta-2.2.41.pom
Progress (1): 1.9 kBProgress (1): 3.3 kB                    Downloaded from central: https://repo.maven.apache.org/maven2/io/swagger/core/v3/swagger-annotations-jakarta/2.2.41/swagger-annotations-jakarta-2.2.41.pom (3.3 kB at 106 kB/s)
Downloading from central: https://repo.maven.apache.org/maven2/io/swagger/core/v3/swagger-models-jakarta/2.2.41/swagger-models-jakarta-2.2.41.pom
Progress (1): 2.1 kBProgress (1): 3.4 kB                    Downloaded from central: https://repo.maven.apache.org/maven2/io/swagger/core/v3/swagger-models-jakarta/2.2.41/swagger-models-jakarta-2.2.41.pom (3.4 kB at 110 kB/s)
Downloading from central: https://repo.maven.apache.org/maven2/com/fasterxml/jackson/dataformat/jackson-dataformat-yaml/2.19.4/jackson-dataformat-yaml-2.19.4.pom
Progress (1): 964 BProgress (1): 2.4 kBProgress (1): 3.0 kB                    Downloaded from central: https://repo.maven.apache.org/maven2/com/fasterxml/jackson/dataformat/jackson-dataformat-yaml/2.19.4/jackson-dataformat-yaml-2.19.4.pom (3.0 kB at 90 kB/s)
Downloading from central: https://repo.maven.apache.org/maven2/com/fasterxml/jackson/dataformat/jackson-dataformats-text/2.19.4/jackson-dataformats-text-2.19.4.pom
Progress (1): 1.2 kBProgress (1): 3.1 kBProgress (1): 3.5 kB                    Downloaded from central: https://repo.maven.apache.org/maven2/com/fasterxml/jackson/dataformat/jackson-dataformats-text/2.19.4/jackson-dataformats-text-2.19.4.pom (3.5 kB at 105 kB/s)
Downloading from central: https://repo.maven.apache.org/maven2/org/webjars/swagger-ui/5.31.0/swagger-ui-5.31.0.pom
Progress (1): 1.5 kBProgress (1): 1.5 kB                    Downloaded from central: https://repo.maven.apache.org/maven2/org/webjars/swagger-ui/5.31.0/swagger-ui-5.31.0.pom (1.5 kB at 46 kB/s)
Downloading from central: https://repo.maven.apache.org/maven2/org/webjars/webjars-locator-lite/1.1.3/webjars-locator-lite-1.1.3.pom
Progress (1): 1.3 kBProgress (1): 4.6 kBProgress (1): 6.9 kB                    Downloaded from central: https://repo.maven.apache.org/maven2/org/webjars/webjars-locator-lite/1.1.3/webjars-locator-lite-1.1.3.pom (6.9 kB at 202 kB/s)
Downloading from central: https://repo.maven.apache.org/maven2/org/junit/junit-bom/5.13.2/junit-bom-5.13.2.pom
Progress (1): 921 BProgress (1): 3.8 kBProgress (1): 5.7 kB                    Downloaded from central: https://repo.maven.apache.org/maven2/org/junit/junit-bom/5.13.2/junit-bom-5.13.2.pom (5.7 kB at 172 kB/s)
Downloading from central: https://repo.maven.apache.org/maven2/org/jspecify/jspecify/1.0.0/jspecify-1.0.0.pom
Progress (1): 994 BProgress (1): 1.5 kB                    Downloaded from central: https://repo.maven.apache.org/maven2/org/jspecify/jspecify/1.0.0/jspecify-1.0.0.pom (1.5 kB at 46 kB/s)
Downloading from central: https://repo.maven.apache.org/maven2/org/springframework/boot/spring-boot-starter-test/3.5.10/spring-boot-starter-test-3.5.10.pom
Progress (1): 922 BProgress (1): 4.3 kBProgress (1): 4.9 kB                    Downloaded from central: https://repo.maven.apache.org/maven2/org/springframework/boot/spring-boot-starter-test/3.5.10/spring-boot-starter-test-3.5.10.pom (4.9 kB at 116 kB/s)
Downloading from central: https://repo.maven.apache.org/maven2/org/springframework/boot/spring-boot-test/3.5.10/spring-boot-test-3.5.10.pom
Progress (1): 1.0 kBProgress (1): 2.2 kB                    Downloaded from central: https://repo.maven.apache.org/maven2/org/springframework/boot/spring-boot-test/3.5.10/spring-boot-test-3.5.10.pom (2.2 kB at 65 kB/s)
Downloading from central: https://repo.maven.apache.org/maven2/org/springframework/spring-test/6.2.15/spring-test-6.2.15.pom
Progress (1): 1.1 kBProgress (1): 2.1 kB                    Downloaded from central: https://repo.maven.apache.org/maven2/org/springframework/spring-test/6.2.15/spring-test-6.2.15.pom (2.1 kB at 62 kB/s)
Downloading from central: https://repo.maven.apache.org/maven2/org/springframework/boot/spring-boot-test-autoconfigure/3.5.10/spring-boot-test-autoconfigure-3.5.10.pom
Progress (1): 1.0 kBProgress (1): 2.5 kB                    Downloaded from central: https://repo.maven.apache.org/maven2/org/springframework/boot/spring-boot-test-autoconfigure/3.5.10/spring-boot-test-autoconfigure-3.5.10.pom (2.5 kB at 73 kB/s)
Downloading from central: https://repo.maven.apache.org/maven2/com/jayway/jsonpath/json-path/2.9.0/json-path-2.9.0.pom
Progress (1): 960 BProgress (1): 1.9 kB                    Downloaded from central: https://repo.maven.apache.org/maven2/com/jayway/jsonpath/json-path/2.9.0/json-path-2.9.0.pom (1.9 kB at 58 kB/s)
Downloading from central: https://repo.maven.apache.org/maven2/net/minidev/json-smart/2.5.2/json-smart-2.5.2.pom
Progress (1): 789 BProgress (1): 1.9 kBProgress (1): 3.6 kBProgress (1): 5.7 kBProgress (1): 8.8 kBProgress (1): 10 kB                    Downloaded from central: https://repo.maven.apache.org/maven2/net/minidev/json-smart/2.5.2/json-smart-2.5.2.pom (10 kB at 299 kB/s)
Downloading from central: https://repo.maven.apache.org/maven2/net/minidev/accessors-smart/2.5.2/accessors-smart-2.5.2.pom
Progress (1): 781 BProgress (1): 2.4 kBProgress (1): 4.4 kBProgress (1): 7.2 kBProgress (1): 11 kB Progress (1): 12 kB                   Downloaded from central: https://repo.maven.apache.org/maven2/net/minidev/accessors-smart/2.5.2/accessors-smart-2.5.2.pom (12 kB at 339 kB/s)
Downloading from central: https://repo.maven.apache.org/maven2/org/ow2/asm/asm/9.7.1/asm-9.7.1.pom
Progress (1): 1.3 kBProgress (1): 2.4 kB                    Downloaded from central: https://repo.maven.apache.org/maven2/org/ow2/asm/asm/9.7.1/asm-9.7.1.pom (2.4 kB at 82 kB/s)
Downloading from central: https://repo.maven.apache.org/maven2/org/assertj/assertj-core/3.27.6/assertj-core-3.27.6.pom
Progress (1): 1.2 kBProgress (1): 3.8 kB                    Downloaded from central: https://repo.maven.apache.org/maven2/org/assertj/assertj-core/3.27.6/assertj-core-3.27.6.pom (3.8 kB at 115 kB/s)
Downloading from central: https://repo.maven.apache.org/maven2/org/awaitility/awaitility/4.2.2/awaitility-4.2.2.pom
Progress (1): 821 BProgress (1): 3.0 kBProgress (1): 3.5 kB                    Downloaded from central: https://repo.maven.apache.org/maven2/org/awaitility/awaitility/4.2.2/awaitility-4.2.2.pom (3.5 kB at 108 kB/s)
Downloading from central: https://repo.maven.apache.org/maven2/org/awaitility/awaitility-parent/4.2.2/awaitility-parent-4.2.2.pom
Progress (1): 826 BProgress (1): 2.5 kBProgress (1): 5.3 kBProgress (1): 9.3 kBProgress (1): 11 kB                    Downloaded from central: https://repo.maven.apache.org/maven2/org/awaitility/awaitility-parent/4.2.2/awaitility-parent-4.2.2.pom (11 kB at 339 kB/s)
Downloading from central: https://repo.maven.apache.org/maven2/org/hamcrest/hamcrest/3.0/hamcrest-3.0.pom
Progress (1): 983 BProgress (1): 1.6 kB                    Downloaded from central: https://repo.maven.apache.org/maven2/org/hamcrest/hamcrest/3.0/hamcrest-3.0.pom (1.6 kB at 48 kB/s)
Downloading from central: https://repo.maven.apache.org/maven2/org/junit/jupiter/junit-jupiter/5.12.2/junit-jupiter-5.12.2.pom
Progress (1): 944 BProgress (1): 3.2 kB                    Downloaded from central: https://repo.maven.apache.org/maven2/org/junit/jupiter/junit-jupiter/5.12.2/junit-jupiter-5.12.2.pom (3.2 kB at 103 kB/s)
Downloading from central: https://repo.maven.apache.org/maven2/org/junit/jupiter/junit-jupiter-api/5.12.2/junit-jupiter-api-5.12.2.pom
Progress (1): 954 BProgress (1): 3.2 kB                    Downloaded from central: https://repo.maven.apache.org/maven2/org/junit/jupiter/junit-jupiter-api/5.12.2/junit-jupiter-api-5.12.2.pom (3.2 kB at 100 kB/s)
Downloading from central: https://repo.maven.apache.org/maven2/org/opentest4j/opentest4j/1.3.0/opentest4j-1.3.0.pom
Progress (1): 996 BProgress (1): 2.0 kB                    Downloaded from central: https://repo.maven.apache.org/maven2/org/opentest4j/opentest4j/1.3.0/opentest4j-1.3.0.pom (2.0 kB at 64 kB/s)
Downloading from central: https://repo.maven.apache.org/maven2/org/junit/platform/junit-platform-commons/1.12.2/junit-platform-commons-1.12.2.pom
Progress (1): 966 BProgress (1): 2.8 kB                    Downloaded from central: https://repo.maven.apache.org/maven2/org/junit/platform/junit-platform-commons/1.12.2/junit-platform-commons-1.12.2.pom (2.8 kB at 79 kB/s)
Downloading from central: https://repo.maven.apache.org/maven2/org/apiguardian/apiguardian-api/1.1.2/apiguardian-api-1.1.2.pom
Progress (1): 1.0 kBProgress (1): 1.5 kB                    Downloaded from central: https://repo.maven.apache.org/maven2/org/apiguardian/apiguardian-api/1.1.2/apiguardian-api-1.1.2.pom (1.5 kB at 44 kB/s)
Downloading from central: https://repo.maven.apache.org/maven2/org/junit/jupiter/junit-jupiter-params/5.12.2/junit-jupiter-params-5.12.2.pom
Progress (1): 968 BProgress (1): 3.0 kB                    Downloaded from central: https://repo.maven.apache.org/maven2/org/junit/jupiter/junit-jupiter-params/5.12.2/junit-jupiter-params-5.12.2.pom (3.0 kB at 84 kB/s)
Downloading from central: https://repo.maven.apache.org/maven2/org/junit/jupiter/junit-jupiter-engine/5.12.2/junit-jupiter-engine-5.12.2.pom
Progress (1): 963 BProgress (1): 3.2 kB                    Downloaded from central: https://repo.maven.apache.org/maven2/org/junit/jupiter/junit-jupiter-engine/5.12.2/junit-jupiter-engine-5.12.2.pom (3.2 kB at 97 kB/s)
Downloading from central: https://repo.maven.apache.org/maven2/org/junit/platform/junit-platform-engine/1.12.2/junit-platform-engine-1.12.2.pom
Progress (1): 957 BProgress (1): 3.2 kB                    Downloaded from central: https://repo.maven.apache.org/maven2/org/junit/platform/junit-platform-engine/1.12.2/junit-platform-engine-1.12.2.pom (3.2 kB at 97 kB/s)
Downloading from central: https://repo.maven.apache.org/maven2/org/mockito/mockito-core/5.17.0/mockito-core-5.17.0.pom
Progress (1): 1.6 kBProgress (1): 2.5 kB                    Downloaded from central: https://repo.maven.apache.org/maven2/org/mockito/mockito-core/5.17.0/mockito-core-5.17.0.pom (2.5 kB at 82 kB/s)
Downloading from central: https://repo.maven.apache.org/maven2/net/bytebuddy/byte-buddy-agent/1.17.8/byte-buddy-agent-1.17.8.pom
Progress (1): 1.1 kBProgress (1): 3.6 kBProgress (1): 6.3 kBProgress (1): 9.9 kBProgress (1): 14 kB                    Downloaded from central: https://repo.maven.apache.org/maven2/net/bytebuddy/byte-buddy-agent/1.17.8/byte-buddy-agent-1.17.8.pom (14 kB at 436 kB/s)
Downloading from central: https://repo.maven.apache.org/maven2/org/objenesis/objenesis/3.3/objenesis-3.3.pom
Progress (1): 795 BProgress (1): 2.5 kBProgress (1): 3.0 kB                    Downloaded from central: https://repo.maven.apache.org/maven2/org/objenesis/objenesis/3.3/objenesis-3.3.pom (3.0 kB at 91 kB/s)
Downloading from central: https://repo.maven.apache.org/maven2/org/objenesis/objenesis-parent/3.3/objenesis-parent-3.3.pom
Progress (1): 741 BProgress (1): 2.3 kBProgress (1): 4.5 kBProgress (1): 6.6 kBProgress (1): 10 kB Progress (1): 13 kBProgress (1): 18 kBProgress (1): 19 kB                   Downloaded from central: https://repo.maven.apache.org/maven2/org/objenesis/objenesis-parent/3.3/objenesis-parent-3.3.pom (19 kB at 563 kB/s)
Downloading from central: https://repo.maven.apache.org/maven2/org/mockito/mockito-junit-jupiter/5.17.0/mockito-junit-jupiter-5.17.0.pom
Progress (1): 1.6 kBProgress (1): 2.3 kB                    Downloaded from central: https://repo.maven.apache.org/maven2/org/mockito/mockito-junit-jupiter/5.17.0/mockito-junit-jupiter-5.17.0.pom (2.3 kB at 76 kB/s)
Downloading from central: https://repo.maven.apache.org/maven2/org/skyscreamer/jsonassert/1.5.3/jsonassert-1.5.3.pom
Progress (1): 1.0 kBProgress (1): 3.5 kBProgress (1): 7.0 kB                    Downloaded from central: https://repo.maven.apache.org/maven2/org/skyscreamer/jsonassert/1.5.3/jsonassert-1.5.3.pom (7.0 kB at 199 kB/s)
Downloading from central: https://repo.maven.apache.org/maven2/org/xmlunit/xmlunit-core/2.10.4/xmlunit-core-2.10.4.pom
Progress (1): 843 BProgress (1): 2.8 kB                    Downloaded from central: https://repo.maven.apache.org/maven2/org/xmlunit/xmlunit-core/2.10.4/xmlunit-core-2.10.4.pom (2.8 kB at 82 kB/s)
Downloading from central: https://repo.maven.apache.org/maven2/org/xmlunit/xmlunit-parent/2.10.4/xmlunit-parent-2.10.4.pom
Progress (1): 783 BProgress (1): 2.3 kBProgress (1): 4.3 kBProgress (1): 8.0 kBProgress (1): 10 kB Progress (1): 14 kBProgress (1): 16 kBProgress (1): 21 kBProgress (1): 23 kB                   Downloaded from central: https://repo.maven.apache.org/maven2/org/xmlunit/xmlunit-parent/2.10.4/xmlunit-parent-2.10.4.pom (23 kB at 706 kB/s)
Downloading from central: https://repo.maven.apache.org/maven2/org/springframework/security/spring-security-test/6.5.7/spring-security-test-6.5.7.pom
Progress (1): 1.0 kBProgress (1): 2.7 kB                    Downloaded from central: https://repo.maven.apache.org/maven2/org/springframework/security/spring-security-test/6.5.7/spring-security-test-6.5.7.pom (2.7 kB at 83 kB/s)
Downloading from central: https://repo.maven.apache.org/maven2/commons-io/commons-io/2.14.0/commons-io-2.14.0.pom
Progress (1): 771 BProgress (1): 2.1 kBProgress (1): 5.2 kBProgress (1): 7.9 kBProgress (1): 10 kB Progress (1): 12 kBProgress (1): 15 kBProgress (1): 18 kBProgress (1): 20 kB                   Downloaded from central: https://repo.maven.apache.org/maven2/commons-io/commons-io/2.14.0/commons-io-2.14.0.pom (20 kB at 635 kB/s)
Downloading from central: https://repo.maven.apache.org/maven2/org/apache/commons/commons-parent/62/commons-parent-62.pom
Progress (1): 705 BProgress (1): 1.9 kBProgress (1): 3.1 kBProgress (1): 4.6 kBProgress (1): 6.6 kBProgress (1): 8.5 kBProgress (1): 10 kB Progress (1): 13 kBProgress (1): 15 kBProgress (1): 18 kBProgress (1): 20 kBProgress (1): 23 kBProgress (1): 26 kBProgress (1): 28 kBProgress (1): 32 kBProgress (1): 32 kBProgress (1): 36 kBProgress (1): 41 kBProgress (1): 44 kBProgress (1): 46 kBProgress (1): 49 kBProgress (1): 52 kBProgress (1): 56 kBProgress (1): 58 kBProgress (1): 61 kBProgress (1): 64 kBProgress (1): 67 kBProgress (1): 72 kBProgress (1): 74 kBProgress (1): 77 kBProgress (1): 81 kBProgress (1): 81 kB                   Downloaded from central: https://repo.maven.apache.org/maven2/org/apache/commons/commons-parent/62/commons-parent-62.pom (81 kB at 2.3 MB/s)
Downloading from central: https://repo.maven.apache.org/maven2/org/apache/apache/30/apache-30.pom
Progress (1): 743 BProgress (1): 2.1 kBProgress (1): 4.0 kBProgress (1): 6.3 kBProgress (1): 11 kB Progress (1): 16 kBProgress (1): 20 kBProgress (1): 22 kBProgress (1): 23 kB                   Downloaded from central: https://repo.maven.apache.org/maven2/org/apache/apache/30/apache-30.pom (23 kB at 750 kB/s)
Downloading from central: https://repo.maven.apache.org/maven2/org/junit/junit-bom/5.10.0/junit-bom-5.10.0.pom
Progress (1): 913 BProgress (1): 4.1 kBProgress (1): 5.6 kB                    Downloaded from central: https://repo.maven.apache.org/maven2/org/junit/junit-bom/5.10.0/junit-bom-5.10.0.pom (5.6 kB at 171 kB/s)
Downloading from central: https://repo.maven.apache.org/maven2/org/springframework/boot/spring-boot-devtools/3.5.10/spring-boot-devtools-3.5.10.pom
Progress (1): 1.0 kBProgress (1): 2.3 kB                    Downloaded from central: https://repo.maven.apache.org/maven2/org/springframework/boot/spring-boot-devtools/3.5.10/spring-boot-devtools-3.5.10.pom (2.3 kB at 71 kB/s)
Downloading from central: https://repo.maven.apache.org/maven2/io/jsonwebtoken/jjwt-api/0.13.0/jjwt-api-0.13.0.pom
Progress (1): 848 BProgress (1): 1.8 kB                    Downloaded from central: https://repo.maven.apache.org/maven2/io/jsonwebtoken/jjwt-api/0.13.0/jjwt-api-0.13.0.pom (1.8 kB at 49 kB/s)
Downloading from central: https://repo.maven.apache.org/maven2/io/jsonwebtoken/jjwt-root/0.13.0/jjwt-root-0.13.0.pom
Progress (1): 715 BProgress (1): 2.5 kBProgress (1): 4.4 kBProgress (1): 6.3 kBProgress (1): 11 kB Progress (1): 14 kBProgress (1): 19 kBProgress (1): 22 kBProgress (1): 25 kBProgress (1): 29 kBProgress (1): 33 kBProgress (1): 37 kB                   Downloaded from central: https://repo.maven.apache.org/maven2/io/jsonwebtoken/jjwt-root/0.13.0/jjwt-root-0.13.0.pom (37 kB at 1.1 MB/s)
Downloading from central: https://repo.maven.apache.org/maven2/io/jsonwebtoken/jjwt-impl/0.13.0/jjwt-impl-0.13.0.pom
Progress (1): 847 BProgress (1): 2.5 kB                    Downloaded from central: https://repo.maven.apache.org/maven2/io/jsonwebtoken/jjwt-impl/0.13.0/jjwt-impl-0.13.0.pom (2.5 kB at 77 kB/s)
Downloading from central: https://repo.maven.apache.org/maven2/io/jsonwebtoken/jjwt-jackson/0.13.0/jjwt-jackson-0.13.0.pom
Progress (1): 843 BProgress (1): 2.4 kBProgress (1): 2.9 kB                    Downloaded from central: https://repo.maven.apache.org/maven2/io/jsonwebtoken/jjwt-jackson/0.13.0/jjwt-jackson-0.13.0.pom (2.9 kB at 93 kB/s)
Downloading from central: https://repo.maven.apache.org/maven2/org/springframework/boot/spring-boot-configuration-processor/3.5.10/spring-boot-configuration-processor-3.5.10.pom
Progress (1): 1.0 kBProgress (1): 1.9 kB                    Downloaded from central: https://repo.maven.apache.org/maven2/org/springframework/boot/spring-boot-configuration-processor/3.5.10/spring-boot-configuration-processor-3.5.10.pom (1.9 kB at 45 kB/s)
Downloading from central: https://repo.maven.apache.org/maven2/org/projectlombok/lombok/1.18.42/lombok-1.18.42.pom
Progress (1): 1.1 kBProgress (1): 1.5 kB                    Downloaded from central: https://repo.maven.apache.org/maven2/org/projectlombok/lombok/1.18.42/lombok-1.18.42.pom (1.5 kB at 41 kB/s)
Downloading from central: https://repo.maven.apache.org/maven2/org/mapstruct/mapstruct/1.5.5.Final/mapstruct-1.5.5.Final.pom
Progress (1): 1.1 kBProgress (1): 1.8 kB                    Downloaded from central: https://repo.maven.apache.org/maven2/org/mapstruct/mapstruct/1.5.5.Final/mapstruct-1.5.5.Final.pom (1.8 kB at 52 kB/s)
Downloading from central: https://repo.maven.apache.org/maven2/org/mapstruct/mapstruct-parent/1.5.5.Final/mapstruct-parent-1.5.5.Final.pom
Progress (1): 1.1 kBProgress (1): 1.6 kB                    Downloaded from central: https://repo.maven.apache.org/maven2/org/mapstruct/mapstruct-parent/1.5.5.Final/mapstruct-parent-1.5.5.Final.pom (1.6 kB at 53 kB/s)
Downloading from central: https://repo.maven.apache.org/maven2/org/mapstruct/mapstruct-processor/1.5.5.Final/mapstruct-processor-1.5.5.Final.pom
Progress (1): 1.1 kBProgress (1): 3.3 kB                    Downloaded from central: https://repo.maven.apache.org/maven2/org/mapstruct/mapstruct-processor/1.5.5.Final/mapstruct-processor-1.5.5.Final.pom (3.3 kB at 99 kB/s)
Downloading from central: https://repo.maven.apache.org/maven2/org/springframework/boot/spring-boot-starter-web/3.5.10/spring-boot-starter-web-3.5.10.jar
Downloading from central: https://repo.maven.apache.org/maven2/org/springframework/boot/spring-boot-starter/3.5.10/spring-boot-starter-3.5.10.jar
Downloading from central: https://repo.maven.apache.org/maven2/ch/qos/logback/logback-classic/1.5.25/logback-classic-1.5.25.jar
Downloading from central: https://repo.maven.apache.org/maven2/org/springframework/boot/spring-boot-starter-logging/3.5.10/spring-boot-starter-logging-3.5.10.jar
Downloading from central: https://repo.maven.apache.org/maven2/ch/qos/logback/logback-core/1.5.25/logback-core-1.5.25.jar
Progress (1): 2.0 kB                    Downloaded from central: https://repo.maven.apache.org/maven2/org/springframework/boot/spring-boot-starter/3.5.10/spring-boot-starter-3.5.10.jar (2.0 kB at 55 kB/s)
Downloading from central: https://repo.maven.apache.org/maven2/org/apache/logging/log4j/log4j-to-slf4j/2.24.3/log4j-to-slf4j-2.24.3.jar
Progress (1): 7.7/24 kBProgress (1): 16/24 kB Progress (1): 24 kB                      Downloaded from central: https://repo.maven.apache.org/maven2/org/apache/logging/log4j/log4j-to-slf4j/2.24.3/log4j-to-slf4j-2.24.3.jar (24 kB at 378 kB/s)
Downloading from central: https://repo.maven.apache.org/maven2/org/apache/logging/log4j/log4j-api/2.24.3/log4j-api-2.24.3.jar
Progress (1): 0.9/309 kBProgress (2): 0.9/309 kB | 0.9/2.1 kBProgress (2): 2.3/309 kB | 0.9/2.1 kBProgress (2): 2.3/309 kB | 2.1 kB    Progress (2): 3.7/309 kB | 2.1 kBProgress (2): 5.0/309 kB | 2.1 kBProgress (2): 6.4/309 kB | 2.1 kBProgress (2): 7.8/309 kB | 2.1 kBProgress (2): 9.1/309 kB | 2.1 kBProgress (2): 11/309 kB | 2.1 kB Progress (2): 12/309 kB | 2.1 kB                                Downloaded from central: https://repo.maven.apache.org/maven2/org/springframework/boot/spring-boot-starter-web/3.5.10/spring-boot-starter-web-3.5.10.jar (2.1 kB at 24 kB/s)
Downloading from central: https://repo.maven.apache.org/maven2/org/slf4j/jul-to-slf4j/2.0.17/jul-to-slf4j-2.0.17.jar
Progress (1): 13/309 kBProgress (1): 15/309 kBProgress (1): 16/309 kBProgress (1): 17/309 kBProgress (1): 18/309 kBProgress (1): 20/309 kBProgress (1): 21/309 kBProgress (1): 23/309 kBProgress (1): 24/309 kBProgress (1): 25/309 kBProgress (1): 27/309 kBProgress (1): 28/309 kBProgress (1): 29/309 kBProgress (2): 29/309 kB | 0.9/2.0 kBProgress (2): 29/309 kB | 2.0 kB                                    Downloaded from central: https://repo.maven.apache.org/maven2/org/springframework/boot/spring-boot-starter-logging/3.5.10/spring-boot-starter-logging-3.5.10.jar (2.0 kB at 22 kB/s)
Downloading from central: https://repo.maven.apache.org/maven2/jakarta/annotation/jakarta.annotation-api/2.1.1/jakarta.annotation-api-2.1.1.jar
Progress (2): 29/309 kB | 0.9/659 kBProgress (2): 29/309 kB | 2.3/659 kBProgress (2): 29/309 kB | 3.7/659 kBProgress (2): 29/309 kB | 5.0/659 kBProgress (2): 29/309 kB | 6.4/659 kBProgress (2): 29/309 kB | 7.8/659 kBProgress (2): 29/309 kB | 9.1/659 kBProgress (2): 29/309 kB | 11/659 kB Progress (2): 29/309 kB | 12/659 kBProgress (2): 29/309 kB | 12/659 kBProgress (2): 29/309 kB | 14/659 kBProgress (2): 29/309 kB | 15/659 kBProgress (2): 29/309 kB | 16/659 kBProgress (2): 29/309 kB | 18/659 kBProgress (2): 29/309 kB | 19/659 kBProgress (2): 31/309 kB | 19/659 kBProgress (2): 32/309 kB | 19/659 kBProgress (2): 33/309 kB | 19/659 kBProgress (2): 35/309 kB | 19/659 kBProgress (2): 36/309 kB | 19/659 kBProgress (2): 38/309 kB | 19/659 kBProgress (2): 39/309 kB | 19/659 kBProgress (2): 40/309 kB | 19/659 kBProgress (2): 42/309 kB | 19/659 kBProgress (2): 43/309 kB | 19/659 kBProgress (2): 44/309 kB | 19/659 kBProgress (2): 46/309 kB | 19/659 kBProgress (2): 47/309 kB | 19/659 kBProgress (2): 49/309 kB | 19/659 kBProgress (2): 50/309 kB | 19/659 kBProgress (2): 51/309 kB | 19/659 kBProgress (2): 53/309 kB | 19/659 kBProgress (2): 54/309 kB | 19/659 kBProgress (2): 55/309 kB | 19/659 kBProgress (2): 60/309 kB | 19/659 kBProgress (3): 60/309 kB | 19/659 kB | 7.7/349 kBProgress (3): 60/309 kB | 19/659 kB | 12/349 kB Progress (3): 60/309 kB | 19/659 kB | 28/349 kBProgress (3): 60/309 kB | 19/659 kB | 44/349 kBProgress (3): 60/309 kB | 19/659 kB | 61/349 kBProgress (3): 60/309 kB | 21/659 kB | 61/349 kBProgress (3): 60/309 kB | 22/659 kB | 61/349 kBProgress (3): 60/309 kB | 23/659 kB | 61/349 kBProgress (3): 60/309 kB | 25/659 kB | 61/349 kBProgress (3): 60/309 kB | 26/659 kB | 61/349 kBProgress (3): 60/309 kB | 27/659 kB | 61/349 kBProgress (3): 60/309 kB | 29/659 kB | 61/349 kBProgress (3): 60/309 kB | 30/659 kB | 61/349 kBProgress (3): 60/309 kB | 30/659 kB | 77/349 kBProgress (3): 60/309 kB | 30/659 kB | 85/349 kBProgress (3): 60/309 kB | 30/659 kB | 102/349 kBProgress (3): 60/309 kB | 30/659 kB | 118/349 kBProgress (3): 60/309 kB | 31/659 kB | 118/349 kBProgress (3): 60/309 kB | 33/659 kB | 118/349 kBProgress (3): 60/309 kB | 34/659 kB | 118/349 kBProgress (3): 60/309 kB | 36/659 kB | 118/349 kBProgress (3): 60/309 kB | 37/659 kB | 118/349 kBProgress (3): 60/309 kB | 38/659 kB | 118/349 kBProgress (3): 60/309 kB | 40/659 kB | 118/349 kBProgress (3): 60/309 kB | 41/659 kB | 118/349 kBProgress (3): 60/309 kB | 42/659 kB | 118/349 kBProgress (3): 60/309 kB | 44/659 kB | 118/349 kBProgress (3): 60/309 kB | 45/659 kB | 118/349 kBProgress (3): 60/309 kB | 47/659 kB | 118/349 kBProgress (3): 60/309 kB | 48/659 kB | 118/349 kBProgress (3): 60/309 kB | 49/659 kB | 118/349 kBProgress (3): 60/309 kB | 51/659 kB | 118/349 kBProgress (3): 60/309 kB | 52/659 kB | 118/349 kBProgress (3): 60/309 kB | 53/659 kB | 118/349 kBProgress (3): 60/309 kB | 55/659 kB | 118/349 kBProgress (3): 60/309 kB | 59/659 kB | 118/349 kBProgress (3): 60/309 kB | 59/659 kB | 134/349 kBProgress (3): 60/309 kB | 59/659 kB | 143/349 kBProgress (3): 60/309 kB | 59/659 kB | 151/349 kBProgress (3): 60/309 kB | 59/659 kB | 167/349 kBProgress (3): 64/309 kB | 59/659 kB | 167/349 kBProgress (3): 68/309 kB | 59/659 kB | 167/349 kBProgress (3): 72/309 kB | 59/659 kB | 167/349 kBProgress (3): 77/309 kB | 59/659 kB | 167/349 kBProgress (3): 81/309 kB | 59/659 kB | 167/349 kBProgress (3): 85/309 kB | 59/659 kB | 167/349 kBProgress (3): 89/309 kB | 59/659 kB | 167/349 kBProgress (3): 93/309 kB | 59/659 kB | 167/349 kBProgress (3): 93/309 kB | 59/659 kB | 175/349 kBProgress (4): 93/309 kB | 59/659 kB | 175/349 kB | 0.9/6.3 kBProgress (4): 93/309 kB | 59/659 kB | 175/349 kB | 2.3/6.3 kBProgress (4): 93/309 kB | 59/659 kB | 192/349 kB | 2.3/6.3 kBProgress (4): 93/309 kB | 59/659 kB | 192/349 kB | 3.7/6.3 kBProgress (4): 93/309 kB | 59/659 kB | 192/349 kB | 5.0/6.3 kBProgress (4): 93/309 kB | 59/659 kB | 192/349 kB | 6.3 kB    Progress (4): 93/309 kB | 59/659 kB | 208/349 kB | 6.3 kBProgress (4): 93/309 kB | 59/659 kB | 216/349 kB | 6.3 kB                                                         Downloaded from central: https://repo.maven.apache.org/maven2/org/slf4j/jul-to-slf4j/2.0.17/jul-to-slf4j-2.0.17.jar (6.3 kB at 59 kB/s)
Downloading from central: https://repo.maven.apache.org/maven2/org/yaml/snakeyaml/2.4/snakeyaml-2.4.jar
Progress (3): 93/309 kB | 59/659 kB | 233/349 kBProgress (3): 93/309 kB | 59/659 kB | 241/349 kBProgress (3): 93/309 kB | 59/659 kB | 249/349 kBProgress (4): 93/309 kB | 59/659 kB | 249/349 kB | 0.9/26 kBProgress (4): 93/309 kB | 59/659 kB | 249/349 kB | 2.3/26 kBProgress (4): 93/309 kB | 59/659 kB | 266/349 kB | 2.3/26 kBProgress (4): 93/309 kB | 59/659 kB | 266/349 kB | 3.7/26 kBProgress (4): 93/309 kB | 59/659 kB | 266/349 kB | 5.0/26 kBProgress (4): 93/309 kB | 63/659 kB | 266/349 kB | 5.0/26 kBProgress (4): 93/309 kB | 66/659 kB | 266/349 kB | 5.0/26 kBProgress (4): 93/309 kB | 66/659 kB | 282/349 kB | 5.0/26 kBProgress (4): 93/309 kB | 66/659 kB | 282/349 kB | 6.4/26 kBProgress (4): 93/309 kB | 70/659 kB | 282/349 kB | 6.4/26 kBProgress (4): 93/309 kB | 70/659 kB | 295/349 kB | 6.4/26 kBProgress (4): 93/309 kB | 74/659 kB | 295/349 kB | 6.4/26 kBProgress (4): 93/309 kB | 78/659 kB | 295/349 kB | 6.4/26 kBProgress (4): 93/309 kB | 78/659 kB | 295/349 kB | 7.8/26 kBProgress (4): 93/309 kB | 82/659 kB | 295/349 kB | 7.8/26 kBProgress (4): 93/309 kB | 82/659 kB | 311/349 kB | 7.8/26 kBProgress (4): 93/309 kB | 87/659 kB | 311/349 kB | 7.8/26 kBProgress (4): 93/309 kB | 87/659 kB | 311/349 kB | 9.1/26 kBProgress (4): 93/309 kB | 91/659 kB | 311/349 kB | 9.1/26 kBProgress (4): 93/309 kB | 91/659 kB | 328/349 kB | 9.1/26 kBProgress (4): 93/309 kB | 91/659 kB | 328/349 kB | 11/26 kB Progress (4): 93/309 kB | 91/659 kB | 328/349 kB | 12/26 kBProgress (4): 98/309 kB | 91/659 kB | 328/349 kB | 12/26 kBProgress (4): 98/309 kB | 91/659 kB | 336/349 kB | 12/26 kBProgress (4): 98/309 kB | 91/659 kB | 336/349 kB | 12/26 kBProgress (4): 103/309 kB | 91/659 kB | 336/349 kB | 12/26 kBProgress (4): 107/309 kB | 91/659 kB | 336/349 kB | 12/26 kBProgress (4): 107/309 kB | 91/659 kB | 349 kB | 12/26 kB    Progress (4): 111/309 kB | 91/659 kB | 349 kB | 12/26 kBProgress (4): 111/309 kB | 91/659 kB | 349 kB | 13/26 kBProgress (4): 115/309 kB | 91/659 kB | 349 kB | 13/26 kBProgress (4): 119/309 kB | 91/659 kB | 349 kB | 13/26 kBProgress (4): 119/309 kB | 91/659 kB | 349 kB | 15/26 kB                                                        Downloaded from central: https://repo.maven.apache.org/maven2/org/apache/logging/log4j/log4j-api/2.24.3/log4j-api-2.24.3.jar (349 kB at 3.1 MB/s)
Downloading from central: https://repo.maven.apache.org/maven2/org/springframework/boot/spring-boot-starter-json/3.5.10/spring-boot-starter-json-3.5.10.jar
Progress (3): 124/309 kB | 91/659 kB | 15/26 kBProgress (3): 124/309 kB | 91/659 kB | 16/26 kBProgress (3): 124/309 kB | 91/659 kB | 17/26 kBProgress (3): 124/309 kB | 91/659 kB | 19/26 kBProgress (3): 124/309 kB | 91/659 kB | 20/26 kBProgress (3): 124/309 kB | 91/659 kB | 21/26 kBProgress (3): 124/309 kB | 91/659 kB | 23/26 kBProgress (3): 124/309 kB | 91/659 kB | 24/26 kBProgress (3): 124/309 kB | 91/659 kB | 26/26 kBProgress (3): 124/309 kB | 91/659 kB | 26 kB                                               Downloaded from central: https://repo.maven.apache.org/maven2/jakarta/annotation/jakarta.annotation-api/2.1.1/jakarta.annotation-api-2.1.1.jar (26 kB at 225 kB/s)
Downloading from central: https://repo.maven.apache.org/maven2/com/fasterxml/jackson/datatype/jackson-datatype-jdk8/2.19.4/jackson-datatype-jdk8-2.19.4.jar
Progress (2): 124/309 kB | 95/659 kBProgress (2): 124/309 kB | 99/659 kBProgress (2): 124/309 kB | 104/659 kBProgress (2): 124/309 kB | 108/659 kBProgress (2): 124/309 kB | 112/659 kBProgress (2): 124/309 kB | 116/659 kBProgress (2): 124/309 kB | 121/659 kBProgress (2): 124/309 kB | 125/659 kBProgress (2): 128/309 kB | 125/659 kBProgress (2): 128/309 kB | 129/659 kBProgress (2): 132/309 kB | 129/659 kBProgress (2): 132/309 kB | 133/659 kBProgress (2): 136/309 kB | 133/659 kBProgress (2): 136/309 kB | 137/659 kBProgress (2): 141/309 kB | 137/659 kBProgress (2): 141/309 kB | 142/659 kBProgress (2): 145/309 kB | 142/659 kBProgress (2): 145/309 kB | 146/659 kBProgress (2): 147/309 kB | 146/659 kBProgress (2): 147/309 kB | 150/659 kBProgress (2): 152/309 kB | 150/659 kBProgress (2): 152/309 kB | 154/659 kBProgress (2): 152/309 kB | 159/659 kBProgress (2): 156/309 kB | 159/659 kBProgress (2): 156/309 kB | 163/659 kBProgress (2): 160/309 kB | 163/659 kBProgress (2): 164/309 kB | 163/659 kBProgress (2): 164/309 kB | 167/659 kBProgress (2): 164/309 kB | 171/659 kBProgress (2): 169/309 kB | 171/659 kBProgress (2): 169/309 kB | 175/659 kBProgress (2): 173/309 kB | 175/659 kBProgress (2): 173/309 kB | 180/659 kBProgress (2): 177/309 kB | 180/659 kBProgress (2): 177/309 kB | 184/659 kBProgress (2): 181/309 kB | 184/659 kBProgress (2): 186/309 kB | 184/659 kBProgress (2): 190/309 kB | 184/659 kBProgress (2): 194/309 kB | 184/659 kBProgress (2): 198/309 kB | 184/659 kBProgress (2): 202/309 kB | 184/659 kBProgress (2): 207/309 kB | 184/659 kBProgress (2): 211/309 kB | 184/659 kBProgress (2): 215/309 kB | 184/659 kBProgress (2): 219/309 kB | 184/659 kBProgress (2): 219/309 kB | 188/659 kBProgress (3): 219/309 kB | 188/659 kB | 0.9/340 kBProgress (3): 219/309 kB | 192/659 kB | 0.9/340 kBProgress (3): 219/309 kB | 192/659 kB | 2.3/340 kBProgress (3): 219/309 kB | 192/659 kB | 3.7/340 kBProgress (3): 219/309 kB | 197/659 kB | 3.7/340 kBProgress (3): 219/309 kB | 197/659 kB | 5.0/340 kBProgress (3): 219/309 kB | 197/659 kB | 6.4/340 kBProgress (3): 219/309 kB | 197/659 kB | 7.8/340 kBProgress (3): 219/309 kB | 201/659 kB | 7.8/340 kBProgress (3): 219/309 kB | 201/659 kB | 9.1/340 kBProgress (3): 219/309 kB | 201/659 kB | 11/340 kB Progress (3): 219/309 kB | 201/659 kB | 12/340 kBProgress (3): 219/309 kB | 201/659 kB | 13/340 kBProgress (3): 219/309 kB | 205/659 kB | 13/340 kBProgress (3): 219/309 kB | 205/659 kB | 15/340 kBProgress (3): 219/309 kB | 205/659 kB | 16/340 kBProgress (3): 219/309 kB | 205/659 kB | 17/340 kBProgress (3): 219/309 kB | 209/659 kB | 17/340 kBProgress (3): 219/309 kB | 209/659 kB | 19/340 kBProgress (3): 219/309 kB | 209/659 kB | 20/340 kBProgress (3): 219/309 kB | 214/659 kB | 20/340 kBProgress (3): 219/309 kB | 214/659 kB | 21/340 kBProgress (3): 219/309 kB | 214/659 kB | 23/340 kBProgress (3): 219/309 kB | 214/659 kB | 24/340 kBProgress (3): 219/309 kB | 218/659 kB | 24/340 kBProgress (3): 219/309 kB | 218/659 kB | 26/340 kBProgress (3): 219/309 kB | 218/659 kB | 27/340 kBProgress (3): 219/309 kB | 222/659 kB | 27/340 kBProgress (3): 219/309 kB | 222/659 kB | 28/340 kBProgress (3): 219/309 kB | 222/659 kB | 30/340 kBProgress (3): 219/309 kB | 238/659 kB | 30/340 kBProgress (3): 236/309 kB | 238/659 kB | 30/340 kBProgress (3): 236/309 kB | 255/659 kB | 30/340 kBProgress (3): 252/309 kB | 255/659 kB | 30/340 kBProgress (3): 252/309 kB | 271/659 kB | 30/340 kBProgress (3): 252/309 kB | 288/659 kB | 30/340 kBProgress (3): 269/309 kB | 288/659 kB | 30/340 kBProgress (3): 269/309 kB | 304/659 kB | 30/340 kBProgress (3): 279/309 kB | 304/659 kB | 30/340 kBProgress (3): 279/309 kB | 320/659 kB | 30/340 kBProgress (3): 295/309 kB | 320/659 kB | 30/340 kBProgress (3): 295/309 kB | 328/659 kB | 30/340 kBProgress (3): 309 kB | 328/659 kB | 30/340 kB    Progress (3): 309 kB | 344/659 kB | 30/340 kBProgress (3): 309 kB | 360/659 kB | 30/340 kB                                             Downloaded from central: https://repo.maven.apache.org/maven2/ch/qos/logback/logback-classic/1.5.25/logback-classic-1.5.25.jar (309 kB at 2.1 MB/s)
Downloading from central: https://repo.maven.apache.org/maven2/com/fasterxml/jackson/datatype/jackson-datatype-jsr310/2.19.4/jackson-datatype-jsr310-2.19.4.jar
Progress (2): 377/659 kB | 30/340 kBProgress (2): 393/659 kB | 30/340 kBProgress (2): 410/659 kB | 30/340 kBProgress (3): 410/659 kB | 30/340 kB | 0.9/36 kBProgress (3): 410/659 kB | 30/340 kB | 2.3/36 kBProgress (3): 410/659 kB | 30/340 kB | 3.7/36 kBProgress (3): 410/659 kB | 30/340 kB | 5.0/36 kBProgress (3): 410/659 kB | 31/340 kB | 5.0/36 kBProgress (3): 410/659 kB | 31/340 kB | 6.4/36 kBProgress (3): 426/659 kB | 31/340 kB | 6.4/36 kBProgress (3): 426/659 kB | 32/340 kB | 6.4/36 kBProgress (3): 426/659 kB | 32/340 kB | 7.8/36 kBProgress (3): 426/659 kB | 32/340 kB | 9.1/36 kBProgress (3): 426/659 kB | 32/340 kB | 11/36 kB Progress (3): 426/659 kB | 32/340 kB | 12/36 kBProgress (3): 426/659 kB | 32/340 kB | 13/36 kBProgress (3): 426/659 kB | 32/340 kB | 15/36 kBProgress (3): 426/659 kB | 32/340 kB | 16/36 kBProgress (3): 442/659 kB | 32/340 kB | 16/36 kBProgress (3): 442/659 kB | 32/340 kB | 17/36 kBProgress (3): 442/659 kB | 32/340 kB | 19/36 kBProgress (3): 442/659 kB | 32/340 kB | 20/36 kBProgress (3): 442/659 kB | 32/340 kB | 21/36 kBProgress (3): 442/659 kB | 32/340 kB | 23/36 kBProgress (3): 442/659 kB | 32/340 kB | 24/36 kBProgress (3): 459/659 kB | 32/340 kB | 24/36 kBProgress (3): 459/659 kB | 32/340 kB | 26/36 kBProgress (3): 459/659 kB | 32/340 kB | 30/36 kBProgress (3): 475/659 kB | 32/340 kB | 30/36 kBProgress (3): 475/659 kB | 34/340 kB | 30/36 kBProgress (3): 492/659 kB | 34/340 kB | 30/36 kBProgress (3): 492/659 kB | 35/340 kB | 30/36 kBProgress (3): 492/659 kB | 37/340 kB | 30/36 kBProgress (3): 492/659 kB | 38/340 kB | 30/36 kBProgress (3): 492/659 kB | 39/340 kB | 30/36 kBProgress (3): 492/659 kB | 41/340 kB | 30/36 kBProgress (3): 492/659 kB | 42/340 kB | 30/36 kBProgress (3): 492/659 kB | 43/340 kB | 30/36 kBProgress (3): 492/659 kB | 45/340 kB | 30/36 kBProgress (3): 492/659 kB | 46/340 kB | 30/36 kBProgress (3): 508/659 kB | 46/340 kB | 30/36 kBProgress (3): 508/659 kB | 50/340 kB | 30/36 kBProgress (3): 508/659 kB | 55/340 kB | 30/36 kBProgress (3): 508/659 kB | 59/340 kB | 30/36 kBProgress (4): 508/659 kB | 59/340 kB | 30/36 kB | 2.0 kB                                                        Downloaded from central: https://repo.maven.apache.org/maven2/org/springframework/boot/spring-boot-starter-json/3.5.10/spring-boot-starter-json-3.5.10.jar (2.0 kB at 13 kB/s)
Downloading from central: https://repo.maven.apache.org/maven2/com/fasterxml/jackson/module/jackson-module-parameter-names/2.19.4/jackson-module-parameter-names-2.19.4.jar
Progress (3): 524/659 kB | 59/340 kB | 30/36 kBProgress (3): 541/659 kB | 59/340 kB | 30/36 kBProgress (3): 557/659 kB | 59/340 kB | 30/36 kBProgress (3): 573/659 kB | 59/340 kB | 30/36 kBProgress (3): 590/659 kB | 59/340 kB | 30/36 kBProgress (3): 606/659 kB | 59/340 kB | 30/36 kBProgress (3): 606/659 kB | 59/340 kB | 34/36 kBProgress (3): 606/659 kB | 59/340 kB | 36 kB   Progress (3): 623/659 kB | 59/340 kB | 36 kBProgress (3): 639/659 kB | 59/340 kB | 36 kBProgress (3): 639/659 kB | 63/340 kB | 36 kB                                            Downloaded from central: https://repo.maven.apache.org/maven2/com/fasterxml/jackson/datatype/jackson-datatype-jdk8/2.19.4/jackson-datatype-jdk8-2.19.4.jar (36 kB at 230 kB/s)
Downloading from central: https://repo.maven.apache.org/maven2/org/springframework/boot/spring-boot-starter-tomcat/3.5.10/spring-boot-starter-tomcat-3.5.10.jar
Progress (2): 655/659 kB | 63/340 kBProgress (2): 659 kB | 63/340 kB    Progress (2): 659 kB | 65/340 kBProgress (2): 659 kB | 69/340 kB                                Downloaded from central: https://repo.maven.apache.org/maven2/ch/qos/logback/logback-core/1.5.25/logback-core-1.5.25.jar (659 kB at 4.1 MB/s)
Progress (1): 73/340 kB                       Downloading from central: https://repo.maven.apache.org/maven2/org/apache/tomcat/embed/tomcat-embed-core/10.1.50/tomcat-embed-core-10.1.50.jar
Progress (1): 78/340 kBProgress (1): 82/340 kBProgress (1): 86/340 kBProgress (1): 90/340 kBProgress (1): 94/340 kBProgress (1): 99/340 kBProgress (1): 103/340 kBProgress (1): 107/340 kBProgress (1): 111/340 kBProgress (1): 116/340 kBProgress (1): 120/340 kBProgress (1): 124/340 kBProgress (1): 128/340 kBProgress (1): 133/340 kBProgress (1): 137/340 kBProgress (1): 141/340 kBProgress (1): 145/340 kBProgress (1): 149/340 kBProgress (1): 154/340 kBProgress (1): 158/340 kBProgress (1): 162/340 kBProgress (1): 166/340 kBProgress (1): 171/340 kBProgress (1): 175/340 kBProgress (1): 179/340 kBProgress (2): 179/340 kB | 7.7/137 kBProgress (2): 183/340 kB | 7.7/137 kBProgress (2): 183/340 kB | 16/137 kB Progress (2): 187/340 kB | 16/137 kBProgress (2): 187/340 kB | 32/137 kBProgress (2): 187/340 kB | 49/137 kBProgress (2): 187/340 kB | 65/137 kBProgress (2): 187/340 kB | 81/137 kBProgress (2): 187/340 kB | 98/137 kBProgress (2): 187/340 kB | 114/137 kBProgress (2): 187/340 kB | 131/137 kBProgress (2): 187/340 kB | 137 kB                                     Downloaded from central: https://repo.maven.apache.org/maven2/com/fasterxml/jackson/datatype/jackson-datatype-jsr310/2.19.4/jackson-datatype-jsr310-2.19.4.jar (137 kB at 757 kB/s)
Downloading from central: https://repo.maven.apache.org/maven2/org/apache/tomcat/embed/tomcat-embed-el/10.1.50/tomcat-embed-el-10.1.50.jar
Progress (1): 192/340 kBProgress (1): 196/340 kBProgress (1): 200/340 kBProgress (1): 204/340 kBProgress (1): 209/340 kBProgress (2): 209/340 kB | 7.7/10 kBProgress (2): 209/340 kB | 10 kB                                    Downloaded from central: https://repo.maven.apache.org/maven2/com/fasterxml/jackson/module/jackson-module-parameter-names/2.19.4/jackson-module-parameter-names-2.19.4.jar (10 kB at 57 kB/s)
Downloading from central: https://repo.maven.apache.org/maven2/org/apache/tomcat/embed/tomcat-embed-websocket/10.1.50/tomcat-embed-websocket-10.1.50.jar
Progress (1): 213/340 kBProgress (1): 229/340 kBProgress (1): 246/340 kBProgress (1): 262/340 kBProgress (2): 262/340 kB | 2.0 kBProgress (2): 278/340 kB | 2.0 kB                                 Downloaded from central: https://repo.maven.apache.org/maven2/org/springframework/boot/spring-boot-starter-tomcat/3.5.10/spring-boot-starter-tomcat-3.5.10.jar (2.0 kB at 11 kB/s)
Downloading from central: https://repo.maven.apache.org/maven2/org/springframework/spring-web/6.2.15/spring-web-6.2.15.jar
Progress (1): 295/340 kBProgress (1): 311/340 kBProgress (1): 327/340 kBProgress (1): 328/340 kBProgress (1): 340 kB                        Downloaded from central: https://repo.maven.apache.org/maven2/org/yaml/snakeyaml/2.4/snakeyaml-2.4.jar (340 kB at 1.8 MB/s)
Downloading from central: https://repo.maven.apache.org/maven2/org/springframework/spring-beans/6.2.15/spring-beans-6.2.15.jar
Progress (1): 0/3.7 MBProgress (1): 0/3.7 MBProgress (1): 0/3.7 MBProgress (1): 0/3.7 MBProgress (1): 0/3.7 MBProgress (1): 0/3.7 MBProgress (1): 0/3.7 MBProgress (1): 0/3.7 MBProgress (1): 0/3.7 MBProgress (1): 0/3.7 MBProgress (1): 0/3.7 MBProgress (1): 0/3.7 MBProgress (1): 0.1/3.7 MBProgress (1): 0.1/3.7 MBProgress (1): 0.1/3.7 MBProgress (1): 0.1/3.7 MBProgress (1): 0.1/3.7 MBProgress (1): 0.1/3.7 MBProgress (1): 0.1/3.7 MBProgress (1): 0.1/3.7 MBProgress (1): 0.1/3.7 MBProgress (1): 0.1/3.7 MBProgress (1): 0.1/3.7 MBProgress (1): 0.1/3.7 MBProgress (1): 0.1/3.7 MBProgress (1): 0.1/3.7 MBProgress (1): 0.1/3.7 MBProgress (1): 0.1/3.7 MBProgress (1): 0.1/3.7 MBProgress (1): 0.1/3.7 MBProgress (1): 0.1/3.7 MBProgress (1): 0.1/3.7 MBProgress (1): 0.1/3.7 MBProgress (1): 0.1/3.7 MBProgress (1): 0.1/3.7 MBProgress (1): 0.1/3.7 MBProgress (1): 0.2/3.7 MBProgress (1): 0.2/3.7 MBProgress (1): 0.2/3.7 MBProgress (1): 0.2/3.7 MBProgress (1): 0.2/3.7 MBProgress (1): 0.2/3.7 MBProgress (1): 0.2/3.7 MBProgress (1): 0.3/3.7 MBProgress (1): 0.3/3.7 MBProgress (2): 0.3/3.7 MB | 7.7/264 kBProgress (2): 0.3/3.7 MB | 12/264 kB Progress (3): 0.3/3.7 MB | 12/264 kB | 7.7/284 kBProgress (3): 0.3/3.7 MB | 28/264 kB | 7.7/284 kBProgress (3): 0.3/3.7 MB | 28/264 kB | 12/284 kB Progress (3): 0.3/3.7 MB | 28/264 kB | 28/284 kBProgress (3): 0.3/3.7 MB | 44/264 kB | 28/284 kBProgress (3): 0.3/3.7 MB | 44/264 kB | 44/284 kBProgress (3): 0.3/3.7 MB | 61/264 kB | 44/284 kBProgress (3): 0.3/3.7 MB | 77/264 kB | 44/284 kBProgress (3): 0.3/3.7 MB | 77/264 kB | 61/284 kBProgress (3): 0.3/3.7 MB | 94/264 kB | 61/284 kBProgress (3): 0.3/3.7 MB | 97/264 kB | 61/284 kBProgress (3): 0.3/3.7 MB | 97/264 kB | 77/284 kBProgress (3): 0.3/3.7 MB | 114/264 kB | 77/284 kBProgress (3): 0.3/3.7 MB | 114/264 kB | 93/284 kBProgress (3): 0.3/3.7 MB | 114/264 kB | 110/284 kBProgress (3): 0.3/3.7 MB | 114/264 kB | 126/284 kBProgress (3): 0.3/3.7 MB | 114/264 kB | 134/284 kBProgress (3): 0.3/3.7 MB | 130/264 kB | 134/284 kBProgress (3): 0.3/3.7 MB | 130/264 kB | 151/284 kBProgress (3): 0.3/3.7 MB | 130/264 kB | 167/284 kBProgress (3): 0.3/3.7 MB | 146/264 kB | 167/284 kBProgress (3): 0.3/3.7 MB | 146/264 kB | 184/284 kBProgress (3): 0.3/3.7 MB | 146/264 kB | 200/284 kBProgress (3): 0.3/3.7 MB | 163/264 kB | 200/284 kBProgress (3): 0.3/3.7 MB | 163/264 kB | 200/284 kBProgress (3): 0.3/3.7 MB | 179/264 kB | 200/284 kBProgress (3): 0.3/3.7 MB | 179/264 kB | 200/284 kBProgress (3): 0.3/3.7 MB | 179/264 kB | 200/284 kBProgress (3): 0.3/3.7 MB | 196/264 kB | 200/284 kBProgress (3): 0.3/3.7 MB | 196/264 kB | 200/284 kBProgress (3): 0.4/3.7 MB | 196/264 kB | 200/284 kBProgress (3): 0.4/3.7 MB | 212/264 kB | 200/284 kBProgress (3): 0.4/3.7 MB | 212/264 kB | 200/284 kBProgress (3): 0.4/3.7 MB | 228/264 kB | 200/284 kBProgress (4): 0.4/3.7 MB | 228/264 kB | 200/284 kB | 0/2.1 MBProgress (4): 0.4/3.7 MB | 228/264 kB | 200/284 kB | 0/2.1 MBProgress (4): 0.4/3.7 MB | 228/264 kB | 200/284 kB | 0/2.1 MBProgress (4): 0.4/3.7 MB | 228/264 kB | 200/284 kB | 0/2.1 MBProgress (4): 0.4/3.7 MB | 245/264 kB | 200/284 kB | 0/2.1 MBProgress (4): 0.4/3.7 MB | 245/264 kB | 200/284 kB | 0/2.1 MBProgress (4): 0.4/3.7 MB | 261/264 kB | 200/284 kB | 0/2.1 MBProgress (4): 0.4/3.7 MB | 261/264 kB | 200/284 kB | 0/2.1 MBProgress (4): 0.4/3.7 MB | 264 kB | 200/284 kB | 0/2.1 MB    Progress (4): 0.4/3.7 MB | 264 kB | 200/284 kB | 0/2.1 MBProgress (4): 0.5/3.7 MB | 264 kB | 200/284 kB | 0/2.1 MBProgress (4): 0.5/3.7 MB | 264 kB | 200/284 kB | 0/2.1 MBProgress (4): 0.5/3.7 MB | 264 kB | 200/284 kB | 0/2.1 MBProgress (4): 0.5/3.7 MB | 264 kB | 216/284 kB | 0/2.1 MBProgress (4): 0.5/3.7 MB | 264 kB | 217/284 kB | 0/2.1 MBProgress (4): 0.5/3.7 MB | 264 kB | 233/284 kB | 0/2.1 MBProgress (4): 0.5/3.7 MB | 264 kB | 241/284 kB | 0/2.1 MB                                                         Downloaded from central: https://repo.maven.apache.org/maven2/org/apache/tomcat/embed/tomcat-embed-el/10.1.50/tomcat-embed-el-10.1.50.jar (264 kB at 1.2 MB/s)
Downloading from central: https://repo.maven.apache.org/maven2/io/micrometer/micrometer-observation/1.15.8/micrometer-observation-1.15.8.jar
Progress (3): 0.5/3.7 MB | 258/284 kB | 0/2.1 MBProgress (3): 0.5/3.7 MB | 266/284 kB | 0/2.1 MBProgress (3): 0.5/3.7 MB | 282/284 kB | 0/2.1 MBProgress (3): 0.5/3.7 MB | 284 kB | 0/2.1 MB                                                Downloaded from central: https://repo.maven.apache.org/maven2/org/apache/tomcat/embed/tomcat-embed-websocket/10.1.50/tomcat-embed-websocket-10.1.50.jar (284 kB at 1.3 MB/s)
Downloading from central: https://repo.maven.apache.org/maven2/io/micrometer/micrometer-commons/1.15.8/micrometer-commons-1.15.8.jar
Progress (3): 0.5/3.7 MB | 0/2.1 MB | 7.7/891 kBProgress (3): 0.5/3.7 MB | 0.1/2.1 MB | 7.7/891 kBProgress (3): 0.5/3.7 MB | 0.1/2.1 MB | 7.7/891 kBProgress (3): 0.5/3.7 MB | 0.1/2.1 MB | 7.7/891 kBProgress (3): 0.5/3.7 MB | 0.1/2.1 MB | 7.7/891 kBProgress (3): 0.5/3.7 MB | 0.1/2.1 MB | 7.7/891 kBProgress (3): 0.5/3.7 MB | 0.1/2.1 MB | 7.7/891 kBProgress (3): 0.5/3.7 MB | 0.2/2.1 MB | 7.7/891 kBProgress (3): 0.5/3.7 MB | 0.2/2.1 MB | 7.7/891 kBProgress (3): 0.5/3.7 MB | 0.2/2.1 MB | 7.7/891 kBProgress (3): 0.5/3.7 MB | 0.2/2.1 MB | 7.7/891 kBProgress (3): 0.5/3.7 MB | 0.2/2.1 MB | 7.7/891 kBProgress (3): 0.5/3.7 MB | 0.2/2.1 MB | 7.7/891 kBProgress (3): 0.5/3.7 MB | 0.2/2.1 MB | 16/891 kB Progress (3): 0.5/3.7 MB | 0.3/2.1 MB | 16/891 kBProgress (3): 0.5/3.7 MB | 0.3/2.1 MB | 25/891 kBProgress (3): 0.5/3.7 MB | 0.3/2.1 MB | 25/891 kBProgress (3): 0.5/3.7 MB | 0.3/2.1 MB | 41/891 kBProgress (3): 0.5/3.7 MB | 0.3/2.1 MB | 41/891 kBProgress (3): 0.5/3.7 MB | 0.3/2.1 MB | 57/891 kBProgress (3): 0.5/3.7 MB | 0.3/2.1 MB | 57/891 kBProgress (3): 0.5/3.7 MB | 0.3/2.1 MB | 74/891 kBProgress (3): 0.5/3.7 MB | 0.3/2.1 MB | 74/891 kBProgress (3): 0.5/3.7 MB | 0.3/2.1 MB | 90/891 kBProgress (3): 0.5/3.7 MB | 0.3/2.1 MB | 90/891 kBProgress (3): 0.5/3.7 MB | 0.3/2.1 MB | 106/891 kBProgress (3): 0.5/3.7 MB | 0.3/2.1 MB | 115/891 kBProgress (3): 0.5/3.7 MB | 0.4/2.1 MB | 115/891 kBProgress (3): 0.5/3.7 MB | 0.4/2.1 MB | 115/891 kBProgress (3): 0.5/3.7 MB | 0.4/2.1 MB | 131/891 kBProgress (3): 0.5/3.7 MB | 0.4/2.1 MB | 147/891 kBProgress (3): 0.5/3.7 MB | 0.4/2.1 MB | 147/891 kBProgress (3): 0.5/3.7 MB | 0.4/2.1 MB | 164/891 kBProgress (3): 0.5/3.7 MB | 0.4/2.1 MB | 164/891 kBProgress (3): 0.5/3.7 MB | 0.4/2.1 MB | 164/891 kBProgress (3): 0.5/3.7 MB | 0.4/2.1 MB | 164/891 kBProgress (3): 0.5/3.7 MB | 0.5/2.1 MB | 164/891 kBProgress (3): 0.5/3.7 MB | 0.5/2.1 MB | 164/891 kBProgress (3): 0.5/3.7 MB | 0.5/2.1 MB | 180/891 kBProgress (3): 0.5/3.7 MB | 0.5/2.1 MB | 180/891 kBProgress (3): 0.5/3.7 MB | 0.5/2.1 MB | 180/891 kBProgress (3): 0.5/3.7 MB | 0.5/2.1 MB | 180/891 kBProgress (3): 0.5/3.7 MB | 0.5/2.1 MB | 180/891 kBProgress (3): 0.5/3.7 MB | 0.5/2.1 MB | 197/891 kBProgress (3): 0.5/3.7 MB | 0.6/2.1 MB | 197/891 kBProgress (3): 0.5/3.7 MB | 0.6/2.1 MB | 197/891 kBProgress (3): 0.5/3.7 MB | 0.6/2.1 MB | 197/891 kBProgress (3): 0.5/3.7 MB | 0.6/2.1 MB | 213/891 kBProgress (3): 0.5/3.7 MB | 0.6/2.1 MB | 213/891 kBProgress (3): 0.5/3.7 MB | 0.6/2.1 MB | 213/891 kBProgress (3): 0.5/3.7 MB | 0.6/2.1 MB | 213/891 kBProgress (3): 0.5/3.7 MB | 0.6/2.1 MB | 229/891 kBProgress (3): 0.5/3.7 MB | 0.6/2.1 MB | 229/891 kBProgress (3): 0.5/3.7 MB | 0.6/2.1 MB | 229/891 kBProgress (3): 0.5/3.7 MB | 0.7/2.1 MB | 229/891 kBProgress (3): 0.5/3.7 MB | 0.7/2.1 MB | 246/891 kBProgress (3): 0.5/3.7 MB | 0.7/2.1 MB | 246/891 kBProgress (3): 0.5/3.7 MB | 0.7/2.1 MB | 246/891 kBProgress (3): 0.5/3.7 MB | 0.7/2.1 MB | 262/891 kBProgress (3): 0.5/3.7 MB | 0.7/2.1 MB | 262/891 kBProgress (3): 0.5/3.7 MB | 0.7/2.1 MB | 262/891 kBProgress (3): 0.5/3.7 MB | 0.7/2.1 MB | 262/891 kBProgress (3): 0.5/3.7 MB | 0.7/2.1 MB | 279/891 kBProgress (3): 0.5/3.7 MB | 0.7/2.1 MB | 279/891 kBProgress (3): 0.5/3.7 MB | 0.7/2.1 MB | 279/891 kBProgress (3): 0.5/3.7 MB | 0.7/2.1 MB | 295/891 kBProgress (3): 0.5/3.7 MB | 0.7/2.1 MB | 295/891 kBProgress (3): 0.5/3.7 MB | 0.7/2.1 MB | 311/891 kBProgress (3): 0.5/3.7 MB | 0.8/2.1 MB | 311/891 kBProgress (3): 0.5/3.7 MB | 0.8/2.1 MB | 328/891 kBProgress (3): 0.5/3.7 MB | 0.8/2.1 MB | 328/891 kBProgress (3): 0.5/3.7 MB | 0.8/2.1 MB | 328/891 kBProgress (3): 0.5/3.7 MB | 0.8/2.1 MB | 344/891 kBProgress (3): 0.5/3.7 MB | 0.8/2.1 MB | 344/891 kBProgress (3): 0.5/3.7 MB | 0.8/2.1 MB | 360/891 kBProgress (3): 0.5/3.7 MB | 0.8/2.1 MB | 360/891 kBProgress (3): 0.6/3.7 MB | 0.8/2.1 MB | 360/891 kBProgress (3): 0.6/3.7 MB | 0.8/2.1 MB | 360/891 kBProgress (3): 0.6/3.7 MB | 0.8/2.1 MB | 377/891 kBProgress (3): 0.6/3.7 MB | 0.9/2.1 MB | 377/891 kBProgress (3): 0.6/3.7 MB | 0.9/2.1 MB | 377/891 kBProgress (3): 0.6/3.7 MB | 0.9/2.1 MB | 393/891 kBProgress (3): 0.6/3.7 MB | 0.9/2.1 MB | 393/891 kBProgress (3): 0.6/3.7 MB | 0.9/2.1 MB | 410/891 kBProgress (3): 0.6/3.7 MB | 0.9/2.1 MB | 410/891 kBProgress (3): 0.6/3.7 MB | 0.9/2.1 MB | 410/891 kBProgress (3): 0.6/3.7 MB | 0.9/2.1 MB | 410/891 kBProgress (3): 0.6/3.7 MB | 0.9/2.1 MB | 426/891 kBProgress (3): 0.6/3.7 MB | 0.9/2.1 MB | 426/891 kBProgress (3): 0.6/3.7 MB | 0.9/2.1 MB | 442/891 kBProgress (3): 0.6/3.7 MB | 0.9/2.1 MB | 442/891 kBProgress (3): 0.6/3.7 MB | 0.9/2.1 MB | 442/891 kBProgress (3): 0.6/3.7 MB | 0.9/2.1 MB | 459/891 kBProgress (3): 0.6/3.7 MB | 1.0/2.1 MB | 459/891 kBProgress (3): 0.6/3.7 MB | 1.0/2.1 MB | 459/891 kBProgress (3): 0.6/3.7 MB | 1.0/2.1 MB | 475/891 kBProgress (3): 0.6/3.7 MB | 1.0/2.1 MB | 475/891 kBProgress (3): 0.6/3.7 MB | 1.0/2.1 MB | 475/891 kBProgress (3): 0.6/3.7 MB | 1.0/2.1 MB | 475/891 kBProgress (3): 0.6/3.7 MB | 1.0/2.1 MB | 475/891 kBProgress (3): 0.6/3.7 MB | 1.0/2.1 MB | 492/891 kBProgress (3): 0.6/3.7 MB | 1.0/2.1 MB | 492/891 kBProgress (3): 0.6/3.7 MB | 1.0/2.1 MB | 508/891 kBProgress (3): 0.6/3.7 MB | 1.1/2.1 MB | 508/891 kBProgress (3): 0.6/3.7 MB | 1.1/2.1 MB | 508/891 kBProgress (3): 0.6/3.7 MB | 1.1/2.1 MB | 524/891 kBProgress (3): 0.6/3.7 MB | 1.1/2.1 MB | 524/891 kBProgress (3): 0.6/3.7 MB | 1.1/2.1 MB | 524/891 kBProgress (3): 0.6/3.7 MB | 1.1/2.1 MB | 524/891 kBProgress (3): 0.6/3.7 MB | 1.1/2.1 MB | 541/891 kBProgress (3): 0.6/3.7 MB | 1.1/2.1 MB | 541/891 kBProgress (4): 0.6/3.7 MB | 1.1/2.1 MB | 541/891 kB | 7.7/75 kBProgress (4): 0.6/3.7 MB | 1.1/2.1 MB | 541/891 kB | 16/75 kB Progress (4): 0.6/3.7 MB | 1.1/2.1 MB | 541/891 kB | 16/75 kBProgress (4): 0.6/3.7 MB | 1.1/2.1 MB | 541/891 kB | 32/75 kBProgress (4): 0.6/3.7 MB | 1.2/2.1 MB | 541/891 kB | 32/75 kBProgress (4): 0.7/3.7 MB | 1.2/2.1 MB | 541/891 kB | 32/75 kBProgress (4): 0.7/3.7 MB | 1.2/2.1 MB | 541/891 kB | 49/75 kBProgress (4): 0.7/3.7 MB | 1.2/2.1 MB | 541/891 kB | 49/75 kBProgress (4): 0.7/3.7 MB | 1.2/2.1 MB | 541/891 kB | 49/75 kBProgress (4): 0.7/3.7 MB | 1.2/2.1 MB | 541/891 kB | 65/75 kBProgress (4): 0.7/3.7 MB | 1.2/2.1 MB | 541/891 kB | 65/75 kBProgress (4): 0.7/3.7 MB | 1.2/2.1 MB | 541/891 kB | 75 kB   Progress (4): 0.7/3.7 MB | 1.2/2.1 MB | 541/891 kB | 75 kBProgress (4): 0.7/3.7 MB | 1.2/2.1 MB | 541/891 kB | 75 kBProgress (4): 0.7/3.7 MB | 1.2/2.1 MB | 541/891 kB | 75 kBProgress (4): 0.7/3.7 MB | 1.2/2.1 MB | 541/891 kB | 75 kBProgress (4): 0.7/3.7 MB | 1.2/2.1 MB | 541/891 kB | 75 kBProgress (5): 0.7/3.7 MB | 1.2/2.1 MB | 541/891 kB | 75 kB | 7.7/49 kBProgress (5): 0.7/3.7 MB | 1.2/2.1 MB | 541/891 kB | 75 kB | 16/49 kB Progress (5): 0.8/3.7 MB | 1.2/2.1 MB | 541/891 kB | 75 kB | 16/49 kBProgress (5): 0.8/3.7 MB | 1.2/2.1 MB | 541/891 kB | 75 kB | 25/49 kBProgress (5): 0.8/3.7 MB | 1.2/2.1 MB | 541/891 kB | 75 kB | 25/49 kBProgress (5): 0.8/3.7 MB | 1.2/2.1 MB | 557/891 kB | 75 kB | 25/49 kBProgress (5): 0.8/3.7 MB | 1.2/2.1 MB | 557/891 kB | 75 kB | 41/49 kBProgress (5): 0.8/3.7 MB | 1.2/2.1 MB | 557/891 kB | 75 kB | 49 kB   Progress (5): 0.8/3.7 MB | 1.2/2.1 MB | 557/891 kB | 75 kB | 49 kBProgress (5): 0.8/3.7 MB | 1.2/2.1 MB | 573/891 kB | 75 kB | 49 kBProgress (5): 0.8/3.7 MB | 1.2/2.1 MB | 573/891 kB | 75 kB | 49 kBProgress (5): 0.8/3.7 MB | 1.2/2.1 MB | 590/891 kB | 75 kB | 49 kBProgress (5): 0.8/3.7 MB | 1.2/2.1 MB | 590/891 kB | 75 kB | 49 kB                                                                  Downloaded from central: https://repo.maven.apache.org/maven2/io/micrometer/micrometer-commons/1.15.8/micrometer-commons-1.15.8.jar (49 kB at 187 kB/s)
Downloading from central: https://repo.maven.apache.org/maven2/org/springframework/spring-webmvc/6.2.15/spring-webmvc-6.2.15.jar
Progress (4): 0.8/3.7 MB | 1.2/2.1 MB | 590/891 kB | 75 kBProgress (4): 0.8/3.7 MB | 1.2/2.1 MB | 606/891 kB | 75 kBProgress (4): 0.8/3.7 MB | 1.2/2.1 MB | 610/891 kB | 75 kBProgress (4): 0.8/3.7 MB | 1.2/2.1 MB | 610/891 kB | 75 kBProgress (4): 0.8/3.7 MB | 1.2/2.1 MB | 626/891 kB | 75 kBProgress (4): 0.9/3.7 MB | 1.2/2.1 MB | 626/891 kB | 75 kBProgress (4): 0.9/3.7 MB | 1.2/2.1 MB | 626/891 kB | 75 kBProgress (4): 0.9/3.7 MB | 1.2/2.1 MB | 643/891 kB | 75 kBProgress (4): 0.9/3.7 MB | 1.2/2.1 MB | 643/891 kB | 75 kBProgress (4): 0.9/3.7 MB | 1.3/2.1 MB | 643/891 kB | 75 kBProgress (4): 0.9/3.7 MB | 1.3/2.1 MB | 643/891 kB | 75 kB                                                          Downloaded from central: https://repo.maven.apache.org/maven2/io/micrometer/micrometer-observation/1.15.8/micrometer-observation-1.15.8.jar (75 kB at 284 kB/s)
Downloading from central: https://repo.maven.apache.org/maven2/org/springframework/spring-context/6.2.15/spring-context-6.2.15.jar
Progress (3): 0.9/3.7 MB | 1.3/2.1 MB | 643/891 kBProgress (3): 0.9/3.7 MB | 1.3/2.1 MB | 643/891 kBProgress (3): 0.9/3.7 MB | 1.3/2.1 MB | 643/891 kBProgress (3): 0.9/3.7 MB | 1.3/2.1 MB | 643/891 kBProgress (3): 0.9/3.7 MB | 1.3/2.1 MB | 659/891 kBProgress (3): 0.9/3.7 MB | 1.4/2.1 MB | 659/891 kBProgress (3): 0.9/3.7 MB | 1.4/2.1 MB | 676/891 kBProgress (3): 0.9/3.7 MB | 1.4/2.1 MB | 676/891 kBProgress (3): 0.9/3.7 MB | 1.4/2.1 MB | 676/891 kBProgress (3): 0.9/3.7 MB | 1.4/2.1 MB | 692/891 kBProgress (3): 0.9/3.7 MB | 1.4/2.1 MB | 692/891 kBProgress (3): 0.9/3.7 MB | 1.4/2.1 MB | 708/891 kBProgress (3): 0.9/3.7 MB | 1.4/2.1 MB | 708/891 kBProgress (3): 0.9/3.7 MB | 1.4/2.1 MB | 708/891 kBProgress (3): 0.9/3.7 MB | 1.4/2.1 MB | 725/891 kBProgress (3): 0.9/3.7 MB | 1.5/2.1 MB | 725/891 kBProgress (3): 0.9/3.7 MB | 1.5/2.1 MB | 741/891 kBProgress (3): 0.9/3.7 MB | 1.5/2.1 MB | 741/891 kBProgress (3): 0.9/3.7 MB | 1.5/2.1 MB | 757/891 kBProgress (3): 0.9/3.7 MB | 1.5/2.1 MB | 757/891 kBProgress (3): 0.9/3.7 MB | 1.5/2.1 MB | 757/891 kBProgress (3): 0.9/3.7 MB | 1.5/2.1 MB | 774/891 kBProgress (3): 0.9/3.7 MB | 1.5/2.1 MB | 774/891 kBProgress (3): 0.9/3.7 MB | 1.5/2.1 MB | 790/891 kBProgress (3): 0.9/3.7 MB | 1.5/2.1 MB | 790/891 kBProgress (3): 0.9/3.7 MB | 1.6/2.1 MB | 790/891 kBProgress (3): 0.9/3.7 MB | 1.6/2.1 MB | 807/891 kBProgress (3): 0.9/3.7 MB | 1.6/2.1 MB | 807/891 kBProgress (3): 0.9/3.7 MB | 1.6/2.1 MB | 807/891 kBProgress (3): 0.9/3.7 MB | 1.6/2.1 MB | 823/891 kBProgress (3): 0.9/3.7 MB | 1.6/2.1 MB | 823/891 kBProgress (3): 0.9/3.7 MB | 1.6/2.1 MB | 823/891 kBProgress (3): 0.9/3.7 MB | 1.6/2.1 MB | 839/891 kBProgress (3): 0.9/3.7 MB | 1.6/2.1 MB | 839/891 kBProgress (3): 0.9/3.7 MB | 1.6/2.1 MB | 839/891 kBProgress (3): 0.9/3.7 MB | 1.6/2.1 MB | 839/891 kBProgress (3): 0.9/3.7 MB | 1.6/2.1 MB | 856/891 kBProgress (3): 0.9/3.7 MB | 1.6/2.1 MB | 856/891 kBProgress (3): 0.9/3.7 MB | 1.6/2.1 MB | 856/891 kBProgress (3): 0.9/3.7 MB | 1.6/2.1 MB | 872/891 kBProgress (3): 0.9/3.7 MB | 1.6/2.1 MB | 889/891 kBProgress (3): 1.0/3.7 MB | 1.6/2.1 MB | 889/891 kBProgress (3): 1.0/3.7 MB | 1.6/2.1 MB | 891 kB    Progress (3): 1.0/3.7 MB | 1.6/2.1 MB | 891 kBProgress (3): 1.0/3.7 MB | 1.7/2.1 MB | 891 kBProgress (3): 1.0/3.7 MB | 1.7/2.1 MB | 891 kB                                              Downloaded from central: https://repo.maven.apache.org/maven2/org/springframework/spring-beans/6.2.15/spring-beans-6.2.15.jar (891 kB at 3.2 MB/s)
Progress (2): 1.0/3.7 MB | 1.7/2.1 MB                                     Downloading from central: https://repo.maven.apache.org/maven2/org/springframework/spring-expression/6.2.15/spring-expression-6.2.15.jar
Progress (2): 1.0/3.7 MB | 1.7/2.1 MBProgress (2): 1.0/3.7 MB | 1.7/2.1 MBProgress (2): 1.0/3.7 MB | 1.7/2.1 MBProgress (2): 1.0/3.7 MB | 1.7/2.1 MBProgress (2): 1.0/3.7 MB | 1.7/2.1 MBProgress (2): 1.0/3.7 MB | 1.7/2.1 MBProgress (2): 1.0/3.7 MB | 1.7/2.1 MBProgress (2): 1.0/3.7 MB | 1.8/2.1 MBProgress (2): 1.0/3.7 MB | 1.8/2.1 MBProgress (2): 1.0/3.7 MB | 1.8/2.1 MBProgress (2): 1.0/3.7 MB | 1.8/2.1 MBProgress (2): 1.0/3.7 MB | 1.8/2.1 MBProgress (2): 1.1/3.7 MB | 1.8/2.1 MBProgress (2): 1.1/3.7 MB | 1.8/2.1 MBProgress (2): 1.1/3.7 MB | 1.8/2.1 MBProgress (2): 1.1/3.7 MB | 1.8/2.1 MBProgress (2): 1.1/3.7 MB | 1.8/2.1 MBProgress (2): 1.1/3.7 MB | 1.8/2.1 MBProgress (2): 1.1/3.7 MB | 1.9/2.1 MBProgress (2): 1.1/3.7 MB | 1.9/2.1 MBProgress (2): 1.1/3.7 MB | 1.9/2.1 MBProgress (2): 1.1/3.7 MB | 1.9/2.1 MBProgress (2): 1.1/3.7 MB | 1.9/2.1 MBProgress (2): 1.1/3.7 MB | 1.9/2.1 MBProgress (2): 1.1/3.7 MB | 1.9/2.1 MBProgress (2): 1.1/3.7 MB | 1.9/2.1 MBProgress (2): 1.2/3.7 MB | 1.9/2.1 MBProgress (2): 1.2/3.7 MB | 1.9/2.1 MBProgress (2): 1.2/3.7 MB | 1.9/2.1 MBProgress (2): 1.2/3.7 MB | 2.0/2.1 MBProgress (2): 1.2/3.7 MB | 2.0/2.1 MBProgress (2): 1.2/3.7 MB | 2.0/2.1 MBProgress (2): 1.2/3.7 MB | 2.0/2.1 MBProgress (2): 1.2/3.7 MB | 2.0/2.1 MBProgress (2): 1.2/3.7 MB | 2.0/2.1 MBProgress (2): 1.2/3.7 MB | 2.0/2.1 MBProgress (2): 1.2/3.7 MB | 2.0/2.1 MBProgress (2): 1.2/3.7 MB | 2.0/2.1 MBProgress (2): 1.3/3.7 MB | 2.0/2.1 MBProgress (2): 1.3/3.7 MB | 2.0/2.1 MBProgress (2): 1.3/3.7 MB | 2.0/2.1 MBProgress (2): 1.3/3.7 MB | 2.1/2.1 MBProgress (2): 1.3/3.7 MB | 2.1/2.1 MBProgress (2): 1.3/3.7 MB | 2.1/2.1 MBProgress (2): 1.3/3.7 MB | 2.1 MB    Progress (2): 1.3/3.7 MB | 2.1 MB                                 Downloaded from central: https://repo.maven.apache.org/maven2/org/springframework/spring-web/6.2.15/spring-web-6.2.15.jar (2.1 MB at 7.3 MB/s)
Downloading from central: https://repo.maven.apache.org/maven2/org/springframework/boot/spring-boot-starter-websocket/3.5.10/spring-boot-starter-websocket-3.5.10.jar
Progress (1): 1.3/3.7 MBProgress (1): 1.3/3.7 MBProgress (1): 1.4/3.7 MBProgress (1): 1.4/3.7 MBProgress (2): 1.4/3.7 MB | 0/1.4 MBProgress (3): 1.4/3.7 MB | 0/1.4 MB | 0/1.1 MBProgress (3): 1.4/3.7 MB | 0/1.4 MB | 0/1.1 MBProgress (3): 1.4/3.7 MB | 0/1.4 MB | 0/1.1 MBProgress (3): 1.4/3.7 MB | 0/1.4 MB | 0/1.1 MBProgress (3): 1.4/3.7 MB | 0/1.4 MB | 0/1.1 MBProgress (3): 1.4/3.7 MB | 0/1.4 MB | 0/1.1 MBProgress (3): 1.4/3.7 MB | 0/1.4 MB | 0/1.1 MBProgress (3): 1.4/3.7 MB | 0/1.4 MB | 0.1/1.1 MBProgress (3): 1.4/3.7 MB | 0/1.4 MB | 0.1/1.1 MBProgress (3): 1.4/3.7 MB | 0/1.4 MB | 0.1/1.1 MBProgress (3): 1.4/3.7 MB | 0/1.4 MB | 0.1/1.1 MBProgress (3): 1.4/3.7 MB | 0/1.4 MB | 0.1/1.1 MBProgress (3): 1.4/3.7 MB | 0/1.4 MB | 0.1/1.1 MBProgress (3): 1.4/3.7 MB | 0/1.4 MB | 0.1/1.1 MBProgress (3): 1.4/3.7 MB | 0/1.4 MB | 0.1/1.1 MBProgress (3): 1.4/3.7 MB | 0/1.4 MB | 0.1/1.1 MBProgress (3): 1.4/3.7 MB | 0/1.4 MB | 0.1/1.1 MBProgress (3): 1.4/3.7 MB | 0/1.4 MB | 0.1/1.1 MBProgress (3): 1.4/3.7 MB | 0.1/1.4 MB | 0.1/1.1 MBProgress (3): 1.4/3.7 MB | 0.1/1.4 MB | 0.1/1.1 MBProgress (3): 1.4/3.7 MB | 0.1/1.4 MB | 0.1/1.1 MBProgress (3): 1.4/3.7 MB | 0.1/1.4 MB | 0.1/1.1 MBProgress (3): 1.4/3.7 MB | 0.1/1.4 MB | 0.2/1.1 MBProgress (3): 1.4/3.7 MB | 0.1/1.4 MB | 0.2/1.1 MBProgress (3): 1.5/3.7 MB | 0.1/1.4 MB | 0.2/1.1 MBProgress (3): 1.5/3.7 MB | 0.1/1.4 MB | 0.2/1.1 MBProgress (3): 1.5/3.7 MB | 0.1/1.4 MB | 0.2/1.1 MBProgress (3): 1.5/3.7 MB | 0.1/1.4 MB | 0.2/1.1 MBProgress (3): 1.5/3.7 MB | 0.1/1.4 MB | 0.2/1.1 MBProgress (3): 1.5/3.7 MB | 0.1/1.4 MB | 0.2/1.1 MBProgress (3): 1.5/3.7 MB | 0.1/1.4 MB | 0.2/1.1 MBProgress (3): 1.5/3.7 MB | 0.1/1.4 MB | 0.2/1.1 MBProgress (3): 1.5/3.7 MB | 0.1/1.4 MB | 0.2/1.1 MBProgress (3): 1.5/3.7 MB | 0.1/1.4 MB | 0.2/1.1 MBProgress (3): 1.5/3.7 MB | 0.1/1.4 MB | 0.3/1.1 MBProgress (3): 1.5/3.7 MB | 0.1/1.4 MB | 0.3/1.1 MBProgress (3): 1.5/3.7 MB | 0.1/1.4 MB | 0.3/1.1 MBProgress (3): 1.5/3.7 MB | 0.1/1.4 MB | 0.3/1.1 MBProgress (3): 1.5/3.7 MB | 0.1/1.4 MB | 0.3/1.1 MBProgress (3): 1.5/3.7 MB | 0.1/1.4 MB | 0.3/1.1 MBProgress (3): 1.5/3.7 MB | 0.2/1.4 MB | 0.3/1.1 MBProgress (3): 1.5/3.7 MB | 0.2/1.4 MB | 0.3/1.1 MBProgress (3): 1.5/3.7 MB | 0.2/1.4 MB | 0.3/1.1 MBProgress (3): 1.5/3.7 MB | 0.2/1.4 MB | 0.3/1.1 MBProgress (3): 1.6/3.7 MB | 0.2/1.4 MB | 0.3/1.1 MBProgress (3): 1.6/3.7 MB | 0.2/1.4 MB | 0.3/1.1 MBProgress (3): 1.6/3.7 MB | 0.2/1.4 MB | 0.3/1.1 MBProgress (3): 1.6/3.7 MB | 0.2/1.4 MB | 0.3/1.1 MBProgress (3): 1.6/3.7 MB | 0.2/1.4 MB | 0.3/1.1 MBProgress (3): 1.6/3.7 MB | 0.2/1.4 MB | 0.3/1.1 MBProgress (3): 1.6/3.7 MB | 0.2/1.4 MB | 0.3/1.1 MBProgress (3): 1.6/3.7 MB | 0.3/1.4 MB | 0.3/1.1 MBProgress (3): 1.6/3.7 MB | 0.3/1.4 MB | 0.3/1.1 MBProgress (3): 1.6/3.7 MB | 0.3/1.4 MB | 0.3/1.1 MBProgress (3): 1.6/3.7 MB | 0.3/1.4 MB | 0.3/1.1 MBProgress (3): 1.6/3.7 MB | 0.3/1.4 MB | 0.3/1.1 MBProgress (3): 1.6/3.7 MB | 0.3/1.4 MB | 0.3/1.1 MBProgress (3): 1.6/3.7 MB | 0.3/1.4 MB | 0.3/1.1 MBProgress (3): 1.7/3.7 MB | 0.3/1.4 MB | 0.3/1.1 MBProgress (3): 1.7/3.7 MB | 0.3/1.4 MB | 0.3/1.1 MBProgress (3): 1.7/3.7 MB | 0.3/1.4 MB | 0.3/1.1 MBProgress (3): 1.7/3.7 MB | 0.3/1.4 MB | 0.3/1.1 MBProgress (3): 1.7/3.7 MB | 0.3/1.4 MB | 0.3/1.1 MBProgress (3): 1.7/3.7 MB | 0.3/1.4 MB | 0.3/1.1 MBProgress (3): 1.7/3.7 MB | 0.3/1.4 MB | 0.3/1.1 MBProgress (3): 1.7/3.7 MB | 0.3/1.4 MB | 0.3/1.1 MBProgress (3): 1.7/3.7 MB | 0.3/1.4 MB | 0.3/1.1 MBProgress (3): 1.7/3.7 MB | 0.3/1.4 MB | 0.3/1.1 MBProgress (3): 1.7/3.7 MB | 0.4/1.4 MB | 0.3/1.1 MBProgress (3): 1.7/3.7 MB | 0.4/1.4 MB | 0.3/1.1 MBProgress (3): 1.7/3.7 MB | 0.4/1.4 MB | 0.3/1.1 MBProgress (3): 1.7/3.7 MB | 0.4/1.4 MB | 0.3/1.1 MBProgress (3): 1.8/3.7 MB | 0.4/1.4 MB | 0.3/1.1 MBProgress (3): 1.8/3.7 MB | 0.4/1.4 MB | 0.3/1.1 MBProgress (3): 1.8/3.7 MB | 0.4/1.4 MB | 0.3/1.1 MBProgress (3): 1.8/3.7 MB | 0.4/1.4 MB | 0.3/1.1 MBProgress (3): 1.8/3.7 MB | 0.4/1.4 MB | 0.3/1.1 MBProgress (3): 1.8/3.7 MB | 0.4/1.4 MB | 0.3/1.1 MBProgress (3): 1.8/3.7 MB | 0.4/1.4 MB | 0.3/1.1 MBProgress (3): 1.8/3.7 MB | 0.4/1.4 MB | 0.3/1.1 MBProgress (3): 1.8/3.7 MB | 0.5/1.4 MB | 0.3/1.1 MBProgress (3): 1.8/3.7 MB | 0.5/1.4 MB | 0.3/1.1 MBProgress (3): 1.8/3.7 MB | 0.5/1.4 MB | 0.3/1.1 MBProgress (3): 1.8/3.7 MB | 0.5/1.4 MB | 0.3/1.1 MBProgress (4): 1.8/3.7 MB | 0.5/1.4 MB | 0.3/1.1 MB | 7.7/318 kBProgress (4): 1.8/3.7 MB | 0.5/1.4 MB | 0.3/1.1 MB | 7.7/318 kBProgress (4): 1.8/3.7 MB | 0.5/1.4 MB | 0.3/1.1 MB | 16/318 kB Progress (4): 1.8/3.7 MB | 0.5/1.4 MB | 0.3/1.1 MB | 16/318 kBProgress (4): 1.8/3.7 MB | 0.5/1.4 MB | 0.3/1.1 MB | 32/318 kBProgress (4): 1.8/3.7 MB | 0.6/1.4 MB | 0.3/1.1 MB | 32/318 kBProgress (4): 1.8/3.7 MB | 0.6/1.4 MB | 0.3/1.1 MB | 49/318 kBProgress (4): 1.8/3.7 MB | 0.6/1.4 MB | 0.3/1.1 MB | 49/318 kBProgress (4): 1.8/3.7 MB | 0.6/1.4 MB | 0.3/1.1 MB | 65/318 kBProgress (4): 1.8/3.7 MB | 0.6/1.4 MB | 0.3/1.1 MB | 65/318 kBProgress (4): 1.8/3.7 MB | 0.6/1.4 MB | 0.3/1.1 MB | 81/318 kBProgress (4): 1.8/3.7 MB | 0.6/1.4 MB | 0.3/1.1 MB | 81/318 kBProgress (4): 1.8/3.7 MB | 0.6/1.4 MB | 0.3/1.1 MB | 98/318 kBProgress (4): 1.8/3.7 MB | 0.6/1.4 MB | 0.3/1.1 MB | 98/318 kBProgress (4): 1.8/3.7 MB | 0.6/1.4 MB | 0.3/1.1 MB | 114/318 kBProgress (4): 1.8/3.7 MB | 0.6/1.4 MB | 0.3/1.1 MB | 114/318 kBProgress (4): 1.8/3.7 MB | 0.6/1.4 MB | 0.3/1.1 MB | 131/318 kBProgress (4): 1.8/3.7 MB | 0.7/1.4 MB | 0.3/1.1 MB | 131/318 kBProgress (4): 1.8/3.7 MB | 0.7/1.4 MB | 0.3/1.1 MB | 147/318 kBProgress (4): 1.8/3.7 MB | 0.7/1.4 MB | 0.3/1.1 MB | 147/318 kBProgress (4): 1.8/3.7 MB | 0.7/1.4 MB | 0.3/1.1 MB | 163/318 kBProgress (4): 1.8/3.7 MB | 0.7/1.4 MB | 0.3/1.1 MB | 163/318 kBProgress (4): 1.8/3.7 MB | 0.7/1.4 MB | 0.3/1.1 MB | 180/318 kBProgress (4): 1.8/3.7 MB | 0.7/1.4 MB | 0.3/1.1 MB | 180/318 kBProgress (4): 1.8/3.7 MB | 0.7/1.4 MB | 0.3/1.1 MB | 196/318 kBProgress (4): 1.8/3.7 MB | 0.7/1.4 MB | 0.3/1.1 MB | 196/318 kBProgress (4): 1.8/3.7 MB | 0.7/1.4 MB | 0.3/1.1 MB | 196/318 kBProgress (4): 1.8/3.7 MB | 0.7/1.4 MB | 0.3/1.1 MB | 196/318 kBProgress (4): 1.8/3.7 MB | 0.8/1.4 MB | 0.3/1.1 MB | 196/318 kBProgress (4): 1.8/3.7 MB | 0.8/1.4 MB | 0.4/1.1 MB | 196/318 kBProgress (4): 1.8/3.7 MB | 0.8/1.4 MB | 0.4/1.1 MB | 196/318 kBProgress (4): 1.8/3.7 MB | 0.8/1.4 MB | 0.4/1.1 MB | 196/318 kBProgress (4): 1.8/3.7 MB | 0.8/1.4 MB | 0.4/1.1 MB | 196/318 kBProgress (4): 1.8/3.7 MB | 0.8/1.4 MB | 0.4/1.1 MB | 196/318 kBProgress (4): 1.8/3.7 MB | 0.8/1.4 MB | 0.4/1.1 MB | 196/318 kBProgress (4): 1.8/3.7 MB | 0.8/1.4 MB | 0.4/1.1 MB | 196/318 kBProgress (4): 1.8/3.7 MB | 0.8/1.4 MB | 0.4/1.1 MB | 196/318 kBProgress (4): 1.8/3.7 MB | 0.8/1.4 MB | 0.4/1.1 MB | 196/318 kBProgress (4): 1.8/3.7 MB | 0.8/1.4 MB | 0.4/1.1 MB | 196/318 kBProgress (4): 1.9/3.7 MB | 0.8/1.4 MB | 0.4/1.1 MB | 196/318 kBProgress (4): 1.9/3.7 MB | 0.9/1.4 MB | 0.4/1.1 MB | 196/318 kBProgress (4): 1.9/3.7 MB | 0.9/1.4 MB | 0.4/1.1 MB | 196/318 kBProgress (4): 1.9/3.7 MB | 0.9/1.4 MB | 0.4/1.1 MB | 196/318 kBProgress (4): 1.9/3.7 MB | 0.9/1.4 MB | 0.4/1.1 MB | 196/318 kBProgress (4): 1.9/3.7 MB | 0.9/1.4 MB | 0.4/1.1 MB | 196/318 kBProgress (4): 1.9/3.7 MB | 0.9/1.4 MB | 0.4/1.1 MB | 196/318 kBProgress (4): 1.9/3.7 MB | 0.9/1.4 MB | 0.4/1.1 MB | 196/318 kBProgress (4): 1.9/3.7 MB | 0.9/1.4 MB | 0.4/1.1 MB | 196/318 kBProgress (4): 1.9/3.7 MB | 0.9/1.4 MB | 0.4/1.1 MB | 196/318 kBProgress (4): 1.9/3.7 MB | 0.9/1.4 MB | 0.4/1.1 MB | 196/318 kBProgress (4): 1.9/3.7 MB | 0.9/1.4 MB | 0.4/1.1 MB | 196/318 kBProgress (4): 1.9/3.7 MB | 0.9/1.4 MB | 0.4/1.1 MB | 196/318 kBProgress (4): 1.9/3.7 MB | 0.9/1.4 MB | 0.4/1.1 MB | 196/318 kBProgress (4): 1.9/3.7 MB | 0.9/1.4 MB | 0.4/1.1 MB | 196/318 kBProgress (4): 1.9/3.7 MB | 0.9/1.4 MB | 0.4/1.1 MB | 196/318 kBProgress (4): 1.9/3.7 MB | 1.0/1.4 MB | 0.4/1.1 MB | 196/318 kBProgress (4): 1.9/3.7 MB | 1.0/1.4 MB | 0.4/1.1 MB | 213/318 kBProgress (4): 1.9/3.7 MB | 1.0/1.4 MB | 0.4/1.1 MB | 213/318 kBProgress (4): 2.0/3.7 MB | 1.0/1.4 MB | 0.4/1.1 MB | 213/318 kBProgress (4): 2.0/3.7 MB | 1.0/1.4 MB | 0.4/1.1 MB | 213/318 kBProgress (4): 2.0/3.7 MB | 1.0/1.4 MB | 0.4/1.1 MB | 229/318 kBProgress (4): 2.0/3.7 MB | 1.0/1.4 MB | 0.4/1.1 MB | 229/318 kBProgress (4): 2.0/3.7 MB | 1.0/1.4 MB | 0.4/1.1 MB | 229/318 kBProgress (4): 2.0/3.7 MB | 1.0/1.4 MB | 0.4/1.1 MB | 229/318 kBProgress (4): 2.0/3.7 MB | 1.0/1.4 MB | 0.4/1.1 MB | 229/318 kBProgress (4): 2.0/3.7 MB | 1.0/1.4 MB | 0.4/1.1 MB | 229/318 kBProgress (4): 2.0/3.7 MB | 1.0/1.4 MB | 0.4/1.1 MB | 229/318 kBProgress (4): 2.0/3.7 MB | 1.0/1.4 MB | 0.4/1.1 MB | 245/318 kBProgress (4): 2.0/3.7 MB | 1.1/1.4 MB | 0.4/1.1 MB | 245/318 kBProgress (4): 2.0/3.7 MB | 1.1/1.4 MB | 0.4/1.1 MB | 245/318 kBProgress (4): 2.0/3.7 MB | 1.1/1.4 MB | 0.4/1.1 MB | 262/318 kBProgress (4): 2.0/3.7 MB | 1.1/1.4 MB | 0.4/1.1 MB | 262/318 kBProgress (5): 2.0/3.7 MB | 1.1/1.4 MB | 0.4/1.1 MB | 262/318 kB | 2.0 kBProgress (5): 2.0/3.7 MB | 1.1/1.4 MB | 0.5/1.1 MB | 262/318 kB | 2.0 kBProgress (5): 2.0/3.7 MB | 1.1/1.4 MB | 0.5/1.1 MB | 262/318 kB | 2.0 kBProgress (5): 2.0/3.7 MB | 1.1/1.4 MB | 0.5/1.1 MB | 262/318 kB | 2.0 kB                                                                        Downloaded from central: https://repo.maven.apache.org/maven2/org/springframework/boot/spring-boot-starter-websocket/3.5.10/spring-boot-starter-websocket-3.5.10.jar (2.0 kB at 6.3 kB/s)
Downloading from central: https://repo.maven.apache.org/maven2/org/springframework/spring-messaging/6.2.15/spring-messaging-6.2.15.jar
Progress (4): 2.0/3.7 MB | 1.1/1.4 MB | 0.5/1.1 MB | 262/318 kBProgress (4): 2.0/3.7 MB | 1.1/1.4 MB | 0.5/1.1 MB | 262/318 kBProgress (4): 2.0/3.7 MB | 1.1/1.4 MB | 0.5/1.1 MB | 278/318 kBProgress (4): 2.0/3.7 MB | 1.1/1.4 MB | 0.5/1.1 MB | 278/318 kBProgress (4): 2.0/3.7 MB | 1.1/1.4 MB | 0.5/1.1 MB | 278/318 kBProgress (4): 2.0/3.7 MB | 1.1/1.4 MB | 0.5/1.1 MB | 278/318 kBProgress (4): 2.0/3.7 MB | 1.1/1.4 MB | 0.5/1.1 MB | 278/318 kBProgress (4): 2.0/3.7 MB | 1.1/1.4 MB | 0.5/1.1 MB | 278/318 kBProgress (4): 2.0/3.7 MB | 1.1/1.4 MB | 0.5/1.1 MB | 294/318 kBProgress (4): 2.0/3.7 MB | 1.1/1.4 MB | 0.5/1.1 MB | 294/318 kBProgress (4): 2.0/3.7 MB | 1.1/1.4 MB | 0.5/1.1 MB | 294/318 kBProgress (4): 2.0/3.7 MB | 1.1/1.4 MB | 0.5/1.1 MB | 294/318 kBProgress (4): 2.0/3.7 MB | 1.1/1.4 MB | 0.5/1.1 MB | 294/318 kBProgress (4): 2.0/3.7 MB | 1.1/1.4 MB | 0.5/1.1 MB | 311/318 kBProgress (4): 2.0/3.7 MB | 1.1/1.4 MB | 0.5/1.1 MB | 311/318 kBProgress (4): 2.0/3.7 MB | 1.1/1.4 MB | 0.5/1.1 MB | 311/318 kBProgress (4): 2.0/3.7 MB | 1.2/1.4 MB | 0.5/1.1 MB | 311/318 kBProgress (4): 2.0/3.7 MB | 1.2/1.4 MB | 0.5/1.1 MB | 318 kB    Progress (4): 2.0/3.7 MB | 1.2/1.4 MB | 0.5/1.1 MB | 318 kBProgress (4): 2.1/3.7 MB | 1.2/1.4 MB | 0.5/1.1 MB | 318 kBProgress (4): 2.1/3.7 MB | 1.2/1.4 MB | 0.5/1.1 MB | 318 kBProgress (4): 2.1/3.7 MB | 1.2/1.4 MB | 0.5/1.1 MB | 318 kBProgress (4): 2.1/3.7 MB | 1.2/1.4 MB | 0.5/1.1 MB | 318 kBProgress (4): 2.1/3.7 MB | 1.2/1.4 MB | 0.5/1.1 MB | 318 kBProgress (4): 2.1/3.7 MB | 1.2/1.4 MB | 0.5/1.1 MB | 318 kBProgress (4): 2.1/3.7 MB | 1.3/1.4 MB | 0.5/1.1 MB | 318 kBProgress (4): 2.1/3.7 MB | 1.3/1.4 MB | 0.5/1.1 MB | 318 kBProgress (4): 2.1/3.7 MB | 1.3/1.4 MB | 0.5/1.1 MB | 318 kBProgress (4): 2.1/3.7 MB | 1.3/1.4 MB | 0.5/1.1 MB | 318 kBProgress (4): 2.1/3.7 MB | 1.3/1.4 MB | 0.5/1.1 MB | 318 kBProgress (4): 2.1/3.7 MB | 1.3/1.4 MB | 0.5/1.1 MB | 318 kBProgress (4): 2.1/3.7 MB | 1.3/1.4 MB | 0.5/1.1 MB | 318 kBProgress (4): 2.1/3.7 MB | 1.3/1.4 MB | 0.5/1.1 MB | 318 kBProgress (4): 2.1/3.7 MB | 1.3/1.4 MB | 0.5/1.1 MB | 318 kBProgress (4): 2.1/3.7 MB | 1.3/1.4 MB | 0.5/1.1 MB | 318 kBProgress (4): 2.1/3.7 MB | 1.3/1.4 MB | 0.5/1.1 MB | 318 kBProgress (4): 2.1/3.7 MB | 1.4 MB | 0.5/1.1 MB | 318 kB    Progress (4): 2.2/3.7 MB | 1.4 MB | 0.5/1.1 MB | 318 kBProgress (4): 2.2/3.7 MB | 1.4 MB | 0.5/1.1 MB | 318 kB                                                       Downloaded from central: https://repo.maven.apache.org/maven2/org/springframework/spring-context/6.2.15/spring-context-6.2.15.jar (1.4 MB at 4.0 MB/s)
Downloading from central: https://repo.maven.apache.org/maven2/org/springframework/spring-websocket/6.2.15/spring-websocket-6.2.15.jar
Downloaded from central: https://repo.maven.apache.org/maven2/org/springframework/spring-expression/6.2.15/spring-expression-6.2.15.jar (318 kB at 946 kB/s)
Downloading from central: https://repo.maven.apache.org/maven2/org/springframework/boot/spring-boot-starter-data-jpa/3.5.10/spring-boot-starter-data-jpa-3.5.10.jar
Progress (2): 2.2/3.7 MB | 0.6/1.1 MBProgress (2): 2.2/3.7 MB | 0.6/1.1 MBProgress (2): 2.2/3.7 MB | 0.6/1.1 MBProgress (2): 2.2/3.7 MB | 0.6/1.1 MBProgress (2): 2.2/3.7 MB | 0.6/1.1 MBProgress (2): 2.2/3.7 MB | 0.6/1.1 MBProgress (2): 2.2/3.7 MB | 0.6/1.1 MBProgress (2): 2.2/3.7 MB | 0.6/1.1 MBProgress (2): 2.2/3.7 MB | 0.6/1.1 MBProgress (2): 2.2/3.7 MB | 0.6/1.1 MBProgress (2): 2.2/3.7 MB | 0.6/1.1 MBProgress (2): 2.2/3.7 MB | 0.7/1.1 MBProgress (2): 2.2/3.7 MB | 0.7/1.1 MBProgress (2): 2.2/3.7 MB | 0.7/1.1 MBProgress (2): 2.2/3.7 MB | 0.7/1.1 MBProgress (2): 2.2/3.7 MB | 0.7/1.1 MBProgress (2): 2.3/3.7 MB | 0.7/1.1 MBProgress (2): 2.3/3.7 MB | 0.7/1.1 MBProgress (2): 2.3/3.7 MB | 0.7/1.1 MBProgress (2): 2.3/3.7 MB | 0.7/1.1 MBProgress (2): 2.3/3.7 MB | 0.7/1.1 MBProgress (2): 2.3/3.7 MB | 0.8/1.1 MBProgress (2): 2.3/3.7 MB | 0.8/1.1 MBProgress (2): 2.3/3.7 MB | 0.8/1.1 MBProgress (2): 2.3/3.7 MB | 0.8/1.1 MBProgress (2): 2.3/3.7 MB | 0.8/1.1 MBProgress (2): 2.3/3.7 MB | 0.8/1.1 MBProgress (2): 2.3/3.7 MB | 0.8/1.1 MBProgress (2): 2.3/3.7 MB | 0.8/1.1 MBProgress (2): 2.3/3.7 MB | 0.8/1.1 MBProgress (2): 2.3/3.7 MB | 0.8/1.1 MBProgress (2): 2.3/3.7 MB | 0.8/1.1 MBProgress (2): 2.4/3.7 MB | 0.8/1.1 MBProgress (2): 2.4/3.7 MB | 0.8/1.1 MBProgress (2): 2.4/3.7 MB | 0.9/1.1 MBProgress (2): 2.4/3.7 MB | 0.9/1.1 MBProgress (2): 2.4/3.7 MB | 0.9/1.1 MBProgress (2): 2.4/3.7 MB | 0.9/1.1 MBProgress (2): 2.4/3.7 MB | 0.9/1.1 MBProgress (2): 2.4/3.7 MB | 0.9/1.1 MBProgress (2): 2.4/3.7 MB | 0.9/1.1 MBProgress (2): 2.4/3.7 MB | 0.9/1.1 MBProgress (2): 2.4/3.7 MB | 0.9/1.1 MBProgress (2): 2.4/3.7 MB | 0.9/1.1 MBProgress (2): 2.4/3.7 MB | 0.9/1.1 MBProgress (2): 2.4/3.7 MB | 1.0/1.1 MBProgress (2): 2.4/3.7 MB | 1.0/1.1 MBProgress (2): 2.4/3.7 MB | 1.0/1.1 MBProgress (2): 2.5/3.7 MB | 1.0/1.1 MBProgress (2): 2.5/3.7 MB | 1.0/1.1 MBProgress (2): 2.5/3.7 MB | 1.0/1.1 MBProgress (2): 2.5/3.7 MB | 1.0/1.1 MBProgress (2): 2.5/3.7 MB | 1.0/1.1 MBProgress (2): 2.5/3.7 MB | 1.0/1.1 MBProgress (2): 2.5/3.7 MB | 1.0/1.1 MBProgress (2): 2.5/3.7 MB | 1.0/1.1 MBProgress (2): 2.5/3.7 MB | 1.0/1.1 MBProgress (2): 2.5/3.7 MB | 1.0/1.1 MBProgress (2): 2.5/3.7 MB | 1.0/1.1 MBProgress (2): 2.5/3.7 MB | 1.1/1.1 MBProgress (2): 2.5/3.7 MB | 1.1/1.1 MBProgress (2): 2.5/3.7 MB | 1.1/1.1 MBProgress (2): 2.5/3.7 MB | 1.1/1.1 MBProgress (2): 2.6/3.7 MB | 1.1/1.1 MBProgress (2): 2.6/3.7 MB | 1.1 MB    Progress (2): 2.6/3.7 MB | 1.1 MBProgress (2): 2.6/3.7 MB | 1.1 MB                                 Downloaded from central: https://repo.maven.apache.org/maven2/org/springframework/spring-webmvc/6.2.15/spring-webmvc-6.2.15.jar (1.1 MB at 3.1 MB/s)
Downloading from central: https://repo.maven.apache.org/maven2/org/springframework/boot/spring-boot-starter-jdbc/3.5.10/spring-boot-starter-jdbc-3.5.10.jar
Progress (1): 2.6/3.7 MBProgress (1): 2.6/3.7 MBProgress (1): 2.6/3.7 MBProgress (1): 2.7/3.7 MBProgress (1): 2.7/3.7 MBProgress (1): 2.7/3.7 MBProgress (1): 2.7/3.7 MBProgress (1): 2.7/3.7 MBProgress (1): 2.7/3.7 MBProgress (2): 2.7/3.7 MB | 7.7/619 kBProgress (2): 2.7/3.7 MB | 16/619 kB Progress (2): 2.8/3.7 MB | 16/619 kBProgress (2): 2.8/3.7 MB | 32/619 kBProgress (2): 2.8/3.7 MB | 32/619 kBProgress (2): 2.8/3.7 MB | 49/619 kBProgress (2): 2.8/3.7 MB | 49/619 kBProgress (2): 2.8/3.7 MB | 65/619 kBProgress (2): 2.8/3.7 MB | 65/619 kBProgress (2): 2.8/3.7 MB | 81/619 kBProgress (2): 2.8/3.7 MB | 98/619 kBProgress (2): 2.8/3.7 MB | 98/619 kBProgress (2): 2.8/3.7 MB | 114/619 kBProgress (2): 2.8/3.7 MB | 114/619 kBProgress (2): 2.8/3.7 MB | 131/619 kBProgress (2): 2.8/3.7 MB | 147/619 kBProgress (2): 2.9/3.7 MB | 147/619 kBProgress (2): 2.9/3.7 MB | 147/619 kBProgress (2): 2.9/3.7 MB | 163/619 kBProgress (2): 2.9/3.7 MB | 163/619 kBProgress (2): 2.9/3.7 MB | 180/619 kBProgress (2): 2.9/3.7 MB | 196/619 kBProgress (2): 2.9/3.7 MB | 196/619 kBProgress (2): 2.9/3.7 MB | 213/619 kBProgress (2): 2.9/3.7 MB | 213/619 kBProgress (2): 2.9/3.7 MB | 229/619 kBProgress (2): 2.9/3.7 MB | 229/619 kBProgress (2): 2.9/3.7 MB | 245/619 kBProgress (2): 2.9/3.7 MB | 245/619 kBProgress (2): 2.9/3.7 MB | 262/619 kBProgress (2): 3.0/3.7 MB | 262/619 kBProgress (2): 3.0/3.7 MB | 278/619 kBProgress (2): 3.0/3.7 MB | 278/619 kBProgress (2): 3.0/3.7 MB | 294/619 kBProgress (2): 3.0/3.7 MB | 294/619 kBProgress (3): 3.0/3.7 MB | 294/619 kB | 2.0 kB                                              Downloaded from central: https://repo.maven.apache.org/maven2/org/springframework/boot/spring-boot-starter-data-jpa/3.5.10/spring-boot-starter-data-jpa-3.5.10.jar (2.0 kB at 5.6 kB/s)
Downloading from central: https://repo.maven.apache.org/maven2/com/zaxxer/HikariCP/6.3.3/HikariCP-6.3.3.jar
Progress (3): 3.0/3.7 MB | 294/619 kB | 7.7/445 kBProgress (3): 3.0/3.7 MB | 294/619 kB | 16/445 kB Progress (3): 3.0/3.7 MB | 294/619 kB | 16/445 kBProgress (3): 3.0/3.7 MB | 294/619 kB | 32/445 kBProgress (3): 3.0/3.7 MB | 294/619 kB | 32/445 kBProgress (3): 3.0/3.7 MB | 294/619 kB | 49/445 kBProgress (3): 3.0/3.7 MB | 294/619 kB | 49/445 kBProgress (3): 3.0/3.7 MB | 294/619 kB | 65/445 kBProgress (3): 3.1/3.7 MB | 294/619 kB | 65/445 kBProgress (3): 3.1/3.7 MB | 311/619 kB | 65/445 kBProgress (3): 3.1/3.7 MB | 311/619 kB | 65/445 kBProgress (3): 3.1/3.7 MB | 327/619 kB | 65/445 kBProgress (3): 3.1/3.7 MB | 344/619 kB | 65/445 kBProgress (3): 3.1/3.7 MB | 344/619 kB | 65/445 kBProgress (3): 3.1/3.7 MB | 344/619 kB | 65/445 kBProgress (3): 3.1/3.7 MB | 360/619 kB | 65/445 kBProgress (3): 3.1/3.7 MB | 376/619 kB | 65/445 kBProgress (3): 3.1/3.7 MB | 376/619 kB | 65/445 kBProgress (3): 3.1/3.7 MB | 393/619 kB | 65/445 kBProgress (3): 3.1/3.7 MB | 393/619 kB | 65/445 kBProgress (3): 3.1/3.7 MB | 409/619 kB | 65/445 kBProgress (3): 3.2/3.7 MB | 409/619 kB | 65/445 kBProgress (3): 3.2/3.7 MB | 426/619 kB | 65/445 kBProgress (3): 3.2/3.7 MB | 426/619 kB | 65/445 kBProgress (3): 3.2/3.7 MB | 442/619 kB | 65/445 kBProgress (3): 3.2/3.7 MB | 442/619 kB | 65/445 kBProgress (3): 3.2/3.7 MB | 458/619 kB | 65/445 kBProgress (3): 3.2/3.7 MB | 458/619 kB | 65/445 kBProgress (3): 3.2/3.7 MB | 458/619 kB | 81/445 kBProgress (3): 3.2/3.7 MB | 458/619 kB | 81/445 kBProgress (3): 3.2/3.7 MB | 458/619 kB | 98/445 kBProgress (3): 3.2/3.7 MB | 458/619 kB | 98/445 kBProgress (3): 3.2/3.7 MB | 458/619 kB | 114/445 kBProgress (3): 3.3/3.7 MB | 458/619 kB | 114/445 kBProgress (3): 3.3/3.7 MB | 458/619 kB | 131/445 kBProgress (3): 3.3/3.7 MB | 458/619 kB | 147/445 kBProgress (3): 3.3/3.7 MB | 458/619 kB | 147/445 kBProgress (3): 3.3/3.7 MB | 458/619 kB | 163/445 kBProgress (3): 3.3/3.7 MB | 458/619 kB | 163/445 kBProgress (3): 3.3/3.7 MB | 458/619 kB | 180/445 kBProgress (3): 3.3/3.7 MB | 458/619 kB | 180/445 kBProgress (3): 3.3/3.7 MB | 458/619 kB | 196/445 kBProgress (3): 3.3/3.7 MB | 458/619 kB | 196/445 kBProgress (3): 3.3/3.7 MB | 458/619 kB | 213/445 kBProgress (3): 3.3/3.7 MB | 475/619 kB | 213/445 kBProgress (3): 3.3/3.7 MB | 475/619 kB | 213/445 kBProgress (3): 3.3/3.7 MB | 491/619 kB | 213/445 kBProgress (3): 3.4/3.7 MB | 491/619 kB | 213/445 kBProgress (3): 3.4/3.7 MB | 507/619 kB | 213/445 kBProgress (3): 3.4/3.7 MB | 507/619 kB | 213/445 kBProgress (3): 3.4/3.7 MB | 507/619 kB | 213/445 kBProgress (3): 3.4/3.7 MB | 524/619 kB | 213/445 kBProgress (3): 3.4/3.7 MB | 524/619 kB | 213/445 kBProgress (3): 3.4/3.7 MB | 524/619 kB | 213/445 kBProgress (3): 3.4/3.7 MB | 540/619 kB | 213/445 kBProgress (3): 3.4/3.7 MB | 540/619 kB | 213/445 kBProgress (3): 3.4/3.7 MB | 557/619 kB | 213/445 kBProgress (3): 3.5/3.7 MB | 557/619 kB | 213/445 kBProgress (3): 3.5/3.7 MB | 573/619 kB | 213/445 kBProgress (3): 3.5/3.7 MB | 573/619 kB | 213/445 kBProgress (3): 3.5/3.7 MB | 573/619 kB | 213/445 kBProgress (3): 3.5/3.7 MB | 589/619 kB | 213/445 kBProgress (3): 3.5/3.7 MB | 589/619 kB | 213/445 kBProgress (3): 3.5/3.7 MB | 606/619 kB | 213/445 kBProgress (3): 3.5/3.7 MB | 606/619 kB | 213/445 kBProgress (3): 3.5/3.7 MB | 619 kB | 213/445 kB    Progress (3): 3.5/3.7 MB | 619 kB | 213/445 kBProgress (3): 3.5/3.7 MB | 619 kB | 213/445 kBProgress (3): 3.6/3.7 MB | 619 kB | 213/445 kBProgress (4): 3.6/3.7 MB | 619 kB | 213/445 kB | 2.0 kBProgress (4): 3.6/3.7 MB | 619 kB | 213/445 kB | 2.0 kB                                                       Downloaded from central: https://repo.maven.apache.org/maven2/org/springframework/boot/spring-boot-starter-jdbc/3.5.10/spring-boot-starter-jdbc-3.5.10.jar (2.0 kB at 5.3 kB/s)
Downloading from central: https://repo.maven.apache.org/maven2/org/springframework/spring-jdbc/6.2.15/spring-jdbc-6.2.15.jar
Progress (3): 3.6/3.7 MB | 619 kB | 213/445 kBProgress (3): 3.6/3.7 MB | 619 kB | 213/445 kBProgress (3): 3.6/3.7 MB | 619 kB | 213/445 kBProgress (3): 3.6/3.7 MB | 619 kB | 229/445 kBProgress (3): 3.6/3.7 MB | 619 kB | 229/445 kBProgress (3): 3.6/3.7 MB | 619 kB | 245/445 kBProgress (3): 3.6/3.7 MB | 619 kB | 245/445 kBProgress (3): 3.7 MB | 619 kB | 245/445 kB    Progress (3): 3.7 MB | 619 kB | 262/445 kBProgress (3): 3.7 MB | 619 kB | 278/445 kB                                          Downloaded from central: https://repo.maven.apache.org/maven2/org/apache/tomcat/embed/tomcat-embed-core/10.1.50/tomcat-embed-core-10.1.50.jar (3.7 MB at 9.6 MB/s)
Downloading from central: https://repo.maven.apache.org/maven2/org/hibernate/orm/hibernate-core/6.6.41.Final/hibernate-core-6.6.41.Final.jar
Progress (2): 619 kB | 294/445 kB                                 Downloaded from central: https://repo.maven.apache.org/maven2/org/springframework/spring-messaging/6.2.15/spring-messaging-6.2.15.jar (619 kB at 1.6 MB/s)
Downloading from central: https://repo.maven.apache.org/maven2/jakarta/persistence/jakarta.persistence-api/3.1.0/jakarta.persistence-api-3.1.0.jar
Progress (1): 311/445 kBProgress (1): 327/445 kBProgress (1): 344/445 kBProgress (1): 360/445 kBProgress (1): 376/445 kBProgress (1): 393/445 kBProgress (1): 409/445 kBProgress (1): 426/445 kBProgress (1): 442/445 kBProgress (1): 445 kB                        Downloaded from central: https://repo.maven.apache.org/maven2/org/springframework/spring-websocket/6.2.15/spring-websocket-6.2.15.jar (445 kB at 1.2 MB/s)
Downloading from central: https://repo.maven.apache.org/maven2/jakarta/transaction/jakarta.transaction-api/2.0.1/jakarta.transaction-api-2.0.1.jar
Progress (1): 7.7/172 kBProgress (1): 16/172 kB Progress (1): 32/172 kBProgress (1): 49/172 kBProgress (1): 65/172 kBProgress (1): 81/172 kBProgress (1): 98/172 kBProgress (1): 114/172 kBProgress (1): 131/172 kBProgress (1): 147/172 kBProgress (1): 163/172 kBProgress (1): 172 kB                        Downloaded from central: https://repo.maven.apache.org/maven2/com/zaxxer/HikariCP/6.3.3/HikariCP-6.3.3.jar (172 kB at 433 kB/s)
Downloading from central: https://repo.maven.apache.org/maven2/org/jboss/logging/jboss-logging/3.6.1.Final/jboss-logging-3.6.1.Final.jar
Progress (1): 7.7/475 kBProgress (2): 7.7/475 kB | 0/12 MBProgress (2): 7.7/475 kB | 0/12 MBProgress (2): 16/475 kB | 0/12 MB Progress (2): 16/475 kB | 0/12 MBProgress (2): 16/475 kB | 0/12 MBProgress (2): 16/475 kB | 0.1/12 MBProgress (2): 32/475 kB | 0.1/12 MBProgress (2): 32/475 kB | 0.1/12 MBProgress (2): 32/475 kB | 0.1/12 MBProgress (2): 32/475 kB | 0.1/12 MBProgress (2): 49/475 kB | 0.1/12 MBProgress (2): 49/475 kB | 0.1/12 MBProgress (2): 49/475 kB | 0.1/12 MBProgress (2): 49/475 kB | 0.2/12 MBProgress (2): 49/475 kB | 0.2/12 MBProgress (2): 49/475 kB | 0.2/12 MBProgress (2): 65/475 kB | 0.2/12 MBProgress (2): 65/475 kB | 0.2/12 MBProgress (2): 65/475 kB | 0.2/12 MBProgress (2): 81/475 kB | 0.2/12 MBProgress (2): 81/475 kB | 0.2/12 MBProgress (2): 81/475 kB | 0.2/12 MBProgress (2): 98/475 kB | 0.2/12 MBProgress (2): 98/475 kB | 0.3/12 MBProgress (2): 114/475 kB | 0.3/12 MBProgress (2): 114/475 kB | 0.3/12 MBProgress (2): 131/475 kB | 0.3/12 MBProgress (2): 131/475 kB | 0.3/12 MBProgress (2): 131/475 kB | 0.3/12 MBProgress (2): 131/475 kB | 0.3/12 MBProgress (3): 131/475 kB | 0.3/12 MB | 7.7/165 kBProgress (3): 131/475 kB | 0.3/12 MB | 16/165 kB Progress (3): 131/475 kB | 0.3/12 MB | 16/165 kBProgress (3): 131/475 kB | 0.3/12 MB | 32/165 kBProgress (3): 131/475 kB | 0.4/12 MB | 32/165 kBProgress (3): 131/475 kB | 0.4/12 MB | 49/165 kBProgress (3): 131/475 kB | 0.4/12 MB | 49/165 kBProgress (3): 131/475 kB | 0.4/12 MB | 65/165 kBProgress (3): 131/475 kB | 0.4/12 MB | 65/165 kBProgress (3): 131/475 kB | 0.4/12 MB | 81/165 kBProgress (3): 131/475 kB | 0.4/12 MB | 81/165 kBProgress (3): 131/475 kB | 0.4/12 MB | 81/165 kBProgress (3): 131/475 kB | 0.4/12 MB | 81/165 kBProgress (4): 131/475 kB | 0.4/12 MB | 81/165 kB | 7.7/29 kBProgress (4): 131/475 kB | 0.4/12 MB | 81/165 kB | 16/29 kB Progress (4): 131/475 kB | 0.5/12 MB | 81/165 kB | 16/29 kBProgress (4): 131/475 kB | 0.5/12 MB | 81/165 kB | 16/29 kBProgress (4): 131/475 kB | 0.5/12 MB | 81/165 kB | 29 kB   Progress (4): 131/475 kB | 0.5/12 MB | 81/165 kB | 29 kBProgress (4): 131/475 kB | 0.5/12 MB | 81/165 kB | 29 kBProgress (4): 131/475 kB | 0.5/12 MB | 81/165 kB | 29 kBProgress (4): 131/475 kB | 0.5/12 MB | 98/165 kB | 29 kBProgress (4): 131/475 kB | 0.5/12 MB | 98/165 kB | 29 kBProgress (4): 131/475 kB | 0.5/12 MB | 114/165 kB | 29 kBProgress (4): 147/475 kB | 0.5/12 MB | 114/165 kB | 29 kBProgress (4): 147/475 kB | 0.6/12 MB | 114/165 kB | 29 kBProgress (4): 147/475 kB | 0.6/12 MB | 131/165 kB | 29 kBProgress (4): 163/475 kB | 0.6/12 MB | 131/165 kB | 29 kBProgress (4): 163/475 kB | 0.6/12 MB | 131/165 kB | 29 kBProgress (4): 163/475 kB | 0.6/12 MB | 147/165 kB | 29 kBProgress (4): 163/475 kB | 0.6/12 MB | 163/165 kB | 29 kBProgress (4): 180/475 kB | 0.6/12 MB | 163/165 kB | 29 kBProgress (4): 180/475 kB | 0.6/12 MB | 165 kB | 29 kB    Progress (4): 180/475 kB | 0.6/12 MB | 165 kB | 29 kBProgress (4): 196/475 kB | 0.6/12 MB | 165 kB | 29 kBProgress (4): 196/475 kB | 0.6/12 MB | 165 kB | 29 kB                                                     Downloaded from central: https://repo.maven.apache.org/maven2/jakarta/persistence/jakarta.persistence-api/3.1.0/jakarta.persistence-api-3.1.0.jar (165 kB at 385 kB/s)
Downloading from central: https://repo.maven.apache.org/maven2/org/hibernate/common/hibernate-commons-annotations/7.0.3.Final/hibernate-commons-annotations-7.0.3.Final.jar
Progress (3): 213/475 kB | 0.6/12 MB | 29 kBProgress (3): 213/475 kB | 0.6/12 MB | 29 kBProgress (3): 213/475 kB | 0.6/12 MB | 29 kBProgress (3): 229/475 kB | 0.6/12 MB | 29 kBProgress (3): 229/475 kB | 0.7/12 MB | 29 kBProgress (3): 245/475 kB | 0.7/12 MB | 29 kBProgress (3): 245/475 kB | 0.7/12 MB | 29 kBProgress (3): 245/475 kB | 0.7/12 MB | 29 kBProgress (4): 245/475 kB | 0.7/12 MB | 29 kB | 7.7/62 kBProgress (4): 245/475 kB | 0.7/12 MB | 29 kB | 16/62 kB Progress (4): 245/475 kB | 0.7/12 MB | 29 kB | 16/62 kBProgress (4): 245/475 kB | 0.7/12 MB | 29 kB | 32/62 kBProgress (4): 245/475 kB | 0.7/12 MB | 29 kB | 32/62 kBProgress (4): 245/475 kB | 0.7/12 MB | 29 kB | 32/62 kBProgress (4): 245/475 kB | 0.7/12 MB | 29 kB | 49/62 kBProgress (4): 245/475 kB | 0.8/12 MB | 29 kB | 49/62 kBProgress (4): 245/475 kB | 0.8/12 MB | 29 kB | 62 kB   Progress (4): 245/475 kB | 0.8/12 MB | 29 kB | 62 kB                                                    Downloaded from central: https://repo.maven.apache.org/maven2/org/jboss/logging/jboss-logging/3.6.1.Final/jboss-logging-3.6.1.Final.jar (62 kB at 143 kB/s)
Downloading from central: https://repo.maven.apache.org/maven2/io/smallrye/jandex/3.2.0/jandex-3.2.0.jar
Progress (3): 245/475 kB | 0.8/12 MB | 29 kBProgress (3): 245/475 kB | 0.8/12 MB | 29 kB                                            Downloaded from central: https://repo.maven.apache.org/maven2/jakarta/transaction/jakarta.transaction-api/2.0.1/jakarta.transaction-api-2.0.1.jar (29 kB at 66 kB/s)
Downloading from central: https://repo.maven.apache.org/maven2/com/fasterxml/classmate/1.7.3/classmate-1.7.3.jar
Progress (2): 245/475 kB | 0.8/12 MBProgress (2): 245/475 kB | 0.8/12 MBProgress (2): 245/475 kB | 0.9/12 MBProgress (2): 262/475 kB | 0.9/12 MBProgress (2): 262/475 kB | 0.9/12 MBProgress (2): 262/475 kB | 0.9/12 MBProgress (2): 278/475 kB | 0.9/12 MBProgress (2): 278/475 kB | 0.9/12 MBProgress (2): 294/475 kB | 0.9/12 MBProgress (2): 294/475 kB | 0.9/12 MBProgress (2): 311/475 kB | 0.9/12 MBProgress (2): 311/475 kB | 0.9/12 MBProgress (2): 311/475 kB | 1.0/12 MBProgress (2): 327/475 kB | 1.0/12 MBProgress (2): 327/475 kB | 1.0/12 MBProgress (2): 344/475 kB | 1.0/12 MBProgress (2): 344/475 kB | 1.0/12 MBProgress (2): 344/475 kB | 1.0/12 MBProgress (2): 360/475 kB | 1.0/12 MBProgress (2): 360/475 kB | 1.0/12 MBProgress (2): 376/475 kB | 1.0/12 MBProgress (2): 376/475 kB | 1.0/12 MBProgress (2): 393/475 kB | 1.0/12 MBProgress (2): 393/475 kB | 1.0/12 MBProgress (2): 393/475 kB | 1.1/12 MBProgress (2): 409/475 kB | 1.1/12 MBProgress (2): 409/475 kB | 1.1/12 MBProgress (2): 426/475 kB | 1.1/12 MBProgress (2): 426/475 kB | 1.1/12 MBProgress (2): 426/475 kB | 1.1/12 MBProgress (2): 442/475 kB | 1.1/12 MBProgress (2): 442/475 kB | 1.1/12 MBProgress (2): 458/475 kB | 1.1/12 MBProgress (2): 458/475 kB | 1.1/12 MBProgress (2): 475/475 kB | 1.1/12 MBProgress (2): 475 kB | 1.1/12 MB    Progress (2): 475 kB | 1.2/12 MBProgress (2): 475 kB | 1.2/12 MBProgress (2): 475 kB | 1.2/12 MB                                Downloaded from central: https://repo.maven.apache.org/maven2/org/springframework/spring-jdbc/6.2.15/spring-jdbc-6.2.15.jar (475 kB at 1.1 MB/s)
Downloading from central: https://repo.maven.apache.org/maven2/net/bytebuddy/byte-buddy/1.17.8/byte-buddy-1.17.8.jar
Progress (1): 1.2/12 MBProgress (1): 1.2/12 MBProgress (1): 1.2/12 MBProgress (1): 1.3/12 MBProgress (1): 1.3/12 MBProgress (1): 1.3/12 MBProgress (1): 1.3/12 MBProgress (1): 1.3/12 MBProgress (1): 1.3/12 MBProgress (1): 1.4/12 MBProgress (1): 1.4/12 MBProgress (1): 1.4/12 MBProgress (1): 1.4/12 MBProgress (1): 1.4/12 MBProgress (1): 1.4/12 MBProgress (1): 1.5/12 MBProgress (1): 1.5/12 MBProgress (1): 1.5/12 MBProgress (1): 1.5/12 MBProgress (1): 1.5/12 MBProgress (1): 1.5/12 MBProgress (1): 1.6/12 MBProgress (1): 1.6/12 MBProgress (1): 1.6/12 MBProgress (1): 1.6/12 MBProgress (1): 1.6/12 MBProgress (1): 1.6/12 MBProgress (1): 1.7/12 MBProgress (1): 1.7/12 MBProgress (1): 1.7/12 MBProgress (1): 1.7/12 MBProgress (1): 1.7/12 MBProgress (1): 1.7/12 MBProgress (1): 1.8/12 MBProgress (1): 1.8/12 MBProgress (1): 1.8/12 MBProgress (1): 1.8/12 MBProgress (1): 1.8/12 MBProgress (1): 1.8/12 MBProgress (1): 1.9/12 MBProgress (1): 1.9/12 MBProgress (1): 1.9/12 MBProgress (1): 1.9/12 MBProgress (1): 1.9/12 MBProgress (1): 1.9/12 MBProgress (1): 1.9/12 MBProgress (2): 1.9/12 MB | 7.7/375 kBProgress (2): 1.9/12 MB | 16/375 kB Progress (2): 2.0/12 MB | 16/375 kBProgress (2): 2.0/12 MB | 16/375 kBProgress (2): 2.0/12 MB | 16/375 kBProgress (2): 2.0/12 MB | 16/375 kBProgress (2): 2.0/12 MB | 16/375 kBProgress (3): 2.0/12 MB | 16/375 kB | 7.7/68 kBProgress (3): 2.0/12 MB | 16/375 kB | 7.7/68 kBProgress (3): 2.0/12 MB | 16/375 kB | 16/68 kB Progress (3): 2.1/12 MB | 16/375 kB | 16/68 kBProgress (3): 2.1/12 MB | 16/375 kB | 16/68 kBProgress (3): 2.1/12 MB | 16/375 kB | 32/68 kBProgress (3): 2.1/12 MB | 16/375 kB | 32/68 kBProgress (3): 2.1/12 MB | 16/375 kB | 32/68 kBProgress (3): 2.1/12 MB | 16/375 kB | 49/68 kBProgress (3): 2.1/12 MB | 16/375 kB | 49/68 kBProgress (3): 2.1/12 MB | 16/375 kB | 65/68 kBProgress (3): 2.1/12 MB | 16/375 kB | 68 kB   Progress (3): 2.1/12 MB | 16/375 kB | 68 kBProgress (3): 2.2/12 MB | 16/375 kB | 68 kBProgress (3): 2.2/12 MB | 16/375 kB | 68 kBProgress (3): 2.2/12 MB | 32/375 kB | 68 kBProgress (3): 2.2/12 MB | 32/375 kB | 68 kBProgress (3): 2.2/12 MB | 32/375 kB | 68 kBProgress (3): 2.2/12 MB | 48/375 kB | 68 kBProgress (3): 2.2/12 MB | 48/375 kB | 68 kBProgress (3): 2.2/12 MB | 65/375 kB | 68 kBProgress (3): 2.2/12 MB | 65/375 kB | 68 kBProgress (3): 2.2/12 MB | 81/375 kB | 68 kBProgress (3): 2.3/12 MB | 81/375 kB | 68 kBProgress (3): 2.3/12 MB | 98/375 kB | 68 kBProgress (3): 2.3/12 MB | 98/375 kB | 68 kBProgress (3): 2.3/12 MB | 114/375 kB | 68 kBProgress (3): 2.3/12 MB | 114/375 kB | 68 kBProgress (3): 2.3/12 MB | 130/375 kB | 68 kBProgress (3): 2.3/12 MB | 130/375 kB | 68 kBProgress (3): 2.3/12 MB | 147/375 kB | 68 kBProgress (3): 2.3/12 MB | 147/375 kB | 68 kBProgress (3): 2.3/12 MB | 163/375 kB | 68 kBProgress (3): 2.3/12 MB | 163/375 kB | 68 kBProgress (3): 2.3/12 MB | 179/375 kB | 68 kBProgress (3): 2.3/12 MB | 179/375 kB | 68 kBProgress (3): 2.4/12 MB | 179/375 kB | 68 kBProgress (3): 2.4/12 MB | 179/375 kB | 68 kBProgress (4): 2.4/12 MB | 179/375 kB | 68 kB | 7.7/68 kBProgress (4): 2.4/12 MB | 179/375 kB | 68 kB | 7.7/68 kBProgress (4): 2.4/12 MB | 179/375 kB | 68 kB | 7.7/68 kBProgress (4): 2.4/12 MB | 179/375 kB | 68 kB | 16/68 kB Progress (4): 2.4/12 MB | 179/375 kB | 68 kB | 16/68 kBProgress (4): 2.4/12 MB | 179/375 kB | 68 kB | 32/68 kBProgress (4): 2.4/12 MB | 179/375 kB | 68 kB | 32/68 kBProgress (4): 2.5/12 MB | 179/375 kB | 68 kB | 32/68 kBProgress (4): 2.5/12 MB | 179/375 kB | 68 kB | 32/68 kBProgress (4): 2.5/12 MB | 179/375 kB | 68 kB | 49/68 kBProgress (4): 2.5/12 MB | 179/375 kB | 68 kB | 49/68 kBProgress (4): 2.5/12 MB | 179/375 kB | 68 kB | 49/68 kB                                                       Downloaded from central: https://repo.maven.apache.org/maven2/com/fasterxml/classmate/1.7.3/classmate-1.7.3.jar (68 kB at 143 kB/s)
Downloading from central: https://repo.maven.apache.org/maven2/org/glassfish/jaxb/jaxb-runtime/4.0.6/jaxb-runtime-4.0.6.jar
Progress (3): 2.5/12 MB | 179/375 kB | 49/68 kBProgress (3): 2.5/12 MB | 179/375 kB | 49/68 kBProgress (3): 2.6/12 MB | 179/375 kB | 49/68 kBProgress (3): 2.6/12 MB | 179/375 kB | 49/68 kBProgress (3): 2.6/12 MB | 179/375 kB | 49/68 kBProgress (3): 2.6/12 MB | 179/375 kB | 49/68 kBProgress (3): 2.6/12 MB | 179/375 kB | 49/68 kBProgress (3): 2.6/12 MB | 179/375 kB | 49/68 kBProgress (4): 2.6/12 MB | 179/375 kB | 49/68 kB | 0/9.0 MBProgress (4): 2.7/12 MB | 179/375 kB | 49/68 kB | 0/9.0 MBProgress (4): 2.7/12 MB | 179/375 kB | 49/68 kB | 0/9.0 MBProgress (4): 2.7/12 MB | 196/375 kB | 49/68 kB | 0/9.0 MBProgress (4): 2.7/12 MB | 196/375 kB | 49/68 kB | 0/9.0 MBProgress (4): 2.7/12 MB | 212/375 kB | 49/68 kB | 0/9.0 MBProgress (4): 2.7/12 MB | 212/375 kB | 49/68 kB | 0/9.0 MBProgress (4): 2.7/12 MB | 229/375 kB | 49/68 kB | 0/9.0 MBProgress (4): 2.7/12 MB | 229/375 kB | 49/68 kB | 0/9.0 MBProgress (4): 2.7/12 MB | 229/375 kB | 49/68 kB | 0/9.0 MBProgress (4): 2.7/12 MB | 245/375 kB | 49/68 kB | 0/9.0 MBProgress (4): 2.8/12 MB | 245/375 kB | 49/68 kB | 0/9.0 MBProgress (4): 2.8/12 MB | 245/375 kB | 49/68 kB | 0/9.0 MBProgress (4): 2.8/12 MB | 261/375 kB | 49/68 kB | 0/9.0 MBProgress (4): 2.8/12 MB | 261/375 kB | 65/68 kB | 0/9.0 MBProgress (4): 2.8/12 MB | 261/375 kB | 65/68 kB | 0/9.0 MBProgress (4): 2.8/12 MB | 261/375 kB | 68 kB | 0/9.0 MB   Progress (4): 2.8/12 MB | 261/375 kB | 68 kB | 0/9.0 MBProgress (4): 2.8/12 MB | 261/375 kB | 68 kB | 0/9.0 MBProgress (4): 2.8/12 MB | 261/375 kB | 68 kB | 0/9.0 MB                                                       Downloaded from central: https://repo.maven.apache.org/maven2/org/hibernate/common/hibernate-commons-annotations/7.0.3.Final/hibernate-commons-annotations-7.0.3.Final.jar (68 kB at 141 kB/s)
Downloading from central: https://repo.maven.apache.org/maven2/org/glassfish/jaxb/jaxb-core/4.0.6/jaxb-core-4.0.6.jar
Progress (3): 2.9/12 MB | 261/375 kB | 0/9.0 MBProgress (3): 2.9/12 MB | 261/375 kB | 0/9.0 MBProgress (3): 2.9/12 MB | 261/375 kB | 0/9.0 MBProgress (3): 2.9/12 MB | 261/375 kB | 0/9.0 MBProgress (3): 2.9/12 MB | 261/375 kB | 0/9.0 MBProgress (3): 2.9/12 MB | 261/375 kB | 0/9.0 MBProgress (3): 2.9/12 MB | 261/375 kB | 0/9.0 MBProgress (3): 2.9/12 MB | 261/375 kB | 0/9.0 MBProgress (3): 2.9/12 MB | 261/375 kB | 0/9.0 MBProgress (3): 2.9/12 MB | 261/375 kB | 0/9.0 MBProgress (3): 3.0/12 MB | 261/375 kB | 0/9.0 MBProgress (3): 3.0/12 MB | 261/375 kB | 0.1/9.0 MBProgress (3): 3.0/12 MB | 261/375 kB | 0.1/9.0 MBProgress (3): 3.0/12 MB | 261/375 kB | 0.1/9.0 MBProgress (3): 3.0/12 MB | 261/375 kB | 0.1/9.0 MBProgress (3): 3.0/12 MB | 261/375 kB | 0.1/9.0 MBProgress (3): 3.0/12 MB | 261/375 kB | 0.1/9.0 MBProgress (3): 3.0/12 MB | 261/375 kB | 0.1/9.0 MBProgress (3): 3.0/12 MB | 261/375 kB | 0.1/9.0 MBProgress (3): 3.1/12 MB | 261/375 kB | 0.1/9.0 MBProgress (3): 3.1/12 MB | 261/375 kB | 0.1/9.0 MBProgress (3): 3.1/12 MB | 261/375 kB | 0.1/9.0 MBProgress (3): 3.1/12 MB | 261/375 kB | 0.1/9.0 MBProgress (3): 3.1/12 MB | 261/375 kB | 0.1/9.0 MBProgress (3): 3.1/12 MB | 278/375 kB | 0.1/9.0 MBProgress (3): 3.1/12 MB | 278/375 kB | 0.1/9.0 MBProgress (3): 3.1/12 MB | 278/375 kB | 0.1/9.0 MBProgress (3): 3.1/12 MB | 294/375 kB | 0.1/9.0 MBProgress (3): 3.2/12 MB | 294/375 kB | 0.1/9.0 MBProgress (3): 3.2/12 MB | 311/375 kB | 0.1/9.0 MBProgress (3): 3.2/12 MB | 311/375 kB | 0.1/9.0 MBProgress (3): 3.2/12 MB | 311/375 kB | 0.1/9.0 MBProgress (3): 3.2/12 MB | 311/375 kB | 0.1/9.0 MBProgress (3): 3.2/12 MB | 327/375 kB | 0.1/9.0 MBProgress (3): 3.2/12 MB | 327/375 kB | 0.1/9.0 MBProgress (3): 3.2/12 MB | 343/375 kB | 0.1/9.0 MBProgress (3): 3.2/12 MB | 343/375 kB | 0.1/9.0 MBProgress (3): 3.3/12 MB | 343/375 kB | 0.1/9.0 MBProgress (3): 3.3/12 MB | 343/375 kB | 0.1/9.0 MBProgress (3): 3.3/12 MB | 343/375 kB | 0.1/9.0 MBProgress (3): 3.3/12 MB | 343/375 kB | 0.1/9.0 MBProgress (3): 3.3/12 MB | 343/375 kB | 0.1/9.0 MBProgress (3): 3.3/12 MB | 343/375 kB | 0.2/9.0 MBProgress (3): 3.3/12 MB | 343/375 kB | 0.2/9.0 MBProgress (3): 3.3/12 MB | 343/375 kB | 0.2/9.0 MBProgress (3): 3.3/12 MB | 343/375 kB | 0.2/9.0 MBProgress (3): 3.3/12 MB | 343/375 kB | 0.2/9.0 MBProgress (3): 3.3/12 MB | 343/375 kB | 0.2/9.0 MBProgress (3): 3.3/12 MB | 343/375 kB | 0.2/9.0 MBProgress (3): 3.4/12 MB | 343/375 kB | 0.2/9.0 MBProgress (3): 3.4/12 MB | 343/375 kB | 0.2/9.0 MBProgress (3): 3.4/12 MB | 343/375 kB | 0.2/9.0 MBProgress (3): 3.4/12 MB | 343/375 kB | 0.2/9.0 MBProgress (3): 3.4/12 MB | 343/375 kB | 0.2/9.0 MBProgress (3): 3.4/12 MB | 343/375 kB | 0.2/9.0 MBProgress (3): 3.4/12 MB | 343/375 kB | 0.2/9.0 MBProgress (3): 3.4/12 MB | 343/375 kB | 0.2/9.0 MBProgress (3): 3.4/12 MB | 343/375 kB | 0.2/9.0 MBProgress (3): 3.4/12 MB | 343/375 kB | 0.2/9.0 MBProgress (3): 3.4/12 MB | 360/375 kB | 0.2/9.0 MBProgress (3): 3.4/12 MB | 375 kB | 0.2/9.0 MB    Progress (3): 3.4/12 MB | 375 kB | 0.3/9.0 MB                                             Downloaded from central: https://repo.maven.apache.org/maven2/io/smallrye/jandex/3.2.0/jandex-3.2.0.jar (375 kB at 742 kB/s)
Downloading from central: https://repo.maven.apache.org/maven2/org/glassfish/jaxb/txw2/4.0.6/txw2-4.0.6.jar
Progress (2): 3.4/12 MB | 0.3/9.0 MBProgress (2): 3.4/12 MB | 0.3/9.0 MBProgress (2): 3.4/12 MB | 0.3/9.0 MBProgress (2): 3.5/12 MB | 0.3/9.0 MBProgress (2): 3.5/12 MB | 0.3/9.0 MBProgress (2): 3.5/12 MB | 0.3/9.0 MBProgress (2): 3.5/12 MB | 0.3/9.0 MBProgress (2): 3.5/12 MB | 0.3/9.0 MBProgress (2): 3.5/12 MB | 0.3/9.0 MBProgress (3): 3.5/12 MB | 0.3/9.0 MB | 7.7/920 kBProgress (3): 3.5/12 MB | 0.3/9.0 MB | 7.7/920 kBProgress (3): 3.6/12 MB | 0.3/9.0 MB | 7.7/920 kBProgress (3): 3.6/12 MB | 0.3/9.0 MB | 12/920 kB Progress (3): 3.6/12 MB | 0.3/9.0 MB | 12/920 kBProgress (3): 3.6/12 MB | 0.3/9.0 MB | 29/920 kBProgress (3): 3.6/12 MB | 0.3/9.0 MB | 29/920 kBProgress (3): 3.6/12 MB | 0.3/9.0 MB | 45/920 kBProgress (3): 3.6/12 MB | 0.3/9.0 MB | 61/920 kBProgress (3): 3.6/12 MB | 0.3/9.0 MB | 61/920 kBProgress (3): 3.6/12 MB | 0.3/9.0 MB | 78/920 kBProgress (3): 3.6/12 MB | 0.3/9.0 MB | 78/920 kBProgress (3): 3.6/12 MB | 0.3/9.0 MB | 94/920 kBProgress (3): 3.6/12 MB | 0.3/9.0 MB | 94/920 kBProgress (3): 3.6/12 MB | 0.3/9.0 MB | 111/920 kBProgress (3): 3.7/12 MB | 0.3/9.0 MB | 111/920 kBProgress (3): 3.7/12 MB | 0.3/9.0 MB | 127/920 kBProgress (3): 3.7/12 MB | 0.3/9.0 MB | 127/920 kBProgress (3): 3.7/12 MB | 0.3/9.0 MB | 127/920 kBProgress (3): 3.7/12 MB | 0.3/9.0 MB | 127/920 kBProgress (3): 3.7/12 MB | 0.3/9.0 MB | 127/920 kBProgress (3): 3.7/12 MB | 0.3/9.0 MB | 127/920 kBProgress (3): 3.7/12 MB | 0.3/9.0 MB | 127/920 kBProgress (3): 3.7/12 MB | 0.4/9.0 MB | 127/920 kBProgress (3): 3.7/12 MB | 0.4/9.0 MB | 127/920 kBProgress (3): 3.8/12 MB | 0.4/9.0 MB | 127/920 kBProgress (3): 3.8/12 MB | 0.4/9.0 MB | 127/920 kBProgress (3): 3.8/12 MB | 0.4/9.0 MB | 127/920 kBProgress (3): 3.8/12 MB | 0.4/9.0 MB | 127/920 kBProgress (3): 3.8/12 MB | 0.4/9.0 MB | 127/920 kBProgress (3): 3.8/12 MB | 0.4/9.0 MB | 127/920 kBProgress (3): 3.8/12 MB | 0.4/9.0 MB | 127/920 kBProgress (3): 3.8/12 MB | 0.4/9.0 MB | 143/920 kBProgress (3): 3.8/12 MB | 0.4/9.0 MB | 143/920 kBProgress (3): 3.8/12 MB | 0.4/9.0 MB | 160/920 kBProgress (3): 3.8/12 MB | 0.4/9.0 MB | 160/920 kBProgress (3): 3.8/12 MB | 0.4/9.0 MB | 176/920 kBProgress (3): 3.9/12 MB | 0.4/9.0 MB | 176/920 kBProgress (3): 3.9/12 MB | 0.4/9.0 MB | 193/920 kBProgress (3): 3.9/12 MB | 0.4/9.0 MB | 193/920 kBProgress (3): 3.9/12 MB | 0.4/9.0 MB | 209/920 kBProgress (3): 3.9/12 MB | 0.4/9.0 MB | 209/920 kBProgress (3): 3.9/12 MB | 0.4/9.0 MB | 225/920 kBProgress (3): 3.9/12 MB | 0.4/9.0 MB | 225/920 kBProgress (3): 3.9/12 MB | 0.4/9.0 MB | 225/920 kBProgress (3): 3.9/12 MB | 0.4/9.0 MB | 242/920 kBProgress (3): 3.9/12 MB | 0.4/9.0 MB | 242/920 kBProgress (3): 3.9/12 MB | 0.4/9.0 MB | 242/920 kBProgress (3): 3.9/12 MB | 0.4/9.0 MB | 242/920 kBProgress (3): 4.0/12 MB | 0.4/9.0 MB | 242/920 kBProgress (3): 4.0/12 MB | 0.4/9.0 MB | 242/920 kBProgress (3): 4.0/12 MB | 0.4/9.0 MB | 242/920 kBProgress (3): 4.0/12 MB | 0.4/9.0 MB | 242/920 kBProgress (3): 4.0/12 MB | 0.5/9.0 MB | 242/920 kBProgress (3): 4.0/12 MB | 0.5/9.0 MB | 242/920 kBProgress (3): 4.0/12 MB | 0.5/9.0 MB | 242/920 kBProgress (3): 4.0/12 MB | 0.5/9.0 MB | 242/920 kBProgress (3): 4.0/12 MB | 0.5/9.0 MB | 242/920 kBProgress (3): 4.0/12 MB | 0.5/9.0 MB | 242/920 kBProgress (3): 4.0/12 MB | 0.5/9.0 MB | 258/920 kBProgress (3): 4.1/12 MB | 0.5/9.0 MB | 258/920 kBProgress (3): 4.1/12 MB | 0.5/9.0 MB | 274/920 kBProgress (3): 4.1/12 MB | 0.5/9.0 MB | 274/920 kBProgress (3): 4.1/12 MB | 0.5/9.0 MB | 274/920 kBProgress (3): 4.1/12 MB | 0.5/9.0 MB | 291/920 kBProgress (3): 4.1/12 MB | 0.5/9.0 MB | 291/920 kBProgress (3): 4.1/12 MB | 0.5/9.0 MB | 307/920 kBProgress (3): 4.1/12 MB | 0.5/9.0 MB | 307/920 kBProgress (3): 4.1/12 MB | 0.5/9.0 MB | 324/920 kBProgress (3): 4.1/12 MB | 0.5/9.0 MB | 324/920 kBProgress (3): 4.1/12 MB | 0.5/9.0 MB | 340/920 kBProgress (3): 4.2/12 MB | 0.5/9.0 MB | 340/920 kBProgress (3): 4.2/12 MB | 0.5/9.0 MB | 340/920 kBProgress (3): 4.2/12 MB | 0.5/9.0 MB | 348/920 kBProgress (3): 4.2/12 MB | 0.5/9.0 MB | 348/920 kBProgress (3): 4.2/12 MB | 0.5/9.0 MB | 348/920 kBProgress (3): 4.2/12 MB | 0.5/9.0 MB | 364/920 kBProgress (3): 4.2/12 MB | 0.5/9.0 MB | 364/920 kBProgress (3): 4.2/12 MB | 0.5/9.0 MB | 381/920 kBProgress (3): 4.2/12 MB | 0.5/9.0 MB | 381/920 kBProgress (3): 4.2/12 MB | 0.5/9.0 MB | 397/920 kBProgress (3): 4.3/12 MB | 0.5/9.0 MB | 397/920 kBProgress (3): 4.3/12 MB | 0.5/9.0 MB | 397/920 kBProgress (3): 4.3/12 MB | 0.5/9.0 MB | 397/920 kBProgress (3): 4.3/12 MB | 0.5/9.0 MB | 397/920 kBProgress (3): 4.3/12 MB | 0.5/9.0 MB | 397/920 kBProgress (3): 4.3/12 MB | 0.5/9.0 MB | 397/920 kBProgress (3): 4.3/12 MB | 0.5/9.0 MB | 397/920 kBProgress (3): 4.3/12 MB | 0.5/9.0 MB | 397/920 kBProgress (3): 4.3/12 MB | 0.5/9.0 MB | 397/920 kBProgress (3): 4.3/12 MB | 0.5/9.0 MB | 397/920 kBProgress (3): 4.3/12 MB | 0.5/9.0 MB | 397/920 kBProgress (3): 4.3/12 MB | 0.6/9.0 MB | 397/920 kBProgress (3): 4.4/12 MB | 0.6/9.0 MB | 397/920 kBProgress (3): 4.4/12 MB | 0.6/9.0 MB | 397/920 kBProgress (3): 4.4/12 MB | 0.6/9.0 MB | 397/920 kBProgress (3): 4.4/12 MB | 0.6/9.0 MB | 397/920 kBProgress (3): 4.4/12 MB | 0.6/9.0 MB | 397/920 kBProgress (3): 4.4/12 MB | 0.6/9.0 MB | 397/920 kBProgress (3): 4.4/12 MB | 0.6/9.0 MB | 397/920 kBProgress (3): 4.4/12 MB | 0.6/9.0 MB | 397/920 kBProgress (3): 4.4/12 MB | 0.6/9.0 MB | 397/920 kBProgress (3): 4.5/12 MB | 0.6/9.0 MB | 397/920 kBProgress (3): 4.5/12 MB | 0.6/9.0 MB | 397/920 kBProgress (4): 4.5/12 MB | 0.6/9.0 MB | 397/920 kB | 7.7/138 kBProgress (4): 4.5/12 MB | 0.6/9.0 MB | 397/920 kB | 7.7/138 kBProgress (4): 4.5/12 MB | 0.6/9.0 MB | 397/920 kB | 16/138 kB Progress (4): 4.5/12 MB | 0.6/9.0 MB | 397/920 kB | 16/138 kBProgress (4): 4.5/12 MB | 0.6/9.0 MB | 397/920 kB | 32/138 kBProgress (4): 4.5/12 MB | 0.6/9.0 MB | 397/920 kB | 32/138 kBProgress (4): 4.5/12 MB | 0.6/9.0 MB | 397/920 kB | 49/138 kBProgress (4): 4.5/12 MB | 0.6/9.0 MB | 397/920 kB | 49/138 kBProgress (4): 4.5/12 MB | 0.6/9.0 MB | 397/920 kB | 57/138 kBProgress (4): 4.6/12 MB | 0.6/9.0 MB | 397/920 kB | 57/138 kBProgress (4): 4.6/12 MB | 0.6/9.0 MB | 397/920 kB | 74/138 kBProgress (4): 4.6/12 MB | 0.6/9.0 MB | 397/920 kB | 74/138 kBProgress (4): 4.6/12 MB | 0.6/9.0 MB | 397/920 kB | 74/138 kBProgress (4): 4.6/12 MB | 0.6/9.0 MB | 397/920 kB | 74/138 kBProgress (4): 4.6/12 MB | 0.6/9.0 MB | 397/920 kB | 74/138 kBProgress (4): 4.6/12 MB | 0.6/9.0 MB | 397/920 kB | 74/138 kBProgress (4): 4.6/12 MB | 0.6/9.0 MB | 397/920 kB | 74/138 kBProgress (4): 4.6/12 MB | 0.6/9.0 MB | 397/920 kB | 74/138 kBProgress (4): 4.6/12 MB | 0.7/9.0 MB | 397/920 kB | 74/138 kBProgress (4): 4.6/12 MB | 0.7/9.0 MB | 397/920 kB | 74/138 kBProgress (4): 4.6/12 MB | 0.7/9.0 MB | 397/920 kB | 74/138 kBProgress (4): 4.6/12 MB | 0.7/9.0 MB | 397/920 kB | 74/138 kBProgress (4): 4.6/12 MB | 0.7/9.0 MB | 397/920 kB | 74/138 kBProgress (4): 4.7/12 MB | 0.7/9.0 MB | 397/920 kB | 74/138 kBProgress (4): 4.7/12 MB | 0.7/9.0 MB | 397/920 kB | 74/138 kBProgress (4): 4.7/12 MB | 0.7/9.0 MB | 397/920 kB | 74/138 kBProgress (4): 4.7/12 MB | 0.7/9.0 MB | 397/920 kB | 74/138 kBProgress (4): 4.7/12 MB | 0.7/9.0 MB | 397/920 kB | 74/138 kBProgress (4): 4.7/12 MB | 0.7/9.0 MB | 397/920 kB | 74/138 kBProgress (4): 4.7/12 MB | 0.7/9.0 MB | 397/920 kB | 74/138 kBProgress (4): 4.7/12 MB | 0.7/9.0 MB | 397/920 kB | 74/138 kBProgress (4): 4.7/12 MB | 0.7/9.0 MB | 413/920 kB | 74/138 kBProgress (5): 4.7/12 MB | 0.7/9.0 MB | 413/920 kB | 74/138 kB | 7.7/73 kBProgress (5): 4.7/12 MB | 0.7/9.0 MB | 430/920 kB | 74/138 kB | 7.7/73 kBProgress (5): 4.7/12 MB | 0.7/9.0 MB | 430/920 kB | 74/138 kB | 16/73 kB Progress (5): 4.7/12 MB | 0.7/9.0 MB | 442/920 kB | 74/138 kB | 16/73 kBProgress (5): 4.7/12 MB | 0.7/9.0 MB | 442/920 kB | 74/138 kB | 32/73 kBProgress (5): 4.7/12 MB | 0.7/9.0 MB | 442/920 kB | 74/138 kB | 48/73 kBProgress (5): 4.7/12 MB | 0.7/9.0 MB | 459/920 kB | 74/138 kB | 48/73 kBProgress (5): 4.7/12 MB | 0.7/9.0 MB | 459/920 kB | 74/138 kB | 65/73 kBProgress (5): 4.7/12 MB | 0.7/9.0 MB | 475/920 kB | 74/138 kB | 65/73 kBProgress (5): 4.7/12 MB | 0.7/9.0 MB | 475/920 kB | 74/138 kB | 73 kB   Progress (5): 4.7/12 MB | 0.7/9.0 MB | 492/920 kB | 74/138 kB | 73 kBProgress (5): 4.7/12 MB | 0.7/9.0 MB | 508/920 kB | 74/138 kB | 73 kB                                                                     Downloaded from central: https://repo.maven.apache.org/maven2/org/glassfish/jaxb/txw2/4.0.6/txw2-4.0.6.jar (73 kB at 135 kB/s)
Progress (4): 4.7/12 MB | 0.7/9.0 MB | 524/920 kB | 74/138 kB                                                             Downloading from central: https://repo.maven.apache.org/maven2/com/sun/istack/istack-commons-runtime/4.1.2/istack-commons-runtime-4.1.2.jar
Progress (4): 4.7/12 MB | 0.7/9.0 MB | 524/920 kB | 90/138 kBProgress (4): 4.7/12 MB | 0.7/9.0 MB | 524/920 kB | 106/138 kBProgress (4): 4.7/12 MB | 0.7/9.0 MB | 524/920 kB | 123/138 kBProgress (4): 4.7/12 MB | 0.7/9.0 MB | 524/920 kB | 123/138 kBProgress (4): 4.7/12 MB | 0.7/9.0 MB | 524/920 kB | 138 kB                                                              Downloaded from central: https://repo.maven.apache.org/maven2/org/glassfish/jaxb/jaxb-core/4.0.6/jaxb-core-4.0.6.jar (138 kB at 253 kB/s)
Downloading from central: https://repo.maven.apache.org/maven2/jakarta/inject/jakarta.inject-api/2.0.1/jakarta.inject-api-2.0.1.jar
Progress (3): 4.7/12 MB | 0.7/9.0 MB | 541/920 kBProgress (3): 4.8/12 MB | 0.7/9.0 MB | 541/920 kBProgress (3): 4.8/12 MB | 0.7/9.0 MB | 557/920 kBProgress (3): 4.8/12 MB | 0.7/9.0 MB | 557/920 kBProgress (3): 4.8/12 MB | 0.7/9.0 MB | 573/920 kBProgress (3): 4.8/12 MB | 0.7/9.0 MB | 573/920 kBProgress (3): 4.8/12 MB | 0.7/9.0 MB | 590/920 kBProgress (3): 4.8/12 MB | 0.7/9.0 MB | 590/920 kBProgress (3): 4.8/12 MB | 0.7/9.0 MB | 606/920 kBProgress (3): 4.8/12 MB | 0.7/9.0 MB | 606/920 kBProgress (3): 4.8/12 MB | 0.7/9.0 MB | 606/920 kBProgress (3): 4.8/12 MB | 0.7/9.0 MB | 623/920 kBProgress (3): 4.9/12 MB | 0.7/9.0 MB | 623/920 kBProgress (3): 4.9/12 MB | 0.7/9.0 MB | 639/920 kBProgress (3): 4.9/12 MB | 0.7/9.0 MB | 639/920 kBProgress (3): 4.9/12 MB | 0.7/9.0 MB | 639/920 kBProgress (3): 4.9/12 MB | 0.7/9.0 MB | 639/920 kBProgress (3): 4.9/12 MB | 0.7/9.0 MB | 655/920 kBProgress (3): 4.9/12 MB | 0.7/9.0 MB | 655/920 kBProgress (3): 4.9/12 MB | 0.7/9.0 MB | 655/920 kBProgress (3): 4.9/12 MB | 0.7/9.0 MB | 655/920 kBProgress (3): 4.9/12 MB | 0.8/9.0 MB | 655/920 kBProgress (3): 4.9/12 MB | 0.8/9.0 MB | 655/920 kBProgress (3): 4.9/12 MB | 0.8/9.0 MB | 655/920 kBProgress (3): 5.0/12 MB | 0.8/9.0 MB | 655/920 kBProgress (3): 5.0/12 MB | 0.8/9.0 MB | 655/920 kBProgress (3): 5.0/12 MB | 0.8/9.0 MB | 655/920 kBProgress (3): 5.0/12 MB | 0.8/9.0 MB | 655/920 kBProgress (3): 5.0/12 MB | 0.8/9.0 MB | 655/920 kBProgress (3): 5.0/12 MB | 0.8/9.0 MB | 655/920 kBProgress (3): 5.0/12 MB | 0.8/9.0 MB | 655/920 kBProgress (3): 5.0/12 MB | 0.8/9.0 MB | 655/920 kBProgress (3): 5.1/12 MB | 0.8/9.0 MB | 655/920 kBProgress (3): 5.1/12 MB | 0.8/9.0 MB | 655/920 kBProgress (3): 5.1/12 MB | 0.8/9.0 MB | 655/920 kBProgress (3): 5.1/12 MB | 0.8/9.0 MB | 672/920 kBProgress (3): 5.1/12 MB | 0.8/9.0 MB | 672/920 kBProgress (3): 5.1/12 MB | 0.8/9.0 MB | 688/920 kBProgress (3): 5.1/12 MB | 0.8/9.0 MB | 688/920 kBProgress (3): 5.1/12 MB | 0.8/9.0 MB | 705/920 kBProgress (3): 5.1/12 MB | 0.8/9.0 MB | 705/920 kBProgress (3): 5.1/12 MB | 0.8/9.0 MB | 721/920 kBProgress (3): 5.2/12 MB | 0.8/9.0 MB | 721/920 kBProgress (3): 5.2/12 MB | 0.8/9.0 MB | 737/920 kBProgress (3): 5.2/12 MB | 0.8/9.0 MB | 737/920 kBProgress (3): 5.2/12 MB | 0.8/9.0 MB | 754/920 kBProgress (3): 5.2/12 MB | 0.8/9.0 MB | 754/920 kBProgress (3): 5.2/12 MB | 0.8/9.0 MB | 770/920 kBProgress (3): 5.2/12 MB | 0.8/9.0 MB | 770/920 kBProgress (3): 5.2/12 MB | 0.8/9.0 MB | 786/920 kBProgress (3): 5.2/12 MB | 0.8/9.0 MB | 786/920 kBProgress (3): 5.2/12 MB | 0.8/9.0 MB | 786/920 kBProgress (3): 5.2/12 MB | 0.8/9.0 MB | 803/920 kBProgress (3): 5.2/12 MB | 0.8/9.0 MB | 803/920 kBProgress (3): 5.2/12 MB | 0.8/9.0 MB | 819/920 kBProgress (3): 5.3/12 MB | 0.8/9.0 MB | 819/920 kBProgress (3): 5.3/12 MB | 0.8/9.0 MB | 819/920 kBProgress (3): 5.3/12 MB | 0.8/9.0 MB | 836/920 kBProgress (3): 5.3/12 MB | 0.8/9.0 MB | 836/920 kBProgress (3): 5.3/12 MB | 0.8/9.0 MB | 836/920 kBProgress (3): 5.3/12 MB | 0.8/9.0 MB | 836/920 kBProgress (3): 5.3/12 MB | 0.8/9.0 MB | 836/920 kBProgress (3): 5.3/12 MB | 0.8/9.0 MB | 836/920 kBProgress (3): 5.3/12 MB | 0.8/9.0 MB | 836/920 kBProgress (3): 5.3/12 MB | 0.9/9.0 MB | 836/920 kBProgress (3): 5.3/12 MB | 0.9/9.0 MB | 836/920 kBProgress (3): 5.4/12 MB | 0.9/9.0 MB | 836/920 kBProgress (3): 5.4/12 MB | 0.9/9.0 MB | 836/920 kBProgress (3): 5.4/12 MB | 0.9/9.0 MB | 836/920 kBProgress (3): 5.4/12 MB | 0.9/9.0 MB | 836/920 kBProgress (3): 5.4/12 MB | 0.9/9.0 MB | 836/920 kBProgress (3): 5.4/12 MB | 0.9/9.0 MB | 836/920 kBProgress (3): 5.4/12 MB | 0.9/9.0 MB | 836/920 kBProgress (3): 5.4/12 MB | 0.9/9.0 MB | 836/920 kBProgress (3): 5.4/12 MB | 0.9/9.0 MB | 836/920 kBProgress (3): 5.4/12 MB | 0.9/9.0 MB | 836/920 kBProgress (3): 5.4/12 MB | 1.0/9.0 MB | 836/920 kBProgress (3): 5.5/12 MB | 1.0/9.0 MB | 836/920 kBProgress (3): 5.5/12 MB | 1.0/9.0 MB | 836/920 kBProgress (3): 5.5/12 MB | 1.0/9.0 MB | 836/920 kBProgress (3): 5.5/12 MB | 1.0/9.0 MB | 836/920 kBProgress (3): 5.5/12 MB | 1.0/9.0 MB | 836/920 kBProgress (3): 5.5/12 MB | 1.0/9.0 MB | 836/920 kBProgress (3): 5.5/12 MB | 1.0/9.0 MB | 836/920 kBProgress (3): 5.5/12 MB | 1.0/9.0 MB | 836/920 kBProgress (3): 5.5/12 MB | 1.0/9.0 MB | 836/920 kBProgress (3): 5.5/12 MB | 1.0/9.0 MB | 836/920 kBProgress (3): 5.5/12 MB | 1.1/9.0 MB | 836/920 kBProgress (3): 5.5/12 MB | 1.1/9.0 MB | 836/920 kBProgress (3): 5.5/12 MB | 1.1/9.0 MB | 836/920 kBProgress (3): 5.6/12 MB | 1.1/9.0 MB | 836/920 kBProgress (3): 5.6/12 MB | 1.1/9.0 MB | 836/920 kBProgress (3): 5.6/12 MB | 1.1/9.0 MB | 852/920 kBProgress (4): 5.6/12 MB | 1.1/9.0 MB | 852/920 kB | 7.7/26 kBProgress (4): 5.6/12 MB | 1.1/9.0 MB | 852/920 kB | 7.8/26 kBProgress (4): 5.6/12 MB | 1.1/9.0 MB | 868/920 kB | 7.8/26 kBProgress (4): 5.6/12 MB | 1.1/9.0 MB | 868/920 kB | 24/26 kB Progress (4): 5.6/12 MB | 1.1/9.0 MB | 868/920 kB | 26 kB   Progress (4): 5.6/12 MB | 1.1/9.0 MB | 885/920 kB | 26 kBProgress (4): 5.6/12 MB | 1.1/9.0 MB | 901/920 kB | 26 kB                                                         Downloaded from central: https://repo.maven.apache.org/maven2/com/sun/istack/istack-commons-runtime/4.1.2/istack-commons-runtime-4.1.2.jar (26 kB at 45 kB/s)
Progress (3): 5.6/12 MB | 1.1/9.0 MB | 901/920 kBProgress (3): 5.6/12 MB | 1.1/9.0 MB | 918/920 kBProgress (3): 5.6/12 MB | 1.1/9.0 MB | 918/920 kBProgress (3): 5.6/12 MB | 1.1/9.0 MB | 918/920 kBProgress (3): 5.6/12 MB | 1.1/9.0 MB | 918/920 kBProgress (3): 5.6/12 MB | 1.1/9.0 MB | 918/920 kBProgress (3): 5.6/12 MB | 1.1/9.0 MB | 918/920 kBProgress (3): 5.6/12 MB | 1.1/9.0 MB | 918/920 kBProgress (3): 5.6/12 MB | 1.1/9.0 MB | 918/920 kBProgress (3): 5.6/12 MB | 1.1/9.0 MB | 918/920 kBProgress (3): 5.7/12 MB | 1.1/9.0 MB | 918/920 kBProgress (3): 5.7/12 MB | 1.2/9.0 MB | 918/920 kBProgress (3): 5.7/12 MB | 1.2/9.0 MB | 918/920 kBProgress (3): 5.7/12 MB | 1.2/9.0 MB | 918/920 kBProgress (3): 5.7/12 MB | 1.2/9.0 MB | 918/920 kBProgress (3): 5.7/12 MB | 1.2/9.0 MB | 918/920 kBProgress (3): 5.7/12 MB | 1.2/9.0 MB | 918/920 kBProgress (3): 5.7/12 MB | 1.2/9.0 MB | 918/920 kBProgress (3): 5.7/12 MB | 1.2/9.0 MB | 918/920 kBProgress (3): 5.7/12 MB | 1.2/9.0 MB | 918/920 kBProgress (3): 5.7/12 MB | 1.2/9.0 MB | 918/920 kBProgress (3): 5.7/12 MB | 1.2/9.0 MB | 918/920 kBProgress (3): 5.8/12 MB | 1.2/9.0 MB | 918/920 kB                                                 Downloading from central: https://repo.maven.apache.org/maven2/org/antlr/antlr4-runtime/4.13.0/antlr4-runtime-4.13.0.jar
Progress (3): 5.8/12 MB | 1.2/9.0 MB | 918/920 kBProgress (4): 5.8/12 MB | 1.2/9.0 MB | 918/920 kB | 7.7/11 kBProgress (4): 5.8/12 MB | 1.2/9.0 MB | 918/920 kB | 11 kB    Progress (4): 5.8/12 MB | 1.2/9.0 MB | 918/920 kB | 11 kB                                                         Downloaded from central: https://repo.maven.apache.org/maven2/jakarta/inject/jakarta.inject-api/2.0.1/jakarta.inject-api-2.0.1.jar (11 kB at 18 kB/s)
Progress (3): 5.8/12 MB | 1.2/9.0 MB | 918/920 kB                                                 Downloading from central: https://repo.maven.apache.org/maven2/org/springframework/data/spring-data-jpa/3.5.8/spring-data-jpa-3.5.8.jar
Progress (3): 5.8/12 MB | 1.2/9.0 MB | 918/920 kBProgress (3): 5.8/12 MB | 1.2/9.0 MB | 920 kB    Progress (3): 5.8/12 MB | 1.2/9.0 MB | 920 kB                                             Downloaded from central: https://repo.maven.apache.org/maven2/org/glassfish/jaxb/jaxb-runtime/4.0.6/jaxb-runtime-4.0.6.jar (920 kB at 1.6 MB/s)
Downloading from central: https://repo.maven.apache.org/maven2/org/springframework/data/spring-data-commons/3.5.8/spring-data-commons-3.5.8.jar
Progress (2): 5.9/12 MB | 1.2/9.0 MBProgress (2): 5.9/12 MB | 1.2/9.0 MBProgress (2): 5.9/12 MB | 1.3/9.0 MBProgress (2): 5.9/12 MB | 1.3/9.0 MBProgress (2): 5.9/12 MB | 1.3/9.0 MBProgress (2): 5.9/12 MB | 1.3/9.0 MBProgress (2): 5.9/12 MB | 1.3/9.0 MBProgress (2): 5.9/12 MB | 1.3/9.0 MBProgress (2): 5.9/12 MB | 1.3/9.0 MBProgress (2): 5.9/12 MB | 1.3/9.0 MBProgress (2): 6.0/12 MB | 1.3/9.0 MBProgress (2): 6.0/12 MB | 1.3/9.0 MBProgress (2): 6.0/12 MB | 1.3/9.0 MBProgress (2): 6.0/12 MB | 1.3/9.0 MBProgress (2): 6.0/12 MB | 1.3/9.0 MBProgress (2): 6.0/12 MB | 1.3/9.0 MBProgress (2): 6.0/12 MB | 1.4/9.0 MBProgress (2): 6.0/12 MB | 1.4/9.0 MBProgress (2): 6.0/12 MB | 1.4/9.0 MBProgress (2): 6.0/12 MB | 1.4/9.0 MBProgress (2): 6.0/12 MB | 1.4/9.0 MBProgress (2): 6.1/12 MB | 1.4/9.0 MBProgress (2): 6.1/12 MB | 1.4/9.0 MBProgress (2): 6.1/12 MB | 1.4/9.0 MBProgress (2): 6.1/12 MB | 1.4/9.0 MBProgress (2): 6.1/12 MB | 1.4/9.0 MBProgress (2): 6.1/12 MB | 1.4/9.0 MBProgress (2): 6.1/12 MB | 1.4/9.0 MBProgress (2): 6.1/12 MB | 1.4/9.0 MBProgress (2): 6.1/12 MB | 1.5/9.0 MBProgress (2): 6.1/12 MB | 1.5/9.0 MBProgress (2): 6.1/12 MB | 1.5/9.0 MBProgress (2): 6.1/12 MB | 1.5/9.0 MBProgress (2): 6.1/12 MB | 1.5/9.0 MBProgress (2): 6.2/12 MB | 1.5/9.0 MBProgress (2): 6.2/12 MB | 1.5/9.0 MBProgress (2): 6.2/12 MB | 1.5/9.0 MBProgress (2): 6.2/12 MB | 1.5/9.0 MBProgress (2): 6.2/12 MB | 1.5/9.0 MBProgress (2): 6.2/12 MB | 1.5/9.0 MBProgress (2): 6.2/12 MB | 1.5/9.0 MBProgress (2): 6.2/12 MB | 1.6/9.0 MBProgress (2): 6.2/12 MB | 1.6/9.0 MBProgress (2): 6.2/12 MB | 1.6/9.0 MBProgress (2): 6.2/12 MB | 1.6/9.0 MBProgress (2): 6.2/12 MB | 1.6/9.0 MBProgress (2): 6.2/12 MB | 1.6/9.0 MBProgress (2): 6.3/12 MB | 1.6/9.0 MBProgress (2): 6.3/12 MB | 1.6/9.0 MBProgress (2): 6.3/12 MB | 1.6/9.0 MBProgress (2): 6.3/12 MB | 1.6/9.0 MBProgress (2): 6.3/12 MB | 1.6/9.0 MBProgress (2): 6.3/12 MB | 1.6/9.0 MBProgress (2): 6.3/12 MB | 1.7/9.0 MBProgress (2): 6.3/12 MB | 1.7/9.0 MBProgress (2): 6.3/12 MB | 1.7/9.0 MBProgress (2): 6.3/12 MB | 1.7/9.0 MBProgress (2): 6.4/12 MB | 1.7/9.0 MBProgress (2): 6.4/12 MB | 1.7/9.0 MBProgress (2): 6.4/12 MB | 1.7/9.0 MBProgress (2): 6.4/12 MB | 1.7/9.0 MBProgress (2): 6.4/12 MB | 1.7/9.0 MBProgress (2): 6.4/12 MB | 1.7/9.0 MBProgress (2): 6.4/12 MB | 1.7/9.0 MBProgress (2): 6.4/12 MB | 1.7/9.0 MBProgress (2): 6.4/12 MB | 1.7/9.0 MBProgress (2): 6.4/12 MB | 1.7/9.0 MBProgress (2): 6.4/12 MB | 1.8/9.0 MBProgress (2): 6.4/12 MB | 1.8/9.0 MBProgress (2): 6.4/12 MB | 1.8/9.0 MBProgress (2): 6.5/12 MB | 1.8/9.0 MBProgress (2): 6.5/12 MB | 1.8/9.0 MBProgress (2): 6.5/12 MB | 1.8/9.0 MBProgress (2): 6.5/12 MB | 1.8/9.0 MBProgress (2): 6.5/12 MB | 1.8/9.0 MBProgress (2): 6.5/12 MB | 1.8/9.0 MBProgress (2): 6.5/12 MB | 1.8/9.0 MBProgress (2): 6.5/12 MB | 1.8/9.0 MBProgress (2): 6.5/12 MB | 1.8/9.0 MBProgress (2): 6.5/12 MB | 1.8/9.0 MBProgress (2): 6.5/12 MB | 1.9/9.0 MBProgress (2): 6.6/12 MB | 1.9/9.0 MBProgress (2): 6.6/12 MB | 1.9/9.0 MBProgress (2): 6.6/12 MB | 1.9/9.0 MBProgress (2): 6.6/12 MB | 1.9/9.0 MBProgress (2): 6.6/12 MB | 1.9/9.0 MBProgress (2): 6.6/12 MB | 1.9/9.0 MBProgress (2): 6.6/12 MB | 1.9/9.0 MBProgress (2): 6.6/12 MB | 1.9/9.0 MBProgress (2): 6.6/12 MB | 1.9/9.0 MBProgress (2): 6.6/12 MB | 1.9/9.0 MBProgress (2): 6.6/12 MB | 1.9/9.0 MBProgress (2): 6.6/12 MB | 2.0/9.0 MBProgress (2): 6.7/12 MB | 2.0/9.0 MBProgress (2): 6.7/12 MB | 2.0/9.0 MBProgress (2): 6.7/12 MB | 2.0/9.0 MBProgress (2): 6.7/12 MB | 2.0/9.0 MBProgress (2): 6.7/12 MB | 2.0/9.0 MBProgress (2): 6.7/12 MB | 2.0/9.0 MBProgress (3): 6.7/12 MB | 2.0/9.0 MB | 7.7/326 kBProgress (3): 6.7/12 MB | 2.0/9.0 MB | 16/326 kB Progress (3): 6.7/12 MB | 2.0/9.0 MB | 16/326 kBProgress (3): 6.8/12 MB | 2.0/9.0 MB | 16/326 kBProgress (3): 6.8/12 MB | 2.0/9.0 MB | 16/326 kBProgress (3): 6.8/12 MB | 2.0/9.0 MB | 16/326 kBProgress (3): 6.8/12 MB | 2.0/9.0 MB | 16/326 kBProgress (3): 6.8/12 MB | 2.0/9.0 MB | 16/326 kBProgress (3): 6.8/12 MB | 2.0/9.0 MB | 16/326 kBProgress (3): 6.9/12 MB | 2.0/9.0 MB | 16/326 kBProgress (3): 6.9/12 MB | 2.0/9.0 MB | 16/326 kBProgress (4): 6.9/12 MB | 2.0/9.0 MB | 16/326 kB | 0/1.5 MBProgress (4): 6.9/12 MB | 2.0/9.0 MB | 16/326 kB | 0/1.5 MBProgress (4): 6.9/12 MB | 2.0/9.0 MB | 16/326 kB | 0/1.5 MBProgress (4): 6.9/12 MB | 2.0/9.0 MB | 16/326 kB | 0/1.5 MBProgress (4): 6.9/12 MB | 2.0/9.0 MB | 16/326 kB | 0/1.5 MBProgress (4): 6.9/12 MB | 2.0/9.0 MB | 16/326 kB | 0/1.5 MBProgress (4): 6.9/12 MB | 2.0/9.0 MB | 16/326 kB | 0/1.5 MBProgress (4): 6.9/12 MB | 2.0/9.0 MB | 16/326 kB | 0/1.5 MBProgress (4): 7.0/12 MB | 2.0/9.0 MB | 16/326 kB | 0/1.5 MBProgress (4): 7.0/12 MB | 2.0/9.0 MB | 16/326 kB | 0/1.5 MBProgress (4): 7.0/12 MB | 2.0/9.0 MB | 16/326 kB | 0/1.5 MBProgress (4): 7.0/12 MB | 2.0/9.0 MB | 16/326 kB | 0/1.5 MBProgress (5): 7.0/12 MB | 2.0/9.0 MB | 16/326 kB | 0/1.5 MB | 0/1.8 MBProgress (5): 7.0/12 MB | 2.0/9.0 MB | 16/326 kB | 0/1.5 MB | 0/1.8 MBProgress (5): 7.0/12 MB | 2.0/9.0 MB | 16/326 kB | 0/1.5 MB | 0/1.8 MBProgress (5): 7.0/12 MB | 2.0/9.0 MB | 16/326 kB | 0/1.5 MB | 0/1.8 MBProgress (5): 7.0/12 MB | 2.0/9.0 MB | 16/326 kB | 0/1.5 MB | 0/1.8 MBProgress (5): 7.0/12 MB | 2.0/9.0 MB | 16/326 kB | 0/1.5 MB | 0/1.8 MBProgress (5): 7.1/12 MB | 2.0/9.0 MB | 16/326 kB | 0/1.5 MB | 0/1.8 MBProgress (5): 7.1/12 MB | 2.0/9.0 MB | 16/326 kB | 0/1.5 MB | 0/1.8 MBProgress (5): 7.1/12 MB | 2.0/9.0 MB | 16/326 kB | 0/1.5 MB | 0/1.8 MBProgress (5): 7.1/12 MB | 2.0/9.0 MB | 32/326 kB | 0/1.5 MB | 0/1.8 MBProgress (5): 7.1/12 MB | 2.0/9.0 MB | 32/326 kB | 0/1.5 MB | 0/1.8 MBProgress (5): 7.1/12 MB | 2.0/9.0 MB | 32/326 kB | 0/1.5 MB | 0/1.8 MBProgress (5): 7.1/12 MB | 2.0/9.0 MB | 49/326 kB | 0/1.5 MB | 0/1.8 MBProgress (5): 7.1/12 MB | 2.0/9.0 MB | 49/326 kB | 0/1.5 MB | 0/1.8 MBProgress (5): 7.1/12 MB | 2.0/9.0 MB | 49/326 kB | 0/1.5 MB | 0/1.8 MBProgress (5): 7.2/12 MB | 2.0/9.0 MB | 49/326 kB | 0/1.5 MB | 0/1.8 MBProgress (5): 7.2/12 MB | 2.0/9.0 MB | 49/326 kB | 0/1.5 MB | 0/1.8 MBProgress (5): 7.2/12 MB | 2.0/9.0 MB | 65/326 kB | 0/1.5 MB | 0/1.8 MBProgress (5): 7.2/12 MB | 2.0/9.0 MB | 65/326 kB | 0/1.5 MB | 0/1.8 MBProgress (5): 7.2/12 MB | 2.0/9.0 MB | 81/326 kB | 0/1.5 MB | 0/1.8 MBProgress (5): 7.2/12 MB | 2.0/9.0 MB | 81/326 kB | 0/1.5 MB | 0/1.8 MBProgress (5): 7.2/12 MB | 2.0/9.0 MB | 81/326 kB | 0/1.5 MB | 0/1.8 MBProgress (5): 7.2/12 MB | 2.0/9.0 MB | 81/326 kB | 0/1.5 MB | 0/1.8 MBProgress (5): 7.3/12 MB | 2.0/9.0 MB | 81/326 kB | 0/1.5 MB | 0/1.8 MBProgress (5): 7.3/12 MB | 2.0/9.0 MB | 81/326 kB | 0/1.5 MB | 0/1.8 MBProgress (5): 7.3/12 MB | 2.0/9.0 MB | 81/326 kB | 0/1.5 MB | 0/1.8 MBProgress (5): 7.3/12 MB | 2.0/9.0 MB | 81/326 kB | 0/1.5 MB | 0/1.8 MBProgress (5): 7.3/12 MB | 2.0/9.0 MB | 81/326 kB | 0/1.5 MB | 0/1.8 MBProgress (5): 7.3/12 MB | 2.0/9.0 MB | 81/326 kB | 0/1.5 MB | 0/1.8 MBProgress (5): 7.3/12 MB | 2.0/9.0 MB | 81/326 kB | 0/1.5 MB | 0/1.8 MBProgress (5): 7.3/12 MB | 2.0/9.0 MB | 81/326 kB | 0/1.5 MB | 0/1.8 MBProgress (5): 7.3/12 MB | 2.1/9.0 MB | 81/326 kB | 0/1.5 MB | 0/1.8 MBProgress (5): 7.3/12 MB | 2.1/9.0 MB | 81/326 kB | 0/1.5 MB | 0/1.8 MBProgress (5): 7.3/12 MB | 2.1/9.0 MB | 81/326 kB | 0/1.5 MB | 0/1.8 MBProgress (5): 7.3/12 MB | 2.1/9.0 MB | 81/326 kB | 0/1.5 MB | 0/1.8 MBProgress (5): 7.4/12 MB | 2.1/9.0 MB | 81/326 kB | 0/1.5 MB | 0/1.8 MBProgress (5): 7.4/12 MB | 2.1/9.0 MB | 81/326 kB | 0/1.5 MB | 0/1.8 MBProgress (5): 7.4/12 MB | 2.1/9.0 MB | 81/326 kB | 0/1.5 MB | 0/1.8 MBProgress (5): 7.4/12 MB | 2.1/9.0 MB | 81/326 kB | 0/1.5 MB | 0/1.8 MBProgress (5): 7.4/12 MB | 2.1/9.0 MB | 81/326 kB | 0/1.5 MB | 0/1.8 MBProgress (5): 7.4/12 MB | 2.1/9.0 MB | 81/326 kB | 0/1.5 MB | 0/1.8 MBProgress (5): 7.4/12 MB | 2.1/9.0 MB | 81/326 kB | 0/1.5 MB | 0.1/1.8 MBProgress (5): 7.4/12 MB | 2.1/9.0 MB | 81/326 kB | 0/1.5 MB | 0.1/1.8 MBProgress (5): 7.4/12 MB | 2.1/9.0 MB | 81/326 kB | 0/1.5 MB | 0.1/1.8 MBProgress (5): 7.4/12 MB | 2.1/9.0 MB | 81/326 kB | 0/1.5 MB | 0.1/1.8 MBProgress (5): 7.4/12 MB | 2.1/9.0 MB | 81/326 kB | 0/1.5 MB | 0.1/1.8 MBProgress (5): 7.5/12 MB | 2.1/9.0 MB | 81/326 kB | 0/1.5 MB | 0.1/1.8 MBProgress (5): 7.5/12 MB | 2.1/9.0 MB | 81/326 kB | 0/1.5 MB | 0.1/1.8 MBProgress (5): 7.5/12 MB | 2.1/9.0 MB | 81/326 kB | 0/1.5 MB | 0.1/1.8 MBProgress (5): 7.5/12 MB | 2.1/9.0 MB | 81/326 kB | 0/1.5 MB | 0.1/1.8 MBProgress (5): 7.5/12 MB | 2.1/9.0 MB | 81/326 kB | 0/1.5 MB | 0.1/1.8 MBProgress (5): 7.5/12 MB | 2.1/9.0 MB | 81/326 kB | 0.1/1.5 MB | 0.1/1.8 MBProgress (5): 7.5/12 MB | 2.1/9.0 MB | 81/326 kB | 0.1/1.5 MB | 0.1/1.8 MBProgress (5): 7.5/12 MB | 2.1/9.0 MB | 81/326 kB | 0.1/1.5 MB | 0.1/1.8 MBProgress (5): 7.5/12 MB | 2.1/9.0 MB | 81/326 kB | 0.1/1.5 MB | 0.1/1.8 MBProgress (5): 7.5/12 MB | 2.1/9.0 MB | 81/326 kB | 0.1/1.5 MB | 0.1/1.8 MBProgress (5): 7.5/12 MB | 2.1/9.0 MB | 81/326 kB | 0.1/1.5 MB | 0.1/1.8 MBProgress (5): 7.5/12 MB | 2.1/9.0 MB | 81/326 kB | 0.1/1.5 MB | 0.1/1.8 MBProgress (5): 7.6/12 MB | 2.1/9.0 MB | 81/326 kB | 0.1/1.5 MB | 0.1/1.8 MBProgress (5): 7.6/12 MB | 2.1/9.0 MB | 81/326 kB | 0.1/1.5 MB | 0.1/1.8 MBProgress (5): 7.6/12 MB | 2.1/9.0 MB | 81/326 kB | 0.1/1.5 MB | 0.1/1.8 MBProgress (5): 7.6/12 MB | 2.1/9.0 MB | 81/326 kB | 0.1/1.5 MB | 0.1/1.8 MBProgress (5): 7.6/12 MB | 2.1/9.0 MB | 81/326 kB | 0.1/1.5 MB | 0.1/1.8 MBProgress (5): 7.6/12 MB | 2.1/9.0 MB | 81/326 kB | 0.1/1.5 MB | 0.1/1.8 MBProgress (5): 7.6/12 MB | 2.1/9.0 MB | 81/326 kB | 0.2/1.5 MB | 0.1/1.8 MBProgress (5): 7.6/12 MB | 2.1/9.0 MB | 81/326 kB | 0.2/1.5 MB | 0.1/1.8 MBProgress (5): 7.6/12 MB | 2.1/9.0 MB | 81/326 kB | 0.2/1.5 MB | 0.1/1.8 MBProgress (5): 7.6/12 MB | 2.1/9.0 MB | 81/326 kB | 0.2/1.5 MB | 0.1/1.8 MBProgress (5): 7.7/12 MB | 2.1/9.0 MB | 81/326 kB | 0.2/1.5 MB | 0.1/1.8 MBProgress (5): 7.7/12 MB | 2.1/9.0 MB | 98/326 kB | 0.2/1.5 MB | 0.1/1.8 MBProgress (5): 7.7/12 MB | 2.1/9.0 MB | 98/326 kB | 0.2/1.5 MB | 0.1/1.8 MBProgress (5): 7.7/12 MB | 2.1/9.0 MB | 114/326 kB | 0.2/1.5 MB | 0.1/1.8 MBProgress (5): 7.7/12 MB | 2.1/9.0 MB | 114/326 kB | 0.2/1.5 MB | 0.1/1.8 MBProgress (5): 7.7/12 MB | 2.1/9.0 MB | 131/326 kB | 0.2/1.5 MB | 0.1/1.8 MBProgress (5): 7.7/12 MB | 2.1/9.0 MB | 131/326 kB | 0.2/1.5 MB | 0.1/1.8 MBProgress (5): 7.7/12 MB | 2.1/9.0 MB | 147/326 kB | 0.2/1.5 MB | 0.1/1.8 MBProgress (5): 7.7/12 MB | 2.1/9.0 MB | 147/326 kB | 0.2/1.5 MB | 0.1/1.8 MBProgress (5): 7.7/12 MB | 2.1/9.0 MB | 147/326 kB | 0.2/1.5 MB | 0.1/1.8 MBProgress (5): 7.7/12 MB | 2.1/9.0 MB | 163/326 kB | 0.2/1.5 MB | 0.1/1.8 MBProgress (5): 7.7/12 MB | 2.1/9.0 MB | 163/326 kB | 0.2/1.5 MB | 0.1/1.8 MBProgress (5): 7.7/12 MB | 2.1/9.0 MB | 180/326 kB | 0.2/1.5 MB | 0.1/1.8 MBProgress (5): 7.8/12 MB | 2.1/9.0 MB | 180/326 kB | 0.2/1.5 MB | 0.1/1.8 MBProgress (5): 7.8/12 MB | 2.1/9.0 MB | 196/326 kB | 0.2/1.5 MB | 0.1/1.8 MBProgress (5): 7.8/12 MB | 2.1/9.0 MB | 196/326 kB | 0.2/1.5 MB | 0.1/1.8 MBProgress (5): 7.8/12 MB | 2.1/9.0 MB | 213/326 kB | 0.2/1.5 MB | 0.1/1.8 MBProgress (5): 7.8/12 MB | 2.1/9.0 MB | 213/326 kB | 0.2/1.5 MB | 0.1/1.8 MBProgress (5): 7.8/12 MB | 2.1/9.0 MB | 229/326 kB | 0.2/1.5 MB | 0.1/1.8 MBProgress (5): 7.8/12 MB | 2.1/9.0 MB | 229/326 kB | 0.2/1.5 MB | 0.1/1.8 MBProgress (5): 7.8/12 MB | 2.1/9.0 MB | 229/326 kB | 0.2/1.5 MB | 0.1/1.8 MBProgress (5): 7.8/12 MB | 2.1/9.0 MB | 229/326 kB | 0.2/1.5 MB | 0.1/1.8 MBProgress (5): 7.8/12 MB | 2.1/9.0 MB | 229/326 kB | 0.2/1.5 MB | 0.1/1.8 MBProgress (5): 7.9/12 MB | 2.1/9.0 MB | 229/326 kB | 0.2/1.5 MB | 0.1/1.8 MBProgress (5): 7.9/12 MB | 2.1/9.0 MB | 229/326 kB | 0.2/1.5 MB | 0.1/1.8 MBProgress (5): 7.9/12 MB | 2.1/9.0 MB | 229/326 kB | 0.2/1.5 MB | 0.1/1.8 MBProgress (5): 7.9/12 MB | 2.1/9.0 MB | 229/326 kB | 0.2/1.5 MB | 0.1/1.8 MBProgress (5): 7.9/12 MB | 2.2/9.0 MB | 229/326 kB | 0.2/1.5 MB | 0.1/1.8 MBProgress (5): 7.9/12 MB | 2.2/9.0 MB | 229/326 kB | 0.2/1.5 MB | 0.1/1.8 MBProgress (5): 7.9/12 MB | 2.2/9.0 MB | 229/326 kB | 0.2/1.5 MB | 0.1/1.8 MBProgress (5): 7.9/12 MB | 2.2/9.0 MB | 229/326 kB | 0.2/1.5 MB | 0.1/1.8 MBProgress (5): 7.9/12 MB | 2.2/9.0 MB | 229/326 kB | 0.2/1.5 MB | 0.1/1.8 MBProgress (5): 7.9/12 MB | 2.2/9.0 MB | 229/326 kB | 0.2/1.5 MB | 0.1/1.8 MBProgress (5): 8.0/12 MB | 2.2/9.0 MB | 229/326 kB | 0.2/1.5 MB | 0.1/1.8 MBProgress (5): 8.0/12 MB | 2.2/9.0 MB | 229/326 kB | 0.2/1.5 MB | 0.1/1.8 MBProgress (5): 8.0/12 MB | 2.2/9.0 MB | 229/326 kB | 0.2/1.5 MB | 0.1/1.8 MBProgress (5): 8.0/12 MB | 2.2/9.0 MB | 229/326 kB | 0.2/1.5 MB | 0.1/1.8 MBProgress (5): 8.0/12 MB | 2.2/9.0 MB | 229/326 kB | 0.2/1.5 MB | 0.1/1.8 MBProgress (5): 8.0/12 MB | 2.2/9.0 MB | 229/326 kB | 0.2/1.5 MB | 0.1/1.8 MBProgress (5): 8.0/12 MB | 2.2/9.0 MB | 229/326 kB | 0.2/1.5 MB | 0.1/1.8 MBProgress (5): 8.0/12 MB | 2.2/9.0 MB | 229/326 kB | 0.2/1.5 MB | 0.2/1.8 MBProgress (5): 8.0/12 MB | 2.2/9.0 MB | 229/326 kB | 0.2/1.5 MB | 0.2/1.8 MBProgress (5): 8.0/12 MB | 2.2/9.0 MB | 229/326 kB | 0.2/1.5 MB | 0.2/1.8 MBProgress (5): 8.0/12 MB | 2.2/9.0 MB | 229/326 kB | 0.2/1.5 MB | 0.2/1.8 MBProgress (5): 8.1/12 MB | 2.2/9.0 MB | 229/326 kB | 0.2/1.5 MB | 0.2/1.8 MBProgress (5): 8.1/12 MB | 2.2/9.0 MB | 229/326 kB | 0.2/1.5 MB | 0.2/1.8 MBProgress (5): 8.1/12 MB | 2.2/9.0 MB | 229/326 kB | 0.2/1.5 MB | 0.2/1.8 MBProgress (5): 8.1/12 MB | 2.2/9.0 MB | 229/326 kB | 0.2/1.5 MB | 0.2/1.8 MBProgress (5): 8.1/12 MB | 2.2/9.0 MB | 229/326 kB | 0.2/1.5 MB | 0.2/1.8 MBProgress (5): 8.1/12 MB | 2.2/9.0 MB | 229/326 kB | 0.2/1.5 MB | 0.2/1.8 MBProgress (5): 8.1/12 MB | 2.2/9.0 MB | 229/326 kB | 0.2/1.5 MB | 0.2/1.8 MBProgress (5): 8.1/12 MB | 2.2/9.0 MB | 229/326 kB | 0.2/1.5 MB | 0.2/1.8 MBProgress (5): 8.1/12 MB | 2.2/9.0 MB | 229/326 kB | 0.2/1.5 MB | 0.2/1.8 MBProgress (5): 8.1/12 MB | 2.2/9.0 MB | 229/326 kB | 0.2/1.5 MB | 0.2/1.8 MBProgress (5): 8.1/12 MB | 2.2/9.0 MB | 229/326 kB | 0.2/1.5 MB | 0.3/1.8 MBProgress (5): 8.2/12 MB | 2.2/9.0 MB | 229/326 kB | 0.2/1.5 MB | 0.3/1.8 MBProgress (5): 8.2/12 MB | 2.2/9.0 MB | 229/326 kB | 0.2/1.5 MB | 0.3/1.8 MBProgress (5): 8.2/12 MB | 2.2/9.0 MB | 229/326 kB | 0.2/1.5 MB | 0.3/1.8 MBProgress (5): 8.2/12 MB | 2.2/9.0 MB | 229/326 kB | 0.2/1.5 MB | 0.3/1.8 MBProgress (5): 8.2/12 MB | 2.2/9.0 MB | 229/326 kB | 0.2/1.5 MB | 0.3/1.8 MBProgress (5): 8.2/12 MB | 2.2/9.0 MB | 229/326 kB | 0.2/1.5 MB | 0.3/1.8 MBProgress (5): 8.2/12 MB | 2.2/9.0 MB | 229/326 kB | 0.2/1.5 MB | 0.3/1.8 MBProgress (5): 8.2/12 MB | 2.2/9.0 MB | 229/326 kB | 0.2/1.5 MB | 0.3/1.8 MBProgress (5): 8.2/12 MB | 2.2/9.0 MB | 229/326 kB | 0.2/1.5 MB | 0.3/1.8 MBProgress (5): 8.2/12 MB | 2.2/9.0 MB | 229/326 kB | 0.2/1.5 MB | 0.3/1.8 MBProgress (5): 8.3/12 MB | 2.2/9.0 MB | 229/326 kB | 0.2/1.5 MB | 0.3/1.8 MBProgress (5): 8.3/12 MB | 2.2/9.0 MB | 229/326 kB | 0.3/1.5 MB | 0.3/1.8 MBProgress (5): 8.3/12 MB | 2.2/9.0 MB | 229/326 kB | 0.3/1.5 MB | 0.3/1.8 MBProgress (5): 8.3/12 MB | 2.2/9.0 MB | 229/326 kB | 0.3/1.5 MB | 0.3/1.8 MBProgress (5): 8.3/12 MB | 2.2/9.0 MB | 229/326 kB | 0.3/1.5 MB | 0.3/1.8 MBProgress (5): 8.3/12 MB | 2.2/9.0 MB | 229/326 kB | 0.3/1.5 MB | 0.3/1.8 MBProgress (5): 8.3/12 MB | 2.2/9.0 MB | 229/326 kB | 0.3/1.5 MB | 0.3/1.8 MBProgress (5): 8.3/12 MB | 2.2/9.0 MB | 229/326 kB | 0.3/1.5 MB | 0.3/1.8 MBProgress (5): 8.3/12 MB | 2.2/9.0 MB | 229/326 kB | 0.3/1.5 MB | 0.3/1.8 MBProgress (5): 8.3/12 MB | 2.2/9.0 MB | 229/326 kB | 0.3/1.5 MB | 0.3/1.8 MBProgress (5): 8.3/12 MB | 2.2/9.0 MB | 245/326 kB | 0.3/1.5 MB | 0.3/1.8 MBProgress (5): 8.4/12 MB | 2.2/9.0 MB | 245/326 kB | 0.3/1.5 MB | 0.3/1.8 MBProgress (5): 8.4/12 MB | 2.2/9.0 MB | 262/326 kB | 0.3/1.5 MB | 0.3/1.8 MBProgress (5): 8.4/12 MB | 2.2/9.0 MB | 262/326 kB | 0.3/1.5 MB | 0.3/1.8 MBProgress (5): 8.4/12 MB | 2.2/9.0 MB | 278/326 kB | 0.3/1.5 MB | 0.3/1.8 MBProgress (5): 8.4/12 MB | 2.2/9.0 MB | 278/326 kB | 0.3/1.5 MB | 0.3/1.8 MBProgress (5): 8.4/12 MB | 2.2/9.0 MB | 294/326 kB | 0.3/1.5 MB | 0.3/1.8 MBProgress (5): 8.4/12 MB | 2.2/9.0 MB | 294/326 kB | 0.3/1.5 MB | 0.3/1.8 MBProgress (5): 8.4/12 MB | 2.2/9.0 MB | 311/326 kB | 0.3/1.5 MB | 0.3/1.8 MBProgress (5): 8.4/12 MB | 2.2/9.0 MB | 311/326 kB | 0.3/1.5 MB | 0.3/1.8 MBProgress (5): 8.4/12 MB | 2.2/9.0 MB | 311/326 kB | 0.3/1.5 MB | 0.3/1.8 MBProgress (5): 8.4/12 MB | 2.2/9.0 MB | 326 kB | 0.3/1.5 MB | 0.3/1.8 MB    Progress (5): 8.5/12 MB | 2.2/9.0 MB | 326 kB | 0.3/1.5 MB | 0.3/1.8 MBProgress (5): 8.5/12 MB | 2.2/9.0 MB | 326 kB | 0.3/1.5 MB | 0.3/1.8 MBProgress (5): 8.5/12 MB | 2.2/9.0 MB | 326 kB | 0.3/1.5 MB | 0.3/1.8 MB                                                                       Downloaded from central: https://repo.maven.apache.org/maven2/org/antlr/antlr4-runtime/4.13.0/antlr4-runtime-4.13.0.jar (326 kB at 497 kB/s)
Progress (4): 8.5/12 MB | 2.2/9.0 MB | 0.3/1.5 MB | 0.3/1.8 MBProgress (4): 8.5/12 MB | 2.2/9.0 MB | 0.3/1.5 MB | 0.3/1.8 MBProgress (4): 8.5/12 MB | 2.2/9.0 MB | 0.3/1.5 MB | 0.3/1.8 MBProgress (4): 8.5/12 MB | 2.2/9.0 MB | 0.3/1.5 MB | 0.3/1.8 MBProgress (4): 8.5/12 MB | 2.2/9.0 MB | 0.3/1.5 MB | 0.3/1.8 MBProgress (4): 8.6/12 MB | 2.2/9.0 MB | 0.3/1.5 MB | 0.3/1.8 MBProgress (4): 8.6/12 MB | 2.2/9.0 MB | 0.3/1.5 MB | 0.3/1.8 MBProgress (4): 8.6/12 MB | 2.3/9.0 MB | 0.3/1.5 MB | 0.3/1.8 MBProgress (4): 8.6/12 MB | 2.3/9.0 MB | 0.3/1.5 MB | 0.3/1.8 MBProgress (4): 8.6/12 MB | 2.3/9.0 MB | 0.3/1.5 MB | 0.3/1.8 MBProgress (4): 8.6/12 MB | 2.3/9.0 MB | 0.3/1.5 MB | 0.3/1.8 MBProgress (4): 8.6/12 MB | 2.3/9.0 MB | 0.3/1.5 MB | 0.3/1.8 MBProgress (4): 8.6/12 MB | 2.3/9.0 MB | 0.3/1.5 MB | 0.3/1.8 MBProgress (4): 8.6/12 MB | 2.3/9.0 MB | 0.3/1.5 MB | 0.3/1.8 MBProgress (4): 8.7/12 MB | 2.3/9.0 MB | 0.3/1.5 MB | 0.3/1.8 MBProgress (4): 8.7/12 MB | 2.3/9.0 MB | 0.3/1.5 MB | 0.3/1.8 MBProgress (4): 8.7/12 MB | 2.3/9.0 MB | 0.3/1.5 MB | 0.3/1.8 MBProgress (4): 8.7/12 MB | 2.3/9.0 MB | 0.3/1.5 MB | 0.3/1.8 MBProgress (4): 8.7/12 MB | 2.3/9.0 MB | 0.3/1.5 MB | 0.3/1.8 MBProgress (4): 8.7/12 MB | 2.3/9.0 MB | 0.3/1.5 MB | 0.3/1.8 MBProgress (4): 8.7/12 MB | 2.3/9.0 MB | 0.3/1.5 MB | 0.3/1.8 MBProgress (4): 8.7/12 MB | 2.3/9.0 MB | 0.3/1.5 MB | 0.3/1.8 MBProgress (4): 8.7/12 MB | 2.3/9.0 MB | 0.3/1.5 MB | 0.3/1.8 MBProgress (4): 8.7/12 MB | 2.3/9.0 MB | 0.3/1.5 MB | 0.3/1.8 MBProgress (4): 8.7/12 MB | 2.3/9.0 MB | 0.3/1.5 MB | 0.3/1.8 MBProgress (4): 8.8/12 MB | 2.3/9.0 MB | 0.3/1.5 MB | 0.3/1.8 MBProgress (4): 8.8/12 MB | 2.3/9.0 MB | 0.3/1.5 MB | 0.3/1.8 MBProgress (4): 8.8/12 MB | 2.3/9.0 MB | 0.3/1.5 MB | 0.3/1.8 MBProgress (4): 8.8/12 MB | 2.3/9.0 MB | 0.3/1.5 MB | 0.4/1.8 MBProgress (4): 8.8/12 MB | 2.3/9.0 MB | 0.3/1.5 MB | 0.4/1.8 MBProgress (4): 8.8/12 MB | 2.3/9.0 MB | 0.3/1.5 MB | 0.4/1.8 MBProgress (4): 8.8/12 MB | 2.3/9.0 MB | 0.3/1.5 MB | 0.4/1.8 MBProgress (4): 8.8/12 MB | 2.3/9.0 MB | 0.3/1.5 MB | 0.4/1.8 MBProgress (4): 8.8/12 MB | 2.3/9.0 MB | 0.3/1.5 MB | 0.4/1.8 MBProgress (4): 8.8/12 MB | 2.3/9.0 MB | 0.3/1.5 MB | 0.4/1.8 MBProgress (4): 8.8/12 MB | 2.3/9.0 MB | 0.3/1.5 MB | 0.4/1.8 MBProgress (4): 8.9/12 MB | 2.3/9.0 MB | 0.3/1.5 MB | 0.4/1.8 MBProgress (4): 8.9/12 MB | 2.3/9.0 MB | 0.3/1.5 MB | 0.4/1.8 MBProgress (4): 8.9/12 MB | 2.3/9.0 MB | 0.3/1.5 MB | 0.4/1.8 MBProgress (4): 8.9/12 MB | 2.3/9.0 MB | 0.3/1.5 MB | 0.4/1.8 MBProgress (4): 8.9/12 MB | 2.3/9.0 MB | 0.4/1.5 MB | 0.4/1.8 MBProgress (4): 8.9/12 MB | 2.3/9.0 MB | 0.4/1.5 MB | 0.4/1.8 MBProgress (4): 8.9/12 MB | 2.3/9.0 MB | 0.4/1.5 MB | 0.4/1.8 MBProgress (4): 8.9/12 MB | 2.3/9.0 MB | 0.4/1.5 MB | 0.4/1.8 MBProgress (4): 8.9/12 MB | 2.3/9.0 MB | 0.4/1.5 MB | 0.4/1.8 MBProgress (4): 8.9/12 MB | 2.3/9.0 MB | 0.4/1.5 MB | 0.4/1.8 MBProgress (4): 9.0/12 MB | 2.3/9.0 MB | 0.4/1.5 MB | 0.4/1.8 MBProgress (4): 9.0/12 MB | 2.3/9.0 MB | 0.4/1.5 MB | 0.4/1.8 MBProgress (4): 9.0/12 MB | 2.3/9.0 MB | 0.4/1.5 MB | 0.4/1.8 MBProgress (4): 9.0/12 MB | 2.3/9.0 MB | 0.4/1.5 MB | 0.4/1.8 MBProgress (4): 9.0/12 MB | 2.3/9.0 MB | 0.4/1.5 MB | 0.4/1.8 MBProgress (4): 9.0/12 MB | 2.3/9.0 MB | 0.4/1.5 MB | 0.4/1.8 MBProgress (4): 9.0/12 MB | 2.3/9.0 MB | 0.4/1.5 MB | 0.4/1.8 MB                                                              Downloading from central: https://repo.maven.apache.org/maven2/org/springframework/spring-orm/6.2.15/spring-orm-6.2.15.jar
Progress (4): 9.0/12 MB | 2.3/9.0 MB | 0.4/1.5 MB | 0.4/1.8 MBProgress (4): 9.0/12 MB | 2.3/9.0 MB | 0.4/1.5 MB | 0.4/1.8 MBProgress (4): 9.0/12 MB | 2.3/9.0 MB | 0.4/1.5 MB | 0.4/1.8 MBProgress (4): 9.0/12 MB | 2.3/9.0 MB | 0.4/1.5 MB | 0.4/1.8 MBProgress (4): 9.1/12 MB | 2.3/9.0 MB | 0.4/1.5 MB | 0.4/1.8 MBProgress (4): 9.1/12 MB | 2.3/9.0 MB | 0.4/1.5 MB | 0.4/1.8 MBProgress (4): 9.1/12 MB | 2.3/9.0 MB | 0.4/1.5 MB | 0.4/1.8 MBProgress (4): 9.1/12 MB | 2.3/9.0 MB | 0.4/1.5 MB | 0.4/1.8 MBProgress (4): 9.1/12 MB | 2.3/9.0 MB | 0.4/1.5 MB | 0.4/1.8 MBProgress (4): 9.1/12 MB | 2.3/9.0 MB | 0.4/1.5 MB | 0.4/1.8 MBProgress (4): 9.1/12 MB | 2.4/9.0 MB | 0.4/1.5 MB | 0.4/1.8 MBProgress (4): 9.1/12 MB | 2.4/9.0 MB | 0.4/1.5 MB | 0.4/1.8 MBProgress (4): 9.1/12 MB | 2.4/9.0 MB | 0.4/1.5 MB | 0.4/1.8 MBProgress (4): 9.1/12 MB | 2.4/9.0 MB | 0.4/1.5 MB | 0.4/1.8 MBProgress (4): 9.2/12 MB | 2.4/9.0 MB | 0.4/1.5 MB | 0.4/1.8 MBProgress (4): 9.2/12 MB | 2.4/9.0 MB | 0.4/1.5 MB | 0.4/1.8 MBProgress (4): 9.2/12 MB | 2.4/9.0 MB | 0.4/1.5 MB | 0.4/1.8 MBProgress (4): 9.2/12 MB | 2.4/9.0 MB | 0.4/1.5 MB | 0.4/1.8 MBProgress (4): 9.2/12 MB | 2.4/9.0 MB | 0.4/1.5 MB | 0.4/1.8 MBProgress (4): 9.2/12 MB | 2.4/9.0 MB | 0.4/1.5 MB | 0.4/1.8 MBProgress (4): 9.2/12 MB | 2.4/9.0 MB | 0.4/1.5 MB | 0.4/1.8 MBProgress (4): 9.2/12 MB | 2.4/9.0 MB | 0.4/1.5 MB | 0.4/1.8 MBProgress (4): 9.2/12 MB | 2.4/9.0 MB | 0.4/1.5 MB | 0.4/1.8 MBProgress (4): 9.2/12 MB | 2.4/9.0 MB | 0.4/1.5 MB | 0.4/1.8 MBProgress (4): 9.3/12 MB | 2.4/9.0 MB | 0.4/1.5 MB | 0.4/1.8 MBProgress (4): 9.3/12 MB | 2.4/9.0 MB | 0.4/1.5 MB | 0.5/1.8 MBProgress (4): 9.3/12 MB | 2.4/9.0 MB | 0.4/1.5 MB | 0.5/1.8 MBProgress (4): 9.3/12 MB | 2.4/9.0 MB | 0.4/1.5 MB | 0.5/1.8 MBProgress (4): 9.3/12 MB | 2.4/9.0 MB | 0.4/1.5 MB | 0.5/1.8 MBProgress (4): 9.3/12 MB | 2.4/9.0 MB | 0.4/1.5 MB | 0.5/1.8 MBProgress (4): 9.3/12 MB | 2.4/9.0 MB | 0.4/1.5 MB | 0.5/1.8 MBProgress (4): 9.3/12 MB | 2.4/9.0 MB | 0.4/1.5 MB | 0.5/1.8 MBProgress (4): 9.3/12 MB | 2.4/9.0 MB | 0.4/1.5 MB | 0.5/1.8 MBProgress (4): 9.3/12 MB | 2.4/9.0 MB | 0.4/1.5 MB | 0.5/1.8 MBProgress (4): 9.3/12 MB | 2.4/9.0 MB | 0.5/1.5 MB | 0.5/1.8 MBProgress (4): 9.4/12 MB | 2.4/9.0 MB | 0.5/1.5 MB | 0.5/1.8 MBProgress (4): 9.4/12 MB | 2.4/9.0 MB | 0.5/1.5 MB | 0.5/1.8 MBProgress (4): 9.4/12 MB | 2.4/9.0 MB | 0.5/1.5 MB | 0.5/1.8 MBProgress (4): 9.4/12 MB | 2.4/9.0 MB | 0.5/1.5 MB | 0.5/1.8 MBProgress (4): 9.4/12 MB | 2.4/9.0 MB | 0.5/1.5 MB | 0.5/1.8 MBProgress (4): 9.4/12 MB | 2.4/9.0 MB | 0.5/1.5 MB | 0.5/1.8 MBProgress (4): 9.4/12 MB | 2.4/9.0 MB | 0.5/1.5 MB | 0.5/1.8 MBProgress (4): 9.4/12 MB | 2.4/9.0 MB | 0.5/1.5 MB | 0.5/1.8 MBProgress (4): 9.4/12 MB | 2.4/9.0 MB | 0.5/1.5 MB | 0.5/1.8 MBProgress (4): 9.4/12 MB | 2.4/9.0 MB | 0.5/1.5 MB | 0.5/1.8 MBProgress (4): 9.4/12 MB | 2.4/9.0 MB | 0.5/1.5 MB | 0.5/1.8 MBProgress (4): 9.4/12 MB | 2.4/9.0 MB | 0.6/1.5 MB | 0.5/1.8 MBProgress (4): 9.4/12 MB | 2.4/9.0 MB | 0.6/1.5 MB | 0.5/1.8 MBProgress (4): 9.5/12 MB | 2.4/9.0 MB | 0.6/1.5 MB | 0.5/1.8 MBProgress (4): 9.5/12 MB | 2.4/9.0 MB | 0.6/1.5 MB | 0.5/1.8 MBProgress (4): 9.5/12 MB | 2.4/9.0 MB | 0.6/1.5 MB | 0.5/1.8 MBProgress (4): 9.5/12 MB | 2.4/9.0 MB | 0.6/1.5 MB | 0.5/1.8 MBProgress (4): 9.5/12 MB | 2.4/9.0 MB | 0.6/1.5 MB | 0.5/1.8 MBProgress (4): 9.5/12 MB | 2.4/9.0 MB | 0.6/1.5 MB | 0.5/1.8 MBProgress (4): 9.5/12 MB | 2.4/9.0 MB | 0.6/1.5 MB | 0.5/1.8 MBProgress (4): 9.5/12 MB | 2.5/9.0 MB | 0.6/1.5 MB | 0.5/1.8 MBProgress (4): 9.5/12 MB | 2.5/9.0 MB | 0.6/1.5 MB | 0.5/1.8 MBProgress (4): 9.5/12 MB | 2.5/9.0 MB | 0.6/1.5 MB | 0.5/1.8 MBProgress (4): 9.5/12 MB | 2.5/9.0 MB | 0.6/1.5 MB | 0.5/1.8 MBProgress (4): 9.5/12 MB | 2.5/9.0 MB | 0.6/1.5 MB | 0.5/1.8 MBProgress (4): 9.6/12 MB | 2.5/9.0 MB | 0.6/1.5 MB | 0.5/1.8 MBProgress (4): 9.6/12 MB | 2.5/9.0 MB | 0.6/1.5 MB | 0.6/1.8 MBProgress (4): 9.6/12 MB | 2.5/9.0 MB | 0.6/1.5 MB | 0.6/1.8 MBProgress (4): 9.6/12 MB | 2.5/9.0 MB | 0.6/1.5 MB | 0.6/1.8 MBProgress (4): 9.6/12 MB | 2.5/9.0 MB | 0.6/1.5 MB | 0.6/1.8 MBProgress (4): 9.6/12 MB | 2.5/9.0 MB | 0.6/1.5 MB | 0.6/1.8 MBProgress (4): 9.6/12 MB | 2.5/9.0 MB | 0.6/1.5 MB | 0.6/1.8 MBProgress (4): 9.6/12 MB | 2.5/9.0 MB | 0.6/1.5 MB | 0.6/1.8 MBProgress (4): 9.6/12 MB | 2.5/9.0 MB | 0.6/1.5 MB | 0.6/1.8 MBProgress (4): 9.6/12 MB | 2.5/9.0 MB | 0.6/1.5 MB | 0.6/1.8 MBProgress (4): 9.6/12 MB | 2.5/9.0 MB | 0.6/1.5 MB | 0.6/1.8 MBProgress (4): 9.7/12 MB | 2.5/9.0 MB | 0.6/1.5 MB | 0.6/1.8 MBProgress (4): 9.7/12 MB | 2.5/9.0 MB | 0.6/1.5 MB | 0.6/1.8 MBProgress (4): 9.7/12 MB | 2.5/9.0 MB | 0.6/1.5 MB | 0.6/1.8 MBProgress (4): 9.7/12 MB | 2.5/9.0 MB | 0.6/1.5 MB | 0.6/1.8 MBProgress (4): 9.7/12 MB | 2.5/9.0 MB | 0.6/1.5 MB | 0.6/1.8 MBProgress (4): 9.7/12 MB | 2.5/9.0 MB | 0.6/1.5 MB | 0.6/1.8 MBProgress (4): 9.7/12 MB | 2.5/9.0 MB | 0.6/1.5 MB | 0.6/1.8 MBProgress (4): 9.7/12 MB | 2.5/9.0 MB | 0.6/1.5 MB | 0.6/1.8 MBProgress (4): 9.7/12 MB | 2.5/9.0 MB | 0.6/1.5 MB | 0.6/1.8 MBProgress (4): 9.7/12 MB | 2.5/9.0 MB | 0.6/1.5 MB | 0.6/1.8 MBProgress (4): 9.7/12 MB | 2.5/9.0 MB | 0.6/1.5 MB | 0.6/1.8 MBProgress (4): 9.7/12 MB | 2.5/9.0 MB | 0.6/1.5 MB | 0.6/1.8 MBProgress (4): 9.8/12 MB | 2.5/9.0 MB | 0.6/1.5 MB | 0.6/1.8 MBProgress (4): 9.8/12 MB | 2.6/9.0 MB | 0.6/1.5 MB | 0.6/1.8 MBProgress (4): 9.8/12 MB | 2.6/9.0 MB | 0.6/1.5 MB | 0.6/1.8 MBProgress (4): 9.8/12 MB | 2.6/9.0 MB | 0.6/1.5 MB | 0.6/1.8 MBProgress (4): 9.8/12 MB | 2.6/9.0 MB | 0.6/1.5 MB | 0.6/1.8 MBProgress (4): 9.8/12 MB | 2.6/9.0 MB | 0.6/1.5 MB | 0.6/1.8 MBProgress (4): 9.8/12 MB | 2.6/9.0 MB | 0.6/1.5 MB | 0.6/1.8 MBProgress (4): 9.8/12 MB | 2.6/9.0 MB | 0.6/1.5 MB | 0.6/1.8 MBProgress (4): 9.8/12 MB | 2.6/9.0 MB | 0.6/1.5 MB | 0.6/1.8 MBProgress (4): 9.8/12 MB | 2.6/9.0 MB | 0.6/1.5 MB | 0.7/1.8 MBProgress (4): 9.8/12 MB | 2.6/9.0 MB | 0.6/1.5 MB | 0.7/1.8 MBProgress (4): 9.8/12 MB | 2.6/9.0 MB | 0.6/1.5 MB | 0.7/1.8 MBProgress (4): 9.8/12 MB | 2.6/9.0 MB | 0.6/1.5 MB | 0.7/1.8 MBProgress (4): 9.8/12 MB | 2.6/9.0 MB | 0.6/1.5 MB | 0.7/1.8 MBProgress (4): 9.8/12 MB | 2.6/9.0 MB | 0.6/1.5 MB | 0.7/1.8 MBProgress (4): 9.8/12 MB | 2.6/9.0 MB | 0.6/1.5 MB | 0.7/1.8 MBProgress (4): 9.8/12 MB | 2.6/9.0 MB | 0.6/1.5 MB | 0.7/1.8 MBProgress (4): 9.8/12 MB | 2.6/9.0 MB | 0.6/1.5 MB | 0.7/1.8 MBProgress (4): 9.8/12 MB | 2.6/9.0 MB | 0.6/1.5 MB | 0.7/1.8 MBProgress (4): 9.9/12 MB | 2.6/9.0 MB | 0.6/1.5 MB | 0.7/1.8 MBProgress (4): 9.9/12 MB | 2.6/9.0 MB | 0.6/1.5 MB | 0.7/1.8 MBProgress (4): 9.9/12 MB | 2.6/9.0 MB | 0.7/1.5 MB | 0.7/1.8 MBProgress (4): 9.9/12 MB | 2.6/9.0 MB | 0.7/1.5 MB | 0.7/1.8 MBProgress (4): 9.9/12 MB | 2.6/9.0 MB | 0.7/1.5 MB | 0.7/1.8 MBProgress (4): 9.9/12 MB | 2.6/9.0 MB | 0.7/1.5 MB | 0.7/1.8 MBProgress (4): 9.9/12 MB | 2.6/9.0 MB | 0.7/1.5 MB | 0.7/1.8 MBProgress (4): 9.9/12 MB | 2.6/9.0 MB | 0.7/1.5 MB | 0.7/1.8 MBProgress (4): 9.9/12 MB | 2.6/9.0 MB | 0.7/1.5 MB | 0.8/1.8 MBProgress (4): 9.9/12 MB | 2.6/9.0 MB | 0.7/1.5 MB | 0.8/1.8 MBProgress (4): 9.9/12 MB | 2.6/9.0 MB | 0.7/1.5 MB | 0.8/1.8 MBProgress (4): 9.9/12 MB | 2.6/9.0 MB | 0.7/1.5 MB | 0.8/1.8 MBProgress (4): 9.9/12 MB | 2.6/9.0 MB | 0.7/1.5 MB | 0.8/1.8 MBProgress (4): 9.9/12 MB | 2.6/9.0 MB | 0.7/1.5 MB | 0.8/1.8 MBProgress (4): 10.0/12 MB | 2.6/9.0 MB | 0.7/1.5 MB | 0.8/1.8 MBProgress (5): 10.0/12 MB | 2.6/9.0 MB | 0.7/1.5 MB | 0.8/1.8 MB | 4.1/235 kBProgress (5): 10.0/12 MB | 2.6/9.0 MB | 0.7/1.5 MB | 0.8/1.8 MB | 4.1/235 kBProgress (5): 10.0/12 MB | 2.6/9.0 MB | 0.7/1.5 MB | 0.8/1.8 MB | 20/235 kB Progress (5): 10.0/12 MB | 2.6/9.0 MB | 0.7/1.5 MB | 0.8/1.8 MB | 20/235 kBProgress (5): 10/12 MB | 2.6/9.0 MB | 0.7/1.5 MB | 0.8/1.8 MB | 20/235 kB  Progress (5): 10/12 MB | 2.6/9.0 MB | 0.7/1.5 MB | 0.8/1.8 MB | 37/235 kBProgress (5): 10/12 MB | 2.6/9.0 MB | 0.7/1.5 MB | 0.8/1.8 MB | 37/235 kBProgress (5): 10/12 MB | 2.6/9.0 MB | 0.7/1.5 MB | 0.8/1.8 MB | 53/235 kBProgress (5): 10/12 MB | 2.6/9.0 MB | 0.7/1.5 MB | 0.8/1.8 MB | 61/235 kBProgress (5): 10/12 MB | 2.6/9.0 MB | 0.7/1.5 MB | 0.8/1.8 MB | 61/235 kBProgress (5): 10/12 MB | 2.6/9.0 MB | 0.7/1.5 MB | 0.8/1.8 MB | 78/235 kBProgress (5): 10/12 MB | 2.6/9.0 MB | 0.7/1.5 MB | 0.8/1.8 MB | 78/235 kBProgress (5): 10/12 MB | 2.6/9.0 MB | 0.7/1.5 MB | 0.8/1.8 MB | 94/235 kBProgress (5): 10/12 MB | 2.6/9.0 MB | 0.7/1.5 MB | 0.8/1.8 MB | 94/235 kBProgress (5): 10/12 MB | 2.6/9.0 MB | 0.7/1.5 MB | 0.8/1.8 MB | 94/235 kBProgress (5): 10/12 MB | 2.6/9.0 MB | 0.7/1.5 MB | 0.8/1.8 MB | 94/235 kBProgress (5): 10/12 MB | 2.6/9.0 MB | 0.7/1.5 MB | 0.8/1.8 MB | 94/235 kBProgress (5): 10/12 MB | 2.6/9.0 MB | 0.7/1.5 MB | 0.8/1.8 MB | 94/235 kBProgress (5): 10/12 MB | 2.6/9.0 MB | 0.7/1.5 MB | 0.8/1.8 MB | 94/235 kBProgress (5): 10/12 MB | 2.6/9.0 MB | 0.7/1.5 MB | 0.8/1.8 MB | 94/235 kBProgress (5): 10/12 MB | 2.6/9.0 MB | 0.7/1.5 MB | 0.8/1.8 MB | 94/235 kBProgress (5): 10/12 MB | 2.6/9.0 MB | 0.7/1.5 MB | 0.8/1.8 MB | 94/235 kBProgress (5): 10/12 MB | 2.6/9.0 MB | 0.7/1.5 MB | 0.8/1.8 MB | 94/235 kBProgress (5): 10/12 MB | 2.6/9.0 MB | 0.7/1.5 MB | 0.8/1.8 MB | 94/235 kBProgress (5): 10/12 MB | 2.6/9.0 MB | 0.7/1.5 MB | 0.8/1.8 MB | 94/235 kBProgress (5): 10/12 MB | 2.6/9.0 MB | 0.7/1.5 MB | 0.9/1.8 MB | 94/235 kBProgress (5): 10/12 MB | 2.6/9.0 MB | 0.7/1.5 MB | 0.9/1.8 MB | 94/235 kBProgress (5): 10/12 MB | 2.7/9.0 MB | 0.7/1.5 MB | 0.9/1.8 MB | 94/235 kBProgress (5): 10/12 MB | 2.7/9.0 MB | 0.7/1.5 MB | 0.9/1.8 MB | 94/235 kBProgress (5): 10/12 MB | 2.7/9.0 MB | 0.7/1.5 MB | 0.9/1.8 MB | 94/235 kBProgress (5): 10/12 MB | 2.7/9.0 MB | 0.7/1.5 MB | 0.9/1.8 MB | 94/235 kBProgress (5): 10/12 MB | 2.7/9.0 MB | 0.7/1.5 MB | 0.9/1.8 MB | 94/235 kBProgress (5): 10/12 MB | 2.7/9.0 MB | 0.7/1.5 MB | 0.9/1.8 MB | 94/235 kBProgress (5): 10/12 MB | 2.7/9.0 MB | 0.7/1.5 MB | 0.9/1.8 MB | 94/235 kBProgress (5): 10/12 MB | 2.7/9.0 MB | 0.7/1.5 MB | 0.9/1.8 MB | 94/235 kBProgress (5): 10/12 MB | 2.7/9.0 MB | 0.7/1.5 MB | 0.9/1.8 MB | 94/235 kBProgress (5): 10/12 MB | 2.7/9.0 MB | 0.7/1.5 MB | 0.9/1.8 MB | 94/235 kBProgress (5): 10/12 MB | 2.7/9.0 MB | 0.7/1.5 MB | 0.9/1.8 MB | 94/235 kBProgress (5): 10/12 MB | 2.7/9.0 MB | 0.7/1.5 MB | 0.9/1.8 MB | 94/235 kBProgress (5): 10/12 MB | 2.7/9.0 MB | 0.7/1.5 MB | 0.9/1.8 MB | 94/235 kBProgress (5): 10/12 MB | 2.7/9.0 MB | 0.7/1.5 MB | 0.9/1.8 MB | 94/235 kBProgress (5): 10/12 MB | 2.7/9.0 MB | 0.7/1.5 MB | 0.9/1.8 MB | 94/235 kBProgress (5): 10/12 MB | 2.7/9.0 MB | 0.7/1.5 MB | 0.9/1.8 MB | 94/235 kBProgress (5): 10/12 MB | 2.7/9.0 MB | 0.7/1.5 MB | 0.9/1.8 MB | 94/235 kBProgress (5): 10/12 MB | 2.7/9.0 MB | 0.7/1.5 MB | 0.9/1.8 MB | 94/235 kBProgress (5): 10/12 MB | 2.7/9.0 MB | 0.7/1.5 MB | 0.9/1.8 MB | 94/235 kBProgress (5): 10/12 MB | 2.7/9.0 MB | 0.7/1.5 MB | 0.9/1.8 MB | 94/235 kBProgress (5): 10/12 MB | 2.7/9.0 MB | 0.7/1.5 MB | 0.9/1.8 MB | 94/235 kBProgress (5): 10/12 MB | 2.7/9.0 MB | 0.7/1.5 MB | 0.9/1.8 MB | 94/235 kBProgress (5): 10/12 MB | 2.7/9.0 MB | 0.7/1.5 MB | 0.9/1.8 MB | 94/235 kBProgress (5): 10/12 MB | 2.7/9.0 MB | 0.8/1.5 MB | 0.9/1.8 MB | 94/235 kBProgress (5): 10/12 MB | 2.7/9.0 MB | 0.8/1.5 MB | 0.9/1.8 MB | 94/235 kBProgress (5): 10/12 MB | 2.7/9.0 MB | 0.8/1.5 MB | 0.9/1.8 MB | 94/235 kBProgress (5): 10/12 MB | 2.7/9.0 MB | 0.8/1.5 MB | 0.9/1.8 MB | 94/235 kBProgress (5): 10/12 MB | 2.7/9.0 MB | 0.8/1.5 MB | 0.9/1.8 MB | 94/235 kBProgress (5): 10/12 MB | 2.7/9.0 MB | 0.8/1.5 MB | 0.9/1.8 MB | 94/235 kBProgress (5): 10/12 MB | 2.7/9.0 MB | 0.8/1.5 MB | 0.9/1.8 MB | 94/235 kBProgress (5): 10/12 MB | 2.7/9.0 MB | 0.8/1.5 MB | 0.9/1.8 MB | 94/235 kBProgress (5): 10/12 MB | 2.7/9.0 MB | 0.8/1.5 MB | 0.9/1.8 MB | 94/235 kBProgress (5): 10/12 MB | 2.7/9.0 MB | 0.8/1.5 MB | 0.9/1.8 MB | 94/235 kBProgress (5): 10/12 MB | 2.7/9.0 MB | 0.8/1.5 MB | 0.9/1.8 MB | 94/235 kBProgress (5): 10/12 MB | 2.7/9.0 MB | 0.8/1.5 MB | 0.9/1.8 MB | 94/235 kBProgress (5): 10/12 MB | 2.7/9.0 MB | 0.8/1.5 MB | 0.9/1.8 MB | 94/235 kBProgress (5): 10/12 MB | 2.7/9.0 MB | 0.8/1.5 MB | 0.9/1.8 MB | 94/235 kBProgress (5): 10/12 MB | 2.7/9.0 MB | 0.8/1.5 MB | 0.9/1.8 MB | 94/235 kBProgress (5): 10/12 MB | 2.7/9.0 MB | 0.8/1.5 MB | 0.9/1.8 MB | 94/235 kBProgress (5): 10/12 MB | 2.7/9.0 MB | 0.8/1.5 MB | 1.0/1.8 MB | 94/235 kBProgress (5): 10/12 MB | 2.7/9.0 MB | 0.8/1.5 MB | 1.0/1.8 MB | 94/235 kBProgress (5): 10/12 MB | 2.7/9.0 MB | 0.8/1.5 MB | 1.0/1.8 MB | 94/235 kBProgress (5): 10/12 MB | 2.8/9.0 MB | 0.8/1.5 MB | 1.0/1.8 MB | 94/235 kBProgress (5): 10/12 MB | 2.8/9.0 MB | 0.8/1.5 MB | 1.0/1.8 MB | 94/235 kBProgress (5): 10/12 MB | 2.8/9.0 MB | 0.8/1.5 MB | 1.0/1.8 MB | 94/235 kBProgress (5): 10/12 MB | 2.8/9.0 MB | 0.8/1.5 MB | 1.0/1.8 MB | 94/235 kBProgress (5): 10/12 MB | 2.8/9.0 MB | 0.8/1.5 MB | 1.0/1.8 MB | 94/235 kBProgress (5): 10/12 MB | 2.8/9.0 MB | 0.8/1.5 MB | 1.0/1.8 MB | 94/235 kBProgress (5): 10/12 MB | 2.8/9.0 MB | 0.8/1.5 MB | 1.0/1.8 MB | 94/235 kBProgress (5): 11/12 MB | 2.8/9.0 MB | 0.8/1.5 MB | 1.0/1.8 MB | 94/235 kBProgress (5): 11/12 MB | 2.8/9.0 MB | 0.8/1.5 MB | 1.0/1.8 MB | 94/235 kBProgress (5): 11/12 MB | 2.8/9.0 MB | 0.8/1.5 MB | 1.0/1.8 MB | 94/235 kBProgress (5): 11/12 MB | 2.8/9.0 MB | 0.8/1.5 MB | 1.0/1.8 MB | 94/235 kBProgress (5): 11/12 MB | 2.8/9.0 MB | 0.8/1.5 MB | 1.0/1.8 MB | 94/235 kBProgress (5): 11/12 MB | 2.8/9.0 MB | 0.8/1.5 MB | 1.0/1.8 MB | 94/235 kBProgress (5): 11/12 MB | 2.8/9.0 MB | 0.8/1.5 MB | 1.0/1.8 MB | 94/235 kBProgress (5): 11/12 MB | 2.8/9.0 MB | 0.8/1.5 MB | 1.1/1.8 MB | 94/235 kBProgress (5): 11/12 MB | 2.8/9.0 MB | 0.8/1.5 MB | 1.1/1.8 MB | 94/235 kBProgress (5): 11/12 MB | 2.8/9.0 MB | 0.8/1.5 MB | 1.1/1.8 MB | 94/235 kBProgress (5): 11/12 MB | 2.8/9.0 MB | 0.8/1.5 MB | 1.1/1.8 MB | 94/235 kBProgress (5): 11/12 MB | 2.8/9.0 MB | 0.8/1.5 MB | 1.1/1.8 MB | 94/235 kBProgress (5): 11/12 MB | 2.9/9.0 MB | 0.8/1.5 MB | 1.1/1.8 MB | 94/235 kBProgress (5): 11/12 MB | 2.9/9.0 MB | 0.8/1.5 MB | 1.1/1.8 MB | 94/235 kBProgress (5): 11/12 MB | 2.9/9.0 MB | 0.8/1.5 MB | 1.1/1.8 MB | 94/235 kBProgress (5): 11/12 MB | 2.9/9.0 MB | 0.8/1.5 MB | 1.1/1.8 MB | 94/235 kBProgress (5): 11/12 MB | 2.9/9.0 MB | 0.8/1.5 MB | 1.1/1.8 MB | 111/235 kBProgress (5): 11/12 MB | 2.9/9.0 MB | 0.8/1.5 MB | 1.1/1.8 MB | 111/235 kBProgress (5): 11/12 MB | 2.9/9.0 MB | 0.8/1.5 MB | 1.1/1.8 MB | 127/235 kBProgress (5): 11/12 MB | 2.9/9.0 MB | 0.8/1.5 MB | 1.1/1.8 MB | 127/235 kBProgress (5): 11/12 MB | 2.9/9.0 MB | 0.8/1.5 MB | 1.1/1.8 MB | 143/235 kBProgress (5): 11/12 MB | 2.9/9.0 MB | 0.8/1.5 MB | 1.1/1.8 MB | 143/235 kBProgress (5): 11/12 MB | 2.9/9.0 MB | 0.8/1.5 MB | 1.1/1.8 MB | 160/235 kBProgress (5): 11/12 MB | 2.9/9.0 MB | 0.8/1.5 MB | 1.1/1.8 MB | 160/235 kBProgress (5): 11/12 MB | 2.9/9.0 MB | 0.8/1.5 MB | 1.1/1.8 MB | 176/235 kBProgress (5): 11/12 MB | 2.9/9.0 MB | 0.8/1.5 MB | 1.1/1.8 MB | 176/235 kBProgress (5): 11/12 MB | 2.9/9.0 MB | 0.8/1.5 MB | 1.1/1.8 MB | 193/235 kBProgress (5): 11/12 MB | 2.9/9.0 MB | 0.8/1.5 MB | 1.1/1.8 MB | 193/235 kBProgress (5): 11/12 MB | 2.9/9.0 MB | 0.8/1.5 MB | 1.1/1.8 MB | 209/235 kBProgress (5): 11/12 MB | 2.9/9.0 MB | 0.8/1.5 MB | 1.1/1.8 MB | 209/235 kBProgress (5): 11/12 MB | 2.9/9.0 MB | 0.8/1.5 MB | 1.1/1.8 MB | 225/235 kBProgress (5): 11/12 MB | 2.9/9.0 MB | 0.8/1.5 MB | 1.1/1.8 MB | 235 kB    Progress (5): 11/12 MB | 2.9/9.0 MB | 0.8/1.5 MB | 1.1/1.8 MB | 235 kBProgress (5): 11/12 MB | 2.9/9.0 MB | 0.8/1.5 MB | 1.1/1.8 MB | 235 kB                                                                      Downloaded from central: https://repo.maven.apache.org/maven2/org/springframework/spring-orm/6.2.15/spring-orm-6.2.15.jar (235 kB at 329 kB/s)
Downloading from central: https://repo.maven.apache.org/maven2/org/springframework/spring-tx/6.2.15/spring-tx-6.2.15.jar
Progress (4): 11/12 MB | 2.9/9.0 MB | 0.8/1.5 MB | 1.1/1.8 MBProgress (4): 11/12 MB | 2.9/9.0 MB | 0.8/1.5 MB | 1.1/1.8 MBProgress (4): 11/12 MB | 2.9/9.0 MB | 0.9/1.5 MB | 1.1/1.8 MBProgress (4): 11/12 MB | 2.9/9.0 MB | 0.9/1.5 MB | 1.1/1.8 MBProgress (4): 11/12 MB | 2.9/9.0 MB | 0.9/1.5 MB | 1.1/1.8 MBProgress (4): 11/12 MB | 2.9/9.0 MB | 0.9/1.5 MB | 1.1/1.8 MBProgress (4): 11/12 MB | 2.9/9.0 MB | 0.9/1.5 MB | 1.1/1.8 MBProgress (4): 11/12 MB | 2.9/9.0 MB | 0.9/1.5 MB | 1.1/1.8 MBProgress (4): 11/12 MB | 2.9/9.0 MB | 0.9/1.5 MB | 1.1/1.8 MBProgress (4): 11/12 MB | 2.9/9.0 MB | 0.9/1.5 MB | 1.1/1.8 MBProgress (4): 11/12 MB | 2.9/9.0 MB | 0.9/1.5 MB | 1.2/1.8 MBProgress (4): 11/12 MB | 2.9/9.0 MB | 0.9/1.5 MB | 1.2/1.8 MBProgress (4): 11/12 MB | 2.9/9.0 MB | 0.9/1.5 MB | 1.2/1.8 MBProgress (4): 11/12 MB | 2.9/9.0 MB | 0.9/1.5 MB | 1.2/1.8 MBProgress (4): 11/12 MB | 2.9/9.0 MB | 0.9/1.5 MB | 1.2/1.8 MBProgress (4): 11/12 MB | 2.9/9.0 MB | 0.9/1.5 MB | 1.2/1.8 MBProgress (4): 11/12 MB | 2.9/9.0 MB | 0.9/1.5 MB | 1.2/1.8 MBProgress (4): 11/12 MB | 2.9/9.0 MB | 0.9/1.5 MB | 1.2/1.8 MBProgress (4): 11/12 MB | 2.9/9.0 MB | 0.9/1.5 MB | 1.2/1.8 MBProgress (4): 11/12 MB | 2.9/9.0 MB | 0.9/1.5 MB | 1.2/1.8 MBProgress (4): 11/12 MB | 2.9/9.0 MB | 0.9/1.5 MB | 1.2/1.8 MBProgress (4): 11/12 MB | 2.9/9.0 MB | 0.9/1.5 MB | 1.2/1.8 MBProgress (4): 11/12 MB | 2.9/9.0 MB | 0.9/1.5 MB | 1.2/1.8 MBProgress (4): 11/12 MB | 2.9/9.0 MB | 0.9/1.5 MB | 1.2/1.8 MBProgress (4): 11/12 MB | 2.9/9.0 MB | 0.9/1.5 MB | 1.2/1.8 MBProgress (4): 11/12 MB | 2.9/9.0 MB | 1.0/1.5 MB | 1.2/1.8 MBProgress (4): 11/12 MB | 2.9/9.0 MB | 1.0/1.5 MB | 1.2/1.8 MBProgress (4): 11/12 MB | 2.9/9.0 MB | 1.0/1.5 MB | 1.2/1.8 MBProgress (4): 11/12 MB | 2.9/9.0 MB | 1.0/1.5 MB | 1.2/1.8 MBProgress (4): 11/12 MB | 2.9/9.0 MB | 1.0/1.5 MB | 1.2/1.8 MBProgress (4): 11/12 MB | 2.9/9.0 MB | 1.0/1.5 MB | 1.2/1.8 MBProgress (4): 11/12 MB | 2.9/9.0 MB | 1.0/1.5 MB | 1.2/1.8 MBProgress (4): 11/12 MB | 2.9/9.0 MB | 1.0/1.5 MB | 1.2/1.8 MBProgress (4): 11/12 MB | 2.9/9.0 MB | 1.0/1.5 MB | 1.2/1.8 MBProgress (4): 11/12 MB | 2.9/9.0 MB | 1.0/1.5 MB | 1.2/1.8 MBProgress (4): 11/12 MB | 2.9/9.0 MB | 1.0/1.5 MB | 1.2/1.8 MBProgress (4): 11/12 MB | 2.9/9.0 MB | 1.0/1.5 MB | 1.2/1.8 MBProgress (4): 11/12 MB | 2.9/9.0 MB | 1.0/1.5 MB | 1.2/1.8 MBProgress (4): 11/12 MB | 2.9/9.0 MB | 1.0/1.5 MB | 1.2/1.8 MBProgress (4): 11/12 MB | 2.9/9.0 MB | 1.0/1.5 MB | 1.2/1.8 MBProgress (4): 11/12 MB | 2.9/9.0 MB | 1.0/1.5 MB | 1.2/1.8 MBProgress (4): 11/12 MB | 3.0/9.0 MB | 1.0/1.5 MB | 1.2/1.8 MBProgress (4): 11/12 MB | 3.0/9.0 MB | 1.0/1.5 MB | 1.2/1.8 MBProgress (4): 11/12 MB | 3.0/9.0 MB | 1.0/1.5 MB | 1.2/1.8 MBProgress (4): 11/12 MB | 3.0/9.0 MB | 1.0/1.5 MB | 1.2/1.8 MBProgress (4): 11/12 MB | 3.0/9.0 MB | 1.0/1.5 MB | 1.2/1.8 MBProgress (4): 11/12 MB | 3.0/9.0 MB | 1.0/1.5 MB | 1.3/1.8 MBProgress (4): 11/12 MB | 3.0/9.0 MB | 1.0/1.5 MB | 1.3/1.8 MBProgress (4): 11/12 MB | 3.0/9.0 MB | 1.0/1.5 MB | 1.3/1.8 MBProgress (4): 11/12 MB | 3.0/9.0 MB | 1.0/1.5 MB | 1.3/1.8 MBProgress (4): 11/12 MB | 3.0/9.0 MB | 1.0/1.5 MB | 1.3/1.8 MBProgress (4): 11/12 MB | 3.0/9.0 MB | 1.0/1.5 MB | 1.3/1.8 MBProgress (4): 11/12 MB | 3.0/9.0 MB | 1.0/1.5 MB | 1.3/1.8 MBProgress (4): 11/12 MB | 3.0/9.0 MB | 1.0/1.5 MB | 1.3/1.8 MBProgress (4): 11/12 MB | 3.0/9.0 MB | 1.0/1.5 MB | 1.3/1.8 MBProgress (4): 11/12 MB | 3.0/9.0 MB | 1.0/1.5 MB | 1.3/1.8 MBProgress (4): 11/12 MB | 3.0/9.0 MB | 1.0/1.5 MB | 1.3/1.8 MBProgress (4): 11/12 MB | 3.0/9.0 MB | 1.0/1.5 MB | 1.3/1.8 MBProgress (4): 11/12 MB | 3.0/9.0 MB | 1.0/1.5 MB | 1.3/1.8 MBProgress (4): 11/12 MB | 3.0/9.0 MB | 1.0/1.5 MB | 1.3/1.8 MBProgress (4): 11/12 MB | 3.0/9.0 MB | 1.0/1.5 MB | 1.3/1.8 MBProgress (4): 11/12 MB | 3.0/9.0 MB | 1.1/1.5 MB | 1.3/1.8 MBProgress (4): 11/12 MB | 3.0/9.0 MB | 1.1/1.5 MB | 1.3/1.8 MBProgress (4): 11/12 MB | 3.0/9.0 MB | 1.1/1.5 MB | 1.3/1.8 MBProgress (4): 11/12 MB | 3.0/9.0 MB | 1.1/1.5 MB | 1.3/1.8 MBProgress (4): 11/12 MB | 3.0/9.0 MB | 1.1/1.5 MB | 1.3/1.8 MBProgress (4): 11/12 MB | 3.0/9.0 MB | 1.1/1.5 MB | 1.4/1.8 MBProgress (4): 11/12 MB | 3.0/9.0 MB | 1.1/1.5 MB | 1.4/1.8 MBProgress (4): 11/12 MB | 3.0/9.0 MB | 1.1/1.5 MB | 1.4/1.8 MBProgress (4): 11/12 MB | 3.0/9.0 MB | 1.1/1.5 MB | 1.4/1.8 MBProgress (4): 11/12 MB | 3.0/9.0 MB | 1.1/1.5 MB | 1.4/1.8 MBProgress (4): 11/12 MB | 3.0/9.0 MB | 1.1/1.5 MB | 1.4/1.8 MBProgress (4): 11/12 MB | 3.0/9.0 MB | 1.1/1.5 MB | 1.4/1.8 MBProgress (4): 11/12 MB | 3.0/9.0 MB | 1.1/1.5 MB | 1.4/1.8 MBProgress (4): 11/12 MB | 3.0/9.0 MB | 1.1/1.5 MB | 1.4/1.8 MBProgress (4): 11/12 MB | 3.0/9.0 MB | 1.1/1.5 MB | 1.4/1.8 MBProgress (4): 11/12 MB | 3.0/9.0 MB | 1.1/1.5 MB | 1.4/1.8 MBProgress (4): 11/12 MB | 3.0/9.0 MB | 1.1/1.5 MB | 1.4/1.8 MBProgress (4): 11/12 MB | 3.0/9.0 MB | 1.1/1.5 MB | 1.4/1.8 MBProgress (4): 11/12 MB | 3.0/9.0 MB | 1.1/1.5 MB | 1.4/1.8 MBProgress (4): 11/12 MB | 3.0/9.0 MB | 1.1/1.5 MB | 1.4/1.8 MBProgress (4): 11/12 MB | 3.0/9.0 MB | 1.1/1.5 MB | 1.4/1.8 MBProgress (4): 11/12 MB | 3.0/9.0 MB | 1.1/1.5 MB | 1.4/1.8 MBProgress (4): 11/12 MB | 3.0/9.0 MB | 1.1/1.5 MB | 1.4/1.8 MBProgress (4): 11/12 MB | 3.0/9.0 MB | 1.1/1.5 MB | 1.4/1.8 MBProgress (4): 11/12 MB | 3.1/9.0 MB | 1.1/1.5 MB | 1.4/1.8 MBProgress (4): 11/12 MB | 3.1/9.0 MB | 1.1/1.5 MB | 1.4/1.8 MBProgress (4): 11/12 MB | 3.1/9.0 MB | 1.1/1.5 MB | 1.4/1.8 MBProgress (4): 11/12 MB | 3.1/9.0 MB | 1.1/1.5 MB | 1.4/1.8 MBProgress (4): 11/12 MB | 3.1/9.0 MB | 1.1/1.5 MB | 1.4/1.8 MBProgress (4): 11/12 MB | 3.1/9.0 MB | 1.1/1.5 MB | 1.4/1.8 MBProgress (4): 11/12 MB | 3.1/9.0 MB | 1.2/1.5 MB | 1.4/1.8 MBProgress (4): 11/12 MB | 3.1/9.0 MB | 1.2/1.5 MB | 1.4/1.8 MBProgress (4): 11/12 MB | 3.1/9.0 MB | 1.2/1.5 MB | 1.4/1.8 MBProgress (4): 11/12 MB | 3.1/9.0 MB | 1.2/1.5 MB | 1.4/1.8 MBProgress (4): 11/12 MB | 3.1/9.0 MB | 1.2/1.5 MB | 1.4/1.8 MBProgress (4): 11/12 MB | 3.1/9.0 MB | 1.2/1.5 MB | 1.4/1.8 MBProgress (4): 11/12 MB | 3.1/9.0 MB | 1.2/1.5 MB | 1.4/1.8 MBProgress (4): 11/12 MB | 3.1/9.0 MB | 1.2/1.5 MB | 1.4/1.8 MBProgress (4): 11/12 MB | 3.1/9.0 MB | 1.2/1.5 MB | 1.4/1.8 MBProgress (4): 11/12 MB | 3.1/9.0 MB | 1.2/1.5 MB | 1.4/1.8 MBProgress (4): 11/12 MB | 3.1/9.0 MB | 1.2/1.5 MB | 1.4/1.8 MBProgress (4): 11/12 MB | 3.1/9.0 MB | 1.2/1.5 MB | 1.4/1.8 MBProgress (4): 11/12 MB | 3.1/9.0 MB | 1.2/1.5 MB | 1.4/1.8 MBProgress (4): 11/12 MB | 3.1/9.0 MB | 1.2/1.5 MB | 1.5/1.8 MBProgress (4): 12/12 MB | 3.1/9.0 MB | 1.2/1.5 MB | 1.5/1.8 MBProgress (4): 12/12 MB | 3.1/9.0 MB | 1.2/1.5 MB | 1.5/1.8 MBProgress (4): 12/12 MB | 3.1/9.0 MB | 1.2/1.5 MB | 1.5/1.8 MBProgress (4): 12/12 MB | 3.1/9.0 MB | 1.2/1.5 MB | 1.5/1.8 MBProgress (4): 12/12 MB | 3.1/9.0 MB | 1.2/1.5 MB | 1.5/1.8 MBProgress (4): 12/12 MB | 3.1/9.0 MB | 1.2/1.5 MB | 1.5/1.8 MBProgress (4): 12/12 MB | 3.1/9.0 MB | 1.2/1.5 MB | 1.5/1.8 MBProgress (4): 12/12 MB | 3.1/9.0 MB | 1.2/1.5 MB | 1.5/1.8 MBProgress (4): 12/12 MB | 3.1/9.0 MB | 1.2/1.5 MB | 1.5/1.8 MBProgress (4): 12/12 MB | 3.1/9.0 MB | 1.2/1.5 MB | 1.5/1.8 MBProgress (4): 12/12 MB | 3.1/9.0 MB | 1.2/1.5 MB | 1.5/1.8 MBProgress (4): 12/12 MB | 3.1/9.0 MB | 1.2/1.5 MB | 1.5/1.8 MBProgress (4): 12/12 MB | 3.1/9.0 MB | 1.2/1.5 MB | 1.5/1.8 MBProgress (4): 12/12 MB | 3.1/9.0 MB | 1.2/1.5 MB | 1.5/1.8 MBProgress (4): 12/12 MB | 3.1/9.0 MB | 1.2/1.5 MB | 1.5/1.8 MBProgress (4): 12/12 MB | 3.1/9.0 MB | 1.2/1.5 MB | 1.5/1.8 MBProgress (4): 12/12 MB | 3.1/9.0 MB | 1.2/1.5 MB | 1.5/1.8 MBProgress (4): 12/12 MB | 3.1/9.0 MB | 1.2/1.5 MB | 1.5/1.8 MBProgress (4): 12/12 MB | 3.1/9.0 MB | 1.2/1.5 MB | 1.5/1.8 MBProgress (4): 12/12 MB | 3.1/9.0 MB | 1.2/1.5 MB | 1.5/1.8 MBProgress (4): 12/12 MB | 3.2/9.0 MB | 1.2/1.5 MB | 1.5/1.8 MBProgress (4): 12/12 MB | 3.2/9.0 MB | 1.2/1.5 MB | 1.5/1.8 MBProgress (4): 12/12 MB | 3.2/9.0 MB | 1.2/1.5 MB | 1.5/1.8 MBProgress (4): 12/12 MB | 3.2/9.0 MB | 1.2/1.5 MB | 1.5/1.8 MBProgress (4): 12/12 MB | 3.2/9.0 MB | 1.2/1.5 MB | 1.5/1.8 MBProgress (4): 12/12 MB | 3.2/9.0 MB | 1.2/1.5 MB | 1.5/1.8 MBProgress (4): 12/12 MB | 3.2/9.0 MB | 1.2/1.5 MB | 1.5/1.8 MBProgress (4): 12/12 MB | 3.2/9.0 MB | 1.2/1.5 MB | 1.5/1.8 MBProgress (4): 12/12 MB | 3.2/9.0 MB | 1.2/1.5 MB | 1.5/1.8 MBProgress (4): 12/12 MB | 3.2/9.0 MB | 1.2/1.5 MB | 1.5/1.8 MBProgress (4): 12/12 MB | 3.2/9.0 MB | 1.2/1.5 MB | 1.5/1.8 MBProgress (4): 12/12 MB | 3.2/9.0 MB | 1.2/1.5 MB | 1.5/1.8 MBProgress (4): 12/12 MB | 3.2/9.0 MB | 1.2/1.5 MB | 1.5/1.8 MBProgress (4): 12/12 MB | 3.2/9.0 MB | 1.2/1.5 MB | 1.5/1.8 MBProgress (4): 12/12 MB | 3.2/9.0 MB | 1.2/1.5 MB | 1.5/1.8 MBProgress (4): 12/12 MB | 3.2/9.0 MB | 1.3/1.5 MB | 1.5/1.8 MBProgress (4): 12/12 MB | 3.2/9.0 MB | 1.3/1.5 MB | 1.5/1.8 MBProgress (4): 12/12 MB | 3.2/9.0 MB | 1.3/1.5 MB | 1.5/1.8 MBProgress (4): 12/12 MB | 3.2/9.0 MB | 1.3/1.5 MB | 1.5/1.8 MBProgress (4): 12/12 MB | 3.2/9.0 MB | 1.3/1.5 MB | 1.5/1.8 MBProgress (4): 12/12 MB | 3.2/9.0 MB | 1.3/1.5 MB | 1.5/1.8 MBProgress (4): 12/12 MB | 3.2/9.0 MB | 1.3/1.5 MB | 1.5/1.8 MBProgress (4): 12/12 MB | 3.2/9.0 MB | 1.3/1.5 MB | 1.5/1.8 MBProgress (4): 12/12 MB | 3.2/9.0 MB | 1.3/1.5 MB | 1.5/1.8 MBProgress (4): 12/12 MB | 3.2/9.0 MB | 1.3/1.5 MB | 1.5/1.8 MBProgress (4): 12/12 MB | 3.2/9.0 MB | 1.3/1.5 MB | 1.5/1.8 MBProgress (4): 12/12 MB | 3.2/9.0 MB | 1.3/1.5 MB | 1.6/1.8 MBProgress (4): 12/12 MB | 3.2/9.0 MB | 1.3/1.5 MB | 1.6/1.8 MBProgress (4): 12/12 MB | 3.2/9.0 MB | 1.3/1.5 MB | 1.6/1.8 MBProgress (4): 12/12 MB | 3.2/9.0 MB | 1.3/1.5 MB | 1.6/1.8 MBProgress (4): 12/12 MB | 3.2/9.0 MB | 1.3/1.5 MB | 1.6/1.8 MBProgress (4): 12/12 MB | 3.2/9.0 MB | 1.3/1.5 MB | 1.6/1.8 MBProgress (4): 12/12 MB | 3.2/9.0 MB | 1.3/1.5 MB | 1.6/1.8 MBProgress (4): 12/12 MB | 3.2/9.0 MB | 1.3/1.5 MB | 1.6/1.8 MBProgress (4): 12/12 MB | 3.2/9.0 MB | 1.4/1.5 MB | 1.6/1.8 MBProgress (4): 12/12 MB | 3.2/9.0 MB | 1.4/1.5 MB | 1.6/1.8 MBProgress (4): 12/12 MB | 3.2/9.0 MB | 1.4/1.5 MB | 1.6/1.8 MBProgress (4): 12/12 MB | 3.2/9.0 MB | 1.4/1.5 MB | 1.6/1.8 MBProgress (4): 12/12 MB | 3.2/9.0 MB | 1.4/1.5 MB | 1.6/1.8 MBProgress (4): 12/12 MB | 3.2/9.0 MB | 1.4/1.5 MB | 1.6/1.8 MBProgress (4): 12/12 MB | 3.2/9.0 MB | 1.4/1.5 MB | 1.6/1.8 MBProgress (4): 12/12 MB | 3.2/9.0 MB | 1.4/1.5 MB | 1.6/1.8 MBProgress (4): 12/12 MB | 3.2/9.0 MB | 1.4/1.5 MB | 1.6/1.8 MBProgress (4): 12/12 MB | 3.2/9.0 MB | 1.4/1.5 MB | 1.6/1.8 MBProgress (4): 12/12 MB | 3.2/9.0 MB | 1.4/1.5 MB | 1.6/1.8 MBProgress (4): 12/12 MB | 3.2/9.0 MB | 1.4/1.5 MB | 1.6/1.8 MBProgress (4): 12/12 MB | 3.2/9.0 MB | 1.4/1.5 MB | 1.6/1.8 MBProgress (4): 12/12 MB | 3.2/9.0 MB | 1.4/1.5 MB | 1.6/1.8 MBProgress (4): 12/12 MB | 3.2/9.0 MB | 1.4/1.5 MB | 1.6/1.8 MBProgress (4): 12/12 MB | 3.2/9.0 MB | 1.4/1.5 MB | 1.6/1.8 MBProgress (4): 12 MB | 3.2/9.0 MB | 1.4/1.5 MB | 1.6/1.8 MB   Progress (4): 12 MB | 3.2/9.0 MB | 1.5/1.5 MB | 1.6/1.8 MBProgress (4): 12 MB | 3.2/9.0 MB | 1.5/1.5 MB | 1.6/1.8 MB                                                          Downloaded from central: https://repo.maven.apache.org/maven2/org/hibernate/orm/hibernate-core/6.6.41.Final/hibernate-core-6.6.41.Final.jar (12 MB at 16 MB/s)
Downloading from central: https://repo.maven.apache.org/maven2/org/slf4j/slf4j-api/2.0.17/slf4j-api-2.0.17.jar
Progress (3): 3.2/9.0 MB | 1.5/1.5 MB | 1.6/1.8 MBProgress (3): 3.3/9.0 MB | 1.5/1.5 MB | 1.6/1.8 MBProgress (3): 3.3/9.0 MB | 1.5/1.5 MB | 1.6/1.8 MBProgress (3): 3.3/9.0 MB | 1.5/1.5 MB | 1.6/1.8 MBProgress (3): 3.3/9.0 MB | 1.5/1.5 MB | 1.7/1.8 MBProgress (3): 3.3/9.0 MB | 1.5/1.5 MB | 1.7/1.8 MBProgress (4): 3.3/9.0 MB | 1.5/1.5 MB | 1.7/1.8 MB | 7.7/286 kBProgress (4): 3.3/9.0 MB | 1.5/1.5 MB | 1.7/1.8 MB | 7.7/286 kBProgress (4): 3.3/9.0 MB | 1.5/1.5 MB | 1.7/1.8 MB | 7.7/286 kBProgress (4): 3.3/9.0 MB | 1.5/1.5 MB | 1.7/1.8 MB | 16/286 kB Progress (4): 3.3/9.0 MB | 1.5/1.5 MB | 1.7/1.8 MB | 25/286 kBProgress (4): 3.3/9.0 MB | 1.5/1.5 MB | 1.7/1.8 MB | 25/286 kBProgress (4): 3.3/9.0 MB | 1.5/1.5 MB | 1.7/1.8 MB | 25/286 kBProgress (4): 3.3/9.0 MB | 1.5/1.5 MB | 1.7/1.8 MB | 25/286 kBProgress (4): 3.3/9.0 MB | 1.5/1.5 MB | 1.7/1.8 MB | 41/286 kBProgress (4): 3.3/9.0 MB | 1.5/1.5 MB | 1.7/1.8 MB | 41/286 kBProgress (4): 3.3/9.0 MB | 1.5/1.5 MB | 1.7/1.8 MB | 41/286 kBProgress (4): 3.3/9.0 MB | 1.5/1.5 MB | 1.7/1.8 MB | 57/286 kBProgress (4): 3.3/9.0 MB | 1.5/1.5 MB | 1.7/1.8 MB | 57/286 kBProgress (4): 3.3/9.0 MB | 1.5/1.5 MB | 1.7/1.8 MB | 74/286 kBProgress (4): 3.3/9.0 MB | 1.5/1.5 MB | 1.7/1.8 MB | 74/286 kBProgress (4): 3.4/9.0 MB | 1.5/1.5 MB | 1.7/1.8 MB | 74/286 kBProgress (4): 3.4/9.0 MB | 1.5/1.5 MB | 1.8/1.8 MB | 74/286 kBProgress (4): 3.4/9.0 MB | 1.5/1.5 MB | 1.8/1.8 MB | 90/286 kBProgress (4): 3.4/9.0 MB | 1.5/1.5 MB | 1.8/1.8 MB | 90/286 kBProgress (4): 3.4/9.0 MB | 1.5/1.5 MB | 1.8/1.8 MB | 90/286 kBProgress (4): 3.4/9.0 MB | 1.5/1.5 MB | 1.8/1.8 MB | 90/286 kBProgress (4): 3.4/9.0 MB | 1.5/1.5 MB | 1.8/1.8 MB | 90/286 kBProgress (4): 3.4/9.0 MB | 1.5/1.5 MB | 1.8/1.8 MB | 90/286 kBProgress (4): 3.4/9.0 MB | 1.5/1.5 MB | 1.8/1.8 MB | 90/286 kBProgress (4): 3.4/9.0 MB | 1.5 MB | 1.8/1.8 MB | 90/286 kB    Progress (4): 3.4/9.0 MB | 1.5 MB | 1.8/1.8 MB | 90/286 kBProgress (4): 3.4/9.0 MB | 1.5 MB | 1.8/1.8 MB | 90/286 kB                                                          Downloaded from central: https://repo.maven.apache.org/maven2/org/springframework/data/spring-data-commons/3.5.8/spring-data-commons-3.5.8.jar (1.5 MB at 2.0 MB/s)
Progress (3): 3.4/9.0 MB | 1.8/1.8 MB | 90/286 kBProgress (3): 3.4/9.0 MB | 1.8/1.8 MB | 106/286 kBProgress (3): 3.4/9.0 MB | 1.8/1.8 MB | 123/286 kBProgress (3): 3.5/9.0 MB | 1.8/1.8 MB | 123/286 kBProgress (3): 3.5/9.0 MB | 1.8/1.8 MB | 139/286 kBProgress (3): 3.5/9.0 MB | 1.8/1.8 MB | 139/286 kBProgress (3): 3.5/9.0 MB | 1.8/1.8 MB | 156/286 kBProgress (3): 3.5/9.0 MB | 1.8/1.8 MB | 156/286 kBProgress (3): 3.5/9.0 MB | 1.8/1.8 MB | 172/286 kBProgress (3): 3.5/9.0 MB | 1.8/1.8 MB | 172/286 kBProgress (3): 3.5/9.0 MB | 1.8/1.8 MB | 188/286 kB                                                  Downloading from central: https://repo.maven.apache.org/maven2/org/springframework/spring-aspects/6.2.15/spring-aspects-6.2.15.jar
Progress (3): 3.5/9.0 MB | 1.8/1.8 MB | 188/286 kBProgress (3): 3.5/9.0 MB | 1.8/1.8 MB | 188/286 kBProgress (3): 3.5/9.0 MB | 1.8/1.8 MB | 188/286 kBProgress (3): 3.5/9.0 MB | 1.8/1.8 MB | 188/286 kBProgress (3): 3.5/9.0 MB | 1.8/1.8 MB | 205/286 kBProgress (3): 3.6/9.0 MB | 1.8/1.8 MB | 205/286 kBProgress (3): 3.6/9.0 MB | 1.8/1.8 MB | 205/286 kBProgress (3): 3.6/9.0 MB | 1.8/1.8 MB | 221/286 kBProgress (3): 3.6/9.0 MB | 1.8/1.8 MB | 221/286 kBProgress (3): 3.6/9.0 MB | 1.8/1.8 MB | 221/286 kBProgress (3): 3.6/9.0 MB | 1.8/1.8 MB | 238/286 kBProgress (3): 3.6/9.0 MB | 1.8 MB | 238/286 kB    Progress (3): 3.6/9.0 MB | 1.8 MB | 240/286 kBProgress (3): 3.6/9.0 MB | 1.8 MB | 240/286 kBProgress (3): 3.6/9.0 MB | 1.8 MB | 256/286 kBProgress (3): 3.6/9.0 MB | 1.8 MB | 256/286 kB                                              Downloaded from central: https://repo.maven.apache.org/maven2/org/springframework/data/spring-data-jpa/3.5.8/spring-data-jpa-3.5.8.jar (1.8 MB at 2.4 MB/s)
Downloading from central: https://repo.maven.apache.org/maven2/org/springframework/boot/spring-boot-starter-data-mongodb/3.5.10/spring-boot-starter-data-mongodb-3.5.10.jar
Progress (2): 3.6/9.0 MB | 273/286 kBProgress (2): 3.6/9.0 MB | 273/286 kBProgress (2): 3.6/9.0 MB | 286 kB    Progress (2): 3.6/9.0 MB | 286 kBProgress (2): 3.7/9.0 MB | 286 kB                                 Downloaded from central: https://repo.maven.apache.org/maven2/org/springframework/spring-tx/6.2.15/spring-tx-6.2.15.jar (286 kB at 375 kB/s)
Downloading from central: https://repo.maven.apache.org/maven2/org/springframework/data/spring-data-mongodb/4.5.8/spring-data-mongodb-4.5.8.jar
Progress (1): 3.7/9.0 MBProgress (1): 3.7/9.0 MBProgress (1): 3.7/9.0 MBProgress (1): 3.7/9.0 MBProgress (1): 3.7/9.0 MBProgress (1): 3.8/9.0 MBProgress (1): 3.8/9.0 MBProgress (1): 3.8/9.0 MBProgress (1): 3.8/9.0 MBProgress (1): 3.8/9.0 MBProgress (1): 3.8/9.0 MBProgress (1): 3.9/9.0 MBProgress (1): 3.9/9.0 MBProgress (1): 3.9/9.0 MBProgress (1): 3.9/9.0 MBProgress (1): 3.9/9.0 MBProgress (1): 3.9/9.0 MBProgress (1): 4.0/9.0 MBProgress (1): 4.0/9.0 MBProgress (1): 4.0/9.0 MBProgress (1): 4.0/9.0 MBProgress (1): 4.0/9.0 MBProgress (1): 4.0/9.0 MBProgress (1): 4.1/9.0 MBProgress (1): 4.1/9.0 MBProgress (1): 4.1/9.0 MBProgress (1): 4.1/9.0 MBProgress (1): 4.1/9.0 MBProgress (1): 4.1/9.0 MBProgress (1): 4.1/9.0 MBProgress (1): 4.2/9.0 MBProgress (1): 4.2/9.0 MBProgress (1): 4.2/9.0 MBProgress (1): 4.2/9.0 MBProgress (1): 4.2/9.0 MBProgress (1): 4.2/9.0 MBProgress (2): 4.2/9.0 MB | 7.7/70 kBProgress (2): 4.2/9.0 MB | 16/70 kB Progress (2): 4.2/9.0 MB | 32/70 kBProgress (2): 4.2/9.0 MB | 49/70 kBProgress (2): 4.2/9.0 MB | 65/70 kBProgress (2): 4.2/9.0 MB | 70 kB   Progress (2): 4.3/9.0 MB | 70 kBProgress (2): 4.3/9.0 MB | 70 kBProgress (2): 4.3/9.0 MB | 70 kBProgress (2): 4.3/9.0 MB | 70 kBProgress (2): 4.3/9.0 MB | 70 kBProgress (2): 4.3/9.0 MB | 70 kBProgress (2): 4.4/9.0 MB | 70 kBProgress (2): 4.4/9.0 MB | 70 kBProgress (2): 4.4/9.0 MB | 70 kBProgress (3): 4.4/9.0 MB | 70 kB | 7.7/50 kBProgress (3): 4.4/9.0 MB | 70 kB | 16/50 kB                                            Downloaded from central: https://repo.maven.apache.org/maven2/org/slf4j/slf4j-api/2.0.17/slf4j-api-2.0.17.jar (70 kB at 89 kB/s)
Downloading from central: https://repo.maven.apache.org/maven2/org/mongodb/mongodb-driver-sync/4.11.1/mongodb-driver-sync-4.11.1.jar
Progress (2): 4.4/9.0 MB | 24/50 kBProgress (2): 4.4/9.0 MB | 41/50 kBProgress (2): 4.4/9.0 MB | 41/50 kBProgress (2): 4.4/9.0 MB | 50 kB   Progress (2): 4.4/9.0 MB | 50 kBProgress (2): 4.4/9.0 MB | 50 kBProgress (2): 4.5/9.0 MB | 50 kBProgress (2): 4.5/9.0 MB | 50 kBProgress (2): 4.5/9.0 MB | 50 kBProgress (2): 4.5/9.0 MB | 50 kBProgress (2): 4.5/9.0 MB | 50 kB                                Downloaded from central: https://repo.maven.apache.org/maven2/org/springframework/spring-aspects/6.2.15/spring-aspects-6.2.15.jar (50 kB at 63 kB/s)
Downloading from central: https://repo.maven.apache.org/maven2/org/mongodb/bson/5.5.2/bson-5.5.2.jar
Progress (1): 4.5/9.0 MBProgress (1): 4.6/9.0 MBProgress (1): 4.6/9.0 MBProgress (2): 4.6/9.0 MB | 0/2.5 MBProgress (2): 4.6/9.0 MB | 0/2.5 MBProgress (2): 4.6/9.0 MB | 0/2.5 MBProgress (2): 4.6/9.0 MB | 0/2.5 MBProgress (2): 4.6/9.0 MB | 0/2.5 MBProgress (2): 4.6/9.0 MB | 0/2.5 MBProgress (2): 4.6/9.0 MB | 0/2.5 MBProgress (2): 4.6/9.0 MB | 0/2.5 MBProgress (2): 4.7/9.0 MB | 0/2.5 MBProgress (2): 4.7/9.0 MB | 0.1/2.5 MBProgress (2): 4.7/9.0 MB | 0.1/2.5 MBProgress (2): 4.7/9.0 MB | 0.1/2.5 MBProgress (2): 4.7/9.0 MB | 0.1/2.5 MBProgress (2): 4.7/9.0 MB | 0.1/2.5 MBProgress (3): 4.7/9.0 MB | 0.1/2.5 MB | 2.0 kBProgress (3): 4.7/9.0 MB | 0.1/2.5 MB | 2.0 kBProgress (3): 4.7/9.0 MB | 0.1/2.5 MB | 2.0 kB                                              Downloaded from central: https://repo.maven.apache.org/maven2/org/springframework/boot/spring-boot-starter-data-mongodb/3.5.10/spring-boot-starter-data-mongodb-3.5.10.jar (2.0 kB at 2.6 kB/s)
Downloading from central: https://repo.maven.apache.org/maven2/org/mongodb/mongodb-driver-core/4.11.1/mongodb-driver-core-4.11.1.jar
Progress (2): 4.7/9.0 MB | 0.1/2.5 MBProgress (2): 4.8/9.0 MB | 0.1/2.5 MBProgress (2): 4.8/9.0 MB | 0.1/2.5 MBProgress (2): 4.8/9.0 MB | 0.1/2.5 MBProgress (2): 4.8/9.0 MB | 0.1/2.5 MBProgress (2): 4.8/9.0 MB | 0.1/2.5 MBProgress (2): 4.8/9.0 MB | 0.1/2.5 MBProgress (2): 4.8/9.0 MB | 0.1/2.5 MBProgress (2): 4.8/9.0 MB | 0.1/2.5 MBProgress (2): 4.9/9.0 MB | 0.1/2.5 MBProgress (2): 4.9/9.0 MB | 0.1/2.5 MBProgress (2): 4.9/9.0 MB | 0.1/2.5 MBProgress (2): 4.9/9.0 MB | 0.2/2.5 MBProgress (2): 4.9/9.0 MB | 0.2/2.5 MBProgress (2): 4.9/9.0 MB | 0.2/2.5 MBProgress (2): 4.9/9.0 MB | 0.2/2.5 MBProgress (2): 4.9/9.0 MB | 0.2/2.5 MBProgress (2): 4.9/9.0 MB | 0.2/2.5 MBProgress (2): 4.9/9.0 MB | 0.2/2.5 MBProgress (2): 4.9/9.0 MB | 0.2/2.5 MBProgress (2): 5.0/9.0 MB | 0.2/2.5 MBProgress (2): 5.0/9.0 MB | 0.2/2.5 MBProgress (2): 5.0/9.0 MB | 0.2/2.5 MBProgress (2): 5.0/9.0 MB | 0.2/2.5 MBProgress (2): 5.0/9.0 MB | 0.2/2.5 MBProgress (2): 5.0/9.0 MB | 0.2/2.5 MBProgress (2): 5.0/9.0 MB | 0.2/2.5 MBProgress (2): 5.0/9.0 MB | 0.2/2.5 MBProgress (2): 5.0/9.0 MB | 0.2/2.5 MBProgress (2): 5.0/9.0 MB | 0.2/2.5 MBProgress (2): 5.0/9.0 MB | 0.3/2.5 MBProgress (2): 5.1/9.0 MB | 0.3/2.5 MBProgress (2): 5.1/9.0 MB | 0.3/2.5 MBProgress (2): 5.1/9.0 MB | 0.3/2.5 MBProgress (2): 5.1/9.0 MB | 0.3/2.5 MBProgress (2): 5.1/9.0 MB | 0.3/2.5 MBProgress (2): 5.1/9.0 MB | 0.3/2.5 MBProgress (2): 5.1/9.0 MB | 0.3/2.5 MBProgress (2): 5.1/9.0 MB | 0.3/2.5 MBProgress (2): 5.1/9.0 MB | 0.3/2.5 MBProgress (2): 5.2/9.0 MB | 0.3/2.5 MBProgress (2): 5.2/9.0 MB | 0.3/2.5 MBProgress (2): 5.2/9.0 MB | 0.3/2.5 MBProgress (2): 5.2/9.0 MB | 0.3/2.5 MBProgress (2): 5.2/9.0 MB | 0.3/2.5 MBProgress (2): 5.2/9.0 MB | 0.3/2.5 MBProgress (2): 5.2/9.0 MB | 0.3/2.5 MBProgress (2): 5.2/9.0 MB | 0.3/2.5 MBProgress (2): 5.2/9.0 MB | 0.4/2.5 MBProgress (2): 5.3/9.0 MB | 0.4/2.5 MBProgress (2): 5.3/9.0 MB | 0.4/2.5 MBProgress (2): 5.3/9.0 MB | 0.4/2.5 MBProgress (2): 5.3/9.0 MB | 0.4/2.5 MBProgress (2): 5.3/9.0 MB | 0.4/2.5 MBProgress (2): 5.3/9.0 MB | 0.4/2.5 MBProgress (2): 5.3/9.0 MB | 0.4/2.5 MBProgress (2): 5.3/9.0 MB | 0.4/2.5 MBProgress (2): 5.3/9.0 MB | 0.4/2.5 MBProgress (2): 5.3/9.0 MB | 0.4/2.5 MBProgress (2): 5.3/9.0 MB | 0.4/2.5 MBProgress (2): 5.4/9.0 MB | 0.4/2.5 MBProgress (2): 5.4/9.0 MB | 0.4/2.5 MBProgress (2): 5.4/9.0 MB | 0.4/2.5 MBProgress (2): 5.4/9.0 MB | 0.4/2.5 MBProgress (2): 5.4/9.0 MB | 0.4/2.5 MBProgress (2): 5.4/9.0 MB | 0.4/2.5 MBProgress (2): 5.4/9.0 MB | 0.5/2.5 MBProgress (2): 5.4/9.0 MB | 0.5/2.5 MBProgress (2): 5.4/9.0 MB | 0.5/2.5 MBProgress (2): 5.4/9.0 MB | 0.5/2.5 MBProgress (2): 5.4/9.0 MB | 0.5/2.5 MBProgress (2): 5.5/9.0 MB | 0.5/2.5 MBProgress (2): 5.5/9.0 MB | 0.5/2.5 MBProgress (2): 5.5/9.0 MB | 0.5/2.5 MBProgress (2): 5.5/9.0 MB | 0.5/2.5 MBProgress (2): 5.5/9.0 MB | 0.5/2.5 MBProgress (2): 5.5/9.0 MB | 0.5/2.5 MBProgress (2): 5.5/9.0 MB | 0.5/2.5 MBProgress (2): 5.5/9.0 MB | 0.5/2.5 MBProgress (2): 5.6/9.0 MB | 0.5/2.5 MBProgress (3): 5.6/9.0 MB | 0.5/2.5 MB | 7.7/152 kBProgress (3): 5.6/9.0 MB | 0.5/2.5 MB | 7.7/152 kBProgress (3): 5.6/9.0 MB | 0.5/2.5 MB | 7.7/152 kBProgress (3): 5.6/9.0 MB | 0.5/2.5 MB | 7.7/152 kBProgress (3): 5.6/9.0 MB | 0.5/2.5 MB | 7.7/152 kBProgress (3): 5.6/9.0 MB | 0.5/2.5 MB | 7.7/152 kBProgress (3): 5.6/9.0 MB | 0.6/2.5 MB | 7.7/152 kBProgress (3): 5.6/9.0 MB | 0.6/2.5 MB | 7.7/152 kBProgress (3): 5.6/9.0 MB | 0.6/2.5 MB | 7.7/152 kBProgress (3): 5.7/9.0 MB | 0.6/2.5 MB | 7.7/152 kBProgress (3): 5.7/9.0 MB | 0.6/2.5 MB | 7.7/152 kBProgress (3): 5.7/9.0 MB | 0.6/2.5 MB | 7.7/152 kBProgress (3): 5.7/9.0 MB | 0.6/2.5 MB | 7.7/152 kBProgress (3): 5.7/9.0 MB | 0.6/2.5 MB | 16/152 kB Progress (3): 5.7/9.0 MB | 0.6/2.5 MB | 16/152 kBProgress (3): 5.7/9.0 MB | 0.6/2.5 MB | 32/152 kBProgress (3): 5.7/9.0 MB | 0.6/2.5 MB | 32/152 kBProgress (3): 5.7/9.0 MB | 0.6/2.5 MB | 32/152 kBProgress (3): 5.7/9.0 MB | 0.6/2.5 MB | 49/152 kBProgress (3): 5.8/9.0 MB | 0.6/2.5 MB | 49/152 kBProgress (3): 5.8/9.0 MB | 0.6/2.5 MB | 65/152 kBProgress (3): 5.8/9.0 MB | 0.6/2.5 MB | 65/152 kBProgress (3): 5.8/9.0 MB | 0.6/2.5 MB | 81/152 kBProgress (3): 5.8/9.0 MB | 0.6/2.5 MB | 81/152 kBProgress (3): 5.8/9.0 MB | 0.6/2.5 MB | 98/152 kBProgress (3): 5.8/9.0 MB | 0.6/2.5 MB | 98/152 kBProgress (3): 5.8/9.0 MB | 0.6/2.5 MB | 114/152 kBProgress (3): 5.8/9.0 MB | 0.6/2.5 MB | 114/152 kBProgress (3): 5.8/9.0 MB | 0.6/2.5 MB | 114/152 kBProgress (3): 5.8/9.0 MB | 0.6/2.5 MB | 114/152 kBProgress (4): 5.8/9.0 MB | 0.6/2.5 MB | 114/152 kB | 0/1.7 MBProgress (4): 5.8/9.0 MB | 0.6/2.5 MB | 114/152 kB | 0/1.7 MBProgress (4): 5.9/9.0 MB | 0.6/2.5 MB | 114/152 kB | 0/1.7 MBProgress (4): 5.9/9.0 MB | 0.6/2.5 MB | 114/152 kB | 0/1.7 MBProgress (4): 5.9/9.0 MB | 0.6/2.5 MB | 114/152 kB | 0/1.7 MBProgress (4): 5.9/9.0 MB | 0.6/2.5 MB | 114/152 kB | 0/1.7 MBProgress (4): 5.9/9.0 MB | 0.6/2.5 MB | 114/152 kB | 0.1/1.7 MBProgress (5): 5.9/9.0 MB | 0.6/2.5 MB | 114/152 kB | 0.1/1.7 MB | 7.7/527 kBProgress (5): 5.9/9.0 MB | 0.6/2.5 MB | 114/152 kB | 0.1/1.7 MB | 7.7/527 kBProgress (5): 5.9/9.0 MB | 0.6/2.5 MB | 114/152 kB | 0.1/1.7 MB | 7.7/527 kBProgress (5): 5.9/9.0 MB | 0.6/2.5 MB | 114/152 kB | 0.1/1.7 MB | 16/527 kB Progress (5): 5.9/9.0 MB | 0.6/2.5 MB | 114/152 kB | 0.1/1.7 MB | 16/527 kBProgress (5): 5.9/9.0 MB | 0.6/2.5 MB | 114/152 kB | 0.1/1.7 MB | 16/527 kBProgress (5): 5.9/9.0 MB | 0.6/2.5 MB | 114/152 kB | 0.1/1.7 MB | 16/527 kBProgress (5): 5.9/9.0 MB | 0.6/2.5 MB | 114/152 kB | 0.1/1.7 MB | 16/527 kBProgress (5): 5.9/9.0 MB | 0.6/2.5 MB | 114/152 kB | 0.1/1.7 MB | 16/527 kBProgress (5): 5.9/9.0 MB | 0.6/2.5 MB | 114/152 kB | 0.1/1.7 MB | 32/527 kBProgress (5): 5.9/9.0 MB | 0.6/2.5 MB | 114/152 kB | 0.1/1.7 MB | 32/527 kBProgress (5): 6.0/9.0 MB | 0.6/2.5 MB | 114/152 kB | 0.1/1.7 MB | 32/527 kBProgress (5): 6.0/9.0 MB | 0.6/2.5 MB | 114/152 kB | 0.1/1.7 MB | 32/527 kBProgress (5): 6.0/9.0 MB | 0.6/2.5 MB | 114/152 kB | 0.1/1.7 MB | 32/527 kBProgress (5): 6.0/9.0 MB | 0.6/2.5 MB | 114/152 kB | 0.1/1.7 MB | 32/527 kBProgress (5): 6.0/9.0 MB | 0.6/2.5 MB | 114/152 kB | 0.1/1.7 MB | 32/527 kBProgress (5): 6.0/9.0 MB | 0.6/2.5 MB | 114/152 kB | 0.1/1.7 MB | 32/527 kBProgress (5): 6.0/9.0 MB | 0.6/2.5 MB | 114/152 kB | 0.1/1.7 MB | 32/527 kBProgress (5): 6.0/9.0 MB | 0.6/2.5 MB | 114/152 kB | 0.1/1.7 MB | 32/527 kBProgress (5): 6.1/9.0 MB | 0.6/2.5 MB | 114/152 kB | 0.1/1.7 MB | 32/527 kBProgress (5): 6.1/9.0 MB | 0.6/2.5 MB | 114/152 kB | 0.1/1.7 MB | 32/527 kBProgress (5): 6.1/9.0 MB | 0.6/2.5 MB | 114/152 kB | 0.1/1.7 MB | 32/527 kBProgress (5): 6.1/9.0 MB | 0.7/2.5 MB | 114/152 kB | 0.1/1.7 MB | 32/527 kBProgress (5): 6.1/9.0 MB | 0.7/2.5 MB | 114/152 kB | 0.1/1.7 MB | 32/527 kBProgress (5): 6.1/9.0 MB | 0.7/2.5 MB | 114/152 kB | 0.1/1.7 MB | 32/527 kBProgress (5): 6.1/9.0 MB | 0.7/2.5 MB | 114/152 kB | 0.1/1.7 MB | 32/527 kBProgress (5): 6.1/9.0 MB | 0.7/2.5 MB | 114/152 kB | 0.1/1.7 MB | 32/527 kBProgress (5): 6.1/9.0 MB | 0.7/2.5 MB | 114/152 kB | 0.1/1.7 MB | 32/527 kBProgress (5): 6.1/9.0 MB | 0.7/2.5 MB | 114/152 kB | 0.1/1.7 MB | 32/527 kBProgress (5): 6.1/9.0 MB | 0.7/2.5 MB | 114/152 kB | 0.1/1.7 MB | 32/527 kBProgress (5): 6.1/9.0 MB | 0.7/2.5 MB | 114/152 kB | 0.1/1.7 MB | 32/527 kBProgress (5): 6.1/9.0 MB | 0.7/2.5 MB | 114/152 kB | 0.1/1.7 MB | 48/527 kBProgress (5): 6.2/9.0 MB | 0.7/2.5 MB | 114/152 kB | 0.1/1.7 MB | 48/527 kBProgress (5): 6.2/9.0 MB | 0.7/2.5 MB | 114/152 kB | 0.1/1.7 MB | 48/527 kBProgress (5): 6.2/9.0 MB | 0.7/2.5 MB | 114/152 kB | 0.1/1.7 MB | 65/527 kBProgress (5): 6.2/9.0 MB | 0.7/2.5 MB | 114/152 kB | 0.2/1.7 MB | 65/527 kBProgress (5): 6.2/9.0 MB | 0.7/2.5 MB | 114/152 kB | 0.2/1.7 MB | 81/527 kBProgress (5): 6.2/9.0 MB | 0.7/2.5 MB | 114/152 kB | 0.2/1.7 MB | 81/527 kBProgress (5): 6.2/9.0 MB | 0.7/2.5 MB | 114/152 kB | 0.2/1.7 MB | 81/527 kBProgress (5): 6.2/9.0 MB | 0.7/2.5 MB | 114/152 kB | 0.2/1.7 MB | 81/527 kBProgress (5): 6.2/9.0 MB | 0.7/2.5 MB | 114/152 kB | 0.2/1.7 MB | 98/527 kBProgress (5): 6.2/9.0 MB | 0.7/2.5 MB | 114/152 kB | 0.2/1.7 MB | 98/527 kBProgress (5): 6.2/9.0 MB | 0.7/2.5 MB | 114/152 kB | 0.2/1.7 MB | 98/527 kBProgress (5): 6.2/9.0 MB | 0.7/2.5 MB | 114/152 kB | 0.2/1.7 MB | 114/527 kBProgress (5): 6.2/9.0 MB | 0.7/2.5 MB | 114/152 kB | 0.2/1.7 MB | 114/527 kBProgress (5): 6.2/9.0 MB | 0.7/2.5 MB | 114/152 kB | 0.2/1.7 MB | 114/527 kBProgress (5): 6.2/9.0 MB | 0.7/2.5 MB | 114/152 kB | 0.2/1.7 MB | 130/527 kBProgress (5): 6.2/9.0 MB | 0.7/2.5 MB | 114/152 kB | 0.2/1.7 MB | 130/527 kBProgress (5): 6.2/9.0 MB | 0.7/2.5 MB | 114/152 kB | 0.2/1.7 MB | 130/527 kBProgress (5): 6.3/9.0 MB | 0.7/2.5 MB | 114/152 kB | 0.2/1.7 MB | 130/527 kBProgress (5): 6.3/9.0 MB | 0.7/2.5 MB | 131/152 kB | 0.2/1.7 MB | 130/527 kBProgress (5): 6.3/9.0 MB | 0.7/2.5 MB | 131/152 kB | 0.2/1.7 MB | 130/527 kBProgress (5): 6.3/9.0 MB | 0.7/2.5 MB | 147/152 kB | 0.2/1.7 MB | 130/527 kBProgress (5): 6.3/9.0 MB | 0.7/2.5 MB | 152 kB | 0.2/1.7 MB | 130/527 kB    Progress (5): 6.3/9.0 MB | 0.7/2.5 MB | 152 kB | 0.2/1.7 MB | 130/527 kBProgress (5): 6.3/9.0 MB | 0.7/2.5 MB | 152 kB | 0.2/1.7 MB | 130/527 kBProgress (5): 6.3/9.0 MB | 0.7/2.5 MB | 152 kB | 0.2/1.7 MB | 130/527 kB                                                                        Downloaded from central: https://repo.maven.apache.org/maven2/org/mongodb/mongodb-driver-sync/4.11.1/mongodb-driver-sync-4.11.1.jar (152 kB at 181 kB/s)
Downloading from central: https://repo.maven.apache.org/maven2/org/mongodb/bson-record-codec/5.5.2/bson-record-codec-5.5.2.jar
Progress (4): 6.3/9.0 MB | 0.7/2.5 MB | 0.2/1.7 MB | 130/527 kBProgress (4): 6.4/9.0 MB | 0.7/2.5 MB | 0.2/1.7 MB | 130/527 kBProgress (4): 6.4/9.0 MB | 0.7/2.5 MB | 0.2/1.7 MB | 130/527 kBProgress (4): 6.4/9.0 MB | 0.7/2.5 MB | 0.2/1.7 MB | 130/527 kBProgress (4): 6.4/9.0 MB | 0.7/2.5 MB | 0.2/1.7 MB | 130/527 kBProgress (4): 6.4/9.0 MB | 0.7/2.5 MB | 0.2/1.7 MB | 130/527 kBProgress (4): 6.4/9.0 MB | 0.7/2.5 MB | 0.2/1.7 MB | 130/527 kBProgress (4): 6.4/9.0 MB | 0.8/2.5 MB | 0.2/1.7 MB | 130/527 kBProgress (4): 6.4/9.0 MB | 0.8/2.5 MB | 0.2/1.7 MB | 130/527 kBProgress (4): 6.4/9.0 MB | 0.8/2.5 MB | 0.2/1.7 MB | 130/527 kBProgress (4): 6.4/9.0 MB | 0.8/2.5 MB | 0.2/1.7 MB | 130/527 kBProgress (4): 6.4/9.0 MB | 0.8/2.5 MB | 0.3/1.7 MB | 130/527 kBProgress (4): 6.5/9.0 MB | 0.8/2.5 MB | 0.3/1.7 MB | 130/527 kBProgress (4): 6.5/9.0 MB | 0.8/2.5 MB | 0.3/1.7 MB | 130/527 kBProgress (4): 6.5/9.0 MB | 0.8/2.5 MB | 0.3/1.7 MB | 130/527 kBProgress (4): 6.5/9.0 MB | 0.8/2.5 MB | 0.3/1.7 MB | 130/527 kBProgress (4): 6.5/9.0 MB | 0.8/2.5 MB | 0.3/1.7 MB | 130/527 kBProgress (4): 6.5/9.0 MB | 0.8/2.5 MB | 0.3/1.7 MB | 130/527 kBProgress (4): 6.5/9.0 MB | 0.8/2.5 MB | 0.3/1.7 MB | 130/527 kBProgress (4): 6.5/9.0 MB | 0.8/2.5 MB | 0.3/1.7 MB | 130/527 kBProgress (4): 6.5/9.0 MB | 0.8/2.5 MB | 0.3/1.7 MB | 130/527 kBProgress (4): 6.5/9.0 MB | 0.8/2.5 MB | 0.3/1.7 MB | 130/527 kBProgress (4): 6.5/9.0 MB | 0.8/2.5 MB | 0.3/1.7 MB | 130/527 kBProgress (4): 6.5/9.0 MB | 0.8/2.5 MB | 0.3/1.7 MB | 130/527 kBProgress (4): 6.5/9.0 MB | 0.8/2.5 MB | 0.3/1.7 MB | 130/527 kBProgress (4): 6.5/9.0 MB | 0.8/2.5 MB | 0.3/1.7 MB | 130/527 kBProgress (4): 6.5/9.0 MB | 0.9/2.5 MB | 0.3/1.7 MB | 130/527 kBProgress (4): 6.5/9.0 MB | 0.9/2.5 MB | 0.3/1.7 MB | 130/527 kBProgress (4): 6.5/9.0 MB | 0.9/2.5 MB | 0.4/1.7 MB | 130/527 kBProgress (4): 6.5/9.0 MB | 0.9/2.5 MB | 0.4/1.7 MB | 130/527 kBProgress (4): 6.6/9.0 MB | 0.9/2.5 MB | 0.4/1.7 MB | 130/527 kBProgress (4): 6.6/9.0 MB | 0.9/2.5 MB | 0.4/1.7 MB | 130/527 kBProgress (4): 6.6/9.0 MB | 0.9/2.5 MB | 0.4/1.7 MB | 130/527 kBProgress (4): 6.6/9.0 MB | 0.9/2.5 MB | 0.4/1.7 MB | 130/527 kBProgress (4): 6.6/9.0 MB | 0.9/2.5 MB | 0.4/1.7 MB | 130/527 kBProgress (4): 6.6/9.0 MB | 0.9/2.5 MB | 0.4/1.7 MB | 130/527 kBProgress (4): 6.6/9.0 MB | 0.9/2.5 MB | 0.4/1.7 MB | 130/527 kBProgress (4): 6.6/9.0 MB | 0.9/2.5 MB | 0.4/1.7 MB | 130/527 kBProgress (4): 6.6/9.0 MB | 0.9/2.5 MB | 0.4/1.7 MB | 130/527 kBProgress (4): 6.6/9.0 MB | 0.9/2.5 MB | 0.4/1.7 MB | 130/527 kBProgress (4): 6.6/9.0 MB | 0.9/2.5 MB | 0.4/1.7 MB | 147/527 kBProgress (4): 6.6/9.0 MB | 0.9/2.5 MB | 0.4/1.7 MB | 147/527 kBProgress (4): 6.6/9.0 MB | 0.9/2.5 MB | 0.4/1.7 MB | 147/527 kBProgress (4): 6.6/9.0 MB | 0.9/2.5 MB | 0.4/1.7 MB | 163/527 kBProgress (4): 6.6/9.0 MB | 0.9/2.5 MB | 0.4/1.7 MB | 180/527 kBProgress (4): 6.6/9.0 MB | 0.9/2.5 MB | 0.4/1.7 MB | 180/527 kBProgress (4): 6.7/9.0 MB | 0.9/2.5 MB | 0.4/1.7 MB | 180/527 kBProgress (4): 6.7/9.0 MB | 0.9/2.5 MB | 0.4/1.7 MB | 196/527 kBProgress (4): 6.7/9.0 MB | 0.9/2.5 MB | 0.4/1.7 MB | 196/527 kBProgress (4): 6.7/9.0 MB | 0.9/2.5 MB | 0.4/1.7 MB | 212/527 kBProgress (4): 6.7/9.0 MB | 0.9/2.5 MB | 0.4/1.7 MB | 212/527 kBProgress (4): 6.7/9.0 MB | 0.9/2.5 MB | 0.4/1.7 MB | 229/527 kBProgress (4): 6.7/9.0 MB | 0.9/2.5 MB | 0.4/1.7 MB | 229/527 kBProgress (4): 6.7/9.0 MB | 0.9/2.5 MB | 0.4/1.7 MB | 245/527 kBProgress (4): 6.7/9.0 MB | 0.9/2.5 MB | 0.4/1.7 MB | 261/527 kBProgress (4): 6.7/9.0 MB | 0.9/2.5 MB | 0.4/1.7 MB | 261/527 kBProgress (4): 6.7/9.0 MB | 0.9/2.5 MB | 0.4/1.7 MB | 278/527 kBProgress (4): 6.7/9.0 MB | 0.9/2.5 MB | 0.4/1.7 MB | 278/527 kBProgress (4): 6.8/9.0 MB | 0.9/2.5 MB | 0.4/1.7 MB | 278/527 kBProgress (4): 6.8/9.0 MB | 0.9/2.5 MB | 0.4/1.7 MB | 294/527 kBProgress (4): 6.8/9.0 MB | 0.9/2.5 MB | 0.4/1.7 MB | 311/527 kBProgress (4): 6.8/9.0 MB | 0.9/2.5 MB | 0.4/1.7 MB | 311/527 kBProgress (4): 6.8/9.0 MB | 0.9/2.5 MB | 0.4/1.7 MB | 311/527 kBProgress (4): 6.8/9.0 MB | 0.9/2.5 MB | 0.4/1.7 MB | 311/527 kBProgress (4): 6.8/9.0 MB | 0.9/2.5 MB | 0.4/1.7 MB | 311/527 kBProgress (4): 6.8/9.0 MB | 0.9/2.5 MB | 0.4/1.7 MB | 328/527 kBProgress (4): 6.8/9.0 MB | 0.9/2.5 MB | 0.4/1.7 MB | 328/527 kBProgress (4): 6.8/9.0 MB | 0.9/2.5 MB | 0.4/1.7 MB | 344/527 kBProgress (4): 6.8/9.0 MB | 0.9/2.5 MB | 0.4/1.7 MB | 344/527 kBProgress (4): 6.8/9.0 MB | 0.9/2.5 MB | 0.5/1.7 MB | 344/527 kBProgress (4): 6.8/9.0 MB | 0.9/2.5 MB | 0.5/1.7 MB | 360/527 kBProgress (4): 6.8/9.0 MB | 0.9/2.5 MB | 0.5/1.7 MB | 360/527 kBProgress (4): 6.8/9.0 MB | 0.9/2.5 MB | 0.5/1.7 MB | 360/527 kBProgress (4): 6.8/9.0 MB | 0.9/2.5 MB | 0.5/1.7 MB | 377/527 kBProgress (4): 6.8/9.0 MB | 0.9/2.5 MB | 0.5/1.7 MB | 377/527 kBProgress (4): 6.8/9.0 MB | 0.9/2.5 MB | 0.5/1.7 MB | 377/527 kBProgress (4): 6.8/9.0 MB | 0.9/2.5 MB | 0.5/1.7 MB | 393/527 kBProgress (4): 6.9/9.0 MB | 0.9/2.5 MB | 0.5/1.7 MB | 393/527 kBProgress (4): 6.9/9.0 MB | 0.9/2.5 MB | 0.5/1.7 MB | 393/527 kBProgress (4): 6.9/9.0 MB | 0.9/2.5 MB | 0.5/1.7 MB | 393/527 kBProgress (4): 6.9/9.0 MB | 0.9/2.5 MB | 0.5/1.7 MB | 410/527 kBProgress (4): 6.9/9.0 MB | 0.9/2.5 MB | 0.5/1.7 MB | 410/527 kBProgress (4): 6.9/9.0 MB | 0.9/2.5 MB | 0.5/1.7 MB | 426/527 kBProgress (4): 6.9/9.0 MB | 0.9/2.5 MB | 0.5/1.7 MB | 426/527 kBProgress (4): 6.9/9.0 MB | 0.9/2.5 MB | 0.5/1.7 MB | 426/527 kBProgress (4): 6.9/9.0 MB | 0.9/2.5 MB | 0.5/1.7 MB | 442/527 kBProgress (4): 6.9/9.0 MB | 0.9/2.5 MB | 0.5/1.7 MB | 442/527 kBProgress (4): 6.9/9.0 MB | 0.9/2.5 MB | 0.6/1.7 MB | 442/527 kBProgress (4): 6.9/9.0 MB | 0.9/2.5 MB | 0.6/1.7 MB | 459/527 kBProgress (4): 6.9/9.0 MB | 0.9/2.5 MB | 0.6/1.7 MB | 459/527 kBProgress (4): 6.9/9.0 MB | 0.9/2.5 MB | 0.6/1.7 MB | 459/527 kBProgress (4): 6.9/9.0 MB | 0.9/2.5 MB | 0.6/1.7 MB | 475/527 kBProgress (4): 6.9/9.0 MB | 0.9/2.5 MB | 0.6/1.7 MB | 475/527 kBProgress (4): 6.9/9.0 MB | 0.9/2.5 MB | 0.6/1.7 MB | 475/527 kBProgress (4): 7.0/9.0 MB | 0.9/2.5 MB | 0.6/1.7 MB | 475/527 kBProgress (4): 7.0/9.0 MB | 0.9/2.5 MB | 0.6/1.7 MB | 475/527 kBProgress (4): 7.0/9.0 MB | 0.9/2.5 MB | 0.6/1.7 MB | 475/527 kBProgress (4): 7.0/9.0 MB | 0.9/2.5 MB | 0.6/1.7 MB | 475/527 kBProgress (4): 7.0/9.0 MB | 1.0/2.5 MB | 0.6/1.7 MB | 475/527 kBProgress (4): 7.0/9.0 MB | 1.0/2.5 MB | 0.6/1.7 MB | 475/527 kBProgress (4): 7.0/9.0 MB | 1.0/2.5 MB | 0.6/1.7 MB | 475/527 kBProgress (4): 7.0/9.0 MB | 1.0/2.5 MB | 0.6/1.7 MB | 475/527 kBProgress (4): 7.0/9.0 MB | 1.0/2.5 MB | 0.6/1.7 MB | 475/527 kBProgress (4): 7.0/9.0 MB | 1.0/2.5 MB | 0.6/1.7 MB | 475/527 kBProgress (4): 7.0/9.0 MB | 1.0/2.5 MB | 0.6/1.7 MB | 475/527 kBProgress (4): 7.0/9.0 MB | 1.0/2.5 MB | 0.6/1.7 MB | 475/527 kBProgress (4): 7.0/9.0 MB | 1.0/2.5 MB | 0.6/1.7 MB | 492/527 kBProgress (4): 7.0/9.0 MB | 1.0/2.5 MB | 0.6/1.7 MB | 508/527 kBProgress (4): 7.0/9.0 MB | 1.0/2.5 MB | 0.6/1.7 MB | 508/527 kBProgress (4): 7.0/9.0 MB | 1.0/2.5 MB | 0.6/1.7 MB | 508/527 kBProgress (4): 7.0/9.0 MB | 1.0/2.5 MB | 0.6/1.7 MB | 524/527 kBProgress (4): 7.0/9.0 MB | 1.0/2.5 MB | 0.6/1.7 MB | 527 kB    Progress (4): 7.0/9.0 MB | 1.0/2.5 MB | 0.6/1.7 MB | 527 kBProgress (4): 7.0/9.0 MB | 1.1/2.5 MB | 0.6/1.7 MB | 527 kB                                                           Downloaded from central: https://repo.maven.apache.org/maven2/org/mongodb/bson/5.5.2/bson-5.5.2.jar (527 kB at 616 kB/s)
Downloading from central: https://repo.maven.apache.org/maven2/de/flapdoodle/embed/de.flapdoodle.embed.mongo/4.9.2/de.flapdoodle.embed.mongo-4.9.2.jar
Progress (3): 7.0/9.0 MB | 1.1/2.5 MB | 0.6/1.7 MBProgress (3): 7.0/9.0 MB | 1.1/2.5 MB | 0.6/1.7 MBProgress (3): 7.0/9.0 MB | 1.1/2.5 MB | 0.6/1.7 MBProgress (3): 7.1/9.0 MB | 1.1/2.5 MB | 0.6/1.7 MBProgress (3): 7.1/9.0 MB | 1.1/2.5 MB | 0.6/1.7 MBProgress (3): 7.1/9.0 MB | 1.1/2.5 MB | 0.6/1.7 MBProgress (3): 7.1/9.0 MB | 1.1/2.5 MB | 0.7/1.7 MBProgress (3): 7.1/9.0 MB | 1.1/2.5 MB | 0.7/1.7 MBProgress (3): 7.1/9.0 MB | 1.1/2.5 MB | 0.7/1.7 MBProgress (3): 7.1/9.0 MB | 1.1/2.5 MB | 0.7/1.7 MBProgress (3): 7.1/9.0 MB | 1.1/2.5 MB | 0.7/1.7 MBProgress (3): 7.1/9.0 MB | 1.1/2.5 MB | 0.7/1.7 MBProgress (3): 7.1/9.0 MB | 1.1/2.5 MB | 0.7/1.7 MBProgress (3): 7.1/9.0 MB | 1.1/2.5 MB | 0.7/1.7 MBProgress (3): 7.1/9.0 MB | 1.1/2.5 MB | 0.7/1.7 MBProgress (3): 7.1/9.0 MB | 1.1/2.5 MB | 0.7/1.7 MBProgress (3): 7.1/9.0 MB | 1.1/2.5 MB | 0.7/1.7 MBProgress (3): 7.1/9.0 MB | 1.1/2.5 MB | 0.7/1.7 MBProgress (3): 7.2/9.0 MB | 1.1/2.5 MB | 0.7/1.7 MBProgress (3): 7.2/9.0 MB | 1.1/2.5 MB | 0.7/1.7 MBProgress (3): 7.2/9.0 MB | 1.1/2.5 MB | 0.7/1.7 MBProgress (3): 7.2/9.0 MB | 1.1/2.5 MB | 0.7/1.7 MBProgress (3): 7.2/9.0 MB | 1.1/2.5 MB | 0.7/1.7 MBProgress (3): 7.2/9.0 MB | 1.1/2.5 MB | 0.7/1.7 MBProgress (3): 7.3/9.0 MB | 1.1/2.5 MB | 0.7/1.7 MBProgress (3): 7.3/9.0 MB | 1.1/2.5 MB | 0.7/1.7 MBProgress (3): 7.3/9.0 MB | 1.1/2.5 MB | 0.7/1.7 MBProgress (3): 7.3/9.0 MB | 1.1/2.5 MB | 0.7/1.7 MBProgress (3): 7.3/9.0 MB | 1.1/2.5 MB | 0.7/1.7 MBProgress (3): 7.3/9.0 MB | 1.1/2.5 MB | 0.7/1.7 MBProgress (3): 7.3/9.0 MB | 1.1/2.5 MB | 0.7/1.7 MBProgress (3): 7.3/9.0 MB | 1.1/2.5 MB | 0.8/1.7 MBProgress (3): 7.3/9.0 MB | 1.1/2.5 MB | 0.8/1.7 MBProgress (3): 7.3/9.0 MB | 1.1/2.5 MB | 0.8/1.7 MBProgress (3): 7.4/9.0 MB | 1.1/2.5 MB | 0.8/1.7 MBProgress (3): 7.4/9.0 MB | 1.1/2.5 MB | 0.8/1.7 MBProgress (3): 7.4/9.0 MB | 1.1/2.5 MB | 0.8/1.7 MBProgress (3): 7.4/9.0 MB | 1.1/2.5 MB | 0.8/1.7 MBProgress (3): 7.4/9.0 MB | 1.1/2.5 MB | 0.8/1.7 MBProgress (3): 7.4/9.0 MB | 1.1/2.5 MB | 0.8/1.7 MBProgress (3): 7.4/9.0 MB | 1.1/2.5 MB | 0.8/1.7 MBProgress (3): 7.4/9.0 MB | 1.1/2.5 MB | 0.8/1.7 MBProgress (3): 7.4/9.0 MB | 1.1/2.5 MB | 0.8/1.7 MBProgress (3): 7.4/9.0 MB | 1.1/2.5 MB | 0.9/1.7 MBProgress (3): 7.4/9.0 MB | 1.1/2.5 MB | 0.9/1.7 MBProgress (3): 7.4/9.0 MB | 1.2/2.5 MB | 0.9/1.7 MBProgress (3): 7.5/9.0 MB | 1.2/2.5 MB | 0.9/1.7 MBProgress (3): 7.5/9.0 MB | 1.2/2.5 MB | 0.9/1.7 MBProgress (3): 7.5/9.0 MB | 1.2/2.5 MB | 0.9/1.7 MBProgress (3): 7.5/9.0 MB | 1.2/2.5 MB | 0.9/1.7 MBProgress (3): 7.5/9.0 MB | 1.2/2.5 MB | 0.9/1.7 MBProgress (3): 7.5/9.0 MB | 1.2/2.5 MB | 0.9/1.7 MBProgress (3): 7.5/9.0 MB | 1.2/2.5 MB | 0.9/1.7 MBProgress (3): 7.5/9.0 MB | 1.2/2.5 MB | 0.9/1.7 MBProgress (3): 7.5/9.0 MB | 1.2/2.5 MB | 0.9/1.7 MBProgress (3): 7.5/9.0 MB | 1.2/2.5 MB | 0.9/1.7 MBProgress (3): 7.5/9.0 MB | 1.2/2.5 MB | 0.9/1.7 MBProgress (3): 7.5/9.0 MB | 1.2/2.5 MB | 0.9/1.7 MBProgress (3): 7.5/9.0 MB | 1.3/2.5 MB | 0.9/1.7 MBProgress (3): 7.6/9.0 MB | 1.3/2.5 MB | 0.9/1.7 MBProgress (3): 7.6/9.0 MB | 1.3/2.5 MB | 0.9/1.7 MBProgress (3): 7.6/9.0 MB | 1.3/2.5 MB | 0.9/1.7 MBProgress (3): 7.6/9.0 MB | 1.3/2.5 MB | 0.9/1.7 MBProgress (3): 7.6/9.0 MB | 1.3/2.5 MB | 0.9/1.7 MBProgress (3): 7.6/9.0 MB | 1.3/2.5 MB | 0.9/1.7 MBProgress (3): 7.6/9.0 MB | 1.3/2.5 MB | 0.9/1.7 MBProgress (3): 7.6/9.0 MB | 1.3/2.5 MB | 0.9/1.7 MBProgress (3): 7.6/9.0 MB | 1.3/2.5 MB | 0.9/1.7 MBProgress (3): 7.6/9.0 MB | 1.3/2.5 MB | 0.9/1.7 MBProgress (3): 7.6/9.0 MB | 1.3/2.5 MB | 0.9/1.7 MBProgress (3): 7.7/9.0 MB | 1.3/2.5 MB | 0.9/1.7 MBProgress (3): 7.7/9.0 MB | 1.3/2.5 MB | 0.9/1.7 MBProgress (3): 7.7/9.0 MB | 1.3/2.5 MB | 0.9/1.7 MBProgress (3): 7.7/9.0 MB | 1.3/2.5 MB | 0.9/1.7 MBProgress (3): 7.7/9.0 MB | 1.3/2.5 MB | 0.9/1.7 MBProgress (3): 7.7/9.0 MB | 1.3/2.5 MB | 1.0/1.7 MBProgress (3): 7.7/9.0 MB | 1.3/2.5 MB | 1.0/1.7 MBProgress (3): 7.7/9.0 MB | 1.3/2.5 MB | 1.0/1.7 MBProgress (3): 7.7/9.0 MB | 1.3/2.5 MB | 1.0/1.7 MBProgress (3): 7.7/9.0 MB | 1.3/2.5 MB | 1.0/1.7 MBProgress (3): 7.7/9.0 MB | 1.3/2.5 MB | 1.0/1.7 MBProgress (3): 7.8/9.0 MB | 1.3/2.5 MB | 1.0/1.7 MBProgress (3): 7.8/9.0 MB | 1.3/2.5 MB | 1.0/1.7 MBProgress (3): 7.8/9.0 MB | 1.3/2.5 MB | 1.0/1.7 MBProgress (3): 7.8/9.0 MB | 1.3/2.5 MB | 1.0/1.7 MBProgress (3): 7.8/9.0 MB | 1.3/2.5 MB | 1.0/1.7 MBProgress (3): 7.8/9.0 MB | 1.3/2.5 MB | 1.0/1.7 MBProgress (3): 7.8/9.0 MB | 1.3/2.5 MB | 1.0/1.7 MBProgress (3): 7.8/9.0 MB | 1.3/2.5 MB | 1.0/1.7 MBProgress (3): 7.8/9.0 MB | 1.3/2.5 MB | 1.0/1.7 MBProgress (3): 7.8/9.0 MB | 1.3/2.5 MB | 1.0/1.7 MBProgress (3): 7.8/9.0 MB | 1.3/2.5 MB | 1.0/1.7 MBProgress (3): 7.9/9.0 MB | 1.3/2.5 MB | 1.0/1.7 MBProgress (3): 7.9/9.0 MB | 1.3/2.5 MB | 1.0/1.7 MBProgress (3): 7.9/9.0 MB | 1.3/2.5 MB | 1.0/1.7 MBProgress (3): 7.9/9.0 MB | 1.4/2.5 MB | 1.0/1.7 MBProgress (3): 7.9/9.0 MB | 1.4/2.5 MB | 1.0/1.7 MBProgress (3): 7.9/9.0 MB | 1.4/2.5 MB | 1.0/1.7 MBProgress (3): 7.9/9.0 MB | 1.4/2.5 MB | 1.0/1.7 MBProgress (3): 7.9/9.0 MB | 1.4/2.5 MB | 1.0/1.7 MBProgress (3): 7.9/9.0 MB | 1.4/2.5 MB | 1.0/1.7 MBProgress (3): 7.9/9.0 MB | 1.4/2.5 MB | 1.0/1.7 MBProgress (3): 7.9/9.0 MB | 1.4/2.5 MB | 1.0/1.7 MBProgress (3): 7.9/9.0 MB | 1.4/2.5 MB | 1.0/1.7 MBProgress (3): 8.0/9.0 MB | 1.4/2.5 MB | 1.0/1.7 MBProgress (3): 8.0/9.0 MB | 1.4/2.5 MB | 1.0/1.7 MBProgress (3): 8.0/9.0 MB | 1.4/2.5 MB | 1.0/1.7 MBProgress (3): 8.0/9.0 MB | 1.4/2.5 MB | 1.0/1.7 MBProgress (3): 8.0/9.0 MB | 1.4/2.5 MB | 1.0/1.7 MBProgress (3): 8.0/9.0 MB | 1.4/2.5 MB | 1.1/1.7 MBProgress (4): 8.0/9.0 MB | 1.4/2.5 MB | 1.1/1.7 MB | 7.7/12 kBProgress (4): 8.0/9.0 MB | 1.4/2.5 MB | 1.1/1.7 MB | 12 kB    Progress (4): 8.0/9.0 MB | 1.4/2.5 MB | 1.1/1.7 MB | 12 kBProgress (4): 8.0/9.0 MB | 1.4/2.5 MB | 1.1/1.7 MB | 12 kBProgress (4): 8.0/9.0 MB | 1.4/2.5 MB | 1.1/1.7 MB | 12 kBProgress (4): 8.0/9.0 MB | 1.4/2.5 MB | 1.1/1.7 MB | 12 kBProgress (4): 8.0/9.0 MB | 1.4/2.5 MB | 1.1/1.7 MB | 12 kBProgress (4): 8.0/9.0 MB | 1.4/2.5 MB | 1.1/1.7 MB | 12 kBProgress (4): 8.1/9.0 MB | 1.4/2.5 MB | 1.1/1.7 MB | 12 kBProgress (4): 8.1/9.0 MB | 1.4/2.5 MB | 1.1/1.7 MB | 12 kBProgress (4): 8.1/9.0 MB | 1.4/2.5 MB | 1.1/1.7 MB | 12 kBProgress (4): 8.1/9.0 MB | 1.4/2.5 MB | 1.1/1.7 MB | 12 kBProgress (4): 8.1/9.0 MB | 1.4/2.5 MB | 1.1/1.7 MB | 12 kBProgress (4): 8.1/9.0 MB | 1.4/2.5 MB | 1.2/1.7 MB | 12 kBProgress (4): 8.1/9.0 MB | 1.4/2.5 MB | 1.2/1.7 MB | 12 kBProgress (4): 8.1/9.0 MB | 1.4/2.5 MB | 1.2/1.7 MB | 12 kBProgress (4): 8.1/9.0 MB | 1.4/2.5 MB | 1.2/1.7 MB | 12 kBProgress (4): 8.1/9.0 MB | 1.4/2.5 MB | 1.2/1.7 MB | 12 kBProgress (4): 8.1/9.0 MB | 1.4/2.5 MB | 1.2/1.7 MB | 12 kBProgress (4): 8.2/9.0 MB | 1.4/2.5 MB | 1.2/1.7 MB | 12 kBProgress (4): 8.2/9.0 MB | 1.4/2.5 MB | 1.2/1.7 MB | 12 kBProgress (4): 8.2/9.0 MB | 1.4/2.5 MB | 1.2/1.7 MB | 12 kBProgress (4): 8.2/9.0 MB | 1.4/2.5 MB | 1.2/1.7 MB | 12 kBProgress (4): 8.2/9.0 MB | 1.4/2.5 MB | 1.2/1.7 MB | 12 kBProgress (4): 8.2/9.0 MB | 1.4/2.5 MB | 1.2/1.7 MB | 12 kBProgress (4): 8.2/9.0 MB | 1.4/2.5 MB | 1.2/1.7 MB | 12 kBProgress (4): 8.2/9.0 MB | 1.5/2.5 MB | 1.2/1.7 MB | 12 kBProgress (4): 8.3/9.0 MB | 1.5/2.5 MB | 1.2/1.7 MB | 12 kBProgress (4): 8.3/9.0 MB | 1.5/2.5 MB | 1.2/1.7 MB | 12 kBProgress (4): 8.3/9.0 MB | 1.5/2.5 MB | 1.2/1.7 MB | 12 kBProgress (4): 8.3/9.0 MB | 1.5/2.5 MB | 1.2/1.7 MB | 12 kBProgress (4): 8.3/9.0 MB | 1.5/2.5 MB | 1.2/1.7 MB | 12 kBProgress (4): 8.3/9.0 MB | 1.5/2.5 MB | 1.2/1.7 MB | 12 kBProgress (4): 8.3/9.0 MB | 1.5/2.5 MB | 1.2/1.7 MB | 12 kBProgress (4): 8.3/9.0 MB | 1.5/2.5 MB | 1.2/1.7 MB | 12 kBProgress (4): 8.3/9.0 MB | 1.5/2.5 MB | 1.2/1.7 MB | 12 kBProgress (4): 8.3/9.0 MB | 1.5/2.5 MB | 1.2/1.7 MB | 12 kBProgress (5): 8.3/9.0 MB | 1.5/2.5 MB | 1.2/1.7 MB | 12 kB | 7.7/333 kBProgress (5): 8.3/9.0 MB | 1.5/2.5 MB | 1.2/1.7 MB | 12 kB | 7.7/333 kBProgress (5): 8.3/9.0 MB | 1.5/2.5 MB | 1.2/1.7 MB | 12 kB | 16/333 kB Progress (5): 8.3/9.0 MB | 1.6/2.5 MB | 1.2/1.7 MB | 12 kB | 16/333 kBProgress (5): 8.3/9.0 MB | 1.6/2.5 MB | 1.3/1.7 MB | 12 kB | 16/333 kBProgress (5): 8.3/9.0 MB | 1.6/2.5 MB | 1.3/1.7 MB | 12 kB | 32/333 kBProgress (5): 8.3/9.0 MB | 1.6/2.5 MB | 1.3/1.7 MB | 12 kB | 32/333 kBProgress (5): 8.3/9.0 MB | 1.6/2.5 MB | 1.3/1.7 MB | 12 kB | 32/333 kBProgress (5): 8.3/9.0 MB | 1.6/2.5 MB | 1.3/1.7 MB | 12 kB | 32/333 kBProgress (5): 8.3/9.0 MB | 1.6/2.5 MB | 1.3/1.7 MB | 12 kB | 49/333 kBProgress (5): 8.3/9.0 MB | 1.6/2.5 MB | 1.3/1.7 MB | 12 kB | 49/333 kBProgress (5): 8.3/9.0 MB | 1.6/2.5 MB | 1.3/1.7 MB | 12 kB | 49/333 kBProgress (5): 8.3/9.0 MB | 1.6/2.5 MB | 1.3/1.7 MB | 12 kB | 65/333 kBProgress (5): 8.3/9.0 MB | 1.6/2.5 MB | 1.3/1.7 MB | 12 kB | 65/333 kBProgress (5): 8.3/9.0 MB | 1.6/2.5 MB | 1.3/1.7 MB | 12 kB | 65/333 kBProgress (5): 8.3/9.0 MB | 1.6/2.5 MB | 1.3/1.7 MB | 12 kB | 81/333 kBProgress (5): 8.3/9.0 MB | 1.6/2.5 MB | 1.3/1.7 MB | 12 kB | 81/333 kBProgress (5): 8.3/9.0 MB | 1.6/2.5 MB | 1.3/1.7 MB | 12 kB | 81/333 kBProgress (5): 8.3/9.0 MB | 1.6/2.5 MB | 1.3/1.7 MB | 12 kB | 98/333 kBProgress (5): 8.3/9.0 MB | 1.6/2.5 MB | 1.3/1.7 MB | 12 kB | 98/333 kBProgress (5): 8.3/9.0 MB | 1.7/2.5 MB | 1.3/1.7 MB | 12 kB | 98/333 kBProgress (5): 8.3/9.0 MB | 1.7/2.5 MB | 1.3/1.7 MB | 12 kB | 114/333 kBProgress (5): 8.3/9.0 MB | 1.7/2.5 MB | 1.3/1.7 MB | 12 kB | 114/333 kBProgress (5): 8.3/9.0 MB | 1.7/2.5 MB | 1.4/1.7 MB | 12 kB | 114/333 kBProgress (5): 8.3/9.0 MB | 1.7/2.5 MB | 1.4/1.7 MB | 12 kB | 114/333 kBProgress (5): 8.3/9.0 MB | 1.7/2.5 MB | 1.4/1.7 MB | 12 kB | 114/333 kBProgress (5): 8.3/9.0 MB | 1.7/2.5 MB | 1.4/1.7 MB | 12 kB | 114/333 kBProgress (5): 8.4/9.0 MB | 1.7/2.5 MB | 1.4/1.7 MB | 12 kB | 114/333 kBProgress (5): 8.4/9.0 MB | 1.7/2.5 MB | 1.4/1.7 MB | 12 kB | 114/333 kB                                                                       Downloaded from central: https://repo.maven.apache.org/maven2/org/mongodb/bson-record-codec/5.5.2/bson-record-codec-5.5.2.jar (12 kB at 13 kB/s)
Downloading from central: https://repo.maven.apache.org/maven2/de/flapdoodle/embed/de.flapdoodle.embed.process/4.8.1/de.flapdoodle.embed.process-4.8.1.jar
Progress (4): 8.4/9.0 MB | 1.7/2.5 MB | 1.4/1.7 MB | 114/333 kBProgress (4): 8.4/9.0 MB | 1.7/2.5 MB | 1.4/1.7 MB | 114/333 kBProgress (4): 8.4/9.0 MB | 1.7/2.5 MB | 1.4/1.7 MB | 114/333 kBProgress (4): 8.4/9.0 MB | 1.7/2.5 MB | 1.4/1.7 MB | 114/333 kBProgress (4): 8.5/9.0 MB | 1.7/2.5 MB | 1.4/1.7 MB | 114/333 kBProgress (4): 8.5/9.0 MB | 1.7/2.5 MB | 1.4/1.7 MB | 114/333 kBProgress (4): 8.5/9.0 MB | 1.7/2.5 MB | 1.4/1.7 MB | 114/333 kBProgress (4): 8.5/9.0 MB | 1.7/2.5 MB | 1.4/1.7 MB | 131/333 kBProgress (4): 8.5/9.0 MB | 1.7/2.5 MB | 1.4/1.7 MB | 131/333 kBProgress (4): 8.5/9.0 MB | 1.7/2.5 MB | 1.4/1.7 MB | 147/333 kBProgress (4): 8.5/9.0 MB | 1.7/2.5 MB | 1.4/1.7 MB | 163/333 kBProgress (4): 8.5/9.0 MB | 1.7/2.5 MB | 1.4/1.7 MB | 163/333 kBProgress (4): 8.5/9.0 MB | 1.7/2.5 MB | 1.4/1.7 MB | 180/333 kBProgress (4): 8.5/9.0 MB | 1.7/2.5 MB | 1.4/1.7 MB | 180/333 kBProgress (4): 8.5/9.0 MB | 1.7/2.5 MB | 1.4/1.7 MB | 196/333 kBProgress (4): 8.5/9.0 MB | 1.7/2.5 MB | 1.4/1.7 MB | 196/333 kBProgress (4): 8.5/9.0 MB | 1.7/2.5 MB | 1.4/1.7 MB | 213/333 kBProgress (4): 8.5/9.0 MB | 1.7/2.5 MB | 1.4/1.7 MB | 213/333 kBProgress (4): 8.5/9.0 MB | 1.7/2.5 MB | 1.4/1.7 MB | 229/333 kBProgress (4): 8.5/9.0 MB | 1.7/2.5 MB | 1.5/1.7 MB | 229/333 kBProgress (4): 8.5/9.0 MB | 1.7/2.5 MB | 1.5/1.7 MB | 245/333 kBProgress (4): 8.5/9.0 MB | 1.7/2.5 MB | 1.5/1.7 MB | 245/333 kBProgress (4): 8.5/9.0 MB | 1.7/2.5 MB | 1.5/1.7 MB | 262/333 kBProgress (4): 8.5/9.0 MB | 1.7/2.5 MB | 1.5/1.7 MB | 262/333 kBProgress (4): 8.5/9.0 MB | 1.7/2.5 MB | 1.5/1.7 MB | 278/333 kBProgress (4): 8.5/9.0 MB | 1.7/2.5 MB | 1.5/1.7 MB | 278/333 kBProgress (4): 8.5/9.0 MB | 1.7/2.5 MB | 1.5/1.7 MB | 294/333 kBProgress (4): 8.5/9.0 MB | 1.7/2.5 MB | 1.5/1.7 MB | 311/333 kBProgress (4): 8.5/9.0 MB | 1.7/2.5 MB | 1.5/1.7 MB | 311/333 kBProgress (4): 8.5/9.0 MB | 1.7/2.5 MB | 1.5/1.7 MB | 311/333 kBProgress (4): 8.5/9.0 MB | 1.7/2.5 MB | 1.5/1.7 MB | 311/333 kBProgress (4): 8.5/9.0 MB | 1.7/2.5 MB | 1.5/1.7 MB | 311/333 kBProgress (4): 8.6/9.0 MB | 1.7/2.5 MB | 1.5/1.7 MB | 311/333 kBProgress (4): 8.6/9.0 MB | 1.7/2.5 MB | 1.5/1.7 MB | 311/333 kBProgress (4): 8.6/9.0 MB | 1.7/2.5 MB | 1.5/1.7 MB | 311/333 kBProgress (4): 8.6/9.0 MB | 1.7/2.5 MB | 1.5/1.7 MB | 311/333 kBProgress (4): 8.6/9.0 MB | 1.7/2.5 MB | 1.5/1.7 MB | 311/333 kBProgress (4): 8.6/9.0 MB | 1.7/2.5 MB | 1.5/1.7 MB | 311/333 kBProgress (4): 8.7/9.0 MB | 1.7/2.5 MB | 1.5/1.7 MB | 311/333 kBProgress (4): 8.7/9.0 MB | 1.7/2.5 MB | 1.5/1.7 MB | 311/333 kBProgress (4): 8.7/9.0 MB | 1.7/2.5 MB | 1.5/1.7 MB | 311/333 kBProgress (4): 8.7/9.0 MB | 1.7/2.5 MB | 1.5/1.7 MB | 327/333 kBProgress (4): 8.7/9.0 MB | 1.7/2.5 MB | 1.5/1.7 MB | 333 kB    Progress (4): 8.7/9.0 MB | 1.7/2.5 MB | 1.6/1.7 MB | 333 kBProgress (4): 8.7/9.0 MB | 1.7/2.5 MB | 1.6/1.7 MB | 333 kB                                                           Downloaded from central: https://repo.maven.apache.org/maven2/de/flapdoodle/embed/de.flapdoodle.embed.mongo/4.9.2/de.flapdoodle.embed.mongo-4.9.2.jar (333 kB at 366 kB/s)
Downloading from central: https://repo.maven.apache.org/maven2/de/flapdoodle/reverse/de.flapdoodle.reverse/1.6.0/de.flapdoodle.reverse-1.6.0.jar
Progress (3): 8.7/9.0 MB | 1.7/2.5 MB | 1.6/1.7 MBProgress (3): 8.7/9.0 MB | 1.7/2.5 MB | 1.6/1.7 MBProgress (3): 8.7/9.0 MB | 1.7/2.5 MB | 1.6/1.7 MBProgress (3): 8.7/9.0 MB | 1.7/2.5 MB | 1.6/1.7 MBProgress (3): 8.7/9.0 MB | 1.7/2.5 MB | 1.6/1.7 MBProgress (3): 8.7/9.0 MB | 1.7/2.5 MB | 1.6/1.7 MBProgress (3): 8.7/9.0 MB | 1.7/2.5 MB | 1.6/1.7 MBProgress (3): 8.7/9.0 MB | 1.7/2.5 MB | 1.7/1.7 MBProgress (3): 8.7/9.0 MB | 1.7/2.5 MB | 1.7/1.7 MBProgress (3): 8.7/9.0 MB | 1.7/2.5 MB | 1.7 MB    Progress (3): 8.7/9.0 MB | 1.7/2.5 MB | 1.7 MBProgress (3): 8.8/9.0 MB | 1.7/2.5 MB | 1.7 MB                                              Downloaded from central: https://repo.maven.apache.org/maven2/org/mongodb/mongodb-driver-core/4.11.1/mongodb-driver-core-4.11.1.jar (1.7 MB at 1.8 MB/s)
Progress (2): 8.8/9.0 MB | 1.7/2.5 MBProgress (2): 8.8/9.0 MB | 1.7/2.5 MBProgress (2): 8.8/9.0 MB | 1.7/2.5 MBProgress (2): 8.8/9.0 MB | 1.7/2.5 MBProgress (2): 8.8/9.0 MB | 1.7/2.5 MBProgress (2): 8.8/9.0 MB | 1.7/2.5 MBProgress (2): 8.8/9.0 MB | 1.7/2.5 MBProgress (2): 8.8/9.0 MB | 1.7/2.5 MBProgress (2): 8.8/9.0 MB | 1.7/2.5 MBProgress (2): 8.8/9.0 MB | 1.8/2.5 MBProgress (2): 8.9/9.0 MB | 1.8/2.5 MBProgress (2): 8.9/9.0 MB | 1.8/2.5 MBProgress (2): 8.9/9.0 MB | 1.8/2.5 MBProgress (2): 8.9/9.0 MB | 1.8/2.5 MBProgress (2): 8.9/9.0 MB | 1.8/2.5 MBProgress (2): 8.9/9.0 MB | 1.8/2.5 MBProgress (2): 8.9/9.0 MB | 1.8/2.5 MBProgress (2): 8.9/9.0 MB | 1.8/2.5 MB                                     Downloading from central: https://repo.maven.apache.org/maven2/de/flapdoodle/graph/de.flapdoodle.graph/1.3.3/de.flapdoodle.graph-1.3.3.jar
Progress (2): 8.9/9.0 MB | 1.8/2.5 MBProgress (2): 8.9/9.0 MB | 1.8/2.5 MBProgress (2): 8.9/9.0 MB | 1.9/2.5 MBProgress (2): 8.9/9.0 MB | 1.9/2.5 MBProgress (2): 8.9/9.0 MB | 1.9/2.5 MBProgress (2): 9.0/9.0 MB | 1.9/2.5 MBProgress (2): 9.0/9.0 MB | 1.9/2.5 MBProgress (2): 9.0/9.0 MB | 1.9/2.5 MBProgress (2): 9.0/9.0 MB | 1.9/2.5 MBProgress (2): 9.0/9.0 MB | 1.9/2.5 MBProgress (2): 9.0/9.0 MB | 1.9/2.5 MBProgress (2): 9.0/9.0 MB | 1.9/2.5 MBProgress (2): 9.0/9.0 MB | 1.9/2.5 MBProgress (2): 9.0/9.0 MB | 1.9/2.5 MBProgress (2): 9.0 MB | 1.9/2.5 MB    Progress (2): 9.0 MB | 1.9/2.5 MB                                 Downloaded from central: https://repo.maven.apache.org/maven2/net/bytebuddy/byte-buddy/1.17.8/byte-buddy-1.17.8.jar (9.0 MB at 9.8 MB/s)
Downloading from central: https://repo.maven.apache.org/maven2/org/jgrapht/jgrapht-core/1.4.0/jgrapht-core-1.4.0.jar
Progress (1): 2.0/2.5 MBProgress (1): 2.0/2.5 MBProgress (1): 2.0/2.5 MBProgress (1): 2.0/2.5 MBProgress (1): 2.0/2.5 MBProgress (1): 2.0/2.5 MBProgress (1): 2.1/2.5 MBProgress (1): 2.1/2.5 MBProgress (1): 2.1/2.5 MBProgress (1): 2.1/2.5 MBProgress (1): 2.1/2.5 MBProgress (1): 2.1/2.5 MBProgress (1): 2.1/2.5 MBProgress (1): 2.2/2.5 MBProgress (1): 2.2/2.5 MBProgress (1): 2.2/2.5 MBProgress (1): 2.2/2.5 MBProgress (1): 2.2/2.5 MBProgress (1): 2.2/2.5 MBProgress (1): 2.2/2.5 MBProgress (1): 2.3/2.5 MBProgress (1): 2.3/2.5 MBProgress (1): 2.3/2.5 MBProgress (1): 2.3/2.5 MBProgress (1): 2.3/2.5 MBProgress (1): 2.3/2.5 MBProgress (1): 2.3/2.5 MBProgress (1): 2.4/2.5 MBProgress (1): 2.4/2.5 MBProgress (1): 2.4/2.5 MBProgress (1): 2.4/2.5 MBProgress (1): 2.4/2.5 MBProgress (1): 2.4/2.5 MBProgress (1): 2.4/2.5 MBProgress (1): 2.5/2.5 MBProgress (1): 2.5/2.5 MBProgress (1): 2.5 MB                        Downloaded from central: https://repo.maven.apache.org/maven2/org/springframework/data/spring-data-mongodb/4.5.8/spring-data-mongodb-4.5.8.jar (2.5 MB at 2.6 MB/s)
Downloading from central: https://repo.maven.apache.org/maven2/org/jheaps/jheaps/0.11/jheaps-0.11.jar
Progress (1): 0/1.1 MBProgress (1): 0/1.1 MBProgress (2): 0/1.1 MB | 7.7/130 kBProgress (2): 0/1.1 MB | 16/130 kB Progress (2): 0/1.1 MB | 16/130 kBProgress (3): 0/1.1 MB | 16/130 kB | 7.7/66 kBProgress (3): 0/1.1 MB | 16/130 kB | 16/66 kB Progress (3): 0/1.1 MB | 16/130 kB | 16/66 kBProgress (3): 0/1.1 MB | 32/130 kB | 16/66 kBProgress (3): 0/1.1 MB | 32/130 kB | 32/66 kBProgress (3): 0.1/1.1 MB | 32/130 kB | 32/66 kBProgress (3): 0.1/1.1 MB | 48/130 kB | 32/66 kBProgress (3): 0.1/1.1 MB | 48/130 kB | 49/66 kBProgress (3): 0.1/1.1 MB | 48/130 kB | 49/66 kBProgress (3): 0.1/1.1 MB | 48/130 kB | 65/66 kBProgress (3): 0.1/1.1 MB | 48/130 kB | 66 kB   Progress (3): 0.1/1.1 MB | 65/130 kB | 66 kBProgress (3): 0.1/1.1 MB | 65/130 kB | 66 kBProgress (3): 0.1/1.1 MB | 65/130 kB | 66 kBProgress (3): 0.1/1.1 MB | 65/130 kB | 66 kBProgress (3): 0.1/1.1 MB | 65/130 kB | 66 kBProgress (3): 0.1/1.1 MB | 65/130 kB | 66 kBProgress (3): 0.2/1.1 MB | 65/130 kB | 66 kB                                            Downloaded from central: https://repo.maven.apache.org/maven2/de/flapdoodle/graph/de.flapdoodle.graph/1.3.3/de.flapdoodle.graph-1.3.3.jar (66 kB at 69 kB/s)
Progress (2): 0.2/1.1 MB | 81/130 kBProgress (2): 0.2/1.1 MB | 81/130 kBProgress (2): 0.2/1.1 MB | 98/130 kBProgress (2): 0.2/1.1 MB | 114/130 kBProgress (2): 0.2/1.1 MB | 114/130 kBProgress (2): 0.2/1.1 MB | 130 kB    Progress (2): 0.2/1.1 MB | 130 kBProgress (2): 0.2/1.1 MB | 130 kBProgress (2): 0.2/1.1 MB | 130 kB                                 Downloaded from central: https://repo.maven.apache.org/maven2/de/flapdoodle/reverse/de.flapdoodle.reverse/1.6.0/de.flapdoodle.reverse-1.6.0.jar (130 kB at 135 kB/s)
Downloading from central: https://repo.maven.apache.org/maven2/de/flapdoodle/java8/de.flapdoodle.java8/1.3.3/de.flapdoodle.java8-1.3.3.jar
Progress (1): 0.2/1.1 MBProgress (1): 0.3/1.1 MB                        Downloading from central: https://repo.maven.apache.org/maven2/org/apache/commons/commons-compress/1.23.0/commons-compress-1.23.0.jar
Progress (1): 0.3/1.1 MBProgress (1): 0.3/1.1 MBProgress (1): 0.3/1.1 MBProgress (1): 0.3/1.1 MBProgress (2): 0.3/1.1 MB | 7.7/286 kBProgress (2): 0.3/1.1 MB | 7.7/286 kBProgress (2): 0.3/1.1 MB | 16/286 kB Progress (2): 0.3/1.1 MB | 16/286 kBProgress (2): 0.3/1.1 MB | 16/286 kBProgress (2): 0.3/1.1 MB | 33/286 kBProgress (2): 0.4/1.1 MB | 33/286 kBProgress (2): 0.4/1.1 MB | 49/286 kBProgress (2): 0.4/1.1 MB | 49/286 kBProgress (2): 0.4/1.1 MB | 66/286 kBProgress (2): 0.4/1.1 MB | 66/286 kBProgress (2): 0.4/1.1 MB | 82/286 kBProgress (2): 0.4/1.1 MB | 82/286 kBProgress (2): 0.4/1.1 MB | 98/286 kBProgress (2): 0.4/1.1 MB | 98/286 kBProgress (2): 0.4/1.1 MB | 115/286 kBProgress (2): 0.4/1.1 MB | 115/286 kBProgress (2): 0.4/1.1 MB | 131/286 kBProgress (2): 0.5/1.1 MB | 131/286 kBProgress (2): 0.5/1.1 MB | 147/286 kBProgress (2): 0.5/1.1 MB | 147/286 kBProgress (2): 0.5/1.1 MB | 164/286 kBProgress (2): 0.5/1.1 MB | 164/286 kBProgress (2): 0.5/1.1 MB | 180/286 kBProgress (2): 0.5/1.1 MB | 180/286 kBProgress (2): 0.5/1.1 MB | 197/286 kBProgress (2): 0.5/1.1 MB | 197/286 kBProgress (2): 0.5/1.1 MB | 213/286 kBProgress (2): 0.5/1.1 MB | 213/286 kBProgress (2): 0.5/1.1 MB | 229/286 kBProgress (2): 0.6/1.1 MB | 229/286 kBProgress (2): 0.6/1.1 MB | 229/286 kBProgress (2): 0.6/1.1 MB | 229/286 kBProgress (2): 0.6/1.1 MB | 246/286 kBProgress (2): 0.6/1.1 MB | 246/286 kBProgress (2): 0.6/1.1 MB | 262/286 kBProgress (2): 0.6/1.1 MB | 262/286 kBProgress (2): 0.6/1.1 MB | 262/286 kBProgress (2): 0.6/1.1 MB | 279/286 kBProgress (2): 0.7/1.1 MB | 279/286 kBProgress (2): 0.7/1.1 MB | 279/286 kBProgress (2): 0.7/1.1 MB | 286 kB    Progress (2): 0.7/1.1 MB | 286 kBProgress (2): 0.7/1.1 MB | 286 kB                                 Downloaded from central: https://repo.maven.apache.org/maven2/de/flapdoodle/embed/de.flapdoodle.embed.process/4.8.1/de.flapdoodle.embed.process-4.8.1.jar (286 kB at 295 kB/s)
Progress (1): 0.7/1.1 MB                        Downloading from central: https://repo.maven.apache.org/maven2/net/java/dev/jna/jna/5.13.0/jna-5.13.0.jar
Progress (1): 0.7/1.1 MBProgress (1): 0.8/1.1 MBProgress (1): 0.8/1.1 MBProgress (1): 0.8/1.1 MBProgress (1): 0.8/1.1 MBProgress (1): 0.8/1.1 MBProgress (1): 0.8/1.1 MBProgress (1): 0.9/1.1 MBProgress (1): 0.9/1.1 MBProgress (1): 0.9/1.1 MBProgress (1): 0.9/1.1 MBProgress (1): 0.9/1.1 MBProgress (1): 0.9/1.1 MBProgress (1): 1.0/1.1 MBProgress (1): 1.0/1.1 MBProgress (1): 1.0/1.1 MBProgress (1): 1.0/1.1 MBProgress (1): 1.0/1.1 MBProgress (1): 1.0/1.1 MBProgress (1): 1.0/1.1 MBProgress (1): 1.1/1.1 MBProgress (1): 1.1/1.1 MBProgress (1): 1.1 MB                        Downloaded from central: https://repo.maven.apache.org/maven2/org/jgrapht/jgrapht-core/1.4.0/jgrapht-core-1.4.0.jar (1.1 MB at 1.1 MB/s)
Downloading from central: https://repo.maven.apache.org/maven2/net/java/dev/jna/jna-platform/5.13.0/jna-platform-5.13.0.jar
Progress (1): 7.7/134 kBProgress (1): 16/134 kB Progress (1): 25/134 kBProgress (1): 41/134 kBProgress (1): 57/134 kBProgress (1): 74/134 kBProgress (1): 90/134 kBProgress (1): 106/134 kBProgress (1): 123/134 kBProgress (1): 134 kB                        Downloaded from central: https://repo.maven.apache.org/maven2/org/jheaps/jheaps/0.11/jheaps-0.11.jar (134 kB at 135 kB/s)
Downloading from central: https://repo.maven.apache.org/maven2/de/flapdoodle/de.flapdoodle.os-api/1.4.1/de.flapdoodle.os-api-1.4.1.jar
Progress (1): 0/1.1 MBProgress (1): 0/1.1 MBProgress (1): 0/1.1 MBProgress (1): 0.1/1.1 MBProgress (1): 0.1/1.1 MBProgress (1): 0.1/1.1 MBProgress (2): 0.1/1.1 MB | 7.7/57 kBProgress (2): 0.1/1.1 MB | 16/57 kB Progress (2): 0.1/1.1 MB | 16/57 kBProgress (2): 0.1/1.1 MB | 32/57 kBProgress (2): 0.1/1.1 MB | 32/57 kBProgress (2): 0.1/1.1 MB | 49/57 kBProgress (2): 0.1/1.1 MB | 57 kB   Progress (2): 0.1/1.1 MB | 57 kBProgress (2): 0.1/1.1 MB | 57 kBProgress (2): 0.2/1.1 MB | 57 kB                                Downloaded from central: https://repo.maven.apache.org/maven2/de/flapdoodle/java8/de.flapdoodle.java8/1.3.3/de.flapdoodle.java8-1.3.3.jar (57 kB at 58 kB/s)
Downloading from central: https://repo.maven.apache.org/maven2/de/flapdoodle/embed/de.flapdoodle.embed.mongo.packageresolver/4.9.1/de.flapdoodle.embed.mongo.packageresolver-4.9.1.jar
Progress (1): 0.2/1.1 MBProgress (1): 0.2/1.1 MBProgress (1): 0.2/1.1 MBProgress (1): 0.2/1.1 MBProgress (1): 0.2/1.1 MBProgress (1): 0.3/1.1 MBProgress (1): 0.3/1.1 MBProgress (1): 0.3/1.1 MBProgress (1): 0.3/1.1 MBProgress (1): 0.3/1.1 MBProgress (1): 0.3/1.1 MBProgress (1): 0.4/1.1 MBProgress (1): 0.4/1.1 MBProgress (1): 0.4/1.1 MBProgress (1): 0.4/1.1 MBProgress (1): 0.4/1.1 MBProgress (1): 0.4/1.1 MBProgress (1): 0.5/1.1 MBProgress (1): 0.5/1.1 MBProgress (1): 0.5/1.1 MBProgress (1): 0.5/1.1 MBProgress (1): 0.5/1.1 MBProgress (1): 0.5/1.1 MBProgress (2): 0.5/1.1 MB | 0/1.9 MBProgress (2): 0.6/1.1 MB | 0/1.9 MBProgress (2): 0.6/1.1 MB | 0/1.9 MBProgress (2): 0.6/1.1 MB | 0/1.9 MBProgress (2): 0.6/1.1 MB | 0/1.9 MBProgress (2): 0.6/1.1 MB | 0/1.9 MBProgress (2): 0.6/1.1 MB | 0/1.9 MBProgress (2): 0.6/1.1 MB | 0/1.9 MBProgress (2): 0.6/1.1 MB | 0/1.9 MBProgress (2): 0.6/1.1 MB | 0.1/1.9 MBProgress (2): 0.6/1.1 MB | 0.1/1.9 MBProgress (2): 0.6/1.1 MB | 0.1/1.9 MBProgress (2): 0.6/1.1 MB | 0.1/1.9 MBProgress (2): 0.7/1.1 MB | 0.1/1.9 MBProgress (2): 0.7/1.1 MB | 0.1/1.9 MBProgress (2): 0.7/1.1 MB | 0.1/1.9 MBProgress (2): 0.7/1.1 MB | 0.1/1.9 MBProgress (2): 0.7/1.1 MB | 0.1/1.9 MBProgress (2): 0.7/1.1 MB | 0.1/1.9 MBProgress (2): 0.7/1.1 MB | 0.1/1.9 MBProgress (2): 0.7/1.1 MB | 0.1/1.9 MBProgress (2): 0.7/1.1 MB | 0.1/1.9 MBProgress (2): 0.7/1.1 MB | 0.2/1.9 MBProgress (2): 0.7/1.1 MB | 0.2/1.9 MBProgress (2): 0.7/1.1 MB | 0.2/1.9 MBProgress (2): 0.8/1.1 MB | 0.2/1.9 MBProgress (2): 0.8/1.1 MB | 0.2/1.9 MBProgress (2): 0.8/1.1 MB | 0.2/1.9 MBProgress (2): 0.8/1.1 MB | 0.2/1.9 MBProgress (2): 0.8/1.1 MB | 0.2/1.9 MBProgress (2): 0.8/1.1 MB | 0.2/1.9 MBProgress (2): 0.8/1.1 MB | 0.2/1.9 MBProgress (2): 0.8/1.1 MB | 0.2/1.9 MBProgress (2): 0.8/1.1 MB | 0.2/1.9 MBProgress (2): 0.8/1.1 MB | 0.3/1.9 MBProgress (2): 0.8/1.1 MB | 0.3/1.9 MBProgress (2): 0.8/1.1 MB | 0.3/1.9 MBProgress (2): 0.9/1.1 MB | 0.3/1.9 MBProgress (2): 0.9/1.1 MB | 0.3/1.9 MBProgress (2): 0.9/1.1 MB | 0.3/1.9 MBProgress (2): 0.9/1.1 MB | 0.3/1.9 MBProgress (2): 0.9/1.1 MB | 0.3/1.9 MBProgress (2): 0.9/1.1 MB | 0.3/1.9 MBProgress (2): 0.9/1.1 MB | 0.3/1.9 MBProgress (2): 0.9/1.1 MB | 0.3/1.9 MBProgress (2): 0.9/1.1 MB | 0.3/1.9 MBProgress (2): 0.9/1.1 MB | 0.3/1.9 MBProgress (2): 0.9/1.1 MB | 0.4/1.9 MBProgress (2): 1.0/1.1 MB | 0.4/1.9 MBProgress (2): 1.0/1.1 MB | 0.4/1.9 MBProgress (2): 1.0/1.1 MB | 0.4/1.9 MBProgress (3): 1.0/1.1 MB | 0.4/1.9 MB | 0/1.4 MBProgress (3): 1.0/1.1 MB | 0.4/1.9 MB | 0/1.4 MBProgress (3): 1.0/1.1 MB | 0.4/1.9 MB | 0/1.4 MBProgress (3): 1.0/1.1 MB | 0.4/1.9 MB | 0/1.4 MBProgress (3): 1.0/1.1 MB | 0.4/1.9 MB | 0/1.4 MBProgress (3): 1.0/1.1 MB | 0.4/1.9 MB | 0/1.4 MBProgress (3): 1.0/1.1 MB | 0.4/1.9 MB | 0/1.4 MBProgress (3): 1.0/1.1 MB | 0.4/1.9 MB | 0.1/1.4 MBProgress (3): 1.0/1.1 MB | 0.4/1.9 MB | 0.1/1.4 MBProgress (3): 1.0/1.1 MB | 0.4/1.9 MB | 0.1/1.4 MBProgress (3): 1.0/1.1 MB | 0.4/1.9 MB | 0.1/1.4 MBProgress (3): 1.1 MB | 0.4/1.9 MB | 0.1/1.4 MB    Progress (3): 1.1 MB | 0.4/1.9 MB | 0.1/1.4 MBProgress (3): 1.1 MB | 0.4/1.9 MB | 0.1/1.4 MBProgress (3): 1.1 MB | 0.4/1.9 MB | 0.1/1.4 MBProgress (3): 1.1 MB | 0.4/1.9 MB | 0.1/1.4 MBProgress (3): 1.1 MB | 0.4/1.9 MB | 0.1/1.4 MB                                              Downloaded from central: https://repo.maven.apache.org/maven2/org/apache/commons/commons-compress/1.23.0/commons-compress-1.23.0.jar (1.1 MB at 1.0 MB/s)
Downloading from central: https://repo.maven.apache.org/maven2/de/flapdoodle/de.flapdoodle.os/1.5.0/de.flapdoodle.os-1.5.0.jar
Progress (2): 0.4/1.9 MB | 0.2/1.4 MBProgress (2): 0.4/1.9 MB | 0.2/1.4 MBProgress (2): 0.4/1.9 MB | 0.2/1.4 MBProgress (2): 0.4/1.9 MB | 0.2/1.4 MBProgress (2): 0.4/1.9 MB | 0.2/1.4 MBProgress (2): 0.4/1.9 MB | 0.2/1.4 MBProgress (2): 0.4/1.9 MB | 0.2/1.4 MBProgress (2): 0.5/1.9 MB | 0.2/1.4 MBProgress (2): 0.5/1.9 MB | 0.2/1.4 MBProgress (2): 0.5/1.9 MB | 0.2/1.4 MBProgress (2): 0.5/1.9 MB | 0.2/1.4 MBProgress (2): 0.5/1.9 MB | 0.2/1.4 MBProgress (2): 0.5/1.9 MB | 0.2/1.4 MBProgress (2): 0.5/1.9 MB | 0.2/1.4 MBProgress (2): 0.5/1.9 MB | 0.3/1.4 MBProgress (2): 0.5/1.9 MB | 0.3/1.4 MBProgress (2): 0.5/1.9 MB | 0.3/1.4 MBProgress (2): 0.5/1.9 MB | 0.3/1.4 MBProgress (2): 0.5/1.9 MB | 0.3/1.4 MBProgress (2): 0.5/1.9 MB | 0.3/1.4 MBProgress (2): 0.6/1.9 MB | 0.3/1.4 MBProgress (2): 0.6/1.9 MB | 0.3/1.4 MBProgress (2): 0.6/1.9 MB | 0.3/1.4 MBProgress (2): 0.6/1.9 MB | 0.3/1.4 MBProgress (3): 0.6/1.9 MB | 0.3/1.4 MB | 7.7/132 kBProgress (3): 0.6/1.9 MB | 0.3/1.4 MB | 7.7/132 kBProgress (3): 0.6/1.9 MB | 0.3/1.4 MB | 16/132 kB Progress (3): 0.6/1.9 MB | 0.3/1.4 MB | 25/132 kBProgress (3): 0.6/1.9 MB | 0.3/1.4 MB | 25/132 kBProgress (4): 0.6/1.9 MB | 0.3/1.4 MB | 25/132 kB | 7.7/102 kBProgress (4): 0.6/1.9 MB | 0.3/1.4 MB | 41/132 kB | 7.7/102 kBProgress (4): 0.6/1.9 MB | 0.3/1.4 MB | 41/132 kB | 7.7/102 kBProgress (4): 0.6/1.9 MB | 0.3/1.4 MB | 41/132 kB | 16/102 kB Progress (4): 0.6/1.9 MB | 0.3/1.4 MB | 57/132 kB | 16/102 kBProgress (4): 0.7/1.9 MB | 0.3/1.4 MB | 57/132 kB | 16/102 kBProgress (4): 0.7/1.9 MB | 0.3/1.4 MB | 74/132 kB | 16/102 kBProgress (4): 0.7/1.9 MB | 0.3/1.4 MB | 74/132 kB | 32/102 kBProgress (4): 0.7/1.9 MB | 0.3/1.4 MB | 74/132 kB | 32/102 kBProgress (4): 0.7/1.9 MB | 0.3/1.4 MB | 90/132 kB | 32/102 kBProgress (4): 0.7/1.9 MB | 0.3/1.4 MB | 90/132 kB | 49/102 kBProgress (4): 0.7/1.9 MB | 0.3/1.4 MB | 106/132 kB | 49/102 kBProgress (4): 0.7/1.9 MB | 0.3/1.4 MB | 106/132 kB | 49/102 kBProgress (4): 0.7/1.9 MB | 0.3/1.4 MB | 123/132 kB | 49/102 kBProgress (4): 0.7/1.9 MB | 0.3/1.4 MB | 123/132 kB | 65/102 kBProgress (4): 0.7/1.9 MB | 0.3/1.4 MB | 123/132 kB | 65/102 kBProgress (4): 0.7/1.9 MB | 0.3/1.4 MB | 132 kB | 65/102 kB    Progress (4): 0.7/1.9 MB | 0.3/1.4 MB | 132 kB | 65/102 kBProgress (4): 0.7/1.9 MB | 0.3/1.4 MB | 132 kB | 81/102 kBProgress (4): 0.7/1.9 MB | 0.3/1.4 MB | 132 kB | 81/102 kBProgress (4): 0.7/1.9 MB | 0.3/1.4 MB | 132 kB | 98/102 kBProgress (4): 0.8/1.9 MB | 0.3/1.4 MB | 132 kB | 98/102 kB                                                          Downloaded from central: https://repo.maven.apache.org/maven2/de/flapdoodle/embed/de.flapdoodle.embed.mongo.packageresolver/4.9.1/de.flapdoodle.embed.mongo.packageresolver-4.9.1.jar (132 kB at 129 kB/s)
Progress (3): 0.8/1.9 MB | 0.3/1.4 MB | 102 kBProgress (3): 0.8/1.9 MB | 0.3/1.4 MB | 102 kBProgress (3): 0.8/1.9 MB | 0.3/1.4 MB | 102 kBProgress (3): 0.8/1.9 MB | 0.3/1.4 MB | 102 kBProgress (3): 0.8/1.9 MB | 0.4/1.4 MB | 102 kBProgress (3): 0.8/1.9 MB | 0.4/1.4 MB | 102 kBProgress (3): 0.8/1.9 MB | 0.4/1.4 MB | 102 kBProgress (3): 0.8/1.9 MB | 0.4/1.4 MB | 102 kBProgress (3): 0.8/1.9 MB | 0.4/1.4 MB | 102 kBProgress (3): 0.8/1.9 MB | 0.4/1.4 MB | 102 kBProgress (3): 0.8/1.9 MB | 0.4/1.4 MB | 102 kBProgress (3): 0.8/1.9 MB | 0.4/1.4 MB | 102 kBProgress (3): 0.9/1.9 MB | 0.4/1.4 MB | 102 kBProgress (3): 0.9/1.9 MB | 0.4/1.4 MB | 102 kBProgress (3): 0.9/1.9 MB | 0.4/1.4 MB | 102 kBProgress (3): 0.9/1.9 MB | 0.5/1.4 MB | 102 kBProgress (3): 0.9/1.9 MB | 0.5/1.4 MB | 102 kBProgress (3): 0.9/1.9 MB | 0.5/1.4 MB | 102 kBProgress (3): 0.9/1.9 MB | 0.5/1.4 MB | 102 kBProgress (3): 0.9/1.9 MB | 0.5/1.4 MB | 102 kBProgress (3): 0.9/1.9 MB | 0.5/1.4 MB | 102 kBProgress (3): 0.9/1.9 MB | 0.5/1.4 MB | 102 kBProgress (3): 0.9/1.9 MB | 0.5/1.4 MB | 102 kBProgress (3): 0.9/1.9 MB | 0.5/1.4 MB | 102 kBProgress (3): 0.9/1.9 MB | 0.5/1.4 MB | 102 kBProgress (3): 0.9/1.9 MB | 0.5/1.4 MB | 102 kBProgress (3): 1.0/1.9 MB | 0.5/1.4 MB | 102 kBProgress (3): 1.0/1.9 MB | 0.6/1.4 MB | 102 kBProgress (3): 1.0/1.9 MB | 0.6/1.4 MB | 102 kBProgress (3): 1.0/1.9 MB | 0.6/1.4 MB | 102 kBProgress (3): 1.0/1.9 MB | 0.6/1.4 MB | 102 kBProgress (3): 1.0/1.9 MB | 0.6/1.4 MB | 102 kBProgress (3): 1.0/1.9 MB | 0.6/1.4 MB | 102 kB                                              Downloading from central: https://repo.maven.apache.org/maven2/de/flapdoodle/embed/de.flapdoodle.embed.mongo.spring30x/4.9.2/de.flapdoodle.embed.mongo.spring30x-4.9.2.jar
Progress (3): 1.0/1.9 MB | 0.6/1.4 MB | 102 kBProgress (3): 1.0/1.9 MB | 0.6/1.4 MB | 102 kBProgress (3): 1.0/1.9 MB | 0.6/1.4 MB | 102 kBProgress (3): 1.1/1.9 MB | 0.6/1.4 MB | 102 kBProgress (3): 1.1/1.9 MB | 0.6/1.4 MB | 102 kBProgress (3): 1.1/1.9 MB | 0.6/1.4 MB | 102 kBProgress (3): 1.1/1.9 MB | 0.6/1.4 MB | 102 kBProgress (3): 1.1/1.9 MB | 0.6/1.4 MB | 102 kBProgress (3): 1.1/1.9 MB | 0.7/1.4 MB | 102 kBProgress (3): 1.1/1.9 MB | 0.7/1.4 MB | 102 kBProgress (3): 1.1/1.9 MB | 0.7/1.4 MB | 102 kBProgress (3): 1.1/1.9 MB | 0.7/1.4 MB | 102 kBProgress (3): 1.1/1.9 MB | 0.7/1.4 MB | 102 kBProgress (3): 1.1/1.9 MB | 0.7/1.4 MB | 102 kBProgress (3): 1.1/1.9 MB | 0.7/1.4 MB | 102 kBProgress (3): 1.1/1.9 MB | 0.7/1.4 MB | 102 kBProgress (3): 1.1/1.9 MB | 0.7/1.4 MB | 102 kBProgress (3): 1.2/1.9 MB | 0.7/1.4 MB | 102 kBProgress (3): 1.2/1.9 MB | 0.7/1.4 MB | 102 kBProgress (3): 1.2/1.9 MB | 0.7/1.4 MB | 102 kBProgress (3): 1.2/1.9 MB | 0.7/1.4 MB | 102 kBProgress (3): 1.2/1.9 MB | 0.7/1.4 MB | 102 kBProgress (3): 1.2/1.9 MB | 0.8/1.4 MB | 102 kBProgress (3): 1.2/1.9 MB | 0.8/1.4 MB | 102 kBProgress (3): 1.2/1.9 MB | 0.8/1.4 MB | 102 kBProgress (3): 1.2/1.9 MB | 0.8/1.4 MB | 102 kBProgress (3): 1.2/1.9 MB | 0.8/1.4 MB | 102 kBProgress (3): 1.2/1.9 MB | 0.8/1.4 MB | 102 kBProgress (3): 1.2/1.9 MB | 0.8/1.4 MB | 102 kBProgress (3): 1.2/1.9 MB | 0.8/1.4 MB | 102 kBProgress (3): 1.3/1.9 MB | 0.8/1.4 MB | 102 kBProgress (3): 1.3/1.9 MB | 0.8/1.4 MB | 102 kBProgress (3): 1.3/1.9 MB | 0.8/1.4 MB | 102 kBProgress (3): 1.3/1.9 MB | 0.9/1.4 MB | 102 kBProgress (3): 1.3/1.9 MB | 0.9/1.4 MB | 102 kBProgress (3): 1.3/1.9 MB | 0.9/1.4 MB | 102 kBProgress (3): 1.3/1.9 MB | 0.9/1.4 MB | 102 kBProgress (3): 1.3/1.9 MB | 0.9/1.4 MB | 102 kBProgress (3): 1.3/1.9 MB | 0.9/1.4 MB | 102 kBProgress (3): 1.3/1.9 MB | 0.9/1.4 MB | 102 kBProgress (3): 1.3/1.9 MB | 0.9/1.4 MB | 102 kBProgress (3): 1.3/1.9 MB | 0.9/1.4 MB | 102 kBProgress (3): 1.3/1.9 MB | 0.9/1.4 MB | 102 kBProgress (3): 1.4/1.9 MB | 0.9/1.4 MB | 102 kBProgress (3): 1.4/1.9 MB | 0.9/1.4 MB | 102 kBProgress (3): 1.4/1.9 MB | 0.9/1.4 MB | 102 kBProgress (3): 1.4/1.9 MB | 1.0/1.4 MB | 102 kBProgress (3): 1.4/1.9 MB | 1.0/1.4 MB | 102 kBProgress (3): 1.4/1.9 MB | 1.0/1.4 MB | 102 kBProgress (3): 1.4/1.9 MB | 1.0/1.4 MB | 102 kBProgress (3): 1.4/1.9 MB | 1.0/1.4 MB | 102 kBProgress (3): 1.4/1.9 MB | 1.0/1.4 MB | 102 kBProgress (3): 1.4/1.9 MB | 1.0/1.4 MB | 102 kBProgress (3): 1.4/1.9 MB | 1.0/1.4 MB | 102 kBProgress (3): 1.5/1.9 MB | 1.0/1.4 MB | 102 kB                                              Downloaded from central: https://repo.maven.apache.org/maven2/de/flapdoodle/de.flapdoodle.os-api/1.4.1/de.flapdoodle.os-api-1.4.1.jar (102 kB at 99 kB/s)
Progress (2): 1.5/1.9 MB | 1.0/1.4 MB                                     Downloading from central: https://repo.maven.apache.org/maven2/org/springframework/boot/spring-boot-properties-migrator/3.5.10/spring-boot-properties-migrator-3.5.10.jar
Progress (2): 1.5/1.9 MB | 1.0/1.4 MBProgress (2): 1.5/1.9 MB | 1.0/1.4 MBProgress (2): 1.5/1.9 MB | 1.0/1.4 MBProgress (2): 1.5/1.9 MB | 1.1/1.4 MBProgress (2): 1.5/1.9 MB | 1.1/1.4 MBProgress (2): 1.5/1.9 MB | 1.1/1.4 MBProgress (2): 1.5/1.9 MB | 1.1/1.4 MBProgress (2): 1.5/1.9 MB | 1.1/1.4 MBProgress (2): 1.5/1.9 MB | 1.1/1.4 MBProgress (2): 1.5/1.9 MB | 1.1/1.4 MBProgress (2): 1.6/1.9 MB | 1.1/1.4 MBProgress (2): 1.6/1.9 MB | 1.1/1.4 MBProgress (2): 1.6/1.9 MB | 1.1/1.4 MBProgress (2): 1.6/1.9 MB | 1.1/1.4 MBProgress (2): 1.6/1.9 MB | 1.1/1.4 MBProgress (2): 1.6/1.9 MB | 1.1/1.4 MBProgress (2): 1.6/1.9 MB | 1.2/1.4 MBProgress (2): 1.6/1.9 MB | 1.2/1.4 MBProgress (2): 1.6/1.9 MB | 1.2/1.4 MBProgress (2): 1.6/1.9 MB | 1.2/1.4 MBProgress (2): 1.6/1.9 MB | 1.2/1.4 MBProgress (2): 1.6/1.9 MB | 1.2/1.4 MBProgress (2): 1.7/1.9 MB | 1.2/1.4 MBProgress (2): 1.7/1.9 MB | 1.2/1.4 MBProgress (2): 1.7/1.9 MB | 1.2/1.4 MBProgress (2): 1.7/1.9 MB | 1.2/1.4 MBProgress (2): 1.7/1.9 MB | 1.2/1.4 MBProgress (2): 1.7/1.9 MB | 1.2/1.4 MBProgress (2): 1.7/1.9 MB | 1.2/1.4 MBProgress (2): 1.7/1.9 MB | 1.3/1.4 MBProgress (2): 1.7/1.9 MB | 1.3/1.4 MBProgress (2): 1.7/1.9 MB | 1.3/1.4 MBProgress (2): 1.8/1.9 MB | 1.3/1.4 MBProgress (2): 1.8/1.9 MB | 1.3/1.4 MBProgress (2): 1.8/1.9 MB | 1.3/1.4 MBProgress (2): 1.8/1.9 MB | 1.3/1.4 MBProgress (2): 1.8/1.9 MB | 1.3/1.4 MBProgress (2): 1.8/1.9 MB | 1.3/1.4 MBProgress (2): 1.8/1.9 MB | 1.3/1.4 MBProgress (2): 1.8/1.9 MB | 1.3/1.4 MBProgress (2): 1.8/1.9 MB | 1.3/1.4 MBProgress (2): 1.8/1.9 MB | 1.3/1.4 MBProgress (2): 1.9/1.9 MB | 1.3/1.4 MBProgress (2): 1.9/1.9 MB | 1.3/1.4 MBProgress (2): 1.9/1.9 MB | 1.4/1.4 MBProgress (2): 1.9 MB | 1.4/1.4 MB    Progress (2): 1.9 MB | 1.4 MB                                 Downloaded from central: https://repo.maven.apache.org/maven2/net/java/dev/jna/jna/5.13.0/jna-5.13.0.jar (1.9 MB at 1.8 MB/s)
Downloading from central: https://repo.maven.apache.org/maven2/org/springframework/boot/spring-boot-configuration-metadata/3.5.10/spring-boot-configuration-metadata-3.5.10.jar
Downloaded from central: https://repo.maven.apache.org/maven2/net/java/dev/jna/jna-platform/5.13.0/jna-platform-5.13.0.jar (1.4 MB at 1.3 MB/s)
Downloading from central: https://repo.maven.apache.org/maven2/org/springframework/boot/spring-boot-starter-security/3.5.10/spring-boot-starter-security-3.5.10.jar
Progress (1): 7.7/26 kBProgress (1): 16/26 kB Progress (1): 26 kB                      Downloaded from central: https://repo.maven.apache.org/maven2/de/flapdoodle/de.flapdoodle.os/1.5.0/de.flapdoodle.os-1.5.0.jar (26 kB at 24 kB/s)
Downloading from central: https://repo.maven.apache.org/maven2/org/springframework/spring-aop/6.2.15/spring-aop-6.2.15.jar
Progress (1): 7.7/51 kBProgress (1): 12/51 kB Progress (1): 29/51 kBProgress (1): 45/51 kBProgress (1): 51 kB                      Downloaded from central: https://repo.maven.apache.org/maven2/de/flapdoodle/embed/de.flapdoodle.embed.mongo.spring30x/4.9.2/de.flapdoodle.embed.mongo.spring30x-4.9.2.jar (51 kB at 48 kB/s)
Downloading from central: https://repo.maven.apache.org/maven2/org/springframework/security/spring-security-config/6.5.7/spring-security-config-6.5.7.jar
Progress (1): 7.5/19 kBProgress (1): 19 kB                       Downloaded from central: https://repo.maven.apache.org/maven2/org/springframework/boot/spring-boot-properties-migrator/3.5.10/spring-boot-properties-migrator-3.5.10.jar (19 kB at 18 kB/s)
Downloading from central: https://repo.maven.apache.org/maven2/org/springframework/security/spring-security-web/6.5.7/spring-security-web-6.5.7.jar
Progress (1): 2.0 kB                    Downloaded from central: https://repo.maven.apache.org/maven2/org/springframework/boot/spring-boot-starter-security/3.5.10/spring-boot-starter-security-3.5.10.jar (2.0 kB at 1.9 kB/s)
Downloading from central: https://repo.maven.apache.org/maven2/org/springframework/boot/spring-boot-starter-aop/3.5.10/spring-boot-starter-aop-3.5.10.jar
Progress (1): 7.7/26 kBProgress (1): 16/26 kB Progress (1): 26 kB                      Downloaded from central: https://repo.maven.apache.org/maven2/org/springframework/boot/spring-boot-configuration-metadata/3.5.10/spring-boot-configuration-metadata-3.5.10.jar (26 kB at 24 kB/s)
Downloading from central: https://repo.maven.apache.org/maven2/org/aspectj/aspectjweaver/1.9.25.1/aspectjweaver-1.9.25.1.jar
Progress (1): 7.7/420 kBProgress (1): 12/420 kB Progress (1): 29/420 kBProgress (1): 45/420 kBProgress (1): 61/420 kBProgress (1): 78/420 kBProgress (1): 94/420 kBProgress (1): 111/420 kBProgress (1): 127/420 kBProgress (1): 143/420 kBProgress (1): 160/420 kBProgress (1): 176/420 kBProgress (1): 193/420 kBProgress (1): 209/420 kBProgress (2): 209/420 kB | 0/2.1 MBProgress (2): 209/420 kB | 0/2.1 MBProgress (2): 209/420 kB | 0/2.1 MBProgress (2): 225/420 kB | 0/2.1 MBProgress (2): 225/420 kB | 0/2.1 MBProgress (2): 242/420 kB | 0/2.1 MBProgress (2): 242/420 kB | 0.1/2.1 MBProgress (2): 242/420 kB | 0.1/2.1 MBProgress (2): 258/420 kB | 0.1/2.1 MBProgress (2): 274/420 kB | 0.1/2.1 MBProgress (2): 291/420 kB | 0.1/2.1 MBProgress (2): 307/420 kB | 0.1/2.1 MBProgress (2): 307/420 kB | 0.1/2.1 MBProgress (2): 324/420 kB | 0.1/2.1 MBProgress (2): 324/420 kB | 0.1/2.1 MBProgress (2): 335/420 kB | 0.1/2.1 MBProgress (2): 335/420 kB | 0.1/2.1 MBProgress (2): 335/420 kB | 0.1/2.1 MBProgress (2): 352/420 kB | 0.1/2.1 MBProgress (2): 352/420 kB | 0.2/2.1 MBProgress (2): 368/420 kB | 0.2/2.1 MBProgress (2): 368/420 kB | 0.2/2.1 MBProgress (2): 368/420 kB | 0.2/2.1 MBProgress (2): 384/420 kB | 0.2/2.1 MBProgress (2): 401/420 kB | 0.2/2.1 MBProgress (2): 401/420 kB | 0.2/2.1 MBProgress (2): 401/420 kB | 0.2/2.1 MBProgress (2): 401/420 kB | 0.2/2.1 MBProgress (2): 417/420 kB | 0.2/2.1 MBProgress (2): 420 kB | 0.2/2.1 MB    Progress (2): 420 kB | 0.2/2.1 MBProgress (2): 420 kB | 0.3/2.1 MBProgress (2): 420 kB | 0.3/2.1 MBProgress (2): 420 kB | 0.3/2.1 MB                                 Downloaded from central: https://repo.maven.apache.org/maven2/org/springframework/spring-aop/6.2.15/spring-aop-6.2.15.jar (420 kB at 384 kB/s)
Progress (1): 0.3/2.1 MBProgress (1): 0.3/2.1 MBProgress (2): 0.3/2.1 MB | 0/1.1 MBProgress (2): 0.3/2.1 MB | 0/1.1 MBProgress (2): 0.3/2.1 MB | 0/1.1 MBProgress (2): 0.4/2.1 MB | 0/1.1 MBProgress (2): 0.4/2.1 MB | 0/1.1 MBProgress (2): 0.4/2.1 MB | 0/1.1 MBProgress (2): 0.4/2.1 MB | 0/1.1 MBProgress (2): 0.4/2.1 MB | 0/1.1 MBProgress (2): 0.4/2.1 MB | 0/1.1 MBProgress (2): 0.4/2.1 MB | 0/1.1 MB                                   Downloading from central: https://repo.maven.apache.org/maven2/com/h2database/h2/2.3.232/h2-2.3.232.jar
Progress (2): 0.4/2.1 MB | 0/1.1 MBProgress (2): 0.4/2.1 MB | 0/1.1 MBProgress (2): 0.4/2.1 MB | 0.1/1.1 MBProgress (2): 0.4/2.1 MB | 0.1/1.1 MBProgress (2): 0.5/2.1 MB | 0.1/1.1 MBProgress (2): 0.5/2.1 MB | 0.1/1.1 MBProgress (2): 0.5/2.1 MB | 0.1/1.1 MBProgress (2): 0.5/2.1 MB | 0.1/1.1 MBProgress (2): 0.5/2.1 MB | 0.1/1.1 MBProgress (3): 0.5/2.1 MB | 0.1/1.1 MB | 2.0 kBProgress (3): 0.5/2.1 MB | 0.1/1.1 MB | 2.0 kBProgress (3): 0.5/2.1 MB | 0.1/1.1 MB | 2.0 kB                                              Downloaded from central: https://repo.maven.apache.org/maven2/org/springframework/boot/spring-boot-starter-aop/3.5.10/spring-boot-starter-aop-3.5.10.jar (2.0 kB at 1.8 kB/s)
Progress (2): 0.5/2.1 MB | 0.1/1.1 MB                                     Downloading from central: https://repo.maven.apache.org/maven2/com/mysql/mysql-connector-j/9.5.0/mysql-connector-j-9.5.0.jar
Progress (2): 0.5/2.1 MB | 0.2/1.1 MBProgress (2): 0.5/2.1 MB | 0.2/1.1 MBProgress (2): 0.5/2.1 MB | 0.2/1.1 MBProgress (2): 0.6/2.1 MB | 0.2/1.1 MBProgress (3): 0.6/2.1 MB | 0.2/1.1 MB | 0/2.2 MBProgress (3): 0.6/2.1 MB | 0.2/1.1 MB | 0/2.2 MBProgress (3): 0.6/2.1 MB | 0.2/1.1 MB | 0/2.2 MBProgress (3): 0.6/2.1 MB | 0.2/1.1 MB | 0/2.2 MBProgress (3): 0.6/2.1 MB | 0.2/1.1 MB | 0/2.2 MBProgress (3): 0.6/2.1 MB | 0.2/1.1 MB | 0/2.2 MBProgress (3): 0.6/2.1 MB | 0.2/1.1 MB | 0/2.2 MBProgress (3): 0.6/2.1 MB | 0.2/1.1 MB | 0/2.2 MBProgress (3): 0.6/2.1 MB | 0.2/1.1 MB | 0/2.2 MBProgress (3): 0.6/2.1 MB | 0.2/1.1 MB | 0.1/2.2 MBProgress (3): 0.7/2.1 MB | 0.2/1.1 MB | 0.1/2.2 MBProgress (3): 0.7/2.1 MB | 0.2/1.1 MB | 0.1/2.2 MBProgress (3): 0.7/2.1 MB | 0.2/1.1 MB | 0.1/2.2 MBProgress (3): 0.7/2.1 MB | 0.2/1.1 MB | 0.1/2.2 MBProgress (3): 0.7/2.1 MB | 0.2/1.1 MB | 0.1/2.2 MBProgress (3): 0.7/2.1 MB | 0.2/1.1 MB | 0.1/2.2 MBProgress (3): 0.7/2.1 MB | 0.2/1.1 MB | 0.1/2.2 MBProgress (3): 0.7/2.1 MB | 0.2/1.1 MB | 0.1/2.2 MBProgress (3): 0.7/2.1 MB | 0.2/1.1 MB | 0.1/2.2 MBProgress (3): 0.8/2.1 MB | 0.2/1.1 MB | 0.1/2.2 MBProgress (3): 0.8/2.1 MB | 0.2/1.1 MB | 0.1/2.2 MBProgress (3): 0.8/2.1 MB | 0.2/1.1 MB | 0.1/2.2 MBProgress (3): 0.8/2.1 MB | 0.2/1.1 MB | 0.1/2.2 MBProgress (3): 0.8/2.1 MB | 0.2/1.1 MB | 0.1/2.2 MBProgress (3): 0.8/2.1 MB | 0.2/1.1 MB | 0.1/2.2 MBProgress (3): 0.8/2.1 MB | 0.2/1.1 MB | 0.1/2.2 MBProgress (3): 0.8/2.1 MB | 0.2/1.1 MB | 0.1/2.2 MBProgress (3): 0.8/2.1 MB | 0.3/1.1 MB | 0.1/2.2 MBProgress (3): 0.8/2.1 MB | 0.3/1.1 MB | 0.1/2.2 MBProgress (3): 0.9/2.1 MB | 0.3/1.1 MB | 0.1/2.2 MBProgress (3): 0.9/2.1 MB | 0.3/1.1 MB | 0.1/2.2 MBProgress (3): 0.9/2.1 MB | 0.3/1.1 MB | 0.1/2.2 MBProgress (3): 0.9/2.1 MB | 0.3/1.1 MB | 0.1/2.2 MBProgress (3): 0.9/2.1 MB | 0.3/1.1 MB | 0.1/2.2 MBProgress (3): 0.9/2.1 MB | 0.3/1.1 MB | 0.1/2.2 MBProgress (3): 0.9/2.1 MB | 0.3/1.1 MB | 0.1/2.2 MBProgress (3): 0.9/2.1 MB | 0.3/1.1 MB | 0.1/2.2 MBProgress (3): 0.9/2.1 MB | 0.3/1.1 MB | 0.1/2.2 MBProgress (3): 1.0/2.1 MB | 0.3/1.1 MB | 0.1/2.2 MBProgress (3): 1.0/2.1 MB | 0.3/1.1 MB | 0.1/2.2 MBProgress (3): 1.0/2.1 MB | 0.3/1.1 MB | 0.1/2.2 MBProgress (3): 1.0/2.1 MB | 0.3/1.1 MB | 0.1/2.2 MBProgress (3): 1.0/2.1 MB | 0.3/1.1 MB | 0.1/2.2 MBProgress (3): 1.0/2.1 MB | 0.3/1.1 MB | 0.1/2.2 MBProgress (3): 1.0/2.1 MB | 0.3/1.1 MB | 0.1/2.2 MBProgress (3): 1.0/2.1 MB | 0.3/1.1 MB | 0.2/2.2 MBProgress (3): 1.0/2.1 MB | 0.3/1.1 MB | 0.2/2.2 MBProgress (3): 1.0/2.1 MB | 0.3/1.1 MB | 0.2/2.2 MBProgress (3): 1.0/2.1 MB | 0.3/1.1 MB | 0.2/2.2 MBProgress (3): 1.1/2.1 MB | 0.3/1.1 MB | 0.2/2.2 MBProgress (3): 1.1/2.1 MB | 0.3/1.1 MB | 0.2/2.2 MBProgress (3): 1.1/2.1 MB | 0.3/1.1 MB | 0.2/2.2 MBProgress (3): 1.1/2.1 MB | 0.3/1.1 MB | 0.2/2.2 MBProgress (3): 1.1/2.1 MB | 0.3/1.1 MB | 0.2/2.2 MBProgress (3): 1.1/2.1 MB | 0.3/1.1 MB | 0.2/2.2 MBProgress (3): 1.1/2.1 MB | 0.3/1.1 MB | 0.2/2.2 MBProgress (3): 1.1/2.1 MB | 0.3/1.1 MB | 0.2/2.2 MBProgress (3): 1.1/2.1 MB | 0.3/1.1 MB | 0.2/2.2 MBProgress (3): 1.2/2.1 MB | 0.3/1.1 MB | 0.2/2.2 MBProgress (3): 1.2/2.1 MB | 0.3/1.1 MB | 0.2/2.2 MBProgress (3): 1.2/2.1 MB | 0.3/1.1 MB | 0.2/2.2 MBProgress (3): 1.2/2.1 MB | 0.3/1.1 MB | 0.2/2.2 MBProgress (3): 1.2/2.1 MB | 0.3/1.1 MB | 0.2/2.2 MBProgress (3): 1.2/2.1 MB | 0.3/1.1 MB | 0.2/2.2 MBProgress (3): 1.2/2.1 MB | 0.3/1.1 MB | 0.2/2.2 MBProgress (3): 1.2/2.1 MB | 0.3/1.1 MB | 0.2/2.2 MBProgress (3): 1.2/2.1 MB | 0.3/1.1 MB | 0.2/2.2 MBProgress (3): 1.2/2.1 MB | 0.4/1.1 MB | 0.2/2.2 MBProgress (3): 1.3/2.1 MB | 0.4/1.1 MB | 0.2/2.2 MBProgress (3): 1.3/2.1 MB | 0.4/1.1 MB | 0.2/2.2 MBProgress (3): 1.3/2.1 MB | 0.4/1.1 MB | 0.2/2.2 MBProgress (3): 1.3/2.1 MB | 0.4/1.1 MB | 0.2/2.2 MBProgress (3): 1.3/2.1 MB | 0.4/1.1 MB | 0.2/2.2 MBProgress (3): 1.3/2.1 MB | 0.4/1.1 MB | 0.2/2.2 MBProgress (3): 1.3/2.1 MB | 0.4/1.1 MB | 0.2/2.2 MBProgress (3): 1.3/2.1 MB | 0.4/1.1 MB | 0.2/2.2 MBProgress (3): 1.3/2.1 MB | 0.4/1.1 MB | 0.2/2.2 MBProgress (3): 1.3/2.1 MB | 0.4/1.1 MB | 0.2/2.2 MBProgress (3): 1.4/2.1 MB | 0.4/1.1 MB | 0.2/2.2 MBProgress (3): 1.4/2.1 MB | 0.4/1.1 MB | 0.2/2.2 MBProgress (3): 1.4/2.1 MB | 0.4/1.1 MB | 0.2/2.2 MBProgress (3): 1.4/2.1 MB | 0.4/1.1 MB | 0.2/2.2 MBProgress (3): 1.4/2.1 MB | 0.4/1.1 MB | 0.2/2.2 MBProgress (3): 1.4/2.1 MB | 0.4/1.1 MB | 0.3/2.2 MBProgress (3): 1.4/2.1 MB | 0.4/1.1 MB | 0.3/2.2 MBProgress (3): 1.4/2.1 MB | 0.4/1.1 MB | 0.3/2.2 MBProgress (3): 1.4/2.1 MB | 0.4/1.1 MB | 0.3/2.2 MBProgress (3): 1.5/2.1 MB | 0.4/1.1 MB | 0.3/2.2 MBProgress (3): 1.5/2.1 MB | 0.4/1.1 MB | 0.3/2.2 MBProgress (3): 1.5/2.1 MB | 0.4/1.1 MB | 0.3/2.2 MBProgress (3): 1.5/2.1 MB | 0.4/1.1 MB | 0.3/2.2 MBProgress (3): 1.5/2.1 MB | 0.4/1.1 MB | 0.3/2.2 MBProgress (3): 1.5/2.1 MB | 0.4/1.1 MB | 0.3/2.2 MBProgress (3): 1.5/2.1 MB | 0.4/1.1 MB | 0.3/2.2 MBProgress (3): 1.5/2.1 MB | 0.4/1.1 MB | 0.3/2.2 MBProgress (3): 1.6/2.1 MB | 0.4/1.1 MB | 0.3/2.2 MBProgress (3): 1.6/2.1 MB | 0.4/1.1 MB | 0.3/2.2 MBProgress (3): 1.6/2.1 MB | 0.4/1.1 MB | 0.3/2.2 MBProgress (3): 1.6/2.1 MB | 0.4/1.1 MB | 0.3/2.2 MBProgress (3): 1.6/2.1 MB | 0.4/1.1 MB | 0.3/2.2 MBProgress (3): 1.6/2.1 MB | 0.4/1.1 MB | 0.3/2.2 MBProgress (3): 1.6/2.1 MB | 0.4/1.1 MB | 0.3/2.2 MBProgress (3): 1.6/2.1 MB | 0.4/1.1 MB | 0.3/2.2 MBProgress (3): 1.7/2.1 MB | 0.4/1.1 MB | 0.3/2.2 MBProgress (3): 1.7/2.1 MB | 0.4/1.1 MB | 0.3/2.2 MBProgress (3): 1.7/2.1 MB | 0.4/1.1 MB | 0.3/2.2 MBProgress (3): 1.7/2.1 MB | 0.4/1.1 MB | 0.3/2.2 MBProgress (3): 1.7/2.1 MB | 0.4/1.1 MB | 0.3/2.2 MBProgress (3): 1.7/2.1 MB | 0.5/1.1 MB | 0.3/2.2 MBProgress (3): 1.7/2.1 MB | 0.5/1.1 MB | 0.3/2.2 MBProgress (3): 1.7/2.1 MB | 0.5/1.1 MB | 0.3/2.2 MBProgress (3): 1.8/2.1 MB | 0.5/1.1 MB | 0.3/2.2 MBProgress (3): 1.8/2.1 MB | 0.5/1.1 MB | 0.3/2.2 MBProgress (3): 1.8/2.1 MB | 0.5/1.1 MB | 0.3/2.2 MBProgress (3): 1.8/2.1 MB | 0.5/1.1 MB | 0.3/2.2 MBProgress (3): 1.8/2.1 MB | 0.5/1.1 MB | 0.3/2.2 MBProgress (3): 1.8/2.1 MB | 0.5/1.1 MB | 0.3/2.2 MBProgress (3): 1.8/2.1 MB | 0.5/1.1 MB | 0.3/2.2 MBProgress (3): 1.9/2.1 MB | 0.5/1.1 MB | 0.3/2.2 MBProgress (3): 1.9/2.1 MB | 0.5/1.1 MB | 0.3/2.2 MBProgress (3): 1.9/2.1 MB | 0.5/1.1 MB | 0.3/2.2 MBProgress (3): 1.9/2.1 MB | 0.5/1.1 MB | 0.3/2.2 MBProgress (3): 1.9/2.1 MB | 0.5/1.1 MB | 0.3/2.2 MBProgress (4): 1.9/2.1 MB | 0.5/1.1 MB | 0.3/2.2 MB | 0/2.7 MBProgress (4): 1.9/2.1 MB | 0.5/1.1 MB | 0.3/2.2 MB | 0/2.7 MBProgress (4): 1.9/2.1 MB | 0.5/1.1 MB | 0.3/2.2 MB | 0/2.7 MBProgress (4): 1.9/2.1 MB | 0.5/1.1 MB | 0.3/2.2 MB | 0/2.7 MBProgress (4): 2.0/2.1 MB | 0.5/1.1 MB | 0.3/2.2 MB | 0/2.7 MBProgress (4): 2.0/2.1 MB | 0.5/1.1 MB | 0.3/2.2 MB | 0/2.7 MBProgress (4): 2.0/2.1 MB | 0.5/1.1 MB | 0.3/2.2 MB | 0/2.7 MBProgress (4): 2.0/2.1 MB | 0.5/1.1 MB | 0.3/2.2 MB | 0/2.7 MBProgress (4): 2.0/2.1 MB | 0.5/1.1 MB | 0.3/2.2 MB | 0/2.7 MBProgress (4): 2.0/2.1 MB | 0.5/1.1 MB | 0.3/2.2 MB | 0/2.7 MBProgress (4): 2.0/2.1 MB | 0.5/1.1 MB | 0.3/2.2 MB | 0/2.7 MBProgress (5): 2.0/2.1 MB | 0.5/1.1 MB | 0.3/2.2 MB | 0/2.7 MB | 0/2.6 MBProgress (5): 2.0/2.1 MB | 0.5/1.1 MB | 0.3/2.2 MB | 0/2.7 MB | 0/2.6 MBProgress (5): 2.0/2.1 MB | 0.5/1.1 MB | 0.3/2.2 MB | 0/2.7 MB | 0/2.6 MBProgress (5): 2.0/2.1 MB | 0.5/1.1 MB | 0.3/2.2 MB | 0/2.7 MB | 0/2.6 MBProgress (5): 2.0/2.1 MB | 0.5/1.1 MB | 0.4/2.2 MB | 0/2.7 MB | 0/2.6 MBProgress (5): 2.0/2.1 MB | 0.5/1.1 MB | 0.4/2.2 MB | 0/2.7 MB | 0.1/2.6 MBProgress (5): 2.0/2.1 MB | 0.5/1.1 MB | 0.4/2.2 MB | 0/2.7 MB | 0.1/2.6 MBProgress (5): 2.0/2.1 MB | 0.5/1.1 MB | 0.4/2.2 MB | 0/2.7 MB | 0.1/2.6 MBProgress (5): 2.0/2.1 MB | 0.5/1.1 MB | 0.4/2.2 MB | 0/2.7 MB | 0.1/2.6 MBProgress (5): 2.0/2.1 MB | 0.5/1.1 MB | 0.4/2.2 MB | 0/2.7 MB | 0.1/2.6 MBProgress (5): 2.0/2.1 MB | 0.5/1.1 MB | 0.4/2.2 MB | 0/2.7 MB | 0.1/2.6 MBProgress (5): 2.0/2.1 MB | 0.5/1.1 MB | 0.4/2.2 MB | 0/2.7 MB | 0.1/2.6 MBProgress (5): 2.0/2.1 MB | 0.5/1.1 MB | 0.4/2.2 MB | 0/2.7 MB | 0.1/2.6 MBProgress (5): 2.0/2.1 MB | 0.5/1.1 MB | 0.4/2.2 MB | 0/2.7 MB | 0.1/2.6 MBProgress (5): 2.0/2.1 MB | 0.5/1.1 MB | 0.4/2.2 MB | 0/2.7 MB | 0.1/2.6 MBProgress (5): 2.1/2.1 MB | 0.5/1.1 MB | 0.4/2.2 MB | 0/2.7 MB | 0.1/2.6 MBProgress (5): 2.1/2.1 MB | 0.5/1.1 MB | 0.4/2.2 MB | 0/2.7 MB | 0.1/2.6 MBProgress (5): 2.1/2.1 MB | 0.5/1.1 MB | 0.4/2.2 MB | 0/2.7 MB | 0.1/2.6 MBProgress (5): 2.1/2.1 MB | 0.5/1.1 MB | 0.4/2.2 MB | 0.1/2.7 MB | 0.1/2.6 MBProgress (5): 2.1/2.1 MB | 0.5/1.1 MB | 0.4/2.2 MB | 0.1/2.7 MB | 0.1/2.6 MBProgress (5): 2.1/2.1 MB | 0.5/1.1 MB | 0.4/2.2 MB | 0.1/2.7 MB | 0.1/2.6 MBProgress (5): 2.1/2.1 MB | 0.5/1.1 MB | 0.4/2.2 MB | 0.1/2.7 MB | 0.1/2.6 MBProgress (5): 2.1 MB | 0.5/1.1 MB | 0.4/2.2 MB | 0.1/2.7 MB | 0.1/2.6 MB    Progress (5): 2.1 MB | 0.5/1.1 MB | 0.4/2.2 MB | 0.1/2.7 MB | 0.1/2.6 MBProgress (5): 2.1 MB | 0.5/1.1 MB | 0.4/2.2 MB | 0.1/2.7 MB | 0.1/2.6 MBProgress (5): 2.1 MB | 0.5/1.1 MB | 0.4/2.2 MB | 0.1/2.7 MB | 0.1/2.6 MBProgress (5): 2.1 MB | 0.6/1.1 MB | 0.4/2.2 MB | 0.1/2.7 MB | 0.1/2.6 MBProgress (5): 2.1 MB | 0.6/1.1 MB | 0.4/2.2 MB | 0.1/2.7 MB | 0.1/2.6 MBProgress (5): 2.1 MB | 0.6/1.1 MB | 0.4/2.2 MB | 0.1/2.7 MB | 0.1/2.6 MB                                                                        Downloaded from central: https://repo.maven.apache.org/maven2/org/springframework/security/spring-security-config/6.5.7/spring-security-config-6.5.7.jar (2.1 MB at 1.9 MB/s)
Progress (4): 0.6/1.1 MB | 0.4/2.2 MB | 0.1/2.7 MB | 0.1/2.6 MBProgress (4): 0.6/1.1 MB | 0.4/2.2 MB | 0.1/2.7 MB | 0.1/2.6 MBProgress (4): 0.6/1.1 MB | 0.4/2.2 MB | 0.1/2.7 MB | 0.1/2.6 MBProgress (4): 0.6/1.1 MB | 0.4/2.2 MB | 0.1/2.7 MB | 0.1/2.6 MBProgress (4): 0.6/1.1 MB | 0.4/2.2 MB | 0.1/2.7 MB | 0.1/2.6 MBProgress (4): 0.6/1.1 MB | 0.4/2.2 MB | 0.1/2.7 MB | 0.2/2.6 MBProgress (4): 0.6/1.1 MB | 0.4/2.2 MB | 0.1/2.7 MB | 0.2/2.6 MBProgress (4): 0.6/1.1 MB | 0.4/2.2 MB | 0.1/2.7 MB | 0.2/2.6 MBProgress (4): 0.6/1.1 MB | 0.4/2.2 MB | 0.1/2.7 MB | 0.2/2.6 MBProgress (4): 0.6/1.1 MB | 0.4/2.2 MB | 0.1/2.7 MB | 0.2/2.6 MBProgress (4): 0.6/1.1 MB | 0.4/2.2 MB | 0.1/2.7 MB | 0.2/2.6 MBProgress (4): 0.7/1.1 MB | 0.4/2.2 MB | 0.1/2.7 MB | 0.2/2.6 MBProgress (4): 0.7/1.1 MB | 0.4/2.2 MB | 0.2/2.7 MB | 0.2/2.6 MBProgress (4): 0.7/1.1 MB | 0.4/2.2 MB | 0.2/2.7 MB | 0.2/2.6 MBProgress (4): 0.7/1.1 MB | 0.4/2.2 MB | 0.2/2.7 MB | 0.2/2.6 MBProgress (4): 0.7/1.1 MB | 0.4/2.2 MB | 0.2/2.7 MB | 0.2/2.6 MBProgress (4): 0.7/1.1 MB | 0.4/2.2 MB | 0.2/2.7 MB | 0.2/2.6 MBProgress (4): 0.7/1.1 MB | 0.4/2.2 MB | 0.2/2.7 MB | 0.2/2.6 MBProgress (4): 0.7/1.1 MB | 0.4/2.2 MB | 0.2/2.7 MB | 0.2/2.6 MBProgress (4): 0.7/1.1 MB | 0.4/2.2 MB | 0.2/2.7 MB | 0.2/2.6 MBProgress (4): 0.7/1.1 MB | 0.4/2.2 MB | 0.2/2.7 MB | 0.2/2.6 MBProgress (4): 0.7/1.1 MB | 0.4/2.2 MB | 0.2/2.7 MB | 0.3/2.6 MBProgress (4): 0.7/1.1 MB | 0.4/2.2 MB | 0.2/2.7 MB | 0.3/2.6 MB                                                               Downloading from central: https://repo.maven.apache.org/maven2/org/springframework/boot/spring-boot-starter-mail/3.5.10/spring-boot-starter-mail-3.5.10.jar
Progress (4): 0.7/1.1 MB | 0.4/2.2 MB | 0.2/2.7 MB | 0.3/2.6 MBProgress (4): 0.7/1.1 MB | 0.4/2.2 MB | 0.2/2.7 MB | 0.3/2.6 MBProgress (4): 0.8/1.1 MB | 0.4/2.2 MB | 0.2/2.7 MB | 0.3/2.6 MBProgress (4): 0.8/1.1 MB | 0.4/2.2 MB | 0.2/2.7 MB | 0.3/2.6 MBProgress (4): 0.8/1.1 MB | 0.4/2.2 MB | 0.2/2.7 MB | 0.3/2.6 MBProgress (4): 0.8/1.1 MB | 0.4/2.2 MB | 0.2/2.7 MB | 0.3/2.6 MBProgress (4): 0.8/1.1 MB | 0.4/2.2 MB | 0.2/2.7 MB | 0.3/2.6 MBProgress (4): 0.8/1.1 MB | 0.5/2.2 MB | 0.2/2.7 MB | 0.3/2.6 MBProgress (4): 0.8/1.1 MB | 0.5/2.2 MB | 0.2/2.7 MB | 0.3/2.6 MBProgress (4): 0.8/1.1 MB | 0.5/2.2 MB | 0.2/2.7 MB | 0.3/2.6 MBProgress (4): 0.8/1.1 MB | 0.5/2.2 MB | 0.2/2.7 MB | 0.3/2.6 MBProgress (4): 0.8/1.1 MB | 0.5/2.2 MB | 0.2/2.7 MB | 0.3/2.6 MBProgress (4): 0.8/1.1 MB | 0.5/2.2 MB | 0.2/2.7 MB | 0.3/2.6 MBProgress (4): 0.9/1.1 MB | 0.5/2.2 MB | 0.2/2.7 MB | 0.3/2.6 MBProgress (4): 0.9/1.1 MB | 0.5/2.2 MB | 0.2/2.7 MB | 0.3/2.6 MBProgress (4): 0.9/1.1 MB | 0.5/2.2 MB | 0.2/2.7 MB | 0.3/2.6 MBProgress (4): 0.9/1.1 MB | 0.5/2.2 MB | 0.2/2.7 MB | 0.3/2.6 MBProgress (4): 0.9/1.1 MB | 0.5/2.2 MB | 0.2/2.7 MB | 0.3/2.6 MBProgress (4): 0.9/1.1 MB | 0.5/2.2 MB | 0.2/2.7 MB | 0.3/2.6 MBProgress (4): 0.9/1.1 MB | 0.5/2.2 MB | 0.2/2.7 MB | 0.3/2.6 MBProgress (4): 0.9/1.1 MB | 0.5/2.2 MB | 0.2/2.7 MB | 0.3/2.6 MBProgress (4): 0.9/1.1 MB | 0.5/2.2 MB | 0.2/2.7 MB | 0.3/2.6 MBProgress (4): 0.9/1.1 MB | 0.5/2.2 MB | 0.2/2.7 MB | 0.3/2.6 MBProgress (4): 0.9/1.1 MB | 0.5/2.2 MB | 0.2/2.7 MB | 0.4/2.6 MBProgress (4): 0.9/1.1 MB | 0.5/2.2 MB | 0.2/2.7 MB | 0.4/2.6 MBProgress (4): 0.9/1.1 MB | 0.5/2.2 MB | 0.2/2.7 MB | 0.4/2.6 MBProgress (4): 0.9/1.1 MB | 0.5/2.2 MB | 0.2/2.7 MB | 0.4/2.6 MBProgress (4): 0.9/1.1 MB | 0.5/2.2 MB | 0.2/2.7 MB | 0.4/2.6 MBProgress (4): 0.9/1.1 MB | 0.5/2.2 MB | 0.2/2.7 MB | 0.4/2.6 MBProgress (4): 0.9/1.1 MB | 0.5/2.2 MB | 0.2/2.7 MB | 0.4/2.6 MBProgress (4): 0.9/1.1 MB | 0.5/2.2 MB | 0.2/2.7 MB | 0.4/2.6 MBProgress (4): 0.9/1.1 MB | 0.5/2.2 MB | 0.2/2.7 MB | 0.4/2.6 MBProgress (4): 0.9/1.1 MB | 0.5/2.2 MB | 0.2/2.7 MB | 0.4/2.6 MBProgress (4): 0.9/1.1 MB | 0.5/2.2 MB | 0.2/2.7 MB | 0.5/2.6 MBProgress (4): 0.9/1.1 MB | 0.5/2.2 MB | 0.2/2.7 MB | 0.5/2.6 MBProgress (4): 0.9/1.1 MB | 0.5/2.2 MB | 0.2/2.7 MB | 0.5/2.6 MBProgress (4): 0.9/1.1 MB | 0.5/2.2 MB | 0.2/2.7 MB | 0.5/2.6 MBProgress (4): 0.9/1.1 MB | 0.5/2.2 MB | 0.2/2.7 MB | 0.5/2.6 MBProgress (4): 0.9/1.1 MB | 0.5/2.2 MB | 0.3/2.7 MB | 0.5/2.6 MBProgress (4): 0.9/1.1 MB | 0.5/2.2 MB | 0.3/2.7 MB | 0.5/2.6 MBProgress (4): 0.9/1.1 MB | 0.5/2.2 MB | 0.3/2.7 MB | 0.5/2.6 MBProgress (4): 0.9/1.1 MB | 0.5/2.2 MB | 0.3/2.7 MB | 0.5/2.6 MBProgress (4): 0.9/1.1 MB | 0.5/2.2 MB | 0.3/2.7 MB | 0.6/2.6 MBProgress (4): 0.9/1.1 MB | 0.5/2.2 MB | 0.3/2.7 MB | 0.6/2.6 MBProgress (4): 0.9/1.1 MB | 0.5/2.2 MB | 0.3/2.7 MB | 0.6/2.6 MBProgress (4): 1.0/1.1 MB | 0.5/2.2 MB | 0.3/2.7 MB | 0.6/2.6 MBProgress (4): 1.0/1.1 MB | 0.5/2.2 MB | 0.3/2.7 MB | 0.6/2.6 MBProgress (4): 1.0/1.1 MB | 0.5/2.2 MB | 0.3/2.7 MB | 0.6/2.6 MBProgress (4): 1.0/1.1 MB | 0.5/2.2 MB | 0.3/2.7 MB | 0.6/2.6 MBProgress (4): 1.0/1.1 MB | 0.5/2.2 MB | 0.3/2.7 MB | 0.6/2.6 MBProgress (4): 1.0/1.1 MB | 0.5/2.2 MB | 0.3/2.7 MB | 0.6/2.6 MBProgress (4): 1.0/1.1 MB | 0.5/2.2 MB | 0.3/2.7 MB | 0.6/2.6 MBProgress (4): 1.0/1.1 MB | 0.5/2.2 MB | 0.3/2.7 MB | 0.6/2.6 MBProgress (4): 1.0/1.1 MB | 0.5/2.2 MB | 0.3/2.7 MB | 0.6/2.6 MBProgress (4): 1.0/1.1 MB | 0.6/2.2 MB | 0.3/2.7 MB | 0.6/2.6 MBProgress (4): 1.0/1.1 MB | 0.6/2.2 MB | 0.3/2.7 MB | 0.6/2.6 MBProgress (4): 1.0/1.1 MB | 0.6/2.2 MB | 0.3/2.7 MB | 0.7/2.6 MBProgress (4): 1.0/1.1 MB | 0.6/2.2 MB | 0.3/2.7 MB | 0.7/2.6 MBProgress (4): 1.0/1.1 MB | 0.6/2.2 MB | 0.3/2.7 MB | 0.7/2.6 MBProgress (4): 1.0/1.1 MB | 0.6/2.2 MB | 0.3/2.7 MB | 0.7/2.6 MBProgress (4): 1.1 MB | 0.6/2.2 MB | 0.3/2.7 MB | 0.7/2.6 MB    Progress (4): 1.1 MB | 0.6/2.2 MB | 0.3/2.7 MB | 0.7/2.6 MBProgress (4): 1.1 MB | 0.6/2.2 MB | 0.3/2.7 MB | 0.7/2.6 MBProgress (4): 1.1 MB | 0.6/2.2 MB | 0.3/2.7 MB | 0.7/2.6 MBProgress (4): 1.1 MB | 0.6/2.2 MB | 0.3/2.7 MB | 0.7/2.6 MBProgress (4): 1.1 MB | 0.6/2.2 MB | 0.3/2.7 MB | 0.7/2.6 MBProgress (4): 1.1 MB | 0.6/2.2 MB | 0.3/2.7 MB | 0.7/2.6 MBProgress (4): 1.1 MB | 0.6/2.2 MB | 0.3/2.7 MB | 0.7/2.6 MBProgress (4): 1.1 MB | 0.6/2.2 MB | 0.3/2.7 MB | 0.8/2.6 MBProgress (4): 1.1 MB | 0.6/2.2 MB | 0.4/2.7 MB | 0.8/2.6 MBProgress (4): 1.1 MB | 0.6/2.2 MB | 0.4/2.7 MB | 0.8/2.6 MBProgress (4): 1.1 MB | 0.6/2.2 MB | 0.4/2.7 MB | 0.8/2.6 MBProgress (4): 1.1 MB | 0.6/2.2 MB | 0.4/2.7 MB | 0.8/2.6 MBProgress (4): 1.1 MB | 0.6/2.2 MB | 0.4/2.7 MB | 0.8/2.6 MBProgress (4): 1.1 MB | 0.6/2.2 MB | 0.4/2.7 MB | 0.8/2.6 MBProgress (4): 1.1 MB | 0.6/2.2 MB | 0.4/2.7 MB | 0.8/2.6 MBProgress (4): 1.1 MB | 0.6/2.2 MB | 0.4/2.7 MB | 0.8/2.6 MBProgress (4): 1.1 MB | 0.6/2.2 MB | 0.4/2.7 MB | 0.8/2.6 MBProgress (4): 1.1 MB | 0.6/2.2 MB | 0.4/2.7 MB | 0.8/2.6 MBProgress (4): 1.1 MB | 0.6/2.2 MB | 0.4/2.7 MB | 0.9/2.6 MBProgress (4): 1.1 MB | 0.6/2.2 MB | 0.4/2.7 MB | 0.9/2.6 MBProgress (4): 1.1 MB | 0.6/2.2 MB | 0.4/2.7 MB | 0.9/2.6 MBProgress (4): 1.1 MB | 0.6/2.2 MB | 0.4/2.7 MB | 0.9/2.6 MBProgress (4): 1.1 MB | 0.6/2.2 MB | 0.5/2.7 MB | 0.9/2.6 MBProgress (4): 1.1 MB | 0.6/2.2 MB | 0.5/2.7 MB | 0.9/2.6 MBProgress (4): 1.1 MB | 0.6/2.2 MB | 0.5/2.7 MB | 0.9/2.6 MBProgress (4): 1.1 MB | 0.6/2.2 MB | 0.5/2.7 MB | 0.9/2.6 MBProgress (4): 1.1 MB | 0.6/2.2 MB | 0.5/2.7 MB | 0.9/2.6 MBProgress (4): 1.1 MB | 0.6/2.2 MB | 0.5/2.7 MB | 0.9/2.6 MB                                                           Downloaded from central: https://repo.maven.apache.org/maven2/org/springframework/security/spring-security-web/6.5.7/spring-security-web-6.5.7.jar (1.1 MB at 909 kB/s)
Progress (3): 0.6/2.2 MB | 0.5/2.7 MB | 0.9/2.6 MB                                                  Downloading from central: https://repo.maven.apache.org/maven2/org/springframework/spring-context-support/6.2.15/spring-context-support-6.2.15.jar
Progress (3): 0.6/2.2 MB | 0.5/2.7 MB | 0.9/2.6 MBProgress (3): 0.6/2.2 MB | 0.5/2.7 MB | 0.9/2.6 MBProgress (3): 0.6/2.2 MB | 0.5/2.7 MB | 1.0/2.6 MBProgress (3): 0.6/2.2 MB | 0.5/2.7 MB | 1.0/2.6 MBProgress (3): 0.6/2.2 MB | 0.5/2.7 MB | 1.0/2.6 MBProgress (3): 0.6/2.2 MB | 0.5/2.7 MB | 1.0/2.6 MBProgress (3): 0.6/2.2 MB | 0.5/2.7 MB | 1.0/2.6 MBProgress (3): 0.6/2.2 MB | 0.5/2.7 MB | 1.0/2.6 MBProgress (3): 0.6/2.2 MB | 0.5/2.7 MB | 1.0/2.6 MBProgress (3): 0.7/2.2 MB | 0.5/2.7 MB | 1.0/2.6 MBProgress (3): 0.7/2.2 MB | 0.5/2.7 MB | 1.0/2.6 MBProgress (3): 0.7/2.2 MB | 0.5/2.7 MB | 1.1/2.6 MBProgress (3): 0.7/2.2 MB | 0.5/2.7 MB | 1.1/2.6 MBProgress (3): 0.7/2.2 MB | 0.5/2.7 MB | 1.1/2.6 MBProgress (3): 0.7/2.2 MB | 0.5/2.7 MB | 1.1/2.6 MBProgress (3): 0.7/2.2 MB | 0.5/2.7 MB | 1.1/2.6 MBProgress (3): 0.7/2.2 MB | 0.5/2.7 MB | 1.1/2.6 MBProgress (3): 0.7/2.2 MB | 0.5/2.7 MB | 1.1/2.6 MBProgress (3): 0.7/2.2 MB | 0.5/2.7 MB | 1.1/2.6 MBProgress (3): 0.7/2.2 MB | 0.5/2.7 MB | 1.1/2.6 MBProgress (3): 0.7/2.2 MB | 0.5/2.7 MB | 1.1/2.6 MBProgress (3): 0.7/2.2 MB | 0.5/2.7 MB | 1.1/2.6 MBProgress (3): 0.7/2.2 MB | 0.5/2.7 MB | 1.2/2.6 MBProgress (3): 0.7/2.2 MB | 0.5/2.7 MB | 1.2/2.6 MBProgress (3): 0.7/2.2 MB | 0.5/2.7 MB | 1.2/2.6 MBProgress (3): 0.7/2.2 MB | 0.5/2.7 MB | 1.2/2.6 MBProgress (3): 0.7/2.2 MB | 0.5/2.7 MB | 1.2/2.6 MBProgress (3): 0.7/2.2 MB | 0.5/2.7 MB | 1.2/2.6 MBProgress (3): 0.7/2.2 MB | 0.5/2.7 MB | 1.2/2.6 MBProgress (3): 0.7/2.2 MB | 0.5/2.7 MB | 1.2/2.6 MBProgress (3): 0.7/2.2 MB | 0.5/2.7 MB | 1.2/2.6 MBProgress (3): 0.7/2.2 MB | 0.6/2.7 MB | 1.2/2.6 MBProgress (3): 0.7/2.2 MB | 0.6/2.7 MB | 1.2/2.6 MBProgress (3): 0.7/2.2 MB | 0.6/2.7 MB | 1.2/2.6 MBProgress (3): 0.7/2.2 MB | 0.6/2.7 MB | 1.3/2.6 MBProgress (3): 0.7/2.2 MB | 0.6/2.7 MB | 1.3/2.6 MBProgress (3): 0.7/2.2 MB | 0.6/2.7 MB | 1.3/2.6 MBProgress (3): 0.7/2.2 MB | 0.6/2.7 MB | 1.3/2.6 MBProgress (3): 0.7/2.2 MB | 0.6/2.7 MB | 1.3/2.6 MBProgress (3): 0.7/2.2 MB | 0.6/2.7 MB | 1.3/2.6 MBProgress (3): 0.7/2.2 MB | 0.6/2.7 MB | 1.3/2.6 MBProgress (3): 0.7/2.2 MB | 0.6/2.7 MB | 1.3/2.6 MBProgress (3): 0.7/2.2 MB | 0.6/2.7 MB | 1.3/2.6 MBProgress (3): 0.7/2.2 MB | 0.6/2.7 MB | 1.3/2.6 MBProgress (3): 0.7/2.2 MB | 0.6/2.7 MB | 1.4/2.6 MBProgress (3): 0.7/2.2 MB | 0.6/2.7 MB | 1.4/2.6 MBProgress (3): 0.7/2.2 MB | 0.6/2.7 MB | 1.4/2.6 MBProgress (3): 0.7/2.2 MB | 0.6/2.7 MB | 1.4/2.6 MBProgress (3): 0.7/2.2 MB | 0.6/2.7 MB | 1.4/2.6 MBProgress (3): 0.7/2.2 MB | 0.6/2.7 MB | 1.4/2.6 MBProgress (3): 0.8/2.2 MB | 0.6/2.7 MB | 1.4/2.6 MBProgress (3): 0.8/2.2 MB | 0.6/2.7 MB | 1.4/2.6 MBProgress (3): 0.8/2.2 MB | 0.6/2.7 MB | 1.4/2.6 MBProgress (3): 0.8/2.2 MB | 0.6/2.7 MB | 1.4/2.6 MBProgress (3): 0.8/2.2 MB | 0.6/2.7 MB | 1.4/2.6 MBProgress (3): 0.8/2.2 MB | 0.6/2.7 MB | 1.5/2.6 MBProgress (3): 0.8/2.2 MB | 0.6/2.7 MB | 1.5/2.6 MBProgress (3): 0.8/2.2 MB | 0.6/2.7 MB | 1.5/2.6 MBProgress (3): 0.8/2.2 MB | 0.6/2.7 MB | 1.5/2.6 MBProgress (3): 0.8/2.2 MB | 0.6/2.7 MB | 1.5/2.6 MBProgress (3): 0.8/2.2 MB | 0.6/2.7 MB | 1.5/2.6 MBProgress (3): 0.8/2.2 MB | 0.6/2.7 MB | 1.5/2.6 MBProgress (3): 0.8/2.2 MB | 0.6/2.7 MB | 1.5/2.6 MBProgress (4): 0.8/2.2 MB | 0.6/2.7 MB | 1.5/2.6 MB | 2.0 kBProgress (4): 0.8/2.2 MB | 0.7/2.7 MB | 1.5/2.6 MB | 2.0 kB                                                           Downloaded from central: https://repo.maven.apache.org/maven2/org/springframework/boot/spring-boot-starter-mail/3.5.10/spring-boot-starter-mail-3.5.10.jar (2.0 kB at 1.7 kB/s)
Progress (3): 0.8/2.2 MB | 0.7/2.7 MB | 1.5/2.6 MBProgress (3): 0.8/2.2 MB | 0.7/2.7 MB | 1.5/2.6 MBProgress (3): 0.8/2.2 MB | 0.7/2.7 MB | 1.5/2.6 MBProgress (3): 0.8/2.2 MB | 0.7/2.7 MB | 1.6/2.6 MBProgress (3): 0.8/2.2 MB | 0.7/2.7 MB | 1.6/2.6 MBProgress (3): 0.8/2.2 MB | 0.7/2.7 MB | 1.6/2.6 MB                                                  Downloading from central: https://repo.maven.apache.org/maven2/org/eclipse/angus/jakarta.mail/2.0.5/jakarta.mail-2.0.5.jar
Progress (3): 0.8/2.2 MB | 0.7/2.7 MB | 1.6/2.6 MBProgress (3): 0.8/2.2 MB | 0.7/2.7 MB | 1.6/2.6 MBProgress (3): 0.8/2.2 MB | 0.7/2.7 MB | 1.6/2.6 MBProgress (3): 0.8/2.2 MB | 0.7/2.7 MB | 1.6/2.6 MBProgress (3): 0.8/2.2 MB | 0.7/2.7 MB | 1.6/2.6 MBProgress (3): 0.8/2.2 MB | 0.8/2.7 MB | 1.6/2.6 MBProgress (3): 0.8/2.2 MB | 0.8/2.7 MB | 1.6/2.6 MBProgress (3): 0.8/2.2 MB | 0.8/2.7 MB | 1.6/2.6 MBProgress (3): 0.8/2.2 MB | 0.8/2.7 MB | 1.7/2.6 MBProgress (3): 0.8/2.2 MB | 0.8/2.7 MB | 1.7/2.6 MBProgress (3): 0.8/2.2 MB | 0.8/2.7 MB | 1.7/2.6 MBProgress (3): 0.8/2.2 MB | 0.8/2.7 MB | 1.7/2.6 MBProgress (3): 0.8/2.2 MB | 0.8/2.7 MB | 1.7/2.6 MBProgress (3): 0.8/2.2 MB | 0.8/2.7 MB | 1.7/2.6 MBProgress (3): 0.8/2.2 MB | 0.8/2.7 MB | 1.7/2.6 MBProgress (3): 0.9/2.2 MB | 0.8/2.7 MB | 1.7/2.6 MBProgress (3): 0.9/2.2 MB | 0.8/2.7 MB | 1.7/2.6 MBProgress (3): 0.9/2.2 MB | 0.8/2.7 MB | 1.7/2.6 MBProgress (3): 0.9/2.2 MB | 0.8/2.7 MB | 1.7/2.6 MBProgress (3): 0.9/2.2 MB | 0.8/2.7 MB | 1.7/2.6 MBProgress (3): 0.9/2.2 MB | 0.8/2.7 MB | 1.7/2.6 MBProgress (3): 0.9/2.2 MB | 0.8/2.7 MB | 1.7/2.6 MBProgress (3): 0.9/2.2 MB | 0.8/2.7 MB | 1.8/2.6 MBProgress (3): 0.9/2.2 MB | 0.8/2.7 MB | 1.8/2.6 MBProgress (3): 0.9/2.2 MB | 0.8/2.7 MB | 1.8/2.6 MBProgress (3): 0.9/2.2 MB | 0.8/2.7 MB | 1.8/2.6 MBProgress (3): 0.9/2.2 MB | 0.8/2.7 MB | 1.8/2.6 MBProgress (3): 1.0/2.2 MB | 0.8/2.7 MB | 1.8/2.6 MBProgress (3): 1.0/2.2 MB | 0.8/2.7 MB | 1.8/2.6 MBProgress (3): 1.0/2.2 MB | 0.8/2.7 MB | 1.8/2.6 MBProgress (3): 1.0/2.2 MB | 0.8/2.7 MB | 1.8/2.6 MBProgress (3): 1.0/2.2 MB | 0.8/2.7 MB | 1.8/2.6 MBProgress (3): 1.0/2.2 MB | 0.8/2.7 MB | 1.8/2.6 MBProgress (3): 1.0/2.2 MB | 0.8/2.7 MB | 1.8/2.6 MBProgress (3): 1.0/2.2 MB | 0.8/2.7 MB | 1.9/2.6 MBProgress (3): 1.0/2.2 MB | 0.8/2.7 MB | 1.9/2.6 MBProgress (3): 1.0/2.2 MB | 0.8/2.7 MB | 1.9/2.6 MBProgress (3): 1.0/2.2 MB | 0.8/2.7 MB | 1.9/2.6 MBProgress (3): 1.0/2.2 MB | 0.8/2.7 MB | 1.9/2.6 MBProgress (3): 1.0/2.2 MB | 0.9/2.7 MB | 1.9/2.6 MBProgress (3): 1.0/2.2 MB | 0.9/2.7 MB | 1.9/2.6 MBProgress (3): 1.0/2.2 MB | 0.9/2.7 MB | 1.9/2.6 MBProgress (3): 1.0/2.2 MB | 0.9/2.7 MB | 1.9/2.6 MBProgress (3): 1.0/2.2 MB | 0.9/2.7 MB | 1.9/2.6 MBProgress (3): 1.0/2.2 MB | 0.9/2.7 MB | 1.9/2.6 MBProgress (3): 1.0/2.2 MB | 0.9/2.7 MB | 1.9/2.6 MBProgress (3): 1.0/2.2 MB | 0.9/2.7 MB | 1.9/2.6 MBProgress (3): 1.0/2.2 MB | 0.9/2.7 MB | 2.0/2.6 MBProgress (3): 1.0/2.2 MB | 0.9/2.7 MB | 2.0/2.6 MBProgress (3): 1.0/2.2 MB | 0.9/2.7 MB | 2.0/2.6 MBProgress (3): 1.0/2.2 MB | 0.9/2.7 MB | 2.0/2.6 MBProgress (3): 1.0/2.2 MB | 1.0/2.7 MB | 2.0/2.6 MBProgress (3): 1.0/2.2 MB | 1.0/2.7 MB | 2.0/2.6 MBProgress (3): 1.0/2.2 MB | 1.0/2.7 MB | 2.0/2.6 MBProgress (3): 1.0/2.2 MB | 1.0/2.7 MB | 2.0/2.6 MBProgress (3): 1.0/2.2 MB | 1.0/2.7 MB | 2.0/2.6 MBProgress (3): 1.0/2.2 MB | 1.0/2.7 MB | 2.0/2.6 MBProgress (3): 1.0/2.2 MB | 1.0/2.7 MB | 2.0/2.6 MBProgress (3): 1.0/2.2 MB | 1.0/2.7 MB | 2.0/2.6 MBProgress (3): 1.0/2.2 MB | 1.0/2.7 MB | 2.0/2.6 MBProgress (3): 1.0/2.2 MB | 1.0/2.7 MB | 2.1/2.6 MBProgress (3): 1.0/2.2 MB | 1.0/2.7 MB | 2.1/2.6 MBProgress (3): 1.0/2.2 MB | 1.0/2.7 MB | 2.1/2.6 MBProgress (3): 1.1/2.2 MB | 1.0/2.7 MB | 2.1/2.6 MBProgress (3): 1.1/2.2 MB | 1.0/2.7 MB | 2.1/2.6 MBProgress (3): 1.1/2.2 MB | 1.0/2.7 MB | 2.1/2.6 MBProgress (3): 1.1/2.2 MB | 1.0/2.7 MB | 2.1/2.6 MBProgress (3): 1.1/2.2 MB | 1.0/2.7 MB | 2.1/2.6 MBProgress (3): 1.1/2.2 MB | 1.0/2.7 MB | 2.1/2.6 MBProgress (3): 1.1/2.2 MB | 1.0/2.7 MB | 2.1/2.6 MBProgress (3): 1.1/2.2 MB | 1.0/2.7 MB | 2.1/2.6 MBProgress (3): 1.1/2.2 MB | 1.0/2.7 MB | 2.2/2.6 MBProgress (3): 1.1/2.2 MB | 1.0/2.7 MB | 2.2/2.6 MBProgress (3): 1.1/2.2 MB | 1.0/2.7 MB | 2.2/2.6 MBProgress (3): 1.1/2.2 MB | 1.0/2.7 MB | 2.2/2.6 MBProgress (3): 1.1/2.2 MB | 1.0/2.7 MB | 2.2/2.6 MBProgress (3): 1.1/2.2 MB | 1.0/2.7 MB | 2.2/2.6 MBProgress (3): 1.1/2.2 MB | 1.0/2.7 MB | 2.2/2.6 MBProgress (3): 1.2/2.2 MB | 1.0/2.7 MB | 2.2/2.6 MBProgress (3): 1.2/2.2 MB | 1.0/2.7 MB | 2.2/2.6 MBProgress (3): 1.2/2.2 MB | 1.0/2.7 MB | 2.2/2.6 MBProgress (3): 1.2/2.2 MB | 1.0/2.7 MB | 2.3/2.6 MBProgress (3): 1.2/2.2 MB | 1.0/2.7 MB | 2.3/2.6 MBProgress (3): 1.2/2.2 MB | 1.0/2.7 MB | 2.3/2.6 MBProgress (3): 1.2/2.2 MB | 1.0/2.7 MB | 2.3/2.6 MBProgress (3): 1.2/2.2 MB | 1.0/2.7 MB | 2.3/2.6 MBProgress (3): 1.2/2.2 MB | 1.0/2.7 MB | 2.3/2.6 MBProgress (3): 1.2/2.2 MB | 1.0/2.7 MB | 2.3/2.6 MBProgress (3): 1.2/2.2 MB | 1.0/2.7 MB | 2.3/2.6 MBProgress (3): 1.2/2.2 MB | 1.0/2.7 MB | 2.3/2.6 MBProgress (3): 1.2/2.2 MB | 1.1/2.7 MB | 2.3/2.6 MBProgress (4): 1.2/2.2 MB | 1.1/2.7 MB | 2.3/2.6 MB | 7.7/175 kBProgress (4): 1.2/2.2 MB | 1.1/2.7 MB | 2.3/2.6 MB | 7.7/175 kBProgress (4): 1.2/2.2 MB | 1.1/2.7 MB | 2.3/2.6 MB | 16/175 kB Progress (4): 1.2/2.2 MB | 1.1/2.7 MB | 2.4/2.6 MB | 16/175 kBProgress (4): 1.2/2.2 MB | 1.1/2.7 MB | 2.4/2.6 MB | 29/175 kBProgress (4): 1.2/2.2 MB | 1.1/2.7 MB | 2.4/2.6 MB | 29/175 kBProgress (4): 1.2/2.2 MB | 1.1/2.7 MB | 2.4/2.6 MB | 29/175 kBProgress (4): 1.2/2.2 MB | 1.1/2.7 MB | 2.4/2.6 MB | 29/175 kBProgress (4): 1.2/2.2 MB | 1.1/2.7 MB | 2.4/2.6 MB | 45/175 kBProgress (4): 1.2/2.2 MB | 1.1/2.7 MB | 2.4/2.6 MB | 45/175 kBProgress (4): 1.2/2.2 MB | 1.1/2.7 MB | 2.4/2.6 MB | 45/175 kBProgress (4): 1.2/2.2 MB | 1.1/2.7 MB | 2.4/2.6 MB | 61/175 kBProgress (4): 1.2/2.2 MB | 1.1/2.7 MB | 2.4/2.6 MB | 61/175 kBProgress (4): 1.2/2.2 MB | 1.1/2.7 MB | 2.4/2.6 MB | 78/175 kBProgress (4): 1.2/2.2 MB | 1.1/2.7 MB | 2.4/2.6 MB | 78/175 kBProgress (4): 1.2/2.2 MB | 1.1/2.7 MB | 2.4/2.6 MB | 78/175 kBProgress (4): 1.2/2.2 MB | 1.1/2.7 MB | 2.4/2.6 MB | 94/175 kBProgress (4): 1.2/2.2 MB | 1.1/2.7 MB | 2.4/2.6 MB | 94/175 kBProgress (4): 1.2/2.2 MB | 1.1/2.7 MB | 2.4/2.6 MB | 94/175 kBProgress (4): 1.2/2.2 MB | 1.1/2.7 MB | 2.4/2.6 MB | 111/175 kBProgress (4): 1.2/2.2 MB | 1.2/2.7 MB | 2.4/2.6 MB | 111/175 kBProgress (4): 1.2/2.2 MB | 1.2/2.7 MB | 2.5/2.6 MB | 111/175 kBProgress (4): 1.2/2.2 MB | 1.2/2.7 MB | 2.5/2.6 MB | 127/175 kBProgress (4): 1.2/2.2 MB | 1.2/2.7 MB | 2.5/2.6 MB | 127/175 kBProgress (4): 1.2/2.2 MB | 1.2/2.7 MB | 2.5/2.6 MB | 127/175 kBProgress (4): 1.2/2.2 MB | 1.2/2.7 MB | 2.5/2.6 MB | 143/175 kBProgress (4): 1.2/2.2 MB | 1.2/2.7 MB | 2.5/2.6 MB | 143/175 kBProgress (4): 1.2/2.2 MB | 1.2/2.7 MB | 2.5/2.6 MB | 143/175 kBProgress (4): 1.2/2.2 MB | 1.2/2.7 MB | 2.5/2.6 MB | 160/175 kBProgress (4): 1.2/2.2 MB | 1.2/2.7 MB | 2.5/2.6 MB | 160/175 kBProgress (4): 1.2/2.2 MB | 1.2/2.7 MB | 2.5/2.6 MB | 160/175 kBProgress (4): 1.2/2.2 MB | 1.2/2.7 MB | 2.5/2.6 MB | 175 kB    Progress (4): 1.2/2.2 MB | 1.2/2.7 MB | 2.5/2.6 MB | 175 kBProgress (4): 1.2/2.2 MB | 1.2/2.7 MB | 2.5/2.6 MB | 175 kBProgress (4): 1.2/2.2 MB | 1.2/2.7 MB | 2.5/2.6 MB | 175 kBProgress (4): 1.2/2.2 MB | 1.2/2.7 MB | 2.5/2.6 MB | 175 kBProgress (4): 1.2/2.2 MB | 1.2/2.7 MB | 2.5/2.6 MB | 175 kBProgress (4): 1.2/2.2 MB | 1.2/2.7 MB | 2.6/2.6 MB | 175 kBProgress (4): 1.2/2.2 MB | 1.2/2.7 MB | 2.6/2.6 MB | 175 kBProgress (4): 1.2/2.2 MB | 1.2/2.7 MB | 2.6/2.6 MB | 175 kBProgress (4): 1.3/2.2 MB | 1.2/2.7 MB | 2.6/2.6 MB | 175 kBProgress (4): 1.3/2.2 MB | 1.2/2.7 MB | 2.6/2.6 MB | 175 kBProgress (4): 1.3/2.2 MB | 1.2/2.7 MB | 2.6/2.6 MB | 175 kBProgress (4): 1.3/2.2 MB | 1.2/2.7 MB | 2.6 MB | 175 kB    Progress (4): 1.3/2.2 MB | 1.2/2.7 MB | 2.6 MB | 175 kBProgress (4): 1.3/2.2 MB | 1.2/2.7 MB | 2.6 MB | 175 kB                                                       Downloaded from central: https://repo.maven.apache.org/maven2/com/mysql/mysql-connector-j/9.5.0/mysql-connector-j-9.5.0.jar (2.6 MB at 2.2 MB/s)
Progress (3): 1.3/2.2 MB | 1.2/2.7 MB | 175 kBProgress (3): 1.3/2.2 MB | 1.2/2.7 MB | 175 kBProgress (3): 1.4/2.2 MB | 1.2/2.7 MB | 175 kBProgress (3): 1.4/2.2 MB | 1.2/2.7 MB | 175 kBProgress (3): 1.4/2.2 MB | 1.2/2.7 MB | 175 kB                                              Downloading from central: https://repo.maven.apache.org/maven2/jakarta/activation/jakarta.activation-api/2.1.4/jakarta.activation-api-2.1.4.jar
Progress (3): 1.4/2.2 MB | 1.2/2.7 MB | 175 kBProgress (3): 1.4/2.2 MB | 1.2/2.7 MB | 175 kBProgress (3): 1.4/2.2 MB | 1.3/2.7 MB | 175 kBProgress (3): 1.4/2.2 MB | 1.3/2.7 MB | 175 kBProgress (3): 1.4/2.2 MB | 1.3/2.7 MB | 175 kBProgress (3): 1.4/2.2 MB | 1.3/2.7 MB | 175 kB                                              Downloaded from central: https://repo.maven.apache.org/maven2/org/springframework/spring-context-support/6.2.15/spring-context-support-6.2.15.jar (175 kB at 147 kB/s)
Progress (2): 1.4/2.2 MB | 1.3/2.7 MB                                     Downloading from central: https://repo.maven.apache.org/maven2/org/eclipse/angus/angus-activation/2.0.3/angus-activation-2.0.3.jar
Progress (2): 1.4/2.2 MB | 1.3/2.7 MBProgress (2): 1.4/2.2 MB | 1.4/2.7 MBProgress (2): 1.4/2.2 MB | 1.4/2.7 MBProgress (2): 1.4/2.2 MB | 1.4/2.7 MBProgress (2): 1.4/2.2 MB | 1.4/2.7 MBProgress (2): 1.4/2.2 MB | 1.4/2.7 MBProgress (2): 1.4/2.2 MB | 1.4/2.7 MBProgress (2): 1.4/2.2 MB | 1.5/2.7 MBProgress (2): 1.4/2.2 MB | 1.5/2.7 MBProgress (2): 1.5/2.2 MB | 1.5/2.7 MBProgress (2): 1.5/2.2 MB | 1.5/2.7 MBProgress (2): 1.5/2.2 MB | 1.5/2.7 MBProgress (2): 1.5/2.2 MB | 1.5/2.7 MBProgress (2): 1.5/2.2 MB | 1.5/2.7 MBProgress (2): 1.5/2.2 MB | 1.5/2.7 MBProgress (2): 1.6/2.2 MB | 1.5/2.7 MBProgress (2): 1.6/2.2 MB | 1.5/2.7 MBProgress (2): 1.6/2.2 MB | 1.5/2.7 MBProgress (2): 1.6/2.2 MB | 1.5/2.7 MBProgress (2): 1.6/2.2 MB | 1.5/2.7 MBProgress (2): 1.6/2.2 MB | 1.5/2.7 MBProgress (2): 1.6/2.2 MB | 1.5/2.7 MBProgress (2): 1.6/2.2 MB | 1.5/2.7 MBProgress (2): 1.6/2.2 MB | 1.5/2.7 MBProgress (2): 1.7/2.2 MB | 1.5/2.7 MBProgress (2): 1.7/2.2 MB | 1.5/2.7 MBProgress (2): 1.7/2.2 MB | 1.5/2.7 MBProgress (2): 1.7/2.2 MB | 1.5/2.7 MBProgress (2): 1.7/2.2 MB | 1.5/2.7 MBProgress (2): 1.7/2.2 MB | 1.6/2.7 MBProgress (2): 1.7/2.2 MB | 1.6/2.7 MBProgress (2): 1.7/2.2 MB | 1.6/2.7 MBProgress (2): 1.7/2.2 MB | 1.6/2.7 MBProgress (2): 1.7/2.2 MB | 1.6/2.7 MBProgress (2): 1.7/2.2 MB | 1.6/2.7 MBProgress (2): 1.7/2.2 MB | 1.6/2.7 MBProgress (2): 1.7/2.2 MB | 1.6/2.7 MBProgress (2): 1.7/2.2 MB | 1.6/2.7 MBProgress (2): 1.7/2.2 MB | 1.6/2.7 MBProgress (2): 1.8/2.2 MB | 1.6/2.7 MBProgress (2): 1.8/2.2 MB | 1.7/2.7 MBProgress (2): 1.8/2.2 MB | 1.7/2.7 MBProgress (2): 1.8/2.2 MB | 1.7/2.7 MBProgress (2): 1.8/2.2 MB | 1.7/2.7 MBProgress (2): 1.8/2.2 MB | 1.7/2.7 MBProgress (2): 1.8/2.2 MB | 1.7/2.7 MBProgress (2): 1.8/2.2 MB | 1.7/2.7 MBProgress (2): 1.8/2.2 MB | 1.7/2.7 MBProgress (2): 1.8/2.2 MB | 1.7/2.7 MBProgress (2): 1.8/2.2 MB | 1.8/2.7 MBProgress (2): 1.8/2.2 MB | 1.8/2.7 MBProgress (2): 1.8/2.2 MB | 1.8/2.7 MBProgress (3): 1.8/2.2 MB | 1.8/2.7 MB | 7.7/727 kBProgress (3): 1.8/2.2 MB | 1.8/2.7 MB | 16/727 kB Progress (3): 1.8/2.2 MB | 1.8/2.7 MB | 16/727 kBProgress (3): 1.8/2.2 MB | 1.8/2.7 MB | 16/727 kBProgress (3): 1.8/2.2 MB | 1.8/2.7 MB | 16/727 kBProgress (3): 1.8/2.2 MB | 1.8/2.7 MB | 32/727 kBProgress (3): 1.8/2.2 MB | 1.9/2.7 MB | 32/727 kBProgress (3): 1.8/2.2 MB | 1.9/2.7 MB | 49/727 kBProgress (3): 1.8/2.2 MB | 1.9/2.7 MB | 49/727 kBProgress (3): 1.8/2.2 MB | 1.9/2.7 MB | 49/727 kBProgress (3): 1.8/2.2 MB | 1.9/2.7 MB | 49/727 kBProgress (3): 1.8/2.2 MB | 1.9/2.7 MB | 65/727 kBProgress (3): 1.8/2.2 MB | 1.9/2.7 MB | 65/727 kBProgress (3): 1.8/2.2 MB | 1.9/2.7 MB | 65/727 kBProgress (3): 1.8/2.2 MB | 1.9/2.7 MB | 65/727 kBProgress (3): 1.8/2.2 MB | 2.0/2.7 MB | 65/727 kBProgress (3): 1.8/2.2 MB | 2.0/2.7 MB | 65/727 kBProgress (3): 1.8/2.2 MB | 2.0/2.7 MB | 65/727 kBProgress (3): 1.8/2.2 MB | 2.0/2.7 MB | 65/727 kBProgress (3): 1.9/2.2 MB | 2.0/2.7 MB | 65/727 kBProgress (3): 1.9/2.2 MB | 2.0/2.7 MB | 65/727 kBProgress (3): 1.9/2.2 MB | 2.0/2.7 MB | 65/727 kBProgress (3): 1.9/2.2 MB | 2.0/2.7 MB | 65/727 kBProgress (3): 1.9/2.2 MB | 2.0/2.7 MB | 65/727 kBProgress (3): 1.9/2.2 MB | 2.0/2.7 MB | 65/727 kBProgress (3): 1.9/2.2 MB | 2.0/2.7 MB | 65/727 kBProgress (3): 1.9/2.2 MB | 2.1/2.7 MB | 65/727 kBProgress (3): 1.9/2.2 MB | 2.1/2.7 MB | 65/727 kBProgress (3): 1.9/2.2 MB | 2.1/2.7 MB | 65/727 kBProgress (3): 1.9/2.2 MB | 2.1/2.7 MB | 65/727 kBProgress (3): 1.9/2.2 MB | 2.1/2.7 MB | 65/727 kBProgress (3): 1.9/2.2 MB | 2.1/2.7 MB | 65/727 kBProgress (3): 1.9/2.2 MB | 2.1/2.7 MB | 65/727 kBProgress (3): 1.9/2.2 MB | 2.1/2.7 MB | 65/727 kBProgress (3): 2.0/2.2 MB | 2.1/2.7 MB | 65/727 kBProgress (3): 2.0/2.2 MB | 2.1/2.7 MB | 65/727 kBProgress (3): 2.0/2.2 MB | 2.1/2.7 MB | 65/727 kBProgress (3): 2.0/2.2 MB | 2.2/2.7 MB | 65/727 kBProgress (3): 2.0/2.2 MB | 2.2/2.7 MB | 65/727 kBProgress (3): 2.0/2.2 MB | 2.2/2.7 MB | 65/727 kBProgress (3): 2.0/2.2 MB | 2.2/2.7 MB | 65/727 kBProgress (3): 2.0/2.2 MB | 2.2/2.7 MB | 65/727 kBProgress (3): 2.0/2.2 MB | 2.2/2.7 MB | 81/727 kBProgress (3): 2.0/2.2 MB | 2.2/2.7 MB | 81/727 kBProgress (3): 2.0/2.2 MB | 2.2/2.7 MB | 98/727 kBProgress (3): 2.0/2.2 MB | 2.2/2.7 MB | 98/727 kBProgress (3): 2.0/2.2 MB | 2.2/2.7 MB | 114/727 kBProgress (3): 2.0/2.2 MB | 2.2/2.7 MB | 114/727 kBProgress (3): 2.0/2.2 MB | 2.2/2.7 MB | 131/727 kBProgress (3): 2.0/2.2 MB | 2.2/2.7 MB | 131/727 kBProgress (3): 2.0/2.2 MB | 2.2/2.7 MB | 147/727 kBProgress (3): 2.0/2.2 MB | 2.3/2.7 MB | 147/727 kBProgress (3): 2.0/2.2 MB | 2.3/2.7 MB | 163/727 kBProgress (3): 2.0/2.2 MB | 2.3/2.7 MB | 163/727 kBProgress (3): 2.0/2.2 MB | 2.3/2.7 MB | 180/727 kBProgress (3): 2.0/2.2 MB | 2.3/2.7 MB | 180/727 kBProgress (3): 2.0/2.2 MB | 2.3/2.7 MB | 196/727 kBProgress (3): 2.0/2.2 MB | 2.3/2.7 MB | 196/727 kBProgress (3): 2.0/2.2 MB | 2.3/2.7 MB | 213/727 kBProgress (3): 2.0/2.2 MB | 2.3/2.7 MB | 213/727 kBProgress (3): 2.0/2.2 MB | 2.3/2.7 MB | 229/727 kBProgress (3): 2.0/2.2 MB | 2.3/2.7 MB | 229/727 kBProgress (3): 2.0/2.2 MB | 2.4/2.7 MB | 229/727 kBProgress (3): 2.0/2.2 MB | 2.4/2.7 MB | 245/727 kBProgress (3): 2.0/2.2 MB | 2.4/2.7 MB | 245/727 kBProgress (3): 2.0/2.2 MB | 2.4/2.7 MB | 262/727 kBProgress (3): 2.0/2.2 MB | 2.4/2.7 MB | 262/727 kBProgress (3): 2.0/2.2 MB | 2.4/2.7 MB | 262/727 kBProgress (3): 2.0/2.2 MB | 2.4/2.7 MB | 262/727 kBProgress (3): 2.0/2.2 MB | 2.4/2.7 MB | 262/727 kBProgress (3): 2.0/2.2 MB | 2.4/2.7 MB | 262/727 kBProgress (3): 2.0/2.2 MB | 2.4/2.7 MB | 262/727 kBProgress (3): 2.1/2.2 MB | 2.4/2.7 MB | 262/727 kBProgress (3): 2.1/2.2 MB | 2.5/2.7 MB | 262/727 kBProgress (3): 2.1/2.2 MB | 2.5/2.7 MB | 262/727 kBProgress (3): 2.1/2.2 MB | 2.5/2.7 MB | 262/727 kBProgress (3): 2.1/2.2 MB | 2.5/2.7 MB | 262/727 kBProgress (3): 2.1/2.2 MB | 2.5/2.7 MB | 262/727 kBProgress (3): 2.1/2.2 MB | 2.5/2.7 MB | 262/727 kBProgress (3): 2.1/2.2 MB | 2.5/2.7 MB | 262/727 kBProgress (3): 2.1/2.2 MB | 2.5/2.7 MB | 262/727 kBProgress (3): 2.1/2.2 MB | 2.5/2.7 MB | 262/727 kBProgress (3): 2.1/2.2 MB | 2.5/2.7 MB | 262/727 kBProgress (3): 2.1/2.2 MB | 2.5/2.7 MB | 262/727 kBProgress (3): 2.2/2.2 MB | 2.5/2.7 MB | 262/727 kBProgress (3): 2.2/2.2 MB | 2.5/2.7 MB | 262/727 kBProgress (3): 2.2/2.2 MB | 2.5/2.7 MB | 262/727 kBProgress (3): 2.2/2.2 MB | 2.6/2.7 MB | 262/727 kBProgress (3): 2.2 MB | 2.6/2.7 MB | 262/727 kB    Progress (3): 2.2 MB | 2.6/2.7 MB | 262/727 kBProgress (3): 2.2 MB | 2.6/2.7 MB | 262/727 kBProgress (3): 2.2 MB | 2.6/2.7 MB | 262/727 kBProgress (3): 2.2 MB | 2.6/2.7 MB | 262/727 kBProgress (3): 2.2 MB | 2.6/2.7 MB | 278/727 kBProgress (3): 2.2 MB | 2.6/2.7 MB | 278/727 kBProgress (3): 2.2 MB | 2.7 MB | 278/727 kB    Progress (3): 2.2 MB | 2.7 MB | 294/727 kB                                          Downloaded from central: https://repo.maven.apache.org/maven2/com/h2database/h2/2.3.232/h2-2.3.232.jar (2.7 MB at 2.2 MB/s)
Progress (2): 2.2 MB | 311/727 kBProgress (2): 2.2 MB | 327/727 kBProgress (3): 2.2 MB | 327/727 kB | 7.7/67 kBProgress (3): 2.2 MB | 344/727 kB | 7.7/67 kBProgress (3): 2.2 MB | 344/727 kB | 16/67 kB Progress (3): 2.2 MB | 360/727 kB | 16/67 kBProgress (3): 2.2 MB | 360/727 kB | 32/67 kBProgress (3): 2.2 MB | 376/727 kB | 32/67 kBProgress (3): 2.2 MB | 376/727 kB | 48/67 kBProgress (3): 2.2 MB | 393/727 kB | 48/67 kBProgress (3): 2.2 MB | 393/727 kB | 65/67 kBProgress (3): 2.2 MB | 393/727 kB | 67 kB   Progress (3): 2.2 MB | 409/727 kB | 67 kBProgress (3): 2.2 MB | 426/727 kB | 67 kB                                         Downloaded from central: https://repo.maven.apache.org/maven2/jakarta/activation/jakarta.activation-api/2.1.4/jakarta.activation-api-2.1.4.jar (67 kB at 55 kB/s)
Progress (2): 2.2 MB | 442/727 kB                                 Downloading from central: https://repo.maven.apache.org/maven2/org/springdoc/springdoc-openapi-starter-webmvc-ui/2.8.15/springdoc-openapi-starter-webmvc-ui-2.8.15.jar
Progress (2): 2.2 MB | 458/727 kB                                 Downloaded from central: https://repo.maven.apache.org/maven2/org/aspectj/aspectjweaver/1.9.25.1/aspectjweaver-1.9.25.1.jar (2.2 MB at 1.8 MB/s)
Downloading from central: https://repo.maven.apache.org/maven2/org/springdoc/springdoc-openapi-starter-webmvc-api/2.8.15/springdoc-openapi-starter-webmvc-api-2.8.15.jar
Progress (1): 475/727 kBProgress (1): 491/727 kBProgress (1): 507/727 kBProgress (1): 524/727 kBProgress (1): 540/727 kBProgress (1): 557/727 kBProgress (1): 573/727 kBProgress (1): 589/727 kBProgress (1): 606/727 kBProgress (1): 622/727 kBProgress (1): 639/727 kB                        Downloading from central: https://repo.maven.apache.org/maven2/org/springdoc/springdoc-openapi-starter-common/2.8.15/springdoc-openapi-starter-common-2.8.15.jar
Progress (1): 655/727 kBProgress (1): 671/727 kBProgress (2): 671/727 kB | 7.7/27 kBProgress (2): 688/727 kB | 7.7/27 kBProgress (2): 688/727 kB | 16/27 kB Progress (2): 688/727 kB | 27 kB   Progress (2): 704/727 kB | 27 kBProgress (2): 720/727 kB | 27 kBProgress (2): 727 kB | 27 kB                                Downloaded from central: https://repo.maven.apache.org/maven2/org/eclipse/angus/angus-activation/2.0.3/angus-activation-2.0.3.jar (27 kB at 22 kB/s)
Downloading from central: https://repo.maven.apache.org/maven2/org/springframework/boot/spring-boot-starter-validation/3.5.10/spring-boot-starter-validation-3.5.10.jar
Downloaded from central: https://repo.maven.apache.org/maven2/org/eclipse/angus/jakarta.mail/2.0.5/jakarta.mail-2.0.5.jar (727 kB at 591 kB/s)
Downloading from central: https://repo.maven.apache.org/maven2/org/hibernate/validator/hibernate-validator/8.0.3.Final/hibernate-validator-8.0.3.Final.jar
Progress (1): 7.7/24 kBProgress (1): 16/24 kB Progress (1): 24 kB                      Downloaded from central: https://repo.maven.apache.org/maven2/org/springdoc/springdoc-openapi-starter-webmvc-ui/2.8.15/springdoc-openapi-starter-webmvc-ui-2.8.15.jar (24 kB at 19 kB/s)
Downloading from central: https://repo.maven.apache.org/maven2/io/swagger/core/v3/swagger-core-jakarta/2.2.41/swagger-core-jakarta-2.2.41.jar
Progress (1): 7.7/547 kBProgress (2): 7.7/547 kB | 2.0 kBProgress (2): 16/547 kB | 2.0 kB Progress (2): 32/547 kB | 2.0 kBProgress (2): 49/547 kB | 2.0 kB                                Downloaded from central: https://repo.maven.apache.org/maven2/org/springframework/boot/spring-boot-starter-validation/3.5.10/spring-boot-starter-validation-3.5.10.jar (2.0 kB at 1.6 kB/s)
Downloading from central: https://repo.maven.apache.org/maven2/io/swagger/core/v3/swagger-annotations-jakarta/2.2.41/swagger-annotations-jakarta-2.2.41.jar
Progress (1): 65/547 kBProgress (2): 65/547 kB | 7.7/43 kBProgress (2): 81/547 kB | 7.7/43 kBProgress (2): 81/547 kB | 16/43 kB Progress (2): 98/547 kB | 16/43 kBProgress (2): 98/547 kB | 32/43 kBProgress (2): 98/547 kB | 43 kB   Progress (3): 98/547 kB | 43 kB | 0/1.3 MBProgress (3): 98/547 kB | 43 kB | 0/1.3 MBProgress (3): 98/547 kB | 43 kB | 0/1.3 MBProgress (3): 98/547 kB | 43 kB | 0/1.3 MBProgress (3): 98/547 kB | 43 kB | 0.1/1.3 MBProgress (3): 98/547 kB | 43 kB | 0.1/1.3 MB                                            Downloaded from central: https://repo.maven.apache.org/maven2/org/springdoc/springdoc-openapi-starter-webmvc-api/2.8.15/springdoc-openapi-starter-webmvc-api-2.8.15.jar (43 kB at 34 kB/s)
Progress (2): 98/547 kB | 0.1/1.3 MB                                    Downloading from central: https://repo.maven.apache.org/maven2/io/swagger/core/v3/swagger-models-jakarta/2.2.41/swagger-models-jakarta-2.2.41.jar
Progress (2): 98/547 kB | 0.1/1.3 MBProgress (2): 98/547 kB | 0.1/1.3 MBProgress (2): 98/547 kB | 0.1/1.3 MBProgress (2): 98/547 kB | 0.2/1.3 MBProgress (2): 114/547 kB | 0.2/1.3 MBProgress (2): 131/547 kB | 0.2/1.3 MBProgress (2): 147/547 kB | 0.2/1.3 MBProgress (2): 147/547 kB | 0.2/1.3 MBProgress (2): 163/547 kB | 0.2/1.3 MBProgress (2): 180/547 kB | 0.2/1.3 MBProgress (2): 180/547 kB | 0.2/1.3 MBProgress (2): 196/547 kB | 0.2/1.3 MBProgress (2): 213/547 kB | 0.2/1.3 MBProgress (2): 213/547 kB | 0.2/1.3 MBProgress (2): 229/547 kB | 0.2/1.3 MBProgress (2): 229/547 kB | 0.2/1.3 MBProgress (2): 245/547 kB | 0.2/1.3 MBProgress (2): 245/547 kB | 0.2/1.3 MBProgress (2): 262/547 kB | 0.2/1.3 MBProgress (2): 262/547 kB | 0.2/1.3 MBProgress (2): 278/547 kB | 0.2/1.3 MBProgress (2): 278/547 kB | 0.3/1.3 MBProgress (2): 294/547 kB | 0.3/1.3 MBProgress (2): 294/547 kB | 0.3/1.3 MBProgress (2): 311/547 kB | 0.3/1.3 MBProgress (2): 311/547 kB | 0.3/1.3 MBProgress (2): 327/547 kB | 0.3/1.3 MBProgress (2): 327/547 kB | 0.3/1.3 MBProgress (2): 344/547 kB | 0.3/1.3 MBProgress (2): 344/547 kB | 0.3/1.3 MBProgress (2): 360/547 kB | 0.3/1.3 MBProgress (2): 376/547 kB | 0.3/1.3 MBProgress (2): 376/547 kB | 0.3/1.3 MBProgress (2): 393/547 kB | 0.3/1.3 MBProgress (2): 393/547 kB | 0.4/1.3 MBProgress (2): 409/547 kB | 0.4/1.3 MBProgress (2): 426/547 kB | 0.4/1.3 MBProgress (2): 426/547 kB | 0.4/1.3 MBProgress (2): 442/547 kB | 0.4/1.3 MBProgress (2): 442/547 kB | 0.4/1.3 MBProgress (2): 442/547 kB | 0.4/1.3 MBProgress (2): 458/547 kB | 0.4/1.3 MBProgress (2): 475/547 kB | 0.4/1.3 MBProgress (2): 475/547 kB | 0.4/1.3 MBProgress (2): 491/547 kB | 0.4/1.3 MBProgress (2): 491/547 kB | 0.4/1.3 MBProgress (2): 507/547 kB | 0.4/1.3 MBProgress (2): 507/547 kB | 0.5/1.3 MBProgress (2): 524/547 kB | 0.5/1.3 MBProgress (2): 524/547 kB | 0.5/1.3 MBProgress (2): 540/547 kB | 0.5/1.3 MBProgress (2): 540/547 kB | 0.5/1.3 MBProgress (2): 547 kB | 0.5/1.3 MB    Progress (2): 547 kB | 0.5/1.3 MBProgress (2): 547 kB | 0.5/1.3 MBProgress (2): 547 kB | 0.5/1.3 MB                                 Downloaded from central: https://repo.maven.apache.org/maven2/org/springdoc/springdoc-openapi-starter-common/2.8.15/springdoc-openapi-starter-common-2.8.15.jar (547 kB at 430 kB/s)
Downloading from central: https://repo.maven.apache.org/maven2/jakarta/validation/jakarta.validation-api/3.0.2/jakarta.validation-api-3.0.2.jar
Progress (1): 0.6/1.3 MBProgress (1): 0.6/1.3 MBProgress (1): 0.6/1.3 MBProgress (1): 0.6/1.3 MBProgress (1): 0.6/1.3 MBProgress (1): 0.6/1.3 MBProgress (1): 0.7/1.3 MBProgress (1): 0.7/1.3 MBProgress (1): 0.7/1.3 MBProgress (1): 0.7/1.3 MBProgress (1): 0.7/1.3 MBProgress (1): 0.7/1.3 MBProgress (1): 0.7/1.3 MBProgress (1): 0.8/1.3 MBProgress (1): 0.8/1.3 MBProgress (1): 0.8/1.3 MBProgress (1): 0.8/1.3 MBProgress (1): 0.8/1.3 MBProgress (1): 0.8/1.3 MBProgress (1): 0.9/1.3 MBProgress (1): 0.9/1.3 MBProgress (1): 0.9/1.3 MBProgress (1): 0.9/1.3 MBProgress (1): 0.9/1.3 MBProgress (1): 0.9/1.3 MBProgress (1): 1.0/1.3 MBProgress (1): 1.0/1.3 MBProgress (1): 1.0/1.3 MBProgress (1): 1.0/1.3 MBProgress (1): 1.0/1.3 MBProgress (1): 1.0/1.3 MBProgress (1): 1.1/1.3 MBProgress (1): 1.1/1.3 MBProgress (1): 1.1/1.3 MBProgress (1): 1.1/1.3 MBProgress (1): 1.1/1.3 MBProgress (2): 1.1/1.3 MB | 7.5/255 kBProgress (2): 1.1/1.3 MB | 24/255 kB Progress (2): 1.1/1.3 MB | 40/255 kBProgress (3): 1.1/1.3 MB | 40/255 kB | 7.7/51 kBProgress (3): 1.1/1.3 MB | 57/255 kB | 7.7/51 kBProgress (3): 1.1/1.3 MB | 57/255 kB | 8.2/51 kBProgress (3): 1.1/1.3 MB | 57/255 kB | 25/51 kB Progress (3): 1.1/1.3 MB | 73/255 kB | 25/51 kBProgress (3): 1.1/1.3 MB | 73/255 kB | 41/51 kBProgress (3): 1.1/1.3 MB | 89/255 kB | 41/51 kBProgress (3): 1.1/1.3 MB | 106/255 kB | 41/51 kBProgress (3): 1.1/1.3 MB | 106/255 kB | 51 kB   Progress (3): 1.1/1.3 MB | 122/255 kB | 51 kBProgress (3): 1.1/1.3 MB | 122/255 kB | 51 kBProgress (3): 1.1/1.3 MB | 130/255 kB | 51 kBProgress (3): 1.1/1.3 MB | 147/255 kB | 51 kBProgress (3): 1.2/1.3 MB | 147/255 kB | 51 kBProgress (3): 1.2/1.3 MB | 163/255 kB | 51 kBProgress (3): 1.2/1.3 MB | 163/255 kB | 51 kBProgress (3): 1.2/1.3 MB | 180/255 kB | 51 kBProgress (3): 1.2/1.3 MB | 180/255 kB | 51 kBProgress (3): 1.2/1.3 MB | 196/255 kB | 51 kBProgress (3): 1.2/1.3 MB | 196/255 kB | 51 kBProgress (3): 1.2/1.3 MB | 212/255 kB | 51 kBProgress (3): 1.2/1.3 MB | 212/255 kB | 51 kBProgress (3): 1.2/1.3 MB | 229/255 kB | 51 kBProgress (3): 1.2/1.3 MB | 229/255 kB | 51 kBProgress (3): 1.2/1.3 MB | 245/255 kB | 51 kBProgress (3): 1.3/1.3 MB | 245/255 kB | 51 kBProgress (3): 1.3/1.3 MB | 255 kB | 51 kB    Progress (3): 1.3/1.3 MB | 255 kB | 51 kBProgress (3): 1.3/1.3 MB | 255 kB | 51 kBProgress (3): 1.3/1.3 MB | 255 kB | 51 kB                                         Downloaded from central: https://repo.maven.apache.org/maven2/io/swagger/core/v3/swagger-core-jakarta/2.2.41/swagger-core-jakarta-2.2.41.jar (255 kB at 197 kB/s)
Downloading from central: https://repo.maven.apache.org/maven2/com/fasterxml/jackson/dataformat/jackson-dataformat-yaml/2.19.4/jackson-dataformat-yaml-2.19.4.jar
Progress (2): 1.3/1.3 MB | 51 kBProgress (2): 1.3 MB | 51 kB                                Downloaded from central: https://repo.maven.apache.org/maven2/io/swagger/core/v3/swagger-annotations-jakarta/2.2.41/swagger-annotations-jakarta-2.2.41.jar (51 kB at 39 kB/s)
Downloading from central: https://repo.maven.apache.org/maven2/org/webjars/swagger-ui/5.31.0/swagger-ui-5.31.0.jar
Downloaded from central: https://repo.maven.apache.org/maven2/org/hibernate/validator/hibernate-validator/8.0.3.Final/hibernate-validator-8.0.3.Final.jar (1.3 MB at 1.0 MB/s)
Downloading from central: https://repo.maven.apache.org/maven2/org/webjars/webjars-locator-lite/1.1.3/webjars-locator-lite-1.1.3.jar
Progress (1): 7.7/142 kBProgress (1): 16/142 kB Progress (1): 25/142 kBProgress (1): 41/142 kBProgress (1): 57/142 kBProgress (1): 74/142 kBProgress (1): 90/142 kBProgress (1): 106/142 kBProgress (1): 123/142 kBProgress (1): 139/142 kBProgress (1): 142 kB                        Downloaded from central: https://repo.maven.apache.org/maven2/io/swagger/core/v3/swagger-models-jakarta/2.2.41/swagger-models-jakarta-2.2.41.jar (142 kB at 109 kB/s)
Downloading from central: https://repo.maven.apache.org/maven2/org/jspecify/jspecify/1.0.0/jspecify-1.0.0.jar
Progress (1): 7.7/93 kBProgress (1): 16/93 kB Progress (1): 25/93 kBProgress (1): 41/93 kBProgress (1): 57/93 kBProgress (1): 66/93 kBProgress (1): 82/93 kBProgress (1): 93 kB                      Downloaded from central: https://repo.maven.apache.org/maven2/jakarta/validation/jakarta.validation-api/3.0.2/jakarta.validation-api-3.0.2.jar (93 kB at 72 kB/s)
Downloading from central: https://repo.maven.apache.org/maven2/org/springframework/boot/spring-boot-starter-test/3.5.10/spring-boot-starter-test-3.5.10.jar
Progress (1): 7.7/60 kBProgress (1): 16/60 kB Progress (1): 32/60 kBProgress (1): 49/60 kBProgress (1): 57/60 kBProgress (1): 60 kB   Progress (2): 60 kB | 7.7/8.7 kBProgress (2): 60 kB | 8.7 kB                                Downloaded from central: https://repo.maven.apache.org/maven2/com/fasterxml/jackson/dataformat/jackson-dataformat-yaml/2.19.4/jackson-dataformat-yaml-2.19.4.jar (60 kB at 46 kB/s)
Downloading from central: https://repo.maven.apache.org/maven2/org/springframework/boot/spring-boot-test/3.5.10/spring-boot-test-3.5.10.jar
Downloaded from central: https://repo.maven.apache.org/maven2/org/webjars/webjars-locator-lite/1.1.3/webjars-locator-lite-1.1.3.jar (8.7 kB at 6.6 kB/s)
Downloading from central: https://repo.maven.apache.org/maven2/org/springframework/boot/spring-boot-test-autoconfigure/3.5.10/spring-boot-test-autoconfigure-3.5.10.jar
Progress (1): 3.8 kB                    Downloaded from central: https://repo.maven.apache.org/maven2/org/jspecify/jspecify/1.0.0/jspecify-1.0.0.jar (3.8 kB at 2.9 kB/s)
Progress (1): 0/1.2 MB                      Downloading from central: https://repo.maven.apache.org/maven2/com/jayway/jsonpath/json-path/2.9.0/json-path-2.9.0.jar
Progress (1): 0/1.2 MBProgress (1): 0/1.2 MBProgress (1): 0/1.2 MBProgress (1): 0.1/1.2 MBProgress (1): 0.1/1.2 MBProgress (1): 0.1/1.2 MBProgress (1): 0.1/1.2 MBProgress (1): 0.1/1.2 MBProgress (1): 0.1/1.2 MBProgress (1): 0.2/1.2 MBProgress (1): 0.2/1.2 MBProgress (1): 0.2/1.2 MBProgress (1): 0.2/1.2 MBProgress (1): 0.2/1.2 MBProgress (1): 0.2/1.2 MBProgress (1): 0.3/1.2 MBProgress (1): 0.3/1.2 MBProgress (1): 0.3/1.2 MBProgress (1): 0.3/1.2 MBProgress (1): 0.3/1.2 MBProgress (1): 0.3/1.2 MBProgress (1): 0.4/1.2 MBProgress (2): 0.4/1.2 MB | 2.0 kBProgress (2): 0.4/1.2 MB | 2.0 kB                                 Downloaded from central: https://repo.maven.apache.org/maven2/org/springframework/boot/spring-boot-starter-test/3.5.10/spring-boot-starter-test-3.5.10.jar (2.0 kB at 1.5 kB/s)
Progress (1): 0.4/1.2 MB                        Downloading from central: https://repo.maven.apache.org/maven2/jakarta/xml/bind/jakarta.xml.bind-api/4.0.4/jakarta.xml.bind-api-4.0.4.jar
Progress (1): 0.4/1.2 MBProgress (1): 0.4/1.2 MBProgress (1): 0.4/1.2 MBProgress (1): 0.5/1.2 MBProgress (1): 0.5/1.2 MBProgress (1): 0.5/1.2 MBProgress (1): 0.5/1.2 MBProgress (1): 0.5/1.2 MBProgress (1): 0.5/1.2 MBProgress (1): 0.6/1.2 MBProgress (1): 0.6/1.2 MBProgress (1): 0.6/1.2 MBProgress (1): 0.6/1.2 MBProgress (1): 0.6/1.2 MBProgress (1): 0.6/1.2 MBProgress (1): 0.7/1.2 MBProgress (1): 0.7/1.2 MBProgress (1): 0.7/1.2 MBProgress (1): 0.7/1.2 MBProgress (1): 0.7/1.2 MBProgress (1): 0.7/1.2 MBProgress (1): 0.8/1.2 MBProgress (1): 0.8/1.2 MBProgress (1): 0.8/1.2 MBProgress (1): 0.8/1.2 MBProgress (1): 0.8/1.2 MBProgress (1): 0.8/1.2 MBProgress (1): 0.9/1.2 MBProgress (1): 0.9/1.2 MBProgress (1): 0.9/1.2 MBProgress (1): 0.9/1.2 MBProgress (1): 0.9/1.2 MBProgress (1): 0.9/1.2 MBProgress (1): 0.9/1.2 MBProgress (1): 1.0/1.2 MBProgress (1): 1.0/1.2 MBProgress (1): 1.0/1.2 MBProgress (1): 1.0/1.2 MBProgress (1): 1.0/1.2 MBProgress (1): 1.0/1.2 MBProgress (1): 1.1/1.2 MBProgress (1): 1.1/1.2 MBProgress (1): 1.1/1.2 MBProgress (1): 1.1/1.2 MBProgress (1): 1.1/1.2 MBProgress (1): 1.1/1.2 MBProgress (1): 1.2 MB                        Downloaded from central: https://repo.maven.apache.org/maven2/org/webjars/swagger-ui/5.31.0/swagger-ui-5.31.0.jar (1.2 MB at 863 kB/s)
Downloading from central: https://repo.maven.apache.org/maven2/net/minidev/json-smart/2.5.2/json-smart-2.5.2.jar
Progress (1): 7.7/227 kBProgress (1): 16/227 kB Progress (1): 32/227 kBProgress (1): 49/227 kBProgress (1): 57/227 kBProgress (1): 73/227 kBProgress (1): 90/227 kBProgress (1): 106/227 kBProgress (1): 122/227 kBProgress (1): 131/227 kBProgress (1): 147/227 kBProgress (2): 147/227 kB | 7.7/255 kBProgress (2): 147/227 kB | 16/255 kB Progress (3): 147/227 kB | 16/255 kB | 7.7/277 kBProgress (3): 147/227 kB | 16/255 kB | 16/277 kB Progress (3): 147/227 kB | 32/255 kB | 16/277 kBProgress (3): 147/227 kB | 32/255 kB | 29/277 kBProgress (3): 147/227 kB | 48/255 kB | 29/277 kBProgress (3): 147/227 kB | 48/255 kB | 45/277 kBProgress (3): 147/227 kB | 65/255 kB | 45/277 kBProgress (3): 147/227 kB | 65/255 kB | 61/277 kBProgress (3): 147/227 kB | 81/255 kB | 61/277 kBProgress (3): 147/227 kB | 81/255 kB | 78/277 kBProgress (3): 147/227 kB | 98/255 kB | 78/277 kBProgress (3): 147/227 kB | 98/255 kB | 94/277 kBProgress (3): 147/227 kB | 114/255 kB | 94/277 kBProgress (3): 147/227 kB | 130/255 kB | 94/277 kBProgress (3): 147/227 kB | 130/255 kB | 111/277 kBProgress (3): 147/227 kB | 147/255 kB | 111/277 kBProgress (3): 147/227 kB | 147/255 kB | 127/277 kBProgress (3): 147/227 kB | 163/255 kB | 127/277 kBProgress (3): 147/227 kB | 163/255 kB | 143/277 kBProgress (3): 147/227 kB | 180/255 kB | 143/277 kBProgress (3): 147/227 kB | 180/255 kB | 160/277 kBProgress (3): 147/227 kB | 196/255 kB | 160/277 kBProgress (3): 147/227 kB | 196/255 kB | 176/277 kBProgress (3): 147/227 kB | 203/255 kB | 176/277 kBProgress (3): 147/227 kB | 220/255 kB | 176/277 kBProgress (3): 164/227 kB | 220/255 kB | 176/277 kBProgress (3): 164/227 kB | 236/255 kB | 176/277 kBProgress (3): 164/227 kB | 253/255 kB | 176/277 kBProgress (3): 164/227 kB | 255 kB | 176/277 kB    Progress (3): 164/227 kB | 255 kB | 193/277 kBProgress (3): 180/227 kB | 255 kB | 193/277 kB                                              Downloaded from central: https://repo.maven.apache.org/maven2/org/springframework/boot/spring-boot-test/3.5.10/spring-boot-test-3.5.10.jar (255 kB at 187 kB/s)
Downloading from central: https://repo.maven.apache.org/maven2/net/minidev/accessors-smart/2.5.2/accessors-smart-2.5.2.jar
Progress (2): 180/227 kB | 197/277 kBProgress (2): 197/227 kB | 197/277 kBProgress (2): 213/227 kB | 197/277 kBProgress (2): 227 kB | 197/277 kB    Progress (2): 227 kB | 213/277 kBProgress (2): 227 kB | 229/277 kB                                 Downloaded from central: https://repo.maven.apache.org/maven2/org/springframework/boot/spring-boot-test-autoconfigure/3.5.10/spring-boot-test-autoconfigure-3.5.10.jar (227 kB at 166 kB/s)
Downloading from central: https://repo.maven.apache.org/maven2/org/ow2/asm/asm/9.7.1/asm-9.7.1.jar
Progress (2): 229/277 kB | 7.7/131 kBProgress (2): 229/277 kB | 12/131 kB Progress (2): 229/277 kB | 28/131 kBProgress (2): 246/277 kB | 28/131 kBProgress (2): 262/277 kB | 28/131 kBProgress (2): 262/277 kB | 44/131 kBProgress (2): 277 kB | 44/131 kB    Progress (2): 277 kB | 61/131 kBProgress (2): 277 kB | 77/131 kB                                Downloaded from central: https://repo.maven.apache.org/maven2/com/jayway/jsonpath/json-path/2.9.0/json-path-2.9.0.jar (277 kB at 202 kB/s)
Downloading from central: https://repo.maven.apache.org/maven2/org/assertj/assertj-core/3.27.6/assertj-core-3.27.6.jar
Progress (1): 94/131 kBProgress (1): 110/131 kBProgress (1): 126/131 kBProgress (1): 131 kB                        Downloaded from central: https://repo.maven.apache.org/maven2/jakarta/xml/bind/jakarta.xml.bind-api/4.0.4/jakarta.xml.bind-api-4.0.4.jar (131 kB at 96 kB/s)
Downloading from central: https://repo.maven.apache.org/maven2/org/awaitility/awaitility/4.2.2/awaitility-4.2.2.jar
Progress (1): 7.7/122 kBProgress (1): 16/122 kB Progress (1): 32/122 kBProgress (1): 49/122 kBProgress (1): 65/122 kBProgress (1): 81/122 kBProgress (1): 98/122 kBProgress (1): 114/122 kBProgress (1): 122 kB                        Downloaded from central: https://repo.maven.apache.org/maven2/net/minidev/json-smart/2.5.2/json-smart-2.5.2.jar (122 kB at 89 kB/s)
Downloading from central: https://repo.maven.apache.org/maven2/org/hamcrest/hamcrest/3.0/hamcrest-3.0.jar
Progress (1): 7.7/30 kBProgress (1): 16/30 kB Progress (1): 30 kB   Progress (2): 30 kB | 7.7/126 kBProgress (2): 30 kB | 12/126 kB                                Downloaded from central: https://repo.maven.apache.org/maven2/net/minidev/accessors-smart/2.5.2/accessors-smart-2.5.2.jar (30 kB at 22 kB/s)
Downloading from central: https://repo.maven.apache.org/maven2/org/junit/jupiter/junit-jupiter/5.12.2/junit-jupiter-5.12.2.jar
Progress (1): 28/126 kBProgress (1): 44/126 kBProgress (1): 61/126 kBProgress (1): 77/126 kBProgress (2): 77/126 kB | 0/1.4 MBProgress (2): 93/126 kB | 0/1.4 MBProgress (2): 93/126 kB | 0/1.4 MBProgress (2): 93/126 kB | 0/1.4 MBProgress (2): 93/126 kB | 0/1.4 MBProgress (2): 110/126 kB | 0/1.4 MBProgress (2): 110/126 kB | 0.1/1.4 MBProgress (2): 110/126 kB | 0.1/1.4 MBProgress (2): 110/126 kB | 0.1/1.4 MBProgress (2): 126 kB | 0.1/1.4 MB    Progress (2): 126 kB | 0.1/1.4 MBProgress (2): 126 kB | 0.1/1.4 MBProgress (2): 126 kB | 0.1/1.4 MBProgress (2): 126 kB | 0.2/1.4 MBProgress (2): 126 kB | 0.2/1.4 MB                                 Downloaded from central: https://repo.maven.apache.org/maven2/org/ow2/asm/asm/9.7.1/asm-9.7.1.jar (126 kB at 90 kB/s)
Downloading from central: https://repo.maven.apache.org/maven2/org/junit/jupiter/junit-jupiter-api/5.12.2/junit-jupiter-api-5.12.2.jar
Progress (1): 0.2/1.4 MBProgress (1): 0.2/1.4 MBProgress (1): 0.2/1.4 MBProgress (1): 0.2/1.4 MBProgress (1): 0.3/1.4 MBProgress (1): 0.3/1.4 MBProgress (1): 0.3/1.4 MBProgress (1): 0.3/1.4 MBProgress (1): 0.3/1.4 MBProgress (1): 0.3/1.4 MBProgress (1): 0.3/1.4 MBProgress (1): 0.4/1.4 MBProgress (1): 0.4/1.4 MBProgress (1): 0.4/1.4 MBProgress (1): 0.4/1.4 MBProgress (1): 0.4/1.4 MBProgress (1): 0.4/1.4 MBProgress (1): 0.5/1.4 MBProgress (1): 0.5/1.4 MBProgress (1): 0.5/1.4 MBProgress (1): 0.5/1.4 MBProgress (1): 0.5/1.4 MBProgress (1): 0.5/1.4 MBProgress (1): 0.6/1.4 MBProgress (1): 0.6/1.4 MBProgress (1): 0.6/1.4 MBProgress (1): 0.6/1.4 MBProgress (1): 0.6/1.4 MBProgress (1): 0.6/1.4 MBProgress (2): 0.6/1.4 MB | 7.7/97 kBProgress (2): 0.7/1.4 MB | 7.7/97 kBProgress (2): 0.7/1.4 MB | 16/97 kB Progress (2): 0.7/1.4 MB | 16/97 kBProgress (2): 0.7/1.4 MB | 16/97 kBProgress (2): 0.7/1.4 MB | 32/97 kBProgress (2): 0.7/1.4 MB | 32/97 kBProgress (2): 0.7/1.4 MB | 49/97 kBProgress (2): 0.7/1.4 MB | 49/97 kBProgress (2): 0.7/1.4 MB | 65/97 kBProgress (2): 0.7/1.4 MB | 65/97 kBProgress (2): 0.7/1.4 MB | 81/97 kBProgress (2): 0.8/1.4 MB | 81/97 kBProgress (2): 0.8/1.4 MB | 97 kB   Progress (2): 0.8/1.4 MB | 97 kBProgress (2): 0.8/1.4 MB | 97 kB                                Downloaded from central: https://repo.maven.apache.org/maven2/org/awaitility/awaitility/4.2.2/awaitility-4.2.2.jar (97 kB at 69 kB/s)
Downloading from central: https://repo.maven.apache.org/maven2/org/opentest4j/opentest4j/1.3.0/opentest4j-1.3.0.jar
Progress (1): 0.8/1.4 MBProgress (1): 0.8/1.4 MBProgress (2): 0.8/1.4 MB | 7.7/126 kBProgress (2): 0.8/1.4 MB | 16/126 kB Progress (2): 0.8/1.4 MB | 16/126 kBProgress (2): 0.8/1.4 MB | 32/126 kBProgress (2): 0.8/1.4 MB | 32/126 kBProgress (2): 0.9/1.4 MB | 32/126 kBProgress (2): 0.9/1.4 MB | 49/126 kBProgress (2): 0.9/1.4 MB | 49/126 kBProgress (2): 0.9/1.4 MB | 49/126 kBProgress (2): 0.9/1.4 MB | 65/126 kBProgress (2): 0.9/1.4 MB | 65/126 kBProgress (2): 0.9/1.4 MB | 81/126 kBProgress (2): 0.9/1.4 MB | 98/126 kBProgress (2): 0.9/1.4 MB | 98/126 kBProgress (2): 0.9/1.4 MB | 114/126 kBProgress (2): 0.9/1.4 MB | 126 kB    Progress (2): 0.9/1.4 MB | 126 kBProgress (2): 1.0/1.4 MB | 126 kB                                 Downloaded from central: https://repo.maven.apache.org/maven2/org/hamcrest/hamcrest/3.0/hamcrest-3.0.jar (126 kB at 89 kB/s)
Downloading from central: https://repo.maven.apache.org/maven2/org/junit/platform/junit-platform-commons/1.12.2/junit-platform-commons-1.12.2.jar
Progress (1): 1.0/1.4 MBProgress (1): 1.0/1.4 MBProgress (1): 1.0/1.4 MBProgress (1): 1.0/1.4 MBProgress (1): 1.0/1.4 MBProgress (1): 1.0/1.4 MBProgress (1): 1.1/1.4 MBProgress (1): 1.1/1.4 MBProgress (1): 1.1/1.4 MBProgress (1): 1.1/1.4 MBProgress (1): 1.1/1.4 MBProgress (1): 1.1/1.4 MBProgress (1): 1.2/1.4 MBProgress (1): 1.2/1.4 MBProgress (1): 1.2/1.4 MBProgress (2): 1.2/1.4 MB | 6.4 kBProgress (2): 1.2/1.4 MB | 6.4 kBProgress (2): 1.2/1.4 MB | 6.4 kB                                 Downloaded from central: https://repo.maven.apache.org/maven2/org/junit/jupiter/junit-jupiter/5.12.2/junit-jupiter-5.12.2.jar (6.4 kB at 4.5 kB/s)
Downloading from central: https://repo.maven.apache.org/maven2/org/apiguardian/apiguardian-api/1.1.2/apiguardian-api-1.1.2.jar
Progress (1): 1.2/1.4 MBProgress (1): 1.3/1.4 MBProgress (1): 1.3/1.4 MBProgress (1): 1.3/1.4 MBProgress (1): 1.3/1.4 MBProgress (2): 1.3/1.4 MB | 7.7/233 kBProgress (2): 1.3/1.4 MB | 16/233 kB Progress (2): 1.3/1.4 MB | 16/233 kBProgress (2): 1.3/1.4 MB | 24/233 kBProgress (2): 1.3/1.4 MB | 24/233 kBProgress (2): 1.3/1.4 MB | 41/233 kBProgress (2): 1.4/1.4 MB | 41/233 kBProgress (2): 1.4/1.4 MB | 57/233 kBProgress (2): 1.4/1.4 MB | 57/233 kBProgress (2): 1.4/1.4 MB | 73/233 kBProgress (2): 1.4/1.4 MB | 73/233 kBProgress (2): 1.4/1.4 MB | 90/233 kBProgress (2): 1.4 MB | 90/233 kB    Progress (2): 1.4 MB | 106/233 kB                                 Downloaded from central: https://repo.maven.apache.org/maven2/org/assertj/assertj-core/3.27.6/assertj-core-3.27.6.jar (1.4 MB at 980 kB/s)
Downloading from central: https://repo.maven.apache.org/maven2/org/junit/jupiter/junit-jupiter-params/5.12.2/junit-jupiter-params-5.12.2.jar
Progress (1): 122/233 kBProgress (1): 139/233 kBProgress (1): 155/233 kBProgress (1): 172/233 kBProgress (1): 188/233 kBProgress (1): 204/233 kBProgress (1): 221/233 kBProgress (1): 233 kB                        Downloaded from central: https://repo.maven.apache.org/maven2/org/junit/jupiter/junit-jupiter-api/5.12.2/junit-jupiter-api-5.12.2.jar (233 kB at 163 kB/s)
Downloading from central: https://repo.maven.apache.org/maven2/org/junit/jupiter/junit-jupiter-engine/5.12.2/junit-jupiter-engine-5.12.2.jar
Progress (1): 7.7/14 kBProgress (1): 8.2/14 kBProgress (1): 14 kB                       Downloaded from central: https://repo.maven.apache.org/maven2/org/opentest4j/opentest4j/1.3.0/opentest4j-1.3.0.jar (14 kB at 10.0 kB/s)
Downloading from central: https://repo.maven.apache.org/maven2/org/junit/platform/junit-platform-engine/1.12.2/junit-platform-engine-1.12.2.jar
Progress (1): 6.8 kB                    Downloaded from central: https://repo.maven.apache.org/maven2/org/apiguardian/apiguardian-api/1.1.2/apiguardian-api-1.1.2.jar (6.8 kB at 4.7 kB/s)
Downloading from central: https://repo.maven.apache.org/maven2/org/mockito/mockito-core/5.17.0/mockito-core-5.17.0.jar
Progress (1): 7.7/152 kBProgress (1): 16/152 kB Progress (1): 32/152 kBProgress (1): 49/152 kBProgress (1): 65/152 kBProgress (1): 81/152 kBProgress (1): 98/152 kBProgress (1): 114/152 kBProgress (1): 131/152 kBProgress (1): 147/152 kBProgress (1): 152 kB                        Downloaded from central: https://repo.maven.apache.org/maven2/org/junit/platform/junit-platform-commons/1.12.2/junit-platform-commons-1.12.2.jar (152 kB at 105 kB/s)
Downloading from central: https://repo.maven.apache.org/maven2/net/bytebuddy/byte-buddy-agent/1.17.8/byte-buddy-agent-1.17.8.jar
Progress (1): 7.7/602 kBProgress (1): 16/602 kB Progress (1): 32/602 kBProgress (1): 33/602 kBProgress (1): 49/602 kBProgress (1): 66/602 kBProgress (1): 82/602 kBProgress (2): 82/602 kB | 7.7/292 kBProgress (2): 82/602 kB | 16/292 kB Progress (2): 82/602 kB | 32/292 kBProgress (2): 98/602 kB | 32/292 kBProgress (2): 98/602 kB | 49/292 kBProgress (2): 98/602 kB | 57/292 kBProgress (2): 115/602 kB | 57/292 kBProgress (2): 115/602 kB | 74/292 kBProgress (2): 115/602 kB | 90/292 kBProgress (2): 131/602 kB | 90/292 kBProgress (2): 131/602 kB | 106/292 kBProgress (2): 147/602 kB | 106/292 kBProgress (2): 147/602 kB | 123/292 kBProgress (2): 147/602 kB | 131/292 kBProgress (2): 164/602 kB | 131/292 kBProgress (2): 164/602 kB | 147/292 kBProgress (2): 164/602 kB | 164/292 kBProgress (2): 164/602 kB | 180/292 kBProgress (2): 180/602 kB | 180/292 kBProgress (2): 180/602 kB | 197/292 kBProgress (2): 197/602 kB | 197/292 kBProgress (2): 197/602 kB | 213/292 kBProgress (2): 213/602 kB | 213/292 kBProgress (2): 213/602 kB | 229/292 kBProgress (2): 213/602 kB | 246/292 kBProgress (2): 229/602 kB | 246/292 kBProgress (2): 229/602 kB | 262/292 kBProgress (2): 229/602 kB | 279/292 kBProgress (2): 246/602 kB | 279/292 kBProgress (2): 246/602 kB | 292 kB    Progress (2): 262/602 kB | 292 kB                                 Downloaded from central: https://repo.maven.apache.org/maven2/org/junit/jupiter/junit-jupiter-engine/5.12.2/junit-jupiter-engine-5.12.2.jar (292 kB at 199 kB/s)
Downloading from central: https://repo.maven.apache.org/maven2/org/objenesis/objenesis/3.3/objenesis-3.3.jar
Progress (1): 279/602 kBProgress (1): 295/602 kBProgress (2): 295/602 kB | 7.7/256 kBProgress (2): 295/602 kB | 16/256 kB Progress (2): 295/602 kB | 16/256 kBProgress (2): 311/602 kB | 16/256 kBProgress (2): 311/602 kB | 33/256 kBProgress (2): 311/602 kB | 49/256 kBProgress (2): 328/602 kB | 49/256 kBProgress (2): 344/602 kB | 49/256 kBProgress (2): 344/602 kB | 66/256 kBProgress (2): 344/602 kB | 74/256 kBProgress (2): 344/602 kB | 82/256 kBProgress (2): 360/602 kB | 82/256 kBProgress (2): 360/602 kB | 90/256 kBProgress (2): 377/602 kB | 90/256 kBProgress (2): 377/602 kB | 106/256 kBProgress (2): 393/602 kB | 106/256 kBProgress (2): 393/602 kB | 115/256 kBProgress (2): 393/602 kB | 123/256 kBProgress (2): 410/602 kB | 123/256 kBProgress (2): 426/602 kB | 123/256 kBProgress (2): 426/602 kB | 139/256 kBProgress (2): 426/602 kB | 147/256 kBProgress (2): 442/602 kB | 147/256 kBProgress (2): 442/602 kB | 156/256 kBProgress (2): 442/602 kB | 164/256 kBProgress (2): 459/602 kB | 164/256 kBProgress (2): 459/602 kB | 172/256 kBProgress (2): 475/602 kB | 172/256 kBProgress (2): 492/602 kB | 172/256 kBProgress (2): 492/602 kB | 188/256 kBProgress (2): 508/602 kB | 188/256 kBProgress (2): 508/602 kB | 205/256 kBProgress (2): 524/602 kB | 205/256 kBProgress (2): 524/602 kB | 213/256 kBProgress (2): 541/602 kB | 213/256 kBProgress (2): 541/602 kB | 221/256 kBProgress (2): 557/602 kB | 221/256 kBProgress (2): 557/602 kB | 238/256 kBProgress (2): 573/602 kB | 238/256 kBProgress (2): 573/602 kB | 246/256 kBProgress (2): 590/602 kB | 246/256 kBProgress (2): 590/602 kB | 256 kB    Progress (2): 602 kB | 256 kB                                 Downloaded from central: https://repo.maven.apache.org/maven2/org/junit/platform/junit-platform-engine/1.12.2/junit-platform-engine-1.12.2.jar (256 kB at 174 kB/s)
Downloaded from central: https://repo.maven.apache.org/maven2/org/junit/jupiter/junit-jupiter-params/5.12.2/junit-jupiter-params-5.12.2.jar (602 kB at 408 kB/s)
Downloading from central: https://repo.maven.apache.org/maven2/org/mockito/mockito-junit-jupiter/5.17.0/mockito-junit-jupiter-5.17.0.jar
Downloading from central: https://repo.maven.apache.org/maven2/org/skyscreamer/jsonassert/1.5.3/jsonassert-1.5.3.jar
Progress (1): 7.7/709 kBProgress (1): 16/709 kB Progress (1): 32/709 kBProgress (1): 49/709 kBProgress (1): 65/709 kBProgress (1): 81/709 kBProgress (1): 98/709 kBProgress (1): 114/709 kBProgress (1): 131/709 kBProgress (1): 147/709 kBProgress (1): 163/709 kBProgress (1): 180/709 kBProgress (1): 196/709 kBProgress (1): 213/709 kBProgress (1): 229/709 kBProgress (1): 245/709 kBProgress (2): 245/709 kB | 7.7/367 kBProgress (2): 262/709 kB | 7.7/367 kBProgress (2): 262/709 kB | 16/367 kB Progress (2): 278/709 kB | 16/367 kBProgress (2): 294/709 kB | 16/367 kBProgress (2): 294/709 kB | 25/367 kBProgress (2): 311/709 kB | 25/367 kBProgress (2): 327/709 kB | 25/367 kBProgress (2): 327/709 kB | 41/367 kBProgress (2): 344/709 kB | 41/367 kBProgress (2): 344/709 kB | 57/367 kBProgress (2): 360/709 kB | 57/367 kBProgress (2): 376/709 kB | 57/367 kBProgress (2): 376/709 kB | 74/367 kBProgress (2): 393/709 kB | 74/367 kBProgress (2): 393/709 kB | 90/367 kBProgress (2): 409/709 kB | 90/367 kBProgress (2): 409/709 kB | 106/367 kBProgress (2): 426/709 kB | 106/367 kBProgress (2): 426/709 kB | 123/367 kBProgress (2): 442/709 kB | 123/367 kBProgress (2): 442/709 kB | 139/367 kBProgress (2): 458/709 kB | 139/367 kBProgress (2): 458/709 kB | 156/367 kBProgress (2): 458/709 kB | 172/367 kBProgress (2): 458/709 kB | 188/367 kBProgress (2): 475/709 kB | 188/367 kBProgress (2): 475/709 kB | 205/367 kBProgress (2): 491/709 kB | 205/367 kBProgress (2): 491/709 kB | 221/367 kBProgress (2): 491/709 kB | 238/367 kBProgress (2): 507/709 kB | 238/367 kBProgress (2): 507/709 kB | 254/367 kBProgress (2): 507/709 kB | 262/367 kBProgress (2): 524/709 kB | 262/367 kBProgress (2): 524/709 kB | 279/367 kBProgress (2): 540/709 kB | 279/367 kBProgress (2): 557/709 kB | 279/367 kBProgress (2): 573/709 kB | 279/367 kBProgress (3): 573/709 kB | 279/367 kB | 7.7/49 kBProgress (3): 589/709 kB | 279/367 kB | 7.7/49 kBProgress (3): 589/709 kB | 279/367 kB | 16/49 kB Progress (3): 589/709 kB | 279/367 kB | 32/49 kBProgress (3): 606/709 kB | 279/367 kB | 32/49 kBProgress (3): 606/709 kB | 279/367 kB | 49/49 kBProgress (3): 606/709 kB | 279/367 kB | 49 kB   Progress (3): 622/709 kB | 279/367 kB | 49 kBProgress (3): 639/709 kB | 279/367 kB | 49 kB                                             Downloaded from central: https://repo.maven.apache.org/maven2/org/objenesis/objenesis/3.3/objenesis-3.3.jar (49 kB at 33 kB/s)
Downloading from central: https://repo.maven.apache.org/maven2/com/vaadin/external/google/android-json/0.0.20131108.vaadin1/android-json-0.0.20131108.vaadin1.jar
Progress (2): 655/709 kB | 279/367 kBProgress (2): 671/709 kB | 279/367 kBProgress (2): 688/709 kB | 279/367 kBProgress (2): 688/709 kB | 295/367 kBProgress (2): 704/709 kB | 295/367 kBProgress (2): 709 kB | 295/367 kB    Progress (2): 709 kB | 311/367 kBProgress (2): 709 kB | 328/367 kBProgress (2): 709 kB | 344/367 kB                                 Downloaded from central: https://repo.maven.apache.org/maven2/org/mockito/mockito-core/5.17.0/mockito-core-5.17.0.jar (709 kB at 474 kB/s)
Progress (1): 360/367 kB                        Downloading from central: https://repo.maven.apache.org/maven2/org/springframework/spring-core/6.2.15/spring-core-6.2.15.jar
Progress (1): 367 kB                    Downloaded from central: https://repo.maven.apache.org/maven2/net/bytebuddy/byte-buddy-agent/1.17.8/byte-buddy-agent-1.17.8.jar (367 kB at 245 kB/s)
Downloading from central: https://repo.maven.apache.org/maven2/org/springframework/spring-jcl/6.2.15/spring-jcl-6.2.15.jar
Progress (1): 3.4/9.4 kBProgress (1): 9.4 kB                        Downloaded from central: https://repo.maven.apache.org/maven2/org/mockito/mockito-junit-jupiter/5.17.0/mockito-junit-jupiter-5.17.0.jar (9.4 kB at 6.2 kB/s)
Downloading from central: https://repo.maven.apache.org/maven2/org/springframework/spring-test/6.2.15/spring-test-6.2.15.jar
Progress (1): 7.7/31 kBProgress (1): 16/31 kB Progress (1): 31 kB                      Downloaded from central: https://repo.maven.apache.org/maven2/org/skyscreamer/jsonassert/1.5.3/jsonassert-1.5.3.jar (31 kB at 21 kB/s)
Downloading from central: https://repo.maven.apache.org/maven2/org/xmlunit/xmlunit-core/2.10.4/xmlunit-core-2.10.4.jar
Progress (1): 7.7/18 kBProgress (1): 12/18 kB Progress (1): 18 kB   Progress (2): 18 kB | 7.7/25 kB                               Downloaded from central: https://repo.maven.apache.org/maven2/com/vaadin/external/google/android-json/0.0.20131108.vaadin1/android-json-0.0.20131108.vaadin1.jar (18 kB at 12 kB/s)
Downloading from central: https://repo.maven.apache.org/maven2/org/springframework/security/spring-security-test/6.5.7/spring-security-test-6.5.7.jar
Progress (1): 16/25 kBProgress (1): 25 kB                      Downloaded from central: https://repo.maven.apache.org/maven2/org/springframework/spring-jcl/6.2.15/spring-jcl-6.2.15.jar (25 kB at 16 kB/s)
Downloading from central: https://repo.maven.apache.org/maven2/org/springframework/security/spring-security-core/6.5.7/spring-security-core-6.5.7.jar
Progress (1): 0/2.0 MBProgress (1): 0/2.0 MBProgress (1): 0/2.0 MBProgress (1): 0/2.0 MBProgress (1): 0.1/2.0 MBProgress (1): 0.1/2.0 MBProgress (1): 0.1/2.0 MBProgress (1): 0.1/2.0 MBProgress (1): 0.1/2.0 MBProgress (1): 0.1/2.0 MBProgress (1): 0.2/2.0 MBProgress (1): 0.2/2.0 MBProgress (1): 0.2/2.0 MBProgress (1): 0.2/2.0 MBProgress (2): 0.2/2.0 MB | 0/1.0 MBProgress (2): 0.2/2.0 MB | 0/1.0 MBProgress (2): 0.2/2.0 MB | 0/1.0 MBProgress (2): 0.2/2.0 MB | 0/1.0 MBProgress (2): 0.2/2.0 MB | 0/1.0 MBProgress (2): 0.2/2.0 MB | 0/1.0 MBProgress (2): 0.3/2.0 MB | 0/1.0 MBProgress (2): 0.3/2.0 MB | 0.1/1.0 MBProgress (2): 0.3/2.0 MB | 0.1/1.0 MBProgress (2): 0.3/2.0 MB | 0.1/1.0 MBProgress (2): 0.3/2.0 MB | 0.1/1.0 MBProgress (2): 0.3/2.0 MB | 0.1/1.0 MBProgress (2): 0.3/2.0 MB | 0.1/1.0 MBProgress (2): 0.3/2.0 MB | 0.1/1.0 MBProgress (2): 0.3/2.0 MB | 0.1/1.0 MBProgress (2): 0.3/2.0 MB | 0.1/1.0 MBProgress (2): 0.3/2.0 MB | 0.1/1.0 MBProgress (2): 0.3/2.0 MB | 0.1/1.0 MBProgress (2): 0.3/2.0 MB | 0.2/1.0 MBProgress (2): 0.3/2.0 MB | 0.2/1.0 MBProgress (2): 0.3/2.0 MB | 0.2/1.0 MBProgress (2): 0.3/2.0 MB | 0.2/1.0 MBProgress (2): 0.3/2.0 MB | 0.2/1.0 MBProgress (2): 0.3/2.0 MB | 0.2/1.0 MBProgress (2): 0.4/2.0 MB | 0.2/1.0 MBProgress (2): 0.4/2.0 MB | 0.2/1.0 MBProgress (2): 0.4/2.0 MB | 0.2/1.0 MBProgress (2): 0.4/2.0 MB | 0.2/1.0 MBProgress (2): 0.4/2.0 MB | 0.3/1.0 MBProgress (2): 0.4/2.0 MB | 0.3/1.0 MBProgress (2): 0.4/2.0 MB | 0.3/1.0 MBProgress (2): 0.4/2.0 MB | 0.3/1.0 MBProgress (2): 0.4/2.0 MB | 0.3/1.0 MBProgress (2): 0.4/2.0 MB | 0.3/1.0 MBProgress (2): 0.4/2.0 MB | 0.3/1.0 MBProgress (3): 0.4/2.0 MB | 0.3/1.0 MB | 7.7/178 kBProgress (3): 0.4/2.0 MB | 0.3/1.0 MB | 16/178 kB Progress (3): 0.4/2.0 MB | 0.4/1.0 MB | 16/178 kBProgress (3): 0.4/2.0 MB | 0.4/1.0 MB | 32/178 kBProgress (3): 0.4/2.0 MB | 0.4/1.0 MB | 32/178 kBProgress (3): 0.4/2.0 MB | 0.4/1.0 MB | 49/178 kBProgress (3): 0.4/2.0 MB | 0.4/1.0 MB | 49/178 kBProgress (3): 0.4/2.0 MB | 0.4/1.0 MB | 49/178 kBProgress (3): 0.4/2.0 MB | 0.4/1.0 MB | 49/178 kBProgress (3): 0.4/2.0 MB | 0.4/1.0 MB | 49/178 kBProgress (3): 0.4/2.0 MB | 0.4/1.0 MB | 49/178 kBProgress (3): 0.4/2.0 MB | 0.4/1.0 MB | 49/178 kBProgress (3): 0.5/2.0 MB | 0.4/1.0 MB | 49/178 kBProgress (3): 0.5/2.0 MB | 0.4/1.0 MB | 49/178 kBProgress (3): 0.5/2.0 MB | 0.5/1.0 MB | 49/178 kBProgress (3): 0.5/2.0 MB | 0.5/1.0 MB | 49/178 kBProgress (3): 0.5/2.0 MB | 0.5/1.0 MB | 49/178 kBProgress (3): 0.5/2.0 MB | 0.5/1.0 MB | 49/178 kBProgress (3): 0.5/2.0 MB | 0.5/1.0 MB | 49/178 kBProgress (3): 0.5/2.0 MB | 0.5/1.0 MB | 49/178 kBProgress (3): 0.5/2.0 MB | 0.5/1.0 MB | 49/178 kBProgress (3): 0.5/2.0 MB | 0.5/1.0 MB | 49/178 kBProgress (3): 0.5/2.0 MB | 0.5/1.0 MB | 65/178 kBProgress (3): 0.5/2.0 MB | 0.5/1.0 MB | 65/178 kBProgress (3): 0.5/2.0 MB | 0.5/1.0 MB | 81/178 kBProgress (3): 0.5/2.0 MB | 0.5/1.0 MB | 81/178 kBProgress (3): 0.5/2.0 MB | 0.5/1.0 MB | 98/178 kBProgress (3): 0.5/2.0 MB | 0.6/1.0 MB | 98/178 kBProgress (3): 0.5/2.0 MB | 0.6/1.0 MB | 114/178 kBProgress (3): 0.5/2.0 MB | 0.6/1.0 MB | 114/178 kBProgress (3): 0.5/2.0 MB | 0.6/1.0 MB | 131/178 kBProgress (3): 0.5/2.0 MB | 0.6/1.0 MB | 131/178 kBProgress (3): 0.5/2.0 MB | 0.6/1.0 MB | 147/178 kBProgress (3): 0.5/2.0 MB | 0.6/1.0 MB | 147/178 kBProgress (3): 0.5/2.0 MB | 0.6/1.0 MB | 163/178 kBProgress (3): 0.5/2.0 MB | 0.6/1.0 MB | 163/178 kBProgress (3): 0.5/2.0 MB | 0.6/1.0 MB | 163/178 kBProgress (3): 0.5/2.0 MB | 0.6/1.0 MB | 178 kB    Progress (3): 0.5/2.0 MB | 0.6/1.0 MB | 178 kBProgress (3): 0.5/2.0 MB | 0.7/1.0 MB | 178 kBProgress (3): 0.5/2.0 MB | 0.7/1.0 MB | 178 kBProgress (3): 0.5/2.0 MB | 0.7/1.0 MB | 178 kB                                              Downloaded from central: https://repo.maven.apache.org/maven2/org/xmlunit/xmlunit-core/2.10.4/xmlunit-core-2.10.4.jar (178 kB at 115 kB/s)
Progress (2): 0.5/2.0 MB | 0.7/1.0 MB                                     Downloading from central: https://repo.maven.apache.org/maven2/org/springframework/security/spring-security-crypto/6.5.7/spring-security-crypto-6.5.7.jar
Progress (2): 0.5/2.0 MB | 0.7/1.0 MBProgress (2): 0.5/2.0 MB | 0.7/1.0 MBProgress (2): 0.6/2.0 MB | 0.7/1.0 MBProgress (2): 0.6/2.0 MB | 0.7/1.0 MBProgress (2): 0.6/2.0 MB | 0.7/1.0 MBProgress (2): 0.6/2.0 MB | 0.7/1.0 MBProgress (2): 0.6/2.0 MB | 0.7/1.0 MBProgress (2): 0.6/2.0 MB | 0.7/1.0 MBProgress (2): 0.6/2.0 MB | 0.7/1.0 MBProgress (2): 0.6/2.0 MB | 0.8/1.0 MBProgress (2): 0.6/2.0 MB | 0.8/1.0 MBProgress (2): 0.6/2.0 MB | 0.8/1.0 MBProgress (2): 0.6/2.0 MB | 0.8/1.0 MBProgress (2): 0.6/2.0 MB | 0.8/1.0 MBProgress (2): 0.6/2.0 MB | 0.8/1.0 MBProgress (2): 0.7/2.0 MB | 0.8/1.0 MBProgress (2): 0.7/2.0 MB | 0.8/1.0 MBProgress (2): 0.7/2.0 MB | 0.8/1.0 MBProgress (2): 0.7/2.0 MB | 0.8/1.0 MBProgress (2): 0.7/2.0 MB | 0.8/1.0 MBProgress (2): 0.7/2.0 MB | 0.9/1.0 MBProgress (2): 0.7/2.0 MB | 0.9/1.0 MBProgress (3): 0.7/2.0 MB | 0.9/1.0 MB | 7.7/623 kBProgress (3): 0.7/2.0 MB | 0.9/1.0 MB | 7.7/623 kBProgress (3): 0.7/2.0 MB | 0.9/1.0 MB | 7.7/623 kBProgress (3): 0.7/2.0 MB | 0.9/1.0 MB | 16/623 kB Progress (3): 0.7/2.0 MB | 0.9/1.0 MB | 16/623 kBProgress (3): 0.7/2.0 MB | 0.9/1.0 MB | 16/623 kBProgress (3): 0.7/2.0 MB | 0.9/1.0 MB | 16/623 kBProgress (3): 0.8/2.0 MB | 0.9/1.0 MB | 16/623 kBProgress (3): 0.8/2.0 MB | 0.9/1.0 MB | 25/623 kBProgress (3): 0.8/2.0 MB | 0.9/1.0 MB | 25/623 kBProgress (3): 0.8/2.0 MB | 0.9/1.0 MB | 25/623 kBProgress (3): 0.8/2.0 MB | 0.9/1.0 MB | 25/623 kBProgress (3): 0.8/2.0 MB | 0.9/1.0 MB | 25/623 kBProgress (3): 0.8/2.0 MB | 0.9/1.0 MB | 25/623 kBProgress (3): 0.8/2.0 MB | 1.0/1.0 MB | 25/623 kBProgress (3): 0.8/2.0 MB | 1.0/1.0 MB | 25/623 kBProgress (3): 0.8/2.0 MB | 1.0/1.0 MB | 25/623 kBProgress (3): 0.8/2.0 MB | 1.0/1.0 MB | 25/623 kBProgress (3): 0.8/2.0 MB | 1.0/1.0 MB | 25/623 kBProgress (3): 0.8/2.0 MB | 1.0/1.0 MB | 25/623 kBProgress (3): 0.8/2.0 MB | 1.0/1.0 MB | 41/623 kBProgress (3): 0.8/2.0 MB | 1.0/1.0 MB | 41/623 kBProgress (3): 0.9/2.0 MB | 1.0/1.0 MB | 41/623 kBProgress (3): 0.9/2.0 MB | 1.0/1.0 MB | 41/623 kBProgress (3): 0.9/2.0 MB | 1.0/1.0 MB | 41/623 kBProgress (3): 0.9/2.0 MB | 1.0 MB | 41/623 kB    Progress (3): 0.9/2.0 MB | 1.0 MB | 41/623 kBProgress (3): 0.9/2.0 MB | 1.0 MB | 41/623 kBProgress (3): 0.9/2.0 MB | 1.0 MB | 41/623 kB                                             Downloaded from central: https://repo.maven.apache.org/maven2/org/springframework/spring-test/6.2.15/spring-test-6.2.15.jar (1.0 MB at 658 kB/s)
Downloading from central: https://repo.maven.apache.org/maven2/org/apache/commons/commons-lang3/3.17.0/commons-lang3-3.17.0.jar
Progress (2): 0.9/2.0 MB | 41/623 kBProgress (2): 0.9/2.0 MB | 41/623 kBProgress (2): 0.9/2.0 MB | 57/623 kBProgress (2): 1.0/2.0 MB | 57/623 kBProgress (3): 1.0/2.0 MB | 57/623 kB | 7.7/136 kBProgress (3): 1.0/2.0 MB | 57/623 kB | 7.7/136 kBProgress (3): 1.0/2.0 MB | 57/623 kB | 16/136 kB Progress (3): 1.0/2.0 MB | 57/623 kB | 16/136 kBProgress (3): 1.0/2.0 MB | 57/623 kB | 16/136 kBProgress (3): 1.0/2.0 MB | 74/623 kB | 16/136 kBProgress (3): 1.0/2.0 MB | 74/623 kB | 16/136 kBProgress (3): 1.0/2.0 MB | 90/623 kB | 16/136 kBProgress (3): 1.0/2.0 MB | 90/623 kB | 16/136 kBProgress (3): 1.0/2.0 MB | 106/623 kB | 16/136 kBProgress (3): 1.1/2.0 MB | 106/623 kB | 16/136 kBProgress (3): 1.1/2.0 MB | 123/623 kB | 16/136 kBProgress (3): 1.1/2.0 MB | 123/623 kB | 16/136 kBProgress (3): 1.1/2.0 MB | 139/623 kB | 16/136 kBProgress (3): 1.1/2.0 MB | 139/623 kB | 16/136 kBProgress (3): 1.1/2.0 MB | 156/623 kB | 16/136 kBProgress (3): 1.1/2.0 MB | 156/623 kB | 16/136 kBProgress (3): 1.1/2.0 MB | 172/623 kB | 16/136 kBProgress (3): 1.1/2.0 MB | 172/623 kB | 16/136 kBProgress (3): 1.1/2.0 MB | 188/623 kB | 16/136 kBProgress (3): 1.1/2.0 MB | 188/623 kB | 16/136 kBProgress (3): 1.1/2.0 MB | 205/623 kB | 16/136 kBProgress (3): 1.2/2.0 MB | 205/623 kB | 16/136 kBProgress (3): 1.2/2.0 MB | 221/623 kB | 16/136 kBProgress (3): 1.2/2.0 MB | 221/623 kB | 16/136 kBProgress (3): 1.2/2.0 MB | 238/623 kB | 16/136 kBProgress (3): 1.2/2.0 MB | 238/623 kB | 16/136 kBProgress (3): 1.2/2.0 MB | 254/623 kB | 16/136 kBProgress (3): 1.2/2.0 MB | 254/623 kB | 16/136 kBProgress (3): 1.2/2.0 MB | 270/623 kB | 16/136 kBProgress (3): 1.2/2.0 MB | 270/623 kB | 16/136 kBProgress (3): 1.2/2.0 MB | 270/623 kB | 32/136 kBProgress (3): 1.2/2.0 MB | 270/623 kB | 32/136 kBProgress (3): 1.2/2.0 MB | 270/623 kB | 49/136 kBProgress (3): 1.3/2.0 MB | 270/623 kB | 49/136 kBProgress (3): 1.3/2.0 MB | 270/623 kB | 65/136 kBProgress (3): 1.3/2.0 MB | 270/623 kB | 65/136 kBProgress (3): 1.3/2.0 MB | 270/623 kB | 65/136 kBProgress (3): 1.3/2.0 MB | 270/623 kB | 81/136 kBProgress (3): 1.3/2.0 MB | 270/623 kB | 81/136 kBProgress (3): 1.3/2.0 MB | 270/623 kB | 98/136 kBProgress (3): 1.3/2.0 MB | 270/623 kB | 98/136 kBProgress (3): 1.3/2.0 MB | 270/623 kB | 114/136 kBProgress (3): 1.3/2.0 MB | 270/623 kB | 114/136 kBProgress (3): 1.3/2.0 MB | 270/623 kB | 131/136 kBProgress (3): 1.4/2.0 MB | 270/623 kB | 131/136 kBProgress (3): 1.4/2.0 MB | 270/623 kB | 136 kB    Progress (3): 1.4/2.0 MB | 270/623 kB | 136 kBProgress (3): 1.4/2.0 MB | 270/623 kB | 136 kB                                              Downloaded from central: https://repo.maven.apache.org/maven2/org/springframework/security/spring-security-test/6.5.7/spring-security-test-6.5.7.jar (136 kB at 87 kB/s)
Progress (2): 1.4/2.0 MB | 270/623 kBProgress (2): 1.4/2.0 MB | 270/623 kBProgress (2): 1.4/2.0 MB | 270/623 kB                                     Downloading from central: https://repo.maven.apache.org/maven2/commons-io/commons-io/2.14.0/commons-io-2.14.0.jar
Progress (2): 1.5/2.0 MB | 270/623 kBProgress (2): 1.5/2.0 MB | 270/623 kBProgress (2): 1.5/2.0 MB | 287/623 kBProgress (2): 1.5/2.0 MB | 287/623 kBProgress (2): 1.5/2.0 MB | 287/623 kBProgress (2): 1.5/2.0 MB | 287/623 kBProgress (2): 1.5/2.0 MB | 287/623 kBProgress (2): 1.5/2.0 MB | 303/623 kBProgress (2): 1.6/2.0 MB | 303/623 kBProgress (2): 1.6/2.0 MB | 319/623 kBProgress (2): 1.6/2.0 MB | 328/623 kBProgress (2): 1.6/2.0 MB | 328/623 kBProgress (2): 1.6/2.0 MB | 344/623 kBProgress (2): 1.6/2.0 MB | 344/623 kBProgress (2): 1.6/2.0 MB | 360/623 kBProgress (2): 1.6/2.0 MB | 360/623 kBProgress (2): 1.6/2.0 MB | 360/623 kBProgress (2): 1.6/2.0 MB | 377/623 kBProgress (2): 1.6/2.0 MB | 377/623 kBProgress (2): 1.6/2.0 MB | 393/623 kBProgress (2): 1.7/2.0 MB | 393/623 kBProgress (2): 1.7/2.0 MB | 410/623 kBProgress (2): 1.7/2.0 MB | 410/623 kBProgress (2): 1.7/2.0 MB | 426/623 kBProgress (2): 1.7/2.0 MB | 426/623 kBProgress (2): 1.7/2.0 MB | 426/623 kBProgress (2): 1.7/2.0 MB | 442/623 kBProgress (2): 1.7/2.0 MB | 442/623 kBProgress (2): 1.7/2.0 MB | 459/623 kBProgress (2): 1.7/2.0 MB | 459/623 kBProgress (2): 1.7/2.0 MB | 475/623 kBProgress (2): 1.8/2.0 MB | 475/623 kBProgress (2): 1.8/2.0 MB | 492/623 kBProgress (2): 1.8/2.0 MB | 492/623 kBProgress (2): 1.8/2.0 MB | 492/623 kBProgress (2): 1.8/2.0 MB | 508/623 kBProgress (2): 1.8/2.0 MB | 508/623 kBProgress (2): 1.8/2.0 MB | 524/623 kBProgress (2): 1.8/2.0 MB | 524/623 kBProgress (2): 1.8/2.0 MB | 541/623 kBProgress (2): 1.8/2.0 MB | 541/623 kBProgress (2): 1.9/2.0 MB | 541/623 kBProgress (2): 1.9/2.0 MB | 557/623 kBProgress (2): 1.9/2.0 MB | 557/623 kBProgress (2): 1.9/2.0 MB | 557/623 kBProgress (2): 1.9/2.0 MB | 573/623 kBProgress (2): 1.9/2.0 MB | 590/623 kBProgress (2): 1.9/2.0 MB | 590/623 kBProgress (2): 1.9/2.0 MB | 606/623 kBProgress (2): 1.9/2.0 MB | 606/623 kBProgress (2): 1.9/2.0 MB | 623/623 kBProgress (2): 1.9/2.0 MB | 623 kB    Progress (2): 1.9/2.0 MB | 623 kBProgress (2): 1.9/2.0 MB | 623 kB                                 Downloaded from central: https://repo.maven.apache.org/maven2/org/springframework/security/spring-security-core/6.5.7/spring-security-core-6.5.7.jar (623 kB at 395 kB/s)
Progress (1): 2.0/2.0 MB                        Downloading from central: https://repo.maven.apache.org/maven2/org/springframework/boot/spring-boot-devtools/3.5.10/spring-boot-devtools-3.5.10.jar
Progress (1): 2.0 MB                    Downloaded from central: https://repo.maven.apache.org/maven2/org/springframework/spring-core/6.2.15/spring-core-6.2.15.jar (2.0 MB at 1.3 MB/s)
Downloading from central: https://repo.maven.apache.org/maven2/org/springframework/boot/spring-boot/3.5.10/spring-boot-3.5.10.jar
Progress (1): 7.7/105 kBProgress (1): 12/105 kB Progress (1): 28/105 kBProgress (1): 44/105 kBProgress (1): 61/105 kBProgress (1): 77/105 kBProgress (1): 82/105 kBProgress (1): 98/105 kBProgress (1): 105 kB                       Downloaded from central: https://repo.maven.apache.org/maven2/org/springframework/security/spring-security-crypto/6.5.7/spring-security-crypto-6.5.7.jar (105 kB at 66 kB/s)
Downloading from central: https://repo.maven.apache.org/maven2/org/springframework/boot/spring-boot-autoconfigure/3.5.10/spring-boot-autoconfigure-3.5.10.jar
Progress (1): 7.7/674 kBProgress (1): 16/674 kB Progress (1): 32/674 kBProgress (1): 49/674 kBProgress (1): 65/674 kBProgress (1): 81/674 kBProgress (1): 98/674 kBProgress (1): 114/674 kBProgress (1): 131/674 kBProgress (1): 147/674 kBProgress (1): 163/674 kBProgress (1): 180/674 kBProgress (1): 196/674 kBProgress (1): 213/674 kBProgress (1): 229/674 kBProgress (1): 245/674 kBProgress (2): 245/674 kB | 7.7/494 kBProgress (2): 245/674 kB | 16/494 kB Progress (2): 262/674 kB | 16/494 kBProgress (2): 262/674 kB | 32/494 kBProgress (2): 262/674 kB | 49/494 kBProgress (2): 278/674 kB | 49/494 kBProgress (2): 278/674 kB | 65/494 kBProgress (2): 294/674 kB | 65/494 kBProgress (2): 294/674 kB | 81/494 kBProgress (2): 311/674 kB | 81/494 kBProgress (2): 311/674 kB | 98/494 kBProgress (2): 311/674 kB | 114/494 kBProgress (2): 327/674 kB | 114/494 kBProgress (2): 327/674 kB | 131/494 kBProgress (2): 344/674 kB | 131/494 kBProgress (2): 344/674 kB | 147/494 kBProgress (2): 360/674 kB | 147/494 kBProgress (2): 360/674 kB | 163/494 kBProgress (2): 376/674 kB | 163/494 kBProgress (2): 376/674 kB | 180/494 kBProgress (2): 393/674 kB | 180/494 kBProgress (2): 393/674 kB | 196/494 kBProgress (2): 393/674 kB | 213/494 kBProgress (2): 409/674 kB | 213/494 kBProgress (2): 426/674 kB | 213/494 kBProgress (2): 426/674 kB | 229/494 kBProgress (2): 442/674 kB | 229/494 kBProgress (2): 442/674 kB | 245/494 kBProgress (2): 458/674 kB | 245/494 kBProgress (2): 458/674 kB | 262/494 kBProgress (2): 475/674 kB | 262/494 kBProgress (2): 475/674 kB | 278/494 kBProgress (2): 491/674 kB | 278/494 kBProgress (2): 491/674 kB | 294/494 kBProgress (2): 507/674 kB | 294/494 kBProgress (2): 524/674 kB | 294/494 kBProgress (2): 524/674 kB | 311/494 kBProgress (2): 540/674 kB | 311/494 kBProgress (2): 540/674 kB | 327/494 kBProgress (2): 557/674 kB | 327/494 kBProgress (2): 573/674 kB | 327/494 kBProgress (2): 573/674 kB | 344/494 kBProgress (2): 589/674 kB | 344/494 kBProgress (2): 589/674 kB | 360/494 kBProgress (2): 606/674 kB | 360/494 kBProgress (2): 606/674 kB | 376/494 kBProgress (2): 622/674 kB | 376/494 kBProgress (2): 622/674 kB | 393/494 kBProgress (2): 639/674 kB | 393/494 kBProgress (2): 639/674 kB | 409/494 kBProgress (2): 655/674 kB | 409/494 kBProgress (2): 671/674 kB | 409/494 kBProgress (2): 674 kB | 409/494 kB    Progress (2): 674 kB | 426/494 kBProgress (2): 674 kB | 442/494 kBProgress (2): 674 kB | 458/494 kB                                 Downloaded from central: https://repo.maven.apache.org/maven2/org/apache/commons/commons-lang3/3.17.0/commons-lang3-3.17.0.jar (674 kB at 420 kB/s)
Downloading from central: https://repo.maven.apache.org/maven2/io/jsonwebtoken/jjwt-api/0.13.0/jjwt-api-0.13.0.jar
Progress (1): 475/494 kBProgress (1): 491/494 kBProgress (1): 494 kB                        Downloaded from central: https://repo.maven.apache.org/maven2/commons-io/commons-io/2.14.0/commons-io-2.14.0.jar (494 kB at 308 kB/s)
Downloading from central: https://repo.maven.apache.org/maven2/io/jsonwebtoken/jjwt-impl/0.13.0/jjwt-impl-0.13.0.jar
Progress (1): 0/1.9 MBProgress (1): 0/1.9 MBProgress (1): 0/1.9 MBProgress (1): 0/1.9 MBProgress (1): 0.1/1.9 MBProgress (2): 0.1/1.9 MB | 7.7/202 kBProgress (2): 0.1/1.9 MB | 7.7/202 kBProgress (2): 0.1/1.9 MB | 7.7/202 kBProgress (2): 0.1/1.9 MB | 16/202 kB Progress (2): 0.1/1.9 MB | 16/202 kBProgress (2): 0.1/1.9 MB | 16/202 kBProgress (2): 0.1/1.9 MB | 16/202 kBProgress (2): 0.1/1.9 MB | 32/202 kBProgress (2): 0.2/1.9 MB | 32/202 kBProgress (2): 0.2/1.9 MB | 32/202 kBProgress (2): 0.2/1.9 MB | 48/202 kBProgress (2): 0.2/1.9 MB | 48/202 kBProgress (2): 0.2/1.9 MB | 48/202 kBProgress (2): 0.2/1.9 MB | 65/202 kBProgress (2): 0.2/1.9 MB | 65/202 kBProgress (2): 0.2/1.9 MB | 65/202 kBProgress (2): 0.2/1.9 MB | 65/202 kBProgress (2): 0.2/1.9 MB | 81/202 kBProgress (2): 0.3/1.9 MB | 81/202 kBProgress (2): 0.3/1.9 MB | 81/202 kBProgress (2): 0.3/1.9 MB | 81/202 kBProgress (2): 0.3/1.9 MB | 98/202 kBProgress (2): 0.3/1.9 MB | 98/202 kBProgress (2): 0.3/1.9 MB | 98/202 kBProgress (2): 0.3/1.9 MB | 114/202 kBProgress (2): 0.3/1.9 MB | 114/202 kBProgress (2): 0.3/1.9 MB | 130/202 kBProgress (2): 0.4/1.9 MB | 130/202 kBProgress (2): 0.4/1.9 MB | 130/202 kBProgress (2): 0.4/1.9 MB | 147/202 kBProgress (2): 0.4/1.9 MB | 147/202 kBProgress (2): 0.4/1.9 MB | 163/202 kBProgress (2): 0.4/1.9 MB | 163/202 kBProgress (2): 0.4/1.9 MB | 180/202 kBProgress (2): 0.4/1.9 MB | 180/202 kBProgress (2): 0.4/1.9 MB | 196/202 kBProgress (2): 0.4/1.9 MB | 196/202 kBProgress (2): 0.4/1.9 MB | 202 kB    Progress (2): 0.5/1.9 MB | 202 kBProgress (2): 0.5/1.9 MB | 202 kBProgress (2): 0.5/1.9 MB | 202 kB                                 Downloaded from central: https://repo.maven.apache.org/maven2/org/springframework/boot/spring-boot-devtools/3.5.10/spring-boot-devtools-3.5.10.jar (202 kB at 125 kB/s)
Progress (1): 0.5/1.9 MBProgress (1): 0.5/1.9 MBProgress (2): 0.5/1.9 MB | 0/2.1 MBProgress (2): 0.5/1.9 MB | 0/2.1 MBProgress (2): 0.5/1.9 MB | 0/2.1 MBProgress (2): 0.6/1.9 MB | 0/2.1 MBProgress (2): 0.6/1.9 MB | 0/2.1 MBProgress (2): 0.6/1.9 MB | 0/2.1 MBProgress (2): 0.6/1.9 MB | 0/2.1 MBProgress (2): 0.6/1.9 MB | 0/2.1 MBProgress (2): 0.6/1.9 MB | 0.1/2.1 MBProgress (2): 0.6/1.9 MB | 0.1/2.1 MBProgress (2): 0.6/1.9 MB | 0.1/2.1 MBProgress (2): 0.6/1.9 MB | 0.1/2.1 MBProgress (2): 0.6/1.9 MB | 0.1/2.1 MBProgress (2): 0.6/1.9 MB | 0.1/2.1 MBProgress (2): 0.6/1.9 MB | 0.1/2.1 MBProgress (2): 0.7/1.9 MB | 0.1/2.1 MBProgress (2): 0.7/1.9 MB | 0.1/2.1 MBProgress (2): 0.7/1.9 MB | 0.1/2.1 MBProgress (2): 0.7/1.9 MB | 0.1/2.1 MBProgress (2): 0.7/1.9 MB | 0.1/2.1 MBProgress (2): 0.7/1.9 MB | 0.1/2.1 MBProgress (2): 0.7/1.9 MB | 0.1/2.1 MBProgress (2): 0.7/1.9 MB | 0.2/2.1 MBProgress (2): 0.7/1.9 MB | 0.2/2.1 MBProgress (2): 0.8/1.9 MB | 0.2/2.1 MB                                     Downloading from central: https://repo.maven.apache.org/maven2/io/jsonwebtoken/jjwt-jackson/0.13.0/jjwt-jackson-0.13.0.jar
Progress (2): 0.8/1.9 MB | 0.2/2.1 MBProgress (2): 0.8/1.9 MB | 0.2/2.1 MBProgress (2): 0.8/1.9 MB | 0.2/2.1 MBProgress (2): 0.8/1.9 MB | 0.2/2.1 MBProgress (2): 0.8/1.9 MB | 0.2/2.1 MBProgress (2): 0.8/1.9 MB | 0.2/2.1 MBProgress (2): 0.8/1.9 MB | 0.2/2.1 MBProgress (2): 0.8/1.9 MB | 0.2/2.1 MBProgress (2): 0.9/1.9 MB | 0.2/2.1 MBProgress (2): 0.9/1.9 MB | 0.2/2.1 MBProgress (2): 0.9/1.9 MB | 0.2/2.1 MBProgress (2): 0.9/1.9 MB | 0.2/2.1 MBProgress (2): 0.9/1.9 MB | 0.2/2.1 MBProgress (2): 0.9/1.9 MB | 0.2/2.1 MBProgress (2): 0.9/1.9 MB | 0.3/2.1 MBProgress (2): 0.9/1.9 MB | 0.3/2.1 MBProgress (2): 0.9/1.9 MB | 0.3/2.1 MBProgress (2): 0.9/1.9 MB | 0.3/2.1 MBProgress (2): 1.0/1.9 MB | 0.3/2.1 MBProgress (2): 1.0/1.9 MB | 0.3/2.1 MBProgress (2): 1.0/1.9 MB | 0.3/2.1 MBProgress (2): 1.0/1.9 MB | 0.3/2.1 MBProgress (2): 1.0/1.9 MB | 0.3/2.1 MBProgress (2): 1.0/1.9 MB | 0.3/2.1 MBProgress (2): 1.0/1.9 MB | 0.3/2.1 MBProgress (2): 1.0/1.9 MB | 0.3/2.1 MBProgress (2): 1.0/1.9 MB | 0.3/2.1 MBProgress (2): 1.0/1.9 MB | 0.3/2.1 MBProgress (2): 1.0/1.9 MB | 0.3/2.1 MBProgress (2): 1.0/1.9 MB | 0.4/2.1 MBProgress (2): 1.0/1.9 MB | 0.4/2.1 MBProgress (2): 1.1/1.9 MB | 0.4/2.1 MBProgress (2): 1.1/1.9 MB | 0.4/2.1 MBProgress (2): 1.1/1.9 MB | 0.4/2.1 MBProgress (2): 1.1/1.9 MB | 0.4/2.1 MBProgress (2): 1.1/1.9 MB | 0.4/2.1 MBProgress (2): 1.1/1.9 MB | 0.4/2.1 MBProgress (2): 1.1/1.9 MB | 0.4/2.1 MBProgress (2): 1.1/1.9 MB | 0.4/2.1 MBProgress (2): 1.1/1.9 MB | 0.4/2.1 MBProgress (2): 1.1/1.9 MB | 0.5/2.1 MBProgress (2): 1.1/1.9 MB | 0.5/2.1 MBProgress (2): 1.1/1.9 MB | 0.5/2.1 MBProgress (2): 1.2/1.9 MB | 0.5/2.1 MBProgress (2): 1.2/1.9 MB | 0.5/2.1 MBProgress (2): 1.2/1.9 MB | 0.5/2.1 MBProgress (2): 1.2/1.9 MB | 0.5/2.1 MBProgress (2): 1.2/1.9 MB | 0.5/2.1 MBProgress (2): 1.2/1.9 MB | 0.5/2.1 MBProgress (2): 1.2/1.9 MB | 0.5/2.1 MBProgress (2): 1.2/1.9 MB | 0.5/2.1 MBProgress (2): 1.2/1.9 MB | 0.5/2.1 MBProgress (2): 1.3/1.9 MB | 0.5/2.1 MBProgress (2): 1.3/1.9 MB | 0.5/2.1 MBProgress (2): 1.3/1.9 MB | 0.5/2.1 MBProgress (2): 1.3/1.9 MB | 0.5/2.1 MBProgress (2): 1.3/1.9 MB | 0.5/2.1 MBProgress (3): 1.3/1.9 MB | 0.5/2.1 MB | 7.7/482 kBProgress (3): 1.3/1.9 MB | 0.5/2.1 MB | 8.2/482 kBProgress (3): 1.3/1.9 MB | 0.5/2.1 MB | 8.2/482 kBProgress (3): 1.4/1.9 MB | 0.5/2.1 MB | 8.2/482 kBProgress (3): 1.4/1.9 MB | 0.5/2.1 MB | 25/482 kB Progress (3): 1.4/1.9 MB | 0.5/2.1 MB | 25/482 kBProgress (3): 1.4/1.9 MB | 0.5/2.1 MB | 41/482 kBProgress (3): 1.4/1.9 MB | 0.5/2.1 MB | 41/482 kBProgress (3): 1.4/1.9 MB | 0.5/2.1 MB | 57/482 kBProgress (3): 1.4/1.9 MB | 0.5/2.1 MB | 57/482 kBProgress (3): 1.4/1.9 MB | 0.5/2.1 MB | 74/482 kBProgress (3): 1.4/1.9 MB | 0.5/2.1 MB | 90/482 kBProgress (3): 1.4/1.9 MB | 0.5/2.1 MB | 90/482 kBProgress (3): 1.4/1.9 MB | 0.5/2.1 MB | 90/482 kBProgress (3): 1.5/1.9 MB | 0.5/2.1 MB | 90/482 kBProgress (3): 1.5/1.9 MB | 0.5/2.1 MB | 90/482 kBProgress (4): 1.5/1.9 MB | 0.5/2.1 MB | 90/482 kB | 7.7/141 kBProgress (4): 1.5/1.9 MB | 0.5/2.1 MB | 90/482 kB | 7.7/141 kBProgress (4): 1.5/1.9 MB | 0.5/2.1 MB | 90/482 kB | 16/141 kB Progress (4): 1.5/1.9 MB | 0.5/2.1 MB | 90/482 kB | 16/141 kBProgress (4): 1.5/1.9 MB | 0.5/2.1 MB | 90/482 kB | 32/141 kBProgress (4): 1.5/1.9 MB | 0.5/2.1 MB | 90/482 kB | 32/141 kBProgress (4): 1.5/1.9 MB | 0.5/2.1 MB | 90/482 kB | 49/141 kBProgress (4): 1.5/1.9 MB | 0.5/2.1 MB | 90/482 kB | 49/141 kBProgress (4): 1.5/1.9 MB | 0.5/2.1 MB | 90/482 kB | 65/141 kBProgress (4): 1.6/1.9 MB | 0.5/2.1 MB | 90/482 kB | 65/141 kBProgress (4): 1.6/1.9 MB | 0.5/2.1 MB | 90/482 kB | 81/141 kBProgress (4): 1.6/1.9 MB | 0.5/2.1 MB | 90/482 kB | 81/141 kBProgress (4): 1.6/1.9 MB | 0.5/2.1 MB | 90/482 kB | 98/141 kBProgress (4): 1.6/1.9 MB | 0.5/2.1 MB | 90/482 kB | 98/141 kBProgress (4): 1.6/1.9 MB | 0.5/2.1 MB | 90/482 kB | 114/141 kBProgress (4): 1.6/1.9 MB | 0.5/2.1 MB | 90/482 kB | 131/141 kBProgress (4): 1.6/1.9 MB | 0.5/2.1 MB | 90/482 kB | 131/141 kBProgress (4): 1.6/1.9 MB | 0.5/2.1 MB | 90/482 kB | 141 kB    Progress (4): 1.6/1.9 MB | 0.5/2.1 MB | 90/482 kB | 141 kBProgress (4): 1.6/1.9 MB | 0.5/2.1 MB | 90/482 kB | 141 kBProgress (4): 1.6/1.9 MB | 0.5/2.1 MB | 90/482 kB | 141 kBProgress (4): 1.7/1.9 MB | 0.5/2.1 MB | 90/482 kB | 141 kBProgress (4): 1.7/1.9 MB | 0.6/2.1 MB | 90/482 kB | 141 kBProgress (4): 1.7/1.9 MB | 0.6/2.1 MB | 90/482 kB | 141 kBProgress (4): 1.7/1.9 MB | 0.6/2.1 MB | 90/482 kB | 141 kBProgress (4): 1.7/1.9 MB | 0.6/2.1 MB | 90/482 kB | 141 kBProgress (4): 1.7/1.9 MB | 0.6/2.1 MB | 90/482 kB | 141 kBProgress (4): 1.7/1.9 MB | 0.6/2.1 MB | 90/482 kB | 141 kBProgress (4): 1.7/1.9 MB | 0.6/2.1 MB | 90/482 kB | 141 kBProgress (4): 1.7/1.9 MB | 0.6/2.1 MB | 90/482 kB | 141 kBProgress (4): 1.7/1.9 MB | 0.6/2.1 MB | 90/482 kB | 141 kBProgress (4): 1.7/1.9 MB | 0.6/2.1 MB | 90/482 kB | 141 kBProgress (4): 1.7/1.9 MB | 0.6/2.1 MB | 90/482 kB | 141 kBProgress (4): 1.8/1.9 MB | 0.6/2.1 MB | 90/482 kB | 141 kBProgress (4): 1.8/1.9 MB | 0.7/2.1 MB | 90/482 kB | 141 kBProgress (4): 1.8/1.9 MB | 0.7/2.1 MB | 90/482 kB | 141 kBProgress (4): 1.8/1.9 MB | 0.7/2.1 MB | 90/482 kB | 141 kBProgress (4): 1.8/1.9 MB | 0.7/2.1 MB | 90/482 kB | 141 kBProgress (4): 1.8/1.9 MB | 0.7/2.1 MB | 90/482 kB | 141 kBProgress (4): 1.8/1.9 MB | 0.7/2.1 MB | 90/482 kB | 141 kBProgress (4): 1.8/1.9 MB | 0.7/2.1 MB | 90/482 kB | 141 kBProgress (4): 1.8/1.9 MB | 0.7/2.1 MB | 106/482 kB | 141 kBProgress (4): 1.8/1.9 MB | 0.7/2.1 MB | 106/482 kB | 141 kBProgress (4): 1.8/1.9 MB | 0.7/2.1 MB | 123/482 kB | 141 kBProgress (4): 1.9/1.9 MB | 0.7/2.1 MB | 123/482 kB | 141 kBProgress (4): 1.9/1.9 MB | 0.7/2.1 MB | 123/482 kB | 141 kBProgress (4): 1.9/1.9 MB | 0.7/2.1 MB | 139/482 kB | 141 kBProgress (4): 1.9/1.9 MB | 0.7/2.1 MB | 139/482 kB | 141 kBProgress (4): 1.9/1.9 MB | 0.7/2.1 MB | 156/482 kB | 141 kBProgress (4): 1.9 MB | 0.7/2.1 MB | 156/482 kB | 141 kB    Progress (4): 1.9 MB | 0.7/2.1 MB | 172/482 kB | 141 kBProgress (4): 1.9 MB | 0.7/2.1 MB | 188/482 kB | 141 kBProgress (4): 1.9 MB | 0.7/2.1 MB | 205/482 kB | 141 kB                                                       Downloaded from central: https://repo.maven.apache.org/maven2/org/springframework/boot/spring-boot/3.5.10/spring-boot-3.5.10.jar (1.9 MB at 1.2 MB/s)
Progress (3): 0.7/2.1 MB | 221/482 kB | 141 kB                                              Downloading from central: https://repo.maven.apache.org/maven2/com/fasterxml/jackson/core/jackson-databind/2.19.4/jackson-databind-2.19.4.jar
Progress (3): 0.7/2.1 MB | 238/482 kB | 141 kBProgress (3): 0.7/2.1 MB | 254/482 kB | 141 kBProgress (3): 0.7/2.1 MB | 262/482 kB | 141 kBProgress (3): 0.7/2.1 MB | 262/482 kB | 141 kB                                              Downloaded from central: https://repo.maven.apache.org/maven2/io/jsonwebtoken/jjwt-api/0.13.0/jjwt-api-0.13.0.jar (141 kB at 85 kB/s)
Downloading from central: https://repo.maven.apache.org/maven2/com/fasterxml/jackson/core/jackson-annotations/2.19.4/jackson-annotations-2.19.4.jar
Progress (2): 0.7/2.1 MB | 262/482 kBProgress (2): 0.7/2.1 MB | 262/482 kBProgress (2): 0.7/2.1 MB | 279/482 kBProgress (2): 0.8/2.1 MB | 279/482 kBProgress (2): 0.8/2.1 MB | 295/482 kBProgress (2): 0.8/2.1 MB | 311/482 kBProgress (2): 0.8/2.1 MB | 328/482 kBProgress (2): 0.8/2.1 MB | 344/482 kBProgress (3): 0.8/2.1 MB | 344/482 kB | 7.7/9.4 kBProgress (3): 0.8/2.1 MB | 344/482 kB | 9.4 kB    Progress (3): 0.8/2.1 MB | 360/482 kB | 9.4 kBProgress (3): 0.8/2.1 MB | 377/482 kB | 9.4 kB                                              Downloaded from central: https://repo.maven.apache.org/maven2/io/jsonwebtoken/jjwt-jackson/0.13.0/jjwt-jackson-0.13.0.jar (9.4 kB at 5.7 kB/s)
Downloading from central: https://repo.maven.apache.org/maven2/com/fasterxml/jackson/core/jackson-core/2.19.4/jackson-core-2.19.4.jar
Progress (2): 0.8/2.1 MB | 393/482 kBProgress (2): 0.8/2.1 MB | 410/482 kBProgress (2): 0.8/2.1 MB | 410/482 kBProgress (2): 0.8/2.1 MB | 426/482 kBProgress (2): 0.8/2.1 MB | 442/482 kBProgress (2): 0.8/2.1 MB | 442/482 kBProgress (2): 0.8/2.1 MB | 442/482 kBProgress (2): 0.8/2.1 MB | 459/482 kBProgress (2): 0.8/2.1 MB | 459/482 kBProgress (2): 0.8/2.1 MB | 475/482 kBProgress (2): 0.8/2.1 MB | 475/482 kBProgress (2): 0.8/2.1 MB | 482 kB    Progress (2): 0.9/2.1 MB | 482 kBProgress (2): 0.9/2.1 MB | 482 kB                                 Downloaded from central: https://repo.maven.apache.org/maven2/io/jsonwebtoken/jjwt-impl/0.13.0/jjwt-impl-0.13.0.jar (482 kB at 291 kB/s)
Progress (1): 0.9/2.1 MB                        Downloading from central: https://repo.maven.apache.org/maven2/org/springframework/boot/spring-boot-configuration-processor/3.5.10/spring-boot-configuration-processor-3.5.10.jar
Progress (1): 0.9/2.1 MBProgress (1): 0.9/2.1 MBProgress (1): 0.9/2.1 MBProgress (1): 0.9/2.1 MBProgress (1): 1.0/2.1 MBProgress (1): 1.0/2.1 MBProgress (1): 1.0/2.1 MBProgress (1): 1.0/2.1 MBProgress (1): 1.0/2.1 MBProgress (1): 1.0/2.1 MBProgress (1): 1.1/2.1 MBProgress (1): 1.1/2.1 MBProgress (1): 1.1/2.1 MBProgress (1): 1.1/2.1 MBProgress (1): 1.1/2.1 MBProgress (1): 1.1/2.1 MBProgress (1): 1.2/2.1 MBProgress (1): 1.2/2.1 MBProgress (1): 1.2/2.1 MBProgress (1): 1.2/2.1 MBProgress (1): 1.2/2.1 MBProgress (1): 1.2/2.1 MBProgress (1): 1.3/2.1 MBProgress (1): 1.3/2.1 MBProgress (1): 1.3/2.1 MBProgress (1): 1.3/2.1 MBProgress (1): 1.3/2.1 MBProgress (1): 1.3/2.1 MBProgress (1): 1.4/2.1 MBProgress (1): 1.4/2.1 MBProgress (1): 1.4/2.1 MBProgress (1): 1.4/2.1 MBProgress (1): 1.4/2.1 MBProgress (1): 1.4/2.1 MBProgress (1): 1.5/2.1 MBProgress (1): 1.5/2.1 MBProgress (1): 1.5/2.1 MBProgress (1): 1.5/2.1 MBProgress (1): 1.5/2.1 MBProgress (1): 1.5/2.1 MBProgress (1): 1.6/2.1 MBProgress (1): 1.6/2.1 MBProgress (1): 1.6/2.1 MBProgress (1): 1.6/2.1 MBProgress (1): 1.6/2.1 MBProgress (1): 1.6/2.1 MBProgress (1): 1.7/2.1 MBProgress (1): 1.7/2.1 MBProgress (1): 1.7/2.1 MBProgress (1): 1.7/2.1 MBProgress (1): 1.7/2.1 MBProgress (1): 1.7/2.1 MBProgress (1): 1.8/2.1 MBProgress (1): 1.8/2.1 MBProgress (1): 1.8/2.1 MBProgress (1): 1.8/2.1 MBProgress (2): 1.8/2.1 MB | 0/1.7 MBProgress (2): 1.8/2.1 MB | 0/1.7 MBProgress (2): 1.8/2.1 MB | 0/1.7 MBProgress (2): 1.8/2.1 MB | 0/1.7 MBProgress (2): 1.8/2.1 MB | 0/1.7 MBProgress (2): 1.8/2.1 MB | 0.1/1.7 MBProgress (2): 1.8/2.1 MB | 0.1/1.7 MBProgress (2): 1.8/2.1 MB | 0.1/1.7 MBProgress (2): 1.8/2.1 MB | 0.1/1.7 MBProgress (2): 1.8/2.1 MB | 0.1/1.7 MBProgress (2): 1.8/2.1 MB | 0.1/1.7 MBProgress (2): 1.8/2.1 MB | 0.1/1.7 MBProgress (2): 1.9/2.1 MB | 0.1/1.7 MBProgress (2): 1.9/2.1 MB | 0.2/1.7 MBProgress (2): 1.9/2.1 MB | 0.2/1.7 MBProgress (2): 1.9/2.1 MB | 0.2/1.7 MBProgress (2): 1.9/2.1 MB | 0.2/1.7 MBProgress (2): 1.9/2.1 MB | 0.2/1.7 MBProgress (2): 1.9/2.1 MB | 0.2/1.7 MBProgress (2): 1.9/2.1 MB | 0.2/1.7 MBProgress (2): 1.9/2.1 MB | 0.3/1.7 MBProgress (2): 1.9/2.1 MB | 0.3/1.7 MBProgress (2): 1.9/2.1 MB | 0.3/1.7 MBProgress (2): 1.9/2.1 MB | 0.3/1.7 MBProgress (2): 1.9/2.1 MB | 0.3/1.7 MBProgress (3): 1.9/2.1 MB | 0.3/1.7 MB | 7.7/79 kBProgress (4): 1.9/2.1 MB | 0.3/1.7 MB | 7.7/79 kB | 7.7/133 kBProgress (4): 1.9/2.1 MB | 0.3/1.7 MB | 16/79 kB | 7.7/133 kB Progress (4): 1.9/2.1 MB | 0.3/1.7 MB | 16/79 kB | 16/133 kB Progress (4): 1.9/2.1 MB | 0.3/1.7 MB | 16/79 kB | 24/133 kBProgress (4): 1.9/2.1 MB | 0.3/1.7 MB | 32/79 kB | 24/133 kBProgress (4): 1.9/2.1 MB | 0.3/1.7 MB | 32/79 kB | 41/133 kBProgress (4): 1.9/2.1 MB | 0.3/1.7 MB | 49/79 kB | 41/133 kBProgress (4): 1.9/2.1 MB | 0.3/1.7 MB | 49/79 kB | 57/133 kBProgress (4): 1.9/2.1 MB | 0.3/1.7 MB | 65/79 kB | 57/133 kBProgress (4): 1.9/2.1 MB | 0.3/1.7 MB | 65/79 kB | 73/133 kBProgress (4): 1.9/2.1 MB | 0.3/1.7 MB | 79 kB | 73/133 kB   Progress (4): 1.9/2.1 MB | 0.3/1.7 MB | 79 kB | 90/133 kBProgress (4): 1.9/2.1 MB | 0.3/1.7 MB | 79 kB | 90/133 kBProgress (4): 1.9/2.1 MB | 0.3/1.7 MB | 79 kB | 106/133 kBProgress (4): 1.9/2.1 MB | 0.3/1.7 MB | 79 kB | 106/133 kBProgress (4): 1.9/2.1 MB | 0.3/1.7 MB | 79 kB | 122/133 kBProgress (5): 1.9/2.1 MB | 0.3/1.7 MB | 79 kB | 122/133 kB | 7.7/591 kBProgress (5): 1.9/2.1 MB | 0.3/1.7 MB | 79 kB | 122/133 kB | 8.2/591 kBProgress (5): 1.9/2.1 MB | 0.3/1.7 MB | 79 kB | 122/133 kB | 8.2/591 kBProgress (5): 1.9/2.1 MB | 0.3/1.7 MB | 79 kB | 122/133 kB | 25/591 kB Progress (5): 1.9/2.1 MB | 0.3/1.7 MB | 79 kB | 133 kB | 25/591 kB    Progress (5): 1.9/2.1 MB | 0.3/1.7 MB | 79 kB | 133 kB | 41/591 kBProgress (5): 1.9/2.1 MB | 0.3/1.7 MB | 79 kB | 133 kB | 57/591 kBProgress (5): 1.9/2.1 MB | 0.4/1.7 MB | 79 kB | 133 kB | 57/591 kBProgress (5): 1.9/2.1 MB | 0.4/1.7 MB | 79 kB | 133 kB | 74/591 kBProgress (5): 1.9/2.1 MB | 0.4/1.7 MB | 79 kB | 133 kB | 90/591 kBProgress (5): 1.9/2.1 MB | 0.4/1.7 MB | 79 kB | 133 kB | 106/591 kBProgress (5): 1.9/2.1 MB | 0.4/1.7 MB | 79 kB | 133 kB | 106/591 kBProgress (5): 1.9/2.1 MB | 0.4/1.7 MB | 79 kB | 133 kB | 123/591 kB                                                                   Downloaded from central: https://repo.maven.apache.org/maven2/org/springframework/boot/spring-boot-configuration-processor/3.5.10/spring-boot-configuration-processor-3.5.10.jar (133 kB at 79 kB/s)
Progress (4): 1.9/2.1 MB | 0.4/1.7 MB | 79 kB | 139/591 kBProgress (4): 1.9/2.1 MB | 0.4/1.7 MB | 79 kB | 139/591 kB                                                          Downloading from central: https://repo.maven.apache.org/maven2/org/projectlombok/lombok/1.18.42/lombok-1.18.42.jar
Progress (4): 1.9/2.1 MB | 0.4/1.7 MB | 79 kB | 139/591 kBProgress (4): 1.9/2.1 MB | 0.4/1.7 MB | 79 kB | 139/591 kBProgress (4): 1.9/2.1 MB | 0.4/1.7 MB | 79 kB | 139/591 kBProgress (4): 1.9/2.1 MB | 0.4/1.7 MB | 79 kB | 139/591 kBProgress (4): 1.9/2.1 MB | 0.4/1.7 MB | 79 kB | 139/591 kBProgress (4): 2.0/2.1 MB | 0.4/1.7 MB | 79 kB | 139/591 kBProgress (4): 2.0/2.1 MB | 0.4/1.7 MB | 79 kB | 139/591 kBProgress (4): 2.0/2.1 MB | 0.4/1.7 MB | 79 kB | 139/591 kBProgress (4): 2.0/2.1 MB | 0.4/1.7 MB | 79 kB | 139/591 kBProgress (4): 2.0/2.1 MB | 0.4/1.7 MB | 79 kB | 139/591 kBProgress (4): 2.0/2.1 MB | 0.5/1.7 MB | 79 kB | 139/591 kBProgress (4): 2.0/2.1 MB | 0.5/1.7 MB | 79 kB | 139/591 kBProgress (4): 2.0/2.1 MB | 0.5/1.7 MB | 79 kB | 139/591 kBProgress (4): 2.0/2.1 MB | 0.5/1.7 MB | 79 kB | 139/591 kBProgress (4): 2.0/2.1 MB | 0.5/1.7 MB | 79 kB | 139/591 kBProgress (4): 2.0/2.1 MB | 0.5/1.7 MB | 79 kB | 139/591 kBProgress (4): 2.1/2.1 MB | 0.5/1.7 MB | 79 kB | 139/591 kBProgress (4): 2.1/2.1 MB | 0.5/1.7 MB | 79 kB | 139/591 kBProgress (4): 2.1 MB | 0.5/1.7 MB | 79 kB | 139/591 kB    Progress (4): 2.1 MB | 0.5/1.7 MB | 79 kB | 139/591 kBProgress (4): 2.1 MB | 0.5/1.7 MB | 79 kB | 139/591 kB                                                      Downloaded from central: https://repo.maven.apache.org/maven2/com/fasterxml/jackson/core/jackson-annotations/2.19.4/jackson-annotations-2.19.4.jar (79 kB at 47 kB/s)
Downloading from central: https://repo.maven.apache.org/maven2/org/mapstruct/mapstruct/1.5.5.Final/mapstruct-1.5.5.Final.jar
Progress (3): 2.1 MB | 0.5/1.7 MB | 139/591 kBProgress (3): 2.1 MB | 0.6/1.7 MB | 139/591 kBProgress (3): 2.1 MB | 0.6/1.7 MB | 156/591 kBProgress (3): 2.1 MB | 0.6/1.7 MB | 172/591 kBProgress (3): 2.1 MB | 0.6/1.7 MB | 172/591 kBProgress (3): 2.1 MB | 0.6/1.7 MB | 188/591 kBProgress (3): 2.1 MB | 0.6/1.7 MB | 188/591 kBProgress (3): 2.1 MB | 0.6/1.7 MB | 205/591 kBProgress (3): 2.1 MB | 0.6/1.7 MB | 205/591 kBProgress (3): 2.1 MB | 0.6/1.7 MB | 221/591 kBProgress (3): 2.1 MB | 0.6/1.7 MB | 233/591 kBProgress (3): 2.1 MB | 0.6/1.7 MB | 233/591 kBProgress (3): 2.1 MB | 0.6/1.7 MB | 249/591 kBProgress (3): 2.1 MB | 0.6/1.7 MB | 249/591 kBProgress (3): 2.1 MB | 0.6/1.7 MB | 249/591 kBProgress (3): 2.1 MB | 0.6/1.7 MB | 265/591 kBProgress (3): 2.1 MB | 0.7/1.7 MB | 265/591 kBProgress (3): 2.1 MB | 0.7/1.7 MB | 282/591 kBProgress (3): 2.1 MB | 0.7/1.7 MB | 282/591 kBProgress (3): 2.1 MB | 0.7/1.7 MB | 298/591 kBProgress (3): 2.1 MB | 0.7/1.7 MB | 298/591 kBProgress (3): 2.1 MB | 0.7/1.7 MB | 314/591 kBProgress (3): 2.1 MB | 0.7/1.7 MB | 314/591 kB                                              Downloaded from central: https://repo.maven.apache.org/maven2/org/springframework/boot/spring-boot-autoconfigure/3.5.10/spring-boot-autoconfigure-3.5.10.jar (2.1 MB at 1.2 MB/s)
Downloading from central: https://repo.maven.apache.org/maven2/org/mapstruct/mapstruct-processor/1.5.5.Final/mapstruct-processor-1.5.5.Final.jar
Progress (2): 0.7/1.7 MB | 314/591 kBProgress (2): 0.7/1.7 MB | 314/591 kBProgress (2): 0.8/1.7 MB | 314/591 kBProgress (2): 0.8/1.7 MB | 331/591 kBProgress (2): 0.8/1.7 MB | 331/591 kBProgress (2): 0.8/1.7 MB | 347/591 kBProgress (2): 0.8/1.7 MB | 347/591 kBProgress (2): 0.8/1.7 MB | 364/591 kBProgress (2): 0.8/1.7 MB | 364/591 kBProgress (2): 0.8/1.7 MB | 380/591 kBProgress (2): 0.8/1.7 MB | 380/591 kBProgress (2): 0.8/1.7 MB | 396/591 kBProgress (2): 0.8/1.7 MB | 413/591 kBProgress (2): 0.8/1.7 MB | 413/591 kBProgress (2): 0.8/1.7 MB | 429/591 kBProgress (2): 0.9/1.7 MB | 429/591 kBProgress (2): 0.9/1.7 MB | 446/591 kBProgress (2): 0.9/1.7 MB | 446/591 kBProgress (2): 0.9/1.7 MB | 462/591 kBProgress (2): 0.9/1.7 MB | 462/591 kBProgress (2): 0.9/1.7 MB | 478/591 kBProgress (2): 0.9/1.7 MB | 478/591 kBProgress (2): 0.9/1.7 MB | 495/591 kBProgress (2): 0.9/1.7 MB | 495/591 kBProgress (2): 0.9/1.7 MB | 511/591 kBProgress (2): 0.9/1.7 MB | 511/591 kBProgress (2): 0.9/1.7 MB | 527/591 kBProgress (2): 1.0/1.7 MB | 527/591 kBProgress (2): 1.0/1.7 MB | 544/591 kBProgress (2): 1.0/1.7 MB | 544/591 kBProgress (2): 1.0/1.7 MB | 560/591 kBProgress (2): 1.0/1.7 MB | 560/591 kBProgress (2): 1.0/1.7 MB | 577/591 kBProgress (2): 1.0/1.7 MB | 577/591 kBProgress (2): 1.0/1.7 MB | 591 kB    Progress (2): 1.0/1.7 MB | 591 kBProgress (2): 1.0/1.7 MB | 591 kB                                 Downloaded from central: https://repo.maven.apache.org/maven2/com/fasterxml/jackson/core/jackson-core/2.19.4/jackson-core-2.19.4.jar (591 kB at 347 kB/s)
Progress (1): 1.0/1.7 MBProgress (1): 1.1/1.7 MBProgress (1): 1.1/1.7 MBProgress (1): 1.1/1.7 MBProgress (1): 1.1/1.7 MBProgress (1): 1.1/1.7 MBProgress (1): 1.1/1.7 MBProgress (1): 1.2/1.7 MBProgress (1): 1.2/1.7 MBProgress (1): 1.2/1.7 MBProgress (1): 1.2/1.7 MBProgress (1): 1.2/1.7 MBProgress (1): 1.2/1.7 MBProgress (1): 1.3/1.7 MBProgress (1): 1.3/1.7 MBProgress (1): 1.3/1.7 MBProgress (1): 1.3/1.7 MBProgress (1): 1.3/1.7 MBProgress (1): 1.3/1.7 MBProgress (1): 1.3/1.7 MBProgress (1): 1.4/1.7 MBProgress (1): 1.4/1.7 MBProgress (1): 1.4/1.7 MBProgress (1): 1.4/1.7 MBProgress (1): 1.4/1.7 MBProgress (1): 1.4/1.7 MBProgress (1): 1.5/1.7 MBProgress (1): 1.5/1.7 MBProgress (1): 1.5/1.7 MBProgress (1): 1.5/1.7 MBProgress (1): 1.5/1.7 MBProgress (1): 1.5/1.7 MBProgress (1): 1.5/1.7 MBProgress (1): 1.6/1.7 MBProgress (1): 1.6/1.7 MBProgress (1): 1.6/1.7 MBProgress (1): 1.6/1.7 MBProgress (1): 1.6/1.7 MBProgress (1): 1.6/1.7 MBProgress (1): 1.6/1.7 MBProgress (1): 1.7/1.7 MBProgress (1): 1.7/1.7 MBProgress (1): 1.7 MB                        Downloaded from central: https://repo.maven.apache.org/maven2/com/fasterxml/jackson/core/jackson-databind/2.19.4/jackson-databind-2.19.4.jar (1.7 MB at 977 kB/s)
Progress (1): 0/2.0 MBProgress (1): 0/2.0 MBProgress (2): 0/2.0 MB | 7.7/29 kBProgress (2): 0/2.0 MB | 8.2/29 kBProgress (2): 0/2.0 MB | 8.2/29 kBProgress (2): 0/2.0 MB | 25/29 kB Progress (2): 0/2.0 MB | 25/29 kBProgress (2): 0/2.0 MB | 29 kB   Progress (2): 0.1/2.0 MB | 29 kBProgress (2): 0.1/2.0 MB | 29 kB                                Downloaded from central: https://repo.maven.apache.org/maven2/org/mapstruct/mapstruct/1.5.5.Final/mapstruct-1.5.5.Final.jar (29 kB at 17 kB/s)
Progress (1): 0.1/2.0 MBProgress (1): 0.1/2.0 MBProgress (1): 0.1/2.0 MBProgress (1): 0.1/2.0 MBProgress (1): 0.2/2.0 MBProgress (1): 0.2/2.0 MBProgress (1): 0.2/2.0 MBProgress (1): 0.2/2.0 MBProgress (2): 0.2/2.0 MB | 0/1.9 MBProgress (2): 0.2/2.0 MB | 0/1.9 MBProgress (2): 0.2/2.0 MB | 0/1.9 MBProgress (2): 0.3/2.0 MB | 0/1.9 MBProgress (2): 0.3/2.0 MB | 0/1.9 MBProgress (2): 0.3/2.0 MB | 0/1.9 MBProgress (2): 0.3/2.0 MB | 0/1.9 MBProgress (2): 0.3/2.0 MB | 0/1.9 MBProgress (2): 0.3/2.0 MB | 0/1.9 MBProgress (2): 0.3/2.0 MB | 0/1.9 MBProgress (2): 0.3/2.0 MB | 0/1.9 MBProgress (2): 0.4/2.0 MB | 0/1.9 MBProgress (2): 0.4/2.0 MB | 0/1.9 MBProgress (2): 0.4/2.0 MB | 0.1/1.9 MBProgress (2): 0.4/2.0 MB | 0.1/1.9 MBProgress (2): 0.4/2.0 MB | 0.1/1.9 MBProgress (2): 0.4/2.0 MB | 0.1/1.9 MBProgress (2): 0.4/2.0 MB | 0.1/1.9 MBProgress (2): 0.4/2.0 MB | 0.1/1.9 MBProgress (2): 0.4/2.0 MB | 0.1/1.9 MBProgress (2): 0.4/2.0 MB | 0.1/1.9 MBProgress (2): 0.5/2.0 MB | 0.1/1.9 MBProgress (2): 0.5/2.0 MB | 0.1/1.9 MBProgress (2): 0.5/2.0 MB | 0.1/1.9 MBProgress (2): 0.5/2.0 MB | 0.1/1.9 MBProgress (2): 0.5/2.0 MB | 0.1/1.9 MBProgress (2): 0.5/2.0 MB | 0.1/1.9 MBProgress (2): 0.5/2.0 MB | 0.1/1.9 MBProgress (2): 0.5/2.0 MB | 0.1/1.9 MBProgress (2): 0.6/2.0 MB | 0.1/1.9 MBProgress (2): 0.6/2.0 MB | 0.1/1.9 MBProgress (2): 0.6/2.0 MB | 0.1/1.9 MBProgress (2): 0.6/2.0 MB | 0.1/1.9 MBProgress (2): 0.6/2.0 MB | 0.1/1.9 MBProgress (2): 0.6/2.0 MB | 0.1/1.9 MBProgress (2): 0.6/2.0 MB | 0.1/1.9 MBProgress (2): 0.6/2.0 MB | 0.1/1.9 MBProgress (2): 0.7/2.0 MB | 0.1/1.9 MBProgress (2): 0.7/2.0 MB | 0.1/1.9 MBProgress (2): 0.7/2.0 MB | 0.2/1.9 MBProgress (2): 0.7/2.0 MB | 0.2/1.9 MBProgress (2): 0.7/2.0 MB | 0.2/1.9 MBProgress (2): 0.7/2.0 MB | 0.2/1.9 MBProgress (2): 0.7/2.0 MB | 0.2/1.9 MBProgress (2): 0.7/2.0 MB | 0.2/1.9 MBProgress (2): 0.7/2.0 MB | 0.2/1.9 MBProgress (2): 0.8/2.0 MB | 0.2/1.9 MBProgress (2): 0.8/2.0 MB | 0.2/1.9 MBProgress (2): 0.8/2.0 MB | 0.2/1.9 MBProgress (2): 0.8/2.0 MB | 0.2/1.9 MBProgress (2): 0.8/2.0 MB | 0.2/1.9 MBProgress (2): 0.8/2.0 MB | 0.2/1.9 MBProgress (2): 0.8/2.0 MB | 0.2/1.9 MBProgress (2): 0.8/2.0 MB | 0.2/1.9 MBProgress (2): 0.8/2.0 MB | 0.3/1.9 MBProgress (2): 0.8/2.0 MB | 0.3/1.9 MBProgress (2): 0.8/2.0 MB | 0.3/1.9 MBProgress (2): 0.9/2.0 MB | 0.3/1.9 MBProgress (2): 0.9/2.0 MB | 0.3/1.9 MBProgress (2): 0.9/2.0 MB | 0.3/1.9 MBProgress (2): 0.9/2.0 MB | 0.3/1.9 MBProgress (2): 0.9/2.0 MB | 0.3/1.9 MBProgress (2): 0.9/2.0 MB | 0.3/1.9 MBProgress (2): 0.9/2.0 MB | 0.3/1.9 MBProgress (2): 0.9/2.0 MB | 0.3/1.9 MBProgress (2): 0.9/2.0 MB | 0.3/1.9 MBProgress (2): 0.9/2.0 MB | 0.4/1.9 MBProgress (2): 0.9/2.0 MB | 0.4/1.9 MBProgress (2): 0.9/2.0 MB | 0.4/1.9 MBProgress (2): 0.9/2.0 MB | 0.4/1.9 MBProgress (2): 0.9/2.0 MB | 0.4/1.9 MBProgress (2): 1.0/2.0 MB | 0.4/1.9 MBProgress (2): 1.0/2.0 MB | 0.4/1.9 MBProgress (2): 1.0/2.0 MB | 0.4/1.9 MBProgress (2): 1.0/2.0 MB | 0.4/1.9 MBProgress (2): 1.0/2.0 MB | 0.4/1.9 MBProgress (2): 1.0/2.0 MB | 0.4/1.9 MBProgress (2): 1.0/2.0 MB | 0.5/1.9 MBProgress (2): 1.0/2.0 MB | 0.5/1.9 MBProgress (2): 1.0/2.0 MB | 0.5/1.9 MBProgress (2): 1.0/2.0 MB | 0.5/1.9 MBProgress (2): 1.0/2.0 MB | 0.5/1.9 MBProgress (2): 1.0/2.0 MB | 0.5/1.9 MBProgress (2): 1.0/2.0 MB | 0.5/1.9 MBProgress (2): 1.1/2.0 MB | 0.5/1.9 MBProgress (2): 1.1/2.0 MB | 0.5/1.9 MBProgress (2): 1.1/2.0 MB | 0.5/1.9 MBProgress (2): 1.1/2.0 MB | 0.5/1.9 MBProgress (2): 1.1/2.0 MB | 0.5/1.9 MBProgress (2): 1.1/2.0 MB | 0.6/1.9 MBProgress (2): 1.1/2.0 MB | 0.6/1.9 MBProgress (2): 1.1/2.0 MB | 0.6/1.9 MBProgress (2): 1.1/2.0 MB | 0.6/1.9 MBProgress (2): 1.1/2.0 MB | 0.6/1.9 MBProgress (2): 1.1/2.0 MB | 0.6/1.9 MBProgress (2): 1.1/2.0 MB | 0.6/1.9 MBProgress (2): 1.1/2.0 MB | 0.6/1.9 MBProgress (2): 1.2/2.0 MB | 0.6/1.9 MBProgress (2): 1.2/2.0 MB | 0.6/1.9 MBProgress (2): 1.2/2.0 MB | 0.6/1.9 MBProgress (2): 1.2/2.0 MB | 0.7/1.9 MBProgress (2): 1.2/2.0 MB | 0.7/1.9 MBProgress (2): 1.2/2.0 MB | 0.7/1.9 MBProgress (2): 1.2/2.0 MB | 0.7/1.9 MBProgress (2): 1.2/2.0 MB | 0.7/1.9 MBProgress (2): 1.2/2.0 MB | 0.7/1.9 MBProgress (2): 1.2/2.0 MB | 0.7/1.9 MBProgress (2): 1.2/2.0 MB | 0.7/1.9 MBProgress (2): 1.2/2.0 MB | 0.7/1.9 MBProgress (2): 1.2/2.0 MB | 0.8/1.9 MBProgress (2): 1.2/2.0 MB | 0.8/1.9 MBProgress (2): 1.2/2.0 MB | 0.8/1.9 MBProgress (2): 1.2/2.0 MB | 0.8/1.9 MBProgress (2): 1.3/2.0 MB | 0.8/1.9 MBProgress (2): 1.3/2.0 MB | 0.8/1.9 MBProgress (2): 1.3/2.0 MB | 0.8/1.9 MBProgress (2): 1.3/2.0 MB | 0.8/1.9 MBProgress (2): 1.3/2.0 MB | 0.8/1.9 MBProgress (2): 1.3/2.0 MB | 0.9/1.9 MBProgress (2): 1.3/2.0 MB | 0.9/1.9 MBProgress (2): 1.3/2.0 MB | 0.9/1.9 MBProgress (2): 1.3/2.0 MB | 0.9/1.9 MBProgress (2): 1.3/2.0 MB | 0.9/1.9 MBProgress (2): 1.3/2.0 MB | 0.9/1.9 MBProgress (2): 1.3/2.0 MB | 0.9/1.9 MBProgress (2): 1.3/2.0 MB | 1.0/1.9 MBProgress (2): 1.3/2.0 MB | 1.0/1.9 MBProgress (2): 1.3/2.0 MB | 1.0/1.9 MBProgress (2): 1.3/2.0 MB | 1.0/1.9 MBProgress (2): 1.3/2.0 MB | 1.0/1.9 MBProgress (2): 1.3/2.0 MB | 1.0/1.9 MBProgress (2): 1.3/2.0 MB | 1.0/1.9 MBProgress (2): 1.3/2.0 MB | 1.0/1.9 MBProgress (2): 1.3/2.0 MB | 1.0/1.9 MBProgress (2): 1.4/2.0 MB | 1.0/1.9 MBProgress (2): 1.4/2.0 MB | 1.0/1.9 MBProgress (2): 1.4/2.0 MB | 1.0/1.9 MBProgress (2): 1.4/2.0 MB | 1.1/1.9 MBProgress (2): 1.4/2.0 MB | 1.1/1.9 MBProgress (2): 1.4/2.0 MB | 1.1/1.9 MBProgress (2): 1.4/2.0 MB | 1.1/1.9 MBProgress (2): 1.4/2.0 MB | 1.1/1.9 MBProgress (2): 1.4/2.0 MB | 1.1/1.9 MBProgress (2): 1.4/2.0 MB | 1.1/1.9 MBProgress (2): 1.4/2.0 MB | 1.1/1.9 MBProgress (2): 1.4/2.0 MB | 1.1/1.9 MBProgress (2): 1.4/2.0 MB | 1.1/1.9 MBProgress (2): 1.5/2.0 MB | 1.1/1.9 MBProgress (2): 1.5/2.0 MB | 1.2/1.9 MBProgress (2): 1.5/2.0 MB | 1.2/1.9 MBProgress (2): 1.5/2.0 MB | 1.2/1.9 MBProgress (2): 1.5/2.0 MB | 1.2/1.9 MBProgress (2): 1.5/2.0 MB | 1.2/1.9 MBProgress (2): 1.5/2.0 MB | 1.2/1.9 MBProgress (2): 1.5/2.0 MB | 1.2/1.9 MBProgress (2): 1.5/2.0 MB | 1.2/1.9 MBProgress (2): 1.5/2.0 MB | 1.2/1.9 MBProgress (2): 1.5/2.0 MB | 1.2/1.9 MBProgress (2): 1.5/2.0 MB | 1.2/1.9 MBProgress (2): 1.6/2.0 MB | 1.2/1.9 MBProgress (2): 1.6/2.0 MB | 1.3/1.9 MBProgress (2): 1.6/2.0 MB | 1.3/1.9 MBProgress (2): 1.6/2.0 MB | 1.3/1.9 MBProgress (2): 1.6/2.0 MB | 1.3/1.9 MBProgress (2): 1.6/2.0 MB | 1.3/1.9 MBProgress (2): 1.6/2.0 MB | 1.3/1.9 MBProgress (2): 1.6/2.0 MB | 1.3/1.9 MBProgress (2): 1.6/2.0 MB | 1.3/1.9 MBProgress (2): 1.6/2.0 MB | 1.3/1.9 MBProgress (2): 1.6/2.0 MB | 1.3/1.9 MBProgress (2): 1.6/2.0 MB | 1.3/1.9 MBProgress (2): 1.6/2.0 MB | 1.4/1.9 MBProgress (2): 1.6/2.0 MB | 1.4/1.9 MBProgress (2): 1.7/2.0 MB | 1.4/1.9 MBProgress (2): 1.7/2.0 MB | 1.4/1.9 MBProgress (2): 1.7/2.0 MB | 1.4/1.9 MBProgress (2): 1.7/2.0 MB | 1.4/1.9 MBProgress (2): 1.7/2.0 MB | 1.4/1.9 MBProgress (2): 1.7/2.0 MB | 1.4/1.9 MBProgress (2): 1.7/2.0 MB | 1.4/1.9 MBProgress (2): 1.7/2.0 MB | 1.4/1.9 MBProgress (2): 1.7/2.0 MB | 1.5/1.9 MBProgress (2): 1.7/2.0 MB | 1.5/1.9 MBProgress (2): 1.7/2.0 MB | 1.5/1.9 MBProgress (2): 1.7/2.0 MB | 1.5/1.9 MBProgress (2): 1.7/2.0 MB | 1.5/1.9 MBProgress (2): 1.7/2.0 MB | 1.5/1.9 MBProgress (2): 1.7/2.0 MB | 1.5/1.9 MBProgress (2): 1.8/2.0 MB | 1.5/1.9 MBProgress (2): 1.8/2.0 MB | 1.5/1.9 MBProgress (2): 1.8/2.0 MB | 1.5/1.9 MBProgress (2): 1.8/2.0 MB | 1.5/1.9 MBProgress (2): 1.8/2.0 MB | 1.6/1.9 MBProgress (2): 1.8/2.0 MB | 1.6/1.9 MBProgress (2): 1.8/2.0 MB | 1.6/1.9 MBProgress (2): 1.8/2.0 MB | 1.6/1.9 MBProgress (2): 1.8/2.0 MB | 1.6/1.9 MBProgress (2): 1.8/2.0 MB | 1.6/1.9 MBProgress (2): 1.8/2.0 MB | 1.6/1.9 MBProgress (2): 1.8/2.0 MB | 1.6/1.9 MBProgress (2): 1.8/2.0 MB | 1.6/1.9 MBProgress (2): 1.9/2.0 MB | 1.6/1.9 MBProgress (2): 1.9/2.0 MB | 1.6/1.9 MBProgress (2): 1.9/2.0 MB | 1.7/1.9 MBProgress (2): 1.9/2.0 MB | 1.7/1.9 MBProgress (2): 1.9/2.0 MB | 1.7/1.9 MBProgress (2): 1.9/2.0 MB | 1.7/1.9 MBProgress (2): 1.9/2.0 MB | 1.7/1.9 MBProgress (2): 1.9/2.0 MB | 1.7/1.9 MBProgress (2): 1.9/2.0 MB | 1.7/1.9 MBProgress (2): 1.9/2.0 MB | 1.7/1.9 MBProgress (2): 1.9/2.0 MB | 1.7/1.9 MBProgress (2): 1.9/2.0 MB | 1.7/1.9 MBProgress (2): 1.9/2.0 MB | 1.8/1.9 MBProgress (2): 1.9/2.0 MB | 1.8/1.9 MBProgress (2): 1.9/2.0 MB | 1.8/1.9 MBProgress (2): 1.9/2.0 MB | 1.8/1.9 MBProgress (2): 1.9/2.0 MB | 1.8/1.9 MBProgress (2): 2.0/2.0 MB | 1.8/1.9 MBProgress (2): 2.0/2.0 MB | 1.8/1.9 MBProgress (2): 2.0/2.0 MB | 1.8/1.9 MBProgress (2): 2.0/2.0 MB | 1.8/1.9 MBProgress (2): 2.0/2.0 MB | 1.8/1.9 MBProgress (2): 2.0/2.0 MB | 1.9/1.9 MBProgress (2): 2.0/2.0 MB | 1.9/1.9 MBProgress (2): 2.0/2.0 MB | 1.9/1.9 MBProgress (2): 2.0/2.0 MB | 1.9/1.9 MBProgress (2): 2.0/2.0 MB | 1.9/1.9 MBProgress (2): 2.0/2.0 MB | 1.9/1.9 MBProgress (2): 2.0/2.0 MB | 1.9/1.9 MBProgress (2): 2.0/2.0 MB | 1.9/1.9 MBProgress (2): 2.0/2.0 MB | 1.9 MB    Progress (2): 2.0 MB | 1.9 MB                                 Downloaded from central: https://repo.maven.apache.org/maven2/org/mapstruct/mapstruct-processor/1.5.5.Final/mapstruct-processor-1.5.5.Final.jar (1.9 MB at 1.1 MB/s)
Downloaded from central: https://repo.maven.apache.org/maven2/org/projectlombok/lombok/1.18.42/lombok-1.18.42.jar (2.0 MB at 1.1 MB/s)
[INFO]
[INFO] --- jacoco:0.8.14:prepare-agent (default) @ fm ---
Downloading from central: https://repo.maven.apache.org/maven2/org/codehaus/plexus/plexus-utils/3.0.24/plexus-utils-3.0.24.pom
Progress (1): 810 BProgress (1): 2.4 kBProgress (1): 4.1 kB                    Downloaded from central: https://repo.maven.apache.org/maven2/org/codehaus/plexus/plexus-utils/3.0.24/plexus-utils-3.0.24.pom (4.1 kB at 147 kB/s)
Downloading from central: https://repo.maven.apache.org/maven2/org/codehaus/plexus/plexus/4.0/plexus-4.0.pom
Progress (1): 707 BProgress (1): 2.5 kBProgress (1): 6.4 kBProgress (1): 9.2 kBProgress (1): 12 kB Progress (1): 16 kBProgress (1): 21 kBProgress (1): 22 kB                   Downloaded from central: https://repo.maven.apache.org/maven2/org/codehaus/plexus/plexus/4.0/plexus-4.0.pom (22 kB at 768 kB/s)
Downloading from central: https://repo.maven.apache.org/maven2/org/sonatype/forge/forge-parent/10/forge-parent-10.pom
Progress (1): 735 BProgress (1): 2.6 kBProgress (1): 8.6 kBProgress (1): 12 kB Progress (1): 14 kB                   Downloaded from central: https://repo.maven.apache.org/maven2/org/sonatype/forge/forge-parent/10/forge-parent-10.pom (14 kB at 437 kB/s)
Downloading from central: https://repo.maven.apache.org/maven2/org/apache/maven/shared/file-management/3.2.0/file-management-3.2.0.pom
Progress (1): 793 BProgress (1): 2.3 kBProgress (1): 4.4 kBProgress (1): 4.5 kB                    Downloaded from central: https://repo.maven.apache.org/maven2/org/apache/maven/shared/file-management/3.2.0/file-management-3.2.0.pom (4.5 kB at 136 kB/s)
Downloading from central: https://repo.maven.apache.org/maven2/org/apache/maven/shared/maven-shared-components/44/maven-shared-components-44.pom
Progress (1): 810 BProgress (1): 2.3 kBProgress (1): 3.8 kB                    Downloaded from central: https://repo.maven.apache.org/maven2/org/apache/maven/shared/maven-shared-components/44/maven-shared-components-44.pom (3.8 kB at 126 kB/s)
Downloading from central: https://repo.maven.apache.org/maven2/org/slf4j/slf4j-api/1.7.36/slf4j-api-1.7.36.pom
Progress (1): 1.0 kBProgress (1): 2.7 kB                    Downloaded from central: https://repo.maven.apache.org/maven2/org/slf4j/slf4j-api/1.7.36/slf4j-api-1.7.36.pom (2.7 kB at 95 kB/s)
Downloading from central: https://repo.maven.apache.org/maven2/org/slf4j/slf4j-parent/1.7.36/slf4j-parent-1.7.36.pom
Progress (1): 1.0 kBProgress (1): 3.0 kBProgress (1): 5.9 kBProgress (1): 8.7 kBProgress (1): 12 kB Progress (1): 14 kB                   Downloaded from central: https://repo.maven.apache.org/maven2/org/slf4j/slf4j-parent/1.7.36/slf4j-parent-1.7.36.pom (14 kB at 503 kB/s)
Downloading from central: https://repo.maven.apache.org/maven2/org/codehaus/plexus/plexus-utils/4.0.2/plexus-utils-4.0.2.pom
Progress (1): 976 BProgress (1): 4.3 kBProgress (1): 7.7 kBProgress (1): 12 kB Progress (1): 13 kB                   Downloaded from central: https://repo.maven.apache.org/maven2/org/codehaus/plexus/plexus-utils/4.0.2/plexus-utils-4.0.2.pom (13 kB at 458 kB/s)
Downloading from central: https://repo.maven.apache.org/maven2/commons-io/commons-io/2.19.0/commons-io-2.19.0.pom
Progress (1): 763 BProgress (1): 2.1 kBProgress (1): 4.7 kBProgress (1): 6.7 kBProgress (1): 8.9 kBProgress (1): 12 kB Progress (1): 14 kBProgress (1): 18 kBProgress (1): 20 kBProgress (1): 21 kB                   Downloaded from central: https://repo.maven.apache.org/maven2/commons-io/commons-io/2.19.0/commons-io-2.19.0.pom (21 kB at 666 kB/s)
Downloading from central: https://repo.maven.apache.org/maven2/org/apache/commons/commons-parent/81/commons-parent-81.pom
Progress (1): 701 BProgress (1): 1.9 kBProgress (1): 3.2 kBProgress (1): 4.7 kBProgress (1): 6.8 kBProgress (1): 9.2 kBProgress (1): 11 kB Progress (1): 13 kBProgress (1): 16 kBProgress (1): 18 kBProgress (1): 21 kBProgress (1): 23 kBProgress (1): 25 kBProgress (1): 29 kBProgress (1): 32 kBProgress (1): 32 kBProgress (1): 37 kBProgress (1): 41 kBProgress (1): 45 kBProgress (1): 47 kBProgress (1): 50 kBProgress (1): 52 kBProgress (1): 56 kBProgress (1): 58 kBProgress (1): 62 kBProgress (1): 64 kBProgress (1): 69 kBProgress (1): 71 kBProgress (1): 74 kBProgress (1): 76 kBProgress (1): 78 kB                   Downloaded from central: https://repo.maven.apache.org/maven2/org/apache/commons/commons-parent/81/commons-parent-81.pom (78 kB at 2.0 MB/s)
Downloading from central: https://repo.maven.apache.org/maven2/org/apache/maven/reporting/maven-reporting-api/3.0/maven-reporting-api-3.0.pom
Progress (1): 816 BProgress (1): 2.4 kBProgress (1): 2.4 kB                    Downloaded from central: https://repo.maven.apache.org/maven2/org/apache/maven/reporting/maven-reporting-api/3.0/maven-reporting-api-3.0.pom (2.4 kB at 77 kB/s)
Downloading from central: https://repo.maven.apache.org/maven2/org/apache/maven/shared/maven-shared-components/15/maven-shared-components-15.pom
Progress (1): 770 BProgress (1): 2.9 kBProgress (1): 6.5 kBProgress (1): 9.1 kBProgress (1): 9.3 kB                    Downloaded from central: https://repo.maven.apache.org/maven2/org/apache/maven/shared/maven-shared-components/15/maven-shared-components-15.pom (9.3 kB at 346 kB/s)
Downloading from central: https://repo.maven.apache.org/maven2/org/apache/maven/maven-parent/16/maven-parent-16.pom
Progress (1): 742 BProgress (1): 2.0 kBProgress (1): 6.6 kBProgress (1): 11 kB Progress (1): 15 kBProgress (1): 17 kBProgress (1): 21 kBProgress (1): 23 kB                   Downloaded from central: https://repo.maven.apache.org/maven2/org/apache/maven/maven-parent/16/maven-parent-16.pom (23 kB at 751 kB/s)
Downloading from central: https://repo.maven.apache.org/maven2/org/apache/apache/7/apache-7.pom
Progress (1): 754 BProgress (1): 2.0 kBProgress (1): 3.7 kBProgress (1): 7.1 kBProgress (1): 11 kB Progress (1): 14 kBProgress (1): 14 kB                   Downloaded from central: https://repo.maven.apache.org/maven2/org/apache/apache/7/apache-7.pom (14 kB at 515 kB/s)
Downloading from central: https://repo.maven.apache.org/maven2/org/apache/maven/doxia/doxia-sink-api/1.0/doxia-sink-api-1.0.pom
Progress (1): 835 BProgress (1): 1.4 kB                    Downloaded from central: https://repo.maven.apache.org/maven2/org/apache/maven/doxia/doxia-sink-api/1.0/doxia-sink-api-1.0.pom (1.4 kB at 43 kB/s)
Downloading from central: https://repo.maven.apache.org/maven2/org/apache/maven/doxia/doxia/1.0/doxia-1.0.pom
Progress (1): 762 BProgress (1): 2.2 kBProgress (1): 5.7 kBProgress (1): 8.9 kBProgress (1): 9.6 kB                    Downloaded from central: https://repo.maven.apache.org/maven2/org/apache/maven/doxia/doxia/1.0/doxia-1.0.pom (9.6 kB at 321 kB/s)
Downloading from central: https://repo.maven.apache.org/maven2/org/apache/maven/maven-parent/10/maven-parent-10.pom
Progress (1): 736 BProgress (1): 1.9 kBProgress (1): 6.2 kBProgress (1): 11 kB Progress (1): 14 kBProgress (1): 16 kBProgress (1): 22 kBProgress (1): 25 kBProgress (1): 29 kBProgress (1): 32 kB                   Downloaded from central: https://repo.maven.apache.org/maven2/org/apache/maven/maven-parent/10/maven-parent-10.pom (32 kB at 1.1 MB/s)
Downloading from central: https://repo.maven.apache.org/maven2/org/apache/apache/4/apache-4.pom
Progress (1): 790 BProgress (1): 2.1 kBProgress (1): 4.2 kBProgress (1): 4.5 kB                    Downloaded from central: https://repo.maven.apache.org/maven2/org/apache/apache/4/apache-4.pom (4.5 kB at 161 kB/s)
Downloading from central: https://repo.maven.apache.org/maven2/org/jacoco/org.jacoco.agent/0.8.14/org.jacoco.agent-0.8.14.pom
Progress (1): 884 BProgress (1): 3.5 kBProgress (1): 3.5 kB                    Downloaded from central: https://repo.maven.apache.org/maven2/org/jacoco/org.jacoco.agent/0.8.14/org.jacoco.agent-0.8.14.pom (3.5 kB at 125 kB/s)
Downloading from central: https://repo.maven.apache.org/maven2/org/jacoco/org.jacoco.core/0.8.14/org.jacoco.core-0.8.14.pom
Progress (1): 895 BProgress (1): 2.1 kB                    Downloaded from central: https://repo.maven.apache.org/maven2/org/jacoco/org.jacoco.core/0.8.14/org.jacoco.core-0.8.14.pom (2.1 kB at 67 kB/s)
Downloading from central: https://repo.maven.apache.org/maven2/org/ow2/asm/asm/9.9/asm-9.9.pom
Progress (1): 1.3 kBProgress (1): 2.4 kB                    Downloaded from central: https://repo.maven.apache.org/maven2/org/ow2/asm/asm/9.9/asm-9.9.pom (2.4 kB at 70 kB/s)
Downloading from central: https://repo.maven.apache.org/maven2/org/ow2/asm/asm-commons/9.9/asm-commons-9.9.pom
Progress (1): 1.1 kBProgress (1): 2.8 kB                    Downloaded from central: https://repo.maven.apache.org/maven2/org/ow2/asm/asm-commons/9.9/asm-commons-9.9.pom (2.8 kB at 96 kB/s)
Downloading from central: https://repo.maven.apache.org/maven2/org/ow2/asm/asm-tree/9.9/asm-tree-9.9.pom
Progress (1): 1.1 kBProgress (1): 2.6 kB                    Downloaded from central: https://repo.maven.apache.org/maven2/org/ow2/asm/asm-tree/9.9/asm-tree-9.9.pom (2.6 kB at 76 kB/s)
Downloading from central: https://repo.maven.apache.org/maven2/org/jacoco/org.jacoco.report/0.8.14/org.jacoco.report-0.8.14.pom
Progress (1): 898 BProgress (1): 1.9 kB                    Downloaded from central: https://repo.maven.apache.org/maven2/org/jacoco/org.jacoco.report/0.8.14/org.jacoco.report-0.8.14.pom (1.9 kB at 67 kB/s)
Downloading from central: https://repo.maven.apache.org/maven2/org/codehaus/plexus/plexus-utils/3.0.24/plexus-utils-3.0.24.jar
Downloading from central: https://repo.maven.apache.org/maven2/org/apache/maven/shared/file-management/3.2.0/file-management-3.2.0.jar
Downloading from central: https://repo.maven.apache.org/maven2/org/slf4j/slf4j-api/1.7.36/slf4j-api-1.7.36.jar
Downloading from central: https://repo.maven.apache.org/maven2/commons-io/commons-io/2.19.0/commons-io-2.19.0.jar
Downloading from central: https://repo.maven.apache.org/maven2/org/apache/maven/reporting/maven-reporting-api/3.0/maven-reporting-api-3.0.jar
Progress (1): 7.7/247 kBProgress (2): 7.7/247 kB | 7.7/11 kBProgress (3): 7.7/247 kB | 7.7/11 kB | 7.7/26 kBProgress (3): 7.7/247 kB | 11 kB | 7.7/26 kB    Progress (3): 12/247 kB | 11 kB | 7.7/26 kB Progress (3): 12/247 kB | 11 kB | 16/26 kB Progress (3): 12/247 kB | 11 kB | 26 kB   Progress (3): 28/247 kB | 11 kB | 26 kBProgress (3): 44/247 kB | 11 kB | 26 kBProgress (4): 44/247 kB | 11 kB | 26 kB | 7.7/556 kBProgress (4): 44/247 kB | 11 kB | 26 kB | 16/556 kB Progress (4): 44/247 kB | 11 kB | 26 kB | 32/556 kBProgress (4): 61/247 kB | 11 kB | 26 kB | 32/556 kBProgress (4): 61/247 kB | 11 kB | 26 kB | 48/556 kBProgress (4): 61/247 kB | 11 kB | 26 kB | 65/556 kBProgress (4): 61/247 kB | 11 kB | 26 kB | 81/556 kBProgress (4): 77/247 kB | 11 kB | 26 kB | 81/556 kBProgress (4): 77/247 kB | 11 kB | 26 kB | 98/556 kBProgress (4): 94/247 kB | 11 kB | 26 kB | 98/556 kBProgress (4): 94/247 kB | 11 kB | 26 kB | 114/556 kBProgress (4): 110/247 kB | 11 kB | 26 kB | 114/556 kBProgress (4): 110/247 kB | 11 kB | 26 kB | 130/556 kBProgress (4): 126/247 kB | 11 kB | 26 kB | 130/556 kBProgress (4): 126/247 kB | 11 kB | 26 kB | 147/556 kBProgress (4): 143/247 kB | 11 kB | 26 kB | 147/556 kBProgress (4): 143/247 kB | 11 kB | 26 kB | 163/556 kBProgress (4): 159/247 kB | 11 kB | 26 kB | 163/556 kBProgress (4): 159/247 kB | 11 kB | 26 kB | 180/556 kBProgress (4): 175/247 kB | 11 kB | 26 kB | 180/556 kBProgress (4): 192/247 kB | 11 kB | 26 kB | 180/556 kBProgress (5): 192/247 kB | 11 kB | 26 kB | 180/556 kB | 7.7/41 kBProgress (5): 192/247 kB | 11 kB | 26 kB | 180/556 kB | 16/41 kB Progress (5): 208/247 kB | 11 kB | 26 kB | 180/556 kB | 16/41 kBProgress (5): 208/247 kB | 11 kB | 26 kB | 180/556 kB | 32/41 kBProgress (5): 225/247 kB | 11 kB | 26 kB | 180/556 kB | 32/41 kBProgress (5): 225/247 kB | 11 kB | 26 kB | 180/556 kB | 41 kB                                                                Downloaded from central: https://repo.maven.apache.org/maven2/org/slf4j/slf4j-api/1.7.36/slf4j-api-1.7.36.jar (41 kB at 956 kB/s)
Downloaded from central: https://repo.maven.apache.org/maven2/org/apache/maven/reporting/maven-reporting-api/3.0/maven-reporting-api-3.0.jar (11 kB at 288 kB/s)
Downloading from central: https://repo.maven.apache.org/maven2/org/apache/maven/doxia/doxia-sink-api/1.0/doxia-sink-api-1.0.jar
Downloading from central: https://repo.maven.apache.org/maven2/org/jacoco/org.jacoco.agent/0.8.14/org.jacoco.agent-0.8.14-runtime.jar
Progress (3): 241/247 kB | 26 kB | 180/556 kBProgress (3): 247 kB | 26 kB | 180/556 kB                                             Downloaded from central: https://repo.maven.apache.org/maven2/org/apache/maven/shared/file-management/3.2.0/file-management-3.2.0.jar (26 kB at 589 kB/s)
Downloading from central: https://repo.maven.apache.org/maven2/org/jacoco/org.jacoco.core/0.8.14/org.jacoco.core-0.8.14.jar
Downloaded from central: https://repo.maven.apache.org/maven2/org/codehaus/plexus/plexus-utils/3.0.24/plexus-utils-3.0.24.jar (247 kB at 5.5 MB/s)
Downloading from central: https://repo.maven.apache.org/maven2/org/ow2/asm/asm/9.9/asm-9.9.jar
Progress (1): 196/556 kBProgress (1): 212/556 kBProgress (1): 229/556 kBProgress (1): 245/556 kBProgress (1): 261/556 kBProgress (1): 278/556 kBProgress (1): 294/556 kBProgress (1): 311/556 kBProgress (1): 327/556 kBProgress (1): 343/556 kBProgress (1): 360/556 kBProgress (1): 376/556 kBProgress (1): 393/556 kBProgress (1): 409/556 kBProgress (1): 425/556 kBProgress (1): 442/556 kBProgress (1): 458/556 kBProgress (1): 474/556 kBProgress (1): 491/556 kBProgress (1): 507/556 kBProgress (1): 524/556 kBProgress (1): 540/556 kBProgress (1): 556 kB                        Downloaded from central: https://repo.maven.apache.org/maven2/commons-io/commons-io/2.19.0/commons-io-2.19.0.jar (556 kB at 12 MB/s)
Downloading from central: https://repo.maven.apache.org/maven2/org/ow2/asm/asm-commons/9.9/asm-commons-9.9.jar
Progress (1): 3.4/10 kBProgress (1): 10 kB                       Downloaded from central: https://repo.maven.apache.org/maven2/org/apache/maven/doxia/doxia-sink-api/1.0/doxia-sink-api-1.0.jar (10 kB at 162 kB/s)
Downloading from central: https://repo.maven.apache.org/maven2/org/ow2/asm/asm-tree/9.9/asm-tree-9.9.jar
Progress (1): 7.7/126 kBProgress (1): 16/126 kB Progress (1): 25/126 kBProgress (1): 41/126 kBProgress (1): 57/126 kBProgress (1): 74/126 kBProgress (2): 74/126 kB | 7.7/230 kBProgress (2): 74/126 kB | 16/230 kB Progress (2): 90/126 kB | 16/230 kBProgress (3): 90/126 kB | 16/230 kB | 7.7/307 kBProgress (3): 90/126 kB | 16/230 kB | 16/307 kB Progress (3): 90/126 kB | 32/230 kB | 16/307 kBProgress (3): 90/126 kB | 32/230 kB | 32/307 kBProgress (3): 106/126 kB | 32/230 kB | 32/307 kBProgress (3): 106/126 kB | 48/230 kB | 32/307 kBProgress (3): 106/126 kB | 48/230 kB | 49/307 kBProgress (3): 106/126 kB | 65/230 kB | 49/307 kBProgress (3): 106/126 kB | 65/230 kB | 65/307 kBProgress (3): 123/126 kB | 65/230 kB | 65/307 kBProgress (3): 126 kB | 65/230 kB | 65/307 kB    Progress (3): 126 kB | 65/230 kB | 81/307 kBProgress (3): 126 kB | 65/230 kB | 98/307 kBProgress (3): 126 kB | 81/230 kB | 98/307 kBProgress (3): 126 kB | 98/230 kB | 98/307 kBProgress (3): 126 kB | 98/230 kB | 114/307 kBProgress (3): 126 kB | 114/230 kB | 114/307 kBProgress (3): 126 kB | 114/230 kB | 131/307 kBProgress (3): 126 kB | 130/230 kB | 131/307 kBProgress (3): 126 kB | 130/230 kB | 147/307 kBProgress (3): 126 kB | 147/230 kB | 147/307 kB                                              Downloaded from central: https://repo.maven.apache.org/maven2/org/ow2/asm/asm/9.9/asm-9.9.jar (126 kB at 1.9 MB/s)
Downloading from central: https://repo.maven.apache.org/maven2/org/jacoco/org.jacoco.report/0.8.14/org.jacoco.report-0.8.14.jar
Progress (2): 147/230 kB | 163/307 kBProgress (2): 163/230 kB | 163/307 kBProgress (2): 163/230 kB | 180/307 kBProgress (2): 163/230 kB | 196/307 kBProgress (2): 180/230 kB | 196/307 kBProgress (2): 180/230 kB | 213/307 kBProgress (2): 196/230 kB | 213/307 kBProgress (2): 196/230 kB | 229/307 kBProgress (2): 212/230 kB | 229/307 kBProgress (2): 229/230 kB | 229/307 kBProgress (2): 230 kB | 229/307 kB                                     Downloaded from central: https://repo.maven.apache.org/maven2/org/jacoco/org.jacoco.core/0.8.14/org.jacoco.core-0.8.14.jar (230 kB at 3.4 MB/s)
Progress (1): 245/307 kBProgress (1): 262/307 kBProgress (1): 278/307 kBProgress (1): 294/307 kBProgress (2): 294/307 kB | 7.7/74 kBProgress (2): 294/307 kB | 8.2/74 kBProgress (2): 307 kB | 8.2/74 kB    Progress (2): 307 kB | 25/74 kB Progress (2): 307 kB | 41/74 kB                               Downloaded from central: https://repo.maven.apache.org/maven2/org/jacoco/org.jacoco.agent/0.8.14/org.jacoco.agent-0.8.14-runtime.jar (307 kB at 4.3 MB/s)
Progress (1): 57/74 kBProgress (1): 74/74 kBProgress (1): 74 kB                      Downloaded from central: https://repo.maven.apache.org/maven2/org/ow2/asm/asm-commons/9.9/asm-commons-9.9.jar (74 kB at 1.0 MB/s)
Progress (1): 3.4/52 kBProgress (1): 20/52 kB Progress (1): 36/52 kBProgress (1): 52 kB                      Downloaded from central: https://repo.maven.apache.org/maven2/org/ow2/asm/asm-tree/9.9/asm-tree-9.9.jar (52 kB at 571 kB/s)
Progress (1): 7.7/131 kBProgress (1): 8.2/131 kBProgress (1): 25/131 kB Progress (1): 41/131 kBProgress (1): 57/131 kBProgress (1): 74/131 kBProgress (1): 90/131 kBProgress (1): 106/131 kBProgress (1): 123/131 kBProgress (1): 131 kB                        Downloaded from central: https://repo.maven.apache.org/maven2/org/jacoco/org.jacoco.report/0.8.14/org.jacoco.report-0.8.14.jar (131 kB at 1.4 MB/s)
[INFO] argLine set to -javaagent:/home/jules/.m2/repository/org/jacoco/org.jacoco.agent/0.8.14/org.jacoco.agent-0.8.14-runtime.jar=destfile=/app/target/jacoco.exec
[INFO]
[INFO] --- resources:3.3.1:resources (default-resources) @ fm ---
Downloading from central: https://repo.maven.apache.org/maven2/org/codehaus/plexus/plexus-interpolation/1.26/plexus-interpolation-1.26.pom
Progress (1): 1.4 kBProgress (1): 2.7 kB                    Downloaded from central: https://repo.maven.apache.org/maven2/org/codehaus/plexus/plexus-interpolation/1.26/plexus-interpolation-1.26.pom (2.7 kB at 86 kB/s)
Downloading from central: https://repo.maven.apache.org/maven2/org/codehaus/plexus/plexus/5.1/plexus-5.1.pom
Progress (1): 700 BProgress (1): 2.7 kBProgress (1): 6.5 kBProgress (1): 9.1 kBProgress (1): 12 kB Progress (1): 16 kBProgress (1): 21 kBProgress (1): 23 kB                   Downloaded from central: https://repo.maven.apache.org/maven2/org/codehaus/plexus/plexus/5.1/plexus-5.1.pom (23 kB at 726 kB/s)
Downloading from central: https://repo.maven.apache.org/maven2/org/codehaus/plexus/plexus-utils/3.5.1/plexus-utils-3.5.1.pom
Progress (1): 726 BProgress (1): 2.4 kBProgress (1): 4.4 kBProgress (1): 8.6 kBProgress (1): 8.8 kB                    Downloaded from central: https://repo.maven.apache.org/maven2/org/codehaus/plexus/plexus-utils/3.5.1/plexus-utils-3.5.1.pom (8.8 kB at 325 kB/s)
Downloading from central: https://repo.maven.apache.org/maven2/org/codehaus/plexus/plexus/10/plexus-10.pom
Progress (1): 696 BProgress (1): 2.7 kBProgress (1): 6.4 kBProgress (1): 9.2 kBProgress (1): 11 kB Progress (1): 16 kBProgress (1): 20 kBProgress (1): 24 kBProgress (1): 25 kB                   Downloaded from central: https://repo.maven.apache.org/maven2/org/codehaus/plexus/plexus/10/plexus-10.pom (25 kB at 876 kB/s)
Downloading from central: https://repo.maven.apache.org/maven2/org/apache/maven/shared/maven-filtering/3.3.1/maven-filtering-3.3.1.pom
Progress (1): 793 BProgress (1): 2.3 kBProgress (1): 5.6 kBProgress (1): 6.0 kB                    Downloaded from central: https://repo.maven.apache.org/maven2/org/apache/maven/shared/maven-filtering/3.3.1/maven-filtering-3.3.1.pom (6.0 kB at 216 kB/s)
Downloading from central: https://repo.maven.apache.org/maven2/org/apache/maven/shared/maven-shared-components/39/maven-shared-components-39.pom
Progress (1): 812 BProgress (1): 2.2 kBProgress (1): 3.2 kB                    Downloaded from central: https://repo.maven.apache.org/maven2/org/apache/maven/shared/maven-shared-components/39/maven-shared-components-39.pom (3.2 kB at 115 kB/s)
Downloading from central: https://repo.maven.apache.org/maven2/javax/inject/javax.inject/1/javax.inject-1.pom
Progress (1): 612 B                   Downloaded from central: https://repo.maven.apache.org/maven2/javax/inject/javax.inject/1/javax.inject-1.pom (612 B at 17 kB/s)
Downloading from central: https://repo.maven.apache.org/maven2/org/sonatype/plexus/plexus-build-api/0.0.7/plexus-build-api-0.0.7.pom
Progress (1): 910 BProgress (1): 3.2 kB                    Downloaded from central: https://repo.maven.apache.org/maven2/org/sonatype/plexus/plexus-build-api/0.0.7/plexus-build-api-0.0.7.pom (3.2 kB at 110 kB/s)
Downloading from central: https://repo.maven.apache.org/maven2/org/sonatype/spice/spice-parent/15/spice-parent-15.pom
Progress (1): 1.2 kBProgress (1): 3.7 kBProgress (1): 7.3 kBProgress (1): 8.4 kB                    Downloaded from central: https://repo.maven.apache.org/maven2/org/sonatype/spice/spice-parent/15/spice-parent-15.pom (8.4 kB at 253 kB/s)
Downloading from central: https://repo.maven.apache.org/maven2/org/sonatype/forge/forge-parent/5/forge-parent-5.pom
Progress (1): 1.3 kBProgress (1): 5.5 kBProgress (1): 8.4 kB                    Downloaded from central: https://repo.maven.apache.org/maven2/org/sonatype/forge/forge-parent/5/forge-parent-5.pom (8.4 kB at 288 kB/s)
Downloading from central: https://repo.maven.apache.org/maven2/org/codehaus/plexus/plexus-utils/3.5.0/plexus-utils-3.5.0.pom
Progress (1): 725 BProgress (1): 2.4 kBProgress (1): 4.5 kBProgress (1): 8.0 kB                    Downloaded from central: https://repo.maven.apache.org/maven2/org/codehaus/plexus/plexus-utils/3.5.0/plexus-utils-3.5.0.pom (8.0 kB at 308 kB/s)
Downloading from central: https://repo.maven.apache.org/maven2/commons-io/commons-io/2.11.0/commons-io-2.11.0.pom
Progress (1): 764 BProgress (1): 2.1 kBProgress (1): 5.2 kBProgress (1): 7.8 kBProgress (1): 10 kB Progress (1): 12 kBProgress (1): 15 kBProgress (1): 18 kBProgress (1): 20 kB                   Downloaded from central: https://repo.maven.apache.org/maven2/commons-io/commons-io/2.11.0/commons-io-2.11.0.pom (20 kB at 564 kB/s)
Downloading from central: https://repo.maven.apache.org/maven2/org/apache/commons/commons-parent/52/commons-parent-52.pom
Progress (1): 703 BProgress (1): 1.8 kBProgress (1): 3.1 kBProgress (1): 4.6 kBProgress (1): 6.7 kBProgress (1): 8.1 kBProgress (1): 10 kB Progress (1): 12 kBProgress (1): 15 kBProgress (1): 17 kBProgress (1): 20 kBProgress (1): 22 kBProgress (1): 25 kBProgress (1): 29 kBProgress (1): 32 kBProgress (1): 33 kBProgress (1): 36 kBProgress (1): 40 kBProgress (1): 42 kBProgress (1): 44 kBProgress (1): 47 kBProgress (1): 51 kBProgress (1): 54 kBProgress (1): 56 kBProgress (1): 61 kBProgress (1): 66 kBProgress (1): 73 kBProgress (1): 76 kBProgress (1): 79 kB                   Downloaded from central: https://repo.maven.apache.org/maven2/org/apache/commons/commons-parent/52/commons-parent-52.pom (79 kB at 2.3 MB/s)
Downloading from central: https://repo.maven.apache.org/maven2/org/apache/apache/23/apache-23.pom
Progress (1): 749 BProgress (1): 2.1 kBProgress (1): 3.9 kBProgress (1): 7.9 kBProgress (1): 13 kB Progress (1): 16 kBProgress (1): 18 kB                   Downloaded from central: https://repo.maven.apache.org/maven2/org/apache/apache/23/apache-23.pom (18 kB at 658 kB/s)
Downloading from central: https://repo.maven.apache.org/maven2/org/junit/junit-bom/5.7.2/junit-bom-5.7.2.pom
Progress (1): 912 BProgress (1): 4.1 kBProgress (1): 5.1 kB                    Downloaded from central: https://repo.maven.apache.org/maven2/org/junit/junit-bom/5.7.2/junit-bom-5.7.2.pom (5.1 kB at 170 kB/s)
Downloading from central: https://repo.maven.apache.org/maven2/org/apache/commons/commons-lang3/3.12.0/commons-lang3-3.12.0.pom
Progress (1): 740 BProgress (1): 2.1 kBProgress (1): 5.4 kBProgress (1): 8.8 kBProgress (1): 12 kB Progress (1): 15 kBProgress (1): 17 kBProgress (1): 19 kBProgress (1): 21 kBProgress (1): 24 kBProgress (1): 28 kBProgress (1): 30 kBProgress (1): 31 kB                   Downloaded from central: https://repo.maven.apache.org/maven2/org/apache/commons/commons-lang3/3.12.0/commons-lang3-3.12.0.pom (31 kB at 1.1 MB/s)
Downloading from central: https://repo.maven.apache.org/maven2/org/junit/junit-bom/5.7.1/junit-bom-5.7.1.pom
Progress (1): 912 BProgress (1): 4.1 kBProgress (1): 5.1 kB                    Downloaded from central: https://repo.maven.apache.org/maven2/org/junit/junit-bom/5.7.1/junit-bom-5.7.1.pom (5.1 kB at 182 kB/s)
Downloading from central: https://repo.maven.apache.org/maven2/org/codehaus/plexus/plexus-interpolation/1.26/plexus-interpolation-1.26.jar
Downloading from central: https://repo.maven.apache.org/maven2/org/codehaus/plexus/plexus-utils/3.5.1/plexus-utils-3.5.1.jar
Downloading from central: https://repo.maven.apache.org/maven2/org/apache/maven/shared/maven-filtering/3.3.1/maven-filtering-3.3.1.jar
Downloading from central: https://repo.maven.apache.org/maven2/javax/inject/javax.inject/1/javax.inject-1.jar
Downloading from central: https://repo.maven.apache.org/maven2/org/sonatype/plexus/plexus-build-api/0.0.7/plexus-build-api-0.0.7.jar
Progress (1): 7.7/85 kBProgress (1): 16/85 kB Progress (1): 32/85 kBProgress (1): 49/85 kBProgress (1): 65/85 kBProgress (2): 65/85 kB | 2.5 kBProgress (2): 81/85 kB | 2.5 kBProgress (2): 85 kB | 2.5 kB                               Downloaded from central: https://repo.maven.apache.org/maven2/javax/inject/javax.inject/1/javax.inject-1.jar (2.5 kB at 86 kB/s)
Downloading from central: https://repo.maven.apache.org/maven2/commons-io/commons-io/2.11.0/commons-io-2.11.0.jar
Progress (2): 85 kB | 7.7/55 kBProgress (2): 85 kB | 16/55 kB Progress (3): 85 kB | 16/55 kB | 7.7/269 kBProgress (3): 85 kB | 16/55 kB | 12/269 kB Progress (3): 85 kB | 32/55 kB | 12/269 kBProgress (3): 85 kB | 32/55 kB | 28/269 kB                                          Downloaded from central: https://repo.maven.apache.org/maven2/org/codehaus/plexus/plexus-interpolation/1.26/plexus-interpolation-1.26.jar (85 kB at 2.8 MB/s)
Downloading from central: https://repo.maven.apache.org/maven2/org/apache/commons/commons-lang3/3.12.0/commons-lang3-3.12.0.jar
Progress (2): 32/55 kB | 44/269 kBProgress (2): 49/55 kB | 44/269 kBProgress (2): 49/55 kB | 61/269 kBProgress (2): 55 kB | 61/269 kB   Progress (2): 55 kB | 77/269 kBProgress (2): 55 kB | 93/269 kBProgress (2): 55 kB | 110/269 kBProgress (2): 55 kB | 126/269 kBProgress (2): 55 kB | 143/269 kBProgress (2): 55 kB | 159/269 kBProgress (2): 55 kB | 175/269 kBProgress (3): 55 kB | 175/269 kB | 7.7/8.5 kBProgress (3): 55 kB | 175/269 kB | 8.5 kB    Progress (3): 55 kB | 192/269 kB | 8.5 kBProgress (3): 55 kB | 200/269 kB | 8.5 kB                                         Downloaded from central: https://repo.maven.apache.org/maven2/org/apache/maven/shared/maven-filtering/3.3.1/maven-filtering-3.3.1.jar (55 kB at 1.8 MB/s)
Progress (2): 208/269 kB | 8.5 kBProgress (2): 225/269 kB | 8.5 kBProgress (2): 233/269 kB | 8.5 kBProgress (2): 241/269 kB | 8.5 kBProgress (2): 257/269 kB | 8.5 kB                                 Downloaded from central: https://repo.maven.apache.org/maven2/org/sonatype/plexus/plexus-build-api/0.0.7/plexus-build-api-0.0.7.jar (8.5 kB at 283 kB/s)
Progress (1): 269 kB                    Downloaded from central: https://repo.maven.apache.org/maven2/org/codehaus/plexus/plexus-utils/3.5.1/plexus-utils-3.5.1.jar (269 kB at 8.2 MB/s)
Progress (1): 7.7/327 kBProgress (2): 7.7/327 kB | 7.7/587 kBProgress (2): 16/327 kB | 7.7/587 kB Progress (2): 16/327 kB | 16/587 kB Progress (2): 16/327 kB | 32/587 kBProgress (2): 32/327 kB | 32/587 kBProgress (2): 32/327 kB | 49/587 kBProgress (2): 49/327 kB | 49/587 kBProgress (2): 49/327 kB | 65/587 kBProgress (2): 65/327 kB | 65/587 kBProgress (2): 65/327 kB | 81/587 kBProgress (2): 81/327 kB | 81/587 kBProgress (2): 81/327 kB | 98/587 kBProgress (2): 98/327 kB | 98/587 kBProgress (2): 114/327 kB | 98/587 kBProgress (2): 114/327 kB | 114/587 kBProgress (2): 131/327 kB | 114/587 kBProgress (2): 131/327 kB | 131/587 kBProgress (2): 147/327 kB | 131/587 kBProgress (2): 163/327 kB | 131/587 kBProgress (2): 163/327 kB | 147/587 kBProgress (2): 180/327 kB | 147/587 kBProgress (2): 180/327 kB | 163/587 kBProgress (2): 180/327 kB | 180/587 kBProgress (2): 196/327 kB | 180/587 kBProgress (2): 196/327 kB | 196/587 kBProgress (2): 213/327 kB | 196/587 kBProgress (2): 213/327 kB | 213/587 kBProgress (2): 229/327 kB | 213/587 kBProgress (2): 229/327 kB | 229/587 kBProgress (2): 245/327 kB | 229/587 kBProgress (2): 245/327 kB | 245/587 kBProgress (2): 262/327 kB | 245/587 kBProgress (2): 262/327 kB | 262/587 kBProgress (2): 278/327 kB | 262/587 kBProgress (2): 278/327 kB | 278/587 kBProgress (2): 294/327 kB | 278/587 kBProgress (2): 294/327 kB | 294/587 kBProgress (2): 311/327 kB | 294/587 kBProgress (2): 311/327 kB | 311/587 kBProgress (2): 327 kB | 311/587 kB    Progress (2): 327 kB | 327/587 kBProgress (2): 327 kB | 344/587 kB                                 Downloaded from central: https://repo.maven.apache.org/maven2/commons-io/commons-io/2.11.0/commons-io-2.11.0.jar (327 kB at 5.7 MB/s)
Progress (1): 360/587 kBProgress (1): 376/587 kBProgress (1): 393/587 kBProgress (1): 409/587 kBProgress (1): 426/587 kBProgress (1): 442/587 kBProgress (1): 458/587 kBProgress (1): 475/587 kBProgress (1): 491/587 kBProgress (1): 507/587 kBProgress (1): 524/587 kBProgress (1): 540/587 kBProgress (1): 557/587 kBProgress (1): 573/587 kBProgress (1): 587 kB                        Downloaded from central: https://repo.maven.apache.org/maven2/org/apache/commons/commons-lang3/3.12.0/commons-lang3-3.12.0.jar (587 kB at 9.6 MB/s)
[INFO] Copying 2 resources from src/main/resources to target/classes
[INFO] Copying 5 resources from src/main/resources to target/classes
[INFO]
[INFO] --- compiler:3.14.1:compile (default-compile) @ fm ---
Downloading from central: https://repo.maven.apache.org/maven2/org/ow2/asm/asm/9.8/asm-9.8.pom
Progress (1): 1.3 kBProgress (1): 2.4 kB                    Downloaded from central: https://repo.maven.apache.org/maven2/org/ow2/asm/asm/9.8/asm-9.8.pom (2.4 kB at 70 kB/s)
Downloading from central: https://repo.maven.apache.org/maven2/org/apache/maven/shared/maven-shared-utils/3.4.2/maven-shared-utils-3.4.2.pom
Progress (1): 793 BProgress (1): 2.3 kBProgress (1): 4.3 kBProgress (1): 5.9 kB                    Downloaded from central: https://repo.maven.apache.org/maven2/org/apache/maven/shared/maven-shared-utils/3.4.2/maven-shared-utils-3.4.2.pom (5.9 kB at 197 kB/s)
Downloading from central: https://repo.maven.apache.org/maven2/org/apache/maven/shared/maven-shared-incremental/1.1/maven-shared-incremental-1.1.pom
Progress (1): 806 BProgress (1): 2.3 kBProgress (1): 4.7 kB                    Downloaded from central: https://repo.maven.apache.org/maven2/org/apache/maven/shared/maven-shared-incremental/1.1/maven-shared-incremental-1.1.pom (4.7 kB at 153 kB/s)
Downloading from central: https://repo.maven.apache.org/maven2/org/apache/maven/shared/maven-shared-components/19/maven-shared-components-19.pom
Progress (1): 773 BProgress (1): 2.4 kBProgress (1): 4.2 kBProgress (1): 6.4 kB                    Downloaded from central: https://repo.maven.apache.org/maven2/org/apache/maven/shared/maven-shared-components/19/maven-shared-components-19.pom (6.4 kB at 227 kB/s)
Downloading from central: https://repo.maven.apache.org/maven2/org/apache/maven/maven-parent/23/maven-parent-23.pom
Progress (1): 726 BProgress (1): 2.0 kBProgress (1): 5.9 kBProgress (1): 10 kB Progress (1): 15 kBProgress (1): 19 kBProgress (1): 22 kBProgress (1): 25 kBProgress (1): 27 kBProgress (1): 31 kBProgress (1): 33 kB                   Downloaded from central: https://repo.maven.apache.org/maven2/org/apache/maven/maven-parent/23/maven-parent-23.pom (33 kB at 1.1 MB/s)
Downloading from central: https://repo.maven.apache.org/maven2/org/apache/apache/13/apache-13.pom
Progress (1): 749 BProgress (1): 2.1 kBProgress (1): 4.1 kBProgress (1): 9.0 kBProgress (1): 11 kB Progress (1): 14 kB                   Downloaded from central: https://repo.maven.apache.org/maven2/org/apache/apache/13/apache-13.pom (14 kB at 423 kB/s)
Downloading from central: https://repo.maven.apache.org/maven2/org/codehaus/plexus/plexus-java/1.5.0/plexus-java-1.5.0.pom
Progress (1): 1.9 kBProgress (1): 4.1 kB                    Downloaded from central: https://repo.maven.apache.org/maven2/org/codehaus/plexus/plexus-java/1.5.0/plexus-java-1.5.0.pom (4.1 kB at 136 kB/s)
Downloading from central: https://repo.maven.apache.org/maven2/org/codehaus/plexus/plexus-languages/1.5.0/plexus-languages-1.5.0.pom
Progress (1): 1.4 kBProgress (1): 3.9 kB                    Downloaded from central: https://repo.maven.apache.org/maven2/org/codehaus/plexus/plexus-languages/1.5.0/plexus-languages-1.5.0.pom (3.9 kB at 124 kB/s)
Downloading from central: https://repo.maven.apache.org/maven2/org/codehaus/plexus/plexus/20/plexus-20.pom
Progress (1): 692 BProgress (1): 2.5 kBProgress (1): 6.4 kBProgress (1): 8.8 kBProgress (1): 11 kB Progress (1): 14 kBProgress (1): 17 kBProgress (1): 20 kBProgress (1): 24 kBProgress (1): 28 kBProgress (1): 29 kB                   Downloaded from central: https://repo.maven.apache.org/maven2/org/codehaus/plexus/plexus/20/plexus-20.pom (29 kB at 941 kB/s)
Downloading from central: https://repo.maven.apache.org/maven2/com/thoughtworks/qdox/qdox/2.2.0/qdox-2.2.0.pom
Progress (1): 872 BProgress (1): 3.4 kBProgress (1): 6.5 kBProgress (1): 11 kB Progress (1): 13 kBProgress (1): 18 kBProgress (1): 18 kB                   Downloaded from central: https://repo.maven.apache.org/maven2/com/thoughtworks/qdox/qdox/2.2.0/qdox-2.2.0.pom (18 kB at 588 kB/s)
Downloading from central: https://repo.maven.apache.org/maven2/org/codehaus/plexus/plexus-compiler-api/2.15.0/plexus-compiler-api-2.15.0.pom
Progress (1): 1.4 kB                    Downloaded from central: https://repo.maven.apache.org/maven2/org/codehaus/plexus/plexus-compiler-api/2.15.0/plexus-compiler-api-2.15.0.pom (1.4 kB at 47 kB/s)
Downloading from central: https://repo.maven.apache.org/maven2/org/codehaus/plexus/plexus-compiler/2.15.0/plexus-compiler-2.15.0.pom
Progress (1): 1.2 kBProgress (1): 4.5 kBProgress (1): 7.6 kBProgress (1): 7.6 kB                    Downloaded from central: https://repo.maven.apache.org/maven2/org/codehaus/plexus/plexus-compiler/2.15.0/plexus-compiler-2.15.0.pom (7.6 kB at 253 kB/s)
Downloading from central: https://repo.maven.apache.org/maven2/org/codehaus/plexus/plexus/17/plexus-17.pom
Progress (1): 691 BProgress (1): 2.5 kBProgress (1): 6.4 kBProgress (1): 8.9 kBProgress (1): 11 kB Progress (1): 14 kBProgress (1): 19 kBProgress (1): 21 kBProgress (1): 25 kBProgress (1): 28 kB                   Downloaded from central: https://repo.maven.apache.org/maven2/org/codehaus/plexus/plexus/17/plexus-17.pom (28 kB at 1.0 MB/s)
Downloading from central: https://repo.maven.apache.org/maven2/org/junit/junit-bom/5.10.2/junit-bom-5.10.2.pom
Progress (1): 908 BProgress (1): 4.1 kBProgress (1): 5.6 kB                    Downloaded from central: https://repo.maven.apache.org/maven2/org/junit/junit-bom/5.10.2/junit-bom-5.10.2.pom (5.6 kB at 188 kB/s)
Downloading from central: https://repo.maven.apache.org/maven2/org/codehaus/plexus/plexus-compiler-manager/2.15.0/plexus-compiler-manager-2.15.0.pom
Progress (1): 1.3 kB                    Downloaded from central: https://repo.maven.apache.org/maven2/org/codehaus/plexus/plexus-compiler-manager/2.15.0/plexus-compiler-manager-2.15.0.pom (1.3 kB at 42 kB/s)
Downloading from central: https://repo.maven.apache.org/maven2/org/codehaus/plexus/plexus-xml/3.0.1/plexus-xml-3.0.1.pom
Progress (1): 814 BProgress (1): 2.6 kBProgress (1): 3.7 kB                    Downloaded from central: https://repo.maven.apache.org/maven2/org/codehaus/plexus/plexus-xml/3.0.1/plexus-xml-3.0.1.pom (3.7 kB at 132 kB/s)
Downloading from central: https://repo.maven.apache.org/maven2/org/codehaus/plexus/plexus/18/plexus-18.pom
Progress (1): 692 BProgress (1): 2.5 kBProgress (1): 6.4 kBProgress (1): 8.9 kBProgress (1): 10 kB Progress (1): 14 kBProgress (1): 18 kBProgress (1): 21 kBProgress (1): 25 kBProgress (1): 29 kBProgress (1): 29 kB                   Downloaded from central: https://repo.maven.apache.org/maven2/org/codehaus/plexus/plexus/18/plexus-18.pom (29 kB at 975 kB/s)
Downloading from central: https://repo.maven.apache.org/maven2/org/codehaus/plexus/plexus-compiler-javac/2.15.0/plexus-compiler-javac-2.15.0.pom
Progress (1): 1.3 kB                    Downloaded from central: https://repo.maven.apache.org/maven2/org/codehaus/plexus/plexus-compiler-javac/2.15.0/plexus-compiler-javac-2.15.0.pom (1.3 kB at 46 kB/s)
Downloading from central: https://repo.maven.apache.org/maven2/org/codehaus/plexus/plexus-compilers/2.15.0/plexus-compilers-2.15.0.pom
Progress (1): 1.6 kBProgress (1): 1.6 kB                    Downloaded from central: https://repo.maven.apache.org/maven2/org/codehaus/plexus/plexus-compilers/2.15.0/plexus-compilers-2.15.0.pom (1.6 kB at 58 kB/s)
Downloading from central: https://repo.maven.apache.org/maven2/org/ow2/asm/asm/9.8/asm-9.8.jar
Downloading from central: https://repo.maven.apache.org/maven2/org/apache/maven/shared/maven-shared-utils/3.4.2/maven-shared-utils-3.4.2.jar
Downloading from central: https://repo.maven.apache.org/maven2/org/apache/maven/shared/maven-shared-incremental/1.1/maven-shared-incremental-1.1.jar
Downloading from central: https://repo.maven.apache.org/maven2/org/codehaus/plexus/plexus-java/1.5.0/plexus-java-1.5.0.jar
Downloading from central: https://repo.maven.apache.org/maven2/com/thoughtworks/qdox/qdox/2.2.0/qdox-2.2.0.jar
Progress (1): 7.7/151 kBProgress (1): 12/151 kB Progress (1): 29/151 kBProgress (2): 29/151 kB | 7.7/353 kBProgress (2): 29/151 kB | 12/353 kB Progress (2): 29/151 kB | 29/353 kBProgress (2): 45/151 kB | 29/353 kBProgress (2): 45/151 kB | 45/353 kBProgress (2): 61/151 kB | 45/353 kBProgress (2): 78/151 kB | 45/353 kBProgress (3): 78/151 kB | 45/353 kB | 7.7/126 kBProgress (3): 78/151 kB | 61/353 kB | 7.7/126 kBProgress (3): 94/151 kB | 61/353 kB | 7.7/126 kBProgress (3): 94/151 kB | 78/353 kB | 7.7/126 kBProgress (3): 94/151 kB | 78/353 kB | 16/126 kB Progress (3): 111/151 kB | 78/353 kB | 16/126 kBProgress (3): 111/151 kB | 94/353 kB | 16/126 kBProgress (3): 127/151 kB | 94/353 kB | 16/126 kBProgress (3): 127/151 kB | 111/353 kB | 16/126 kBProgress (3): 143/151 kB | 111/353 kB | 16/126 kBProgress (3): 143/151 kB | 127/353 kB | 16/126 kBProgress (3): 143/151 kB | 131/353 kB | 16/126 kBProgress (3): 151 kB | 131/353 kB | 16/126 kB    Progress (3): 151 kB | 131/353 kB | 32/126 kBProgress (3): 151 kB | 147/353 kB | 32/126 kBProgress (3): 151 kB | 164/353 kB | 32/126 kBProgress (3): 151 kB | 164/353 kB | 49/126 kBProgress (4): 151 kB | 164/353 kB | 49/126 kB | 7.7/14 kBProgress (4): 151 kB | 180/353 kB | 49/126 kB | 7.7/14 kBProgress (4): 151 kB | 180/353 kB | 49/126 kB | 12/14 kB Progress (4): 151 kB | 197/353 kB | 49/126 kB | 12/14 kBProgress (4): 151 kB | 197/353 kB | 65/126 kB | 12/14 kBProgress (4): 151 kB | 213/353 kB | 65/126 kB | 12/14 kB                                                        Downloaded from central: https://repo.maven.apache.org/maven2/org/apache/maven/shared/maven-shared-utils/3.4.2/maven-shared-utils-3.4.2.jar (151 kB at 5.0 MB/s)
Progress (3): 217/353 kB | 65/126 kB | 12/14 kB                                               Downloading from central: https://repo.maven.apache.org/maven2/org/codehaus/plexus/plexus-compiler-api/2.15.0/plexus-compiler-api-2.15.0.jar
Progress (3): 217/353 kB | 65/126 kB | 14 kBProgress (3): 233/353 kB | 65/126 kB | 14 kBProgress (3): 233/353 kB | 81/126 kB | 14 kBProgress (3): 250/353 kB | 81/126 kB | 14 kBProgress (3): 250/353 kB | 98/126 kB | 14 kBProgress (3): 266/353 kB | 98/126 kB | 14 kBProgress (3): 282/353 kB | 98/126 kB | 14 kBProgress (3): 299/353 kB | 98/126 kB | 14 kBProgress (3): 315/353 kB | 98/126 kB | 14 kB                                            Downloaded from central: https://repo.maven.apache.org/maven2/org/apache/maven/shared/maven-shared-incremental/1.1/maven-shared-incremental-1.1.jar (14 kB at 423 kB/s)
Progress (2): 315/353 kB | 114/126 kB                                     Downloading from central: https://repo.maven.apache.org/maven2/org/codehaus/plexus/plexus-compiler-manager/2.15.0/plexus-compiler-manager-2.15.0.jar
Progress (2): 331/353 kB | 114/126 kBProgress (3): 331/353 kB | 114/126 kB | 7.7/57 kBProgress (3): 348/353 kB | 114/126 kB | 7.7/57 kBProgress (3): 348/353 kB | 114/126 kB | 16/57 kB Progress (3): 353 kB | 114/126 kB | 16/57 kB    Progress (3): 353 kB | 126 kB | 16/57 kB    Progress (3): 353 kB | 126 kB | 29/57 kBProgress (3): 353 kB | 126 kB | 45/57 kBProgress (3): 353 kB | 126 kB | 57 kB                                        Downloaded from central: https://repo.maven.apache.org/maven2/com/thoughtworks/qdox/qdox/2.2.0/qdox-2.2.0.jar (353 kB at 11 MB/s)
Downloading from central: https://repo.maven.apache.org/maven2/org/codehaus/plexus/plexus-xml/3.0.1/plexus-xml-3.0.1.jar
Downloaded from central: https://repo.maven.apache.org/maven2/org/ow2/asm/asm/9.8/asm-9.8.jar (126 kB at 3.8 MB/s)
Downloaded from central: https://repo.maven.apache.org/maven2/org/codehaus/plexus/plexus-java/1.5.0/plexus-java-1.5.0.jar (57 kB at 1.7 MB/s)
Downloading from central: https://repo.maven.apache.org/maven2/org/codehaus/plexus/plexus-compiler-javac/2.15.0/plexus-compiler-javac-2.15.0.jar
Downloading from central: https://repo.maven.apache.org/maven2/org/codehaus/plexus/plexus-utils/4.0.2/plexus-utils-4.0.2.jar
Progress (1): 5.2 kB                    Downloaded from central: https://repo.maven.apache.org/maven2/org/codehaus/plexus/plexus-compiler-manager/2.15.0/plexus-compiler-manager-2.15.0.jar (5.2 kB at 93 kB/s)
Progress (1): 7.7/29 kBProgress (1): 16/29 kB Progress (1): 29 kB   Progress (2): 29 kB | 7.7/26 kBProgress (2): 29 kB | 16/26 kB                               Downloaded from central: https://repo.maven.apache.org/maven2/org/codehaus/plexus/plexus-compiler-api/2.15.0/plexus-compiler-api-2.15.0.jar (29 kB at 493 kB/s)
Progress (1): 26 kBProgress (2): 26 kB | 7.7/94 kBProgress (3): 26 kB | 7.7/94 kB | 7.7/193 kBProgress (3): 26 kB | 16/94 kB | 7.7/193 kB Progress (3): 26 kB | 16/94 kB | 16/193 kB                                           Downloaded from central: https://repo.maven.apache.org/maven2/org/codehaus/plexus/plexus-compiler-javac/2.15.0/plexus-compiler-javac-2.15.0.jar (26 kB at 428 kB/s)
Progress (2): 16/94 kB | 32/193 kBProgress (2): 32/94 kB | 32/193 kBProgress (2): 32/94 kB | 49/193 kBProgress (2): 32/94 kB | 65/193 kBProgress (2): 49/94 kB | 65/193 kBProgress (2): 49/94 kB | 81/193 kBProgress (2): 65/94 kB | 81/193 kBProgress (2): 65/94 kB | 98/193 kBProgress (2): 65/94 kB | 114/193 kBProgress (2): 81/94 kB | 114/193 kBProgress (2): 81/94 kB | 131/193 kBProgress (2): 81/94 kB | 147/193 kBProgress (2): 94 kB | 147/193 kB   Progress (2): 94 kB | 163/193 kBProgress (2): 94 kB | 180/193 kBProgress (2): 94 kB | 193 kB                                Downloaded from central: https://repo.maven.apache.org/maven2/org/codehaus/plexus/plexus-xml/3.0.1/plexus-xml-3.0.1.jar (94 kB at 1.5 MB/s)
Downloaded from central: https://repo.maven.apache.org/maven2/org/codehaus/plexus/plexus-utils/4.0.2/plexus-utils-4.0.2.jar (193 kB at 3.1 MB/s)
[INFO] Recompiling the module because of changed source code.
[INFO] Compiling 517 source files with javac [debug parameters release 21] to target/classes
[WARNING] /app/src/main/java/com/lollito/fm/mapper/YouthCandidateMapper.java:[12,23] Unmapped target property: "pieces".
[WARNING] /app/src/main/java/com/lollito/fm/mapper/MatchPlayerStatsMapper.java:[11,22] Unmapped target properties: "match, minutesPlayed, saves, goalsConceded, penaltiesSaved, started".
[WARNING] /app/src/main/java/com/lollito/fm/mapper/TeamMapper.java:[14,10] Unmapped target properties: "players, formation, currentTrainingPlan, trainingHistory, club, youthClub".
[WARNING] /app/src/main/java/com/lollito/fm/mapper/LeagueMapper.java:[11,12] Unmapped target properties: "country, server, currentSeason, seasonHistory, clubs, minorLeague".
[WARNING] /app/src/main/java/com/lollito/fm/mapper/ClubMapper.java:[20,10] Unmapped target properties: "team, under18, stadium, trainingFacility, medicalCenter, youthAcademy, league, user, finance, scouts, staff".
[WARNING] /app/src/main/java/com/lollito/fm/mapper/RankingMapper.java:[11,13] Unmapped target property: "season".
[WARNING] /app/src/main/java/com/lollito/fm/mapper/ServerMapper.java:[11,12] Unmapped target properties: "owner, leagues".
[WARNING] /app/src/main/java/com/lollito/fm/mapper/MatchMapper.java:[20,11] Unmapped target property: "round".
[WARNING] /app/src/main/java/com/lollito/fm/mapper/MatchMapper.java:[30,18] Unmapped target properties: "uuid, match".
[WARNING] /app/src/main/java/com/lollito/fm/mapper/SystemConfigurationMapper.java:[11,25] Unmapped target properties: "defaultValue, requiresRestart, validationRules".
[WARNING] /app/src/main/java/com/lollito/fm/mapper/UserMapper.java:[20,10] Unmapped target properties: "name, surname, password, active, bannedBy, lastLoginIp, failedLoginAttempts, accountLockedUntil, createdBy, lastModifiedDate, lastModifiedBy, passwordChangedDate, passwordResetToken, passwordResetTokenExpiry, emailVerificationToken, emailVerificationTokenExpiry, sessions, activities, notifications, quests, adminRole, adminActions, activationToken, club, server, managerProfile, achievements".
[WARNING] /app/src/main/java/com/lollito/fm/mapper/FormationMapper.java:[11,15] Unmapped target properties: "team, substitutionStrategy".
[WARNING] /app/src/main/java/com/lollito/fm/mapper/PlayerMapper.java:[13,15] Unmapped target property: "pieces".
[WARNING] /app/src/main/java/com/lollito/fm/mapper/PlayerMapper.java:[14,12] Unmapped target properties: "pieces, potential, team, originalTeam, onSale, careerStats, seasonStats, achievements, transferHistory, injuries, currentContract, contractHistory, negotiations".
[WARNING] /app/src/main/java/com/lollito/fm/mapper/StadiumMapper.java:[11,13] Unmapped target property: "club".
[INFO] /app/src/main/java/com/lollito/fm/model/User.java: Some input files use or override a deprecated API.
[INFO] /app/src/main/java/com/lollito/fm/model/User.java: Recompile with -Xlint:deprecation for details.
[INFO]
[INFO] --- resources:3.3.1:testResources (default-testResources) @ fm ---
[INFO] Copying 1 resource from src/test/resources to target/test-classes
[INFO]
[INFO] --- compiler:3.14.1:testCompile (default-testCompile) @ fm ---
[INFO] Recompiling the module because of changed dependency.
[INFO] Compiling 55 source files with javac [debug parameters release 21] to target/test-classes
[WARNING] /app/src/test/java/com/lollito/fm/controller/DebugToolsControllerTest.java:[28,6] org.springframework.boot.test.mock.mockito.MockBean in org.springframework.boot.test.mock.mockito has been deprecated and marked for removal
[WARNING] /app/src/test/java/com/lollito/fm/controller/DebugToolsControllerTest.java:[28,6] org.springframework.boot.test.mock.mockito.MockBean in org.springframework.boot.test.mock.mockito has been deprecated and marked for removal
[WARNING] /app/src/test/java/com/lollito/fm/controller/DebugToolsControllerTest.java:[28,6] org.springframework.boot.test.mock.mockito.MockBean in org.springframework.boot.test.mock.mockito has been deprecated and marked for removal
[WARNING] /app/src/test/java/com/lollito/fm/controller/DebugToolsControllerTest.java:[28,6] org.springframework.boot.test.mock.mockito.MockBean in org.springframework.boot.test.mock.mockito has been deprecated and marked for removal
[WARNING] /app/src/test/java/com/lollito/fm/controller/DebugToolsControllerTest.java:[28,6] org.springframework.boot.test.mock.mockito.MockBean in org.springframework.boot.test.mock.mockito has been deprecated and marked for removal
[WARNING] /app/src/test/java/com/lollito/fm/controller/DebugToolsControllerTest.java:[31,6] org.springframework.boot.test.mock.mockito.MockBean in org.springframework.boot.test.mock.mockito has been deprecated and marked for removal
[WARNING] /app/src/test/java/com/lollito/fm/controller/DebugToolsControllerTest.java:[31,6] org.springframework.boot.test.mock.mockito.MockBean in org.springframework.boot.test.mock.mockito has been deprecated and marked for removal
[WARNING] /app/src/test/java/com/lollito/fm/controller/DebugToolsControllerTest.java:[31,6] org.springframework.boot.test.mock.mockito.MockBean in org.springframework.boot.test.mock.mockito has been deprecated and marked for removal
[WARNING] /app/src/test/java/com/lollito/fm/controller/DebugToolsControllerTest.java:[31,6] org.springframework.boot.test.mock.mockito.MockBean in org.springframework.boot.test.mock.mockito has been deprecated and marked for removal
[WARNING] /app/src/test/java/com/lollito/fm/controller/DebugToolsControllerTest.java:[31,6] org.springframework.boot.test.mock.mockito.MockBean in org.springframework.boot.test.mock.mockito has been deprecated and marked for removal
[WARNING] /app/src/test/java/com/lollito/fm/controller/DebugToolsControllerTest.java:[34,6] org.springframework.boot.test.mock.mockito.MockBean in org.springframework.boot.test.mock.mockito has been deprecated and marked for removal
[WARNING] /app/src/test/java/com/lollito/fm/controller/DebugToolsControllerTest.java:[34,6] org.springframework.boot.test.mock.mockito.MockBean in org.springframework.boot.test.mock.mockito has been deprecated and marked for removal
[WARNING] /app/src/test/java/com/lollito/fm/controller/DebugToolsControllerTest.java:[34,6] org.springframework.boot.test.mock.mockito.MockBean in org.springframework.boot.test.mock.mockito has been deprecated and marked for removal
[WARNING] /app/src/test/java/com/lollito/fm/controller/DebugToolsControllerTest.java:[34,6] org.springframework.boot.test.mock.mockito.MockBean in org.springframework.boot.test.mock.mockito has been deprecated and marked for removal
[WARNING] /app/src/test/java/com/lollito/fm/controller/DebugToolsControllerTest.java:[34,6] org.springframework.boot.test.mock.mockito.MockBean in org.springframework.boot.test.mock.mockito has been deprecated and marked for removal
[WARNING] /app/src/test/java/com/lollito/fm/controller/DebugToolsControllerTest.java:[37,6] org.springframework.boot.test.mock.mockito.MockBean in org.springframework.boot.test.mock.mockito has been deprecated and marked for removal
[WARNING] /app/src/test/java/com/lollito/fm/controller/DebugToolsControllerTest.java:[37,6] org.springframework.boot.test.mock.mockito.MockBean in org.springframework.boot.test.mock.mockito has been deprecated and marked for removal
[WARNING] /app/src/test/java/com/lollito/fm/controller/DebugToolsControllerTest.java:[37,6] org.springframework.boot.test.mock.mockito.MockBean in org.springframework.boot.test.mock.mockito has been deprecated and marked for removal
[WARNING] /app/src/test/java/com/lollito/fm/controller/DebugToolsControllerTest.java:[37,6] org.springframework.boot.test.mock.mockito.MockBean in org.springframework.boot.test.mock.mockito has been deprecated and marked for removal
[WARNING] /app/src/test/java/com/lollito/fm/controller/DebugToolsControllerTest.java:[37,6] org.springframework.boot.test.mock.mockito.MockBean in org.springframework.boot.test.mock.mockito has been deprecated and marked for removal
[WARNING] /app/src/test/java/com/lollito/fm/controller/DebugToolsControllerTest.java:[40,6] org.springframework.boot.test.mock.mockito.MockBean in org.springframework.boot.test.mock.mockito has been deprecated and marked for removal
[WARNING] /app/src/test/java/com/lollito/fm/controller/DebugToolsControllerTest.java:[40,6] org.springframework.boot.test.mock.mockito.MockBean in org.springframework.boot.test.mock.mockito has been deprecated and marked for removal
[WARNING] /app/src/test/java/com/lollito/fm/controller/DebugToolsControllerTest.java:[40,6] org.springframework.boot.test.mock.mockito.MockBean in org.springframework.boot.test.mock.mockito has been deprecated and marked for removal
[WARNING] /app/src/test/java/com/lollito/fm/controller/DebugToolsControllerTest.java:[40,6] org.springframework.boot.test.mock.mockito.MockBean in org.springframework.boot.test.mock.mockito has been deprecated and marked for removal
[WARNING] /app/src/test/java/com/lollito/fm/controller/DebugToolsControllerTest.java:[40,6] org.springframework.boot.test.mock.mockito.MockBean in org.springframework.boot.test.mock.mockito has been deprecated and marked for removal
[WARNING] /app/src/test/java/com/lollito/fm/controller/rest/AdminControllerValidationTest.java:[40,6] org.springframework.boot.test.mock.mockito.MockBean in org.springframework.boot.test.mock.mockito has been deprecated and marked for removal
[WARNING] /app/src/test/java/com/lollito/fm/controller/rest/AdminControllerValidationTest.java:[40,6] org.springframework.boot.test.mock.mockito.MockBean in org.springframework.boot.test.mock.mockito has been deprecated and marked for removal
[WARNING] /app/src/test/java/com/lollito/fm/controller/rest/AdminControllerValidationTest.java:[40,6] org.springframework.boot.test.mock.mockito.MockBean in org.springframework.boot.test.mock.mockito has been deprecated and marked for removal
[WARNING] /app/src/test/java/com/lollito/fm/controller/rest/AdminControllerValidationTest.java:[40,6] org.springframework.boot.test.mock.mockito.MockBean in org.springframework.boot.test.mock.mockito has been deprecated and marked for removal
[WARNING] /app/src/test/java/com/lollito/fm/controller/rest/AdminControllerValidationTest.java:[40,6] org.springframework.boot.test.mock.mockito.MockBean in org.springframework.boot.test.mock.mockito has been deprecated and marked for removal
[WARNING] /app/src/test/java/com/lollito/fm/controller/rest/AdminControllerValidationTest.java:[43,6] org.springframework.boot.test.mock.mockito.MockBean in org.springframework.boot.test.mock.mockito has been deprecated and marked for removal
[WARNING] /app/src/test/java/com/lollito/fm/controller/rest/AdminControllerValidationTest.java:[43,6] org.springframework.boot.test.mock.mockito.MockBean in org.springframework.boot.test.mock.mockito has been deprecated and marked for removal
[WARNING] /app/src/test/java/com/lollito/fm/controller/rest/AdminControllerValidationTest.java:[43,6] org.springframework.boot.test.mock.mockito.MockBean in org.springframework.boot.test.mock.mockito has been deprecated and marked for removal
[WARNING] /app/src/test/java/com/lollito/fm/controller/rest/AdminControllerValidationTest.java:[43,6] org.springframework.boot.test.mock.mockito.MockBean in org.springframework.boot.test.mock.mockito has been deprecated and marked for removal
[WARNING] /app/src/test/java/com/lollito/fm/controller/rest/AdminControllerValidationTest.java:[43,6] org.springframework.boot.test.mock.mockito.MockBean in org.springframework.boot.test.mock.mockito has been deprecated and marked for removal
[WARNING] /app/src/test/java/com/lollito/fm/controller/rest/AdminControllerValidationTest.java:[46,6] org.springframework.boot.test.mock.mockito.MockBean in org.springframework.boot.test.mock.mockito has been deprecated and marked for removal
[WARNING] /app/src/test/java/com/lollito/fm/controller/rest/AdminControllerValidationTest.java:[46,6] org.springframework.boot.test.mock.mockito.MockBean in org.springframework.boot.test.mock.mockito has been deprecated and marked for removal
[WARNING] /app/src/test/java/com/lollito/fm/controller/rest/AdminControllerValidationTest.java:[46,6] org.springframework.boot.test.mock.mockito.MockBean in org.springframework.boot.test.mock.mockito has been deprecated and marked for removal
[WARNING] /app/src/test/java/com/lollito/fm/controller/rest/AdminControllerValidationTest.java:[46,6] org.springframework.boot.test.mock.mockito.MockBean in org.springframework.boot.test.mock.mockito has been deprecated and marked for removal
[WARNING] /app/src/test/java/com/lollito/fm/controller/rest/AdminControllerValidationTest.java:[46,6] org.springframework.boot.test.mock.mockito.MockBean in org.springframework.boot.test.mock.mockito has been deprecated and marked for removal
[WARNING] /app/src/test/java/com/lollito/fm/controller/rest/AdminControllerValidationTest.java:[49,6] org.springframework.boot.test.mock.mockito.MockBean in org.springframework.boot.test.mock.mockito has been deprecated and marked for removal
[WARNING] /app/src/test/java/com/lollito/fm/controller/rest/AdminControllerValidationTest.java:[49,6] org.springframework.boot.test.mock.mockito.MockBean in org.springframework.boot.test.mock.mockito has been deprecated and marked for removal
[WARNING] /app/src/test/java/com/lollito/fm/controller/rest/AdminControllerValidationTest.java:[49,6] org.springframework.boot.test.mock.mockito.MockBean in org.springframework.boot.test.mock.mockito has been deprecated and marked for removal
[WARNING] /app/src/test/java/com/lollito/fm/controller/rest/AdminControllerValidationTest.java:[49,6] org.springframework.boot.test.mock.mockito.MockBean in org.springframework.boot.test.mock.mockito has been deprecated and marked for removal
[WARNING] /app/src/test/java/com/lollito/fm/controller/rest/AdminControllerValidationTest.java:[49,6] org.springframework.boot.test.mock.mockito.MockBean in org.springframework.boot.test.mock.mockito has been deprecated and marked for removal
[WARNING] /app/src/test/java/com/lollito/fm/controller/rest/AdminControllerValidationTest.java:[52,6] org.springframework.boot.test.mock.mockito.MockBean in org.springframework.boot.test.mock.mockito has been deprecated and marked for removal
[WARNING] /app/src/test/java/com/lollito/fm/controller/rest/AdminControllerValidationTest.java:[52,6] org.springframework.boot.test.mock.mockito.MockBean in org.springframework.boot.test.mock.mockito has been deprecated and marked for removal
[WARNING] /app/src/test/java/com/lollito/fm/controller/rest/AdminControllerValidationTest.java:[52,6] org.springframework.boot.test.mock.mockito.MockBean in org.springframework.boot.test.mock.mockito has been deprecated and marked for removal
[WARNING] /app/src/test/java/com/lollito/fm/controller/rest/AdminControllerValidationTest.java:[52,6] org.springframework.boot.test.mock.mockito.MockBean in org.springframework.boot.test.mock.mockito has been deprecated and marked for removal
[WARNING] /app/src/test/java/com/lollito/fm/controller/rest/AdminControllerValidationTest.java:[52,6] org.springframework.boot.test.mock.mockito.MockBean in org.springframework.boot.test.mock.mockito has been deprecated and marked for removal
[WARNING] /app/src/test/java/com/lollito/fm/controller/rest/AdminControllerValidationTest.java:[55,6] org.springframework.boot.test.mock.mockito.MockBean in org.springframework.boot.test.mock.mockito has been deprecated and marked for removal
[WARNING] /app/src/test/java/com/lollito/fm/controller/rest/AdminControllerValidationTest.java:[55,6] org.springframework.boot.test.mock.mockito.MockBean in org.springframework.boot.test.mock.mockito has been deprecated and marked for removal
[WARNING] /app/src/test/java/com/lollito/fm/controller/rest/AdminControllerValidationTest.java:[55,6] org.springframework.boot.test.mock.mockito.MockBean in org.springframework.boot.test.mock.mockito has been deprecated and marked for removal
[WARNING] /app/src/test/java/com/lollito/fm/controller/rest/AdminControllerValidationTest.java:[55,6] org.springframework.boot.test.mock.mockito.MockBean in org.springframework.boot.test.mock.mockito has been deprecated and marked for removal
[WARNING] /app/src/test/java/com/lollito/fm/controller/rest/AdminControllerValidationTest.java:[55,6] org.springframework.boot.test.mock.mockito.MockBean in org.springframework.boot.test.mock.mockito has been deprecated and marked for removal
[WARNING] /app/src/test/java/com/lollito/fm/controller/rest/AdminControllerValidationTest.java:[58,6] org.springframework.boot.test.mock.mockito.MockBean in org.springframework.boot.test.mock.mockito has been deprecated and marked for removal
[WARNING] /app/src/test/java/com/lollito/fm/controller/rest/AdminControllerValidationTest.java:[58,6] org.springframework.boot.test.mock.mockito.MockBean in org.springframework.boot.test.mock.mockito has been deprecated and marked for removal
[WARNING] /app/src/test/java/com/lollito/fm/controller/rest/AdminControllerValidationTest.java:[58,6] org.springframework.boot.test.mock.mockito.MockBean in org.springframework.boot.test.mock.mockito has been deprecated and marked for removal
[WARNING] /app/src/test/java/com/lollito/fm/controller/rest/AdminControllerValidationTest.java:[58,6] org.springframework.boot.test.mock.mockito.MockBean in org.springframework.boot.test.mock.mockito has been deprecated and marked for removal
[WARNING] /app/src/test/java/com/lollito/fm/controller/rest/AdminControllerValidationTest.java:[58,6] org.springframework.boot.test.mock.mockito.MockBean in org.springframework.boot.test.mock.mockito has been deprecated and marked for removal
[WARNING] /app/src/test/java/com/lollito/fm/controller/rest/ClubControllerTest.java:[31,6] org.springframework.boot.test.mock.mockito.MockBean in org.springframework.boot.test.mock.mockito has been deprecated and marked for removal
[WARNING] /app/src/test/java/com/lollito/fm/controller/rest/ClubControllerTest.java:[31,6] org.springframework.boot.test.mock.mockito.MockBean in org.springframework.boot.test.mock.mockito has been deprecated and marked for removal
[WARNING] /app/src/test/java/com/lollito/fm/controller/rest/ClubControllerTest.java:[31,6] org.springframework.boot.test.mock.mockito.MockBean in org.springframework.boot.test.mock.mockito has been deprecated and marked for removal
[WARNING] /app/src/test/java/com/lollito/fm/controller/rest/ClubControllerTest.java:[31,6] org.springframework.boot.test.mock.mockito.MockBean in org.springframework.boot.test.mock.mockito has been deprecated and marked for removal
[WARNING] /app/src/test/java/com/lollito/fm/controller/rest/ClubControllerTest.java:[31,6] org.springframework.boot.test.mock.mockito.MockBean in org.springframework.boot.test.mock.mockito has been deprecated and marked for removal
[WARNING] /app/src/test/java/com/lollito/fm/controller/rest/ClubControllerTest.java:[34,6] org.springframework.boot.test.mock.mockito.MockBean in org.springframework.boot.test.mock.mockito has been deprecated and marked for removal
[WARNING] /app/src/test/java/com/lollito/fm/controller/rest/ClubControllerTest.java:[34,6] org.springframework.boot.test.mock.mockito.MockBean in org.springframework.boot.test.mock.mockito has been deprecated and marked for removal
[WARNING] /app/src/test/java/com/lollito/fm/controller/rest/ClubControllerTest.java:[34,6] org.springframework.boot.test.mock.mockito.MockBean in org.springframework.boot.test.mock.mockito has been deprecated and marked for removal
[WARNING] /app/src/test/java/com/lollito/fm/controller/rest/ClubControllerTest.java:[34,6] org.springframework.boot.test.mock.mockito.MockBean in org.springframework.boot.test.mock.mockito has been deprecated and marked for removal
[WARNING] /app/src/test/java/com/lollito/fm/controller/rest/ClubControllerTest.java:[34,6] org.springframework.boot.test.mock.mockito.MockBean in org.springframework.boot.test.mock.mockito has been deprecated and marked for removal
[WARNING] /app/src/test/java/com/lollito/fm/controller/rest/ClubControllerTest.java:[37,6] org.springframework.boot.test.mock.mockito.MockBean in org.springframework.boot.test.mock.mockito has been deprecated and marked for removal
[WARNING] /app/src/test/java/com/lollito/fm/controller/rest/ClubControllerTest.java:[37,6] org.springframework.boot.test.mock.mockito.MockBean in org.springframework.boot.test.mock.mockito has been deprecated and marked for removal
[WARNING] /app/src/test/java/com/lollito/fm/controller/rest/ClubControllerTest.java:[37,6] org.springframework.boot.test.mock.mockito.MockBean in org.springframework.boot.test.mock.mockito has been deprecated and marked for removal
[WARNING] /app/src/test/java/com/lollito/fm/controller/rest/ClubControllerTest.java:[37,6] org.springframework.boot.test.mock.mockito.MockBean in org.springframework.boot.test.mock.mockito has been deprecated and marked for removal
[WARNING] /app/src/test/java/com/lollito/fm/controller/rest/ClubControllerTest.java:[37,6] org.springframework.boot.test.mock.mockito.MockBean in org.springframework.boot.test.mock.mockito has been deprecated and marked for removal
[WARNING] /app/src/test/java/com/lollito/fm/controller/rest/ClubControllerTest.java:[40,6] org.springframework.boot.test.mock.mockito.MockBean in org.springframework.boot.test.mock.mockito has been deprecated and marked for removal
[WARNING] /app/src/test/java/com/lollito/fm/controller/rest/ClubControllerTest.java:[40,6] org.springframework.boot.test.mock.mockito.MockBean in org.springframework.boot.test.mock.mockito has been deprecated and marked for removal
[WARNING] /app/src/test/java/com/lollito/fm/controller/rest/ClubControllerTest.java:[40,6] org.springframework.boot.test.mock.mockito.MockBean in org.springframework.boot.test.mock.mockito has been deprecated and marked for removal
[WARNING] /app/src/test/java/com/lollito/fm/controller/rest/ClubControllerTest.java:[40,6] org.springframework.boot.test.mock.mockito.MockBean in org.springframework.boot.test.mock.mockito has been deprecated and marked for removal
[WARNING] /app/src/test/java/com/lollito/fm/controller/rest/ClubControllerTest.java:[40,6] org.springframework.boot.test.mock.mockito.MockBean in org.springframework.boot.test.mock.mockito has been deprecated and marked for removal
[WARNING] /app/src/test/java/com/lollito/fm/controller/rest/ClubControllerTest.java:[43,6] org.springframework.boot.test.mock.mockito.MockBean in org.springframework.boot.test.mock.mockito has been deprecated and marked for removal
[WARNING] /app/src/test/java/com/lollito/fm/controller/rest/ClubControllerTest.java:[43,6] org.springframework.boot.test.mock.mockito.MockBean in org.springframework.boot.test.mock.mockito has been deprecated and marked for removal
[WARNING] /app/src/test/java/com/lollito/fm/controller/rest/ClubControllerTest.java:[43,6] org.springframework.boot.test.mock.mockito.MockBean in org.springframework.boot.test.mock.mockito has been deprecated and marked for removal
[WARNING] /app/src/test/java/com/lollito/fm/controller/rest/ClubControllerTest.java:[43,6] org.springframework.boot.test.mock.mockito.MockBean in org.springframework.boot.test.mock.mockito has been deprecated and marked for removal
[WARNING] /app/src/test/java/com/lollito/fm/controller/rest/ClubControllerTest.java:[43,6] org.springframework.boot.test.mock.mockito.MockBean in org.springframework.boot.test.mock.mockito has been deprecated and marked for removal
[WARNING] /app/src/test/java/com/lollito/fm/controller/rest/ClubControllerTest.java:[46,6] org.springframework.boot.test.mock.mockito.MockBean in org.springframework.boot.test.mock.mockito has been deprecated and marked for removal
[WARNING] /app/src/test/java/com/lollito/fm/controller/rest/ClubControllerTest.java:[46,6] org.springframework.boot.test.mock.mockito.MockBean in org.springframework.boot.test.mock.mockito has been deprecated and marked for removal
[WARNING] /app/src/test/java/com/lollito/fm/controller/rest/ClubControllerTest.java:[46,6] org.springframework.boot.test.mock.mockito.MockBean in org.springframework.boot.test.mock.mockito has been deprecated and marked for removal
[WARNING] /app/src/test/java/com/lollito/fm/controller/rest/ClubControllerTest.java:[46,6] org.springframework.boot.test.mock.mockito.MockBean in org.springframework.boot.test.mock.mockito has been deprecated and marked for removal
[WARNING] /app/src/test/java/com/lollito/fm/controller/rest/ClubControllerTest.java:[46,6] org.springframework.boot.test.mock.mockito.MockBean in org.springframework.boot.test.mock.mockito has been deprecated and marked for removal
[WARNING] /app/src/test/java/com/lollito/fm/controller/rest/ClubControllerTest.java:[49,6] org.springframework.boot.test.mock.mockito.MockBean in org.springframework.boot.test.mock.mockito has been deprecated and marked for removal
[WARNING] /app/src/test/java/com/lollito/fm/controller/rest/ClubControllerTest.java:[49,6] org.springframework.boot.test.mock.mockito.MockBean in org.springframework.boot.test.mock.mockito has been deprecated and marked for removal
[WARNING] /app/src/test/java/com/lollito/fm/controller/rest/ClubControllerTest.java:[49,6] org.springframework.boot.test.mock.mockito.MockBean in org.springframework.boot.test.mock.mockito has been deprecated and marked for removal
[WARNING] /app/src/test/java/com/lollito/fm/controller/rest/ClubControllerTest.java:[49,6] org.springframework.boot.test.mock.mockito.MockBean in org.springframework.boot.test.mock.mockito has been deprecated and marked for removal
[WARNING] /app/src/test/java/com/lollito/fm/controller/rest/ClubControllerTest.java:[49,6] org.springframework.boot.test.mock.mockito.MockBean in org.springframework.boot.test.mock.mockito has been deprecated and marked for removal
[WARNING] /app/src/test/java/com/lollito/fm/controller/rest/ManagerControllerTest.java:[42,6] org.springframework.boot.test.mock.mockito.MockBean in org.springframework.boot.test.mock.mockito has been deprecated and marked for removal
[WARNING] /app/src/test/java/com/lollito/fm/controller/rest/ManagerControllerTest.java:[42,6] org.springframework.boot.test.mock.mockito.MockBean in org.springframework.boot.test.mock.mockito has been deprecated and marked for removal
[WARNING] /app/src/test/java/com/lollito/fm/controller/rest/ManagerControllerTest.java:[42,6] org.springframework.boot.test.mock.mockito.MockBean in org.springframework.boot.test.mock.mockito has been deprecated and marked for removal
[WARNING] /app/src/test/java/com/lollito/fm/controller/rest/ManagerControllerTest.java:[42,6] org.springframework.boot.test.mock.mockito.MockBean in org.springframework.boot.test.mock.mockito has been deprecated and marked for removal
[WARNING] /app/src/test/java/com/lollito/fm/controller/rest/ManagerControllerTest.java:[42,6] org.springframework.boot.test.mock.mockito.MockBean in org.springframework.boot.test.mock.mockito has been deprecated and marked for removal
[INFO] /app/src/test/java/com/lollito/fm/controller/rest/ManagerControllerTest.java: Some input files additionally use or override a deprecated API that is marked for removal.
[INFO] /app/src/test/java/com/lollito/fm/service/IndividualTrainingTest.java: /app/src/test/java/com/lollito/fm/service/IndividualTrainingTest.java uses unchecked or unsafe operations.
[INFO] /app/src/test/java/com/lollito/fm/service/IndividualTrainingTest.java: Recompile with -Xlint:unchecked for details.
[INFO]
[INFO] --- surefire:3.5.4:test (default-test) @ fm ---
Downloading from central: https://repo.maven.apache.org/maven2/org/apache/maven/surefire/surefire-api/3.5.4/surefire-api-3.5.4.pom
Progress (1): 832 BProgress (1): 2.9 kBProgress (1): 3.7 kB                    Downloaded from central: https://repo.maven.apache.org/maven2/org/apache/maven/surefire/surefire-api/3.5.4/surefire-api-3.5.4.pom (3.7 kB at 73 kB/s)
Downloading from central: https://repo.maven.apache.org/maven2/org/apache/maven/surefire/surefire-logger-api/3.5.4/surefire-logger-api-3.5.4.pom
Progress (1): 826 BProgress (1): 2.5 kBProgress (1): 3.5 kB                    Downloaded from central: https://repo.maven.apache.org/maven2/org/apache/maven/surefire/surefire-logger-api/3.5.4/surefire-logger-api-3.5.4.pom (3.5 kB at 120 kB/s)
Downloading from central: https://repo.maven.apache.org/maven2/org/apache/maven/surefire/surefire-shared-utils/3.5.4/surefire-shared-utils-3.5.4.pom
Progress (1): 1.1 kBProgress (1): 4.0 kB                    Downloaded from central: https://repo.maven.apache.org/maven2/org/apache/maven/surefire/surefire-shared-utils/3.5.4/surefire-shared-utils-3.5.4.pom (4.0 kB at 18 kB/s)
Downloading from central: https://repo.maven.apache.org/maven2/org/apache/maven/surefire/surefire-extensions-api/3.5.4/surefire-extensions-api-3.5.4.pom
Progress (1): 833 BProgress (1): 3.1 kBProgress (1): 3.6 kB                    Downloaded from central: https://repo.maven.apache.org/maven2/org/apache/maven/surefire/surefire-extensions-api/3.5.4/surefire-extensions-api-3.5.4.pom (3.6 kB at 123 kB/s)
Downloading from central: https://repo.maven.apache.org/maven2/org/apache/maven/surefire/maven-surefire-common/3.5.4/maven-surefire-common-3.5.4.pom
Progress (1): 823 BProgress (1): 4.1 kBProgress (1): 7.1 kBProgress (1): 7.3 kB                    Downloaded from central: https://repo.maven.apache.org/maven2/org/apache/maven/surefire/maven-surefire-common/3.5.4/maven-surefire-common-3.5.4.pom (7.3 kB at 243 kB/s)
Downloading from central: https://repo.maven.apache.org/maven2/org/apache/maven/surefire/surefire-booter/3.5.4/surefire-booter-3.5.4.pom
Progress (1): 827 BProgress (1): 3.5 kBProgress (1): 5.0 kB                    Downloaded from central: https://repo.maven.apache.org/maven2/org/apache/maven/surefire/surefire-booter/3.5.4/surefire-booter-3.5.4.pom (5.0 kB at 128 kB/s)
Downloading from central: https://repo.maven.apache.org/maven2/org/apache/maven/surefire/surefire-extensions-spi/3.5.4/surefire-extensions-spi-3.5.4.pom
Progress (1): 873 BProgress (1): 1.7 kB                    Downloaded from central: https://repo.maven.apache.org/maven2/org/apache/maven/surefire/surefire-extensions-spi/3.5.4/surefire-extensions-spi-3.5.4.pom (1.7 kB at 54 kB/s)
Downloading from central: https://repo.maven.apache.org/maven2/org/apache/maven/resolver/maven-resolver-util/1.4.1/maven-resolver-util-1.4.1.pom
Progress (1): 825 BProgress (1): 2.8 kBProgress (1): 2.8 kB                    Downloaded from central: https://repo.maven.apache.org/maven2/org/apache/maven/resolver/maven-resolver-util/1.4.1/maven-resolver-util-1.4.1.pom (2.8 kB at 94 kB/s)
Downloading from central: https://repo.maven.apache.org/maven2/org/apache/maven/resolver/maven-resolver/1.4.1/maven-resolver-1.4.1.pom
Progress (1): 774 BProgress (1): 2.2 kBProgress (1): 6.0 kBProgress (1): 9.6 kBProgress (1): 13 kB Progress (1): 16 kBProgress (1): 18 kB                   Downloaded from central: https://repo.maven.apache.org/maven2/org/apache/maven/resolver/maven-resolver/1.4.1/maven-resolver-1.4.1.pom (18 kB at 586 kB/s)
Downloading from central: https://repo.maven.apache.org/maven2/org/apache/maven/maven-parent/33/maven-parent-33.pom
Progress (1): 717 BProgress (1): 1.9 kBProgress (1): 5.4 kBProgress (1): 9.9 kBProgress (1): 14 kB Progress (1): 19 kBProgress (1): 23 kBProgress (1): 26 kBProgress (1): 27 kBProgress (1): 30 kBProgress (1): 34 kBProgress (1): 36 kBProgress (1): 39 kBProgress (1): 44 kB                   Downloaded from central: https://repo.maven.apache.org/maven2/org/apache/maven/maven-parent/33/maven-parent-33.pom (44 kB at 1.2 MB/s)
Downloading from central: https://repo.maven.apache.org/maven2/org/apache/apache/21/apache-21.pom
Progress (1): 753 BProgress (1): 2.1 kBProgress (1): 3.9 kBProgress (1): 8.3 kBProgress (1): 13 kB Progress (1): 16 kBProgress (1): 17 kB                   Downloaded from central: https://repo.maven.apache.org/maven2/org/apache/apache/21/apache-21.pom (17 kB at 590 kB/s)
Downloading from central: https://repo.maven.apache.org/maven2/org/apache/maven/resolver/maven-resolver-api/1.4.1/maven-resolver-api-1.4.1.pom
Progress (1): 843 BProgress (1): 2.6 kBProgress (1): 2.6 kB                    Downloaded from central: https://repo.maven.apache.org/maven2/org/apache/maven/resolver/maven-resolver-api/1.4.1/maven-resolver-api-1.4.1.pom (2.6 kB at 91 kB/s)
Downloading from central: https://repo.maven.apache.org/maven2/org/apache/maven/shared/maven-common-artifact-filters/3.4.0/maven-common-artifact-filters-3.4.0.pom
Progress (1): 798 BProgress (1): 2.3 kBProgress (1): 5.4 kBProgress (1): 5.4 kB                    Downloaded from central: https://repo.maven.apache.org/maven2/org/apache/maven/shared/maven-common-artifact-filters/3.4.0/maven-common-artifact-filters-3.4.0.pom (5.4 kB at 192 kB/s)
Downloading from central: https://repo.maven.apache.org/maven2/org/apache/maven/shared/maven-shared-components/42/maven-shared-components-42.pom
Progress (1): 811 BProgress (1): 2.3 kBProgress (1): 3.8 kB                    Downloaded from central: https://repo.maven.apache.org/maven2/org/apache/maven/shared/maven-shared-components/42/maven-shared-components-42.pom (3.8 kB at 130 kB/s)
Downloading from central: https://repo.maven.apache.org/maven2/org/apache/maven/maven-parent/42/maven-parent-42.pom
Progress (1): 724 BProgress (1): 1.9 kBProgress (1): 5.5 kBProgress (1): 9.9 kBProgress (1): 14 kB Progress (1): 19 kBProgress (1): 23 kBProgress (1): 26 kBProgress (1): 28 kBProgress (1): 31 kBProgress (1): 34 kBProgress (1): 37 kBProgress (1): 40 kBProgress (1): 43 kBProgress (1): 47 kBProgress (1): 47 kBProgress (1): 50 kB                   Downloaded from central: https://repo.maven.apache.org/maven2/org/apache/maven/maven-parent/42/maven-parent-42.pom (50 kB at 1.6 MB/s)
Downloading from central: https://repo.maven.apache.org/maven2/org/apache/apache/32/apache-32.pom
Progress (1): 733 BProgress (1): 2.0 kBProgress (1): 4.0 kBProgress (1): 5.9 kBProgress (1): 10 kB Progress (1): 16 kBProgress (1): 19 kBProgress (1): 22 kBProgress (1): 24 kB                   Downloaded from central: https://repo.maven.apache.org/maven2/org/apache/apache/32/apache-32.pom (24 kB at 834 kB/s)
Downloading from central: https://repo.maven.apache.org/maven2/org/apache/maven/surefire/surefire-logger-api/3.5.4/surefire-logger-api-3.5.4.jar
Downloading from central: https://repo.maven.apache.org/maven2/org/apache/maven/surefire/surefire-api/3.5.4/surefire-api-3.5.4.jar
Downloading from central: https://repo.maven.apache.org/maven2/org/apache/maven/surefire/surefire-shared-utils/3.5.4/surefire-shared-utils-3.5.4.jar
Downloading from central: https://repo.maven.apache.org/maven2/org/apache/maven/surefire/surefire-extensions-api/3.5.4/surefire-extensions-api-3.5.4.jar
Downloading from central: https://repo.maven.apache.org/maven2/org/apache/maven/surefire/maven-surefire-common/3.5.4/maven-surefire-common-3.5.4.jar
Progress (1): 7.7/174 kBProgress (1): 16/174 kB Progress (1): 32/174 kBProgress (1): 49/174 kBProgress (2): 49/174 kB | 7.7/14 kBProgress (2): 49/174 kB | 14 kB    Progress (2): 65/174 kB | 14 kBProgress (2): 81/174 kB | 14 kBProgress (2): 98/174 kB | 14 kBProgress (3): 98/174 kB | 14 kB | 7.7/26 kBProgress (3): 114/174 kB | 14 kB | 7.7/26 kBProgress (3): 114/174 kB | 14 kB | 16/26 kB Progress (3): 131/174 kB | 14 kB | 16/26 kB                                           Downloaded from central: https://repo.maven.apache.org/maven2/org/apache/maven/surefire/surefire-logger-api/3.5.4/surefire-logger-api-3.5.4.jar (14 kB at 425 kB/s)
Progress (2): 131/174 kB | 26 kB                                Downloading from central: https://repo.maven.apache.org/maven2/org/apache/maven/surefire/surefire-booter/3.5.4/surefire-booter-3.5.4.jar
Progress (2): 147/174 kB | 26 kBProgress (2): 163/174 kB | 26 kB                                Downloaded from central: https://repo.maven.apache.org/maven2/org/apache/maven/surefire/surefire-extensions-api/3.5.4/surefire-extensions-api-3.5.4.jar (26 kB at 804 kB/s)
Progress (1): 174 kB                    Downloading from central: https://repo.maven.apache.org/maven2/org/apache/maven/surefire/surefire-extensions-spi/3.5.4/surefire-extensions-spi-3.5.4.jar
Progress (2): 174 kB | 0/2.9 MB                               Downloaded from central: https://repo.maven.apache.org/maven2/org/apache/maven/surefire/surefire-api/3.5.4/surefire-api-3.5.4.jar (174 kB at 4.8 MB/s)
Downloading from central: https://repo.maven.apache.org/maven2/org/apache/maven/resolver/maven-resolver-util/1.4.1/maven-resolver-util-1.4.1.jar
Progress (1): 0/2.9 MBProgress (1): 0/2.9 MBProgress (1): 0/2.9 MBProgress (1): 0.1/2.9 MBProgress (1): 0.1/2.9 MBProgress (1): 0.1/2.9 MBProgress (1): 0.1/2.9 MBProgress (1): 0.1/2.9 MBProgress (2): 0.1/2.9 MB | 7.7/314 kBProgress (2): 0.1/2.9 MB | 16/314 kB Progress (2): 0.1/2.9 MB | 16/314 kBProgress (2): 0.1/2.9 MB | 25/314 kBProgress (2): 0.2/2.9 MB | 25/314 kBProgress (2): 0.2/2.9 MB | 41/314 kBProgress (2): 0.2/2.9 MB | 41/314 kBProgress (2): 0.2/2.9 MB | 57/314 kBProgress (2): 0.2/2.9 MB | 57/314 kBProgress (2): 0.2/2.9 MB | 74/314 kBProgress (2): 0.2/2.9 MB | 74/314 kBProgress (2): 0.2/2.9 MB | 90/314 kBProgress (2): 0.2/2.9 MB | 90/314 kBProgress (2): 0.2/2.9 MB | 106/314 kBProgress (2): 0.2/2.9 MB | 106/314 kBProgress (2): 0.2/2.9 MB | 115/314 kBProgress (2): 0.3/2.9 MB | 115/314 kBProgress (2): 0.3/2.9 MB | 131/314 kBProgress (2): 0.3/2.9 MB | 131/314 kBProgress (2): 0.3/2.9 MB | 147/314 kBProgress (2): 0.3/2.9 MB | 147/314 kBProgress (2): 0.3/2.9 MB | 164/314 kBProgress (2): 0.3/2.9 MB | 164/314 kBProgress (2): 0.3/2.9 MB | 180/314 kBProgress (2): 0.3/2.9 MB | 188/314 kBProgress (2): 0.3/2.9 MB | 188/314 kBProgress (2): 0.3/2.9 MB | 197/314 kBProgress (2): 0.3/2.9 MB | 197/314 kBProgress (2): 0.3/2.9 MB | 213/314 kBProgress (2): 0.4/2.9 MB | 213/314 kBProgress (2): 0.4/2.9 MB | 229/314 kBProgress (2): 0.4/2.9 MB | 229/314 kBProgress (2): 0.4/2.9 MB | 246/314 kBProgress (2): 0.4/2.9 MB | 246/314 kBProgress (2): 0.4/2.9 MB | 254/314 kBProgress (2): 0.4/2.9 MB | 262/314 kBProgress (2): 0.4/2.9 MB | 262/314 kBProgress (2): 0.4/2.9 MB | 279/314 kBProgress (2): 0.4/2.9 MB | 279/314 kBProgress (2): 0.4/2.9 MB | 279/314 kBProgress (2): 0.4/2.9 MB | 287/314 kBProgress (2): 0.4/2.9 MB | 287/314 kBProgress (2): 0.4/2.9 MB | 303/314 kBProgress (2): 0.5/2.9 MB | 303/314 kBProgress (2): 0.5/2.9 MB | 314 kB    Progress (2): 0.5/2.9 MB | 314 kBProgress (2): 0.5/2.9 MB | 314 kBProgress (2): 0.5/2.9 MB | 314 kB                                 Downloaded from central: https://repo.maven.apache.org/maven2/org/apache/maven/surefire/maven-surefire-common/3.5.4/maven-surefire-common-3.5.4.jar (314 kB at 7.3 MB/s)
Downloading from central: https://repo.maven.apache.org/maven2/org/apache/maven/resolver/maven-resolver-api/1.4.1/maven-resolver-api-1.4.1.jar
Progress (1): 0.5/2.9 MBProgress (1): 0.5/2.9 MBProgress (1): 0.6/2.9 MBProgress (1): 0.6/2.9 MBProgress (1): 0.6/2.9 MBProgress (1): 0.6/2.9 MBProgress (1): 0.6/2.9 MBProgress (1): 0.6/2.9 MBProgress (1): 0.7/2.9 MBProgress (1): 0.7/2.9 MBProgress (1): 0.7/2.9 MBProgress (1): 0.7/2.9 MBProgress (1): 0.7/2.9 MBProgress (1): 0.7/2.9 MBProgress (1): 0.8/2.9 MBProgress (1): 0.8/2.9 MBProgress (1): 0.8/2.9 MBProgress (1): 0.8/2.9 MBProgress (1): 0.8/2.9 MBProgress (1): 0.8/2.9 MBProgress (1): 0.9/2.9 MBProgress (1): 0.9/2.9 MBProgress (1): 0.9/2.9 MBProgress (1): 0.9/2.9 MBProgress (1): 0.9/2.9 MBProgress (1): 0.9/2.9 MBProgress (1): 1.0/2.9 MBProgress (1): 1.0/2.9 MBProgress (1): 1.0/2.9 MBProgress (1): 1.0/2.9 MBProgress (1): 1.0/2.9 MBProgress (1): 1.0/2.9 MBProgress (1): 1.0/2.9 MBProgress (1): 1.1/2.9 MBProgress (1): 1.1/2.9 MBProgress (1): 1.1/2.9 MBProgress (1): 1.1/2.9 MBProgress (1): 1.1/2.9 MBProgress (1): 1.1/2.9 MBProgress (1): 1.2/2.9 MBProgress (1): 1.2/2.9 MBProgress (1): 1.2/2.9 MBProgress (1): 1.2/2.9 MBProgress (1): 1.2/2.9 MBProgress (1): 1.2/2.9 MBProgress (1): 1.3/2.9 MBProgress (1): 1.3/2.9 MBProgress (1): 1.3/2.9 MBProgress (1): 1.3/2.9 MBProgress (2): 1.3/2.9 MB | 7.7/119 kBProgress (2): 1.3/2.9 MB | 7.7/119 kBProgress (2): 1.3/2.9 MB | 16/119 kB Progress (2): 1.3/2.9 MB | 16/119 kBProgress (2): 1.3/2.9 MB | 32/119 kBProgress (2): 1.4/2.9 MB | 32/119 kBProgress (2): 1.4/2.9 MB | 49/119 kBProgress (3): 1.4/2.9 MB | 49/119 kB | 7.7/8.2 kBProgress (3): 1.4/2.9 MB | 49/119 kB | 8.2 kB    Progress (3): 1.4/2.9 MB | 49/119 kB | 8.2 kBProgress (3): 1.4/2.9 MB | 65/119 kB | 8.2 kBProgress (3): 1.4/2.9 MB | 65/119 kB | 8.2 kBProgress (3): 1.4/2.9 MB | 81/119 kB | 8.2 kBProgress (3): 1.4/2.9 MB | 98/119 kB | 8.2 kBProgress (3): 1.4/2.9 MB | 98/119 kB | 8.2 kBProgress (3): 1.4/2.9 MB | 114/119 kB | 8.2 kBProgress (3): 1.4/2.9 MB | 119 kB | 8.2 kB                                              Downloaded from central: https://repo.maven.apache.org/maven2/org/apache/maven/surefire/surefire-extensions-spi/3.5.4/surefire-extensions-spi-3.5.4.jar (8.2 kB at 136 kB/s)
Downloading from central: https://repo.maven.apache.org/maven2/org/apache/maven/shared/maven-common-artifact-filters/3.4.0/maven-common-artifact-filters-3.4.0.jar
Progress (2): 1.4/2.9 MB | 119 kBProgress (2): 1.4/2.9 MB | 119 kBProgress (2): 1.5/2.9 MB | 119 kB                                 Downloaded from central: https://repo.maven.apache.org/maven2/org/apache/maven/surefire/surefire-booter/3.5.4/surefire-booter-3.5.4.jar (119 kB at 2.0 MB/s)
Progress (1): 1.5/2.9 MBProgress (1): 1.5/2.9 MBProgress (1): 1.5/2.9 MBProgress (1): 1.5/2.9 MBProgress (1): 1.5/2.9 MBProgress (1): 1.6/2.9 MBProgress (1): 1.6/2.9 MBProgress (1): 1.6/2.9 MBProgress (2): 1.6/2.9 MB | 7.7/168 kBProgress (2): 1.6/2.9 MB | 7.7/168 kBProgress (2): 1.6/2.9 MB | 16/168 kB Progress (2): 1.6/2.9 MB | 16/168 kBProgress (2): 1.6/2.9 MB | 32/168 kBProgress (2): 1.6/2.9 MB | 49/168 kBProgress (2): 1.6/2.9 MB | 49/168 kBProgress (2): 1.6/2.9 MB | 65/168 kBProgress (2): 1.7/2.9 MB | 65/168 kBProgress (2): 1.7/2.9 MB | 81/168 kBProgress (2): 1.7/2.9 MB | 98/168 kBProgress (2): 1.7/2.9 MB | 98/168 kBProgress (2): 1.7/2.9 MB | 114/168 kBProgress (2): 1.7/2.9 MB | 114/168 kBProgress (2): 1.7/2.9 MB | 131/168 kBProgress (2): 1.7/2.9 MB | 147/168 kBProgress (2): 1.7/2.9 MB | 147/168 kBProgress (2): 1.7/2.9 MB | 163/168 kBProgress (2): 1.7/2.9 MB | 168 kB    Progress (2): 1.7/2.9 MB | 168 kBProgress (2): 1.7/2.9 MB | 168 kBProgress (2): 1.8/2.9 MB | 168 kB                                 Downloaded from central: https://repo.maven.apache.org/maven2/org/apache/maven/resolver/maven-resolver-util/1.4.1/maven-resolver-util-1.4.1.jar (168 kB at 2.6 MB/s)
Progress (1): 1.8/2.9 MBProgress (1): 1.8/2.9 MBProgress (1): 1.8/2.9 MBProgress (1): 1.8/2.9 MBProgress (1): 1.8/2.9 MBProgress (1): 1.9/2.9 MBProgress (1): 1.9/2.9 MBProgress (1): 1.9/2.9 MBProgress (1): 1.9/2.9 MBProgress (1): 1.9/2.9 MBProgress (1): 1.9/2.9 MBProgress (1): 1.9/2.9 MBProgress (1): 2.0/2.9 MBProgress (1): 2.0/2.9 MBProgress (1): 2.0/2.9 MBProgress (1): 2.0/2.9 MBProgress (1): 2.0/2.9 MBProgress (1): 2.0/2.9 MBProgress (1): 2.1/2.9 MBProgress (1): 2.1/2.9 MBProgress (1): 2.1/2.9 MBProgress (1): 2.1/2.9 MBProgress (1): 2.1/2.9 MBProgress (1): 2.1/2.9 MBProgress (1): 2.2/2.9 MBProgress (1): 2.2/2.9 MBProgress (1): 2.2/2.9 MBProgress (1): 2.2/2.9 MBProgress (1): 2.2/2.9 MBProgress (1): 2.2/2.9 MBProgress (1): 2.3/2.9 MBProgress (1): 2.3/2.9 MBProgress (1): 2.3/2.9 MBProgress (1): 2.3/2.9 MBProgress (1): 2.3/2.9 MBProgress (1): 2.3/2.9 MBProgress (1): 2.4/2.9 MBProgress (1): 2.4/2.9 MBProgress (1): 2.4/2.9 MBProgress (2): 2.4/2.9 MB | 7.7/149 kBProgress (2): 2.4/2.9 MB | 7.7/149 kBProgress (2): 2.4/2.9 MB | 16/149 kB Progress (2): 2.4/2.9 MB | 16/149 kBProgress (2): 2.4/2.9 MB | 32/149 kBProgress (2): 2.4/2.9 MB | 32/149 kBProgress (2): 2.4/2.9 MB | 49/149 kBProgress (2): 2.5/2.9 MB | 49/149 kBProgress (2): 2.5/2.9 MB | 65/149 kBProgress (2): 2.5/2.9 MB | 65/149 kBProgress (2): 2.5/2.9 MB | 81/149 kBProgress (2): 2.5/2.9 MB | 98/149 kBProgress (2): 2.5/2.9 MB | 98/149 kBProgress (2): 2.5/2.9 MB | 114/149 kBProgress (2): 2.5/2.9 MB | 114/149 kBProgress (2): 2.5/2.9 MB | 131/149 kBProgress (2): 2.5/2.9 MB | 147/149 kBProgress (2): 2.5/2.9 MB | 147/149 kBProgress (2): 2.5/2.9 MB | 149 kB    Progress (2): 2.5/2.9 MB | 149 kBProgress (2): 2.6/2.9 MB | 149 kBProgress (2): 2.6/2.9 MB | 149 kB                                 Downloaded from central: https://repo.maven.apache.org/maven2/org/apache/maven/resolver/maven-resolver-api/1.4.1/maven-resolver-api-1.4.1.jar (149 kB at 1.9 MB/s)
Progress (1): 2.6/2.9 MBProgress (1): 2.6/2.9 MBProgress (1): 2.6/2.9 MBProgress (1): 2.6/2.9 MBProgress (1): 2.7/2.9 MBProgress (1): 2.7/2.9 MBProgress (1): 2.7/2.9 MBProgress (1): 2.7/2.9 MBProgress (1): 2.7/2.9 MBProgress (1): 2.7/2.9 MBProgress (1): 2.8/2.9 MBProgress (1): 2.8/2.9 MBProgress (1): 2.8/2.9 MBProgress (1): 2.8/2.9 MBProgress (1): 2.8/2.9 MBProgress (1): 2.8/2.9 MBProgress (1): 2.9/2.9 MBProgress (1): 2.9/2.9 MBProgress (1): 2.9/2.9 MBProgress (1): 2.9/2.9 MBProgress (1): 2.9/2.9 MBProgress (1): 2.9/2.9 MBProgress (1): 2.9 MB    Progress (2): 2.9 MB | 7.7/58 kBProgress (2): 2.9 MB | 16/58 kB Progress (2): 2.9 MB | 32/58 kB                               Downloaded from central: https://repo.maven.apache.org/maven2/org/apache/maven/surefire/surefire-shared-utils/3.5.4/surefire-shared-utils-3.5.4.jar (2.9 MB at 33 MB/s)
Progress (1): 49/58 kBProgress (1): 58 kB                      Downloaded from central: https://repo.maven.apache.org/maven2/org/apache/maven/shared/maven-common-artifact-filters/3.4.0/maven-common-artifact-filters-3.4.0.jar (58 kB at 680 kB/s)
[INFO] Using auto detected provider org.apache.maven.surefire.junitplatform.JUnitPlatformProvider
Downloading from central: https://repo.maven.apache.org/maven2/org/apache/maven/surefire/surefire-junit-platform/3.5.4/surefire-junit-platform-3.5.4.pom
Progress (1): 832 BProgress (1): 3.9 kBProgress (1): 5.2 kB                    Downloaded from central: https://repo.maven.apache.org/maven2/org/apache/maven/surefire/surefire-junit-platform/3.5.4/surefire-junit-platform-3.5.4.pom (5.2 kB at 178 kB/s)
Downloading from central: https://repo.maven.apache.org/maven2/org/apache/maven/surefire/surefire-providers/3.5.4/surefire-providers-3.5.4.pom
Progress (1): 844 BProgress (1): 2.5 kB                    Downloaded from central: https://repo.maven.apache.org/maven2/org/apache/maven/surefire/surefire-providers/3.5.4/surefire-providers-3.5.4.pom (2.5 kB at 88 kB/s)
Downloading from central: https://repo.maven.apache.org/maven2/org/apache/maven/surefire/common-java5/3.5.4/common-java5-3.5.4.pom
Progress (1): 839 BProgress (1): 2.8 kBProgress (1): 3.1 kB                    Downloaded from central: https://repo.maven.apache.org/maven2/org/apache/maven/surefire/common-java5/3.5.4/common-java5-3.5.4.pom (3.1 kB at 87 kB/s)
Downloading from central: https://repo.maven.apache.org/maven2/org/junit/platform/junit-platform-engine/1.12.1/junit-platform-engine-1.12.1.pom
Progress (1): 957 BProgress (1): 3.2 kB                    Downloaded from central: https://repo.maven.apache.org/maven2/org/junit/platform/junit-platform-engine/1.12.1/junit-platform-engine-1.12.1.pom (3.2 kB at 119 kB/s)
Downloading from central: https://repo.maven.apache.org/maven2/org/junit/platform/junit-platform-commons/1.12.1/junit-platform-commons-1.12.1.pom
Progress (1): 966 BProgress (1): 2.8 kB                    Downloaded from central: https://repo.maven.apache.org/maven2/org/junit/platform/junit-platform-commons/1.12.1/junit-platform-commons-1.12.1.pom (2.8 kB at 98 kB/s)
Downloading from central: https://repo.maven.apache.org/maven2/org/junit/platform/junit-platform-launcher/1.12.1/junit-platform-launcher-1.12.1.pom
Progress (1): 967 BProgress (1): 3.0 kB                    Downloaded from central: https://repo.maven.apache.org/maven2/org/junit/platform/junit-platform-launcher/1.12.1/junit-platform-launcher-1.12.1.pom (3.0 kB at 101 kB/s)
Downloading from central: https://repo.maven.apache.org/maven2/org/apache/maven/surefire/surefire-junit-platform/3.5.4/surefire-junit-platform-3.5.4.jar
Downloading from central: https://repo.maven.apache.org/maven2/org/apache/maven/surefire/common-java5/3.5.4/common-java5-3.5.4.jar
Downloading from central: https://repo.maven.apache.org/maven2/org/junit/platform/junit-platform-engine/1.12.1/junit-platform-engine-1.12.1.jar
Downloading from central: https://repo.maven.apache.org/maven2/org/junit/platform/junit-platform-commons/1.12.1/junit-platform-commons-1.12.1.jar
Downloading from central: https://repo.maven.apache.org/maven2/org/junit/platform/junit-platform-launcher/1.12.1/junit-platform-launcher-1.12.1.jar
Progress (1): 7.7/35 kBProgress (1): 16/35 kB Progress (1): 32/35 kBProgress (1): 35 kB                      Downloaded from central: https://repo.maven.apache.org/maven2/org/apache/maven/surefire/surefire-junit-platform/3.5.4/surefire-junit-platform-3.5.4.jar (35 kB at 1.2 MB/s)
Progress (1): 7.7/256 kBProgress (1): 8.2/256 kBProgress (2): 8.2/256 kB | 7.7/208 kBProgress (2): 25/256 kB | 7.7/208 kB Progress (2): 25/256 kB | 16/208 kB Progress (2): 41/256 kB | 16/208 kBProgress (2): 41/256 kB | 32/208 kBProgress (2): 41/256 kB | 49/208 kBProgress (2): 49/256 kB | 49/208 kBProgress (2): 49/256 kB | 57/208 kBProgress (2): 66/256 kB | 57/208 kBProgress (3): 66/256 kB | 57/208 kB | 7.7/152 kBProgress (3): 66/256 kB | 74/208 kB | 7.7/152 kBProgress (3): 66/256 kB | 74/208 kB | 16/152 kB Progress (3): 66/256 kB | 90/208 kB | 16/152 kBProgress (3): 66/256 kB | 106/208 kB | 16/152 kBProgress (3): 74/256 kB | 106/208 kB | 16/152 kBProgress (3): 74/256 kB | 106/208 kB | 32/152 kBProgress (3): 74/256 kB | 123/208 kB | 32/152 kBProgress (3): 90/256 kB | 123/208 kB | 32/152 kBProgress (3): 90/256 kB | 139/208 kB | 32/152 kBProgress (3): 90/256 kB | 139/208 kB | 49/152 kBProgress (3): 90/256 kB | 156/208 kB | 49/152 kBProgress (3): 106/256 kB | 156/208 kB | 49/152 kBProgress (3): 123/256 kB | 156/208 kB | 49/152 kBProgress (3): 123/256 kB | 172/208 kB | 49/152 kBProgress (3): 123/256 kB | 172/208 kB | 65/152 kBProgress (3): 123/256 kB | 188/208 kB | 65/152 kBProgress (3): 123/256 kB | 205/208 kB | 65/152 kBProgress (3): 131/256 kB | 205/208 kB | 65/152 kBProgress (3): 131/256 kB | 205/208 kB | 81/152 kBProgress (3): 131/256 kB | 208 kB | 81/152 kB    Progress (3): 139/256 kB | 208 kB | 81/152 kBProgress (3): 156/256 kB | 208 kB | 81/152 kBProgress (3): 156/256 kB | 208 kB | 98/152 kBProgress (3): 164/256 kB | 208 kB | 98/152 kBProgress (3): 164/256 kB | 208 kB | 114/152 kBProgress (3): 180/256 kB | 208 kB | 114/152 kBProgress (3): 188/256 kB | 208 kB | 114/152 kB                                              Downloaded from central: https://repo.maven.apache.org/maven2/org/junit/platform/junit-platform-launcher/1.12.1/junit-platform-launcher-1.12.1.jar (208 kB at 6.5 MB/s)
Progress (2): 188/256 kB | 131/152 kBProgress (2): 188/256 kB | 147/152 kBProgress (2): 188/256 kB | 152 kB    Progress (3): 188/256 kB | 152 kB | 7.7/18 kBProgress (3): 188/256 kB | 152 kB | 16/18 kB Progress (3): 188/256 kB | 152 kB | 18 kB                                            Downloaded from central: https://repo.maven.apache.org/maven2/org/junit/platform/junit-platform-commons/1.12.1/junit-platform-commons-1.12.1.jar (152 kB at 4.6 MB/s)
Progress (2): 205/256 kB | 18 kBProgress (2): 213/256 kB | 18 kB                                Downloaded from central: https://repo.maven.apache.org/maven2/org/apache/maven/surefire/common-java5/3.5.4/common-java5-3.5.4.jar (18 kB at 489 kB/s)
Progress (1): 229/256 kBProgress (1): 246/256 kBProgress (1): 256 kB                        Downloaded from central: https://repo.maven.apache.org/maven2/org/junit/platform/junit-platform-engine/1.12.1/junit-platform-engine-1.12.1.jar (256 kB at 7.3 MB/s)
Downloading from central: https://repo.maven.apache.org/maven2/org/junit/platform/junit-platform-launcher/1.12.2/junit-platform-launcher-1.12.2.pom
Progress (1): 967 BProgress (1): 3.0 kB                    Downloaded from central: https://repo.maven.apache.org/maven2/org/junit/platform/junit-platform-launcher/1.12.2/junit-platform-launcher-1.12.2.pom (3.0 kB at 101 kB/s)
Downloading from central: https://repo.maven.apache.org/maven2/org/junit/platform/junit-platform-launcher/1.12.2/junit-platform-launcher-1.12.2.jar
Progress (1): 7.7/208 kBProgress (1): 16/208 kB Progress (1): 32/208 kBProgress (1): 49/208 kBProgress (1): 65/208 kBProgress (1): 81/208 kBProgress (1): 98/208 kBProgress (1): 114/208 kBProgress (1): 131/208 kBProgress (1): 147/208 kBProgress (1): 163/208 kBProgress (1): 180/208 kBProgress (1): 196/208 kBProgress (1): 208 kB                        Downloaded from central: https://repo.maven.apache.org/maven2/org/junit/platform/junit-platform-launcher/1.12.2/junit-platform-launcher-1.12.2.jar (208 kB at 5.8 MB/s)
[INFO]
[INFO] -------------------------------------------------------
[INFO]  T E S T S
[INFO] -------------------------------------------------------
[INFO] Running com.lollito.fm.service.SimulationMatchServicePerformanceTest
06:20:14.523 [main] INFO org.springframework.test.context.support.AnnotationConfigContextLoaderUtils -- Could not detect default configuration classes for test class [com.lollito.fm.service.SimulationMatchServicePerformanceTest]: SimulationMatchServicePerformanceTest does not declare any static, non-private, non-final, nested classes annotated with @Configuration.
06:20:15.046 [main] INFO org.springframework.boot.test.context.SpringBootTestContextBootstrapper -- Found @SpringBootConfiguration com.lollito.fm.FmApplication for test class com.lollito.fm.service.SimulationMatchServicePerformanceTest
06:20:15.659 [main] INFO org.springframework.boot.devtools.restart.RestartApplicationListener -- Restart disabled due to context in which it is running
  ______          _   _           _ _   __  __
 |  ____|        | | | |         | | | |  \/  |
 | |__ ___   ___ | |_| |__   __ _| | | | \  / | __ _ _ __   __ _  __ _  ___ _ __
 |  __/ _ \ / _ \| __| '_ \ / _` | | | | |\/| |/ _` | '_ \ / _` |/ _` |/ _ \ '__|
 | | | (_) | (_) | |_| |_) | (_| | | | | |  | | (_| | | | | (_| | (_| |  __/ |
 |_|  \___/ \___/ \__|_.__/ \__,_|_|_| |_|  |_|\__,_|_| |_|\__,_|\__, |\___|_|
                                                                  __/ |
                                                                 |___/


2026-02-18T06:20:16.833Z  INFO 1843 --- [           main] .s.SimulationMatchServicePerformanceTest : Starting SimulationMatchServicePerformanceTest using Java 21.0.9 with PID 1843 (started by jules in /app)
2026-02-18T06:20:16.848Z  INFO 1843 --- [           main] .s.SimulationMatchServicePerformanceTest : No active profile set, falling back to 1 default profile: "default"
2026-02-18T06:20:20.286Z  INFO 1843 --- [           main] .s.d.r.c.RepositoryConfigurationDelegate : Multiple Spring Data modules found, entering strict repository configuration mode
2026-02-18T06:20:20.289Z  INFO 1843 --- [           main] .s.d.r.c.RepositoryConfigurationDelegate : Bootstrapping Spring Data JPA repositories in DEFAULT mode.
2026-02-18T06:20:20.453Z  INFO 1843 --- [           main] .RepositoryConfigurationExtensionSupport : Spring Data JPA - Could not safely identify store assignment for repository candidate interface com.lollito.fm.repository.rest.LiveMatchSessionRepository; If you want this repository to be a JPA repository, consider annotating your entities with one of these annotations: jakarta.persistence.Entity, jakarta.persistence.MappedSuperclass (preferred), or consider extending one of the following types with your repository: org.springframework.data.jpa.repository.JpaRepository
2026-02-18T06:20:20.677Z  INFO 1843 --- [           main] .s.d.r.c.RepositoryConfigurationDelegate : Finished Spring Data repository scanning in 372 ms. Found 69 JPA repository interfaces.
2026-02-18T06:20:20.748Z  INFO 1843 --- [           main] .s.d.r.c.RepositoryConfigurationDelegate : Multiple Spring Data modules found, entering strict repository configuration mode
2026-02-18T06:20:20.749Z  INFO 1843 --- [           main] .s.d.r.c.RepositoryConfigurationDelegate : Bootstrapping Spring Data MongoDB repositories in DEFAULT mode.
2026-02-18T06:20:20.770Z  INFO 1843 --- [           main] .RepositoryConfigurationExtensionSupport : Spring Data MongoDB - Could not safely identify store assignment for repository candidate interface com.lollito.fm.repository.ManagerProfileRepository; If you want this repository to be a MongoDB repository, consider annotating your entities with one of these annotations: org.springframework.data.mongodb.core.mapping.Document (preferred), or consider extending one of the following types with your repository: org.springframework.data.mongodb.repository.MongoRepository
2026-02-18T06:20:20.771Z  INFO 1843 --- [           main] .RepositoryConfigurationExtensionSupport : Spring Data MongoDB - Could not safely identify store assignment for repository candidate interface com.lollito.fm.repository.MatchPlayerStatsRepository; If you want this repository to be a MongoDB repository, consider annotating your entities with one of these annotations: org.springframework.data.mongodb.core.mapping.Document (preferred), or consider extending one of the following types with your repository: org.springframework.data.mongodb.repository.MongoRepository
2026-02-18T06:20:20.771Z  INFO 1843 --- [           main] .RepositoryConfigurationExtensionSupport : Spring Data MongoDB - Could not safely identify store assignment for repository candidate interface com.lollito.fm.repository.PlayerScoutingStatusRepository; If you want this repository to be a MongoDB repository, consider annotating your entities with one of these annotations: org.springframework.data.mongodb.core.mapping.Document (preferred), or consider extending one of the following types with your repository: org.springframework.data.mongodb.repository.MongoRepository
2026-02-18T06:20:20.772Z  INFO 1843 --- [           main] .RepositoryConfigurationExtensionSupport : Spring Data MongoDB - Could not safely identify store assignment for repository candidate interface com.lollito.fm.repository.PlayerTrainingFocusRepository; If you want this repository to be a MongoDB repository, consider annotating your entities with one of these annotations: org.springframework.data.mongodb.core.mapping.Document (preferred), or consider extending one of the following types with your repository: org.springframework.data.mongodb.repository.MongoRepository
2026-02-18T06:20:20.772Z  INFO 1843 --- [           main] .RepositoryConfigurationExtensionSupport : Spring Data MongoDB - Could not safely identify store assignment for repository candidate interface com.lollito.fm.repository.PlayerTrainingResultRepository; If you want this repository to be a MongoDB repository, consider annotating your entities with one of these annotations: org.springframework.data.mongodb.core.mapping.Document (preferred), or consider extending one of the following types with your repository: org.springframework.data.mongodb.repository.MongoRepository
2026-02-18T06:20:20.773Z  INFO 1843 --- [           main] .RepositoryConfigurationExtensionSupport : Spring Data MongoDB - Could not safely identify store assignment for repository candidate interface com.lollito.fm.repository.QuestRepository; If you want this repository to be a MongoDB repository, consider annotating your entities with one of these annotations: org.springframework.data.mongodb.core.mapping.Document (preferred), or consider extending one of the following types with your repository: org.springframework.data.mongodb.repository.MongoRepository
2026-02-18T06:20:20.773Z  INFO 1843 --- [           main] .RepositoryConfigurationExtensionSupport : Spring Data MongoDB - Could not safely identify store assignment for repository candidate interface com.lollito.fm.repository.ScoutRepository; If you want this repository to be a MongoDB repository, consider annotating your entities with one of these annotations: org.springframework.data.mongodb.core.mapping.Document (preferred), or consider extending one of the following types with your repository: org.springframework.data.mongodb.repository.MongoRepository
2026-02-18T06:20:20.773Z  INFO 1843 --- [           main] .RepositoryConfigurationExtensionSupport : Spring Data MongoDB - Could not safely identify store assignment for repository candidate interface com.lollito.fm.repository.ScoutingAssignmentRepository; If you want this repository to be a MongoDB repository, consider annotating your entities with one of these annotations: org.springframework.data.mongodb.core.mapping.Document (preferred), or consider extending one of the following types with your repository: org.springframework.data.mongodb.repository.MongoRepository
2026-02-18T06:20:20.774Z  INFO 1843 --- [           main] .RepositoryConfigurationExtensionSupport : Spring Data MongoDB - Could not safely identify store assignment for repository candidate interface com.lollito.fm.repository.ScoutingReportRepository; If you want this repository to be a MongoDB repository, consider annotating your entities with one of these annotations: org.springframework.data.mongodb.core.mapping.Document (preferred), or consider extending one of the following types with your repository: org.springframework.data.mongodb.repository.MongoRepository
2026-02-18T06:20:20.774Z  INFO 1843 --- [           main] .RepositoryConfigurationExtensionSupport : Spring Data MongoDB - Could not safely identify store assignment for repository candidate interface com.lollito.fm.repository.StaffContractRepository; If you want this repository to be a MongoDB repository, consider annotating your entities with one of these annotations: org.springframework.data.mongodb.core.mapping.Document (preferred), or consider extending one of the following types with your repository: org.springframework.data.mongodb.repository.MongoRepository
2026-02-18T06:20:20.775Z  INFO 1843 --- [           main] .RepositoryConfigurationExtensionSupport : Spring Data MongoDB - Could not safely identify store assignment for repository candidate interface com.lollito.fm.repository.StaffRepository; If you want this repository to be a MongoDB repository, consider annotating your entities with one of these annotations: org.springframework.data.mongodb.core.mapping.Document (preferred), or consider extending one of the following types with your repository: org.springframework.data.mongodb.repository.MongoRepository
2026-02-18T06:20:20.775Z  INFO 1843 --- [           main] .RepositoryConfigurationExtensionSupport : Spring Data MongoDB - Could not safely identify store assignment for repository candidate interface com.lollito.fm.repository.TrainingPlanRepository; If you want this repository to be a MongoDB repository, consider annotating your entities with one of these annotations: org.springframework.data.mongodb.core.mapping.Document (preferred), or consider extending one of the following types with your repository: org.springframework.data.mongodb.repository.MongoRepository
2026-02-18T06:20:20.775Z  INFO 1843 --- [           main] .RepositoryConfigurationExtensionSupport : Spring Data MongoDB - Could not safely identify store assignment for repository candidate interface com.lollito.fm.repository.TrainingSessionRepository; If you want this repository to be a MongoDB repository, consider annotating your entities with one of these annotations: org.springframework.data.mongodb.core.mapping.Document (preferred), or consider extending one of the following types with your repository: org.springframework.data.mongodb.repository.MongoRepository
2026-02-18T06:20:20.777Z  INFO 1843 --- [           main] .RepositoryConfigurationExtensionSupport : Spring Data MongoDB - Could not safely identify store assignment for repository candidate interface com.lollito.fm.repository.UserAchievementRepository; If you want this repository to be a MongoDB repository, consider annotating your entities with one of these annotations: org.springframework.data.mongodb.core.mapping.Document (preferred), or consider extending one of the following types with your repository: org.springframework.data.mongodb.repository.MongoRepository
2026-02-18T06:20:20.777Z  INFO 1843 --- [           main] .RepositoryConfigurationExtensionSupport : Spring Data MongoDB - Could not safely identify store assignment for repository candidate interface com.lollito.fm.repository.WatchlistEntryRepository; If you want this repository to be a MongoDB repository, consider annotating your entities with one of these annotations: org.springframework.data.mongodb.core.mapping.Document (preferred), or consider extending one of the following types with your repository: org.springframework.data.mongodb.repository.MongoRepository
2026-02-18T06:20:20.778Z  INFO 1843 --- [           main] .RepositoryConfigurationExtensionSupport : Spring Data MongoDB - Could not safely identify store assignment for repository candidate interface com.lollito.fm.repository.WatchlistNotificationRepository; If you want this repository to be a MongoDB repository, consider annotating your entities with one of these annotations: org.springframework.data.mongodb.core.mapping.Document (preferred), or consider extending one of the following types with your repository: org.springframework.data.mongodb.repository.MongoRepository
2026-02-18T06:20:20.778Z  INFO 1843 --- [           main] .RepositoryConfigurationExtensionSupport : Spring Data MongoDB - Could not safely identify store assignment for repository candidate interface com.lollito.fm.repository.WatchlistRepository; If you want this repository to be a MongoDB repository, consider annotating your entities with one of these annotations: org.springframework.data.mongodb.core.mapping.Document (preferred), or consider extending one of the following types with your repository: org.springframework.data.mongodb.repository.MongoRepository
2026-02-18T06:20:20.778Z  INFO 1843 --- [           main] .RepositoryConfigurationExtensionSupport : Spring Data MongoDB - Could not safely identify store assignment for repository candidate interface com.lollito.fm.repository.WatchlistUpdateRepository; If you want this repository to be a MongoDB repository, consider annotating your entities with one of these annotations: org.springframework.data.mongodb.core.mapping.Document (preferred), or consider extending one of the following types with your repository: org.springframework.data.mongodb.repository.MongoRepository
2026-02-18T06:20:20.779Z  INFO 1843 --- [           main] .RepositoryConfigurationExtensionSupport : Spring Data MongoDB - Could not safely identify store assignment for repository candidate interface com.lollito.fm.repository.rest.AdminActionRepository; If you want this repository to be a MongoDB repository, consider annotating your entities with one of these annotations: org.springframework.data.mongodb.core.mapping.Document (preferred), or consider extending one of the following types with your repository: org.springframework.data.mongodb.repository.MongoRepository
2026-02-18T06:20:20.779Z  INFO 1843 --- [           main] .RepositoryConfigurationExtensionSupport : Spring Data MongoDB - Could not safely identify store assignment for repository candidate interface com.lollito.fm.repository.rest.ClubRepository; If you want this repository to be a MongoDB repository, consider annotating your entities with one of these annotations: org.springframework.data.mongodb.core.mapping.Document (preferred), or consider extending one of the following types with your repository: org.springframework.data.mongodb.repository.MongoRepository
2026-02-18T06:20:20.780Z  INFO 1843 --- [           main] .RepositoryConfigurationExtensionSupport : Spring Data MongoDB - Could not safely identify store assignment for repository candidate interface com.lollito.fm.repository.rest.ContractNegotiationRepository; If you want this repository to be a MongoDB repository, consider annotating your entities with one of these annotations: org.springframework.data.mongodb.core.mapping.Document (preferred), or consider extending one of the following types with your repository: org.springframework.data.mongodb.repository.MongoRepository
2026-02-18T06:20:20.780Z  INFO 1843 --- [           main] .RepositoryConfigurationExtensionSupport : Spring Data MongoDB - Could not safely identify store assignment for repository candidate interface com.lollito.fm.repository.rest.ContractRepository; If you want this repository to be a MongoDB repository, consider annotating your entities with one of these annotations: org.springframework.data.mongodb.core.mapping.Document (preferred), or consider extending one of the following types with your repository: org.springframework.data.mongodb.repository.MongoRepository
2026-02-18T06:20:20.781Z  INFO 1843 --- [           main] .RepositoryConfigurationExtensionSupport : Spring Data MongoDB - Could not safely identify store assignment for repository candidate interface com.lollito.fm.repository.rest.CountryRepository; If you want this repository to be a MongoDB repository, consider annotating your entities with one of these annotations: org.springframework.data.mongodb.core.mapping.Document (preferred), or consider extending one of the following types with your repository: org.springframework.data.mongodb.repository.MongoRepository
2026-02-18T06:20:20.781Z  INFO 1843 --- [           main] .RepositoryConfigurationExtensionSupport : Spring Data MongoDB - Could not safely identify store assignment for repository candidate interface com.lollito.fm.repository.rest.DebugActionRepository; If you want this repository to be a MongoDB repository, consider annotating your entities with one of these annotations: org.springframework.data.mongodb.core.mapping.Document (preferred), or consider extending one of the following types with your repository: org.springframework.data.mongodb.repository.MongoRepository
2026-02-18T06:20:20.781Z  INFO 1843 --- [           main] .RepositoryConfigurationExtensionSupport : Spring Data MongoDB - Could not safely identify store assignment for repository candidate interface com.lollito.fm.repository.rest.FacilityUpgradeRepository; If you want this repository to be a MongoDB repository, consider annotating your entities with one of these annotations: org.springframework.data.mongodb.core.mapping.Document (preferred), or consider extending one of the following types with your repository: org.springframework.data.mongodb.repository.MongoRepository
2026-02-18T06:20:20.782Z  INFO 1843 --- [           main] .RepositoryConfigurationExtensionSupport : Spring Data MongoDB - Could not safely identify store assignment for repository candidate interface com.lollito.fm.repository.rest.FinanceRepository; If you want this repository to be a MongoDB repository, consider annotating your entities with one of these annotations: org.springframework.data.mongodb.core.mapping.Document (preferred), or consider extending one of the following types with your repository: org.springframework.data.mongodb.repository.MongoRepository
2026-02-18T06:20:20.782Z  INFO 1843 --- [           main] .RepositoryConfigurationExtensionSupport : Spring Data MongoDB - Could not safely identify store assignment for repository candidate interface com.lollito.fm.repository.rest.FinancialReportRepository; If you want this repository to be a MongoDB repository, consider annotating your entities with one of these annotations: org.springframework.data.mongodb.core.mapping.Document (preferred), or consider extending one of the following types with your repository: org.springframework.data.mongodb.repository.MongoRepository
2026-02-18T06:20:20.783Z  INFO 1843 --- [           main] .RepositoryConfigurationExtensionSupport : Spring Data MongoDB - Could not safely identify store assignment for repository candidate interface com.lollito.fm.repository.rest.FinancialTransactionRepository; If you want this repository to be a MongoDB repository, consider annotating your entities with one of these annotations: org.springframework.data.mongodb.core.mapping.Document (preferred), or consider extending one of the following types with your repository: org.springframework.data.mongodb.repository.MongoRepository
2026-02-18T06:20:20.783Z  INFO 1843 --- [           main] .RepositoryConfigurationExtensionSupport : Spring Data MongoDB - Could not safely identify store assignment for repository candidate interface com.lollito.fm.repository.rest.FormationRepository; If you want this repository to be a MongoDB repository, consider annotating your entities with one of these annotations: org.springframework.data.mongodb.core.mapping.Document (preferred), or consider extending one of the following types with your repository: org.springframework.data.mongodb.repository.MongoRepository
2026-02-18T06:20:20.784Z  INFO 1843 --- [           main] .RepositoryConfigurationExtensionSupport : Spring Data MongoDB - Could not safely identify store assignment for repository candidate interface com.lollito.fm.repository.rest.InjuryRepository; If you want this repository to be a MongoDB repository, consider annotating your entities with one of these annotations: org.springframework.data.mongodb.core.mapping.Document (preferred), or consider extending one of the following types with your repository: org.springframework.data.mongodb.repository.MongoRepository
2026-02-18T06:20:20.784Z  INFO 1843 --- [           main] .RepositoryConfigurationExtensionSupport : Spring Data MongoDB - Could not safely identify store assignment for repository candidate interface com.lollito.fm.repository.rest.LeagueRepository; If you want this repository to be a MongoDB repository, consider annotating your entities with one of these annotations: org.springframework.data.mongodb.core.mapping.Document (preferred), or consider extending one of the following types with your repository: org.springframework.data.mongodb.repository.MongoRepository
2026-02-18T06:20:20.785Z  INFO 1843 --- [           main] .RepositoryConfigurationExtensionSupport : Spring Data MongoDB - Could not safely identify store assignment for repository candidate interface com.lollito.fm.repository.rest.LoanAgreementRepository; If you want this repository to be a MongoDB repository, consider annotating your entities with one of these annotations: org.springframework.data.mongodb.core.mapping.Document (preferred), or consider extending one of the following types with your repository: org.springframework.data.mongodb.repository.MongoRepository
2026-02-18T06:20:20.785Z  INFO 1843 --- [           main] .RepositoryConfigurationExtensionSupport : Spring Data MongoDB - Could not safely identify store assignment for repository candidate interface com.lollito.fm.repository.rest.LoanPerformanceReviewRepository; If you want this repository to be a MongoDB repository, consider annotating your entities with one of these annotations: org.springframework.data.mongodb.core.mapping.Document (preferred), or consider extending one of the following types with your repository: org.springframework.data.mongodb.repository.MongoRepository
2026-02-18T06:20:20.785Z  INFO 1843 --- [           main] .RepositoryConfigurationExtensionSupport : Spring Data MongoDB - Could not safely identify store assignment for repository candidate interface com.lollito.fm.repository.rest.LoanProposalRepository; If you want this repository to be a MongoDB repository, consider annotating your entities with one of these annotations: org.springframework.data.mongodb.core.mapping.Document (preferred), or consider extending one of the following types with your repository: org.springframework.data.mongodb.repository.MongoRepository
2026-02-18T06:20:20.786Z  INFO 1843 --- [           main] .RepositoryConfigurationExtensionSupport : Spring Data MongoDB - Could not safely identify store assignment for repository candidate interface com.lollito.fm.repository.rest.MaintenanceRecordRepository; If you want this repository to be a MongoDB repository, consider annotating your entities with one of these annotations: org.springframework.data.mongodb.core.mapping.Document (preferred), or consider extending one of the following types with your repository: org.springframework.data.mongodb.repository.MongoRepository
2026-02-18T06:20:20.786Z  INFO 1843 --- [           main] .RepositoryConfigurationExtensionSupport : Spring Data MongoDB - Could not safely identify store assignment for repository candidate interface com.lollito.fm.repository.rest.MatchEventRepository; If you want this repository to be a MongoDB repository, consider annotating your entities with one of these annotations: org.springframework.data.mongodb.core.mapping.Document (preferred), or consider extending one of the following types with your repository: org.springframework.data.mongodb.repository.MongoRepository
2026-02-18T06:20:20.787Z  INFO 1843 --- [           main] .RepositoryConfigurationExtensionSupport : Spring Data MongoDB - Could not safely identify store assignment for repository candidate interface com.lollito.fm.repository.rest.MatchRepository; If you want this repository to be a MongoDB repository, consider annotating your entities with one of these annotations: org.springframework.data.mongodb.core.mapping.Document (preferred), or consider extending one of the following types with your repository: org.springframework.data.mongodb.repository.MongoRepository
2026-02-18T06:20:20.787Z  INFO 1843 --- [           main] .RepositoryConfigurationExtensionSupport : Spring Data MongoDB - Could not safely identify store assignment for repository candidate interface com.lollito.fm.repository.rest.MedicalCenterRepository; If you want this repository to be a MongoDB repository, consider annotating your entities with one of these annotations: org.springframework.data.mongodb.core.mapping.Document (preferred), or consider extending one of the following types with your repository: org.springframework.data.mongodb.repository.MongoRepository
2026-02-18T06:20:20.788Z  INFO 1843 --- [           main] .RepositoryConfigurationExtensionSupport : Spring Data MongoDB - Could not safely identify store assignment for repository candidate interface com.lollito.fm.repository.rest.ModuleRepository; If you want this repository to be a MongoDB repository, consider annotating your entities with one of these annotations: org.springframework.data.mongodb.core.mapping.Document (preferred), or consider extending one of the following types with your repository: org.springframework.data.mongodb.repository.MongoRepository
2026-02-18T06:20:20.788Z  INFO 1843 --- [           main] .RepositoryConfigurationExtensionSupport : Spring Data MongoDB - Could not safely identify store assignment for repository candidate interface com.lollito.fm.repository.rest.NewsRepository; If you want this repository to be a MongoDB repository, consider annotating your entities with one of these annotations: org.springframework.data.mongodb.core.mapping.Document (preferred), or consider extending one of the following types with your repository: org.springframework.data.mongodb.repository.MongoRepository
2026-02-18T06:20:20.788Z  INFO 1843 --- [           main] .RepositoryConfigurationExtensionSupport : Spring Data MongoDB - Could not safely identify store assignment for repository candidate interface com.lollito.fm.repository.rest.PasswordResetRequestRepository; If you want this repository to be a MongoDB repository, consider annotating your entities with one of these annotations: org.springframework.data.mongodb.core.mapping.Document (preferred), or consider extending one of the following types with your repository: org.springframework.data.mongodb.repository.MongoRepository
2026-02-18T06:20:20.789Z  INFO 1843 --- [           main] .RepositoryConfigurationExtensionSupport : Spring Data MongoDB - Could not safely identify store assignment for repository candidate interface com.lollito.fm.repository.rest.PerformanceMetricRepository; If you want this repository to be a MongoDB repository, consider annotating your entities with one of these annotations: org.springframework.data.mongodb.core.mapping.Document (preferred), or consider extending one of the following types with your repository: org.springframework.data.mongodb.repository.MongoRepository
2026-02-18T06:20:20.789Z  INFO 1843 --- [           main] .RepositoryConfigurationExtensionSupport : Spring Data MongoDB - Could not safely identify store assignment for repository candidate interface com.lollito.fm.repository.rest.PlayerAchievementRepository; If you want this repository to be a MongoDB repository, consider annotating your entities with one of these annotations: org.springframework.data.mongodb.core.mapping.Document (preferred), or consider extending one of the following types with your repository: org.springframework.data.mongodb.repository.MongoRepository
2026-02-18T06:20:20.789Z  INFO 1843 --- [           main] .RepositoryConfigurationExtensionSupport : Spring Data MongoDB - Could not safely identify store assignment for repository candidate interface com.lollito.fm.repository.rest.PlayerCareerStatsRepository; If you want this repository to be a MongoDB repository, consider annotating your entities with one of these annotations: org.springframework.data.mongodb.core.mapping.Document (preferred), or consider extending one of the following types with your repository: org.springframework.data.mongodb.repository.MongoRepository
2026-02-18T06:20:20.790Z  INFO 1843 --- [           main] .RepositoryConfigurationExtensionSupport : Spring Data MongoDB - Could not safely identify store assignment for repository candidate interface com.lollito.fm.repository.rest.PlayerRepository; If you want this repository to be a MongoDB repository, consider annotating your entities with one of these annotations: org.springframework.data.mongodb.core.mapping.Document (preferred), or consider extending one of the following types with your repository: org.springframework.data.mongodb.repository.MongoRepository
2026-02-18T06:20:20.790Z  INFO 1843 --- [           main] .RepositoryConfigurationExtensionSupport : Spring Data MongoDB - Could not safely identify store assignment for repository candidate interface com.lollito.fm.repository.rest.PlayerSeasonStatsRepository; If you want this repository to be a MongoDB repository, consider annotating your entities with one of these annotations: org.springframework.data.mongodb.core.mapping.Document (preferred), or consider extending one of the following types with your repository: org.springframework.data.mongodb.repository.MongoRepository
2026-02-18T06:20:20.791Z  INFO 1843 --- [           main] .RepositoryConfigurationExtensionSupport : Spring Data MongoDB - Could not safely identify store assignment for repository candidate interface com.lollito.fm.repository.rest.PlayerTransferHistoryRepository; If you want this repository to be a MongoDB repository, consider annotating your entities with one of these annotations: org.springframework.data.mongodb.core.mapping.Document (preferred), or consider extending one of the following types with your repository: org.springframework.data.mongodb.repository.MongoRepository
2026-02-18T06:20:20.791Z  INFO 1843 --- [           main] .RepositoryConfigurationExtensionSupport : Spring Data MongoDB - Could not safely identify store assignment for repository candidate interface com.lollito.fm.repository.rest.RankingRepository; If you want this repository to be a MongoDB repository, consider annotating your entities with one of these annotations: org.springframework.data.mongodb.core.mapping.Document (preferred), or consider extending one of the following types with your repository: org.springframework.data.mongodb.repository.MongoRepository
2026-02-18T06:20:20.791Z  INFO 1843 --- [           main] .RepositoryConfigurationExtensionSupport : Spring Data MongoDB - Could not safely identify store assignment for repository candidate interface com.lollito.fm.repository.rest.RoleRepository; If you want this repository to be a MongoDB repository, consider annotating your entities with one of these annotations: org.springframework.data.mongodb.core.mapping.Document (preferred), or consider extending one of the following types with your repository: org.springframework.data.mongodb.repository.MongoRepository
2026-02-18T06:20:20.792Z  INFO 1843 --- [           main] .RepositoryConfigurationExtensionSupport : Spring Data MongoDB - Could not safely identify store assignment for repository candidate interface com.lollito.fm.repository.rest.RoundRepository; If you want this repository to be a MongoDB repository, consider annotating your entities with one of these annotations: org.springframework.data.mongodb.core.mapping.Document (preferred), or consider extending one of the following types with your repository: org.springframework.data.mongodb.repository.MongoRepository
2026-02-18T06:20:20.792Z  INFO 1843 --- [           main] .RepositoryConfigurationExtensionSupport : Spring Data MongoDB - Could not safely identify store assignment for repository candidate interface com.lollito.fm.repository.rest.SeasonRepository; If you want this repository to be a MongoDB repository, consider annotating your entities with one of these annotations: org.springframework.data.mongodb.core.mapping.Document (preferred), or consider extending one of the following types with your repository: org.springframework.data.mongodb.repository.MongoRepository
2026-02-18T06:20:20.793Z  INFO 1843 --- [           main] .RepositoryConfigurationExtensionSupport : Spring Data MongoDB - Could not safely identify store assignment for repository candidate interface com.lollito.fm.repository.rest.ServerRepository; If you want this repository to be a MongoDB repository, consider annotating your entities with one of these annotations: org.springframework.data.mongodb.core.mapping.Document (preferred), or consider extending one of the following types with your repository: org.springframework.data.mongodb.repository.MongoRepository
2026-02-18T06:20:20.793Z  INFO 1843 --- [           main] .RepositoryConfigurationExtensionSupport : Spring Data MongoDB - Could not safely identify store assignment for repository candidate interface com.lollito.fm.repository.rest.SponsorRepository; If you want this repository to be a MongoDB repository, consider annotating your entities with one of these annotations: org.springframework.data.mongodb.core.mapping.Document (preferred), or consider extending one of the following types with your repository: org.springframework.data.mongodb.repository.MongoRepository
2026-02-18T06:20:20.793Z  INFO 1843 --- [           main] .RepositoryConfigurationExtensionSupport : Spring Data MongoDB - Could not safely identify store assignment for repository candidate interface com.lollito.fm.repository.rest.SponsorshipDealRepository; If you want this repository to be a MongoDB repository, consider annotating your entities with one of these annotations: org.springframework.data.mongodb.core.mapping.Document (preferred), or consider extending one of the following types with your repository: org.springframework.data.mongodb.repository.MongoRepository
2026-02-18T06:20:20.794Z  INFO 1843 --- [           main] .RepositoryConfigurationExtensionSupport : Spring Data MongoDB - Could not safely identify store assignment for repository candidate interface com.lollito.fm.repository.rest.SponsorshipOfferRepository; If you want this repository to be a MongoDB repository, consider annotating your entities with one of these annotations: org.springframework.data.mongodb.core.mapping.Document (preferred), or consider extending one of the following types with your repository: org.springframework.data.mongodb.repository.MongoRepository
2026-02-18T06:20:20.794Z  INFO 1843 --- [           main] .RepositoryConfigurationExtensionSupport : Spring Data MongoDB - Could not safely identify store assignment for repository candidate interface com.lollito.fm.repository.rest.SponsorshipPaymentRepository; If you want this repository to be a MongoDB repository, consider annotating your entities with one of these annotations: org.springframework.data.mongodb.core.mapping.Document (preferred), or consider extending one of the following types with your repository: org.springframework.data.mongodb.repository.MongoRepository
2026-02-18T06:20:20.795Z  INFO 1843 --- [           main] .RepositoryConfigurationExtensionSupport : Spring Data MongoDB - Could not safely identify store assignment for repository candidate interface com.lollito.fm.repository.rest.StadiumRepository; If you want this repository to be a MongoDB repository, consider annotating your entities with one of these annotations: org.springframework.data.mongodb.core.mapping.Document (preferred), or consider extending one of the following types with your repository: org.springframework.data.mongodb.repository.MongoRepository
2026-02-18T06:20:20.795Z  INFO 1843 --- [           main] .RepositoryConfigurationExtensionSupport : Spring Data MongoDB - Could not safely identify store assignment for repository candidate interface com.lollito.fm.repository.rest.SystemConfigurationRepository; If you want this repository to be a MongoDB repository, consider annotating your entities with one of these annotations: org.springframework.data.mongodb.core.mapping.Document (preferred), or consider extending one of the following types with your repository: org.springframework.data.mongodb.repository.MongoRepository
2026-02-18T06:20:20.795Z  INFO 1843 --- [           main] .RepositoryConfigurationExtensionSupport : Spring Data MongoDB - Could not safely identify store assignment for repository candidate interface com.lollito.fm.repository.rest.SystemSnapshotRepository; If you want this repository to be a MongoDB repository, consider annotating your entities with one of these annotations: org.springframework.data.mongodb.core.mapping.Document (preferred), or consider extending one of the following types with your repository: org.springframework.data.mongodb.repository.MongoRepository
2026-02-18T06:20:20.796Z  INFO 1843 --- [           main] .RepositoryConfigurationExtensionSupport : Spring Data MongoDB - Could not safely identify store assignment for repository candidate interface com.lollito.fm.repository.rest.TeamRepository; If you want this repository to be a MongoDB repository, consider annotating your entities with one of these annotations: org.springframework.data.mongodb.core.mapping.Document (preferred), or consider extending one of the following types with your repository: org.springframework.data.mongodb.repository.MongoRepository
2026-02-18T06:20:20.796Z  INFO 1843 --- [           main] .RepositoryConfigurationExtensionSupport : Spring Data MongoDB - Could not safely identify store assignment for repository candidate interface com.lollito.fm.repository.rest.TestExecutionRepository; If you want this repository to be a MongoDB repository, consider annotating your entities with one of these annotations: org.springframework.data.mongodb.core.mapping.Document (preferred), or consider extending one of the following types with your repository: org.springframework.data.mongodb.repository.MongoRepository
2026-02-18T06:20:20.797Z  INFO 1843 --- [           main] .RepositoryConfigurationExtensionSupport : Spring Data MongoDB - Could not safely identify store assignment for repository candidate interface com.lollito.fm.repository.rest.TestScenarioRepository; If you want this repository to be a MongoDB repository, consider annotating your entities with one of these annotations: org.springframework.data.mongodb.core.mapping.Document (preferred), or consider extending one of the following types with your repository: org.springframework.data.mongodb.repository.MongoRepository
2026-02-18T06:20:20.797Z  INFO 1843 --- [           main] .RepositoryConfigurationExtensionSupport : Spring Data MongoDB - Could not safely identify store assignment for repository candidate interface com.lollito.fm.repository.rest.TrainingFacilityRepository; If you want this repository to be a MongoDB repository, consider annotating your entities with one of these annotations: org.springframework.data.mongodb.core.mapping.Document (preferred), or consider extending one of the following types with your repository: org.springframework.data.mongodb.repository.MongoRepository
2026-02-18T06:20:20.797Z  INFO 1843 --- [           main] .RepositoryConfigurationExtensionSupport : Spring Data MongoDB - Could not safely identify store assignment for repository candidate interface com.lollito.fm.repository.rest.UserActivityRepository; If you want this repository to be a MongoDB repository, consider annotating your entities with one of these annotations: org.springframework.data.mongodb.core.mapping.Document (preferred), or consider extending one of the following types with your repository: org.springframework.data.mongodb.repository.MongoRepository
2026-02-18T06:20:20.798Z  INFO 1843 --- [           main] .RepositoryConfigurationExtensionSupport : Spring Data MongoDB - Could not safely identify store assignment for repository candidate interface com.lollito.fm.repository.rest.UserNotificationRepository; If you want this repository to be a MongoDB repository, consider annotating your entities with one of these annotations: org.springframework.data.mongodb.core.mapping.Document (preferred), or consider extending one of the following types with your repository: org.springframework.data.mongodb.repository.MongoRepository
2026-02-18T06:20:20.798Z  INFO 1843 --- [           main] .RepositoryConfigurationExtensionSupport : Spring Data MongoDB - Could not safely identify store assignment for repository candidate interface com.lollito.fm.repository.rest.UserRepository; If you want this repository to be a MongoDB repository, consider annotating your entities with one of these annotations: org.springframework.data.mongodb.core.mapping.Document (preferred), or consider extending one of the following types with your repository: org.springframework.data.mongodb.repository.MongoRepository
2026-02-18T06:20:20.799Z  INFO 1843 --- [           main] .RepositoryConfigurationExtensionSupport : Spring Data MongoDB - Could not safely identify store assignment for repository candidate interface com.lollito.fm.repository.rest.UserSessionRepository; If you want this repository to be a MongoDB repository, consider annotating your entities with one of these annotations: org.springframework.data.mongodb.core.mapping.Document (preferred), or consider extending one of the following types with your repository: org.springframework.data.mongodb.repository.MongoRepository
2026-02-18T06:20:20.799Z  INFO 1843 --- [           main] .RepositoryConfigurationExtensionSupport : Spring Data MongoDB - Could not safely identify store assignment for repository candidate interface com.lollito.fm.repository.rest.YouthAcademyRepository; If you want this repository to be a MongoDB repository, consider annotating your entities with one of these annotations: org.springframework.data.mongodb.core.mapping.Document (preferred), or consider extending one of the following types with your repository: org.springframework.data.mongodb.repository.MongoRepository
2026-02-18T06:20:20.799Z  INFO 1843 --- [           main] .RepositoryConfigurationExtensionSupport : Spring Data MongoDB - Could not safely identify store assignment for repository candidate interface com.lollito.fm.repository.rest.YouthCandidateRepository; If you want this repository to be a MongoDB repository, consider annotating your entities with one of these annotations: org.springframework.data.mongodb.core.mapping.Document (preferred), or consider extending one of the following types with your repository: org.springframework.data.mongodb.repository.MongoRepository
2026-02-18T06:20:20.813Z  INFO 1843 --- [           main] .s.d.r.c.RepositoryConfigurationDelegate : Finished Spring Data repository scanning in 62 ms. Found 1 MongoDB repository interface.
2026-02-18T06:20:22.008Z  WARN 1843 --- [           main] trationDelegate$BeanPostProcessorChecker : Bean 'de.flapdoodle.embed.mongo.spring.autoconfigure.EmbeddedMongoAutoConfiguration' of type [de.flapdoodle.embed.mongo.spring.autoconfigure.EmbeddedMongoAutoConfiguration] is not eligible for getting processed by all BeanPostProcessors (for example: not eligible for auto-proxying). The currently created BeanPostProcessor [setHostAndPortToMongoProperties] is declared through a non-static factory method on that class; consider declaring it as static instead.
2026-02-18T06:20:22.041Z  WARN 1843 --- [           main] trationDelegate$BeanPostProcessorChecker : Bean 'de.flapdoodle.mongodb.embedded-de.flapdoodle.embed.mongo.spring.autoconfigure.EmbeddedMongoProperties' of type [de.flapdoodle.embed.mongo.spring.autoconfigure.EmbeddedMongoProperties] is not eligible for getting processed by all BeanPostProcessors (for example: not eligible for auto-proxying). Is this bean getting eagerly injected/applied to a currently created BeanPostProcessor [fixTransactionAndAuth]? Check the corresponding BeanPostProcessor declaration and its dependencies/advisors. If this bean does not have to be post-processed, declare it with ROLE_INFRASTRUCTURE.
2026-02-18T06:20:22.049Z  WARN 1843 --- [           main] trationDelegate$BeanPostProcessorChecker : Bean 'spring.data.mongodb-org.springframework.boot.autoconfigure.mongo.MongoProperties' of type [org.springframework.boot.autoconfigure.mongo.MongoProperties] is not eligible for getting processed by all BeanPostProcessors (for example: not eligible for auto-proxying). Is this bean getting eagerly injected/applied to a currently created BeanPostProcessor [fixTransactionAndAuth]? Check the corresponding BeanPostProcessor declaration and its dependencies/advisors. If this bean does not have to be post-processed, declare it with ROLE_INFRASTRUCTURE.
2026-02-18T06:20:22.376Z  INFO 1843 --- [           main] o.hibernate.jpa.internal.util.LogHelper  : HHH000204: Processing PersistenceUnitInfo [name: default]
2026-02-18T06:20:22.482Z  INFO 1843 --- [           main] org.hibernate.Version                    : HHH000412: Hibernate ORM core version 6.6.41.Final
2026-02-18T06:20:22.549Z  INFO 1843 --- [           main] o.h.c.internal.RegionFactoryInitiator    : HHH000026: Second-level cache disabled
2026-02-18T06:20:23.196Z  INFO 1843 --- [           main] o.s.o.j.p.SpringPersistenceUnitInfo      : No LoadTimeWeaver setup: ignoring JPA class transformer
2026-02-18T06:20:23.271Z  INFO 1843 --- [           main] com.zaxxer.hikari.HikariDataSource       : HikariPool-1 - Starting...
2026-02-18T06:20:23.987Z  INFO 1843 --- [           main] com.zaxxer.hikari.pool.HikariPool        : HikariPool-1 - Added connection conn0: url=jdbc:h2:mem:testdb user=SA
2026-02-18T06:20:23.993Z  INFO 1843 --- [           main] com.zaxxer.hikari.HikariDataSource       : HikariPool-1 - Start completed.
2026-02-18T06:20:24.057Z  WARN 1843 --- [           main] org.hibernate.orm.deprecation            : HHH90000025: H2Dialect does not need to be specified explicitly using 'hibernate.dialect' (remove the property setting and it will be selected by default)
2026-02-18T06:20:24.105Z  INFO 1843 --- [           main] org.hibernate.orm.connections.pooling    : HHH10001005: Database info:
	Database JDBC URL [Connecting through datasource 'HikariDataSource (HikariPool-1)']
	Database driver: undefined/unknown
	Database version: 2.3.232
	Autocommit mode: undefined/unknown
	Isolation level: undefined/unknown
	Minimum pool size: undefined/unknown
	Maximum pool size: undefined/unknown
2026-02-18T06:20:29.152Z  INFO 1843 --- [           main] o.h.e.t.j.p.i.JtaPlatformInitiator       : HHH000489: No JTA platform available (set 'hibernate.transaction.jta.platform' to enable JTA platform integration)
Hibernate: drop table if exists "role" cascade
Hibernate: drop table if exists "sponsor_available_types" cascade
Hibernate: drop table if exists "system_snapshot_scopes" cascade
Hibernate: drop table if exists "admin_action" cascade
Hibernate: drop table if exists "club" cascade
Hibernate: drop table if exists "contract" cascade
Hibernate: drop table if exists "contract_clause" cascade
Hibernate: drop table if exists "contract_negotiation" cascade
Hibernate: drop table if exists "country" cascade
Hibernate: drop table if exists "debug_action" cascade
Hibernate: drop table if exists "event_history" cascade
Hibernate: drop table if exists "facility_upgrade" cascade
Hibernate: drop table if exists "finance" cascade
Hibernate: drop table if exists "financial_report" cascade
Hibernate: drop table if exists "financial_transaction" cascade
Hibernate: drop table if exists "formation" cascade
Hibernate: drop table if exists "formation_player" cascade
Hibernate: drop table if exists "formation_substitutes" cascade
Hibernate: drop table if exists "goalscorer" cascade
Hibernate: drop table if exists "injury" cascade
Hibernate: drop table if exists "league" cascade
Hibernate: drop table if exists "loan_agreement" cascade
Hibernate: drop table if exists "loan_performance_review" cascade
Hibernate: drop table if exists "loan_proposal" cascade
Hibernate: drop table if exists "maintenance_record" cascade
Hibernate: drop table if exists "manager_profile" cascade
Hibernate: drop table if exists "manager_unlocked_perks" cascade
Hibernate: drop table if exists "match_event" cascade
Hibernate: drop table if exists "match_player_stats" cascade
Hibernate: drop table if exists "matchh" cascade
Hibernate: drop table if exists "medical_center" cascade
Hibernate: drop table if exists "module" cascade
Hibernate: drop table if exists "negotiation_offer" cascade
Hibernate: drop table if exists "news" cascade
Hibernate: drop table if exists "offer" cascade
Hibernate: drop table if exists "password_reset_request" cascade
Hibernate: drop table if exists "performance_bonus" cascade
Hibernate: drop table if exists "performance_metric" cascade
Hibernate: drop table if exists "player" cascade
Hibernate: drop table if exists "player_achievement" cascade
Hibernate: drop table if exists "player_career_stats" cascade
Hibernate: drop table if exists "player_scouting_status" cascade
Hibernate: drop table if exists "player_season_stats" cascade
Hibernate: drop table if exists "player_training_focus" cascade
Hibernate: drop table if exists "player_training_result" cascade
Hibernate: drop table if exists "player_transfer_history" cascade
Hibernate: drop table if exists "quest" cascade
Hibernate: drop table if exists "ranking" cascade
Hibernate: drop table if exists "round" cascade
Hibernate: drop table if exists "scout" cascade
Hibernate: drop table if exists "scouting_assignment" cascade
Hibernate: drop table if exists "scouting_report" cascade
Hibernate: drop table if exists "season" cascade
Hibernate: drop table if exists "server" cascade
Hibernate: drop table if exists "sponsor" cascade
Hibernate: drop table if exists "sponsorship" cascade
Hibernate: drop table if exists "sponsorship_bonus" cascade
Hibernate: drop table if exists "sponsorship_deal" cascade
Hibernate: drop table if exists "sponsorship_offer" cascade
Hibernate: drop table if exists "sponsorship_payment" cascade
Hibernate: drop table if exists "stadium" cascade
Hibernate: drop table if exists "staff" cascade
Hibernate: drop table if exists "staff_contract" cascade
Hibernate: drop table if exists "stats" cascade
Hibernate: drop table if exists "system_configuration" cascade
Hibernate: drop table if exists "system_snapshot" cascade
Hibernate: drop table if exists "team" cascade
Hibernate: drop table if exists "test_execution" cascade
Hibernate: drop table if exists "test_scenario" cascade
Hibernate: drop table if exists "training_facility" cascade
Hibernate: drop table if exists "training_plan" cascade
Hibernate: drop table if exists "training_session" cascade
Hibernate: drop table if exists "user" cascade
Hibernate: drop table if exists "user_achievement" cascade
Hibernate: drop table if exists "user_activity" cascade
Hibernate: drop table if exists "user_notification" cascade
Hibernate: drop table if exists "user_roles" cascade
Hibernate: drop table if exists "user_session" cascade
Hibernate: drop table if exists "watchlist" cascade
Hibernate: drop table if exists "watchlist_entry" cascade
Hibernate: drop table if exists "watchlist_notification" cascade
Hibernate: drop table if exists "watchlist_update" cascade
Hibernate: drop table if exists "youth_academy" cascade
Hibernate: drop table if exists "youth_candidate" cascade
Hibernate: create table "role" ("id" bigint generated by default as identity, "name" varchar(255), primary key ("id"))
Hibernate: create table "sponsor_available_types" ("sponsor_id" bigint not null, "available_types" enum ('GENERAL','SHIRT','STADIUM','TRAINING_GROUND'))
Hibernate: create table "system_snapshot_scopes" ("system_snapshot_id" bigint not null, "scopes" enum ('CONFIGURATION','FINANCIAL_DATA','FULL_SYSTEM','GAME_DATA','MATCH_DATA','USER_DATA'))
Hibernate: create table "admin_action" ("action_timestamp" timestamp(6), "admin_user_id" bigint, "entity_id" bigint, "id" bigint generated by default as identity, "action_description" varchar(255), "entity_name" varchar(255), "entity_type" varchar(255), "failure_reason" varchar(255), "ip_address" varchar(255), "new_values" varchar(255), "notes" varchar(255), "old_values" varchar(255), "user_agent" varchar(255), "action_type" enum ('ACTIVATE','BULK_UPDATE','CREATE','DEACTIVATE','DELETE','EXPORT','IMPORT','RESET','UPDATE'), "status" enum ('FAILED','PENDING','SUCCESS'), primary key ("id"))
Hibernate: create table "club" ("foundation" date, "finance_id" bigint unique, "id" bigint generated by default as identity, "league_id" bigint, "medical_center_id" bigint unique, "stadium_id" bigint unique, "team_id" bigint unique, "training_facility_id" bigint unique, "under18_id" bigint unique, "youth_academy_id" bigint unique, "city" varchar(255), "logourl" varchar(255), "name" varchar(255), primary key ("id"))
Hibernate: create table "contract" ("automatic_extension_years" integer, "end_date" date, "has_release_clause" boolean, "loyalty_bonus" numeric(38,2), "negotiation_attempts" integer, "release_clause" numeric(38,2), "signing_bonus" numeric(38,2), "start_date" date, "weekly_salary" numeric(38,2), "club_id" bigint, "id" bigint generated by default as identity, "last_negotiation_date" timestamp(6), "player_id" bigint, "automatic_extension_conditions" varchar(255), "status" enum ('ACTIVE','EXPIRED','NEGOTIATING','TERMINATED'), primary key ("id"))
Hibernate: create table "contract_clause" ("is_active" boolean, "value" numeric(38,2), "contract_id" bigint, "id" bigint generated by default as identity, "conditions" varchar(255), "description" varchar(255), "type" enum ('APPEARANCE_BONUS','CHAMPIONS_LEAGUE_CLAUSE','CLEAN_SHEET_BONUS','GOAL_BONUS','IMAGE_RIGHTS','LOYALTY_BONUS','PROMOTION_CLAUSE','RELEASE_CLAUSE','RELEGATION_CLAUSE','TERMINATION_CLAUSE'), primary key ("id"))
Hibernate: create table "contract_negotiation" ("demanded_contract_years" integer, "demanded_loyalty_bonus" numeric(38,2), "demanded_release_clause" numeric(38,2), "demanded_signing_bonus" numeric(38,2), "demanded_weekly_salary" numeric(38,2), "offered_contract_years" integer, "offered_loyalty_bonus" numeric(38,2), "offered_release_clause" numeric(38,2), "offered_signing_bonus" numeric(38,2), "offered_weekly_salary" numeric(38,2), "rounds_of_negotiation" integer, "club_id" bigint, "current_contract_id" bigint, "expiry_date" timestamp(6), "id" bigint generated by default as identity, "last_offer_date" timestamp(6), "player_id" bigint, "start_date" timestamp(6), "rejection_reason" varchar(255), "status" enum ('ACCEPTED','EXPIRED','IN_PROGRESS','PENDING','REJECTED'), "type" enum ('NEW_CONTRACT','RENEGOTIATION','RENEWAL'), primary key ("id"))
Hibernate: create table "country" ("create_league" char(1) check ("create_league" in ('N','Y')), "id" bigint generated by default as identity, "flag_url" varchar(255), "name" varchar(255), primary key ("id"))
Hibernate: create table "debug_action" ("entities_affected" integer, "is_reversible" boolean, "admin_user_id" bigint, "completed_at" timestamp(6), "executed_at" timestamp(6), "execution_time_ms" bigint, "id" bigint generated by default as identity, "target_entity_id" bigint, "action_parameters" varchar(4000), "error_message" varchar(4000), "result" varchar(4000), "stack_trace" varchar(4000), "action_description" varchar(255), "action_name" varchar(255), "impact_summary" varchar(255), "reversal_instructions" varchar(255), "target_entity_name" varchar(255), "target_entity_type" varchar(255), "action_type" enum ('ADJUST_FINANCES','ADVANCE_SEASON','DATABASE_OPERATION','FORCE_TRANSFERS','GENERATE_DATA','MODIFY_PLAYER_STATS','RESET_LEAGUE','SIMULATE_MATCHES','SYSTEM_MAINTENANCE'), "status" enum ('CANCELLED','COMPLETED','EXECUTING','FAILED','PENDING'), primary key ("id"))
Hibernate: create table "event_history" ("away_score" integer, "home_score" integer, "minute" integer, "type" tinyint check ("type" between 0 and 9), "id" bigint generated by default as identity, "match_id" bigint, "event" varchar(255), "uuid" varchar(255), primary key ("id"))
Hibernate: create table "facility_upgrade" ("completion_date" date, "cost" numeric(38,2), "duration_days" integer, "maintenance_cost_increase" float(53), "planned_completion_date" date, "quality_improvement" integer, "required_quality_level" integer, "start_date" date, "club_id" bigint, "facility_id" bigint, "id" bigint generated by default as identity, "bonus_effects" varchar(255), "contractor_name" varchar(255), "description" varchar(255), "notes" varchar(255), "required_upgrades" varchar(255), "upgrade_name" varchar(255), "facility_type" enum ('MEDICAL_CENTER','STADIUM','TRAINING_FACILITY','YOUTH_ACADEMY'), "status" enum ('CANCELLED','COMPLETED','DELAYED','IN_PROGRESS','PLANNED'), "upgrade_type" enum ('CAPACITY_EXPANSION','CONSTRUCTION','FEATURE_ADDITION','QUALITY_IMPROVEMENT','SAFETY_UPGRADE','TECHNOLOGY_UPGRADE'), primary key ("id"))
Hibernate: create table "finance" ("balance" numeric(38,2), "debt" numeric(38,2), "facility_maintenance" numeric(38,2), "last_updated" date, "loan_interest" numeric(38,2), "matchday_revenue" numeric(38,2), "merchandise_revenue" numeric(38,2), "monthly_budget" numeric(38,2), "net_worth" numeric(38,2), "operational_costs" numeric(38,2), "player_salaries" numeric(38,2), "prize_money_revenue" numeric(38,2), "profit_margin" float(53), "season_budget" numeric(38,2), "sponsorship_revenue" numeric(38,2), "staff_salaries" numeric(38,2), "total_expenses" numeric(38,2), "total_revenue" numeric(38,2), "transfer_expenses" numeric(38,2), "transfer_revenue" numeric(38,2), "tv_rights_revenue" numeric(38,2), "id" bigint generated by default as identity, primary key ("id"))
Hibernate: create table "financial_report" ("cash_flow" numeric(38,2), "generated_date" date, "net_profit" numeric(38,2), "report_period_end" date, "report_period_start" date, "total_expenses" numeric(38,2), "total_income" numeric(38,2), "finance_id" bigint, "id" bigint generated by default as identity, "comparison_data" varchar(4000), "expense_breakdown" varchar(4000), "income_breakdown" varchar(4000), "recommendations" varchar(4000), "report_summary" varchar(4000), "report_type" enum ('ANNUAL','MONTHLY','QUARTERLY','SEASON'), primary key ("id"))
Hibernate: create table "financial_transaction" ("amount" numeric(38,2), "effective_date" date, "is_recurring" boolean, "recurring_months" integer, "finance_id" bigint, "id" bigint generated by default as identity, "season_id" bigint, "transaction_date" timestamp(6), "description" varchar(255), "notes" varchar(255), "reference" varchar(255), "category" enum ('FACILITY_MAINTENANCE','INSURANCE','LOAN_INCOME','LOAN_PAYMENTS','MATCHDAY_REVENUE','MERCHANDISE','OPERATIONAL_COSTS','PLAYER_SALARIES','PRIZE_MONEY','QUEST_REWARD','SIGNING_BONUS','SPONSORSHIP','STAFF_SALARIES','SYSTEM_ACTION','TAXES','TRANSFER_FEES','TRANSFER_INCOME','TV_RIGHTS'), "status" enum ('CANCELLED','COMPLETED','PENDING'), "type" enum ('EXPENSE','INCOME'), primary key ("id"))
Hibernate: create table "formation" ("have_ball" char(1) check ("have_ball" in ('N','Y')), "mentality" tinyint check ("mentality" between 0 and 2), "substitution_strategy" tinyint check ("substitution_strategy" between 0 and 3), "id" bigint generated by default as identity, "module_id" bigint, primary key ("id"))
Hibernate: create table "formation_player" ("idx" integer not null, "formation_id" bigint not null, "player_id" bigint not null, primary key ("idx", "formation_id"))
Hibernate: create table "formation_substitutes" ("formation_id" bigint not null, "player_id" bigint not null)
Hibernate: create table "goalscorer" ("number" integer, "id" bigint generated by default as identity, "player_id" bigint, primary key ("id"))
Hibernate: create table "injury" ("actual_recovery_date" date, "expected_recovery_date" date, "injury_date" date, "performance_impact" float(53), "id" bigint generated by default as identity, "player_id" bigint, "description" varchar(255), "severity" enum ('MAJOR','MINOR','MODERATE','SEVERE'), "status" enum ('ACTIVE','HEALED','RECOVERING'), "type" enum ('BONE_FRACTURE','BRUISE','CONCUSSION','FATIGUE','LIGAMENT_DAMAGE','MUSCLE_STRAIN','OVERUSE'), primary key ("id"))
Hibernate: create table "league" ("euro_cup" integer, "promotion" integer, "relegation" integer, "country_id" bigint, "id" bigint generated by default as identity, "minor_league_id" bigint unique, "season_id" bigint unique, "server_id" bigint, "name" varchar(255), primary key ("id"))
Hibernate: create table "loan_agreement" ("actual_appearances" integer, "development_targets_met" boolean, "earliest_recall_date" date, "end_date" date, "has_obligation_to_buy" boolean, "has_option_to_buy" boolean, "has_recall_clause" boolean, "loan_club_salary_share" float(53), "loan_fee" numeric(38,2), "minimum_appearances" integer, "option_to_buy_price" numeric(38,2), "parent_club_salary_share" float(53), "start_date" date, "agreement_date" timestamp(6), "id" bigint generated by default as identity, "loan_club_id" bigint, "parent_club_id" bigint, "player_id" bigint, "development_targets" varchar(255), "loan_reason" varchar(255), "obligation_conditions" varchar(255), "special_conditions" varchar(255), "status" enum ('ACTIVE','COMPLETED','PROPOSED','RECALLED','TERMINATED'), primary key ("id"))
Hibernate: create table "loan_performance_review" ("assists" integer, "average_rating" float(53), "goals" integer, "matches_played" integer, "red_cards" integer, "review_date" date, "skill_improvement" float(53), "targets_met" boolean, "yellow_cards" integer, "id" bigint generated by default as identity, "loan_agreement_id" bigint, "development_notes" varchar(255), "loan_club_feedback" varchar(255), "parent_club_feedback" varchar(255), "review_notes" varchar(255), "period" enum ('END_SEASON','MID_SEASON','MONTHLY','QUARTERLY'), "recommendation" enum ('CONTINUE','EXTEND','PURCHASE','RECALL'), primary key ("id"))
Hibernate: create table "loan_proposal" ("proposed_end_date" date, "proposed_loan_fee" numeric(38,2), "proposed_option_price" numeric(38,2), "proposed_option_to_buy" boolean, "proposed_recall_clause" boolean, "proposed_salary_share" float(53), "proposed_start_date" date, "expiry_date" timestamp(6), "id" bigint generated by default as identity, "player_id" bigint, "proposal_date" timestamp(6), "proposing_club_id" bigint, "response_date" timestamp(6), "target_club_id" bigint, "proposal_message" varchar(255), "rejection_reason" varchar(255), "status" enum ('ACCEPTED','EXPIRED','PENDING','REJECTED','WITHDRAWN'), primary key ("id"))
Hibernate: create table "maintenance_record" ("completed_date" date, "cost" numeric(38,2), "is_emergency_maintenance" boolean, "quality_restored" integer, "scheduled_date" date, "club_id" bigint, "facility_id" bigint, "id" bigint generated by default as identity, "contractor_name" varchar(255), "description" varchar(255), "issues_found" varchar(255), "work_performed" varchar(255), "facility_type" enum ('MEDICAL_CENTER','STADIUM','TRAINING_FACILITY','YOUTH_ACADEMY'), "maintenance_type" enum ('CORRECTIVE','EMERGENCY','PREVENTIVE','ROUTINE','SEASONAL'), "status" enum ('CANCELLED','COMPLETED','IN_PROGRESS','SCHEDULED'), primary key ("id"))
Hibernate: create table "manager_profile" ("level" integer, "talent_points" integer, "current_xp" bigint, "id" bigint generated by default as identity, "user_id" bigint unique, primary key ("id"))
Hibernate: create table "manager_unlocked_perks" ("manager_profile_id" bigint not null, "perk" enum ('FORTRESS','GLOBAL_NETWORK','HAWK_EYE','INVESTOR','MARKETING_GURU','MOTIVATOR','NEGOTIATOR','PERSUADER','VIDEO_ANALYST'))
Hibernate: create table "match_event" ("additional_time" integer, "away_score" integer, "home_score" integer, "is_key_event" boolean, "minute" integer, "assist_player_id" bigint, "event_time" timestamp(6), "id" bigint generated by default as identity, "match_id" bigint, "player_id" bigint, "substitute_in_id" bigint, "substitute_out_id" bigint, "team_id" bigint, "description" varchar(255), "detailed_description" varchar(255), "event_data" varchar(255), "session_id" varchar(255), "card_type" enum ('RED','SECOND_YELLOW','YELLOW'), "event_type" enum ('ASSIST','CORNER','FOUL','FREE_KICK','FULL_TIME','GOAL','HALF_TIME','INJURY','KICK_OFF','OFFSIDE','PENALTY','POSSESSION_CHANGE','RED_CARD','SAVE','SHOT_OFF_TARGET','SHOT_ON_TARGET','SUBSTITUTION','TACTICAL_CHANGE','YELLOW_CARD'), "severity" enum ('CRITICAL','MAJOR','MINOR','NORMAL'), primary key ("id"))
Hibernate: create table "match_player_stats" ("assists" integer, "completed_passes" integer, "goals" integer, "goals_conceded" integer, "minutes_played" integer, "mvp" boolean, "passes" integer, "penalties_saved" integer, "rating" float(53), "red_cards" integer, "saves" integer, "shots" integer, "shots_on_target" integer, "started" boolean not null, "tackles" integer, "yellow_cards" integer, "id" bigint generated by default as identity, "match_id" bigint, "player_id" bigint, "position" varchar(255), primary key ("id"))
Hibernate: create table "matchh" ("away_score" integer, "finish" char(1) check ("finish" in ('N','Y')), "home_score" integer, "last" char(1) check ("last" in ('N','Y')), "spectators" integer, "away_formation_id" bigint unique, "away_id" bigint, "date" timestamp(6), "home_formation_id" bigint unique, "home_id" bigint, "id" bigint generated by default as identity, "match_id" bigint, "round_id" bigint, "status" enum ('COMPLETED','FAILED','IN_PROGRESS','LIVE','SCHEDULED'), primary key ("id"))
Hibernate: create table "medical_center" ("construction_cost" numeric(38,2), "diagnostic_equipment" integer, "fitness_maintenance_bonus" float(53), "has_cryotherapy" boolean, "has_hyperbaric_chamber" boolean, "has_mri_scanner" boolean, "has_physiotherapy" boolean, "has_sports_science" boolean, "injury_prevention_bonus" float(53), "last_upgrade_date" date, "maintenance_cost" numeric(38,2), "next_maintenance_date" date, "number_of_doctors" integer, "number_of_physiotherapists" integer, "number_of_sports_scientists" integer, "overall_quality" integer, "preventive_care_level" integer, "recovery_speed_bonus" float(53), "rehabilitation_facilities" integer, "surgical_capabilities" integer, "upgrade_value" numeric(38,2), "id" bigint generated by default as identity, "name" varchar(255), primary key ("id"))
Hibernate: create table "module" ("cd" integer, "fw" integer, "mf" integer, "wb" integer, "wng" integer, "id" bigint generated by default as identity, "name" varchar(255), primary key ("id"))
Hibernate: create table "negotiation_offer" ("contract_years" integer, "loyalty_bonus" numeric(38,2), "release_clause" numeric(38,2), "signing_bonus" numeric(38,2), "weekly_salary" numeric(38,2), "id" bigint generated by default as identity, "negotiation_id" bigint, "offer_date" timestamp(6), "notes" varchar(255), "offer_side" enum ('CLUB','PLAYER'), "status" enum ('ACCEPTED','COUNTERED','EXPIRED','NEGOTIATING','PENDING','REJECTED'), primary key ("id"))
Hibernate: create table "news" ("date" timestamp(6), "id" bigint generated by default as identity, "text" varchar(255), primary key ("id"))
Hibernate: create table "offer" ("value" numeric(38,2), "club_id" bigint, "date" timestamp(6), "expiration_date" timestamp(6), "id" bigint generated by default as identity, "user_from_id" bigint, "user_to_id" bigint, primary key ("id"))
Hibernate: create table "password_reset_request" ("email_sent" boolean, "email_sent_at" timestamp(6), "id" bigint generated by default as identity, "requested_at" timestamp(6), "token_expiry" timestamp(6), "used_at" timestamp(6), "user_id" bigint, "email_address" varchar(255), "request_ip_address" varchar(255), "request_user_agent" varchar(255), "reset_token" varchar(255), "used_ip_address" varchar(255), "status" enum ('CANCELLED','EXPIRED','PENDING','USED'), primary key ("id"))
Hibernate: create table "performance_bonus" ("achieved_date" date, "bonus_amount" numeric(38,2), "is_achieved" boolean, "target_value" integer, "contract_id" bigint, "id" bigint generated by default as identity, "description" varchar(255), "trigger_condition" varchar(255), "type" enum ('APPEARANCES','ASSISTS','ATTENDANCE','CLEAN_SHEETS','CUP_PROGRESS','GOALS','GOALS_SCORED','INDIVIDUAL_AWARD','LEAGUE_POSITION','REPUTATION','TEAM_POSITION'), primary key ("id"))
Hibernate: create table "performance_metric" ("metric_value" float(53), "id" bigint generated by default as identity, "period_end" timestamp(6), "period_start" timestamp(6), "recorded_at" timestamp(6), "metric_metadata" varchar(4000), "metric_category" varchar(255), "metric_name" varchar(255), "metric_unit" varchar(255), "notes" varchar(255), "metric_type" enum ('ACTIVE_SESSIONS','CPU_USAGE','DATABASE_QUERY_TIME','ERROR_RATE','MATCH_SIMULATION_TIME','MEMORY_USAGE','RESPONSE_TIME','THROUGHPUT'), "severity" enum ('CRITICAL','NORMAL','WARNING'), primary key ("id"))
Hibernate: create table "player" ("birth" date, "cndtion" float(53), "defending" float(53), "goalkeeping" float(53), "moral" float(53), "on_sale" boolean, "passing" float(53), "playmaking" float(53), "potential" float(53), "preferred_foot" tinyint check ("preferred_foot" between 0 and 1), "role" tinyint check ("role" between 0 and 5), "salary" numeric(38,2), "scoring" float(53), "set_pieces" float(53), "stamina" float(53), "winger" float(53), "id" bigint generated by default as identity, "original_team_id" bigint, "team_id" bigint, "name" varchar(255), "surname" varchar(255), primary key ("id"))
Hibernate: create table "player_achievement" ("date_achieved" date, "club_id" bigint, "id" bigint generated by default as identity, "player_id" bigint, "season_id" bigint, "additional_data" varchar(255), "description" varchar(255), "title" varchar(255), "type" enum ('INDIVIDUAL_AWARD','MILESTONE','PERFORMANCE','RECORD','TEAM_SUCCESS'), primary key ("id"))
Hibernate: create table "player_career_stats" ("clubs_played" integer, "cup_titles" integer, "first_goal" date, "first_professional_match" date, "highest_season_rating" float(53), "highest_transfer_value" numeric(38,2), "international_caps" integer, "international_goals" integer, "league_titles" integer, "longest_goal_streak" integer, "milestone100goals" date, "milestone100matches" date, "most_assists_in_season" integer, "most_goals_in_season" integer, "total_assists" integer, "total_clean_sheets" integer, "total_goals" integer, "total_matches_played" integer, "total_red_cards" integer, "total_transfer_value" numeric(38,2), "total_yellow_cards" integer, "id" bigint generated by default as identity, "player_id" bigint unique, primary key ("id"))
Hibernate: create table "player_scouting_status" ("first_scouted_date" date, "knowledge_accuracy" float(53), "known_defending" float(53), "known_goalkeeping" float(53), "known_passing" float(53), "known_playmaking" float(53), "known_scoring" float(53), "known_set_pieces" float(53), "known_stamina" float(53), "known_winger" float(53), "last_scouted_date" date, "times_scouted_this_season" integer, "club_id" bigint, "id" bigint generated by default as identity, "player_id" bigint, "scouting_level" enum ('BASIC','COMPREHENSIVE','DETAILED','UNKNOWN'), primary key ("id"))
Hibernate: create table "player_season_stats" ("assists" integer, "average_condition" float(53), "average_morale" float(53), "average_rating" float(53), "clean_sheets" integer, "fouls_committed" integer, "fouls_received" integer, "goals" integer, "goals_conceded" integer, "highest_rating" float(53), "injury_count" integer, "injury_days" integer, "interceptions" integer, "lowest_rating" float(53), "man_of_the_match_awards" integer, "matches_played" integer, "matches_started" integer, "minutes_played" integer, "passes" integer, "passes_completed" integer, "penalties_saved" integer, "red_cards" integer, "saves" integer, "shots" integer, "shots_on_target" integer, "substitutions_in" integer, "substitutions_out" integer, "tackles" integer, "yellow_cards" integer, "club_id" bigint, "id" bigint generated by default as identity, "league_id" bigint, "player_id" bigint, "season_id" bigint, primary key ("id"))
Hibernate: create table "player_training_focus" ("end_date" date not null, "start_date" date not null, "id" bigint generated by default as identity, "player_id" bigint not null, "focus" enum ('DEFENDING','GOALKEEPING','PASSING','PLAYMAKING','SCORING','SET_PIECES','STAMINA','WINGER') not null, "intensity" enum ('INTENSIVE','LIGHT','MODERATE','RECOVERY') not null, primary key ("id"))
Hibernate: create table "player_training_result" ("attendance_rate" float(53), "fatigue_gained" float(53), "improvement_gained" float(53), "id" bigint generated by default as identity, "player_id" bigint, "training_session_id" bigint, "performance" enum ('AVERAGE','EXCELLENT','GOOD','POOR'), primary key ("id"))
Hibernate: create table "player_transfer_history" ("contract_length" integer, "salary" numeric(38,2), "transfer_date" date, "transfer_fee" numeric(38,2), "from_club_id" bigint, "id" bigint generated by default as identity, "player_id" bigint, "season_id" bigint, "to_club_id" bigint, "transfer_reason" varchar(255), "transfer_type" enum ('FREE_TRANSFER','LOAN','PURCHASE','RETIREMENT','YOUTH_PROMOTION'), primary key ("id"))
Hibernate: create table "quest" ("current_value" integer, "reward_money" numeric(38,2), "reward_xp" integer, "target_value" integer, "expiration_date" timestamp(6), "id" bigint generated by default as identity, "user_id" bigint, "description" varchar(255), "frequency" enum ('DAILY','SEASONAL','WEEKLY'), "status" enum ('ACTIVE','CLAIMED','COMPLETED','EXPIRED'), "type" enum ('CLEAN_SHEET','PLAY_MATCH','SCORE_GOALS','SCOUT_PLAYER','SIGN_PLAYER','TRAIN_SESSION','WIN_MATCH'), primary key ("id"))
Hibernate: create table "ranking" ("drawn" integer, "goal_against" integer, "goals_for" integer, "lost" integer, "played" integer, "points" integer, "won" integer, "club_id" bigint, "id" bigint generated by default as identity, "season_id" bigint, primary key ("id"))
Hibernate: create table "round" ("last" char(1) check ("last" in ('N','Y')), "number" integer, "id" bigint generated by default as identity, "season_id" bigint, primary key ("id"))
Hibernate: create table "scout" ("ability" integer, "contract_end" date, "experience" integer, "monthly_salary" numeric(38,2), "reputation" integer, "club_id" bigint, "id" bigint generated by default as identity, "region_id" bigint, "name" varchar(255), "surname" varchar(255), "specialization" enum ('DEFENDERS','FORWARDS','GENERAL','GOALKEEPERS','MIDFIELDERS','OPPOSITION_ANALYSIS','YOUTH_PLAYERS'), "status" enum ('ACTIVE','INJURED','SUSPENDED'), primary key ("id"))
Hibernate: create table "scouting_assignment" ("assigned_date" date, "completion_date" date, "expected_completion_date" date, "priority" integer, "id" bigint generated by default as identity, "scout_id" bigint, "target_club_id" bigint, "target_player_id" bigint, "target_region_id" bigint, "instructions" varchar(255), "status" enum ('ASSIGNED','CANCELLED','COMPLETED','IN_PROGRESS'), "type" enum ('CLUB','OPPOSITION','PLAYER','REGION'), primary key ("id"))
Hibernate: create table "scouting_report" ("accuracy_level" float(53), "confidence_level" integer, "contract_expiry" date, "estimated_value" numeric(38,2), "estimated_wage" numeric(38,2), "is_available_for_transfer" boolean, "overall_rating" integer, "potential_rating" integer, "report_date" date, "revealed_defending" float(53), "revealed_goalkeeping" float(53), "revealed_passing" float(53), "revealed_playmaking" float(53), "revealed_scoring" float(53), "revealed_set_pieces" float(53), "revealed_stamina" float(53), "revealed_winger" float(53), "assignment_id" bigint, "id" bigint generated by default as identity, "player_id" bigint, "scout_id" bigint, "additional_notes" varchar(4000), "injury_history" varchar(4000), "personality_assessment" varchar(4000), "strengths" varchar(4000), "weaknesses" varchar(4000), "recommendation" enum ('AVOID','CONSIDER','MONITOR','PRIORITY','RECOMMEND'), primary key ("id"))
Hibernate: create table "season" ("end_year" integer, "is_current" boolean, "next_round_number" integer, "start_year" integer, "id" bigint generated by default as identity, "league_id" bigint, "name" varchar(255), primary key ("id"))
Hibernate: create table "server" ("crnt_date" timestamp(6), "id" bigint generated by default as identity, "owner_id" bigint, "name" varchar(255), primary key ("id"))
Hibernate: create table "sponsor" ("created_date" date, "is_active" boolean, "max_annual_budget" numeric(38,2), "min_club_reputation" numeric(38,2), "min_league_level" integer, "prefers_local_teams" boolean, "prefers_winning_teams" boolean, "prefers_young_teams" boolean, "id" bigint generated by default as identity, "industry" varchar(255), "logo" varchar(255), "name" varchar(255), "preferred_region" varchar(255), "website" varchar(255), "tier" enum ('BUDGET','PREMIUM','STANDARD'), primary key ("id"))
Hibernate: create table "sponsorship" ("amount" numeric(38,2), "expiration_date" date, "finance_id" bigint, "id" bigint generated by default as identity, "sponsor_id" bigint, primary key ("id"))
Hibernate: create table "sponsorship_bonus" ("achieved_date" date, "bonus_amount" numeric(38,2), "is_achieved" boolean, "id" bigint generated by default as identity, "season_id" bigint, "sponsorship_deal_id" bigint, "bonus_condition" varchar(255), "notes" varchar(255), "bonus_type" enum ('APPEARANCES','ASSISTS','ATTENDANCE','CLEAN_SHEETS','CUP_PROGRESS','GOALS','GOALS_SCORED','INDIVIDUAL_AWARD','LEAGUE_POSITION','REPUTATION','TEAM_POSITION'), primary key ("id"))
Hibernate: create table "sponsorship_deal" ("attendance_bonus" numeric(38,2), "auto_renewal" boolean, "average_attendance" float(53), "base_annual_value" numeric(38,2), "best_league_position" integer, "contract_years" integer, "cup_progress_bonus" numeric(38,2), "cup_rounds_reached" integer, "current_annual_value" numeric(38,2), "current_league_position" integer, "end_date" date, "league_position_bonus" numeric(38,2), "renewal_bonus_percentage" numeric(38,2), "renewal_years" integer, "reputation_bonus" numeric(38,2), "reputation_score" integer, "start_date" date, "total_value" numeric(38,2), "club_id" bigint, "id" bigint generated by default as identity, "sponsor_id" bigint, "contract_terms" varchar(255), "status" enum ('ACTIVE','EXPIRED','TERMINATED'), "type" enum ('GENERAL','SHIRT','STADIUM','TRAINING_GROUND'), primary key ("id"))
Hibernate: create table "sponsorship_offer" ("attendance_bonus" numeric(38,2), "contract_years" integer, "cup_progress_bonus" numeric(38,2), "expiry_date" date, "last_counter_offer" numeric(38,2), "league_position_bonus" numeric(38,2), "negotiation_rounds" integer, "offer_date" date, "offered_annual_value" numeric(38,2), "club_id" bigint, "id" bigint generated by default as identity, "sponsor_id" bigint, "rejection_reason" varchar(255), "special_conditions" varchar(255), "terms" varchar(255), "status" enum ('ACCEPTED','COUNTERED','EXPIRED','NEGOTIATING','PENDING','REJECTED'), "type" enum ('GENERAL','SHIRT','STADIUM','TRAINING_GROUND'), primary key ("id"))
Hibernate: create table "sponsorship_payment" ("amount" numeric(38,2), "due_date" date, "paid_date" date, "id" bigint generated by default as identity, "season_id" bigint, "sponsorship_deal_id" bigint, "description" varchar(255), "reference" varchar(255), "payment_type" enum ('BASE_PAYMENT','PERFORMANCE_BONUS','RENEWAL_BONUS','SIGNING_BONUS'), "status" enum ('OVERDUE','PAID','PENDING'), primary key ("id"))
Hibernate: create table "stadium" ("accessibility_level" integer, "atmosphere_multiplier" float(53), "base_capacity" integer, "capacity" integer, "construction_cost" numeric(38,2), "facilities_quality" integer, "grandstand_est" integer, "grandstand_nord" integer, "grandstand_sud" integer, "grandstand_west" integer, "has_media_center" boolean, "has_megastore" boolean, "has_museum" boolean, "has_roof" boolean, "has_undersoil_heating" boolean, "has_vip_boxes" boolean, "last_upgrade_date" date, "maintenance_cost" numeric(38,2), "next_maintenance_date" date, "pitch_quality" integer, "revenue_multiplier" float(53), "security_level" integer, "upgrade_value" numeric(38,2), "id" bigint generated by default as identity, "name" varchar(255), primary key ("id"))
Hibernate: create table "staff" ("ability" integer, "birth" date, "contract_end" date, "contract_start" date, "experience" integer, "injury_prevention_bonus" float(53), "monthly_salary" numeric(38,2), "motivation_bonus" float(53), "recovery_bonus" float(53), "reputation" integer, "scouting_bonus" float(53), "training_bonus" float(53), "club_id" bigint, "id" bigint generated by default as identity, "nationality_id" bigint, "description" varchar(255), "name" varchar(255), "surname" varchar(255), "role" enum ('ANALYST','ASSISTANT_COACH','DOCTOR','FITNESS_COACH','GOALKEEPING_COACH','HEAD_COACH','HEAD_PHYSIO','HEAD_SCOUT','PHYSIO','SCOUT','YOUTH_COACH'), "specialization" enum ('ATTACKING_PLAY','DEFENSIVE_PLAY','DOMESTIC_SCOUTING','INJURY_PREVENTION','INTERNATIONAL_SCOUTING','OPPOSITION_ANALYSIS','PLAYER_DEVELOPMENT','REHABILITATION','SET_PIECES','SPORTS_PSYCHOLOGY','YOUTH_DEVELOPMENT','YOUTH_SCOUTING'), "status" enum ('ACTIVE','INJURED','SUSPENDED','TERMINATED'), primary key ("id"))
Hibernate: create table "staff_contract" ("end_date" date, "monthly_salary" numeric(38,2), "performance_bonus" numeric(38,2), "signing_bonus" numeric(38,2), "start_date" date, "termination_fee" numeric(38,2), "club_id" bigint, "id" bigint generated by default as identity, "staff_id" bigint, "termination_clause" varchar(255), "status" enum ('ACTIVE','EXPIRED','NEGOTIATING','TERMINATED'), primary key ("id"))
Hibernate: create table "stats" ("away_completed_passes" integer, "away_fouls" integer, "away_interceptions" integer, "away_on_target" integer, "away_passes" integer, "away_possession" integer, "away_shots" integer, "away_tackles" integer, "away_yellow_cards" integer, "home_completed_passes" integer, "home_fouls" integer, "home_interceptions" integer, "home_on_target" integer, "home_passes" integer, "home_possession" integer, "home_shots" integer, "home_tackles" integer, "home_yellow_cards" integer, "id" bigint generated by default as identity, primary key ("id"))
Hibernate: create table "system_configuration" ("is_editable" boolean, "requires_restart" boolean, "id" bigint generated by default as identity, "last_modified" timestamp(6), "config_description" varchar(255), "config_key" varchar(255), "config_value" varchar(255), "default_value" varchar(255), "modified_by" varchar(255), "validation_rules" varchar(255), "category" enum ('FINANCIAL','GAME_SETTINGS','MATCH_SIMULATION','PERFORMANCE','PLAYER_GENERATION','SECURITY'), "value_type" enum ('BOOLEAN','DECIMAL','INTEGER','JSON','STRING'), primary key ("id"))
Hibernate: create table "system_snapshot" ("is_restorable" boolean, "created_at" timestamp(6), "file_size_bytes" bigint, "id" bigint generated by default as identity, "database_metrics" varchar(4000), "game_state_data" varchar(4000), "system_metrics" varchar(4000), "checksum_md5" varchar(255), "created_by" varchar(255), "description" varchar(255), "snapshot_name" varchar(255), "storage_location" varchar(255), "snapshot_type" enum ('AUTOMATIC','MANUAL','PRE_DEBUG','SCHEDULED'), "status" enum ('CORRUPTED','CREATING','DELETED','READY'), primary key ("id"))
Hibernate: create table "team" ("formation_id" bigint unique, "id" bigint generated by default as identity, primary key ("id"))
Hibernate: create table "test_execution" ("cpu_usage_percent" float(53), "passed" boolean, "queries_executed" integer, "completed_at" timestamp(6), "executed_by_user_id" bigint, "execution_time_ms" bigint, "id" bigint generated by default as identity, "memory_used_mb" bigint, "started_at" timestamp(6), "test_scenario_id" bigint, "actual_outcomes" varchar(4000), "execution_results" varchar(4000), "failure_reason" varchar(255), "status" enum ('CANCELLED','FAILED','PASSED','RUNNING'), primary key ("id"))
Hibernate: create table "test_scenario" ("is_active" boolean, "created_at" timestamp(6), "id" bigint generated by default as identity, "expected_outcomes" varchar(4000), "scenario_config" varchar(4000), "created_by" varchar(255), "description" varchar(255), "scenario_name" varchar(255), "category" enum ('FINANCIAL_SYSTEM','LEAGUE_PROGRESSION','MATCH_SIMULATION','PERFORMANCE','PLAYER_DEVELOPMENT','TRANSFER_SYSTEM','USER_INTERACTION'), primary key ("id"))
Hibernate: create table "training_facility" ("analysis_room_quality" integer, "construction_cost" numeric(38,2), "gym_quality" integer, "has_altitude_training" boolean, "has_hydrotherapy" boolean, "has_indoor_facilities" boolean, "has_nutrition_center" boolean, "has_video_analysis" boolean, "last_upgrade_date" date, "maintenance_cost" numeric(38,2), "medical_facility_quality" integer, "mental_training_bonus" float(53), "next_maintenance_date" date, "number_of_pitches" integer, "overall_quality" integer, "physical_training_bonus" float(53), "pitch_quality" integer, "tactical_training_bonus" float(53), "technical_training_bonus" float(53), "upgrade_value" numeric(38,2), "id" bigint generated by default as identity, "name" varchar(255), primary key ("id"))
Hibernate: create table "training_plan" ("rest_on_weekends" boolean, "id" bigint generated by default as identity, "last_updated" timestamp(6), "team_id" bigint unique, "friday_focus" enum ('ATTACKING','BALANCED','DEFENDING','GOALKEEPING','PHYSICAL','TECHNICAL'), "intensity" enum ('INTENSIVE','LIGHT','MODERATE','RECOVERY'), "monday_focus" enum ('ATTACKING','BALANCED','DEFENDING','GOALKEEPING','PHYSICAL','TECHNICAL'), "saturday_focus" enum ('ATTACKING','BALANCED','DEFENDING','GOALKEEPING','PHYSICAL','TECHNICAL'), "sunday_focus" enum ('ATTACKING','BALANCED','DEFENDING','GOALKEEPING','PHYSICAL','TECHNICAL'), "thursday_focus" enum ('ATTACKING','BALANCED','DEFENDING','GOALKEEPING','PHYSICAL','TECHNICAL'), "tuesday_focus" enum ('ATTACKING','BALANCED','DEFENDING','GOALKEEPING','PHYSICAL','TECHNICAL'), "wednesday_focus" enum ('ATTACKING','BALANCED','DEFENDING','GOALKEEPING','PHYSICAL','TECHNICAL'), primary key ("id"))
Hibernate: create table "training_session" ("applied_bonus" float(53), "effectiveness_multiplier" float(53), "end_date" date, "start_date" date, "id" bigint generated by default as identity, "team_id" bigint, "focus" enum ('ATTACKING','BALANCED','DEFENDING','GOALKEEPING','PHYSICAL','TECHNICAL'), "intensity" enum ('INTENSIVE','LIGHT','MODERATE','RECOVERY'), "status" enum ('ACTIVE','COMPLETED','PLANNED'), primary key ("id"))
Hibernate: create table "user" ("active" char(1) check ("active" in ('N','Y')), "date_of_birth" date, "experience" float(53) not null, "failed_login_attempts" integer, "is_active" boolean, "is_banned" boolean, "is_verified" boolean, "account_locked_until" timestamp(6), "banned_until" timestamp(6), "club_id" bigint unique, "country_id" bigint, "created_date" timestamp(6), "email_verification_token_expiry" timestamp(6), "id" bigint generated by default as identity, "last_login_date" timestamp(6), "last_modified_date" timestamp(6), "password_changed_date" timestamp(6), "password_reset_token_expiry" timestamp(6), "server_id" bigint, "activation_token" varchar(255), "ban_reason" varchar(255), "banned_by" varchar(255), "country" varchar(255), "created_by" varchar(255), "email" varchar(255), "email_verification_token" varchar(255), "first_name" varchar(255), "last_login_ip" varchar(255), "last_modified_by" varchar(255), "last_name" varchar(255), "name" varchar(255), "password" varchar(255), "password_reset_token" varchar(255), "phone_number" varchar(255), "preferred_language" varchar(255), "surname" varchar(255), "timezone" varchar(255), "username" varchar(255), "admin_role" enum ('LEAGUE_ADMIN','MODERATOR','SUPER_ADMIN'), primary key ("id"))
Hibernate: create table "user_achievement" ("id" bigint generated by default as identity, "unlocked_at" timestamp(6) with time zone, "user_id" bigint not null, "achievement" enum ('ACADEMY_HERO','COMEBACK_KING','GOLEADOR','PROMOTION','SCROOGE','TRADER','TYCOON','WIN_CUP','WIN_LEAGUE'), primary key ("id"), unique ("user_id", "achievement"))
Hibernate: create table "user_activity" ("activity_timestamp" timestamp(6), "entity_id" bigint, "id" bigint generated by default as identity, "user_id" bigint, "activity_data" varchar(255), "activity_description" varchar(255), "entity_name" varchar(255), "entity_type" varchar(255), "ip_address" varchar(255), "session_id" varchar(255), "user_agent" varchar(255), "activity_type" enum ('CLUB_ACTION','FINANCIAL_ACTION','LOGIN','LOGOUT','MATCH_ACTION','PASSWORD_CHANGE','PLAYER_ACTION','PROFILE_UPDATE','SYSTEM_ACTION','TRANSFER_ACTION'), "severity" enum ('ERROR','INFO','WARNING'), primary key ("id"))
Hibernate: create table "user_notification" ("email_sent" boolean, "is_read" boolean, "created_at" timestamp(6), "email_sent_at" timestamp(6), "expires_at" timestamp(6), "id" bigint generated by default as identity, "read_at" timestamp(6), "user_id" bigint, "action_url" varchar(255), "email_status" varchar(255), "message" varchar(255), "title" varchar(255), "notification_type" enum ('ACCOUNT_SECURITY','ACHIEVEMENT_UNLOCKED','FINANCIAL_ALERT','LEVEL_UP','MATCH_RESULT','PROMOTIONAL','QUEST_COMPLETED','SYSTEM','TRANSFER_UPDATE'), "priority" enum ('HIGH','LOW','MEDIUM','URGENT'), primary key ("id"))
Hibernate: create table "user_roles" ("roles_id" bigint not null, "user_id" bigint not null, primary key ("roles_id", "user_id"))
Hibernate: create table "user_session" ("is_active" boolean, "id" bigint generated by default as identity, "last_activity_time" timestamp(6), "login_time" timestamp(6), "logout_time" timestamp(6), "user_id" bigint, "device_info" varchar(255), "ip_address" varchar(255), "location" varchar(255), "session_id" varchar(255), "termination_reason" varchar(255), "user_agent" varchar(255), "status" enum ('ACTIVE','EXPIRED','TERMINATED'), primary key ("id"))
Hibernate: create table "watchlist" ("is_active" boolean, "max_entries" integer, "club_id" bigint unique, "created_date" timestamp(6), "id" bigint generated by default as identity, "last_updated" timestamp(6), "description" varchar(255), "name" varchar(255), primary key ("id"))
Hibernate: create table "watchlist_entry" ("added_rating" float(53), "added_value" numeric(38,2), "current_rating" float(53), "current_value" numeric(38,2), "notify_on_contract_expiry" boolean, "notify_on_injury" boolean, "notify_on_performance" boolean, "notify_on_price_change" boolean, "notify_on_transfer_status" boolean, "total_notifications" integer, "added_date" timestamp(6), "id" bigint generated by default as identity, "last_notification_date" timestamp(6), "player_id" bigint, "watchlist_id" bigint, "notes" varchar(255), "category" enum ('BACKUP','COMPARISON','FUTURE','LOAN_TARGET','TARGET'), "priority" enum ('HIGH','LOW','MEDIUM','URGENT'), primary key ("id"))
Hibernate: create table "watchlist_notification" ("is_important" boolean, "is_read" boolean, "created_date" timestamp(6), "id" bigint generated by default as identity, "watchlist_entry_id" bigint, "context_data" varchar(255), "detailed_message" varchar(255), "message" varchar(255), "title" varchar(255), "severity" enum ('CRITICAL','IMPORTANT','INFO','WARNING'), "type" enum ('AVAILABILITY','COMPETITION','CONTRACT_EXPIRY','INJURY','MATCH_PERFORMANCE','PERFORMANCE','PRICE_CHANGE','TRANSFER_STATUS'), primary key ("id"))
Hibernate: create table "watchlist_update" ("triggered_notification" boolean, "id" bigint generated by default as identity, "update_date" timestamp(6), "watchlist_entry_id" bigint, "description" varchar(255), "new_value" varchar(255), "previous_value" varchar(255), "update_type" enum ('CONTRACT_CHANGE','INJURY_STATUS_CHANGE','PERFORMANCE_UPDATE','RATING_CHANGE','TRANSFER_STATUS_CHANGE','VALUE_CHANGE'), primary key ("id"))
Hibernate: create table "youth_academy" ("coaching_quality" integer, "construction_cost" numeric(38,2), "development_speed_bonus" float(53), "education_quality" integer, "facilities_quality" integer, "has_education_center" boolean, "has_partnership_programs" boolean, "has_residential_facilities" boolean, "has_scouting_network" boolean, "last_upgrade_date" date, "maintenance_cost" numeric(38,2), "max_youth_players" integer, "next_maintenance_date" date, "number_of_coaches" integer, "number_of_educators" integer, "number_of_pitches" integer, "number_of_scouts" integer, "overall_quality" integer, "retention_bonus" float(53), "scouting_network" integer, "talent_generation_bonus" float(53), "upgrade_value" numeric(38,2), "id" bigint generated by default as identity, "name" varchar(255), primary key ("id"))
Hibernate: create table "youth_candidate" ("birth" date, "defending" float(53), "goalkeeping" float(53), "passing" float(53), "playmaking" float(53), "preferred_foot" tinyint check ("preferred_foot" between 0 and 1), "role" tinyint check ("role" between 0 and 5), "scoring" float(53), "set_pieces" float(53), "stamina" float(53), "winger" float(53), "id" bigint generated by default as identity, "nationality_id" bigint, "youth_academy_id" bigint, "name" varchar(255), "surname" varchar(255), primary key ("id"))
Hibernate: alter table if exists "sponsor_available_types" add constraint "FKewwx4lg2g41mn8c03c1o5gsrh" foreign key ("sponsor_id") references "sponsor"
Hibernate: alter table if exists "system_snapshot_scopes" add constraint "FKo34spd0lkp68ob28bsg37a868" foreign key ("system_snapshot_id") references "system_snapshot"
Hibernate: alter table if exists "admin_action" add constraint "FKpvaliscyalbdwsq1eawknay7o" foreign key ("admin_user_id") references "user"
Hibernate: alter table if exists "club" add constraint "FK4fn4whtmqsivjtt5b26lf893p" foreign key ("finance_id") references "finance"
Hibernate: alter table if exists "club" add constraint "FKa5dbdgtntfhc4v9ixbkhedqfd" foreign key ("league_id") references "league"
Hibernate: alter table if exists "club" add constraint "FKp3vi52knhppk1i3iln6u4fmb" foreign key ("medical_center_id") references "medical_center"
Hibernate: alter table if exists "club" add constraint "FKjp01v8pveifdn0on398v4dk47" foreign key ("stadium_id") references "stadium"
Hibernate: alter table if exists "club" add constraint "FKskcrfsu3obyas1905ehjlfrba" foreign key ("team_id") references "team"
Hibernate: alter table if exists "club" add constraint "FKb9uqwy28ng10q46w5vfjmj2i9" foreign key ("training_facility_id") references "training_facility"
Hibernate: alter table if exists "club" add constraint "FKn2p60gpkothm6xa5s1xgl5vh3" foreign key ("under18_id") references "team"
Hibernate: alter table if exists "club" add constraint "FKgu5wm4k8rk0a8moiec4bg8j4m" foreign key ("youth_academy_id") references "youth_academy"
Hibernate: alter table if exists "contract" add constraint "FKggcvyhhrj4hua017imcqsktyl" foreign key ("club_id") references "club"
Hibernate: alter table if exists "contract" add constraint "FK4quuaeop94287y7iqvuhrf50j" foreign key ("player_id") references "player"
Hibernate: alter table if exists "contract_clause" add constraint "FK3s49omsh4buf0hxs9q83fp2hp" foreign key ("contract_id") references "contract"
Hibernate: alter table if exists "contract_negotiation" add constraint "FKs7agwabbrqfvdfygox2ndd51l" foreign key ("club_id") references "club"
Hibernate: alter table if exists "contract_negotiation" add constraint "FKs1h52ldaxh1xovqenxgiv5i3f" foreign key ("current_contract_id") references "contract"
Hibernate: alter table if exists "contract_negotiation" add constraint "FKh5a49kfho3wc0qwj21q6elgv5" foreign key ("player_id") references "player"
Hibernate: alter table if exists "debug_action" add constraint "FKfekewlpq2xh61f90hmrkqorgw" foreign key ("admin_user_id") references "user"
Hibernate: alter table if exists "event_history" add constraint "FK62voxvwmpmrwy622mukc1e42r" foreign key ("match_id") references "matchh"
Hibernate: alter table if exists "facility_upgrade" add constraint "FK3j0gxk9fg07o5id7b68xfo6r7" foreign key ("club_id") references "club"
Hibernate: alter table if exists "financial_report" add constraint "FKgykeh48tccsgy62wl9yuty6th" foreign key ("finance_id") references "finance"
Hibernate: alter table if exists "financial_transaction" add constraint "FKah749oly9vn4lxn3or1rxthp" foreign key ("finance_id") references "finance"
Hibernate: alter table if exists "financial_transaction" add constraint "FKh0rny1lmm40sywuc88oemwe1b" foreign key ("season_id") references "season"
Hibernate: alter table if exists "formation" add constraint "FKlkx2tq8suc98crk0efk79atd1" foreign key ("module_id") references "module"
Hibernate: alter table if exists "formation_player" add constraint "FKcnygv999457h9wx1ef30qs9fj" foreign key ("player_id") references "player"
Hibernate: alter table if exists "formation_player" add constraint "FK8p5hcobq911nbo4jay6jqgaq7" foreign key ("formation_id") references "formation"
Hibernate: alter table if exists "formation_substitutes" add constraint "FK6tn1b2ose8o54ko9gqkccljdk" foreign key ("player_id") references "player"
Hibernate: alter table if exists "formation_substitutes" add constraint "FKub79g6gybbdnce9bw7m14hmy" foreign key ("formation_id") references "formation"
Hibernate: alter table if exists "goalscorer" add constraint "FK7cy57olhtc59lg3cq2v60ai9r" foreign key ("player_id") references "player"
Hibernate: alter table if exists "injury" add constraint "FKbrtvs5wy02vbc2c5h70694xgx" foreign key ("player_id") references "player"
Hibernate: alter table if exists "league" add constraint "FKhnlp3x8q50acnf9cyaw4fddcx" foreign key ("country_id") references "country"
Hibernate: alter table if exists "league" add constraint "FKkp2yo5rgajwj0302sdg2ehoup" foreign key ("season_id") references "season"
Hibernate: alter table if exists "league" add constraint "FKmqfm8om62faw11gj2akyq50p7" foreign key ("minor_league_id") references "league"
Hibernate: alter table if exists "league" add constraint "FK8ys1ohfyaaqjtjjy3ap5tjsaa" foreign key ("server_id") references "server"
Hibernate: alter table if exists "loan_agreement" add constraint "FKtaqe0m55jsdwrqkespqrbuwf8" foreign key ("loan_club_id") references "club"
Hibernate: alter table if exists "loan_agreement" add constraint "FKkpqehky5evs50st3fhnu6h8vg" foreign key ("parent_club_id") references "club"
Hibernate: alter table if exists "loan_agreement" add constraint "FKomckoos46j4jm32nelv4ivitf" foreign key ("player_id") references "player"
Hibernate: alter table if exists "loan_performance_review" add constraint "FKmd9si9xllqe9r3b361gyv1q0e" foreign key ("loan_agreement_id") references "loan_agreement"
Hibernate: alter table if exists "loan_proposal" add constraint "FKg2l8qbxu4kj83ggv4rj9h2b09" foreign key ("player_id") references "player"
Hibernate: alter table if exists "loan_proposal" add constraint "FKh2xbeuab39ntqoueok1k409tn" foreign key ("proposing_club_id") references "club"
Hibernate: alter table if exists "loan_proposal" add constraint "FK8ka4kd4gcpav9y0gpfxt6598f" foreign key ("target_club_id") references "club"
Hibernate: alter table if exists "maintenance_record" add constraint "FKb894lv6l06bfj0pdjhqaxv8hj" foreign key ("club_id") references "club"
Hibernate: alter table if exists "manager_profile" add constraint "FKltuasmpr77nh4odvakxfeksyd" foreign key ("user_id") references "user"
Hibernate: alter table if exists "manager_unlocked_perks" add constraint "FK7m8a3p6g218mhi7qc6h0u4dlu" foreign key ("manager_profile_id") references "manager_profile"
Hibernate: alter table if exists "match_event" add constraint "FK9csuc0kftsj3qbsi2wsuobilv" foreign key ("assist_player_id") references "player"
Hibernate: alter table if exists "match_event" add constraint "FKheh198uhwxgcav2o7ixybkgsy" foreign key ("match_id") references "matchh"
Hibernate: alter table if exists "match_event" add constraint "FK9lky8kg7paqd1mh7ibo7o822j" foreign key ("player_id") references "player"
Hibernate: alter table if exists "match_event" add constraint "FKt7kse28cwqdh8knkeg4t5qsc4" foreign key ("substitute_in_id") references "player"
Hibernate: alter table if exists "match_event" add constraint "FK4xekk6ky91tql0todte1thdip" foreign key ("substitute_out_id") references "player"
Hibernate: alter table if exists "match_event" add constraint "FKese13lm9c9w0e34ogn1vab1ek" foreign key ("team_id") references "team"
Hibernate: alter table if exists "match_player_stats" add constraint "FK1qf7p2oe4fhqt08e20bspr7cb" foreign key ("match_id") references "matchh"
Hibernate: alter table if exists "match_player_stats" add constraint "FK8jer320mo8aiu252eifdhucer" foreign key ("player_id") references "player"
Hibernate: alter table if exists "matchh" add constraint "FKkvf8612omsp8i2l3ehicyqkhf" foreign key ("away_id") references "club"
Hibernate: alter table if exists "matchh" add constraint "FKevkxgpeihhgal2qfxv857p9le" foreign key ("away_formation_id") references "formation"
Hibernate: alter table if exists "matchh" add constraint "FK33eiymdoc0f3ymyrctjxc278w" foreign key ("home_id") references "club"
Hibernate: alter table if exists "matchh" add constraint "FKlkvy06fgww8xw0k7ifjygyb68" foreign key ("home_formation_id") references "formation"
Hibernate: alter table if exists "matchh" add constraint "FK9xp3f6gc75otcxoydwe353ii7" foreign key ("round_id") references "round"
Hibernate: alter table if exists "matchh" add constraint "FK4d1xey9m1i3kirqqc7wq3qbw" foreign key ("match_id") references "stats"
Hibernate: alter table if exists "negotiation_offer" add constraint "FKscrg28041b07tlv20tr5iqb06" foreign key ("negotiation_id") references "contract_negotiation"
Hibernate: alter table if exists "offer" add constraint "FK25p3o4jvrfdbhkl359d0tsy8r" foreign key ("user_from_id") references "user"
Hibernate: alter table if exists "offer" add constraint "FK97wbsfspthgl5cdscxiuixilh" foreign key ("club_id") references "player"
Hibernate: alter table if exists "offer" add constraint "FK7b2ulnl72b5n27wpvfta16wbp" foreign key ("user_to_id") references "user"
Hibernate: alter table if exists "password_reset_request" add constraint "FKddxaojf580vdbw5v6u4bl6wgb" foreign key ("user_id") references "user"
Hibernate: alter table if exists "performance_bonus" add constraint "FKrov9s9jkqherckjx3stawbpq9" foreign key ("contract_id") references "contract"
Hibernate: alter table if exists "player" add constraint "FKemefselfaigb2jk88y7sg9fm7" foreign key ("original_team_id") references "team"
Hibernate: alter table if exists "player" add constraint "FKecdio16n8nmq355y3ympq4dju" foreign key ("team_id") references "team"
Hibernate: alter table if exists "player_achievement" add constraint "FK7jhcfyiqjl6nig57q02fy4xng" foreign key ("club_id") references "club"
Hibernate: alter table if exists "player_achievement" add constraint "FKk0atksvlghkgd69edl0dcqaei" foreign key ("player_id") references "player"
Hibernate: alter table if exists "player_achievement" add constraint "FK69aobbugllq70d07shf0k7x2a" foreign key ("season_id") references "season"
Hibernate: alter table if exists "player_career_stats" add constraint "FKmwhl4mi7yucvjac5172abbdhd" foreign key ("player_id") references "player"
Hibernate: alter table if exists "player_scouting_status" add constraint "FKa5wf3uy4v8fsy2fx92mkidyi" foreign key ("player_id") references "player"
Hibernate: alter table if exists "player_scouting_status" add constraint "FKqatp04s47ccfc0ofj80e92vuo" foreign key ("club_id") references "club"
Hibernate: alter table if exists "player_season_stats" add constraint "FKdb9d2cxtr7jp6lmp0iiguwb7c" foreign key ("club_id") references "club"
Hibernate: alter table if exists "player_season_stats" add constraint "FK7mfs2hvr3390phh3787v8grv" foreign key ("league_id") references "league"
Hibernate: alter table if exists "player_season_stats" add constraint "FK4hrjiwk8jrd7axb4iuj9gqrp7" foreign key ("player_id") references "player"
Hibernate: alter table if exists "player_season_stats" add constraint "FKhav39agjyt4k6fsab3c97jeyk" foreign key ("season_id") references "season"
Hibernate: alter table if exists "player_training_focus" add constraint "FKgksnrdrnoeg6encsdhrlrea38" foreign key ("player_id") references "player"
Hibernate: alter table if exists "player_training_result" add constraint "FK3jydvkpf2ol2i3pak2lwdqv07" foreign key ("player_id") references "player"
Hibernate: alter table if exists "player_training_result" add constraint "FKg5mdnqdbt82v0c49510in2rtt" foreign key ("training_session_id") references "training_session"
Hibernate: alter table if exists "player_transfer_history" add constraint "FKa0dkyx03jqwtoyjxghnpx7u90" foreign key ("from_club_id") references "club"
Hibernate: alter table if exists "player_transfer_history" add constraint "FKkdfgdg4b4hy48vs3ytckx1yeb" foreign key ("player_id") references "player"
Hibernate: alter table if exists "player_transfer_history" add constraint "FKdhdy5ka1enj59qmtqv5nfh4au" foreign key ("season_id") references "season"
Hibernate: alter table if exists "player_transfer_history" add constraint "FKfd7y1mcyvf6c7vbokpxxt0bne" foreign key ("to_club_id") references "club"
Hibernate: alter table if exists "quest" add constraint "FKc5cbpbopljuegpj8f2vsbjlin" foreign key ("user_id") references "user"
Hibernate: alter table if exists "ranking" add constraint "FKoempbqh8pdyr4t0dgkr7t0a9r" foreign key ("club_id") references "club"
Hibernate: alter table if exists "ranking" add constraint "FKr8boao7thoi6wwukqjcsx5fx6" foreign key ("season_id") references "season"
Hibernate: alter table if exists "round" add constraint "FKa2gqvlvveesbqjaoggyscos51" foreign key ("season_id") references "season"
Hibernate: alter table if exists "scout" add constraint "FKderaxu6okunlar39ophdx6vhv" foreign key ("club_id") references "club"
Hibernate: alter table if exists "scout" add constraint "FKnwly2wx1697pmw5yji3myjiku" foreign key ("region_id") references "country"
Hibernate: alter table if exists "scouting_assignment" add constraint "FKmhkqtg43i7hrigx0flmrio4iy" foreign key ("scout_id") references "scout"
Hibernate: alter table if exists "scouting_assignment" add constraint "FKjqwkemsr8wx6yss95qt82tu3e" foreign key ("target_club_id") references "club"
Hibernate: alter table if exists "scouting_assignment" add constraint "FKjhtegp1cngtvv7rdut3q43m3c" foreign key ("target_player_id") references "player"
Hibernate: alter table if exists "scouting_assignment" add constraint "FKhhpgk49oslvdrmftjoy2ow9nj" foreign key ("target_region_id") references "country"
Hibernate: alter table if exists "scouting_report" add constraint "FK126i7h387mki5nbo476jx8fc" foreign key ("assignment_id") references "scouting_assignment"
Hibernate: alter table if exists "scouting_report" add constraint "FK1o6d64k53brq1fnwt6xaaqt17" foreign key ("player_id") references "player"
Hibernate: alter table if exists "scouting_report" add constraint "FK1kiix224r5ytair02vagvof06" foreign key ("scout_id") references "scout"
Hibernate: alter table if exists "season" add constraint "FKg5alsv6er78baxwjj3uac4ajr" foreign key ("league_id") references "league"
Hibernate: alter table if exists "server" add constraint "FKgtt8wbhayceeocgm8dc1sd7nm" foreign key ("owner_id") references "user"
Hibernate: alter table if exists "sponsorship" add constraint "FK677wtexfgmab96k6e4v2ihlnp" foreign key ("sponsor_id") references "sponsor"
Hibernate: alter table if exists "sponsorship" add constraint "FKmdw7ubqsm1b2pyp08iex74kci" foreign key ("finance_id") references "finance"
Hibernate: alter table if exists "sponsorship_bonus" add constraint "FKq18wcew1rvy5f35kwmrbntm0u" foreign key ("season_id") references "season"
Hibernate: alter table if exists "sponsorship_bonus" add constraint "FKn2jo9n2o8mtyexpbqvj4gaghp" foreign key ("sponsorship_deal_id") references "sponsorship_deal"
Hibernate: alter table if exists "sponsorship_deal" add constraint "FK9j2k0onyrfjowig8hga8588ks" foreign key ("club_id") references "club"
Hibernate: alter table if exists "sponsorship_deal" add constraint "FK7sby8rirx05xj3kue9mwxrrcv" foreign key ("sponsor_id") references "sponsor"
Hibernate: alter table if exists "sponsorship_offer" add constraint "FK2yig7469w88otyx4v0siyq7bq" foreign key ("club_id") references "club"
Hibernate: alter table if exists "sponsorship_offer" add constraint "FKg4yjd9rdww4ylx6ige3uxdfgk" foreign key ("sponsor_id") references "sponsor"
Hibernate: alter table if exists "sponsorship_payment" add constraint "FKbbladoii2ga5y2kou5xrdh85b" foreign key ("season_id") references "season"
Hibernate: alter table if exists "sponsorship_payment" add constraint "FKhfxpid7vxiuvgtucd15mxo573" foreign key ("sponsorship_deal_id") references "sponsorship_deal"
Hibernate: alter table if exists "staff" add constraint "FKq757radc1agsub05bx88kb9gw" foreign key ("club_id") references "club"
Hibernate: alter table if exists "staff" add constraint "FK43w7wkys8he3kdhv9jel9y24p" foreign key ("nationality_id") references "country"
Hibernate: alter table if exists "staff_contract" add constraint "FK4f8qsjntwyovnf5tpfon2yly2" foreign key ("club_id") references "club"
Hibernate: alter table if exists "staff_contract" add constraint "FKceogxfs9ti05lkblt1ddlo7p6" foreign key ("staff_id") references "staff"
Hibernate: alter table if exists "team" add constraint "FK6crfub5o6shdrq4d8erx64cj7" foreign key ("formation_id") references "formation"
Hibernate: alter table if exists "test_execution" add constraint "FK9xfxtj1d9fh4f2q3h7x4hkd22" foreign key ("executed_by_user_id") references "user"
Hibernate: alter table if exists "test_execution" add constraint "FK202uruhrkm17362ao7g8ubbp5" foreign key ("test_scenario_id") references "test_scenario"
Hibernate: alter table if exists "training_plan" add constraint "FK5e5wfmpxpv1nu44i8v87iggnq" foreign key ("team_id") references "team"
Hibernate: alter table if exists "training_session" add constraint "FKgvn5ypg4iixvqp4trnn5wb158" foreign key ("team_id") references "team"
Hibernate: alter table if exists "user" add constraint "FKkpeuy58st0oq6fqqvkfcwg6g7" foreign key ("club_id") references "club"
Hibernate: alter table if exists "user" add constraint "FKcc85qgjpo2lggcr3uuq56l98a" foreign key ("country_id") references "country"
Hibernate: alter table if exists "user" add constraint "FKqhuvadjel56c8jlgfnfxjeqfs" foreign key ("server_id") references "server"
Hibernate: alter table if exists "user_achievement" add constraint "FKyosg1h7wskypnsneadmc4xd9" foreign key ("user_id") references "user"
Hibernate: alter table if exists "user_activity" add constraint "FKf4lc0pd3hxvg56nksh8cia8uf" foreign key ("user_id") references "user"
Hibernate: alter table if exists "user_notification" add constraint "FK5xuuyvcvkcf88h8v478jpy5uo" foreign key ("user_id") references "user"
Hibernate: alter table if exists "user_roles" add constraint "FKo2rmqkw5pucpp44p39quu5al5" foreign key ("roles_id") references "role"
Hibernate: alter table if exists "user_roles" add constraint "FK40cm955hgg5oxf1oax8mqw0c4" foreign key ("user_id") references "user"
Hibernate: alter table if exists "user_session" add constraint "FK9h52dqwor89xyuc044cafnje2" foreign key ("user_id") references "user"
Hibernate: alter table if exists "watchlist" add constraint "FK4ontv4yy7c8e7vj7lievcndqc" foreign key ("club_id") references "club"
Hibernate: alter table if exists "watchlist_entry" add constraint "FK5jxl7cyawp2a6so6ffg3cblkh" foreign key ("player_id") references "player"
Hibernate: alter table if exists "watchlist_entry" add constraint "FKmumcl1a8b32j0007gl4dop107" foreign key ("watchlist_id") references "watchlist"
Hibernate: alter table if exists "watchlist_notification" add constraint "FKnmien27wbno2mluvkocl6qw5" foreign key ("watchlist_entry_id") references "watchlist_entry"
Hibernate: alter table if exists "watchlist_update" add constraint "FKemtqncgp8etiy40fi26tgp5wp" foreign key ("watchlist_entry_id") references "watchlist_entry"
Hibernate: alter table if exists "youth_candidate" add constraint "FKd5sqc0qdvemalfkh51x64q4wt" foreign key ("nationality_id") references "country"
Hibernate: alter table if exists "youth_candidate" add constraint "FKpgywsw3kt190s3ryn6agwup3r" foreign key ("youth_academy_id") references "youth_academy"
2026-02-18T06:20:29.609Z  INFO 1843 --- [           main] j.LocalContainerEntityManagerFactoryBean : Initialized JPA EntityManagerFactory for persistence unit 'default'
2026-02-18T06:20:30.892Z  INFO 1843 --- [           main] o.s.d.j.r.query.QueryEnhancerFactory     : Hibernate is in classpath; If applicable, HQL parser will be used.
2026-02-18T06:20:34.289Z  INFO 1843 --- [           main] d.f.e.m.s.a.SyncClientServerFactory      : sync server factory
2026-02-18T06:20:35.260Z  INFO 1843 --- [           main] d.f.e.m.s.autoconfigure.EmbeddedMongo    : download https://fastdl.mongodb.org/linux/mongodb-linux-x86_64-4.0.25.tgz : starting...
2026-02-18T06:20:35.261Z  INFO 1843 --- [           main] d.f.e.m.s.autoconfigure.EmbeddedMongo    : download https://fastdl.mongodb.org/linux/mongodb-linux-x86_64-4.0.25.tgz : 0 %
2026-02-18T06:20:35.594Z  INFO 1843 --- [           main] d.f.e.m.s.autoconfigure.EmbeddedMongo    : download https://fastdl.mongodb.org/linux/mongodb-linux-x86_64-4.0.25.tgz : 10 %
2026-02-18T06:20:35.743Z  INFO 1843 --- [           main] d.f.e.m.s.autoconfigure.EmbeddedMongo    : download https://fastdl.mongodb.org/linux/mongodb-linux-x86_64-4.0.25.tgz : 20 %
2026-02-18T06:20:35.876Z  INFO 1843 --- [           main] d.f.e.m.s.autoconfigure.EmbeddedMongo    : download https://fastdl.mongodb.org/linux/mongodb-linux-x86_64-4.0.25.tgz : 30 %
2026-02-18T06:20:35.990Z  INFO 1843 --- [           main] d.f.e.m.s.autoconfigure.EmbeddedMongo    : download https://fastdl.mongodb.org/linux/mongodb-linux-x86_64-4.0.25.tgz : 40 %
2026-02-18T06:20:36.081Z  INFO 1843 --- [           main] d.f.e.m.s.autoconfigure.EmbeddedMongo    : download https://fastdl.mongodb.org/linux/mongodb-linux-x86_64-4.0.25.tgz : 50 %
2026-02-18T06:20:36.170Z  INFO 1843 --- [           main] d.f.e.m.s.autoconfigure.EmbeddedMongo    : download https://fastdl.mongodb.org/linux/mongodb-linux-x86_64-4.0.25.tgz : 60 %
2026-02-18T06:20:36.264Z  INFO 1843 --- [           main] d.f.e.m.s.autoconfigure.EmbeddedMongo    : download https://fastdl.mongodb.org/linux/mongodb-linux-x86_64-4.0.25.tgz : 70 %
2026-02-18T06:20:36.352Z  INFO 1843 --- [           main] d.f.e.m.s.autoconfigure.EmbeddedMongo    : download https://fastdl.mongodb.org/linux/mongodb-linux-x86_64-4.0.25.tgz : 80 %
2026-02-18T06:20:36.442Z  INFO 1843 --- [           main] d.f.e.m.s.autoconfigure.EmbeddedMongo    : download https://fastdl.mongodb.org/linux/mongodb-linux-x86_64-4.0.25.tgz : 90 %
2026-02-18T06:20:36.530Z  INFO 1843 --- [           main] d.f.e.m.s.autoconfigure.EmbeddedMongo    : download https://fastdl.mongodb.org/linux/mongodb-linux-x86_64-4.0.25.tgz : finished
2026-02-18T06:20:39.706Z  INFO 1843 --- [       Thread-4] d.f.e.m.s.autoconfigure.EmbeddedMongo    : 2026-02-18T06:20:39.705+0000 I CONTROL  [main] note: noprealloc may hurt performance in many applications
2026-02-18T06:20:39.724Z  INFO 1843 --- [       Thread-4] d.f.e.m.s.autoconfigure.EmbeddedMongo    : 2026-02-18T06:20:39.724+0000 I CONTROL  [initandlisten] MongoDB starting : pid=1884 port=40581 dbpath=/tmp/temp--553babd1-3e54-44c7-9bc4-3f651718ad71/mongod-database13385896364560498024 64-bit host=devbox
2026-02-18T06:20:39.725Z  INFO 1843 --- [       Thread-4] d.f.e.m.s.autoconfigure.EmbeddedMongo    : 2026-02-18T06:20:39.724+0000 I CONTROL  [initandlisten] db version v4.0.25
2026-02-18T06:20:39.725Z  INFO 1843 --- [       Thread-4] d.f.e.m.s.autoconfigure.EmbeddedMongo    : 2026-02-18T06:20:39.724+0000 I CONTROL  [initandlisten] git version: 89306fde6167fa12ea6e30d61e05791e8e214e55
2026-02-18T06:20:39.725Z  INFO 1843 --- [       Thread-4] d.f.e.m.s.autoconfigure.EmbeddedMongo    : 2026-02-18T06:20:39.724+0000 I CONTROL  [initandlisten] allocator: tcmalloc
2026-02-18T06:20:39.725Z  INFO 1843 --- [       Thread-4] d.f.e.m.s.autoconfigure.EmbeddedMongo    : 2026-02-18T06:20:39.724+0000 I CONTROL  [initandlisten] modules: none
2026-02-18T06:20:39.725Z  INFO 1843 --- [       Thread-4] d.f.e.m.s.autoconfigure.EmbeddedMongo    : 2026-02-18T06:20:39.724+0000 I CONTROL  [initandlisten] build environment:
2026-02-18T06:20:39.725Z  INFO 1843 --- [       Thread-4] d.f.e.m.s.autoconfigure.EmbeddedMongo    : 2026-02-18T06:20:39.724+0000 I CONTROL  [initandlisten]     distarch: x86_64
2026-02-18T06:20:39.726Z  INFO 1843 --- [       Thread-4] d.f.e.m.s.autoconfigure.EmbeddedMongo    : 2026-02-18T06:20:39.724+0000 I CONTROL  [initandlisten]     target_arch: x86_64
2026-02-18T06:20:39.726Z  INFO 1843 --- [       Thread-4] d.f.e.m.s.autoconfigure.EmbeddedMongo    : 2026-02-18T06:20:39.724+0000 I CONTROL  [initandlisten] options: { net: { bindIp: "127.0.0.1", port: 40581 }, security: { authorization: "disabled" }, storage: { dbPath: "/tmp/temp--553babd1-3e54-44c7-9bc4-3f651718ad71/mongod-database13385896364560498024", journal: { enabled: false }, mmapv1: { preallocDataFiles: false, smallFiles: true }, syncPeriodSecs: 0.0 } }
2026-02-18T06:20:39.726Z  INFO 1843 --- [       Thread-4] d.f.e.m.s.autoconfigure.EmbeddedMongo    : 2026-02-18T06:20:39.725+0000 I STORAGE  [initandlisten] wiredtiger_open config: create,cache_size=3467M,cache_overflow=(file_max=0M),session_max=20000,eviction=(threads_min=4,threads_max=4),config_base=false,statistics=(fast),log=(enabled=true,archive=true,path=journal,compressor=snappy),file_manager=(close_idle_time=100000),statistics_log=(wait=0),verbose=(recovery_progress),,log=(enabled=false),
2026-02-18T06:20:40.546Z  INFO 1843 --- [       Thread-4] d.f.e.m.s.autoconfigure.EmbeddedMongo    : 2026-02-18T06:20:40.545+0000 I STORAGE  [initandlisten] WiredTiger message [1771395640:545941][1884:0x7f41458a5e80], txn-recover: Set global recovery timestamp: 0
2026-02-18T06:20:40.572Z  INFO 1843 --- [       Thread-4] d.f.e.m.s.autoconfigure.EmbeddedMongo    : 2026-02-18T06:20:40.572+0000 I RECOVERY [initandlisten] WiredTiger recoveryTimestamp. Ts: Timestamp(0, 0)
2026-02-18T06:20:40.595Z  INFO 1843 --- [       Thread-4] d.f.e.m.s.autoconfigure.EmbeddedMongo    : 2026-02-18T06:20:40.595+0000 I STORAGE  [initandlisten] Starting to check the table logging settings for existing WiredTiger tables
2026-02-18T06:20:40.600Z  INFO 1843 --- [       Thread-4] d.f.e.m.s.autoconfigure.EmbeddedMongo    : 2026-02-18T06:20:40.600+0000 W STORAGE  [initandlisten] Detected configuration for non-active storage engine mmapv1 when current storage engine is wiredTiger
2026-02-18T06:20:40.600Z  INFO 1843 --- [       Thread-4] d.f.e.m.s.autoconfigure.EmbeddedMongo    : 2026-02-18T06:20:40.600+0000 I CONTROL  [initandlisten]
2026-02-18T06:20:40.601Z  INFO 1843 --- [       Thread-4] d.f.e.m.s.autoconfigure.EmbeddedMongo    : 2026-02-18T06:20:40.600+0000 I CONTROL  [initandlisten] ** WARNING: soft rlimits too low. rlimits set to 31821 processes, 1048576 files. Number of processes should be at least 524288 : 0.5 times number of files.
2026-02-18T06:20:40.601Z  INFO 1843 --- [       Thread-4] d.f.e.m.s.autoconfigure.EmbeddedMongo    : 2026-02-18T06:20:40.600+0000 I STORAGE  [initandlisten] createCollection: admin.system.version with provided UUID: 3771bc24-4592-42e1-b1d2-2887ff80e5b7
2026-02-18T06:20:40.617Z  INFO 1843 --- [       Thread-4] d.f.e.m.s.autoconfigure.EmbeddedMongo    : 2026-02-18T06:20:40.616+0000 I SHARDING [initandlisten] Marking collection admin.system.version as collection version: <unsharded>
2026-02-18T06:20:40.617Z  INFO 1843 --- [       Thread-4] d.f.e.m.s.autoconfigure.EmbeddedMongo    : 2026-02-18T06:20:40.616+0000 I COMMAND  [initandlisten] setting featureCompatibilityVersion to 4.0
2026-02-18T06:20:40.617Z  INFO 1843 --- [       Thread-4] d.f.e.m.s.autoconfigure.EmbeddedMongo    : 2026-02-18T06:20:40.616+0000 I SHARDING [initandlisten] Marking collection local.system.replset as collection version: <unsharded>
2026-02-18T06:20:40.617Z  INFO 1843 --- [       Thread-4] d.f.e.m.s.autoconfigure.EmbeddedMongo    : 2026-02-18T06:20:40.617+0000 I STORAGE  [initandlisten] Finished adjusting the table logging settings for existing WiredTiger tables
2026-02-18T06:20:40.617Z  INFO 1843 --- [       Thread-4] d.f.e.m.s.autoconfigure.EmbeddedMongo    : 2026-02-18T06:20:40.617+0000 I SHARDING [initandlisten] Marking collection admin.system.roles as collection version: <unsharded>
2026-02-18T06:20:40.618Z  INFO 1843 --- [       Thread-4] d.f.e.m.s.autoconfigure.EmbeddedMongo    : 2026-02-18T06:20:40.617+0000 I STORAGE  [initandlisten] createCollection: local.startup_log with generated UUID: 1e80adab-cc2d-42d1-8edb-c1147def97a3
2026-02-18T06:20:40.638Z  INFO 1843 --- [       Thread-4] d.f.e.m.s.autoconfigure.EmbeddedMongo    : 2026-02-18T06:20:40.636+0000 I SHARDING [initandlisten] Marking collection local.startup_log as collection version: <unsharded>
2026-02-18T06:20:40.639Z  INFO 1843 --- [       Thread-4] d.f.e.m.s.autoconfigure.EmbeddedMongo    : 2026-02-18T06:20:40.639+0000 I FTDC     [initandlisten] Initializing full-time diagnostic data capture with directory '/tmp/temp--553babd1-3e54-44c7-9bc4-3f651718ad71/mongod-database13385896364560498024/diagnostic.data'
2026-02-18T06:20:40.646Z  INFO 1843 --- [       Thread-4] d.f.e.m.s.autoconfigure.EmbeddedMongo    : 2026-02-18T06:20:40.646+0000 I SHARDING [LogicalSessionCacheRefresh] Marking collection config.system.sessions as collection version: <unsharded>
2026-02-18T06:20:40.647Z  INFO 1843 --- [       Thread-4] d.f.e.m.s.autoconfigure.EmbeddedMongo    : 2026-02-18T06:20:40.646+0000 I STORAGE  [LogicalSessionCacheRefresh] createCollection: config.system.sessions with generated UUID: 98230d1d-c6d2-4a9e-8aa3-b2b7a9f74a81
2026-02-18T06:20:40.649Z  INFO 1843 --- [       Thread-4] d.f.e.m.s.autoconfigure.EmbeddedMongo    : 2026-02-18T06:20:40.649+0000 I NETWORK  [initandlisten] waiting for connections on port 40581
2026-02-18T06:20:40.678Z  INFO 1843 --- [       Thread-4] d.f.e.m.s.autoconfigure.EmbeddedMongo    : 2026-02-18T06:20:40.678+0000 I INDEX    [LogicalSessionCacheRefresh] build index on: config.system.sessions properties: { v: 2, key: { lastUse: 1 }, name: "lsidTTLIndex", ns: "config.system.sessions", expireAfterSeconds: 1800 }
2026-02-18T06:20:40.679Z  INFO 1843 --- [       Thread-4] d.f.e.m.s.autoconfigure.EmbeddedMongo    : 2026-02-18T06:20:40.678+0000 I INDEX    [LogicalSessionCacheRefresh] 	 building index using bulk method; build may temporarily use up to 500 megabytes of RAM
2026-02-18T06:20:40.679Z  INFO 1843 --- [       Thread-4] d.f.e.m.s.autoconfigure.EmbeddedMongo    : 2026-02-18T06:20:40.679+0000 I INDEX    [LogicalSessionCacheRefresh] build index done.  scanned 0 total records. 0 secs
2026-02-18T06:20:40.680Z  INFO 1843 --- [       Thread-4] d.f.e.m.s.autoconfigure.EmbeddedMongo    : 2026-02-18T06:20:40.679+0000 I SHARDING [LogicalSessionCacheReap] Marking collection config.transactions as collection version: <unsharded>
2026-02-18T06:20:40.963Z  INFO 1843 --- [       Thread-4] d.f.e.m.s.autoconfigure.EmbeddedMongo    : 2026-02-18T06:20:40.961+0000 I NETWORK  [listener] connection accepted from 127.0.0.1:33746 #1 (1 connection now open)
2026-02-18T06:20:40.964Z  INFO 1843 --- [       Thread-4] d.f.e.m.s.autoconfigure.EmbeddedMongo    : 2026-02-18T06:20:40.964+0000 I NETWORK  [listener] connection accepted from 127.0.0.1:33758 #2 (2 connections now open)
2026-02-18T06:20:40.970Z  INFO 1843 --- [           main] org.mongodb.driver.client                : MongoClient with metadata {"driver": {"name": "mongo-java-driver|sync|spring-boot", "version": "4.11.1"}, "os": {"type": "Linux", "name": "Linux", "architecture": "amd64", "version": "6.8.0"}, "platform": "Java/Ubuntu/21.0.9+10-Ubuntu-124.04"} created with settings MongoClientSettings{readPreference=primary, writeConcern=WriteConcern{w=null, wTimeout=null ms, journal=null}, retryWrites=true, retryReads=true, readConcern=ReadConcern{level=null}, credential=null, transportSettings=null, streamFactoryFactory=null, commandListeners=[], codecRegistry=ProvidersCodecRegistry{codecProviders=[ValueCodecProvider{}, BsonValueCodecProvider{}, DBRefCodecProvider{}, DBObjectCodecProvider{}, DocumentCodecProvider{}, CollectionCodecProvider{}, IterableCodecProvider{}, MapCodecProvider{}, GeoJsonCodecProvider{}, GridFSFileCodecProvider{}, Jsr310CodecProvider{}, JsonObjectCodecProvider{}, BsonCodecProvider{}, EnumCodecProvider{}, com.mongodb.client.model.mql.ExpressionCodecProvider@397113b0, com.mongodb.Jep395RecordCodecProvider@559201f4, com.mongodb.KotlinCodecProvider@75896fca]}, loggerSettings=LoggerSettings{maxDocumentLength=1000}, clusterSettings={hosts=[localhost:40581], srvServiceName=mongodb, mode=SINGLE, requiredClusterType=UNKNOWN, requiredReplicaSetName='null', serverSelector='null', clusterListeners='[]', serverSelectionTimeout='30000 ms', localThreshold='15 ms'}, socketSettings=SocketSettings{connectTimeoutMS=10000, readTimeoutMS=0, receiveBufferSize=0, proxySettings=ProxySettings{host=null, port=null, username=null, password=null}}, heartbeatSocketSettings=SocketSettings{connectTimeoutMS=10000, readTimeoutMS=10000, receiveBufferSize=0, proxySettings=ProxySettings{host=null, port=null, username=null, password=null}}, connectionPoolSettings=ConnectionPoolSettings{maxSize=100, minSize=0, maxWaitTimeMS=120000, maxConnectionLifeTimeMS=0, maxConnectionIdleTimeMS=0, maintenanceInitialDelayMS=0, maintenanceFrequencyMS=60000, connectionPoolListeners=[], maxConnecting=2}, serverSettings=ServerSettings{heartbeatFrequencyMS=10000, minHeartbeatFrequencyMS=500, serverListeners='[]', serverMonitorListeners='[]'}, sslSettings=SslSettings{enabled=false, invalidHostNameAllowed=false, context=null}, applicationName='null', compressorList=[], uuidRepresentation=JAVA_LEGACY, serverApi=null, autoEncryptionSettings=null, dnsClient=null, inetAddressResolver=null, contextProvider=null}
2026-02-18T06:20:40.994Z  INFO 1843 --- [       Thread-4] d.f.e.m.s.autoconfigure.EmbeddedMongo    : 2026-02-18T06:20:40.994+0000 I NETWORK  [conn2] received client metadata from 127.0.0.1:33758 conn2: { driver: { name: "mongo-java-driver|sync|spring-boot", version: "4.11.1" }, os: { type: "Linux", name: "Linux", architecture: "amd64", version: "6.8.0" }, platform: "Java/Ubuntu/21.0.9+10-Ubuntu-124.04" }
2026-02-18T06:20:41.000Z  INFO 1843 --- [       Thread-4] d.f.e.m.s.autoconfigure.EmbeddedMongo    : 2026-02-18T06:20:41.000+0000 I NETWORK  [conn1] received client metadata from 127.0.0.1:33746 conn1: { driver: { name: "mongo-java-driver|sync|spring-boot", version: "4.11.1" }, os: { type: "Linux", name: "Linux", architecture: "amd64", version: "6.8.0" }, platform: "Java/Ubuntu/21.0.9+10-Ubuntu-124.04" }
2026-02-18T06:20:41.003Z  INFO 1843 --- [       Thread-4] d.f.e.m.s.autoconfigure.EmbeddedMongo    : 2026-02-18T06:20:41.003+0000 I SHARDING [ftdc] Marking collection local.oplog.rs as collection version: <unsharded>
2026-02-18T06:20:41.075Z  INFO 1843 --- [localhost:40581] org.mongodb.driver.cluster               : Monitor thread successfully connected to server with description ServerDescription{address=localhost:40581, type=STANDALONE, state=CONNECTED, ok=true, minWireVersion=0, maxWireVersion=7, maxDocumentSize=16777216, logicalSessionTimeoutMinutes=30, roundTripTimeNanos=98067959}
2026-02-18T06:20:43.197Z  INFO 1843 --- [           main] r$InitializeUserDetailsManagerConfigurer : Global AuthenticationManager configured with UserDetailsService bean with name userDetailsServiceImpl
2026-02-18T06:20:44.027Z  WARN 1843 --- [           main] JpaBaseConfiguration$JpaWebConfiguration : spring.jpa.open-in-view is enabled by default. Therefore, database queries may be performed during view rendering. Explicitly configure spring.jpa.open-in-view to disable this warning
2026-02-18T06:20:45.722Z  INFO 1843 --- [           main] o.s.m.s.b.SimpleBrokerMessageHandler     : Starting...
2026-02-18T06:20:45.723Z  INFO 1843 --- [           main] o.s.m.s.b.SimpleBrokerMessageHandler     : BrokerAvailabilityEvent[available=true, SimpleBrokerMessageHandler [org.springframework.messaging.simp.broker.DefaultSubscriptionRegistry@5c3096f7]]
2026-02-18T06:20:45.724Z  INFO 1843 --- [           main] o.s.m.s.b.SimpleBrokerMessageHandler     : Started.
2026-02-18T06:20:45.757Z  INFO 1843 --- [           main] .s.SimulationMatchServicePerformanceTest : Started SimulationMatchServicePerformanceTest in 30.153 seconds (process running for 33.851)
2026-02-18T06:20:45.764Z  INFO 1843 --- [           main] com.lollito.fm.DatabaseLoader            : Loading Database
Hibernate: select r1_0."id",r1_0."name" from "role" r1_0 where r1_0."name"=?
Hibernate: insert into "role" ("name","id") values (?,default)
Hibernate: select r1_0."id",r1_0."name" from "role" r1_0 where r1_0."name"=?
Hibernate: insert into "role" ("name","id") values (?,default)
Hibernate: select u1_0."id" from "user" u1_0 where u1_0."username"=? fetch first ? rows only
Hibernate: insert into "user" ("account_locked_until","activation_token","active","admin_role","ban_reason","banned_by","banned_until","club_id","country_id","country","created_by","created_date","date_of_birth","email","email_verification_token","email_verification_token_expiry","experience","failed_login_attempts","first_name","is_active","is_banned","is_verified","last_login_date","last_login_ip","last_modified_by","last_modified_date","last_name","name","password","password_changed_date","password_reset_token","password_reset_token_expiry","phone_number","preferred_language","server_id","surname","timezone","username","id") values (?,?,?,?,?,?,?,?,?,?,?,?,?,?,?,?,?,?,?,?,?,?,?,?,?,?,?,?,?,?,?,?,?,?,?,?,?,?,default)
Hibernate: insert into "user_roles" ("user_id","roles_id") values (?,?)
Hibernate: select u1_0."id" from "user" u1_0 where u1_0."username"=? fetch first ? rows only
Hibernate: insert into "user" ("account_locked_until","activation_token","active","admin_role","ban_reason","banned_by","banned_until","club_id","country_id","country","created_by","created_date","date_of_birth","email","email_verification_token","email_verification_token_expiry","experience","failed_login_attempts","first_name","is_active","is_banned","is_verified","last_login_date","last_login_ip","last_modified_by","last_modified_date","last_name","name","password","password_changed_date","password_reset_token","password_reset_token_expiry","phone_number","preferred_language","server_id","surname","timezone","username","id") values (?,?,?,?,?,?,?,?,?,?,?,?,?,?,?,?,?,?,?,?,?,?,?,?,?,?,?,?,?,?,?,?,?,?,?,?,?,?,default)
Hibernate: insert into "user_roles" ("user_id","roles_id") values (?,?)
Hibernate: select m1_0."id",m1_0."cd",m1_0."fw",m1_0."mf",m1_0."name",m1_0."wb",m1_0."wng" from "module" m1_0
Hibernate: insert into "module" ("cd","fw","mf","name","wb","wng","id") values (?,?,?,?,?,?,default)
Hibernate: insert into "module" ("cd","fw","mf","name","wb","wng","id") values (?,?,?,?,?,?,default)
Hibernate: insert into "module" ("cd","fw","mf","name","wb","wng","id") values (?,?,?,?,?,?,default)
Hibernate: insert into "module" ("cd","fw","mf","name","wb","wng","id") values (?,?,?,?,?,?,default)
Hibernate: insert into "module" ("cd","fw","mf","name","wb","wng","id") values (?,?,?,?,?,?,default)
Hibernate: insert into "module" ("cd","fw","mf","name","wb","wng","id") values (?,?,?,?,?,?,default)
Hibernate: insert into "module" ("cd","fw","mf","name","wb","wng","id") values (?,?,?,?,?,?,default)
Hibernate: select count(*) from "country" c1_0
Hibernate: insert into "country" ("create_league","flag_url","name","id") values (?,?,?,default)
Hibernate: insert into "country" ("create_league","flag_url","name","id") values (?,?,?,default)
Hibernate: insert into "country" ("create_league","flag_url","name","id") values (?,?,?,default)
Hibernate: insert into "country" ("create_league","flag_url","name","id") values (?,?,?,default)
Hibernate: insert into "country" ("create_league","flag_url","name","id") values (?,?,?,default)
Hibernate: insert into "country" ("create_league","flag_url","name","id") values (?,?,?,default)
Hibernate: insert into "country" ("create_league","flag_url","name","id") values (?,?,?,default)
Hibernate: insert into "country" ("create_league","flag_url","name","id") values (?,?,?,default)
Hibernate: insert into "country" ("create_league","flag_url","name","id") values (?,?,?,default)
Hibernate: insert into "country" ("create_league","flag_url","name","id") values (?,?,?,default)
Hibernate: insert into "country" ("create_league","flag_url","name","id") values (?,?,?,default)
Hibernate: insert into "country" ("create_league","flag_url","name","id") values (?,?,?,default)
Hibernate: insert into "country" ("create_league","flag_url","name","id") values (?,?,?,default)
Hibernate: insert into "country" ("create_league","flag_url","name","id") values (?,?,?,default)
Hibernate: insert into "country" ("create_league","flag_url","name","id") values (?,?,?,default)
Hibernate: insert into "country" ("create_league","flag_url","name","id") values (?,?,?,default)
Hibernate: insert into "country" ("create_league","flag_url","name","id") values (?,?,?,default)
Hibernate: insert into "country" ("create_league","flag_url","name","id") values (?,?,?,default)
Hibernate: insert into "country" ("create_league","flag_url","name","id") values (?,?,?,default)
Hibernate: insert into "country" ("create_league","flag_url","name","id") values (?,?,?,default)
Hibernate: insert into "country" ("create_league","flag_url","name","id") values (?,?,?,default)
Hibernate: insert into "country" ("create_league","flag_url","name","id") values (?,?,?,default)
Hibernate: insert into "country" ("create_league","flag_url","name","id") values (?,?,?,default)
Hibernate: insert into "country" ("create_league","flag_url","name","id") values (?,?,?,default)
Hibernate: insert into "country" ("create_league","flag_url","name","id") values (?,?,?,default)
Hibernate: insert into "country" ("create_league","flag_url","name","id") values (?,?,?,default)
Hibernate: insert into "country" ("create_league","flag_url","name","id") values (?,?,?,default)
Hibernate: insert into "country" ("create_league","flag_url","name","id") values (?,?,?,default)
Hibernate: insert into "country" ("create_league","flag_url","name","id") values (?,?,?,default)
Hibernate: insert into "country" ("create_league","flag_url","name","id") values (?,?,?,default)
Hibernate: insert into "country" ("create_league","flag_url","name","id") values (?,?,?,default)
Hibernate: insert into "country" ("create_league","flag_url","name","id") values (?,?,?,default)
Hibernate: insert into "country" ("create_league","flag_url","name","id") values (?,?,?,default)
Hibernate: insert into "country" ("create_league","flag_url","name","id") values (?,?,?,default)
Hibernate: insert into "country" ("create_league","flag_url","name","id") values (?,?,?,default)
Hibernate: insert into "country" ("create_league","flag_url","name","id") values (?,?,?,default)
Hibernate: insert into "country" ("create_league","flag_url","name","id") values (?,?,?,default)
Hibernate: insert into "country" ("create_league","flag_url","name","id") values (?,?,?,default)
Hibernate: insert into "country" ("create_league","flag_url","name","id") values (?,?,?,default)
Hibernate: insert into "country" ("create_league","flag_url","name","id") values (?,?,?,default)
Hibernate: insert into "country" ("create_league","flag_url","name","id") values (?,?,?,default)
Hibernate: insert into "country" ("create_league","flag_url","name","id") values (?,?,?,default)
Hibernate: insert into "country" ("create_league","flag_url","name","id") values (?,?,?,default)
Hibernate: insert into "country" ("create_league","flag_url","name","id") values (?,?,?,default)
Hibernate: insert into "country" ("create_league","flag_url","name","id") values (?,?,?,default)
Hibernate: insert into "country" ("create_league","flag_url","name","id") values (?,?,?,default)
Hibernate: insert into "country" ("create_league","flag_url","name","id") values (?,?,?,default)
Hibernate: insert into "country" ("create_league","flag_url","name","id") values (?,?,?,default)
Hibernate: insert into "country" ("create_league","flag_url","name","id") values (?,?,?,default)
Hibernate: insert into "country" ("create_league","flag_url","name","id") values (?,?,?,default)
Hibernate: insert into "country" ("create_league","flag_url","name","id") values (?,?,?,default)
Hibernate: insert into "country" ("create_league","flag_url","name","id") values (?,?,?,default)
Hibernate: insert into "country" ("create_league","flag_url","name","id") values (?,?,?,default)
Hibernate: insert into "country" ("create_league","flag_url","name","id") values (?,?,?,default)
Hibernate: insert into "country" ("create_league","flag_url","name","id") values (?,?,?,default)
Hibernate: insert into "country" ("create_league","flag_url","name","id") values (?,?,?,default)
Hibernate: insert into "country" ("create_league","flag_url","name","id") values (?,?,?,default)
Hibernate: insert into "country" ("create_league","flag_url","name","id") values (?,?,?,default)
Hibernate: insert into "country" ("create_league","flag_url","name","id") values (?,?,?,default)
Hibernate: insert into "country" ("create_league","flag_url","name","id") values (?,?,?,default)
Hibernate: insert into "country" ("create_league","flag_url","name","id") values (?,?,?,default)
Hibernate: insert into "country" ("create_league","flag_url","name","id") values (?,?,?,default)
Hibernate: insert into "country" ("create_league","flag_url","name","id") values (?,?,?,default)
Hibernate: insert into "country" ("create_league","flag_url","name","id") values (?,?,?,default)
Hibernate: insert into "country" ("create_league","flag_url","name","id") values (?,?,?,default)
Hibernate: insert into "country" ("create_league","flag_url","name","id") values (?,?,?,default)
Hibernate: insert into "country" ("create_league","flag_url","name","id") values (?,?,?,default)
Hibernate: insert into "country" ("create_league","flag_url","name","id") values (?,?,?,default)
Hibernate: insert into "country" ("create_league","flag_url","name","id") values (?,?,?,default)
Hibernate: insert into "country" ("create_league","flag_url","name","id") values (?,?,?,default)
Hibernate: insert into "country" ("create_league","flag_url","name","id") values (?,?,?,default)
Hibernate: insert into "country" ("create_league","flag_url","name","id") values (?,?,?,default)
Hibernate: insert into "country" ("create_league","flag_url","name","id") values (?,?,?,default)
Hibernate: insert into "country" ("create_league","flag_url","name","id") values (?,?,?,default)
Hibernate: insert into "country" ("create_league","flag_url","name","id") values (?,?,?,default)
Hibernate: insert into "country" ("create_league","flag_url","name","id") values (?,?,?,default)
Hibernate: insert into "country" ("create_league","flag_url","name","id") values (?,?,?,default)
Hibernate: insert into "country" ("create_league","flag_url","name","id") values (?,?,?,default)
Hibernate: insert into "country" ("create_league","flag_url","name","id") values (?,?,?,default)
Hibernate: insert into "country" ("create_league","flag_url","name","id") values (?,?,?,default)
Hibernate: insert into "country" ("create_league","flag_url","name","id") values (?,?,?,default)
Hibernate: insert into "country" ("create_league","flag_url","name","id") values (?,?,?,default)
Hibernate: insert into "country" ("create_league","flag_url","name","id") values (?,?,?,default)
Hibernate: insert into "country" ("create_league","flag_url","name","id") values (?,?,?,default)
Hibernate: insert into "country" ("create_league","flag_url","name","id") values (?,?,?,default)
Hibernate: insert into "country" ("create_league","flag_url","name","id") values (?,?,?,default)
Hibernate: insert into "country" ("create_league","flag_url","name","id") values (?,?,?,default)
Hibernate: insert into "country" ("create_league","flag_url","name","id") values (?,?,?,default)
Hibernate: insert into "country" ("create_league","flag_url","name","id") values (?,?,?,default)
Hibernate: insert into "country" ("create_league","flag_url","name","id") values (?,?,?,default)
Hibernate: insert into "country" ("create_league","flag_url","name","id") values (?,?,?,default)
Hibernate: insert into "country" ("create_league","flag_url","name","id") values (?,?,?,default)
Hibernate: insert into "country" ("create_league","flag_url","name","id") values (?,?,?,default)
Hibernate: insert into "country" ("create_league","flag_url","name","id") values (?,?,?,default)
Hibernate: insert into "country" ("create_league","flag_url","name","id") values (?,?,?,default)
Hibernate: insert into "country" ("create_league","flag_url","name","id") values (?,?,?,default)
Hibernate: insert into "country" ("create_league","flag_url","name","id") values (?,?,?,default)
Hibernate: insert into "country" ("create_league","flag_url","name","id") values (?,?,?,default)
Hibernate: insert into "country" ("create_league","flag_url","name","id") values (?,?,?,default)
Hibernate: insert into "country" ("create_league","flag_url","name","id") values (?,?,?,default)
Hibernate: insert into "country" ("create_league","flag_url","name","id") values (?,?,?,default)
Hibernate: insert into "country" ("create_league","flag_url","name","id") values (?,?,?,default)
Hibernate: insert into "country" ("create_league","flag_url","name","id") values (?,?,?,default)
Hibernate: insert into "country" ("create_league","flag_url","name","id") values (?,?,?,default)
Hibernate: insert into "country" ("create_league","flag_url","name","id") values (?,?,?,default)
Hibernate: insert into "country" ("create_league","flag_url","name","id") values (?,?,?,default)
Hibernate: insert into "country" ("create_league","flag_url","name","id") values (?,?,?,default)
Hibernate: insert into "country" ("create_league","flag_url","name","id") values (?,?,?,default)
Hibernate: insert into "country" ("create_league","flag_url","name","id") values (?,?,?,default)
Hibernate: insert into "country" ("create_league","flag_url","name","id") values (?,?,?,default)
Hibernate: insert into "country" ("create_league","flag_url","name","id") values (?,?,?,default)
Hibernate: insert into "country" ("create_league","flag_url","name","id") values (?,?,?,default)
Hibernate: insert into "country" ("create_league","flag_url","name","id") values (?,?,?,default)
Hibernate: insert into "country" ("create_league","flag_url","name","id") values (?,?,?,default)
Hibernate: insert into "country" ("create_league","flag_url","name","id") values (?,?,?,default)
Hibernate: insert into "country" ("create_league","flag_url","name","id") values (?,?,?,default)
Hibernate: insert into "country" ("create_league","flag_url","name","id") values (?,?,?,default)
Hibernate: insert into "country" ("create_league","flag_url","name","id") values (?,?,?,default)
Hibernate: insert into "country" ("create_league","flag_url","name","id") values (?,?,?,default)
Hibernate: insert into "country" ("create_league","flag_url","name","id") values (?,?,?,default)
Hibernate: insert into "country" ("create_league","flag_url","name","id") values (?,?,?,default)
Hibernate: insert into "country" ("create_league","flag_url","name","id") values (?,?,?,default)
Hibernate: insert into "country" ("create_league","flag_url","name","id") values (?,?,?,default)
Hibernate: insert into "country" ("create_league","flag_url","name","id") values (?,?,?,default)
Hibernate: insert into "country" ("create_league","flag_url","name","id") values (?,?,?,default)
Hibernate: insert into "country" ("create_league","flag_url","name","id") values (?,?,?,default)
Hibernate: insert into "country" ("create_league","flag_url","name","id") values (?,?,?,default)
Hibernate: insert into "country" ("create_league","flag_url","name","id") values (?,?,?,default)
Hibernate: insert into "country" ("create_league","flag_url","name","id") values (?,?,?,default)
Hibernate: insert into "country" ("create_league","flag_url","name","id") values (?,?,?,default)
Hibernate: insert into "country" ("create_league","flag_url","name","id") values (?,?,?,default)
Hibernate: insert into "country" ("create_league","flag_url","name","id") values (?,?,?,default)
Hibernate: insert into "country" ("create_league","flag_url","name","id") values (?,?,?,default)
Hibernate: insert into "country" ("create_league","flag_url","name","id") values (?,?,?,default)
Hibernate: insert into "country" ("create_league","flag_url","name","id") values (?,?,?,default)
Hibernate: insert into "country" ("create_league","flag_url","name","id") values (?,?,?,default)
Hibernate: insert into "country" ("create_league","flag_url","name","id") values (?,?,?,default)
Hibernate: insert into "country" ("create_league","flag_url","name","id") values (?,?,?,default)
Hibernate: insert into "country" ("create_league","flag_url","name","id") values (?,?,?,default)
Hibernate: insert into "country" ("create_league","flag_url","name","id") values (?,?,?,default)
Hibernate: insert into "country" ("create_league","flag_url","name","id") values (?,?,?,default)
Hibernate: insert into "country" ("create_league","flag_url","name","id") values (?,?,?,default)
Hibernate: insert into "country" ("create_league","flag_url","name","id") values (?,?,?,default)
Hibernate: insert into "country" ("create_league","flag_url","name","id") values (?,?,?,default)
Hibernate: insert into "country" ("create_league","flag_url","name","id") values (?,?,?,default)
Hibernate: insert into "country" ("create_league","flag_url","name","id") values (?,?,?,default)
Hibernate: insert into "country" ("create_league","flag_url","name","id") values (?,?,?,default)
Hibernate: insert into "country" ("create_league","flag_url","name","id") values (?,?,?,default)
Hibernate: insert into "country" ("create_league","flag_url","name","id") values (?,?,?,default)
Hibernate: insert into "country" ("create_league","flag_url","name","id") values (?,?,?,default)
Hibernate: insert into "country" ("create_league","flag_url","name","id") values (?,?,?,default)
Hibernate: insert into "country" ("create_league","flag_url","name","id") values (?,?,?,default)
Hibernate: insert into "country" ("create_league","flag_url","name","id") values (?,?,?,default)
Hibernate: insert into "country" ("create_league","flag_url","name","id") values (?,?,?,default)
Hibernate: insert into "country" ("create_league","flag_url","name","id") values (?,?,?,default)
Hibernate: insert into "country" ("create_league","flag_url","name","id") values (?,?,?,default)
Hibernate: insert into "country" ("create_league","flag_url","name","id") values (?,?,?,default)
Hibernate: insert into "country" ("create_league","flag_url","name","id") values (?,?,?,default)
Hibernate: insert into "country" ("create_league","flag_url","name","id") values (?,?,?,default)
Hibernate: insert into "country" ("create_league","flag_url","name","id") values (?,?,?,default)
Hibernate: insert into "country" ("create_league","flag_url","name","id") values (?,?,?,default)
Hibernate: insert into "country" ("create_league","flag_url","name","id") values (?,?,?,default)
Hibernate: insert into "country" ("create_league","flag_url","name","id") values (?,?,?,default)
Hibernate: insert into "country" ("create_league","flag_url","name","id") values (?,?,?,default)
Hibernate: insert into "country" ("create_league","flag_url","name","id") values (?,?,?,default)
Hibernate: insert into "country" ("create_league","flag_url","name","id") values (?,?,?,default)
Hibernate: insert into "country" ("create_league","flag_url","name","id") values (?,?,?,default)
Hibernate: insert into "country" ("create_league","flag_url","name","id") values (?,?,?,default)
Hibernate: select s1_0."id",s1_0."crnt_date",s1_0."name",s1_0."owner_id" from "server" s1_0
Hibernate: select u1_0."id",u1_0."account_locked_until",u1_0."activation_token",u1_0."active",u1_0."admin_role",u1_0."ban_reason",u1_0."banned_by",u1_0."banned_until",u1_0."club_id",u1_0."country_id",u1_0."country",u1_0."created_by",u1_0."created_date",u1_0."date_of_birth",u1_0."email",u1_0."email_verification_token",u1_0."email_verification_token_expiry",u1_0."experience",u1_0."failed_login_attempts",u1_0."first_name",u1_0."is_active",u1_0."is_banned",u1_0."is_verified",u1_0."last_login_date",u1_0."last_login_ip",u1_0."last_modified_by",u1_0."last_modified_date",u1_0."last_name",u1_0."name",u1_0."password",u1_0."password_changed_date",u1_0."password_reset_token",u1_0."password_reset_token_expiry",u1_0."phone_number",u1_0."preferred_language",u1_0."server_id",u1_0."surname",u1_0."timezone",u1_0."username" from "user" u1_0 where u1_0."username"=?
Hibernate: select mp1_0."id",mp1_0."current_xp",mp1_0."level",mp1_0."talent_points",up1_0."manager_profile_id",up1_0."perk",mp1_0."user_id" from "manager_profile" mp1_0 left join "manager_unlocked_perks" up1_0 on mp1_0."id"=up1_0."manager_profile_id" where mp1_0."user_id"=?
Hibernate: select c1_0."id",c1_0."create_league",c1_0."flag_url",c1_0."name" from "country" c1_0 where c1_0."create_league"=?
Hibernate: select s1_0."id",s1_0."is_current",s1_0."end_year",s1_0."league_id",s1_0."name",s1_0."next_round_number",s1_0."start_year" from "season" s1_0 where s1_0."is_current"
Hibernate: select s1_0."id",s1_0."is_current",s1_0."end_year",s1_0."league_id",s1_0."name",s1_0."next_round_number",s1_0."start_year" from "season" s1_0 where s1_0."is_current"
Hibernate: select s1_0."id",s1_0."is_current",s1_0."end_year",s1_0."league_id",s1_0."name",s1_0."next_round_number",s1_0."start_year" from "season" s1_0 where s1_0."is_current"
Hibernate: select s1_0."id",s1_0."is_current",s1_0."end_year",s1_0."league_id",s1_0."name",s1_0."next_round_number",s1_0."start_year" from "season" s1_0 where s1_0."is_current"
Hibernate: select s1_0."id",s1_0."is_current",s1_0."end_year",s1_0."league_id",s1_0."name",s1_0."next_round_number",s1_0."start_year" from "season" s1_0 where s1_0."is_current"
Hibernate: insert into "server" ("crnt_date","name","owner_id","id") values (?,?,?,default)
Hibernate: insert into "season" ("is_current","end_year","league_id","name","next_round_number","start_year","id") values (?,?,?,?,?,?,default)
Hibernate: insert into "ranking" ("club_id","drawn","goal_against","goals_for","lost","played","points","season_id","won","id") values (?,?,?,?,?,?,?,?,?,default)
Hibernate: insert into "ranking" ("club_id","drawn","goal_against","goals_for","lost","played","points","season_id","won","id") values (?,?,?,?,?,?,?,?,?,default)
Hibernate: insert into "ranking" ("club_id","drawn","goal_against","goals_for","lost","played","points","season_id","won","id") values (?,?,?,?,?,?,?,?,?,default)
Hibernate: insert into "ranking" ("club_id","drawn","goal_against","goals_for","lost","played","points","season_id","won","id") values (?,?,?,?,?,?,?,?,?,default)
Hibernate: insert into "ranking" ("club_id","drawn","goal_against","goals_for","lost","played","points","season_id","won","id") values (?,?,?,?,?,?,?,?,?,default)
Hibernate: insert into "ranking" ("club_id","drawn","goal_against","goals_for","lost","played","points","season_id","won","id") values (?,?,?,?,?,?,?,?,?,default)
Hibernate: insert into "ranking" ("club_id","drawn","goal_against","goals_for","lost","played","points","season_id","won","id") values (?,?,?,?,?,?,?,?,?,default)
Hibernate: insert into "ranking" ("club_id","drawn","goal_against","goals_for","lost","played","points","season_id","won","id") values (?,?,?,?,?,?,?,?,?,default)
Hibernate: insert into "ranking" ("club_id","drawn","goal_against","goals_for","lost","played","points","season_id","won","id") values (?,?,?,?,?,?,?,?,?,default)
Hibernate: insert into "ranking" ("club_id","drawn","goal_against","goals_for","lost","played","points","season_id","won","id") values (?,?,?,?,?,?,?,?,?,default)
Hibernate: insert into "round" ("last","number","season_id","id") values (?,?,?,default)
Hibernate: insert into "matchh" ("away_id","away_formation_id","away_score","date","finish","home_id","home_formation_id","home_score","last","round_id","spectators","match_id","status","id") values (?,?,?,?,?,?,?,?,?,?,?,?,?,default)
Hibernate: insert into "matchh" ("away_id","away_formation_id","away_score","date","finish","home_id","home_formation_id","home_score","last","round_id","spectators","match_id","status","id") values (?,?,?,?,?,?,?,?,?,?,?,?,?,default)
Hibernate: insert into "matchh" ("away_id","away_formation_id","away_score","date","finish","home_id","home_formation_id","home_score","last","round_id","spectators","match_id","status","id") values (?,?,?,?,?,?,?,?,?,?,?,?,?,default)
Hibernate: insert into "matchh" ("away_id","away_formation_id","away_score","date","finish","home_id","home_formation_id","home_score","last","round_id","spectators","match_id","status","id") values (?,?,?,?,?,?,?,?,?,?,?,?,?,default)
Hibernate: insert into "matchh" ("away_id","away_formation_id","away_score","date","finish","home_id","home_formation_id","home_score","last","round_id","spectators","match_id","status","id") values (?,?,?,?,?,?,?,?,?,?,?,?,?,default)
Hibernate: insert into "round" ("last","number","season_id","id") values (?,?,?,default)
Hibernate: insert into "matchh" ("away_id","away_formation_id","away_score","date","finish","home_id","home_formation_id","home_score","last","round_id","spectators","match_id","status","id") values (?,?,?,?,?,?,?,?,?,?,?,?,?,default)
Hibernate: insert into "matchh" ("away_id","away_formation_id","away_score","date","finish","home_id","home_formation_id","home_score","last","round_id","spectators","match_id","status","id") values (?,?,?,?,?,?,?,?,?,?,?,?,?,default)
Hibernate: insert into "matchh" ("away_id","away_formation_id","away_score","date","finish","home_id","home_formation_id","home_score","last","round_id","spectators","match_id","status","id") values (?,?,?,?,?,?,?,?,?,?,?,?,?,default)
Hibernate: insert into "matchh" ("away_id","away_formation_id","away_score","date","finish","home_id","home_formation_id","home_score","last","round_id","spectators","match_id","status","id") values (?,?,?,?,?,?,?,?,?,?,?,?,?,default)
Hibernate: insert into "matchh" ("away_id","away_formation_id","away_score","date","finish","home_id","home_formation_id","home_score","last","round_id","spectators","match_id","status","id") values (?,?,?,?,?,?,?,?,?,?,?,?,?,default)
Hibernate: insert into "round" ("last","number","season_id","id") values (?,?,?,default)
Hibernate: insert into "matchh" ("away_id","away_formation_id","away_score","date","finish","home_id","home_formation_id","home_score","last","round_id","spectators","match_id","status","id") values (?,?,?,?,?,?,?,?,?,?,?,?,?,default)
Hibernate: insert into "matchh" ("away_id","away_formation_id","away_score","date","finish","home_id","home_formation_id","home_score","last","round_id","spectators","match_id","status","id") values (?,?,?,?,?,?,?,?,?,?,?,?,?,default)
Hibernate: insert into "matchh" ("away_id","away_formation_id","away_score","date","finish","home_id","home_formation_id","home_score","last","round_id","spectators","match_id","status","id") values (?,?,?,?,?,?,?,?,?,?,?,?,?,default)
Hibernate: insert into "matchh" ("away_id","away_formation_id","away_score","date","finish","home_id","home_formation_id","home_score","last","round_id","spectators","match_id","status","id") values (?,?,?,?,?,?,?,?,?,?,?,?,?,default)
Hibernate: insert into "matchh" ("away_id","away_formation_id","away_score","date","finish","home_id","home_formation_id","home_score","last","round_id","spectators","match_id","status","id") values (?,?,?,?,?,?,?,?,?,?,?,?,?,default)
Hibernate: insert into "round" ("last","number","season_id","id") values (?,?,?,default)
Hibernate: insert into "matchh" ("away_id","away_formation_id","away_score","date","finish","home_id","home_formation_id","home_score","last","round_id","spectators","match_id","status","id") values (?,?,?,?,?,?,?,?,?,?,?,?,?,default)
Hibernate: insert into "matchh" ("away_id","away_formation_id","away_score","date","finish","home_id","home_formation_id","home_score","last","round_id","spectators","match_id","status","id") values (?,?,?,?,?,?,?,?,?,?,?,?,?,default)
Hibernate: insert into "matchh" ("away_id","away_formation_id","away_score","date","finish","home_id","home_formation_id","home_score","last","round_id","spectators","match_id","status","id") values (?,?,?,?,?,?,?,?,?,?,?,?,?,default)
Hibernate: insert into "matchh" ("away_id","away_formation_id","away_score","date","finish","home_id","home_formation_id","home_score","last","round_id","spectators","match_id","status","id") values (?,?,?,?,?,?,?,?,?,?,?,?,?,default)
Hibernate: insert into "matchh" ("away_id","away_formation_id","away_score","date","finish","home_id","home_formation_id","home_score","last","round_id","spectators","match_id","status","id") values (?,?,?,?,?,?,?,?,?,?,?,?,?,default)
Hibernate: insert into "round" ("last","number","season_id","id") values (?,?,?,default)
Hibernate: insert into "matchh" ("away_id","away_formation_id","away_score","date","finish","home_id","home_formation_id","home_score","last","round_id","spectators","match_id","status","id") values (?,?,?,?,?,?,?,?,?,?,?,?,?,default)
Hibernate: insert into "matchh" ("away_id","away_formation_id","away_score","date","finish","home_id","home_formation_id","home_score","last","round_id","spectators","match_id","status","id") values (?,?,?,?,?,?,?,?,?,?,?,?,?,default)
Hibernate: insert into "matchh" ("away_id","away_formation_id","away_score","date","finish","home_id","home_formation_id","home_score","last","round_id","spectators","match_id","status","id") values (?,?,?,?,?,?,?,?,?,?,?,?,?,default)
Hibernate: insert into "matchh" ("away_id","away_formation_id","away_score","date","finish","home_id","home_formation_id","home_score","last","round_id","spectators","match_id","status","id") values (?,?,?,?,?,?,?,?,?,?,?,?,?,default)
Hibernate: insert into "matchh" ("away_id","away_formation_id","away_score","date","finish","home_id","home_formation_id","home_score","last","round_id","spectators","match_id","status","id") values (?,?,?,?,?,?,?,?,?,?,?,?,?,default)
Hibernate: insert into "round" ("last","number","season_id","id") values (?,?,?,default)
Hibernate: insert into "matchh" ("away_id","away_formation_id","away_score","date","finish","home_id","home_formation_id","home_score","last","round_id","spectators","match_id","status","id") values (?,?,?,?,?,?,?,?,?,?,?,?,?,default)
Hibernate: insert into "matchh" ("away_id","away_formation_id","away_score","date","finish","home_id","home_formation_id","home_score","last","round_id","spectators","match_id","status","id") values (?,?,?,?,?,?,?,?,?,?,?,?,?,default)
Hibernate: insert into "matchh" ("away_id","away_formation_id","away_score","date","finish","home_id","home_formation_id","home_score","last","round_id","spectators","match_id","status","id") values (?,?,?,?,?,?,?,?,?,?,?,?,?,default)
Hibernate: insert into "matchh" ("away_id","away_formation_id","away_score","date","finish","home_id","home_formation_id","home_score","last","round_id","spectators","match_id","status","id") values (?,?,?,?,?,?,?,?,?,?,?,?,?,default)
Hibernate: insert into "matchh" ("away_id","away_formation_id","away_score","date","finish","home_id","home_formation_id","home_score","last","round_id","spectators","match_id","status","id") values (?,?,?,?,?,?,?,?,?,?,?,?,?,default)
Hibernate: insert into "round" ("last","number","season_id","id") values (?,?,?,default)
Hibernate: insert into "matchh" ("away_id","away_formation_id","away_score","date","finish","home_id","home_formation_id","home_score","last","round_id","spectators","match_id","status","id") values (?,?,?,?,?,?,?,?,?,?,?,?,?,default)
Hibernate: insert into "matchh" ("away_id","away_formation_id","away_score","date","finish","home_id","home_formation_id","home_score","last","round_id","spectators","match_id","status","id") values (?,?,?,?,?,?,?,?,?,?,?,?,?,default)
Hibernate: insert into "matchh" ("away_id","away_formation_id","away_score","date","finish","home_id","home_formation_id","home_score","last","round_id","spectators","match_id","status","id") values (?,?,?,?,?,?,?,?,?,?,?,?,?,default)
Hibernate: insert into "matchh" ("away_id","away_formation_id","away_score","date","finish","home_id","home_formation_id","home_score","last","round_id","spectators","match_id","status","id") values (?,?,?,?,?,?,?,?,?,?,?,?,?,default)
Hibernate: insert into "matchh" ("away_id","away_formation_id","away_score","date","finish","home_id","home_formation_id","home_score","last","round_id","spectators","match_id","status","id") values (?,?,?,?,?,?,?,?,?,?,?,?,?,default)
Hibernate: insert into "round" ("last","number","season_id","id") values (?,?,?,default)
Hibernate: insert into "matchh" ("away_id","away_formation_id","away_score","date","finish","home_id","home_formation_id","home_score","last","round_id","spectators","match_id","status","id") values (?,?,?,?,?,?,?,?,?,?,?,?,?,default)
Hibernate: insert into "matchh" ("away_id","away_formation_id","away_score","date","finish","home_id","home_formation_id","home_score","last","round_id","spectators","match_id","status","id") values (?,?,?,?,?,?,?,?,?,?,?,?,?,default)
Hibernate: insert into "matchh" ("away_id","away_formation_id","away_score","date","finish","home_id","home_formation_id","home_score","last","round_id","spectators","match_id","status","id") values (?,?,?,?,?,?,?,?,?,?,?,?,?,default)
Hibernate: insert into "matchh" ("away_id","away_formation_id","away_score","date","finish","home_id","home_formation_id","home_score","last","round_id","spectators","match_id","status","id") values (?,?,?,?,?,?,?,?,?,?,?,?,?,default)
Hibernate: insert into "matchh" ("away_id","away_formation_id","away_score","date","finish","home_id","home_formation_id","home_score","last","round_id","spectators","match_id","status","id") values (?,?,?,?,?,?,?,?,?,?,?,?,?,default)
Hibernate: insert into "round" ("last","number","season_id","id") values (?,?,?,default)
Hibernate: insert into "matchh" ("away_id","away_formation_id","away_score","date","finish","home_id","home_formation_id","home_score","last","round_id","spectators","match_id","status","id") values (?,?,?,?,?,?,?,?,?,?,?,?,?,default)
Hibernate: insert into "matchh" ("away_id","away_formation_id","away_score","date","finish","home_id","home_formation_id","home_score","last","round_id","spectators","match_id","status","id") values (?,?,?,?,?,?,?,?,?,?,?,?,?,default)
Hibernate: insert into "matchh" ("away_id","away_formation_id","away_score","date","finish","home_id","home_formation_id","home_score","last","round_id","spectators","match_id","status","id") values (?,?,?,?,?,?,?,?,?,?,?,?,?,default)
Hibernate: insert into "matchh" ("away_id","away_formation_id","away_score","date","finish","home_id","home_formation_id","home_score","last","round_id","spectators","match_id","status","id") values (?,?,?,?,?,?,?,?,?,?,?,?,?,default)
Hibernate: insert into "matchh" ("away_id","away_formation_id","away_score","date","finish","home_id","home_formation_id","home_score","last","round_id","spectators","match_id","status","id") values (?,?,?,?,?,?,?,?,?,?,?,?,?,default)
Hibernate: insert into "round" ("last","number","season_id","id") values (?,?,?,default)
Hibernate: insert into "matchh" ("away_id","away_formation_id","away_score","date","finish","home_id","home_formation_id","home_score","last","round_id","spectators","match_id","status","id") values (?,?,?,?,?,?,?,?,?,?,?,?,?,default)
Hibernate: insert into "matchh" ("away_id","away_formation_id","away_score","date","finish","home_id","home_formation_id","home_score","last","round_id","spectators","match_id","status","id") values (?,?,?,?,?,?,?,?,?,?,?,?,?,default)
Hibernate: insert into "matchh" ("away_id","away_formation_id","away_score","date","finish","home_id","home_formation_id","home_score","last","round_id","spectators","match_id","status","id") values (?,?,?,?,?,?,?,?,?,?,?,?,?,default)
Hibernate: insert into "matchh" ("away_id","away_formation_id","away_score","date","finish","home_id","home_formation_id","home_score","last","round_id","spectators","match_id","status","id") values (?,?,?,?,?,?,?,?,?,?,?,?,?,default)
Hibernate: insert into "matchh" ("away_id","away_formation_id","away_score","date","finish","home_id","home_formation_id","home_score","last","round_id","spectators","match_id","status","id") values (?,?,?,?,?,?,?,?,?,?,?,?,?,default)
Hibernate: insert into "round" ("last","number","season_id","id") values (?,?,?,default)
Hibernate: insert into "matchh" ("away_id","away_formation_id","away_score","date","finish","home_id","home_formation_id","home_score","last","round_id","spectators","match_id","status","id") values (?,?,?,?,?,?,?,?,?,?,?,?,?,default)
Hibernate: insert into "matchh" ("away_id","away_formation_id","away_score","date","finish","home_id","home_formation_id","home_score","last","round_id","spectators","match_id","status","id") values (?,?,?,?,?,?,?,?,?,?,?,?,?,default)
Hibernate: insert into "matchh" ("away_id","away_formation_id","away_score","date","finish","home_id","home_formation_id","home_score","last","round_id","spectators","match_id","status","id") values (?,?,?,?,?,?,?,?,?,?,?,?,?,default)
Hibernate: insert into "matchh" ("away_id","away_formation_id","away_score","date","finish","home_id","home_formation_id","home_score","last","round_id","spectators","match_id","status","id") values (?,?,?,?,?,?,?,?,?,?,?,?,?,default)
Hibernate: insert into "matchh" ("away_id","away_formation_id","away_score","date","finish","home_id","home_formation_id","home_score","last","round_id","spectators","match_id","status","id") values (?,?,?,?,?,?,?,?,?,?,?,?,?,default)
Hibernate: insert into "round" ("last","number","season_id","id") values (?,?,?,default)
Hibernate: insert into "matchh" ("away_id","away_formation_id","away_score","date","finish","home_id","home_formation_id","home_score","last","round_id","spectators","match_id","status","id") values (?,?,?,?,?,?,?,?,?,?,?,?,?,default)
Hibernate: insert into "matchh" ("away_id","away_formation_id","away_score","date","finish","home_id","home_formation_id","home_score","last","round_id","spectators","match_id","status","id") values (?,?,?,?,?,?,?,?,?,?,?,?,?,default)
Hibernate: insert into "matchh" ("away_id","away_formation_id","away_score","date","finish","home_id","home_formation_id","home_score","last","round_id","spectators","match_id","status","id") values (?,?,?,?,?,?,?,?,?,?,?,?,?,default)
Hibernate: insert into "matchh" ("away_id","away_formation_id","away_score","date","finish","home_id","home_formation_id","home_score","last","round_id","spectators","match_id","status","id") values (?,?,?,?,?,?,?,?,?,?,?,?,?,default)
Hibernate: insert into "matchh" ("away_id","away_formation_id","away_score","date","finish","home_id","home_formation_id","home_score","last","round_id","spectators","match_id","status","id") values (?,?,?,?,?,?,?,?,?,?,?,?,?,default)
Hibernate: insert into "round" ("last","number","season_id","id") values (?,?,?,default)
Hibernate: insert into "matchh" ("away_id","away_formation_id","away_score","date","finish","home_id","home_formation_id","home_score","last","round_id","spectators","match_id","status","id") values (?,?,?,?,?,?,?,?,?,?,?,?,?,default)
Hibernate: insert into "matchh" ("away_id","away_formation_id","away_score","date","finish","home_id","home_formation_id","home_score","last","round_id","spectators","match_id","status","id") values (?,?,?,?,?,?,?,?,?,?,?,?,?,default)
Hibernate: insert into "matchh" ("away_id","away_formation_id","away_score","date","finish","home_id","home_formation_id","home_score","last","round_id","spectators","match_id","status","id") values (?,?,?,?,?,?,?,?,?,?,?,?,?,default)
Hibernate: insert into "matchh" ("away_id","away_formation_id","away_score","date","finish","home_id","home_formation_id","home_score","last","round_id","spectators","match_id","status","id") values (?,?,?,?,?,?,?,?,?,?,?,?,?,default)
Hibernate: insert into "matchh" ("away_id","away_formation_id","away_score","date","finish","home_id","home_formation_id","home_score","last","round_id","spectators","match_id","status","id") values (?,?,?,?,?,?,?,?,?,?,?,?,?,default)
Hibernate: insert into "round" ("last","number","season_id","id") values (?,?,?,default)
Hibernate: insert into "matchh" ("away_id","away_formation_id","away_score","date","finish","home_id","home_formation_id","home_score","last","round_id","spectators","match_id","status","id") values (?,?,?,?,?,?,?,?,?,?,?,?,?,default)
Hibernate: insert into "matchh" ("away_id","away_formation_id","away_score","date","finish","home_id","home_formation_id","home_score","last","round_id","spectators","match_id","status","id") values (?,?,?,?,?,?,?,?,?,?,?,?,?,default)
Hibernate: insert into "matchh" ("away_id","away_formation_id","away_score","date","finish","home_id","home_formation_id","home_score","last","round_id","spectators","match_id","status","id") values (?,?,?,?,?,?,?,?,?,?,?,?,?,default)
Hibernate: insert into "matchh" ("away_id","away_formation_id","away_score","date","finish","home_id","home_formation_id","home_score","last","round_id","spectators","match_id","status","id") values (?,?,?,?,?,?,?,?,?,?,?,?,?,default)
Hibernate: insert into "matchh" ("away_id","away_formation_id","away_score","date","finish","home_id","home_formation_id","home_score","last","round_id","spectators","match_id","status","id") values (?,?,?,?,?,?,?,?,?,?,?,?,?,default)
Hibernate: insert into "round" ("last","number","season_id","id") values (?,?,?,default)
Hibernate: insert into "matchh" ("away_id","away_formation_id","away_score","date","finish","home_id","home_formation_id","home_score","last","round_id","spectators","match_id","status","id") values (?,?,?,?,?,?,?,?,?,?,?,?,?,default)
Hibernate: insert into "matchh" ("away_id","away_formation_id","away_score","date","finish","home_id","home_formation_id","home_score","last","round_id","spectators","match_id","status","id") values (?,?,?,?,?,?,?,?,?,?,?,?,?,default)
Hibernate: insert into "matchh" ("away_id","away_formation_id","away_score","date","finish","home_id","home_formation_id","home_score","last","round_id","spectators","match_id","status","id") values (?,?,?,?,?,?,?,?,?,?,?,?,?,default)
Hibernate: insert into "matchh" ("away_id","away_formation_id","away_score","date","finish","home_id","home_formation_id","home_score","last","round_id","spectators","match_id","status","id") values (?,?,?,?,?,?,?,?,?,?,?,?,?,default)
Hibernate: insert into "matchh" ("away_id","away_formation_id","away_score","date","finish","home_id","home_formation_id","home_score","last","round_id","spectators","match_id","status","id") values (?,?,?,?,?,?,?,?,?,?,?,?,?,default)
Hibernate: insert into "round" ("last","number","season_id","id") values (?,?,?,default)
Hibernate: insert into "matchh" ("away_id","away_formation_id","away_score","date","finish","home_id","home_formation_id","home_score","last","round_id","spectators","match_id","status","id") values (?,?,?,?,?,?,?,?,?,?,?,?,?,default)
Hibernate: insert into "matchh" ("away_id","away_formation_id","away_score","date","finish","home_id","home_formation_id","home_score","last","round_id","spectators","match_id","status","id") values (?,?,?,?,?,?,?,?,?,?,?,?,?,default)
Hibernate: insert into "matchh" ("away_id","away_formation_id","away_score","date","finish","home_id","home_formation_id","home_score","last","round_id","spectators","match_id","status","id") values (?,?,?,?,?,?,?,?,?,?,?,?,?,default)
Hibernate: insert into "matchh" ("away_id","away_formation_id","away_score","date","finish","home_id","home_formation_id","home_score","last","round_id","spectators","match_id","status","id") values (?,?,?,?,?,?,?,?,?,?,?,?,?,default)
Hibernate: insert into "matchh" ("away_id","away_formation_id","away_score","date","finish","home_id","home_formation_id","home_score","last","round_id","spectators","match_id","status","id") values (?,?,?,?,?,?,?,?,?,?,?,?,?,default)
Hibernate: insert into "round" ("last","number","season_id","id") values (?,?,?,default)
Hibernate: insert into "matchh" ("away_id","away_formation_id","away_score","date","finish","home_id","home_formation_id","home_score","last","round_id","spectators","match_id","status","id") values (?,?,?,?,?,?,?,?,?,?,?,?,?,default)
Hibernate: insert into "matchh" ("away_id","away_formation_id","away_score","date","finish","home_id","home_formation_id","home_score","last","round_id","spectators","match_id","status","id") values (?,?,?,?,?,?,?,?,?,?,?,?,?,default)
Hibernate: insert into "matchh" ("away_id","away_formation_id","away_score","date","finish","home_id","home_formation_id","home_score","last","round_id","spectators","match_id","status","id") values (?,?,?,?,?,?,?,?,?,?,?,?,?,default)
Hibernate: insert into "matchh" ("away_id","away_formation_id","away_score","date","finish","home_id","home_formation_id","home_score","last","round_id","spectators","match_id","status","id") values (?,?,?,?,?,?,?,?,?,?,?,?,?,default)
Hibernate: insert into "matchh" ("away_id","away_formation_id","away_score","date","finish","home_id","home_formation_id","home_score","last","round_id","spectators","match_id","status","id") values (?,?,?,?,?,?,?,?,?,?,?,?,?,default)
Hibernate: insert into "round" ("last","number","season_id","id") values (?,?,?,default)
Hibernate: insert into "matchh" ("away_id","away_formation_id","away_score","date","finish","home_id","home_formation_id","home_score","last","round_id","spectators","match_id","status","id") values (?,?,?,?,?,?,?,?,?,?,?,?,?,default)
Hibernate: insert into "matchh" ("away_id","away_formation_id","away_score","date","finish","home_id","home_formation_id","home_score","last","round_id","spectators","match_id","status","id") values (?,?,?,?,?,?,?,?,?,?,?,?,?,default)
Hibernate: insert into "matchh" ("away_id","away_formation_id","away_score","date","finish","home_id","home_formation_id","home_score","last","round_id","spectators","match_id","status","id") values (?,?,?,?,?,?,?,?,?,?,?,?,?,default)
Hibernate: insert into "matchh" ("away_id","away_formation_id","away_score","date","finish","home_id","home_formation_id","home_score","last","round_id","spectators","match_id","status","id") values (?,?,?,?,?,?,?,?,?,?,?,?,?,default)
Hibernate: insert into "matchh" ("away_id","away_formation_id","away_score","date","finish","home_id","home_formation_id","home_score","last","round_id","spectators","match_id","status","id") values (?,?,?,?,?,?,?,?,?,?,?,?,?,default)
Hibernate: insert into "league" ("country_id","season_id","euro_cup","minor_league_id","name","promotion","relegation","server_id","id") values (?,?,?,?,?,?,?,?,default)
Hibernate: insert into "finance" ("balance","debt","facility_maintenance","last_updated","loan_interest","matchday_revenue","merchandise_revenue","monthly_budget","net_worth","operational_costs","player_salaries","prize_money_revenue","profit_margin","season_budget","sponsorship_revenue","staff_salaries","total_expenses","total_revenue","transfer_expenses","transfer_revenue","tv_rights_revenue","id") values (?,?,?,?,?,?,?,?,?,?,?,?,?,?,?,?,?,?,?,?,?,default)
Hibernate: insert into "stadium" ("accessibility_level","atmosphere_multiplier","base_capacity","capacity","construction_cost","facilities_quality","grandstand_est","grandstand_nord","grandstand_sud","grandstand_west","has_media_center","has_megastore","has_museum","has_roof","has_undersoil_heating","has_vip_boxes","last_upgrade_date","maintenance_cost","name","next_maintenance_date","pitch_quality","revenue_multiplier","security_level","upgrade_value","id") values (?,?,?,?,?,?,?,?,?,?,?,?,?,?,?,?,?,?,?,?,?,?,?,?,default)
Hibernate: insert into "team" ("formation_id","id") values (?,default)
Hibernate: insert into "player" ("birth","cndtion","defending","goalkeeping","moral","name","on_sale","original_team_id","passing","playmaking","potential","preferred_foot","role","salary","scoring","set_pieces","stamina","surname","team_id","winger","id") values (?,?,?,?,?,?,?,?,?,?,?,?,?,?,?,?,?,?,?,?,default)
Hibernate: insert into "player" ("birth","cndtion","defending","goalkeeping","moral","name","on_sale","original_team_id","passing","playmaking","potential","preferred_foot","role","salary","scoring","set_pieces","stamina","surname","team_id","winger","id") values (?,?,?,?,?,?,?,?,?,?,?,?,?,?,?,?,?,?,?,?,default)
Hibernate: insert into "player" ("birth","cndtion","defending","goalkeeping","moral","name","on_sale","original_team_id","passing","playmaking","potential","preferred_foot","role","salary","scoring","set_pieces","stamina","surname","team_id","winger","id") values (?,?,?,?,?,?,?,?,?,?,?,?,?,?,?,?,?,?,?,?,default)
Hibernate: insert into "player" ("birth","cndtion","defending","goalkeeping","moral","name","on_sale","original_team_id","passing","playmaking","potential","preferred_foot","role","salary","scoring","set_pieces","stamina","surname","team_id","winger","id") values (?,?,?,?,?,?,?,?,?,?,?,?,?,?,?,?,?,?,?,?,default)
Hibernate: insert into "player" ("birth","cndtion","defending","goalkeeping","moral","name","on_sale","original_team_id","passing","playmaking","potential","preferred_foot","role","salary","scoring","set_pieces","stamina","surname","team_id","winger","id") values (?,?,?,?,?,?,?,?,?,?,?,?,?,?,?,?,?,?,?,?,default)
Hibernate: insert into "player" ("birth","cndtion","defending","goalkeeping","moral","name","on_sale","original_team_id","passing","playmaking","potential","preferred_foot","role","salary","scoring","set_pieces","stamina","surname","team_id","winger","id") values (?,?,?,?,?,?,?,?,?,?,?,?,?,?,?,?,?,?,?,?,default)
Hibernate: insert into "player" ("birth","cndtion","defending","goalkeeping","moral","name","on_sale","original_team_id","passing","playmaking","potential","preferred_foot","role","salary","scoring","set_pieces","stamina","surname","team_id","winger","id") values (?,?,?,?,?,?,?,?,?,?,?,?,?,?,?,?,?,?,?,?,default)
Hibernate: insert into "player" ("birth","cndtion","defending","goalkeeping","moral","name","on_sale","original_team_id","passing","playmaking","potential","preferred_foot","role","salary","scoring","set_pieces","stamina","surname","team_id","winger","id") values (?,?,?,?,?,?,?,?,?,?,?,?,?,?,?,?,?,?,?,?,default)
Hibernate: insert into "player" ("birth","cndtion","defending","goalkeeping","moral","name","on_sale","original_team_id","passing","playmaking","potential","preferred_foot","role","salary","scoring","set_pieces","stamina","surname","team_id","winger","id") values (?,?,?,?,?,?,?,?,?,?,?,?,?,?,?,?,?,?,?,?,default)
Hibernate: insert into "player" ("birth","cndtion","defending","goalkeeping","moral","name","on_sale","original_team_id","passing","playmaking","potential","preferred_foot","role","salary","scoring","set_pieces","stamina","surname","team_id","winger","id") values (?,?,?,?,?,?,?,?,?,?,?,?,?,?,?,?,?,?,?,?,default)
Hibernate: insert into "player" ("birth","cndtion","defending","goalkeeping","moral","name","on_sale","original_team_id","passing","playmaking","potential","preferred_foot","role","salary","scoring","set_pieces","stamina","surname","team_id","winger","id") values (?,?,?,?,?,?,?,?,?,?,?,?,?,?,?,?,?,?,?,?,default)
Hibernate: insert into "player" ("birth","cndtion","defending","goalkeeping","moral","name","on_sale","original_team_id","passing","playmaking","potential","preferred_foot","role","salary","scoring","set_pieces","stamina","surname","team_id","winger","id") values (?,?,?,?,?,?,?,?,?,?,?,?,?,?,?,?,?,?,?,?,default)
Hibernate: insert into "player" ("birth","cndtion","defending","goalkeeping","moral","name","on_sale","original_team_id","passing","playmaking","potential","preferred_foot","role","salary","scoring","set_pieces","stamina","surname","team_id","winger","id") values (?,?,?,?,?,?,?,?,?,?,?,?,?,?,?,?,?,?,?,?,default)
Hibernate: insert into "player" ("birth","cndtion","defending","goalkeeping","moral","name","on_sale","original_team_id","passing","playmaking","potential","preferred_foot","role","salary","scoring","set_pieces","stamina","surname","team_id","winger","id") values (?,?,?,?,?,?,?,?,?,?,?,?,?,?,?,?,?,?,?,?,default)
Hibernate: insert into "player" ("birth","cndtion","defending","goalkeeping","moral","name","on_sale","original_team_id","passing","playmaking","potential","preferred_foot","role","salary","scoring","set_pieces","stamina","surname","team_id","winger","id") values (?,?,?,?,?,?,?,?,?,?,?,?,?,?,?,?,?,?,?,?,default)
Hibernate: insert into "player" ("birth","cndtion","defending","goalkeeping","moral","name","on_sale","original_team_id","passing","playmaking","potential","preferred_foot","role","salary","scoring","set_pieces","stamina","surname","team_id","winger","id") values (?,?,?,?,?,?,?,?,?,?,?,?,?,?,?,?,?,?,?,?,default)
Hibernate: insert into "player" ("birth","cndtion","defending","goalkeeping","moral","name","on_sale","original_team_id","passing","playmaking","potential","preferred_foot","role","salary","scoring","set_pieces","stamina","surname","team_id","winger","id") values (?,?,?,?,?,?,?,?,?,?,?,?,?,?,?,?,?,?,?,?,default)
Hibernate: insert into "player" ("birth","cndtion","defending","goalkeeping","moral","name","on_sale","original_team_id","passing","playmaking","potential","preferred_foot","role","salary","scoring","set_pieces","stamina","surname","team_id","winger","id") values (?,?,?,?,?,?,?,?,?,?,?,?,?,?,?,?,?,?,?,?,default)
Hibernate: insert into "player" ("birth","cndtion","defending","goalkeeping","moral","name","on_sale","original_team_id","passing","playmaking","potential","preferred_foot","role","salary","scoring","set_pieces","stamina","surname","team_id","winger","id") values (?,?,?,?,?,?,?,?,?,?,?,?,?,?,?,?,?,?,?,?,default)
Hibernate: insert into "player" ("birth","cndtion","defending","goalkeeping","moral","name","on_sale","original_team_id","passing","playmaking","potential","preferred_foot","role","salary","scoring","set_pieces","stamina","surname","team_id","winger","id") values (?,?,?,?,?,?,?,?,?,?,?,?,?,?,?,?,?,?,?,?,default)
Hibernate: insert into "player" ("birth","cndtion","defending","goalkeeping","moral","name","on_sale","original_team_id","passing","playmaking","potential","preferred_foot","role","salary","scoring","set_pieces","stamina","surname","team_id","winger","id") values (?,?,?,?,?,?,?,?,?,?,?,?,?,?,?,?,?,?,?,?,default)
Hibernate: insert into "player" ("birth","cndtion","defending","goalkeeping","moral","name","on_sale","original_team_id","passing","playmaking","potential","preferred_foot","role","salary","scoring","set_pieces","stamina","surname","team_id","winger","id") values (?,?,?,?,?,?,?,?,?,?,?,?,?,?,?,?,?,?,?,?,default)
Hibernate: insert into "player" ("birth","cndtion","defending","goalkeeping","moral","name","on_sale","original_team_id","passing","playmaking","potential","preferred_foot","role","salary","scoring","set_pieces","stamina","surname","team_id","winger","id") values (?,?,?,?,?,?,?,?,?,?,?,?,?,?,?,?,?,?,?,?,default)
Hibernate: insert into "club" ("city","finance_id","foundation","league_id","logourl","medical_center_id","name","stadium_id","team_id","training_facility_id","under18_id","youth_academy_id","id") values (?,?,?,?,?,?,?,?,?,?,?,?,default)
Hibernate: insert into "finance" ("balance","debt","facility_maintenance","last_updated","loan_interest","matchday_revenue","merchandise_revenue","monthly_budget","net_worth","operational_costs","player_salaries","prize_money_revenue","profit_margin","season_budget","sponsorship_revenue","staff_salaries","total_expenses","total_revenue","transfer_expenses","transfer_revenue","tv_rights_revenue","id") values (?,?,?,?,?,?,?,?,?,?,?,?,?,?,?,?,?,?,?,?,?,default)
Hibernate: insert into "stadium" ("accessibility_level","atmosphere_multiplier","base_capacity","capacity","construction_cost","facilities_quality","grandstand_est","grandstand_nord","grandstand_sud","grandstand_west","has_media_center","has_megastore","has_museum","has_roof","has_undersoil_heating","has_vip_boxes","last_upgrade_date","maintenance_cost","name","next_maintenance_date","pitch_quality","revenue_multiplier","security_level","upgrade_value","id") values (?,?,?,?,?,?,?,?,?,?,?,?,?,?,?,?,?,?,?,?,?,?,?,?,default)
Hibernate: insert into "team" ("formation_id","id") values (?,default)
Hibernate: insert into "player" ("birth","cndtion","defending","goalkeeping","moral","name","on_sale","original_team_id","passing","playmaking","potential","preferred_foot","role","salary","scoring","set_pieces","stamina","surname","team_id","winger","id") values (?,?,?,?,?,?,?,?,?,?,?,?,?,?,?,?,?,?,?,?,default)
Hibernate: insert into "player" ("birth","cndtion","defending","goalkeeping","moral","name","on_sale","original_team_id","passing","playmaking","potential","preferred_foot","role","salary","scoring","set_pieces","stamina","surname","team_id","winger","id") values (?,?,?,?,?,?,?,?,?,?,?,?,?,?,?,?,?,?,?,?,default)
Hibernate: insert into "player" ("birth","cndtion","defending","goalkeeping","moral","name","on_sale","original_team_id","passing","playmaking","potential","preferred_foot","role","salary","scoring","set_pieces","stamina","surname","team_id","winger","id") values (?,?,?,?,?,?,?,?,?,?,?,?,?,?,?,?,?,?,?,?,default)
Hibernate: insert into "player" ("birth","cndtion","defending","goalkeeping","moral","name","on_sale","original_team_id","passing","playmaking","potential","preferred_foot","role","salary","scoring","set_pieces","stamina","surname","team_id","winger","id") values (?,?,?,?,?,?,?,?,?,?,?,?,?,?,?,?,?,?,?,?,default)
Hibernate: insert into "player" ("birth","cndtion","defending","goalkeeping","moral","name","on_sale","original_team_id","passing","playmaking","potential","preferred_foot","role","salary","scoring","set_pieces","stamina","surname","team_id","winger","id") values (?,?,?,?,?,?,?,?,?,?,?,?,?,?,?,?,?,?,?,?,default)
Hibernate: insert into "player" ("birth","cndtion","defending","goalkeeping","moral","name","on_sale","original_team_id","passing","playmaking","potential","preferred_foot","role","salary","scoring","set_pieces","stamina","surname","team_id","winger","id") values (?,?,?,?,?,?,?,?,?,?,?,?,?,?,?,?,?,?,?,?,default)
Hibernate: insert into "player" ("birth","cndtion","defending","goalkeeping","moral","name","on_sale","original_team_id","passing","playmaking","potential","preferred_foot","role","salary","scoring","set_pieces","stamina","surname","team_id","winger","id") values (?,?,?,?,?,?,?,?,?,?,?,?,?,?,?,?,?,?,?,?,default)
Hibernate: insert into "player" ("birth","cndtion","defending","goalkeeping","moral","name","on_sale","original_team_id","passing","playmaking","potential","preferred_foot","role","salary","scoring","set_pieces","stamina","surname","team_id","winger","id") values (?,?,?,?,?,?,?,?,?,?,?,?,?,?,?,?,?,?,?,?,default)
Hibernate: insert into "player" ("birth","cndtion","defending","goalkeeping","moral","name","on_sale","original_team_id","passing","playmaking","potential","preferred_foot","role","salary","scoring","set_pieces","stamina","surname","team_id","winger","id") values (?,?,?,?,?,?,?,?,?,?,?,?,?,?,?,?,?,?,?,?,default)
Hibernate: insert into "player" ("birth","cndtion","defending","goalkeeping","moral","name","on_sale","original_team_id","passing","playmaking","potential","preferred_foot","role","salary","scoring","set_pieces","stamina","surname","team_id","winger","id") values (?,?,?,?,?,?,?,?,?,?,?,?,?,?,?,?,?,?,?,?,default)
Hibernate: insert into "player" ("birth","cndtion","defending","goalkeeping","moral","name","on_sale","original_team_id","passing","playmaking","potential","preferred_foot","role","salary","scoring","set_pieces","stamina","surname","team_id","winger","id") values (?,?,?,?,?,?,?,?,?,?,?,?,?,?,?,?,?,?,?,?,default)
Hibernate: insert into "player" ("birth","cndtion","defending","goalkeeping","moral","name","on_sale","original_team_id","passing","playmaking","potential","preferred_foot","role","salary","scoring","set_pieces","stamina","surname","team_id","winger","id") values (?,?,?,?,?,?,?,?,?,?,?,?,?,?,?,?,?,?,?,?,default)
Hibernate: insert into "player" ("birth","cndtion","defending","goalkeeping","moral","name","on_sale","original_team_id","passing","playmaking","potential","preferred_foot","role","salary","scoring","set_pieces","stamina","surname","team_id","winger","id") values (?,?,?,?,?,?,?,?,?,?,?,?,?,?,?,?,?,?,?,?,default)
Hibernate: insert into "player" ("birth","cndtion","defending","goalkeeping","moral","name","on_sale","original_team_id","passing","playmaking","potential","preferred_foot","role","salary","scoring","set_pieces","stamina","surname","team_id","winger","id") values (?,?,?,?,?,?,?,?,?,?,?,?,?,?,?,?,?,?,?,?,default)
Hibernate: insert into "player" ("birth","cndtion","defending","goalkeeping","moral","name","on_sale","original_team_id","passing","playmaking","potential","preferred_foot","role","salary","scoring","set_pieces","stamina","surname","team_id","winger","id") values (?,?,?,?,?,?,?,?,?,?,?,?,?,?,?,?,?,?,?,?,default)
Hibernate: insert into "player" ("birth","cndtion","defending","goalkeeping","moral","name","on_sale","original_team_id","passing","playmaking","potential","preferred_foot","role","salary","scoring","set_pieces","stamina","surname","team_id","winger","id") values (?,?,?,?,?,?,?,?,?,?,?,?,?,?,?,?,?,?,?,?,default)
Hibernate: insert into "player" ("birth","cndtion","defending","goalkeeping","moral","name","on_sale","original_team_id","passing","playmaking","potential","preferred_foot","role","salary","scoring","set_pieces","stamina","surname","team_id","winger","id") values (?,?,?,?,?,?,?,?,?,?,?,?,?,?,?,?,?,?,?,?,default)
Hibernate: insert into "player" ("birth","cndtion","defending","goalkeeping","moral","name","on_sale","original_team_id","passing","playmaking","potential","preferred_foot","role","salary","scoring","set_pieces","stamina","surname","team_id","winger","id") values (?,?,?,?,?,?,?,?,?,?,?,?,?,?,?,?,?,?,?,?,default)
Hibernate: insert into "player" ("birth","cndtion","defending","goalkeeping","moral","name","on_sale","original_team_id","passing","playmaking","potential","preferred_foot","role","salary","scoring","set_pieces","stamina","surname","team_id","winger","id") values (?,?,?,?,?,?,?,?,?,?,?,?,?,?,?,?,?,?,?,?,default)
Hibernate: insert into "player" ("birth","cndtion","defending","goalkeeping","moral","name","on_sale","original_team_id","passing","playmaking","potential","preferred_foot","role","salary","scoring","set_pieces","stamina","surname","team_id","winger","id") values (?,?,?,?,?,?,?,?,?,?,?,?,?,?,?,?,?,?,?,?,default)
Hibernate: insert into "player" ("birth","cndtion","defending","goalkeeping","moral","name","on_sale","original_team_id","passing","playmaking","potential","preferred_foot","role","salary","scoring","set_pieces","stamina","surname","team_id","winger","id") values (?,?,?,?,?,?,?,?,?,?,?,?,?,?,?,?,?,?,?,?,default)
Hibernate: insert into "player" ("birth","cndtion","defending","goalkeeping","moral","name","on_sale","original_team_id","passing","playmaking","potential","preferred_foot","role","salary","scoring","set_pieces","stamina","surname","team_id","winger","id") values (?,?,?,?,?,?,?,?,?,?,?,?,?,?,?,?,?,?,?,?,default)
Hibernate: insert into "player" ("birth","cndtion","defending","goalkeeping","moral","name","on_sale","original_team_id","passing","playmaking","potential","preferred_foot","role","salary","scoring","set_pieces","stamina","surname","team_id","winger","id") values (?,?,?,?,?,?,?,?,?,?,?,?,?,?,?,?,?,?,?,?,default)
Hibernate: insert into "club" ("city","finance_id","foundation","league_id","logourl","medical_center_id","name","stadium_id","team_id","training_facility_id","under18_id","youth_academy_id","id") values (?,?,?,?,?,?,?,?,?,?,?,?,default)
Hibernate: insert into "finance" ("balance","debt","facility_maintenance","last_updated","loan_interest","matchday_revenue","merchandise_revenue","monthly_budget","net_worth","operational_costs","player_salaries","prize_money_revenue","profit_margin","season_budget","sponsorship_revenue","staff_salaries","total_expenses","total_revenue","transfer_expenses","transfer_revenue","tv_rights_revenue","id") values (?,?,?,?,?,?,?,?,?,?,?,?,?,?,?,?,?,?,?,?,?,default)
Hibernate: insert into "stadium" ("accessibility_level","atmosphere_multiplier","base_capacity","capacity","construction_cost","facilities_quality","grandstand_est","grandstand_nord","grandstand_sud","grandstand_west","has_media_center","has_megastore","has_museum","has_roof","has_undersoil_heating","has_vip_boxes","last_upgrade_date","maintenance_cost","name","next_maintenance_date","pitch_quality","revenue_multiplier","security_level","upgrade_value","id") values (?,?,?,?,?,?,?,?,?,?,?,?,?,?,?,?,?,?,?,?,?,?,?,?,default)
Hibernate: insert into "team" ("formation_id","id") values (?,default)
Hibernate: insert into "player" ("birth","cndtion","defending","goalkeeping","moral","name","on_sale","original_team_id","passing","playmaking","potential","preferred_foot","role","salary","scoring","set_pieces","stamina","surname","team_id","winger","id") values (?,?,?,?,?,?,?,?,?,?,?,?,?,?,?,?,?,?,?,?,default)
Hibernate: insert into "player" ("birth","cndtion","defending","goalkeeping","moral","name","on_sale","original_team_id","passing","playmaking","potential","preferred_foot","role","salary","scoring","set_pieces","stamina","surname","team_id","winger","id") values (?,?,?,?,?,?,?,?,?,?,?,?,?,?,?,?,?,?,?,?,default)
Hibernate: insert into "player" ("birth","cndtion","defending","goalkeeping","moral","name","on_sale","original_team_id","passing","playmaking","potential","preferred_foot","role","salary","scoring","set_pieces","stamina","surname","team_id","winger","id") values (?,?,?,?,?,?,?,?,?,?,?,?,?,?,?,?,?,?,?,?,default)
Hibernate: insert into "player" ("birth","cndtion","defending","goalkeeping","moral","name","on_sale","original_team_id","passing","playmaking","potential","preferred_foot","role","salary","scoring","set_pieces","stamina","surname","team_id","winger","id") values (?,?,?,?,?,?,?,?,?,?,?,?,?,?,?,?,?,?,?,?,default)
Hibernate: insert into "player" ("birth","cndtion","defending","goalkeeping","moral","name","on_sale","original_team_id","passing","playmaking","potential","preferred_foot","role","salary","scoring","set_pieces","stamina","surname","team_id","winger","id") values (?,?,?,?,?,?,?,?,?,?,?,?,?,?,?,?,?,?,?,?,default)
Hibernate: insert into "player" ("birth","cndtion","defending","goalkeeping","moral","name","on_sale","original_team_id","passing","playmaking","potential","preferred_foot","role","salary","scoring","set_pieces","stamina","surname","team_id","winger","id") values (?,?,?,?,?,?,?,?,?,?,?,?,?,?,?,?,?,?,?,?,default)
Hibernate: insert into "player" ("birth","cndtion","defending","goalkeeping","moral","name","on_sale","original_team_id","passing","playmaking","potential","preferred_foot","role","salary","scoring","set_pieces","stamina","surname","team_id","winger","id") values (?,?,?,?,?,?,?,?,?,?,?,?,?,?,?,?,?,?,?,?,default)
Hibernate: insert into "player" ("birth","cndtion","defending","goalkeeping","moral","name","on_sale","original_team_id","passing","playmaking","potential","preferred_foot","role","salary","scoring","set_pieces","stamina","surname","team_id","winger","id") values (?,?,?,?,?,?,?,?,?,?,?,?,?,?,?,?,?,?,?,?,default)
Hibernate: insert into "player" ("birth","cndtion","defending","goalkeeping","moral","name","on_sale","original_team_id","passing","playmaking","potential","preferred_foot","role","salary","scoring","set_pieces","stamina","surname","team_id","winger","id") values (?,?,?,?,?,?,?,?,?,?,?,?,?,?,?,?,?,?,?,?,default)
Hibernate: insert into "player" ("birth","cndtion","defending","goalkeeping","moral","name","on_sale","original_team_id","passing","playmaking","potential","preferred_foot","role","salary","scoring","set_pieces","stamina","surname","team_id","winger","id") values (?,?,?,?,?,?,?,?,?,?,?,?,?,?,?,?,?,?,?,?,default)
Hibernate: insert into "player" ("birth","cndtion","defending","goalkeeping","moral","name","on_sale","original_team_id","passing","playmaking","potential","preferred_foot","role","salary","scoring","set_pieces","stamina","surname","team_id","winger","id") values (?,?,?,?,?,?,?,?,?,?,?,?,?,?,?,?,?,?,?,?,default)
Hibernate: insert into "player" ("birth","cndtion","defending","goalkeeping","moral","name","on_sale","original_team_id","passing","playmaking","potential","preferred_foot","role","salary","scoring","set_pieces","stamina","surname","team_id","winger","id") values (?,?,?,?,?,?,?,?,?,?,?,?,?,?,?,?,?,?,?,?,default)
Hibernate: insert into "player" ("birth","cndtion","defending","goalkeeping","moral","name","on_sale","original_team_id","passing","playmaking","potential","preferred_foot","role","salary","scoring","set_pieces","stamina","surname","team_id","winger","id") values (?,?,?,?,?,?,?,?,?,?,?,?,?,?,?,?,?,?,?,?,default)
Hibernate: insert into "player" ("birth","cndtion","defending","goalkeeping","moral","name","on_sale","original_team_id","passing","playmaking","potential","preferred_foot","role","salary","scoring","set_pieces","stamina","surname","team_id","winger","id") values (?,?,?,?,?,?,?,?,?,?,?,?,?,?,?,?,?,?,?,?,default)
Hibernate: insert into "player" ("birth","cndtion","defending","goalkeeping","moral","name","on_sale","original_team_id","passing","playmaking","potential","preferred_foot","role","salary","scoring","set_pieces","stamina","surname","team_id","winger","id") values (?,?,?,?,?,?,?,?,?,?,?,?,?,?,?,?,?,?,?,?,default)
Hibernate: insert into "player" ("birth","cndtion","defending","goalkeeping","moral","name","on_sale","original_team_id","passing","playmaking","potential","preferred_foot","role","salary","scoring","set_pieces","stamina","surname","team_id","winger","id") values (?,?,?,?,?,?,?,?,?,?,?,?,?,?,?,?,?,?,?,?,default)
Hibernate: insert into "player" ("birth","cndtion","defending","goalkeeping","moral","name","on_sale","original_team_id","passing","playmaking","potential","preferred_foot","role","salary","scoring","set_pieces","stamina","surname","team_id","winger","id") values (?,?,?,?,?,?,?,?,?,?,?,?,?,?,?,?,?,?,?,?,default)
Hibernate: insert into "player" ("birth","cndtion","defending","goalkeeping","moral","name","on_sale","original_team_id","passing","playmaking","potential","preferred_foot","role","salary","scoring","set_pieces","stamina","surname","team_id","winger","id") values (?,?,?,?,?,?,?,?,?,?,?,?,?,?,?,?,?,?,?,?,default)
Hibernate: insert into "player" ("birth","cndtion","defending","goalkeeping","moral","name","on_sale","original_team_id","passing","playmaking","potential","preferred_foot","role","salary","scoring","set_pieces","stamina","surname","team_id","winger","id") values (?,?,?,?,?,?,?,?,?,?,?,?,?,?,?,?,?,?,?,?,default)
Hibernate: insert into "player" ("birth","cndtion","defending","goalkeeping","moral","name","on_sale","original_team_id","passing","playmaking","potential","preferred_foot","role","salary","scoring","set_pieces","stamina","surname","team_id","winger","id") values (?,?,?,?,?,?,?,?,?,?,?,?,?,?,?,?,?,?,?,?,default)
Hibernate: insert into "player" ("birth","cndtion","defending","goalkeeping","moral","name","on_sale","original_team_id","passing","playmaking","potential","preferred_foot","role","salary","scoring","set_pieces","stamina","surname","team_id","winger","id") values (?,?,?,?,?,?,?,?,?,?,?,?,?,?,?,?,?,?,?,?,default)
Hibernate: insert into "player" ("birth","cndtion","defending","goalkeeping","moral","name","on_sale","original_team_id","passing","playmaking","potential","preferred_foot","role","salary","scoring","set_pieces","stamina","surname","team_id","winger","id") values (?,?,?,?,?,?,?,?,?,?,?,?,?,?,?,?,?,?,?,?,default)
Hibernate: insert into "player" ("birth","cndtion","defending","goalkeeping","moral","name","on_sale","original_team_id","passing","playmaking","potential","preferred_foot","role","salary","scoring","set_pieces","stamina","surname","team_id","winger","id") values (?,?,?,?,?,?,?,?,?,?,?,?,?,?,?,?,?,?,?,?,default)
Hibernate: insert into "club" ("city","finance_id","foundation","league_id","logourl","medical_center_id","name","stadium_id","team_id","training_facility_id","under18_id","youth_academy_id","id") values (?,?,?,?,?,?,?,?,?,?,?,?,default)
Hibernate: insert into "finance" ("balance","debt","facility_maintenance","last_updated","loan_interest","matchday_revenue","merchandise_revenue","monthly_budget","net_worth","operational_costs","player_salaries","prize_money_revenue","profit_margin","season_budget","sponsorship_revenue","staff_salaries","total_expenses","total_revenue","transfer_expenses","transfer_revenue","tv_rights_revenue","id") values (?,?,?,?,?,?,?,?,?,?,?,?,?,?,?,?,?,?,?,?,?,default)
Hibernate: insert into "stadium" ("accessibility_level","atmosphere_multiplier","base_capacity","capacity","construction_cost","facilities_quality","grandstand_est","grandstand_nord","grandstand_sud","grandstand_west","has_media_center","has_megastore","has_museum","has_roof","has_undersoil_heating","has_vip_boxes","last_upgrade_date","maintenance_cost","name","next_maintenance_date","pitch_quality","revenue_multiplier","security_level","upgrade_value","id") values (?,?,?,?,?,?,?,?,?,?,?,?,?,?,?,?,?,?,?,?,?,?,?,?,default)
Hibernate: insert into "team" ("formation_id","id") values (?,default)
Hibernate: insert into "player" ("birth","cndtion","defending","goalkeeping","moral","name","on_sale","original_team_id","passing","playmaking","potential","preferred_foot","role","salary","scoring","set_pieces","stamina","surname","team_id","winger","id") values (?,?,?,?,?,?,?,?,?,?,?,?,?,?,?,?,?,?,?,?,default)
Hibernate: insert into "player" ("birth","cndtion","defending","goalkeeping","moral","name","on_sale","original_team_id","passing","playmaking","potential","preferred_foot","role","salary","scoring","set_pieces","stamina","surname","team_id","winger","id") values (?,?,?,?,?,?,?,?,?,?,?,?,?,?,?,?,?,?,?,?,default)
Hibernate: insert into "player" ("birth","cndtion","defending","goalkeeping","moral","name","on_sale","original_team_id","passing","playmaking","potential","preferred_foot","role","salary","scoring","set_pieces","stamina","surname","team_id","winger","id") values (?,?,?,?,?,?,?,?,?,?,?,?,?,?,?,?,?,?,?,?,default)
Hibernate: insert into "player" ("birth","cndtion","defending","goalkeeping","moral","name","on_sale","original_team_id","passing","playmaking","potential","preferred_foot","role","salary","scoring","set_pieces","stamina","surname","team_id","winger","id") values (?,?,?,?,?,?,?,?,?,?,?,?,?,?,?,?,?,?,?,?,default)
Hibernate: insert into "player" ("birth","cndtion","defending","goalkeeping","moral","name","on_sale","original_team_id","passing","playmaking","potential","preferred_foot","role","salary","scoring","set_pieces","stamina","surname","team_id","winger","id") values (?,?,?,?,?,?,?,?,?,?,?,?,?,?,?,?,?,?,?,?,default)
Hibernate: insert into "player" ("birth","cndtion","defending","goalkeeping","moral","name","on_sale","original_team_id","passing","playmaking","potential","preferred_foot","role","salary","scoring","set_pieces","stamina","surname","team_id","winger","id") values (?,?,?,?,?,?,?,?,?,?,?,?,?,?,?,?,?,?,?,?,default)
Hibernate: insert into "player" ("birth","cndtion","defending","goalkeeping","moral","name","on_sale","original_team_id","passing","playmaking","potential","preferred_foot","role","salary","scoring","set_pieces","stamina","surname","team_id","winger","id") values (?,?,?,?,?,?,?,?,?,?,?,?,?,?,?,?,?,?,?,?,default)
Hibernate: insert into "player" ("birth","cndtion","defending","goalkeeping","moral","name","on_sale","original_team_id","passing","playmaking","potential","preferred_foot","role","salary","scoring","set_pieces","stamina","surname","team_id","winger","id") values (?,?,?,?,?,?,?,?,?,?,?,?,?,?,?,?,?,?,?,?,default)
Hibernate: insert into "player" ("birth","cndtion","defending","goalkeeping","moral","name","on_sale","original_team_id","passing","playmaking","potential","preferred_foot","role","salary","scoring","set_pieces","stamina","surname","team_id","winger","id") values (?,?,?,?,?,?,?,?,?,?,?,?,?,?,?,?,?,?,?,?,default)
Hibernate: insert into "player" ("birth","cndtion","defending","goalkeeping","moral","name","on_sale","original_team_id","passing","playmaking","potential","preferred_foot","role","salary","scoring","set_pieces","stamina","surname","team_id","winger","id") values (?,?,?,?,?,?,?,?,?,?,?,?,?,?,?,?,?,?,?,?,default)
Hibernate: insert into "player" ("birth","cndtion","defending","goalkeeping","moral","name","on_sale","original_team_id","passing","playmaking","potential","preferred_foot","role","salary","scoring","set_pieces","stamina","surname","team_id","winger","id") values (?,?,?,?,?,?,?,?,?,?,?,?,?,?,?,?,?,?,?,?,default)
Hibernate: insert into "player" ("birth","cndtion","defending","goalkeeping","moral","name","on_sale","original_team_id","passing","playmaking","potential","preferred_foot","role","salary","scoring","set_pieces","stamina","surname","team_id","winger","id") values (?,?,?,?,?,?,?,?,?,?,?,?,?,?,?,?,?,?,?,?,default)
Hibernate: insert into "player" ("birth","cndtion","defending","goalkeeping","moral","name","on_sale","original_team_id","passing","playmaking","potential","preferred_foot","role","salary","scoring","set_pieces","stamina","surname","team_id","winger","id") values (?,?,?,?,?,?,?,?,?,?,?,?,?,?,?,?,?,?,?,?,default)
Hibernate: insert into "player" ("birth","cndtion","defending","goalkeeping","moral","name","on_sale","original_team_id","passing","playmaking","potential","preferred_foot","role","salary","scoring","set_pieces","stamina","surname","team_id","winger","id") values (?,?,?,?,?,?,?,?,?,?,?,?,?,?,?,?,?,?,?,?,default)
Hibernate: insert into "player" ("birth","cndtion","defending","goalkeeping","moral","name","on_sale","original_team_id","passing","playmaking","potential","preferred_foot","role","salary","scoring","set_pieces","stamina","surname","team_id","winger","id") values (?,?,?,?,?,?,?,?,?,?,?,?,?,?,?,?,?,?,?,?,default)
Hibernate: insert into "player" ("birth","cndtion","defending","goalkeeping","moral","name","on_sale","original_team_id","passing","playmaking","potential","preferred_foot","role","salary","scoring","set_pieces","stamina","surname","team_id","winger","id") values (?,?,?,?,?,?,?,?,?,?,?,?,?,?,?,?,?,?,?,?,default)
Hibernate: insert into "player" ("birth","cndtion","defending","goalkeeping","moral","name","on_sale","original_team_id","passing","playmaking","potential","preferred_foot","role","salary","scoring","set_pieces","stamina","surname","team_id","winger","id") values (?,?,?,?,?,?,?,?,?,?,?,?,?,?,?,?,?,?,?,?,default)
Hibernate: insert into "player" ("birth","cndtion","defending","goalkeeping","moral","name","on_sale","original_team_id","passing","playmaking","potential","preferred_foot","role","salary","scoring","set_pieces","stamina","surname","team_id","winger","id") values (?,?,?,?,?,?,?,?,?,?,?,?,?,?,?,?,?,?,?,?,default)
Hibernate: insert into "player" ("birth","cndtion","defending","goalkeeping","moral","name","on_sale","original_team_id","passing","playmaking","potential","preferred_foot","role","salary","scoring","set_pieces","stamina","surname","team_id","winger","id") values (?,?,?,?,?,?,?,?,?,?,?,?,?,?,?,?,?,?,?,?,default)
Hibernate: insert into "player" ("birth","cndtion","defending","goalkeeping","moral","name","on_sale","original_team_id","passing","playmaking","potential","preferred_foot","role","salary","scoring","set_pieces","stamina","surname","team_id","winger","id") values (?,?,?,?,?,?,?,?,?,?,?,?,?,?,?,?,?,?,?,?,default)
Hibernate: insert into "player" ("birth","cndtion","defending","goalkeeping","moral","name","on_sale","original_team_id","passing","playmaking","potential","preferred_foot","role","salary","scoring","set_pieces","stamina","surname","team_id","winger","id") values (?,?,?,?,?,?,?,?,?,?,?,?,?,?,?,?,?,?,?,?,default)
Hibernate: insert into "player" ("birth","cndtion","defending","goalkeeping","moral","name","on_sale","original_team_id","passing","playmaking","potential","preferred_foot","role","salary","scoring","set_pieces","stamina","surname","team_id","winger","id") values (?,?,?,?,?,?,?,?,?,?,?,?,?,?,?,?,?,?,?,?,default)
Hibernate: insert into "player" ("birth","cndtion","defending","goalkeeping","moral","name","on_sale","original_team_id","passing","playmaking","potential","preferred_foot","role","salary","scoring","set_pieces","stamina","surname","team_id","winger","id") values (?,?,?,?,?,?,?,?,?,?,?,?,?,?,?,?,?,?,?,?,default)
Hibernate: insert into "club" ("city","finance_id","foundation","league_id","logourl","medical_center_id","name","stadium_id","team_id","training_facility_id","under18_id","youth_academy_id","id") values (?,?,?,?,?,?,?,?,?,?,?,?,default)
Hibernate: insert into "finance" ("balance","debt","facility_maintenance","last_updated","loan_interest","matchday_revenue","merchandise_revenue","monthly_budget","net_worth","operational_costs","player_salaries","prize_money_revenue","profit_margin","season_budget","sponsorship_revenue","staff_salaries","total_expenses","total_revenue","transfer_expenses","transfer_revenue","tv_rights_revenue","id") values (?,?,?,?,?,?,?,?,?,?,?,?,?,?,?,?,?,?,?,?,?,default)
Hibernate: insert into "stadium" ("accessibility_level","atmosphere_multiplier","base_capacity","capacity","construction_cost","facilities_quality","grandstand_est","grandstand_nord","grandstand_sud","grandstand_west","has_media_center","has_megastore","has_museum","has_roof","has_undersoil_heating","has_vip_boxes","last_upgrade_date","maintenance_cost","name","next_maintenance_date","pitch_quality","revenue_multiplier","security_level","upgrade_value","id") values (?,?,?,?,?,?,?,?,?,?,?,?,?,?,?,?,?,?,?,?,?,?,?,?,default)
Hibernate: insert into "team" ("formation_id","id") values (?,default)
Hibernate: insert into "player" ("birth","cndtion","defending","goalkeeping","moral","name","on_sale","original_team_id","passing","playmaking","potential","preferred_foot","role","salary","scoring","set_pieces","stamina","surname","team_id","winger","id") values (?,?,?,?,?,?,?,?,?,?,?,?,?,?,?,?,?,?,?,?,default)
Hibernate: insert into "player" ("birth","cndtion","defending","goalkeeping","moral","name","on_sale","original_team_id","passing","playmaking","potential","preferred_foot","role","salary","scoring","set_pieces","stamina","surname","team_id","winger","id") values (?,?,?,?,?,?,?,?,?,?,?,?,?,?,?,?,?,?,?,?,default)
Hibernate: insert into "player" ("birth","cndtion","defending","goalkeeping","moral","name","on_sale","original_team_id","passing","playmaking","potential","preferred_foot","role","salary","scoring","set_pieces","stamina","surname","team_id","winger","id") values (?,?,?,?,?,?,?,?,?,?,?,?,?,?,?,?,?,?,?,?,default)
Hibernate: insert into "player" ("birth","cndtion","defending","goalkeeping","moral","name","on_sale","original_team_id","passing","playmaking","potential","preferred_foot","role","salary","scoring","set_pieces","stamina","surname","team_id","winger","id") values (?,?,?,?,?,?,?,?,?,?,?,?,?,?,?,?,?,?,?,?,default)
Hibernate: insert into "player" ("birth","cndtion","defending","goalkeeping","moral","name","on_sale","original_team_id","passing","playmaking","potential","preferred_foot","role","salary","scoring","set_pieces","stamina","surname","team_id","winger","id") values (?,?,?,?,?,?,?,?,?,?,?,?,?,?,?,?,?,?,?,?,default)
Hibernate: insert into "player" ("birth","cndtion","defending","goalkeeping","moral","name","on_sale","original_team_id","passing","playmaking","potential","preferred_foot","role","salary","scoring","set_pieces","stamina","surname","team_id","winger","id") values (?,?,?,?,?,?,?,?,?,?,?,?,?,?,?,?,?,?,?,?,default)
Hibernate: insert into "player" ("birth","cndtion","defending","goalkeeping","moral","name","on_sale","original_team_id","passing","playmaking","potential","preferred_foot","role","salary","scoring","set_pieces","stamina","surname","team_id","winger","id") values (?,?,?,?,?,?,?,?,?,?,?,?,?,?,?,?,?,?,?,?,default)
Hibernate: insert into "player" ("birth","cndtion","defending","goalkeeping","moral","name","on_sale","original_team_id","passing","playmaking","potential","preferred_foot","role","salary","scoring","set_pieces","stamina","surname","team_id","winger","id") values (?,?,?,?,?,?,?,?,?,?,?,?,?,?,?,?,?,?,?,?,default)
Hibernate: insert into "player" ("birth","cndtion","defending","goalkeeping","moral","name","on_sale","original_team_id","passing","playmaking","potential","preferred_foot","role","salary","scoring","set_pieces","stamina","surname","team_id","winger","id") values (?,?,?,?,?,?,?,?,?,?,?,?,?,?,?,?,?,?,?,?,default)
Hibernate: insert into "player" ("birth","cndtion","defending","goalkeeping","moral","name","on_sale","original_team_id","passing","playmaking","potential","preferred_foot","role","salary","scoring","set_pieces","stamina","surname","team_id","winger","id") values (?,?,?,?,?,?,?,?,?,?,?,?,?,?,?,?,?,?,?,?,default)
Hibernate: insert into "player" ("birth","cndtion","defending","goalkeeping","moral","name","on_sale","original_team_id","passing","playmaking","potential","preferred_foot","role","salary","scoring","set_pieces","stamina","surname","team_id","winger","id") values (?,?,?,?,?,?,?,?,?,?,?,?,?,?,?,?,?,?,?,?,default)
Hibernate: insert into "player" ("birth","cndtion","defending","goalkeeping","moral","name","on_sale","original_team_id","passing","playmaking","potential","preferred_foot","role","salary","scoring","set_pieces","stamina","surname","team_id","winger","id") values (?,?,?,?,?,?,?,?,?,?,?,?,?,?,?,?,?,?,?,?,default)
Hibernate: insert into "player" ("birth","cndtion","defending","goalkeeping","moral","name","on_sale","original_team_id","passing","playmaking","potential","preferred_foot","role","salary","scoring","set_pieces","stamina","surname","team_id","winger","id") values (?,?,?,?,?,?,?,?,?,?,?,?,?,?,?,?,?,?,?,?,default)
Hibernate: insert into "player" ("birth","cndtion","defending","goalkeeping","moral","name","on_sale","original_team_id","passing","playmaking","potential","preferred_foot","role","salary","scoring","set_pieces","stamina","surname","team_id","winger","id") values (?,?,?,?,?,?,?,?,?,?,?,?,?,?,?,?,?,?,?,?,default)
Hibernate: insert into "player" ("birth","cndtion","defending","goalkeeping","moral","name","on_sale","original_team_id","passing","playmaking","potential","preferred_foot","role","salary","scoring","set_pieces","stamina","surname","team_id","winger","id") values (?,?,?,?,?,?,?,?,?,?,?,?,?,?,?,?,?,?,?,?,default)
Hibernate: insert into "player" ("birth","cndtion","defending","goalkeeping","moral","name","on_sale","original_team_id","passing","playmaking","potential","preferred_foot","role","salary","scoring","set_pieces","stamina","surname","team_id","winger","id") values (?,?,?,?,?,?,?,?,?,?,?,?,?,?,?,?,?,?,?,?,default)
Hibernate: insert into "player" ("birth","cndtion","defending","goalkeeping","moral","name","on_sale","original_team_id","passing","playmaking","potential","preferred_foot","role","salary","scoring","set_pieces","stamina","surname","team_id","winger","id") values (?,?,?,?,?,?,?,?,?,?,?,?,?,?,?,?,?,?,?,?,default)
Hibernate: insert into "player" ("birth","cndtion","defending","goalkeeping","moral","name","on_sale","original_team_id","passing","playmaking","potential","preferred_foot","role","salary","scoring","set_pieces","stamina","surname","team_id","winger","id") values (?,?,?,?,?,?,?,?,?,?,?,?,?,?,?,?,?,?,?,?,default)
Hibernate: insert into "player" ("birth","cndtion","defending","goalkeeping","moral","name","on_sale","original_team_id","passing","playmaking","potential","preferred_foot","role","salary","scoring","set_pieces","stamina","surname","team_id","winger","id") values (?,?,?,?,?,?,?,?,?,?,?,?,?,?,?,?,?,?,?,?,default)
Hibernate: insert into "player" ("birth","cndtion","defending","goalkeeping","moral","name","on_sale","original_team_id","passing","playmaking","potential","preferred_foot","role","salary","scoring","set_pieces","stamina","surname","team_id","winger","id") values (?,?,?,?,?,?,?,?,?,?,?,?,?,?,?,?,?,?,?,?,default)
Hibernate: insert into "player" ("birth","cndtion","defending","goalkeeping","moral","name","on_sale","original_team_id","passing","playmaking","potential","preferred_foot","role","salary","scoring","set_pieces","stamina","surname","team_id","winger","id") values (?,?,?,?,?,?,?,?,?,?,?,?,?,?,?,?,?,?,?,?,default)
Hibernate: insert into "player" ("birth","cndtion","defending","goalkeeping","moral","name","on_sale","original_team_id","passing","playmaking","potential","preferred_foot","role","salary","scoring","set_pieces","stamina","surname","team_id","winger","id") values (?,?,?,?,?,?,?,?,?,?,?,?,?,?,?,?,?,?,?,?,default)
Hibernate: insert into "player" ("birth","cndtion","defending","goalkeeping","moral","name","on_sale","original_team_id","passing","playmaking","potential","preferred_foot","role","salary","scoring","set_pieces","stamina","surname","team_id","winger","id") values (?,?,?,?,?,?,?,?,?,?,?,?,?,?,?,?,?,?,?,?,default)
Hibernate: insert into "club" ("city","finance_id","foundation","league_id","logourl","medical_center_id","name","stadium_id","team_id","training_facility_id","under18_id","youth_academy_id","id") values (?,?,?,?,?,?,?,?,?,?,?,?,default)
Hibernate: insert into "finance" ("balance","debt","facility_maintenance","last_updated","loan_interest","matchday_revenue","merchandise_revenue","monthly_budget","net_worth","operational_costs","player_salaries","prize_money_revenue","profit_margin","season_budget","sponsorship_revenue","staff_salaries","total_expenses","total_revenue","transfer_expenses","transfer_revenue","tv_rights_revenue","id") values (?,?,?,?,?,?,?,?,?,?,?,?,?,?,?,?,?,?,?,?,?,default)
Hibernate: insert into "stadium" ("accessibility_level","atmosphere_multiplier","base_capacity","capacity","construction_cost","facilities_quality","grandstand_est","grandstand_nord","grandstand_sud","grandstand_west","has_media_center","has_megastore","has_museum","has_roof","has_undersoil_heating","has_vip_boxes","last_upgrade_date","maintenance_cost","name","next_maintenance_date","pitch_quality","revenue_multiplier","security_level","upgrade_value","id") values (?,?,?,?,?,?,?,?,?,?,?,?,?,?,?,?,?,?,?,?,?,?,?,?,default)
Hibernate: insert into "team" ("formation_id","id") values (?,default)
Hibernate: insert into "player" ("birth","cndtion","defending","goalkeeping","moral","name","on_sale","original_team_id","passing","playmaking","potential","preferred_foot","role","salary","scoring","set_pieces","stamina","surname","team_id","winger","id") values (?,?,?,?,?,?,?,?,?,?,?,?,?,?,?,?,?,?,?,?,default)
Hibernate: insert into "player" ("birth","cndtion","defending","goalkeeping","moral","name","on_sale","original_team_id","passing","playmaking","potential","preferred_foot","role","salary","scoring","set_pieces","stamina","surname","team_id","winger","id") values (?,?,?,?,?,?,?,?,?,?,?,?,?,?,?,?,?,?,?,?,default)
Hibernate: insert into "player" ("birth","cndtion","defending","goalkeeping","moral","name","on_sale","original_team_id","passing","playmaking","potential","preferred_foot","role","salary","scoring","set_pieces","stamina","surname","team_id","winger","id") values (?,?,?,?,?,?,?,?,?,?,?,?,?,?,?,?,?,?,?,?,default)
Hibernate: insert into "player" ("birth","cndtion","defending","goalkeeping","moral","name","on_sale","original_team_id","passing","playmaking","potential","preferred_foot","role","salary","scoring","set_pieces","stamina","surname","team_id","winger","id") values (?,?,?,?,?,?,?,?,?,?,?,?,?,?,?,?,?,?,?,?,default)
Hibernate: insert into "player" ("birth","cndtion","defending","goalkeeping","moral","name","on_sale","original_team_id","passing","playmaking","potential","preferred_foot","role","salary","scoring","set_pieces","stamina","surname","team_id","winger","id") values (?,?,?,?,?,?,?,?,?,?,?,?,?,?,?,?,?,?,?,?,default)
Hibernate: insert into "player" ("birth","cndtion","defending","goalkeeping","moral","name","on_sale","original_team_id","passing","playmaking","potential","preferred_foot","role","salary","scoring","set_pieces","stamina","surname","team_id","winger","id") values (?,?,?,?,?,?,?,?,?,?,?,?,?,?,?,?,?,?,?,?,default)
Hibernate: insert into "player" ("birth","cndtion","defending","goalkeeping","moral","name","on_sale","original_team_id","passing","playmaking","potential","preferred_foot","role","salary","scoring","set_pieces","stamina","surname","team_id","winger","id") values (?,?,?,?,?,?,?,?,?,?,?,?,?,?,?,?,?,?,?,?,default)
Hibernate: insert into "player" ("birth","cndtion","defending","goalkeeping","moral","name","on_sale","original_team_id","passing","playmaking","potential","preferred_foot","role","salary","scoring","set_pieces","stamina","surname","team_id","winger","id") values (?,?,?,?,?,?,?,?,?,?,?,?,?,?,?,?,?,?,?,?,default)
Hibernate: insert into "player" ("birth","cndtion","defending","goalkeeping","moral","name","on_sale","original_team_id","passing","playmaking","potential","preferred_foot","role","salary","scoring","set_pieces","stamina","surname","team_id","winger","id") values (?,?,?,?,?,?,?,?,?,?,?,?,?,?,?,?,?,?,?,?,default)
Hibernate: insert into "player" ("birth","cndtion","defending","goalkeeping","moral","name","on_sale","original_team_id","passing","playmaking","potential","preferred_foot","role","salary","scoring","set_pieces","stamina","surname","team_id","winger","id") values (?,?,?,?,?,?,?,?,?,?,?,?,?,?,?,?,?,?,?,?,default)
Hibernate: insert into "player" ("birth","cndtion","defending","goalkeeping","moral","name","on_sale","original_team_id","passing","playmaking","potential","preferred_foot","role","salary","scoring","set_pieces","stamina","surname","team_id","winger","id") values (?,?,?,?,?,?,?,?,?,?,?,?,?,?,?,?,?,?,?,?,default)
Hibernate: insert into "player" ("birth","cndtion","defending","goalkeeping","moral","name","on_sale","original_team_id","passing","playmaking","potential","preferred_foot","role","salary","scoring","set_pieces","stamina","surname","team_id","winger","id") values (?,?,?,?,?,?,?,?,?,?,?,?,?,?,?,?,?,?,?,?,default)
Hibernate: insert into "player" ("birth","cndtion","defending","goalkeeping","moral","name","on_sale","original_team_id","passing","playmaking","potential","preferred_foot","role","salary","scoring","set_pieces","stamina","surname","team_id","winger","id") values (?,?,?,?,?,?,?,?,?,?,?,?,?,?,?,?,?,?,?,?,default)
Hibernate: insert into "player" ("birth","cndtion","defending","goalkeeping","moral","name","on_sale","original_team_id","passing","playmaking","potential","preferred_foot","role","salary","scoring","set_pieces","stamina","surname","team_id","winger","id") values (?,?,?,?,?,?,?,?,?,?,?,?,?,?,?,?,?,?,?,?,default)
Hibernate: insert into "player" ("birth","cndtion","defending","goalkeeping","moral","name","on_sale","original_team_id","passing","playmaking","potential","preferred_foot","role","salary","scoring","set_pieces","stamina","surname","team_id","winger","id") values (?,?,?,?,?,?,?,?,?,?,?,?,?,?,?,?,?,?,?,?,default)
Hibernate: insert into "player" ("birth","cndtion","defending","goalkeeping","moral","name","on_sale","original_team_id","passing","playmaking","potential","preferred_foot","role","salary","scoring","set_pieces","stamina","surname","team_id","winger","id") values (?,?,?,?,?,?,?,?,?,?,?,?,?,?,?,?,?,?,?,?,default)
Hibernate: insert into "player" ("birth","cndtion","defending","goalkeeping","moral","name","on_sale","original_team_id","passing","playmaking","potential","preferred_foot","role","salary","scoring","set_pieces","stamina","surname","team_id","winger","id") values (?,?,?,?,?,?,?,?,?,?,?,?,?,?,?,?,?,?,?,?,default)
Hibernate: insert into "player" ("birth","cndtion","defending","goalkeeping","moral","name","on_sale","original_team_id","passing","playmaking","potential","preferred_foot","role","salary","scoring","set_pieces","stamina","surname","team_id","winger","id") values (?,?,?,?,?,?,?,?,?,?,?,?,?,?,?,?,?,?,?,?,default)
Hibernate: insert into "player" ("birth","cndtion","defending","goalkeeping","moral","name","on_sale","original_team_id","passing","playmaking","potential","preferred_foot","role","salary","scoring","set_pieces","stamina","surname","team_id","winger","id") values (?,?,?,?,?,?,?,?,?,?,?,?,?,?,?,?,?,?,?,?,default)
Hibernate: insert into "player" ("birth","cndtion","defending","goalkeeping","moral","name","on_sale","original_team_id","passing","playmaking","potential","preferred_foot","role","salary","scoring","set_pieces","stamina","surname","team_id","winger","id") values (?,?,?,?,?,?,?,?,?,?,?,?,?,?,?,?,?,?,?,?,default)
Hibernate: insert into "player" ("birth","cndtion","defending","goalkeeping","moral","name","on_sale","original_team_id","passing","playmaking","potential","preferred_foot","role","salary","scoring","set_pieces","stamina","surname","team_id","winger","id") values (?,?,?,?,?,?,?,?,?,?,?,?,?,?,?,?,?,?,?,?,default)
Hibernate: insert into "player" ("birth","cndtion","defending","goalkeeping","moral","name","on_sale","original_team_id","passing","playmaking","potential","preferred_foot","role","salary","scoring","set_pieces","stamina","surname","team_id","winger","id") values (?,?,?,?,?,?,?,?,?,?,?,?,?,?,?,?,?,?,?,?,default)
Hibernate: insert into "player" ("birth","cndtion","defending","goalkeeping","moral","name","on_sale","original_team_id","passing","playmaking","potential","preferred_foot","role","salary","scoring","set_pieces","stamina","surname","team_id","winger","id") values (?,?,?,?,?,?,?,?,?,?,?,?,?,?,?,?,?,?,?,?,default)
Hibernate: insert into "club" ("city","finance_id","foundation","league_id","logourl","medical_center_id","name","stadium_id","team_id","training_facility_id","under18_id","youth_academy_id","id") values (?,?,?,?,?,?,?,?,?,?,?,?,default)
Hibernate: insert into "finance" ("balance","debt","facility_maintenance","last_updated","loan_interest","matchday_revenue","merchandise_revenue","monthly_budget","net_worth","operational_costs","player_salaries","prize_money_revenue","profit_margin","season_budget","sponsorship_revenue","staff_salaries","total_expenses","total_revenue","transfer_expenses","transfer_revenue","tv_rights_revenue","id") values (?,?,?,?,?,?,?,?,?,?,?,?,?,?,?,?,?,?,?,?,?,default)
Hibernate: insert into "stadium" ("accessibility_level","atmosphere_multiplier","base_capacity","capacity","construction_cost","facilities_quality","grandstand_est","grandstand_nord","grandstand_sud","grandstand_west","has_media_center","has_megastore","has_museum","has_roof","has_undersoil_heating","has_vip_boxes","last_upgrade_date","maintenance_cost","name","next_maintenance_date","pitch_quality","revenue_multiplier","security_level","upgrade_value","id") values (?,?,?,?,?,?,?,?,?,?,?,?,?,?,?,?,?,?,?,?,?,?,?,?,default)
Hibernate: insert into "team" ("formation_id","id") values (?,default)
Hibernate: insert into "player" ("birth","cndtion","defending","goalkeeping","moral","name","on_sale","original_team_id","passing","playmaking","potential","preferred_foot","role","salary","scoring","set_pieces","stamina","surname","team_id","winger","id") values (?,?,?,?,?,?,?,?,?,?,?,?,?,?,?,?,?,?,?,?,default)
Hibernate: insert into "player" ("birth","cndtion","defending","goalkeeping","moral","name","on_sale","original_team_id","passing","playmaking","potential","preferred_foot","role","salary","scoring","set_pieces","stamina","surname","team_id","winger","id") values (?,?,?,?,?,?,?,?,?,?,?,?,?,?,?,?,?,?,?,?,default)
Hibernate: insert into "player" ("birth","cndtion","defending","goalkeeping","moral","name","on_sale","original_team_id","passing","playmaking","potential","preferred_foot","role","salary","scoring","set_pieces","stamina","surname","team_id","winger","id") values (?,?,?,?,?,?,?,?,?,?,?,?,?,?,?,?,?,?,?,?,default)
Hibernate: insert into "player" ("birth","cndtion","defending","goalkeeping","moral","name","on_sale","original_team_id","passing","playmaking","potential","preferred_foot","role","salary","scoring","set_pieces","stamina","surname","team_id","winger","id") values (?,?,?,?,?,?,?,?,?,?,?,?,?,?,?,?,?,?,?,?,default)
Hibernate: insert into "player" ("birth","cndtion","defending","goalkeeping","moral","name","on_sale","original_team_id","passing","playmaking","potential","preferred_foot","role","salary","scoring","set_pieces","stamina","surname","team_id","winger","id") values (?,?,?,?,?,?,?,?,?,?,?,?,?,?,?,?,?,?,?,?,default)
Hibernate: insert into "player" ("birth","cndtion","defending","goalkeeping","moral","name","on_sale","original_team_id","passing","playmaking","potential","preferred_foot","role","salary","scoring","set_pieces","stamina","surname","team_id","winger","id") values (?,?,?,?,?,?,?,?,?,?,?,?,?,?,?,?,?,?,?,?,default)
Hibernate: insert into "player" ("birth","cndtion","defending","goalkeeping","moral","name","on_sale","original_team_id","passing","playmaking","potential","preferred_foot","role","salary","scoring","set_pieces","stamina","surname","team_id","winger","id") values (?,?,?,?,?,?,?,?,?,?,?,?,?,?,?,?,?,?,?,?,default)
Hibernate: insert into "player" ("birth","cndtion","defending","goalkeeping","moral","name","on_sale","original_team_id","passing","playmaking","potential","preferred_foot","role","salary","scoring","set_pieces","stamina","surname","team_id","winger","id") values (?,?,?,?,?,?,?,?,?,?,?,?,?,?,?,?,?,?,?,?,default)
Hibernate: insert into "player" ("birth","cndtion","defending","goalkeeping","moral","name","on_sale","original_team_id","passing","playmaking","potential","preferred_foot","role","salary","scoring","set_pieces","stamina","surname","team_id","winger","id") values (?,?,?,?,?,?,?,?,?,?,?,?,?,?,?,?,?,?,?,?,default)
Hibernate: insert into "player" ("birth","cndtion","defending","goalkeeping","moral","name","on_sale","original_team_id","passing","playmaking","potential","preferred_foot","role","salary","scoring","set_pieces","stamina","surname","team_id","winger","id") values (?,?,?,?,?,?,?,?,?,?,?,?,?,?,?,?,?,?,?,?,default)
Hibernate: insert into "player" ("birth","cndtion","defending","goalkeeping","moral","name","on_sale","original_team_id","passing","playmaking","potential","preferred_foot","role","salary","scoring","set_pieces","stamina","surname","team_id","winger","id") values (?,?,?,?,?,?,?,?,?,?,?,?,?,?,?,?,?,?,?,?,default)
Hibernate: insert into "player" ("birth","cndtion","defending","goalkeeping","moral","name","on_sale","original_team_id","passing","playmaking","potential","preferred_foot","role","salary","scoring","set_pieces","stamina","surname","team_id","winger","id") values (?,?,?,?,?,?,?,?,?,?,?,?,?,?,?,?,?,?,?,?,default)
Hibernate: insert into "player" ("birth","cndtion","defending","goalkeeping","moral","name","on_sale","original_team_id","passing","playmaking","potential","preferred_foot","role","salary","scoring","set_pieces","stamina","surname","team_id","winger","id") values (?,?,?,?,?,?,?,?,?,?,?,?,?,?,?,?,?,?,?,?,default)
Hibernate: insert into "player" ("birth","cndtion","defending","goalkeeping","moral","name","on_sale","original_team_id","passing","playmaking","potential","preferred_foot","role","salary","scoring","set_pieces","stamina","surname","team_id","winger","id") values (?,?,?,?,?,?,?,?,?,?,?,?,?,?,?,?,?,?,?,?,default)
Hibernate: insert into "player" ("birth","cndtion","defending","goalkeeping","moral","name","on_sale","original_team_id","passing","playmaking","potential","preferred_foot","role","salary","scoring","set_pieces","stamina","surname","team_id","winger","id") values (?,?,?,?,?,?,?,?,?,?,?,?,?,?,?,?,?,?,?,?,default)
Hibernate: insert into "player" ("birth","cndtion","defending","goalkeeping","moral","name","on_sale","original_team_id","passing","playmaking","potential","preferred_foot","role","salary","scoring","set_pieces","stamina","surname","team_id","winger","id") values (?,?,?,?,?,?,?,?,?,?,?,?,?,?,?,?,?,?,?,?,default)
Hibernate: insert into "player" ("birth","cndtion","defending","goalkeeping","moral","name","on_sale","original_team_id","passing","playmaking","potential","preferred_foot","role","salary","scoring","set_pieces","stamina","surname","team_id","winger","id") values (?,?,?,?,?,?,?,?,?,?,?,?,?,?,?,?,?,?,?,?,default)
Hibernate: insert into "player" ("birth","cndtion","defending","goalkeeping","moral","name","on_sale","original_team_id","passing","playmaking","potential","preferred_foot","role","salary","scoring","set_pieces","stamina","surname","team_id","winger","id") values (?,?,?,?,?,?,?,?,?,?,?,?,?,?,?,?,?,?,?,?,default)
Hibernate: insert into "player" ("birth","cndtion","defending","goalkeeping","moral","name","on_sale","original_team_id","passing","playmaking","potential","preferred_foot","role","salary","scoring","set_pieces","stamina","surname","team_id","winger","id") values (?,?,?,?,?,?,?,?,?,?,?,?,?,?,?,?,?,?,?,?,default)
Hibernate: insert into "player" ("birth","cndtion","defending","goalkeeping","moral","name","on_sale","original_team_id","passing","playmaking","potential","preferred_foot","role","salary","scoring","set_pieces","stamina","surname","team_id","winger","id") values (?,?,?,?,?,?,?,?,?,?,?,?,?,?,?,?,?,?,?,?,default)
Hibernate: insert into "player" ("birth","cndtion","defending","goalkeeping","moral","name","on_sale","original_team_id","passing","playmaking","potential","preferred_foot","role","salary","scoring","set_pieces","stamina","surname","team_id","winger","id") values (?,?,?,?,?,?,?,?,?,?,?,?,?,?,?,?,?,?,?,?,default)
Hibernate: insert into "player" ("birth","cndtion","defending","goalkeeping","moral","name","on_sale","original_team_id","passing","playmaking","potential","preferred_foot","role","salary","scoring","set_pieces","stamina","surname","team_id","winger","id") values (?,?,?,?,?,?,?,?,?,?,?,?,?,?,?,?,?,?,?,?,default)
Hibernate: insert into "player" ("birth","cndtion","defending","goalkeeping","moral","name","on_sale","original_team_id","passing","playmaking","potential","preferred_foot","role","salary","scoring","set_pieces","stamina","surname","team_id","winger","id") values (?,?,?,?,?,?,?,?,?,?,?,?,?,?,?,?,?,?,?,?,default)
Hibernate: insert into "club" ("city","finance_id","foundation","league_id","logourl","medical_center_id","name","stadium_id","team_id","training_facility_id","under18_id","youth_academy_id","id") values (?,?,?,?,?,?,?,?,?,?,?,?,default)
Hibernate: insert into "finance" ("balance","debt","facility_maintenance","last_updated","loan_interest","matchday_revenue","merchandise_revenue","monthly_budget","net_worth","operational_costs","player_salaries","prize_money_revenue","profit_margin","season_budget","sponsorship_revenue","staff_salaries","total_expenses","total_revenue","transfer_expenses","transfer_revenue","tv_rights_revenue","id") values (?,?,?,?,?,?,?,?,?,?,?,?,?,?,?,?,?,?,?,?,?,default)
Hibernate: insert into "stadium" ("accessibility_level","atmosphere_multiplier","base_capacity","capacity","construction_cost","facilities_quality","grandstand_est","grandstand_nord","grandstand_sud","grandstand_west","has_media_center","has_megastore","has_museum","has_roof","has_undersoil_heating","has_vip_boxes","last_upgrade_date","maintenance_cost","name","next_maintenance_date","pitch_quality","revenue_multiplier","security_level","upgrade_value","id") values (?,?,?,?,?,?,?,?,?,?,?,?,?,?,?,?,?,?,?,?,?,?,?,?,default)
Hibernate: insert into "team" ("formation_id","id") values (?,default)
Hibernate: insert into "player" ("birth","cndtion","defending","goalkeeping","moral","name","on_sale","original_team_id","passing","playmaking","potential","preferred_foot","role","salary","scoring","set_pieces","stamina","surname","team_id","winger","id") values (?,?,?,?,?,?,?,?,?,?,?,?,?,?,?,?,?,?,?,?,default)
Hibernate: insert into "player" ("birth","cndtion","defending","goalkeeping","moral","name","on_sale","original_team_id","passing","playmaking","potential","preferred_foot","role","salary","scoring","set_pieces","stamina","surname","team_id","winger","id") values (?,?,?,?,?,?,?,?,?,?,?,?,?,?,?,?,?,?,?,?,default)
Hibernate: insert into "player" ("birth","cndtion","defending","goalkeeping","moral","name","on_sale","original_team_id","passing","playmaking","potential","preferred_foot","role","salary","scoring","set_pieces","stamina","surname","team_id","winger","id") values (?,?,?,?,?,?,?,?,?,?,?,?,?,?,?,?,?,?,?,?,default)
Hibernate: insert into "player" ("birth","cndtion","defending","goalkeeping","moral","name","on_sale","original_team_id","passing","playmaking","potential","preferred_foot","role","salary","scoring","set_pieces","stamina","surname","team_id","winger","id") values (?,?,?,?,?,?,?,?,?,?,?,?,?,?,?,?,?,?,?,?,default)
Hibernate: insert into "player" ("birth","cndtion","defending","goalkeeping","moral","name","on_sale","original_team_id","passing","playmaking","potential","preferred_foot","role","salary","scoring","set_pieces","stamina","surname","team_id","winger","id") values (?,?,?,?,?,?,?,?,?,?,?,?,?,?,?,?,?,?,?,?,default)
Hibernate: insert into "player" ("birth","cndtion","defending","goalkeeping","moral","name","on_sale","original_team_id","passing","playmaking","potential","preferred_foot","role","salary","scoring","set_pieces","stamina","surname","team_id","winger","id") values (?,?,?,?,?,?,?,?,?,?,?,?,?,?,?,?,?,?,?,?,default)
Hibernate: insert into "player" ("birth","cndtion","defending","goalkeeping","moral","name","on_sale","original_team_id","passing","playmaking","potential","preferred_foot","role","salary","scoring","set_pieces","stamina","surname","team_id","winger","id") values (?,?,?,?,?,?,?,?,?,?,?,?,?,?,?,?,?,?,?,?,default)
Hibernate: insert into "player" ("birth","cndtion","defending","goalkeeping","moral","name","on_sale","original_team_id","passing","playmaking","potential","preferred_foot","role","salary","scoring","set_pieces","stamina","surname","team_id","winger","id") values (?,?,?,?,?,?,?,?,?,?,?,?,?,?,?,?,?,?,?,?,default)
Hibernate: insert into "player" ("birth","cndtion","defending","goalkeeping","moral","name","on_sale","original_team_id","passing","playmaking","potential","preferred_foot","role","salary","scoring","set_pieces","stamina","surname","team_id","winger","id") values (?,?,?,?,?,?,?,?,?,?,?,?,?,?,?,?,?,?,?,?,default)
Hibernate: insert into "player" ("birth","cndtion","defending","goalkeeping","moral","name","on_sale","original_team_id","passing","playmaking","potential","preferred_foot","role","salary","scoring","set_pieces","stamina","surname","team_id","winger","id") values (?,?,?,?,?,?,?,?,?,?,?,?,?,?,?,?,?,?,?,?,default)
Hibernate: insert into "player" ("birth","cndtion","defending","goalkeeping","moral","name","on_sale","original_team_id","passing","playmaking","potential","preferred_foot","role","salary","scoring","set_pieces","stamina","surname","team_id","winger","id") values (?,?,?,?,?,?,?,?,?,?,?,?,?,?,?,?,?,?,?,?,default)
Hibernate: insert into "player" ("birth","cndtion","defending","goalkeeping","moral","name","on_sale","original_team_id","passing","playmaking","potential","preferred_foot","role","salary","scoring","set_pieces","stamina","surname","team_id","winger","id") values (?,?,?,?,?,?,?,?,?,?,?,?,?,?,?,?,?,?,?,?,default)
Hibernate: insert into "player" ("birth","cndtion","defending","goalkeeping","moral","name","on_sale","original_team_id","passing","playmaking","potential","preferred_foot","role","salary","scoring","set_pieces","stamina","surname","team_id","winger","id") values (?,?,?,?,?,?,?,?,?,?,?,?,?,?,?,?,?,?,?,?,default)
Hibernate: insert into "player" ("birth","cndtion","defending","goalkeeping","moral","name","on_sale","original_team_id","passing","playmaking","potential","preferred_foot","role","salary","scoring","set_pieces","stamina","surname","team_id","winger","id") values (?,?,?,?,?,?,?,?,?,?,?,?,?,?,?,?,?,?,?,?,default)
Hibernate: insert into "player" ("birth","cndtion","defending","goalkeeping","moral","name","on_sale","original_team_id","passing","playmaking","potential","preferred_foot","role","salary","scoring","set_pieces","stamina","surname","team_id","winger","id") values (?,?,?,?,?,?,?,?,?,?,?,?,?,?,?,?,?,?,?,?,default)
Hibernate: insert into "player" ("birth","cndtion","defending","goalkeeping","moral","name","on_sale","original_team_id","passing","playmaking","potential","preferred_foot","role","salary","scoring","set_pieces","stamina","surname","team_id","winger","id") values (?,?,?,?,?,?,?,?,?,?,?,?,?,?,?,?,?,?,?,?,default)
Hibernate: insert into "player" ("birth","cndtion","defending","goalkeeping","moral","name","on_sale","original_team_id","passing","playmaking","potential","preferred_foot","role","salary","scoring","set_pieces","stamina","surname","team_id","winger","id") values (?,?,?,?,?,?,?,?,?,?,?,?,?,?,?,?,?,?,?,?,default)
Hibernate: insert into "player" ("birth","cndtion","defending","goalkeeping","moral","name","on_sale","original_team_id","passing","playmaking","potential","preferred_foot","role","salary","scoring","set_pieces","stamina","surname","team_id","winger","id") values (?,?,?,?,?,?,?,?,?,?,?,?,?,?,?,?,?,?,?,?,default)
Hibernate: insert into "player" ("birth","cndtion","defending","goalkeeping","moral","name","on_sale","original_team_id","passing","playmaking","potential","preferred_foot","role","salary","scoring","set_pieces","stamina","surname","team_id","winger","id") values (?,?,?,?,?,?,?,?,?,?,?,?,?,?,?,?,?,?,?,?,default)
Hibernate: insert into "player" ("birth","cndtion","defending","goalkeeping","moral","name","on_sale","original_team_id","passing","playmaking","potential","preferred_foot","role","salary","scoring","set_pieces","stamina","surname","team_id","winger","id") values (?,?,?,?,?,?,?,?,?,?,?,?,?,?,?,?,?,?,?,?,default)
Hibernate: insert into "player" ("birth","cndtion","defending","goalkeeping","moral","name","on_sale","original_team_id","passing","playmaking","potential","preferred_foot","role","salary","scoring","set_pieces","stamina","surname","team_id","winger","id") values (?,?,?,?,?,?,?,?,?,?,?,?,?,?,?,?,?,?,?,?,default)
Hibernate: insert into "player" ("birth","cndtion","defending","goalkeeping","moral","name","on_sale","original_team_id","passing","playmaking","potential","preferred_foot","role","salary","scoring","set_pieces","stamina","surname","team_id","winger","id") values (?,?,?,?,?,?,?,?,?,?,?,?,?,?,?,?,?,?,?,?,default)
Hibernate: insert into "player" ("birth","cndtion","defending","goalkeeping","moral","name","on_sale","original_team_id","passing","playmaking","potential","preferred_foot","role","salary","scoring","set_pieces","stamina","surname","team_id","winger","id") values (?,?,?,?,?,?,?,?,?,?,?,?,?,?,?,?,?,?,?,?,default)
Hibernate: insert into "club" ("city","finance_id","foundation","league_id","logourl","medical_center_id","name","stadium_id","team_id","training_facility_id","under18_id","youth_academy_id","id") values (?,?,?,?,?,?,?,?,?,?,?,?,default)
Hibernate: insert into "finance" ("balance","debt","facility_maintenance","last_updated","loan_interest","matchday_revenue","merchandise_revenue","monthly_budget","net_worth","operational_costs","player_salaries","prize_money_revenue","profit_margin","season_budget","sponsorship_revenue","staff_salaries","total_expenses","total_revenue","transfer_expenses","transfer_revenue","tv_rights_revenue","id") values (?,?,?,?,?,?,?,?,?,?,?,?,?,?,?,?,?,?,?,?,?,default)
Hibernate: insert into "stadium" ("accessibility_level","atmosphere_multiplier","base_capacity","capacity","construction_cost","facilities_quality","grandstand_est","grandstand_nord","grandstand_sud","grandstand_west","has_media_center","has_megastore","has_museum","has_roof","has_undersoil_heating","has_vip_boxes","last_upgrade_date","maintenance_cost","name","next_maintenance_date","pitch_quality","revenue_multiplier","security_level","upgrade_value","id") values (?,?,?,?,?,?,?,?,?,?,?,?,?,?,?,?,?,?,?,?,?,?,?,?,default)
Hibernate: insert into "team" ("formation_id","id") values (?,default)
Hibernate: insert into "player" ("birth","cndtion","defending","goalkeeping","moral","name","on_sale","original_team_id","passing","playmaking","potential","preferred_foot","role","salary","scoring","set_pieces","stamina","surname","team_id","winger","id") values (?,?,?,?,?,?,?,?,?,?,?,?,?,?,?,?,?,?,?,?,default)
Hibernate: insert into "player" ("birth","cndtion","defending","goalkeeping","moral","name","on_sale","original_team_id","passing","playmaking","potential","preferred_foot","role","salary","scoring","set_pieces","stamina","surname","team_id","winger","id") values (?,?,?,?,?,?,?,?,?,?,?,?,?,?,?,?,?,?,?,?,default)
Hibernate: insert into "player" ("birth","cndtion","defending","goalkeeping","moral","name","on_sale","original_team_id","passing","playmaking","potential","preferred_foot","role","salary","scoring","set_pieces","stamina","surname","team_id","winger","id") values (?,?,?,?,?,?,?,?,?,?,?,?,?,?,?,?,?,?,?,?,default)
Hibernate: insert into "player" ("birth","cndtion","defending","goalkeeping","moral","name","on_sale","original_team_id","passing","playmaking","potential","preferred_foot","role","salary","scoring","set_pieces","stamina","surname","team_id","winger","id") values (?,?,?,?,?,?,?,?,?,?,?,?,?,?,?,?,?,?,?,?,default)
Hibernate: insert into "player" ("birth","cndtion","defending","goalkeeping","moral","name","on_sale","original_team_id","passing","playmaking","potential","preferred_foot","role","salary","scoring","set_pieces","stamina","surname","team_id","winger","id") values (?,?,?,?,?,?,?,?,?,?,?,?,?,?,?,?,?,?,?,?,default)
Hibernate: insert into "player" ("birth","cndtion","defending","goalkeeping","moral","name","on_sale","original_team_id","passing","playmaking","potential","preferred_foot","role","salary","scoring","set_pieces","stamina","surname","team_id","winger","id") values (?,?,?,?,?,?,?,?,?,?,?,?,?,?,?,?,?,?,?,?,default)
Hibernate: insert into "player" ("birth","cndtion","defending","goalkeeping","moral","name","on_sale","original_team_id","passing","playmaking","potential","preferred_foot","role","salary","scoring","set_pieces","stamina","surname","team_id","winger","id") values (?,?,?,?,?,?,?,?,?,?,?,?,?,?,?,?,?,?,?,?,default)
Hibernate: insert into "player" ("birth","cndtion","defending","goalkeeping","moral","name","on_sale","original_team_id","passing","playmaking","potential","preferred_foot","role","salary","scoring","set_pieces","stamina","surname","team_id","winger","id") values (?,?,?,?,?,?,?,?,?,?,?,?,?,?,?,?,?,?,?,?,default)
Hibernate: insert into "player" ("birth","cndtion","defending","goalkeeping","moral","name","on_sale","original_team_id","passing","playmaking","potential","preferred_foot","role","salary","scoring","set_pieces","stamina","surname","team_id","winger","id") values (?,?,?,?,?,?,?,?,?,?,?,?,?,?,?,?,?,?,?,?,default)
Hibernate: insert into "player" ("birth","cndtion","defending","goalkeeping","moral","name","on_sale","original_team_id","passing","playmaking","potential","preferred_foot","role","salary","scoring","set_pieces","stamina","surname","team_id","winger","id") values (?,?,?,?,?,?,?,?,?,?,?,?,?,?,?,?,?,?,?,?,default)
Hibernate: insert into "player" ("birth","cndtion","defending","goalkeeping","moral","name","on_sale","original_team_id","passing","playmaking","potential","preferred_foot","role","salary","scoring","set_pieces","stamina","surname","team_id","winger","id") values (?,?,?,?,?,?,?,?,?,?,?,?,?,?,?,?,?,?,?,?,default)
Hibernate: insert into "player" ("birth","cndtion","defending","goalkeeping","moral","name","on_sale","original_team_id","passing","playmaking","potential","preferred_foot","role","salary","scoring","set_pieces","stamina","surname","team_id","winger","id") values (?,?,?,?,?,?,?,?,?,?,?,?,?,?,?,?,?,?,?,?,default)
Hibernate: insert into "player" ("birth","cndtion","defending","goalkeeping","moral","name","on_sale","original_team_id","passing","playmaking","potential","preferred_foot","role","salary","scoring","set_pieces","stamina","surname","team_id","winger","id") values (?,?,?,?,?,?,?,?,?,?,?,?,?,?,?,?,?,?,?,?,default)
Hibernate: insert into "player" ("birth","cndtion","defending","goalkeeping","moral","name","on_sale","original_team_id","passing","playmaking","potential","preferred_foot","role","salary","scoring","set_pieces","stamina","surname","team_id","winger","id") values (?,?,?,?,?,?,?,?,?,?,?,?,?,?,?,?,?,?,?,?,default)
Hibernate: insert into "player" ("birth","cndtion","defending","goalkeeping","moral","name","on_sale","original_team_id","passing","playmaking","potential","preferred_foot","role","salary","scoring","set_pieces","stamina","surname","team_id","winger","id") values (?,?,?,?,?,?,?,?,?,?,?,?,?,?,?,?,?,?,?,?,default)
Hibernate: insert into "player" ("birth","cndtion","defending","goalkeeping","moral","name","on_sale","original_team_id","passing","playmaking","potential","preferred_foot","role","salary","scoring","set_pieces","stamina","surname","team_id","winger","id") values (?,?,?,?,?,?,?,?,?,?,?,?,?,?,?,?,?,?,?,?,default)
Hibernate: insert into "player" ("birth","cndtion","defending","goalkeeping","moral","name","on_sale","original_team_id","passing","playmaking","potential","preferred_foot","role","salary","scoring","set_pieces","stamina","surname","team_id","winger","id") values (?,?,?,?,?,?,?,?,?,?,?,?,?,?,?,?,?,?,?,?,default)
Hibernate: insert into "player" ("birth","cndtion","defending","goalkeeping","moral","name","on_sale","original_team_id","passing","playmaking","potential","preferred_foot","role","salary","scoring","set_pieces","stamina","surname","team_id","winger","id") values (?,?,?,?,?,?,?,?,?,?,?,?,?,?,?,?,?,?,?,?,default)
Hibernate: insert into "player" ("birth","cndtion","defending","goalkeeping","moral","name","on_sale","original_team_id","passing","playmaking","potential","preferred_foot","role","salary","scoring","set_pieces","stamina","surname","team_id","winger","id") values (?,?,?,?,?,?,?,?,?,?,?,?,?,?,?,?,?,?,?,?,default)
Hibernate: insert into "player" ("birth","cndtion","defending","goalkeeping","moral","name","on_sale","original_team_id","passing","playmaking","potential","preferred_foot","role","salary","scoring","set_pieces","stamina","surname","team_id","winger","id") values (?,?,?,?,?,?,?,?,?,?,?,?,?,?,?,?,?,?,?,?,default)
Hibernate: insert into "player" ("birth","cndtion","defending","goalkeeping","moral","name","on_sale","original_team_id","passing","playmaking","potential","preferred_foot","role","salary","scoring","set_pieces","stamina","surname","team_id","winger","id") values (?,?,?,?,?,?,?,?,?,?,?,?,?,?,?,?,?,?,?,?,default)
Hibernate: insert into "player" ("birth","cndtion","defending","goalkeeping","moral","name","on_sale","original_team_id","passing","playmaking","potential","preferred_foot","role","salary","scoring","set_pieces","stamina","surname","team_id","winger","id") values (?,?,?,?,?,?,?,?,?,?,?,?,?,?,?,?,?,?,?,?,default)
Hibernate: insert into "player" ("birth","cndtion","defending","goalkeeping","moral","name","on_sale","original_team_id","passing","playmaking","potential","preferred_foot","role","salary","scoring","set_pieces","stamina","surname","team_id","winger","id") values (?,?,?,?,?,?,?,?,?,?,?,?,?,?,?,?,?,?,?,?,default)
Hibernate: insert into "club" ("city","finance_id","foundation","league_id","logourl","medical_center_id","name","stadium_id","team_id","training_facility_id","under18_id","youth_academy_id","id") values (?,?,?,?,?,?,?,?,?,?,?,?,default)
Hibernate: insert into "finance" ("balance","debt","facility_maintenance","last_updated","loan_interest","matchday_revenue","merchandise_revenue","monthly_budget","net_worth","operational_costs","player_salaries","prize_money_revenue","profit_margin","season_budget","sponsorship_revenue","staff_salaries","total_expenses","total_revenue","transfer_expenses","transfer_revenue","tv_rights_revenue","id") values (?,?,?,?,?,?,?,?,?,?,?,?,?,?,?,?,?,?,?,?,?,default)
Hibernate: insert into "stadium" ("accessibility_level","atmosphere_multiplier","base_capacity","capacity","construction_cost","facilities_quality","grandstand_est","grandstand_nord","grandstand_sud","grandstand_west","has_media_center","has_megastore","has_museum","has_roof","has_undersoil_heating","has_vip_boxes","last_upgrade_date","maintenance_cost","name","next_maintenance_date","pitch_quality","revenue_multiplier","security_level","upgrade_value","id") values (?,?,?,?,?,?,?,?,?,?,?,?,?,?,?,?,?,?,?,?,?,?,?,?,default)
Hibernate: insert into "team" ("formation_id","id") values (?,default)
Hibernate: insert into "player" ("birth","cndtion","defending","goalkeeping","moral","name","on_sale","original_team_id","passing","playmaking","potential","preferred_foot","role","salary","scoring","set_pieces","stamina","surname","team_id","winger","id") values (?,?,?,?,?,?,?,?,?,?,?,?,?,?,?,?,?,?,?,?,default)
Hibernate: insert into "player" ("birth","cndtion","defending","goalkeeping","moral","name","on_sale","original_team_id","passing","playmaking","potential","preferred_foot","role","salary","scoring","set_pieces","stamina","surname","team_id","winger","id") values (?,?,?,?,?,?,?,?,?,?,?,?,?,?,?,?,?,?,?,?,default)
Hibernate: insert into "player" ("birth","cndtion","defending","goalkeeping","moral","name","on_sale","original_team_id","passing","playmaking","potential","preferred_foot","role","salary","scoring","set_pieces","stamina","surname","team_id","winger","id") values (?,?,?,?,?,?,?,?,?,?,?,?,?,?,?,?,?,?,?,?,default)
Hibernate: insert into "player" ("birth","cndtion","defending","goalkeeping","moral","name","on_sale","original_team_id","passing","playmaking","potential","preferred_foot","role","salary","scoring","set_pieces","stamina","surname","team_id","winger","id") values (?,?,?,?,?,?,?,?,?,?,?,?,?,?,?,?,?,?,?,?,default)
Hibernate: insert into "player" ("birth","cndtion","defending","goalkeeping","moral","name","on_sale","original_team_id","passing","playmaking","potential","preferred_foot","role","salary","scoring","set_pieces","stamina","surname","team_id","winger","id") values (?,?,?,?,?,?,?,?,?,?,?,?,?,?,?,?,?,?,?,?,default)
Hibernate: insert into "player" ("birth","cndtion","defending","goalkeeping","moral","name","on_sale","original_team_id","passing","playmaking","potential","preferred_foot","role","salary","scoring","set_pieces","stamina","surname","team_id","winger","id") values (?,?,?,?,?,?,?,?,?,?,?,?,?,?,?,?,?,?,?,?,default)
Hibernate: insert into "player" ("birth","cndtion","defending","goalkeeping","moral","name","on_sale","original_team_id","passing","playmaking","potential","preferred_foot","role","salary","scoring","set_pieces","stamina","surname","team_id","winger","id") values (?,?,?,?,?,?,?,?,?,?,?,?,?,?,?,?,?,?,?,?,default)
Hibernate: insert into "player" ("birth","cndtion","defending","goalkeeping","moral","name","on_sale","original_team_id","passing","playmaking","potential","preferred_foot","role","salary","scoring","set_pieces","stamina","surname","team_id","winger","id") values (?,?,?,?,?,?,?,?,?,?,?,?,?,?,?,?,?,?,?,?,default)
Hibernate: insert into "player" ("birth","cndtion","defending","goalkeeping","moral","name","on_sale","original_team_id","passing","playmaking","potential","preferred_foot","role","salary","scoring","set_pieces","stamina","surname","team_id","winger","id") values (?,?,?,?,?,?,?,?,?,?,?,?,?,?,?,?,?,?,?,?,default)
Hibernate: insert into "player" ("birth","cndtion","defending","goalkeeping","moral","name","on_sale","original_team_id","passing","playmaking","potential","preferred_foot","role","salary","scoring","set_pieces","stamina","surname","team_id","winger","id") values (?,?,?,?,?,?,?,?,?,?,?,?,?,?,?,?,?,?,?,?,default)
Hibernate: insert into "player" ("birth","cndtion","defending","goalkeeping","moral","name","on_sale","original_team_id","passing","playmaking","potential","preferred_foot","role","salary","scoring","set_pieces","stamina","surname","team_id","winger","id") values (?,?,?,?,?,?,?,?,?,?,?,?,?,?,?,?,?,?,?,?,default)
Hibernate: insert into "player" ("birth","cndtion","defending","goalkeeping","moral","name","on_sale","original_team_id","passing","playmaking","potential","preferred_foot","role","salary","scoring","set_pieces","stamina","surname","team_id","winger","id") values (?,?,?,?,?,?,?,?,?,?,?,?,?,?,?,?,?,?,?,?,default)
Hibernate: insert into "player" ("birth","cndtion","defending","goalkeeping","moral","name","on_sale","original_team_id","passing","playmaking","potential","preferred_foot","role","salary","scoring","set_pieces","stamina","surname","team_id","winger","id") values (?,?,?,?,?,?,?,?,?,?,?,?,?,?,?,?,?,?,?,?,default)
Hibernate: insert into "player" ("birth","cndtion","defending","goalkeeping","moral","name","on_sale","original_team_id","passing","playmaking","potential","preferred_foot","role","salary","scoring","set_pieces","stamina","surname","team_id","winger","id") values (?,?,?,?,?,?,?,?,?,?,?,?,?,?,?,?,?,?,?,?,default)
Hibernate: insert into "player" ("birth","cndtion","defending","goalkeeping","moral","name","on_sale","original_team_id","passing","playmaking","potential","preferred_foot","role","salary","scoring","set_pieces","stamina","surname","team_id","winger","id") values (?,?,?,?,?,?,?,?,?,?,?,?,?,?,?,?,?,?,?,?,default)
Hibernate: insert into "player" ("birth","cndtion","defending","goalkeeping","moral","name","on_sale","original_team_id","passing","playmaking","potential","preferred_foot","role","salary","scoring","set_pieces","stamina","surname","team_id","winger","id") values (?,?,?,?,?,?,?,?,?,?,?,?,?,?,?,?,?,?,?,?,default)
Hibernate: insert into "player" ("birth","cndtion","defending","goalkeeping","moral","name","on_sale","original_team_id","passing","playmaking","potential","preferred_foot","role","salary","scoring","set_pieces","stamina","surname","team_id","winger","id") values (?,?,?,?,?,?,?,?,?,?,?,?,?,?,?,?,?,?,?,?,default)
Hibernate: insert into "player" ("birth","cndtion","defending","goalkeeping","moral","name","on_sale","original_team_id","passing","playmaking","potential","preferred_foot","role","salary","scoring","set_pieces","stamina","surname","team_id","winger","id") values (?,?,?,?,?,?,?,?,?,?,?,?,?,?,?,?,?,?,?,?,default)
Hibernate: insert into "player" ("birth","cndtion","defending","goalkeeping","moral","name","on_sale","original_team_id","passing","playmaking","potential","preferred_foot","role","salary","scoring","set_pieces","stamina","surname","team_id","winger","id") values (?,?,?,?,?,?,?,?,?,?,?,?,?,?,?,?,?,?,?,?,default)
Hibernate: insert into "player" ("birth","cndtion","defending","goalkeeping","moral","name","on_sale","original_team_id","passing","playmaking","potential","preferred_foot","role","salary","scoring","set_pieces","stamina","surname","team_id","winger","id") values (?,?,?,?,?,?,?,?,?,?,?,?,?,?,?,?,?,?,?,?,default)
Hibernate: insert into "player" ("birth","cndtion","defending","goalkeeping","moral","name","on_sale","original_team_id","passing","playmaking","potential","preferred_foot","role","salary","scoring","set_pieces","stamina","surname","team_id","winger","id") values (?,?,?,?,?,?,?,?,?,?,?,?,?,?,?,?,?,?,?,?,default)
Hibernate: insert into "player" ("birth","cndtion","defending","goalkeeping","moral","name","on_sale","original_team_id","passing","playmaking","potential","preferred_foot","role","salary","scoring","set_pieces","stamina","surname","team_id","winger","id") values (?,?,?,?,?,?,?,?,?,?,?,?,?,?,?,?,?,?,?,?,default)
Hibernate: insert into "player" ("birth","cndtion","defending","goalkeeping","moral","name","on_sale","original_team_id","passing","playmaking","potential","preferred_foot","role","salary","scoring","set_pieces","stamina","surname","team_id","winger","id") values (?,?,?,?,?,?,?,?,?,?,?,?,?,?,?,?,?,?,?,?,default)
Hibernate: insert into "club" ("city","finance_id","foundation","league_id","logourl","medical_center_id","name","stadium_id","team_id","training_facility_id","under18_id","youth_academy_id","id") values (?,?,?,?,?,?,?,?,?,?,?,?,default)
Hibernate: insert into "season" ("is_current","end_year","league_id","name","next_round_number","start_year","id") values (?,?,?,?,?,?,default)
Hibernate: insert into "ranking" ("club_id","drawn","goal_against","goals_for","lost","played","points","season_id","won","id") values (?,?,?,?,?,?,?,?,?,default)
Hibernate: insert into "ranking" ("club_id","drawn","goal_against","goals_for","lost","played","points","season_id","won","id") values (?,?,?,?,?,?,?,?,?,default)
Hibernate: insert into "ranking" ("club_id","drawn","goal_against","goals_for","lost","played","points","season_id","won","id") values (?,?,?,?,?,?,?,?,?,default)
Hibernate: insert into "ranking" ("club_id","drawn","goal_against","goals_for","lost","played","points","season_id","won","id") values (?,?,?,?,?,?,?,?,?,default)
Hibernate: insert into "ranking" ("club_id","drawn","goal_against","goals_for","lost","played","points","season_id","won","id") values (?,?,?,?,?,?,?,?,?,default)
Hibernate: insert into "ranking" ("club_id","drawn","goal_against","goals_for","lost","played","points","season_id","won","id") values (?,?,?,?,?,?,?,?,?,default)
Hibernate: insert into "ranking" ("club_id","drawn","goal_against","goals_for","lost","played","points","season_id","won","id") values (?,?,?,?,?,?,?,?,?,default)
Hibernate: insert into "ranking" ("club_id","drawn","goal_against","goals_for","lost","played","points","season_id","won","id") values (?,?,?,?,?,?,?,?,?,default)
Hibernate: insert into "ranking" ("club_id","drawn","goal_against","goals_for","lost","played","points","season_id","won","id") values (?,?,?,?,?,?,?,?,?,default)
Hibernate: insert into "ranking" ("club_id","drawn","goal_against","goals_for","lost","played","points","season_id","won","id") values (?,?,?,?,?,?,?,?,?,default)
Hibernate: insert into "round" ("last","number","season_id","id") values (?,?,?,default)
Hibernate: insert into "matchh" ("away_id","away_formation_id","away_score","date","finish","home_id","home_formation_id","home_score","last","round_id","spectators","match_id","status","id") values (?,?,?,?,?,?,?,?,?,?,?,?,?,default)
Hibernate: insert into "matchh" ("away_id","away_formation_id","away_score","date","finish","home_id","home_formation_id","home_score","last","round_id","spectators","match_id","status","id") values (?,?,?,?,?,?,?,?,?,?,?,?,?,default)
Hibernate: insert into "matchh" ("away_id","away_formation_id","away_score","date","finish","home_id","home_formation_id","home_score","last","round_id","spectators","match_id","status","id") values (?,?,?,?,?,?,?,?,?,?,?,?,?,default)
Hibernate: insert into "matchh" ("away_id","away_formation_id","away_score","date","finish","home_id","home_formation_id","home_score","last","round_id","spectators","match_id","status","id") values (?,?,?,?,?,?,?,?,?,?,?,?,?,default)
Hibernate: insert into "matchh" ("away_id","away_formation_id","away_score","date","finish","home_id","home_formation_id","home_score","last","round_id","spectators","match_id","status","id") values (?,?,?,?,?,?,?,?,?,?,?,?,?,default)
Hibernate: insert into "round" ("last","number","season_id","id") values (?,?,?,default)
Hibernate: insert into "matchh" ("away_id","away_formation_id","away_score","date","finish","home_id","home_formation_id","home_score","last","round_id","spectators","match_id","status","id") values (?,?,?,?,?,?,?,?,?,?,?,?,?,default)
Hibernate: insert into "matchh" ("away_id","away_formation_id","away_score","date","finish","home_id","home_formation_id","home_score","last","round_id","spectators","match_id","status","id") values (?,?,?,?,?,?,?,?,?,?,?,?,?,default)
Hibernate: insert into "matchh" ("away_id","away_formation_id","away_score","date","finish","home_id","home_formation_id","home_score","last","round_id","spectators","match_id","status","id") values (?,?,?,?,?,?,?,?,?,?,?,?,?,default)
Hibernate: insert into "matchh" ("away_id","away_formation_id","away_score","date","finish","home_id","home_formation_id","home_score","last","round_id","spectators","match_id","status","id") values (?,?,?,?,?,?,?,?,?,?,?,?,?,default)
Hibernate: insert into "matchh" ("away_id","away_formation_id","away_score","date","finish","home_id","home_formation_id","home_score","last","round_id","spectators","match_id","status","id") values (?,?,?,?,?,?,?,?,?,?,?,?,?,default)
Hibernate: insert into "round" ("last","number","season_id","id") values (?,?,?,default)
Hibernate: insert into "matchh" ("away_id","away_formation_id","away_score","date","finish","home_id","home_formation_id","home_score","last","round_id","spectators","match_id","status","id") values (?,?,?,?,?,?,?,?,?,?,?,?,?,default)
Hibernate: insert into "matchh" ("away_id","away_formation_id","away_score","date","finish","home_id","home_formation_id","home_score","last","round_id","spectators","match_id","status","id") values (?,?,?,?,?,?,?,?,?,?,?,?,?,default)
Hibernate: insert into "matchh" ("away_id","away_formation_id","away_score","date","finish","home_id","home_formation_id","home_score","last","round_id","spectators","match_id","status","id") values (?,?,?,?,?,?,?,?,?,?,?,?,?,default)
Hibernate: insert into "matchh" ("away_id","away_formation_id","away_score","date","finish","home_id","home_formation_id","home_score","last","round_id","spectators","match_id","status","id") values (?,?,?,?,?,?,?,?,?,?,?,?,?,default)
Hibernate: insert into "matchh" ("away_id","away_formation_id","away_score","date","finish","home_id","home_formation_id","home_score","last","round_id","spectators","match_id","status","id") values (?,?,?,?,?,?,?,?,?,?,?,?,?,default)
Hibernate: insert into "round" ("last","number","season_id","id") values (?,?,?,default)
Hibernate: insert into "matchh" ("away_id","away_formation_id","away_score","date","finish","home_id","home_formation_id","home_score","last","round_id","spectators","match_id","status","id") values (?,?,?,?,?,?,?,?,?,?,?,?,?,default)
Hibernate: insert into "matchh" ("away_id","away_formation_id","away_score","date","finish","home_id","home_formation_id","home_score","last","round_id","spectators","match_id","status","id") values (?,?,?,?,?,?,?,?,?,?,?,?,?,default)
Hibernate: insert into "matchh" ("away_id","away_formation_id","away_score","date","finish","home_id","home_formation_id","home_score","last","round_id","spectators","match_id","status","id") values (?,?,?,?,?,?,?,?,?,?,?,?,?,default)
Hibernate: insert into "matchh" ("away_id","away_formation_id","away_score","date","finish","home_id","home_formation_id","home_score","last","round_id","spectators","match_id","status","id") values (?,?,?,?,?,?,?,?,?,?,?,?,?,default)
Hibernate: insert into "matchh" ("away_id","away_formation_id","away_score","date","finish","home_id","home_formation_id","home_score","last","round_id","spectators","match_id","status","id") values (?,?,?,?,?,?,?,?,?,?,?,?,?,default)
Hibernate: insert into "round" ("last","number","season_id","id") values (?,?,?,default)
Hibernate: insert into "matchh" ("away_id","away_formation_id","away_score","date","finish","home_id","home_formation_id","home_score","last","round_id","spectators","match_id","status","id") values (?,?,?,?,?,?,?,?,?,?,?,?,?,default)
Hibernate: insert into "matchh" ("away_id","away_formation_id","away_score","date","finish","home_id","home_formation_id","home_score","last","round_id","spectators","match_id","status","id") values (?,?,?,?,?,?,?,?,?,?,?,?,?,default)
Hibernate: insert into "matchh" ("away_id","away_formation_id","away_score","date","finish","home_id","home_formation_id","home_score","last","round_id","spectators","match_id","status","id") values (?,?,?,?,?,?,?,?,?,?,?,?,?,default)
Hibernate: insert into "matchh" ("away_id","away_formation_id","away_score","date","finish","home_id","home_formation_id","home_score","last","round_id","spectators","match_id","status","id") values (?,?,?,?,?,?,?,?,?,?,?,?,?,default)
Hibernate: insert into "matchh" ("away_id","away_formation_id","away_score","date","finish","home_id","home_formation_id","home_score","last","round_id","spectators","match_id","status","id") values (?,?,?,?,?,?,?,?,?,?,?,?,?,default)
Hibernate: insert into "round" ("last","number","season_id","id") values (?,?,?,default)
Hibernate: insert into "matchh" ("away_id","away_formation_id","away_score","date","finish","home_id","home_formation_id","home_score","last","round_id","spectators","match_id","status","id") values (?,?,?,?,?,?,?,?,?,?,?,?,?,default)
Hibernate: insert into "matchh" ("away_id","away_formation_id","away_score","date","finish","home_id","home_formation_id","home_score","last","round_id","spectators","match_id","status","id") values (?,?,?,?,?,?,?,?,?,?,?,?,?,default)
Hibernate: insert into "matchh" ("away_id","away_formation_id","away_score","date","finish","home_id","home_formation_id","home_score","last","round_id","spectators","match_id","status","id") values (?,?,?,?,?,?,?,?,?,?,?,?,?,default)
Hibernate: insert into "matchh" ("away_id","away_formation_id","away_score","date","finish","home_id","home_formation_id","home_score","last","round_id","spectators","match_id","status","id") values (?,?,?,?,?,?,?,?,?,?,?,?,?,default)
Hibernate: insert into "matchh" ("away_id","away_formation_id","away_score","date","finish","home_id","home_formation_id","home_score","last","round_id","spectators","match_id","status","id") values (?,?,?,?,?,?,?,?,?,?,?,?,?,default)
Hibernate: insert into "round" ("last","number","season_id","id") values (?,?,?,default)
Hibernate: insert into "matchh" ("away_id","away_formation_id","away_score","date","finish","home_id","home_formation_id","home_score","last","round_id","spectators","match_id","status","id") values (?,?,?,?,?,?,?,?,?,?,?,?,?,default)
Hibernate: insert into "matchh" ("away_id","away_formation_id","away_score","date","finish","home_id","home_formation_id","home_score","last","round_id","spectators","match_id","status","id") values (?,?,?,?,?,?,?,?,?,?,?,?,?,default)
Hibernate: insert into "matchh" ("away_id","away_formation_id","away_score","date","finish","home_id","home_formation_id","home_score","last","round_id","spectators","match_id","status","id") values (?,?,?,?,?,?,?,?,?,?,?,?,?,default)
Hibernate: insert into "matchh" ("away_id","away_formation_id","away_score","date","finish","home_id","home_formation_id","home_score","last","round_id","spectators","match_id","status","id") values (?,?,?,?,?,?,?,?,?,?,?,?,?,default)
Hibernate: insert into "matchh" ("away_id","away_formation_id","away_score","date","finish","home_id","home_formation_id","home_score","last","round_id","spectators","match_id","status","id") values (?,?,?,?,?,?,?,?,?,?,?,?,?,default)
Hibernate: insert into "round" ("last","number","season_id","id") values (?,?,?,default)
Hibernate: insert into "matchh" ("away_id","away_formation_id","away_score","date","finish","home_id","home_formation_id","home_score","last","round_id","spectators","match_id","status","id") values (?,?,?,?,?,?,?,?,?,?,?,?,?,default)
Hibernate: insert into "matchh" ("away_id","away_formation_id","away_score","date","finish","home_id","home_formation_id","home_score","last","round_id","spectators","match_id","status","id") values (?,?,?,?,?,?,?,?,?,?,?,?,?,default)
Hibernate: insert into "matchh" ("away_id","away_formation_id","away_score","date","finish","home_id","home_formation_id","home_score","last","round_id","spectators","match_id","status","id") values (?,?,?,?,?,?,?,?,?,?,?,?,?,default)
Hibernate: insert into "matchh" ("away_id","away_formation_id","away_score","date","finish","home_id","home_formation_id","home_score","last","round_id","spectators","match_id","status","id") values (?,?,?,?,?,?,?,?,?,?,?,?,?,default)
Hibernate: insert into "matchh" ("away_id","away_formation_id","away_score","date","finish","home_id","home_formation_id","home_score","last","round_id","spectators","match_id","status","id") values (?,?,?,?,?,?,?,?,?,?,?,?,?,default)
Hibernate: insert into "round" ("last","number","season_id","id") values (?,?,?,default)
Hibernate: insert into "matchh" ("away_id","away_formation_id","away_score","date","finish","home_id","home_formation_id","home_score","last","round_id","spectators","match_id","status","id") values (?,?,?,?,?,?,?,?,?,?,?,?,?,default)
Hibernate: insert into "matchh" ("away_id","away_formation_id","away_score","date","finish","home_id","home_formation_id","home_score","last","round_id","spectators","match_id","status","id") values (?,?,?,?,?,?,?,?,?,?,?,?,?,default)
Hibernate: insert into "matchh" ("away_id","away_formation_id","away_score","date","finish","home_id","home_formation_id","home_score","last","round_id","spectators","match_id","status","id") values (?,?,?,?,?,?,?,?,?,?,?,?,?,default)
Hibernate: insert into "matchh" ("away_id","away_formation_id","away_score","date","finish","home_id","home_formation_id","home_score","last","round_id","spectators","match_id","status","id") values (?,?,?,?,?,?,?,?,?,?,?,?,?,default)
Hibernate: insert into "matchh" ("away_id","away_formation_id","away_score","date","finish","home_id","home_formation_id","home_score","last","round_id","spectators","match_id","status","id") values (?,?,?,?,?,?,?,?,?,?,?,?,?,default)
Hibernate: insert into "round" ("last","number","season_id","id") values (?,?,?,default)
Hibernate: insert into "matchh" ("away_id","away_formation_id","away_score","date","finish","home_id","home_formation_id","home_score","last","round_id","spectators","match_id","status","id") values (?,?,?,?,?,?,?,?,?,?,?,?,?,default)
Hibernate: insert into "matchh" ("away_id","away_formation_id","away_score","date","finish","home_id","home_formation_id","home_score","last","round_id","spectators","match_id","status","id") values (?,?,?,?,?,?,?,?,?,?,?,?,?,default)
Hibernate: insert into "matchh" ("away_id","away_formation_id","away_score","date","finish","home_id","home_formation_id","home_score","last","round_id","spectators","match_id","status","id") values (?,?,?,?,?,?,?,?,?,?,?,?,?,default)
Hibernate: insert into "matchh" ("away_id","away_formation_id","away_score","date","finish","home_id","home_formation_id","home_score","last","round_id","spectators","match_id","status","id") values (?,?,?,?,?,?,?,?,?,?,?,?,?,default)
Hibernate: insert into "matchh" ("away_id","away_formation_id","away_score","date","finish","home_id","home_formation_id","home_score","last","round_id","spectators","match_id","status","id") values (?,?,?,?,?,?,?,?,?,?,?,?,?,default)
Hibernate: insert into "round" ("last","number","season_id","id") values (?,?,?,default)
Hibernate: insert into "matchh" ("away_id","away_formation_id","away_score","date","finish","home_id","home_formation_id","home_score","last","round_id","spectators","match_id","status","id") values (?,?,?,?,?,?,?,?,?,?,?,?,?,default)
Hibernate: insert into "matchh" ("away_id","away_formation_id","away_score","date","finish","home_id","home_formation_id","home_score","last","round_id","spectators","match_id","status","id") values (?,?,?,?,?,?,?,?,?,?,?,?,?,default)
Hibernate: insert into "matchh" ("away_id","away_formation_id","away_score","date","finish","home_id","home_formation_id","home_score","last","round_id","spectators","match_id","status","id") values (?,?,?,?,?,?,?,?,?,?,?,?,?,default)
Hibernate: insert into "matchh" ("away_id","away_formation_id","away_score","date","finish","home_id","home_formation_id","home_score","last","round_id","spectators","match_id","status","id") values (?,?,?,?,?,?,?,?,?,?,?,?,?,default)
Hibernate: insert into "matchh" ("away_id","away_formation_id","away_score","date","finish","home_id","home_formation_id","home_score","last","round_id","spectators","match_id","status","id") values (?,?,?,?,?,?,?,?,?,?,?,?,?,default)
Hibernate: insert into "round" ("last","number","season_id","id") values (?,?,?,default)
Hibernate: insert into "matchh" ("away_id","away_formation_id","away_score","date","finish","home_id","home_formation_id","home_score","last","round_id","spectators","match_id","status","id") values (?,?,?,?,?,?,?,?,?,?,?,?,?,default)
Hibernate: insert into "matchh" ("away_id","away_formation_id","away_score","date","finish","home_id","home_formation_id","home_score","last","round_id","spectators","match_id","status","id") values (?,?,?,?,?,?,?,?,?,?,?,?,?,default)
Hibernate: insert into "matchh" ("away_id","away_formation_id","away_score","date","finish","home_id","home_formation_id","home_score","last","round_id","spectators","match_id","status","id") values (?,?,?,?,?,?,?,?,?,?,?,?,?,default)
Hibernate: insert into "matchh" ("away_id","away_formation_id","away_score","date","finish","home_id","home_formation_id","home_score","last","round_id","spectators","match_id","status","id") values (?,?,?,?,?,?,?,?,?,?,?,?,?,default)
Hibernate: insert into "matchh" ("away_id","away_formation_id","away_score","date","finish","home_id","home_formation_id","home_score","last","round_id","spectators","match_id","status","id") values (?,?,?,?,?,?,?,?,?,?,?,?,?,default)
Hibernate: insert into "round" ("last","number","season_id","id") values (?,?,?,default)
Hibernate: insert into "matchh" ("away_id","away_formation_id","away_score","date","finish","home_id","home_formation_id","home_score","last","round_id","spectators","match_id","status","id") values (?,?,?,?,?,?,?,?,?,?,?,?,?,default)
Hibernate: insert into "matchh" ("away_id","away_formation_id","away_score","date","finish","home_id","home_formation_id","home_score","last","round_id","spectators","match_id","status","id") values (?,?,?,?,?,?,?,?,?,?,?,?,?,default)
Hibernate: insert into "matchh" ("away_id","away_formation_id","away_score","date","finish","home_id","home_formation_id","home_score","last","round_id","spectators","match_id","status","id") values (?,?,?,?,?,?,?,?,?,?,?,?,?,default)
Hibernate: insert into "matchh" ("away_id","away_formation_id","away_score","date","finish","home_id","home_formation_id","home_score","last","round_id","spectators","match_id","status","id") values (?,?,?,?,?,?,?,?,?,?,?,?,?,default)
Hibernate: insert into "matchh" ("away_id","away_formation_id","away_score","date","finish","home_id","home_formation_id","home_score","last","round_id","spectators","match_id","status","id") values (?,?,?,?,?,?,?,?,?,?,?,?,?,default)
Hibernate: insert into "round" ("last","number","season_id","id") values (?,?,?,default)
Hibernate: insert into "matchh" ("away_id","away_formation_id","away_score","date","finish","home_id","home_formation_id","home_score","last","round_id","spectators","match_id","status","id") values (?,?,?,?,?,?,?,?,?,?,?,?,?,default)
Hibernate: insert into "matchh" ("away_id","away_formation_id","away_score","date","finish","home_id","home_formation_id","home_score","last","round_id","spectators","match_id","status","id") values (?,?,?,?,?,?,?,?,?,?,?,?,?,default)
Hibernate: insert into "matchh" ("away_id","away_formation_id","away_score","date","finish","home_id","home_formation_id","home_score","last","round_id","spectators","match_id","status","id") values (?,?,?,?,?,?,?,?,?,?,?,?,?,default)
Hibernate: insert into "matchh" ("away_id","away_formation_id","away_score","date","finish","home_id","home_formation_id","home_score","last","round_id","spectators","match_id","status","id") values (?,?,?,?,?,?,?,?,?,?,?,?,?,default)
Hibernate: insert into "matchh" ("away_id","away_formation_id","away_score","date","finish","home_id","home_formation_id","home_score","last","round_id","spectators","match_id","status","id") values (?,?,?,?,?,?,?,?,?,?,?,?,?,default)
Hibernate: insert into "round" ("last","number","season_id","id") values (?,?,?,default)
Hibernate: insert into "matchh" ("away_id","away_formation_id","away_score","date","finish","home_id","home_formation_id","home_score","last","round_id","spectators","match_id","status","id") values (?,?,?,?,?,?,?,?,?,?,?,?,?,default)
Hibernate: insert into "matchh" ("away_id","away_formation_id","away_score","date","finish","home_id","home_formation_id","home_score","last","round_id","spectators","match_id","status","id") values (?,?,?,?,?,?,?,?,?,?,?,?,?,default)
Hibernate: insert into "matchh" ("away_id","away_formation_id","away_score","date","finish","home_id","home_formation_id","home_score","last","round_id","spectators","match_id","status","id") values (?,?,?,?,?,?,?,?,?,?,?,?,?,default)
Hibernate: insert into "matchh" ("away_id","away_formation_id","away_score","date","finish","home_id","home_formation_id","home_score","last","round_id","spectators","match_id","status","id") values (?,?,?,?,?,?,?,?,?,?,?,?,?,default)
Hibernate: insert into "matchh" ("away_id","away_formation_id","away_score","date","finish","home_id","home_formation_id","home_score","last","round_id","spectators","match_id","status","id") values (?,?,?,?,?,?,?,?,?,?,?,?,?,default)
Hibernate: insert into "round" ("last","number","season_id","id") values (?,?,?,default)
Hibernate: insert into "matchh" ("away_id","away_formation_id","away_score","date","finish","home_id","home_formation_id","home_score","last","round_id","spectators","match_id","status","id") values (?,?,?,?,?,?,?,?,?,?,?,?,?,default)
Hibernate: insert into "matchh" ("away_id","away_formation_id","away_score","date","finish","home_id","home_formation_id","home_score","last","round_id","spectators","match_id","status","id") values (?,?,?,?,?,?,?,?,?,?,?,?,?,default)
Hibernate: insert into "matchh" ("away_id","away_formation_id","away_score","date","finish","home_id","home_formation_id","home_score","last","round_id","spectators","match_id","status","id") values (?,?,?,?,?,?,?,?,?,?,?,?,?,default)
Hibernate: insert into "matchh" ("away_id","away_formation_id","away_score","date","finish","home_id","home_formation_id","home_score","last","round_id","spectators","match_id","status","id") values (?,?,?,?,?,?,?,?,?,?,?,?,?,default)
Hibernate: insert into "matchh" ("away_id","away_formation_id","away_score","date","finish","home_id","home_formation_id","home_score","last","round_id","spectators","match_id","status","id") values (?,?,?,?,?,?,?,?,?,?,?,?,?,default)
Hibernate: insert into "round" ("last","number","season_id","id") values (?,?,?,default)
Hibernate: insert into "matchh" ("away_id","away_formation_id","away_score","date","finish","home_id","home_formation_id","home_score","last","round_id","spectators","match_id","status","id") values (?,?,?,?,?,?,?,?,?,?,?,?,?,default)
Hibernate: insert into "matchh" ("away_id","away_formation_id","away_score","date","finish","home_id","home_formation_id","home_score","last","round_id","spectators","match_id","status","id") values (?,?,?,?,?,?,?,?,?,?,?,?,?,default)
Hibernate: insert into "matchh" ("away_id","away_formation_id","away_score","date","finish","home_id","home_formation_id","home_score","last","round_id","spectators","match_id","status","id") values (?,?,?,?,?,?,?,?,?,?,?,?,?,default)
Hibernate: insert into "matchh" ("away_id","away_formation_id","away_score","date","finish","home_id","home_formation_id","home_score","last","round_id","spectators","match_id","status","id") values (?,?,?,?,?,?,?,?,?,?,?,?,?,default)
Hibernate: insert into "matchh" ("away_id","away_formation_id","away_score","date","finish","home_id","home_formation_id","home_score","last","round_id","spectators","match_id","status","id") values (?,?,?,?,?,?,?,?,?,?,?,?,?,default)
Hibernate: insert into "round" ("last","number","season_id","id") values (?,?,?,default)
Hibernate: insert into "matchh" ("away_id","away_formation_id","away_score","date","finish","home_id","home_formation_id","home_score","last","round_id","spectators","match_id","status","id") values (?,?,?,?,?,?,?,?,?,?,?,?,?,default)
Hibernate: insert into "matchh" ("away_id","away_formation_id","away_score","date","finish","home_id","home_formation_id","home_score","last","round_id","spectators","match_id","status","id") values (?,?,?,?,?,?,?,?,?,?,?,?,?,default)
Hibernate: insert into "matchh" ("away_id","away_formation_id","away_score","date","finish","home_id","home_formation_id","home_score","last","round_id","spectators","match_id","status","id") values (?,?,?,?,?,?,?,?,?,?,?,?,?,default)
Hibernate: insert into "matchh" ("away_id","away_formation_id","away_score","date","finish","home_id","home_formation_id","home_score","last","round_id","spectators","match_id","status","id") values (?,?,?,?,?,?,?,?,?,?,?,?,?,default)
Hibernate: insert into "matchh" ("away_id","away_formation_id","away_score","date","finish","home_id","home_formation_id","home_score","last","round_id","spectators","match_id","status","id") values (?,?,?,?,?,?,?,?,?,?,?,?,?,default)
Hibernate: insert into "league" ("country_id","season_id","euro_cup","minor_league_id","name","promotion","relegation","server_id","id") values (?,?,?,?,?,?,?,?,default)
Hibernate: insert into "finance" ("balance","debt","facility_maintenance","last_updated","loan_interest","matchday_revenue","merchandise_revenue","monthly_budget","net_worth","operational_costs","player_salaries","prize_money_revenue","profit_margin","season_budget","sponsorship_revenue","staff_salaries","total_expenses","total_revenue","transfer_expenses","transfer_revenue","tv_rights_revenue","id") values (?,?,?,?,?,?,?,?,?,?,?,?,?,?,?,?,?,?,?,?,?,default)
Hibernate: insert into "stadium" ("accessibility_level","atmosphere_multiplier","base_capacity","capacity","construction_cost","facilities_quality","grandstand_est","grandstand_nord","grandstand_sud","grandstand_west","has_media_center","has_megastore","has_museum","has_roof","has_undersoil_heating","has_vip_boxes","last_upgrade_date","maintenance_cost","name","next_maintenance_date","pitch_quality","revenue_multiplier","security_level","upgrade_value","id") values (?,?,?,?,?,?,?,?,?,?,?,?,?,?,?,?,?,?,?,?,?,?,?,?,default)
Hibernate: insert into "team" ("formation_id","id") values (?,default)
Hibernate: insert into "player" ("birth","cndtion","defending","goalkeeping","moral","name","on_sale","original_team_id","passing","playmaking","potential","preferred_foot","role","salary","scoring","set_pieces","stamina","surname","team_id","winger","id") values (?,?,?,?,?,?,?,?,?,?,?,?,?,?,?,?,?,?,?,?,default)
Hibernate: insert into "player" ("birth","cndtion","defending","goalkeeping","moral","name","on_sale","original_team_id","passing","playmaking","potential","preferred_foot","role","salary","scoring","set_pieces","stamina","surname","team_id","winger","id") values (?,?,?,?,?,?,?,?,?,?,?,?,?,?,?,?,?,?,?,?,default)
Hibernate: insert into "player" ("birth","cndtion","defending","goalkeeping","moral","name","on_sale","original_team_id","passing","playmaking","potential","preferred_foot","role","salary","scoring","set_pieces","stamina","surname","team_id","winger","id") values (?,?,?,?,?,?,?,?,?,?,?,?,?,?,?,?,?,?,?,?,default)
Hibernate: insert into "player" ("birth","cndtion","defending","goalkeeping","moral","name","on_sale","original_team_id","passing","playmaking","potential","preferred_foot","role","salary","scoring","set_pieces","stamina","surname","team_id","winger","id") values (?,?,?,?,?,?,?,?,?,?,?,?,?,?,?,?,?,?,?,?,default)
Hibernate: insert into "player" ("birth","cndtion","defending","goalkeeping","moral","name","on_sale","original_team_id","passing","playmaking","potential","preferred_foot","role","salary","scoring","set_pieces","stamina","surname","team_id","winger","id") values (?,?,?,?,?,?,?,?,?,?,?,?,?,?,?,?,?,?,?,?,default)
Hibernate: insert into "player" ("birth","cndtion","defending","goalkeeping","moral","name","on_sale","original_team_id","passing","playmaking","potential","preferred_foot","role","salary","scoring","set_pieces","stamina","surname","team_id","winger","id") values (?,?,?,?,?,?,?,?,?,?,?,?,?,?,?,?,?,?,?,?,default)
Hibernate: insert into "player" ("birth","cndtion","defending","goalkeeping","moral","name","on_sale","original_team_id","passing","playmaking","potential","preferred_foot","role","salary","scoring","set_pieces","stamina","surname","team_id","winger","id") values (?,?,?,?,?,?,?,?,?,?,?,?,?,?,?,?,?,?,?,?,default)
Hibernate: insert into "player" ("birth","cndtion","defending","goalkeeping","moral","name","on_sale","original_team_id","passing","playmaking","potential","preferred_foot","role","salary","scoring","set_pieces","stamina","surname","team_id","winger","id") values (?,?,?,?,?,?,?,?,?,?,?,?,?,?,?,?,?,?,?,?,default)
Hibernate: insert into "player" ("birth","cndtion","defending","goalkeeping","moral","name","on_sale","original_team_id","passing","playmaking","potential","preferred_foot","role","salary","scoring","set_pieces","stamina","surname","team_id","winger","id") values (?,?,?,?,?,?,?,?,?,?,?,?,?,?,?,?,?,?,?,?,default)
Hibernate: insert into "player" ("birth","cndtion","defending","goalkeeping","moral","name","on_sale","original_team_id","passing","playmaking","potential","preferred_foot","role","salary","scoring","set_pieces","stamina","surname","team_id","winger","id") values (?,?,?,?,?,?,?,?,?,?,?,?,?,?,?,?,?,?,?,?,default)
Hibernate: insert into "player" ("birth","cndtion","defending","goalkeeping","moral","name","on_sale","original_team_id","passing","playmaking","potential","preferred_foot","role","salary","scoring","set_pieces","stamina","surname","team_id","winger","id") values (?,?,?,?,?,?,?,?,?,?,?,?,?,?,?,?,?,?,?,?,default)
Hibernate: insert into "player" ("birth","cndtion","defending","goalkeeping","moral","name","on_sale","original_team_id","passing","playmaking","potential","preferred_foot","role","salary","scoring","set_pieces","stamina","surname","team_id","winger","id") values (?,?,?,?,?,?,?,?,?,?,?,?,?,?,?,?,?,?,?,?,default)
Hibernate: insert into "player" ("birth","cndtion","defending","goalkeeping","moral","name","on_sale","original_team_id","passing","playmaking","potential","preferred_foot","role","salary","scoring","set_pieces","stamina","surname","team_id","winger","id") values (?,?,?,?,?,?,?,?,?,?,?,?,?,?,?,?,?,?,?,?,default)
Hibernate: insert into "player" ("birth","cndtion","defending","goalkeeping","moral","name","on_sale","original_team_id","passing","playmaking","potential","preferred_foot","role","salary","scoring","set_pieces","stamina","surname","team_id","winger","id") values (?,?,?,?,?,?,?,?,?,?,?,?,?,?,?,?,?,?,?,?,default)
Hibernate: insert into "player" ("birth","cndtion","defending","goalkeeping","moral","name","on_sale","original_team_id","passing","playmaking","potential","preferred_foot","role","salary","scoring","set_pieces","stamina","surname","team_id","winger","id") values (?,?,?,?,?,?,?,?,?,?,?,?,?,?,?,?,?,?,?,?,default)
Hibernate: insert into "player" ("birth","cndtion","defending","goalkeeping","moral","name","on_sale","original_team_id","passing","playmaking","potential","preferred_foot","role","salary","scoring","set_pieces","stamina","surname","team_id","winger","id") values (?,?,?,?,?,?,?,?,?,?,?,?,?,?,?,?,?,?,?,?,default)
Hibernate: insert into "player" ("birth","cndtion","defending","goalkeeping","moral","name","on_sale","original_team_id","passing","playmaking","potential","preferred_foot","role","salary","scoring","set_pieces","stamina","surname","team_id","winger","id") values (?,?,?,?,?,?,?,?,?,?,?,?,?,?,?,?,?,?,?,?,default)
Hibernate: insert into "player" ("birth","cndtion","defending","goalkeeping","moral","name","on_sale","original_team_id","passing","playmaking","potential","preferred_foot","role","salary","scoring","set_pieces","stamina","surname","team_id","winger","id") values (?,?,?,?,?,?,?,?,?,?,?,?,?,?,?,?,?,?,?,?,default)
Hibernate: insert into "player" ("birth","cndtion","defending","goalkeeping","moral","name","on_sale","original_team_id","passing","playmaking","potential","preferred_foot","role","salary","scoring","set_pieces","stamina","surname","team_id","winger","id") values (?,?,?,?,?,?,?,?,?,?,?,?,?,?,?,?,?,?,?,?,default)
Hibernate: insert into "player" ("birth","cndtion","defending","goalkeeping","moral","name","on_sale","original_team_id","passing","playmaking","potential","preferred_foot","role","salary","scoring","set_pieces","stamina","surname","team_id","winger","id") values (?,?,?,?,?,?,?,?,?,?,?,?,?,?,?,?,?,?,?,?,default)
Hibernate: insert into "player" ("birth","cndtion","defending","goalkeeping","moral","name","on_sale","original_team_id","passing","playmaking","potential","preferred_foot","role","salary","scoring","set_pieces","stamina","surname","team_id","winger","id") values (?,?,?,?,?,?,?,?,?,?,?,?,?,?,?,?,?,?,?,?,default)
Hibernate: insert into "player" ("birth","cndtion","defending","goalkeeping","moral","name","on_sale","original_team_id","passing","playmaking","potential","preferred_foot","role","salary","scoring","set_pieces","stamina","surname","team_id","winger","id") values (?,?,?,?,?,?,?,?,?,?,?,?,?,?,?,?,?,?,?,?,default)
Hibernate: insert into "player" ("birth","cndtion","defending","goalkeeping","moral","name","on_sale","original_team_id","passing","playmaking","potential","preferred_foot","role","salary","scoring","set_pieces","stamina","surname","team_id","winger","id") values (?,?,?,?,?,?,?,?,?,?,?,?,?,?,?,?,?,?,?,?,default)
Hibernate: insert into "club" ("city","finance_id","foundation","league_id","logourl","medical_center_id","name","stadium_id","team_id","training_facility_id","under18_id","youth_academy_id","id") values (?,?,?,?,?,?,?,?,?,?,?,?,default)
Hibernate: insert into "finance" ("balance","debt","facility_maintenance","last_updated","loan_interest","matchday_revenue","merchandise_revenue","monthly_budget","net_worth","operational_costs","player_salaries","prize_money_revenue","profit_margin","season_budget","sponsorship_revenue","staff_salaries","total_expenses","total_revenue","transfer_expenses","transfer_revenue","tv_rights_revenue","id") values (?,?,?,?,?,?,?,?,?,?,?,?,?,?,?,?,?,?,?,?,?,default)
Hibernate: insert into "stadium" ("accessibility_level","atmosphere_multiplier","base_capacity","capacity","construction_cost","facilities_quality","grandstand_est","grandstand_nord","grandstand_sud","grandstand_west","has_media_center","has_megastore","has_museum","has_roof","has_undersoil_heating","has_vip_boxes","last_upgrade_date","maintenance_cost","name","next_maintenance_date","pitch_quality","revenue_multiplier","security_level","upgrade_value","id") values (?,?,?,?,?,?,?,?,?,?,?,?,?,?,?,?,?,?,?,?,?,?,?,?,default)
Hibernate: insert into "team" ("formation_id","id") values (?,default)
Hibernate: insert into "player" ("birth","cndtion","defending","goalkeeping","moral","name","on_sale","original_team_id","passing","playmaking","potential","preferred_foot","role","salary","scoring","set_pieces","stamina","surname","team_id","winger","id") values (?,?,?,?,?,?,?,?,?,?,?,?,?,?,?,?,?,?,?,?,default)
Hibernate: insert into "player" ("birth","cndtion","defending","goalkeeping","moral","name","on_sale","original_team_id","passing","playmaking","potential","preferred_foot","role","salary","scoring","set_pieces","stamina","surname","team_id","winger","id") values (?,?,?,?,?,?,?,?,?,?,?,?,?,?,?,?,?,?,?,?,default)
Hibernate: insert into "player" ("birth","cndtion","defending","goalkeeping","moral","name","on_sale","original_team_id","passing","playmaking","potential","preferred_foot","role","salary","scoring","set_pieces","stamina","surname","team_id","winger","id") values (?,?,?,?,?,?,?,?,?,?,?,?,?,?,?,?,?,?,?,?,default)
Hibernate: insert into "player" ("birth","cndtion","defending","goalkeeping","moral","name","on_sale","original_team_id","passing","playmaking","potential","preferred_foot","role","salary","scoring","set_pieces","stamina","surname","team_id","winger","id") values (?,?,?,?,?,?,?,?,?,?,?,?,?,?,?,?,?,?,?,?,default)
Hibernate: insert into "player" ("birth","cndtion","defending","goalkeeping","moral","name","on_sale","original_team_id","passing","playmaking","potential","preferred_foot","role","salary","scoring","set_pieces","stamina","surname","team_id","winger","id") values (?,?,?,?,?,?,?,?,?,?,?,?,?,?,?,?,?,?,?,?,default)
Hibernate: insert into "player" ("birth","cndtion","defending","goalkeeping","moral","name","on_sale","original_team_id","passing","playmaking","potential","preferred_foot","role","salary","scoring","set_pieces","stamina","surname","team_id","winger","id") values (?,?,?,?,?,?,?,?,?,?,?,?,?,?,?,?,?,?,?,?,default)
Hibernate: insert into "player" ("birth","cndtion","defending","goalkeeping","moral","name","on_sale","original_team_id","passing","playmaking","potential","preferred_foot","role","salary","scoring","set_pieces","stamina","surname","team_id","winger","id") values (?,?,?,?,?,?,?,?,?,?,?,?,?,?,?,?,?,?,?,?,default)
Hibernate: insert into "player" ("birth","cndtion","defending","goalkeeping","moral","name","on_sale","original_team_id","passing","playmaking","potential","preferred_foot","role","salary","scoring","set_pieces","stamina","surname","team_id","winger","id") values (?,?,?,?,?,?,?,?,?,?,?,?,?,?,?,?,?,?,?,?,default)
Hibernate: insert into "player" ("birth","cndtion","defending","goalkeeping","moral","name","on_sale","original_team_id","passing","playmaking","potential","preferred_foot","role","salary","scoring","set_pieces","stamina","surname","team_id","winger","id") values (?,?,?,?,?,?,?,?,?,?,?,?,?,?,?,?,?,?,?,?,default)
Hibernate: insert into "player" ("birth","cndtion","defending","goalkeeping","moral","name","on_sale","original_team_id","passing","playmaking","potential","preferred_foot","role","salary","scoring","set_pieces","stamina","surname","team_id","winger","id") values (?,?,?,?,?,?,?,?,?,?,?,?,?,?,?,?,?,?,?,?,default)
Hibernate: insert into "player" ("birth","cndtion","defending","goalkeeping","moral","name","on_sale","original_team_id","passing","playmaking","potential","preferred_foot","role","salary","scoring","set_pieces","stamina","surname","team_id","winger","id") values (?,?,?,?,?,?,?,?,?,?,?,?,?,?,?,?,?,?,?,?,default)
Hibernate: insert into "player" ("birth","cndtion","defending","goalkeeping","moral","name","on_sale","original_team_id","passing","playmaking","potential","preferred_foot","role","salary","scoring","set_pieces","stamina","surname","team_id","winger","id") values (?,?,?,?,?,?,?,?,?,?,?,?,?,?,?,?,?,?,?,?,default)
Hibernate: insert into "player" ("birth","cndtion","defending","goalkeeping","moral","name","on_sale","original_team_id","passing","playmaking","potential","preferred_foot","role","salary","scoring","set_pieces","stamina","surname","team_id","winger","id") values (?,?,?,?,?,?,?,?,?,?,?,?,?,?,?,?,?,?,?,?,default)
Hibernate: insert into "player" ("birth","cndtion","defending","goalkeeping","moral","name","on_sale","original_team_id","passing","playmaking","potential","preferred_foot","role","salary","scoring","set_pieces","stamina","surname","team_id","winger","id") values (?,?,?,?,?,?,?,?,?,?,?,?,?,?,?,?,?,?,?,?,default)
Hibernate: insert into "player" ("birth","cndtion","defending","goalkeeping","moral","name","on_sale","original_team_id","passing","playmaking","potential","preferred_foot","role","salary","scoring","set_pieces","stamina","surname","team_id","winger","id") values (?,?,?,?,?,?,?,?,?,?,?,?,?,?,?,?,?,?,?,?,default)
Hibernate: insert into "player" ("birth","cndtion","defending","goalkeeping","moral","name","on_sale","original_team_id","passing","playmaking","potential","preferred_foot","role","salary","scoring","set_pieces","stamina","surname","team_id","winger","id") values (?,?,?,?,?,?,?,?,?,?,?,?,?,?,?,?,?,?,?,?,default)
Hibernate: insert into "player" ("birth","cndtion","defending","goalkeeping","moral","name","on_sale","original_team_id","passing","playmaking","potential","preferred_foot","role","salary","scoring","set_pieces","stamina","surname","team_id","winger","id") values (?,?,?,?,?,?,?,?,?,?,?,?,?,?,?,?,?,?,?,?,default)
Hibernate: insert into "player" ("birth","cndtion","defending","goalkeeping","moral","name","on_sale","original_team_id","passing","playmaking","potential","preferred_foot","role","salary","scoring","set_pieces","stamina","surname","team_id","winger","id") values (?,?,?,?,?,?,?,?,?,?,?,?,?,?,?,?,?,?,?,?,default)
Hibernate: insert into "player" ("birth","cndtion","defending","goalkeeping","moral","name","on_sale","original_team_id","passing","playmaking","potential","preferred_foot","role","salary","scoring","set_pieces","stamina","surname","team_id","winger","id") values (?,?,?,?,?,?,?,?,?,?,?,?,?,?,?,?,?,?,?,?,default)
Hibernate: insert into "player" ("birth","cndtion","defending","goalkeeping","moral","name","on_sale","original_team_id","passing","playmaking","potential","preferred_foot","role","salary","scoring","set_pieces","stamina","surname","team_id","winger","id") values (?,?,?,?,?,?,?,?,?,?,?,?,?,?,?,?,?,?,?,?,default)
Hibernate: insert into "player" ("birth","cndtion","defending","goalkeeping","moral","name","on_sale","original_team_id","passing","playmaking","potential","preferred_foot","role","salary","scoring","set_pieces","stamina","surname","team_id","winger","id") values (?,?,?,?,?,?,?,?,?,?,?,?,?,?,?,?,?,?,?,?,default)
Hibernate: insert into "player" ("birth","cndtion","defending","goalkeeping","moral","name","on_sale","original_team_id","passing","playmaking","potential","preferred_foot","role","salary","scoring","set_pieces","stamina","surname","team_id","winger","id") values (?,?,?,?,?,?,?,?,?,?,?,?,?,?,?,?,?,?,?,?,default)
Hibernate: insert into "player" ("birth","cndtion","defending","goalkeeping","moral","name","on_sale","original_team_id","passing","playmaking","potential","preferred_foot","role","salary","scoring","set_pieces","stamina","surname","team_id","winger","id") values (?,?,?,?,?,?,?,?,?,?,?,?,?,?,?,?,?,?,?,?,default)
Hibernate: insert into "club" ("city","finance_id","foundation","league_id","logourl","medical_center_id","name","stadium_id","team_id","training_facility_id","under18_id","youth_academy_id","id") values (?,?,?,?,?,?,?,?,?,?,?,?,default)
Hibernate: insert into "finance" ("balance","debt","facility_maintenance","last_updated","loan_interest","matchday_revenue","merchandise_revenue","monthly_budget","net_worth","operational_costs","player_salaries","prize_money_revenue","profit_margin","season_budget","sponsorship_revenue","staff_salaries","total_expenses","total_revenue","transfer_expenses","transfer_revenue","tv_rights_revenue","id") values (?,?,?,?,?,?,?,?,?,?,?,?,?,?,?,?,?,?,?,?,?,default)
Hibernate: insert into "stadium" ("accessibility_level","atmosphere_multiplier","base_capacity","capacity","construction_cost","facilities_quality","grandstand_est","grandstand_nord","grandstand_sud","grandstand_west","has_media_center","has_megastore","has_museum","has_roof","has_undersoil_heating","has_vip_boxes","last_upgrade_date","maintenance_cost","name","next_maintenance_date","pitch_quality","revenue_multiplier","security_level","upgrade_value","id") values (?,?,?,?,?,?,?,?,?,?,?,?,?,?,?,?,?,?,?,?,?,?,?,?,default)
Hibernate: insert into "team" ("formation_id","id") values (?,default)
Hibernate: insert into "player" ("birth","cndtion","defending","goalkeeping","moral","name","on_sale","original_team_id","passing","playmaking","potential","preferred_foot","role","salary","scoring","set_pieces","stamina","surname","team_id","winger","id") values (?,?,?,?,?,?,?,?,?,?,?,?,?,?,?,?,?,?,?,?,default)
Hibernate: insert into "player" ("birth","cndtion","defending","goalkeeping","moral","name","on_sale","original_team_id","passing","playmaking","potential","preferred_foot","role","salary","scoring","set_pieces","stamina","surname","team_id","winger","id") values (?,?,?,?,?,?,?,?,?,?,?,?,?,?,?,?,?,?,?,?,default)
Hibernate: insert into "player" ("birth","cndtion","defending","goalkeeping","moral","name","on_sale","original_team_id","passing","playmaking","potential","preferred_foot","role","salary","scoring","set_pieces","stamina","surname","team_id","winger","id") values (?,?,?,?,?,?,?,?,?,?,?,?,?,?,?,?,?,?,?,?,default)
Hibernate: insert into "player" ("birth","cndtion","defending","goalkeeping","moral","name","on_sale","original_team_id","passing","playmaking","potential","preferred_foot","role","salary","scoring","set_pieces","stamina","surname","team_id","winger","id") values (?,?,?,?,?,?,?,?,?,?,?,?,?,?,?,?,?,?,?,?,default)
Hibernate: insert into "player" ("birth","cndtion","defending","goalkeeping","moral","name","on_sale","original_team_id","passing","playmaking","potential","preferred_foot","role","salary","scoring","set_pieces","stamina","surname","team_id","winger","id") values (?,?,?,?,?,?,?,?,?,?,?,?,?,?,?,?,?,?,?,?,default)
Hibernate: insert into "player" ("birth","cndtion","defending","goalkeeping","moral","name","on_sale","original_team_id","passing","playmaking","potential","preferred_foot","role","salary","scoring","set_pieces","stamina","surname","team_id","winger","id") values (?,?,?,?,?,?,?,?,?,?,?,?,?,?,?,?,?,?,?,?,default)
Hibernate: insert into "player" ("birth","cndtion","defending","goalkeeping","moral","name","on_sale","original_team_id","passing","playmaking","potential","preferred_foot","role","salary","scoring","set_pieces","stamina","surname","team_id","winger","id") values (?,?,?,?,?,?,?,?,?,?,?,?,?,?,?,?,?,?,?,?,default)
Hibernate: insert into "player" ("birth","cndtion","defending","goalkeeping","moral","name","on_sale","original_team_id","passing","playmaking","potential","preferred_foot","role","salary","scoring","set_pieces","stamina","surname","team_id","winger","id") values (?,?,?,?,?,?,?,?,?,?,?,?,?,?,?,?,?,?,?,?,default)
Hibernate: insert into "player" ("birth","cndtion","defending","goalkeeping","moral","name","on_sale","original_team_id","passing","playmaking","potential","preferred_foot","role","salary","scoring","set_pieces","stamina","surname","team_id","winger","id") values (?,?,?,?,?,?,?,?,?,?,?,?,?,?,?,?,?,?,?,?,default)
Hibernate: insert into "player" ("birth","cndtion","defending","goalkeeping","moral","name","on_sale","original_team_id","passing","playmaking","potential","preferred_foot","role","salary","scoring","set_pieces","stamina","surname","team_id","winger","id") values (?,?,?,?,?,?,?,?,?,?,?,?,?,?,?,?,?,?,?,?,default)
Hibernate: insert into "player" ("birth","cndtion","defending","goalkeeping","moral","name","on_sale","original_team_id","passing","playmaking","potential","preferred_foot","role","salary","scoring","set_pieces","stamina","surname","team_id","winger","id") values (?,?,?,?,?,?,?,?,?,?,?,?,?,?,?,?,?,?,?,?,default)
Hibernate: insert into "player" ("birth","cndtion","defending","goalkeeping","moral","name","on_sale","original_team_id","passing","playmaking","potential","preferred_foot","role","salary","scoring","set_pieces","stamina","surname","team_id","winger","id") values (?,?,?,?,?,?,?,?,?,?,?,?,?,?,?,?,?,?,?,?,default)
Hibernate: insert into "player" ("birth","cndtion","defending","goalkeeping","moral","name","on_sale","original_team_id","passing","playmaking","potential","preferred_foot","role","salary","scoring","set_pieces","stamina","surname","team_id","winger","id") values (?,?,?,?,?,?,?,?,?,?,?,?,?,?,?,?,?,?,?,?,default)
Hibernate: insert into "player" ("birth","cndtion","defending","goalkeeping","moral","name","on_sale","original_team_id","passing","playmaking","potential","preferred_foot","role","salary","scoring","set_pieces","stamina","surname","team_id","winger","id") values (?,?,?,?,?,?,?,?,?,?,?,?,?,?,?,?,?,?,?,?,default)
Hibernate: insert into "player" ("birth","cndtion","defending","goalkeeping","moral","name","on_sale","original_team_id","passing","playmaking","potential","preferred_foot","role","salary","scoring","set_pieces","stamina","surname","team_id","winger","id") values (?,?,?,?,?,?,?,?,?,?,?,?,?,?,?,?,?,?,?,?,default)
Hibernate: insert into "player" ("birth","cndtion","defending","goalkeeping","moral","name","on_sale","original_team_id","passing","playmaking","potential","preferred_foot","role","salary","scoring","set_pieces","stamina","surname","team_id","winger","id") values (?,?,?,?,?,?,?,?,?,?,?,?,?,?,?,?,?,?,?,?,default)
Hibernate: insert into "player" ("birth","cndtion","defending","goalkeeping","moral","name","on_sale","original_team_id","passing","playmaking","potential","preferred_foot","role","salary","scoring","set_pieces","stamina","surname","team_id","winger","id") values (?,?,?,?,?,?,?,?,?,?,?,?,?,?,?,?,?,?,?,?,default)
Hibernate: insert into "player" ("birth","cndtion","defending","goalkeeping","moral","name","on_sale","original_team_id","passing","playmaking","potential","preferred_foot","role","salary","scoring","set_pieces","stamina","surname","team_id","winger","id") values (?,?,?,?,?,?,?,?,?,?,?,?,?,?,?,?,?,?,?,?,default)
Hibernate: insert into "player" ("birth","cndtion","defending","goalkeeping","moral","name","on_sale","original_team_id","passing","playmaking","potential","preferred_foot","role","salary","scoring","set_pieces","stamina","surname","team_id","winger","id") values (?,?,?,?,?,?,?,?,?,?,?,?,?,?,?,?,?,?,?,?,default)
Hibernate: insert into "player" ("birth","cndtion","defending","goalkeeping","moral","name","on_sale","original_team_id","passing","playmaking","potential","preferred_foot","role","salary","scoring","set_pieces","stamina","surname","team_id","winger","id") values (?,?,?,?,?,?,?,?,?,?,?,?,?,?,?,?,?,?,?,?,default)
Hibernate: insert into "player" ("birth","cndtion","defending","goalkeeping","moral","name","on_sale","original_team_id","passing","playmaking","potential","preferred_foot","role","salary","scoring","set_pieces","stamina","surname","team_id","winger","id") values (?,?,?,?,?,?,?,?,?,?,?,?,?,?,?,?,?,?,?,?,default)
Hibernate: insert into "player" ("birth","cndtion","defending","goalkeeping","moral","name","on_sale","original_team_id","passing","playmaking","potential","preferred_foot","role","salary","scoring","set_pieces","stamina","surname","team_id","winger","id") values (?,?,?,?,?,?,?,?,?,?,?,?,?,?,?,?,?,?,?,?,default)
Hibernate: insert into "player" ("birth","cndtion","defending","goalkeeping","moral","name","on_sale","original_team_id","passing","playmaking","potential","preferred_foot","role","salary","scoring","set_pieces","stamina","surname","team_id","winger","id") values (?,?,?,?,?,?,?,?,?,?,?,?,?,?,?,?,?,?,?,?,default)
Hibernate: insert into "club" ("city","finance_id","foundation","league_id","logourl","medical_center_id","name","stadium_id","team_id","training_facility_id","under18_id","youth_academy_id","id") values (?,?,?,?,?,?,?,?,?,?,?,?,default)
Hibernate: insert into "finance" ("balance","debt","facility_maintenance","last_updated","loan_interest","matchday_revenue","merchandise_revenue","monthly_budget","net_worth","operational_costs","player_salaries","prize_money_revenue","profit_margin","season_budget","sponsorship_revenue","staff_salaries","total_expenses","total_revenue","transfer_expenses","transfer_revenue","tv_rights_revenue","id") values (?,?,?,?,?,?,?,?,?,?,?,?,?,?,?,?,?,?,?,?,?,default)
Hibernate: insert into "stadium" ("accessibility_level","atmosphere_multiplier","base_capacity","capacity","construction_cost","facilities_quality","grandstand_est","grandstand_nord","grandstand_sud","grandstand_west","has_media_center","has_megastore","has_museum","has_roof","has_undersoil_heating","has_vip_boxes","last_upgrade_date","maintenance_cost","name","next_maintenance_date","pitch_quality","revenue_multiplier","security_level","upgrade_value","id") values (?,?,?,?,?,?,?,?,?,?,?,?,?,?,?,?,?,?,?,?,?,?,?,?,default)
Hibernate: insert into "team" ("formation_id","id") values (?,default)
Hibernate: insert into "player" ("birth","cndtion","defending","goalkeeping","moral","name","on_sale","original_team_id","passing","playmaking","potential","preferred_foot","role","salary","scoring","set_pieces","stamina","surname","team_id","winger","id") values (?,?,?,?,?,?,?,?,?,?,?,?,?,?,?,?,?,?,?,?,default)
Hibernate: insert into "player" ("birth","cndtion","defending","goalkeeping","moral","name","on_sale","original_team_id","passing","playmaking","potential","preferred_foot","role","salary","scoring","set_pieces","stamina","surname","team_id","winger","id") values (?,?,?,?,?,?,?,?,?,?,?,?,?,?,?,?,?,?,?,?,default)
Hibernate: insert into "player" ("birth","cndtion","defending","goalkeeping","moral","name","on_sale","original_team_id","passing","playmaking","potential","preferred_foot","role","salary","scoring","set_pieces","stamina","surname","team_id","winger","id") values (?,?,?,?,?,?,?,?,?,?,?,?,?,?,?,?,?,?,?,?,default)
Hibernate: insert into "player" ("birth","cndtion","defending","goalkeeping","moral","name","on_sale","original_team_id","passing","playmaking","potential","preferred_foot","role","salary","scoring","set_pieces","stamina","surname","team_id","winger","id") values (?,?,?,?,?,?,?,?,?,?,?,?,?,?,?,?,?,?,?,?,default)
Hibernate: insert into "player" ("birth","cndtion","defending","goalkeeping","moral","name","on_sale","original_team_id","passing","playmaking","potential","preferred_foot","role","salary","scoring","set_pieces","stamina","surname","team_id","winger","id") values (?,?,?,?,?,?,?,?,?,?,?,?,?,?,?,?,?,?,?,?,default)
Hibernate: insert into "player" ("birth","cndtion","defending","goalkeeping","moral","name","on_sale","original_team_id","passing","playmaking","potential","preferred_foot","role","salary","scoring","set_pieces","stamina","surname","team_id","winger","id") values (?,?,?,?,?,?,?,?,?,?,?,?,?,?,?,?,?,?,?,?,default)
Hibernate: insert into "player" ("birth","cndtion","defending","goalkeeping","moral","name","on_sale","original_team_id","passing","playmaking","potential","preferred_foot","role","salary","scoring","set_pieces","stamina","surname","team_id","winger","id") values (?,?,?,?,?,?,?,?,?,?,?,?,?,?,?,?,?,?,?,?,default)
Hibernate: insert into "player" ("birth","cndtion","defending","goalkeeping","moral","name","on_sale","original_team_id","passing","playmaking","potential","preferred_foot","role","salary","scoring","set_pieces","stamina","surname","team_id","winger","id") values (?,?,?,?,?,?,?,?,?,?,?,?,?,?,?,?,?,?,?,?,default)
Hibernate: insert into "player" ("birth","cndtion","defending","goalkeeping","moral","name","on_sale","original_team_id","passing","playmaking","potential","preferred_foot","role","salary","scoring","set_pieces","stamina","surname","team_id","winger","id") values (?,?,?,?,?,?,?,?,?,?,?,?,?,?,?,?,?,?,?,?,default)
Hibernate: insert into "player" ("birth","cndtion","defending","goalkeeping","moral","name","on_sale","original_team_id","passing","playmaking","potential","preferred_foot","role","salary","scoring","set_pieces","stamina","surname","team_id","winger","id") values (?,?,?,?,?,?,?,?,?,?,?,?,?,?,?,?,?,?,?,?,default)
Hibernate: insert into "player" ("birth","cndtion","defending","goalkeeping","moral","name","on_sale","original_team_id","passing","playmaking","potential","preferred_foot","role","salary","scoring","set_pieces","stamina","surname","team_id","winger","id") values (?,?,?,?,?,?,?,?,?,?,?,?,?,?,?,?,?,?,?,?,default)
Hibernate: insert into "player" ("birth","cndtion","defending","goalkeeping","moral","name","on_sale","original_team_id","passing","playmaking","potential","preferred_foot","role","salary","scoring","set_pieces","stamina","surname","team_id","winger","id") values (?,?,?,?,?,?,?,?,?,?,?,?,?,?,?,?,?,?,?,?,default)
Hibernate: insert into "player" ("birth","cndtion","defending","goalkeeping","moral","name","on_sale","original_team_id","passing","playmaking","potential","preferred_foot","role","salary","scoring","set_pieces","stamina","surname","team_id","winger","id") values (?,?,?,?,?,?,?,?,?,?,?,?,?,?,?,?,?,?,?,?,default)
Hibernate: insert into "player" ("birth","cndtion","defending","goalkeeping","moral","name","on_sale","original_team_id","passing","playmaking","potential","preferred_foot","role","salary","scoring","set_pieces","stamina","surname","team_id","winger","id") values (?,?,?,?,?,?,?,?,?,?,?,?,?,?,?,?,?,?,?,?,default)
Hibernate: insert into "player" ("birth","cndtion","defending","goalkeeping","moral","name","on_sale","original_team_id","passing","playmaking","potential","preferred_foot","role","salary","scoring","set_pieces","stamina","surname","team_id","winger","id") values (?,?,?,?,?,?,?,?,?,?,?,?,?,?,?,?,?,?,?,?,default)
Hibernate: insert into "player" ("birth","cndtion","defending","goalkeeping","moral","name","on_sale","original_team_id","passing","playmaking","potential","preferred_foot","role","salary","scoring","set_pieces","stamina","surname","team_id","winger","id") values (?,?,?,?,?,?,?,?,?,?,?,?,?,?,?,?,?,?,?,?,default)
Hibernate: insert into "player" ("birth","cndtion","defending","goalkeeping","moral","name","on_sale","original_team_id","passing","playmaking","potential","preferred_foot","role","salary","scoring","set_pieces","stamina","surname","team_id","winger","id") values (?,?,?,?,?,?,?,?,?,?,?,?,?,?,?,?,?,?,?,?,default)
Hibernate: insert into "player" ("birth","cndtion","defending","goalkeeping","moral","name","on_sale","original_team_id","passing","playmaking","potential","preferred_foot","role","salary","scoring","set_pieces","stamina","surname","team_id","winger","id") values (?,?,?,?,?,?,?,?,?,?,?,?,?,?,?,?,?,?,?,?,default)
Hibernate: insert into "player" ("birth","cndtion","defending","goalkeeping","moral","name","on_sale","original_team_id","passing","playmaking","potential","preferred_foot","role","salary","scoring","set_pieces","stamina","surname","team_id","winger","id") values (?,?,?,?,?,?,?,?,?,?,?,?,?,?,?,?,?,?,?,?,default)
Hibernate: insert into "player" ("birth","cndtion","defending","goalkeeping","moral","name","on_sale","original_team_id","passing","playmaking","potential","preferred_foot","role","salary","scoring","set_pieces","stamina","surname","team_id","winger","id") values (?,?,?,?,?,?,?,?,?,?,?,?,?,?,?,?,?,?,?,?,default)
Hibernate: insert into "player" ("birth","cndtion","defending","goalkeeping","moral","name","on_sale","original_team_id","passing","playmaking","potential","preferred_foot","role","salary","scoring","set_pieces","stamina","surname","team_id","winger","id") values (?,?,?,?,?,?,?,?,?,?,?,?,?,?,?,?,?,?,?,?,default)
Hibernate: insert into "player" ("birth","cndtion","defending","goalkeeping","moral","name","on_sale","original_team_id","passing","playmaking","potential","preferred_foot","role","salary","scoring","set_pieces","stamina","surname","team_id","winger","id") values (?,?,?,?,?,?,?,?,?,?,?,?,?,?,?,?,?,?,?,?,default)
Hibernate: insert into "player" ("birth","cndtion","defending","goalkeeping","moral","name","on_sale","original_team_id","passing","playmaking","potential","preferred_foot","role","salary","scoring","set_pieces","stamina","surname","team_id","winger","id") values (?,?,?,?,?,?,?,?,?,?,?,?,?,?,?,?,?,?,?,?,default)
Hibernate: insert into "club" ("city","finance_id","foundation","league_id","logourl","medical_center_id","name","stadium_id","team_id","training_facility_id","under18_id","youth_academy_id","id") values (?,?,?,?,?,?,?,?,?,?,?,?,default)
Hibernate: insert into "finance" ("balance","debt","facility_maintenance","last_updated","loan_interest","matchday_revenue","merchandise_revenue","monthly_budget","net_worth","operational_costs","player_salaries","prize_money_revenue","profit_margin","season_budget","sponsorship_revenue","staff_salaries","total_expenses","total_revenue","transfer_expenses","transfer_revenue","tv_rights_revenue","id") values (?,?,?,?,?,?,?,?,?,?,?,?,?,?,?,?,?,?,?,?,?,default)
Hibernate: insert into "stadium" ("accessibility_level","atmosphere_multiplier","base_capacity","capacity","construction_cost","facilities_quality","grandstand_est","grandstand_nord","grandstand_sud","grandstand_west","has_media_center","has_megastore","has_museum","has_roof","has_undersoil_heating","has_vip_boxes","last_upgrade_date","maintenance_cost","name","next_maintenance_date","pitch_quality","revenue_multiplier","security_level","upgrade_value","id") values (?,?,?,?,?,?,?,?,?,?,?,?,?,?,?,?,?,?,?,?,?,?,?,?,default)
Hibernate: insert into "team" ("formation_id","id") values (?,default)
Hibernate: insert into "player" ("birth","cndtion","defending","goalkeeping","moral","name","on_sale","original_team_id","passing","playmaking","potential","preferred_foot","role","salary","scoring","set_pieces","stamina","surname","team_id","winger","id") values (?,?,?,?,?,?,?,?,?,?,?,?,?,?,?,?,?,?,?,?,default)
Hibernate: insert into "player" ("birth","cndtion","defending","goalkeeping","moral","name","on_sale","original_team_id","passing","playmaking","potential","preferred_foot","role","salary","scoring","set_pieces","stamina","surname","team_id","winger","id") values (?,?,?,?,?,?,?,?,?,?,?,?,?,?,?,?,?,?,?,?,default)
Hibernate: insert into "player" ("birth","cndtion","defending","goalkeeping","moral","name","on_sale","original_team_id","passing","playmaking","potential","preferred_foot","role","salary","scoring","set_pieces","stamina","surname","team_id","winger","id") values (?,?,?,?,?,?,?,?,?,?,?,?,?,?,?,?,?,?,?,?,default)
Hibernate: insert into "player" ("birth","cndtion","defending","goalkeeping","moral","name","on_sale","original_team_id","passing","playmaking","potential","preferred_foot","role","salary","scoring","set_pieces","stamina","surname","team_id","winger","id") values (?,?,?,?,?,?,?,?,?,?,?,?,?,?,?,?,?,?,?,?,default)
Hibernate: insert into "player" ("birth","cndtion","defending","goalkeeping","moral","name","on_sale","original_team_id","passing","playmaking","potential","preferred_foot","role","salary","scoring","set_pieces","stamina","surname","team_id","winger","id") values (?,?,?,?,?,?,?,?,?,?,?,?,?,?,?,?,?,?,?,?,default)
Hibernate: insert into "player" ("birth","cndtion","defending","goalkeeping","moral","name","on_sale","original_team_id","passing","playmaking","potential","preferred_foot","role","salary","scoring","set_pieces","stamina","surname","team_id","winger","id") values (?,?,?,?,?,?,?,?,?,?,?,?,?,?,?,?,?,?,?,?,default)
Hibernate: insert into "player" ("birth","cndtion","defending","goalkeeping","moral","name","on_sale","original_team_id","passing","playmaking","potential","preferred_foot","role","salary","scoring","set_pieces","stamina","surname","team_id","winger","id") values (?,?,?,?,?,?,?,?,?,?,?,?,?,?,?,?,?,?,?,?,default)
Hibernate: insert into "player" ("birth","cndtion","defending","goalkeeping","moral","name","on_sale","original_team_id","passing","playmaking","potential","preferred_foot","role","salary","scoring","set_pieces","stamina","surname","team_id","winger","id") values (?,?,?,?,?,?,?,?,?,?,?,?,?,?,?,?,?,?,?,?,default)
Hibernate: insert into "player" ("birth","cndtion","defending","goalkeeping","moral","name","on_sale","original_team_id","passing","playmaking","potential","preferred_foot","role","salary","scoring","set_pieces","stamina","surname","team_id","winger","id") values (?,?,?,?,?,?,?,?,?,?,?,?,?,?,?,?,?,?,?,?,default)
Hibernate: insert into "player" ("birth","cndtion","defending","goalkeeping","moral","name","on_sale","original_team_id","passing","playmaking","potential","preferred_foot","role","salary","scoring","set_pieces","stamina","surname","team_id","winger","id") values (?,?,?,?,?,?,?,?,?,?,?,?,?,?,?,?,?,?,?,?,default)
Hibernate: insert into "player" ("birth","cndtion","defending","goalkeeping","moral","name","on_sale","original_team_id","passing","playmaking","potential","preferred_foot","role","salary","scoring","set_pieces","stamina","surname","team_id","winger","id") values (?,?,?,?,?,?,?,?,?,?,?,?,?,?,?,?,?,?,?,?,default)
Hibernate: insert into "player" ("birth","cndtion","defending","goalkeeping","moral","name","on_sale","original_team_id","passing","playmaking","potential","preferred_foot","role","salary","scoring","set_pieces","stamina","surname","team_id","winger","id") values (?,?,?,?,?,?,?,?,?,?,?,?,?,?,?,?,?,?,?,?,default)
Hibernate: insert into "player" ("birth","cndtion","defending","goalkeeping","moral","name","on_sale","original_team_id","passing","playmaking","potential","preferred_foot","role","salary","scoring","set_pieces","stamina","surname","team_id","winger","id") values (?,?,?,?,?,?,?,?,?,?,?,?,?,?,?,?,?,?,?,?,default)
Hibernate: insert into "player" ("birth","cndtion","defending","goalkeeping","moral","name","on_sale","original_team_id","passing","playmaking","potential","preferred_foot","role","salary","scoring","set_pieces","stamina","surname","team_id","winger","id") values (?,?,?,?,?,?,?,?,?,?,?,?,?,?,?,?,?,?,?,?,default)
Hibernate: insert into "player" ("birth","cndtion","defending","goalkeeping","moral","name","on_sale","original_team_id","passing","playmaking","potential","preferred_foot","role","salary","scoring","set_pieces","stamina","surname","team_id","winger","id") values (?,?,?,?,?,?,?,?,?,?,?,?,?,?,?,?,?,?,?,?,default)
Hibernate: insert into "player" ("birth","cndtion","defending","goalkeeping","moral","name","on_sale","original_team_id","passing","playmaking","potential","preferred_foot","role","salary","scoring","set_pieces","stamina","surname","team_id","winger","id") values (?,?,?,?,?,?,?,?,?,?,?,?,?,?,?,?,?,?,?,?,default)
Hibernate: insert into "player" ("birth","cndtion","defending","goalkeeping","moral","name","on_sale","original_team_id","passing","playmaking","potential","preferred_foot","role","salary","scoring","set_pieces","stamina","surname","team_id","winger","id") values (?,?,?,?,?,?,?,?,?,?,?,?,?,?,?,?,?,?,?,?,default)
Hibernate: insert into "player" ("birth","cndtion","defending","goalkeeping","moral","name","on_sale","original_team_id","passing","playmaking","potential","preferred_foot","role","salary","scoring","set_pieces","stamina","surname","team_id","winger","id") values (?,?,?,?,?,?,?,?,?,?,?,?,?,?,?,?,?,?,?,?,default)
Hibernate: insert into "player" ("birth","cndtion","defending","goalkeeping","moral","name","on_sale","original_team_id","passing","playmaking","potential","preferred_foot","role","salary","scoring","set_pieces","stamina","surname","team_id","winger","id") values (?,?,?,?,?,?,?,?,?,?,?,?,?,?,?,?,?,?,?,?,default)
Hibernate: insert into "player" ("birth","cndtion","defending","goalkeeping","moral","name","on_sale","original_team_id","passing","playmaking","potential","preferred_foot","role","salary","scoring","set_pieces","stamina","surname","team_id","winger","id") values (?,?,?,?,?,?,?,?,?,?,?,?,?,?,?,?,?,?,?,?,default)
Hibernate: insert into "player" ("birth","cndtion","defending","goalkeeping","moral","name","on_sale","original_team_id","passing","playmaking","potential","preferred_foot","role","salary","scoring","set_pieces","stamina","surname","team_id","winger","id") values (?,?,?,?,?,?,?,?,?,?,?,?,?,?,?,?,?,?,?,?,default)
Hibernate: insert into "player" ("birth","cndtion","defending","goalkeeping","moral","name","on_sale","original_team_id","passing","playmaking","potential","preferred_foot","role","salary","scoring","set_pieces","stamina","surname","team_id","winger","id") values (?,?,?,?,?,?,?,?,?,?,?,?,?,?,?,?,?,?,?,?,default)
Hibernate: insert into "player" ("birth","cndtion","defending","goalkeeping","moral","name","on_sale","original_team_id","passing","playmaking","potential","preferred_foot","role","salary","scoring","set_pieces","stamina","surname","team_id","winger","id") values (?,?,?,?,?,?,?,?,?,?,?,?,?,?,?,?,?,?,?,?,default)
Hibernate: insert into "club" ("city","finance_id","foundation","league_id","logourl","medical_center_id","name","stadium_id","team_id","training_facility_id","under18_id","youth_academy_id","id") values (?,?,?,?,?,?,?,?,?,?,?,?,default)
Hibernate: insert into "finance" ("balance","debt","facility_maintenance","last_updated","loan_interest","matchday_revenue","merchandise_revenue","monthly_budget","net_worth","operational_costs","player_salaries","prize_money_revenue","profit_margin","season_budget","sponsorship_revenue","staff_salaries","total_expenses","total_revenue","transfer_expenses","transfer_revenue","tv_rights_revenue","id") values (?,?,?,?,?,?,?,?,?,?,?,?,?,?,?,?,?,?,?,?,?,default)
Hibernate: insert into "stadium" ("accessibility_level","atmosphere_multiplier","base_capacity","capacity","construction_cost","facilities_quality","grandstand_est","grandstand_nord","grandstand_sud","grandstand_west","has_media_center","has_megastore","has_museum","has_roof","has_undersoil_heating","has_vip_boxes","last_upgrade_date","maintenance_cost","name","next_maintenance_date","pitch_quality","revenue_multiplier","security_level","upgrade_value","id") values (?,?,?,?,?,?,?,?,?,?,?,?,?,?,?,?,?,?,?,?,?,?,?,?,default)
Hibernate: insert into "team" ("formation_id","id") values (?,default)
Hibernate: insert into "player" ("birth","cndtion","defending","goalkeeping","moral","name","on_sale","original_team_id","passing","playmaking","potential","preferred_foot","role","salary","scoring","set_pieces","stamina","surname","team_id","winger","id") values (?,?,?,?,?,?,?,?,?,?,?,?,?,?,?,?,?,?,?,?,default)
Hibernate: insert into "player" ("birth","cndtion","defending","goalkeeping","moral","name","on_sale","original_team_id","passing","playmaking","potential","preferred_foot","role","salary","scoring","set_pieces","stamina","surname","team_id","winger","id") values (?,?,?,?,?,?,?,?,?,?,?,?,?,?,?,?,?,?,?,?,default)
Hibernate: insert into "player" ("birth","cndtion","defending","goalkeeping","moral","name","on_sale","original_team_id","passing","playmaking","potential","preferred_foot","role","salary","scoring","set_pieces","stamina","surname","team_id","winger","id") values (?,?,?,?,?,?,?,?,?,?,?,?,?,?,?,?,?,?,?,?,default)
Hibernate: insert into "player" ("birth","cndtion","defending","goalkeeping","moral","name","on_sale","original_team_id","passing","playmaking","potential","preferred_foot","role","salary","scoring","set_pieces","stamina","surname","team_id","winger","id") values (?,?,?,?,?,?,?,?,?,?,?,?,?,?,?,?,?,?,?,?,default)
Hibernate: insert into "player" ("birth","cndtion","defending","goalkeeping","moral","name","on_sale","original_team_id","passing","playmaking","potential","preferred_foot","role","salary","scoring","set_pieces","stamina","surname","team_id","winger","id") values (?,?,?,?,?,?,?,?,?,?,?,?,?,?,?,?,?,?,?,?,default)
Hibernate: insert into "player" ("birth","cndtion","defending","goalkeeping","moral","name","on_sale","original_team_id","passing","playmaking","potential","preferred_foot","role","salary","scoring","set_pieces","stamina","surname","team_id","winger","id") values (?,?,?,?,?,?,?,?,?,?,?,?,?,?,?,?,?,?,?,?,default)
Hibernate: insert into "player" ("birth","cndtion","defending","goalkeeping","moral","name","on_sale","original_team_id","passing","playmaking","potential","preferred_foot","role","salary","scoring","set_pieces","stamina","surname","team_id","winger","id") values (?,?,?,?,?,?,?,?,?,?,?,?,?,?,?,?,?,?,?,?,default)
Hibernate: insert into "player" ("birth","cndtion","defending","goalkeeping","moral","name","on_sale","original_team_id","passing","playmaking","potential","preferred_foot","role","salary","scoring","set_pieces","stamina","surname","team_id","winger","id") values (?,?,?,?,?,?,?,?,?,?,?,?,?,?,?,?,?,?,?,?,default)
Hibernate: insert into "player" ("birth","cndtion","defending","goalkeeping","moral","name","on_sale","original_team_id","passing","playmaking","potential","preferred_foot","role","salary","scoring","set_pieces","stamina","surname","team_id","winger","id") values (?,?,?,?,?,?,?,?,?,?,?,?,?,?,?,?,?,?,?,?,default)
Hibernate: insert into "player" ("birth","cndtion","defending","goalkeeping","moral","name","on_sale","original_team_id","passing","playmaking","potential","preferred_foot","role","salary","scoring","set_pieces","stamina","surname","team_id","winger","id") values (?,?,?,?,?,?,?,?,?,?,?,?,?,?,?,?,?,?,?,?,default)
Hibernate: insert into "player" ("birth","cndtion","defending","goalkeeping","moral","name","on_sale","original_team_id","passing","playmaking","potential","preferred_foot","role","salary","scoring","set_pieces","stamina","surname","team_id","winger","id") values (?,?,?,?,?,?,?,?,?,?,?,?,?,?,?,?,?,?,?,?,default)
Hibernate: insert into "player" ("birth","cndtion","defending","goalkeeping","moral","name","on_sale","original_team_id","passing","playmaking","potential","preferred_foot","role","salary","scoring","set_pieces","stamina","surname","team_id","winger","id") values (?,?,?,?,?,?,?,?,?,?,?,?,?,?,?,?,?,?,?,?,default)
Hibernate: insert into "player" ("birth","cndtion","defending","goalkeeping","moral","name","on_sale","original_team_id","passing","playmaking","potential","preferred_foot","role","salary","scoring","set_pieces","stamina","surname","team_id","winger","id") values (?,?,?,?,?,?,?,?,?,?,?,?,?,?,?,?,?,?,?,?,default)
Hibernate: insert into "player" ("birth","cndtion","defending","goalkeeping","moral","name","on_sale","original_team_id","passing","playmaking","potential","preferred_foot","role","salary","scoring","set_pieces","stamina","surname","team_id","winger","id") values (?,?,?,?,?,?,?,?,?,?,?,?,?,?,?,?,?,?,?,?,default)
Hibernate: insert into "player" ("birth","cndtion","defending","goalkeeping","moral","name","on_sale","original_team_id","passing","playmaking","potential","preferred_foot","role","salary","scoring","set_pieces","stamina","surname","team_id","winger","id") values (?,?,?,?,?,?,?,?,?,?,?,?,?,?,?,?,?,?,?,?,default)
Hibernate: insert into "player" ("birth","cndtion","defending","goalkeeping","moral","name","on_sale","original_team_id","passing","playmaking","potential","preferred_foot","role","salary","scoring","set_pieces","stamina","surname","team_id","winger","id") values (?,?,?,?,?,?,?,?,?,?,?,?,?,?,?,?,?,?,?,?,default)
Hibernate: insert into "player" ("birth","cndtion","defending","goalkeeping","moral","name","on_sale","original_team_id","passing","playmaking","potential","preferred_foot","role","salary","scoring","set_pieces","stamina","surname","team_id","winger","id") values (?,?,?,?,?,?,?,?,?,?,?,?,?,?,?,?,?,?,?,?,default)
Hibernate: insert into "player" ("birth","cndtion","defending","goalkeeping","moral","name","on_sale","original_team_id","passing","playmaking","potential","preferred_foot","role","salary","scoring","set_pieces","stamina","surname","team_id","winger","id") values (?,?,?,?,?,?,?,?,?,?,?,?,?,?,?,?,?,?,?,?,default)
Hibernate: insert into "player" ("birth","cndtion","defending","goalkeeping","moral","name","on_sale","original_team_id","passing","playmaking","potential","preferred_foot","role","salary","scoring","set_pieces","stamina","surname","team_id","winger","id") values (?,?,?,?,?,?,?,?,?,?,?,?,?,?,?,?,?,?,?,?,default)
Hibernate: insert into "player" ("birth","cndtion","defending","goalkeeping","moral","name","on_sale","original_team_id","passing","playmaking","potential","preferred_foot","role","salary","scoring","set_pieces","stamina","surname","team_id","winger","id") values (?,?,?,?,?,?,?,?,?,?,?,?,?,?,?,?,?,?,?,?,default)
Hibernate: insert into "player" ("birth","cndtion","defending","goalkeeping","moral","name","on_sale","original_team_id","passing","playmaking","potential","preferred_foot","role","salary","scoring","set_pieces","stamina","surname","team_id","winger","id") values (?,?,?,?,?,?,?,?,?,?,?,?,?,?,?,?,?,?,?,?,default)
Hibernate: insert into "player" ("birth","cndtion","defending","goalkeeping","moral","name","on_sale","original_team_id","passing","playmaking","potential","preferred_foot","role","salary","scoring","set_pieces","stamina","surname","team_id","winger","id") values (?,?,?,?,?,?,?,?,?,?,?,?,?,?,?,?,?,?,?,?,default)
Hibernate: insert into "player" ("birth","cndtion","defending","goalkeeping","moral","name","on_sale","original_team_id","passing","playmaking","potential","preferred_foot","role","salary","scoring","set_pieces","stamina","surname","team_id","winger","id") values (?,?,?,?,?,?,?,?,?,?,?,?,?,?,?,?,?,?,?,?,default)
Hibernate: insert into "club" ("city","finance_id","foundation","league_id","logourl","medical_center_id","name","stadium_id","team_id","training_facility_id","under18_id","youth_academy_id","id") values (?,?,?,?,?,?,?,?,?,?,?,?,default)
Hibernate: insert into "finance" ("balance","debt","facility_maintenance","last_updated","loan_interest","matchday_revenue","merchandise_revenue","monthly_budget","net_worth","operational_costs","player_salaries","prize_money_revenue","profit_margin","season_budget","sponsorship_revenue","staff_salaries","total_expenses","total_revenue","transfer_expenses","transfer_revenue","tv_rights_revenue","id") values (?,?,?,?,?,?,?,?,?,?,?,?,?,?,?,?,?,?,?,?,?,default)
Hibernate: insert into "stadium" ("accessibility_level","atmosphere_multiplier","base_capacity","capacity","construction_cost","facilities_quality","grandstand_est","grandstand_nord","grandstand_sud","grandstand_west","has_media_center","has_megastore","has_museum","has_roof","has_undersoil_heating","has_vip_boxes","last_upgrade_date","maintenance_cost","name","next_maintenance_date","pitch_quality","revenue_multiplier","security_level","upgrade_value","id") values (?,?,?,?,?,?,?,?,?,?,?,?,?,?,?,?,?,?,?,?,?,?,?,?,default)
Hibernate: insert into "team" ("formation_id","id") values (?,default)
Hibernate: insert into "player" ("birth","cndtion","defending","goalkeeping","moral","name","on_sale","original_team_id","passing","playmaking","potential","preferred_foot","role","salary","scoring","set_pieces","stamina","surname","team_id","winger","id") values (?,?,?,?,?,?,?,?,?,?,?,?,?,?,?,?,?,?,?,?,default)
Hibernate: insert into "player" ("birth","cndtion","defending","goalkeeping","moral","name","on_sale","original_team_id","passing","playmaking","potential","preferred_foot","role","salary","scoring","set_pieces","stamina","surname","team_id","winger","id") values (?,?,?,?,?,?,?,?,?,?,?,?,?,?,?,?,?,?,?,?,default)
Hibernate: insert into "player" ("birth","cndtion","defending","goalkeeping","moral","name","on_sale","original_team_id","passing","playmaking","potential","preferred_foot","role","salary","scoring","set_pieces","stamina","surname","team_id","winger","id") values (?,?,?,?,?,?,?,?,?,?,?,?,?,?,?,?,?,?,?,?,default)
Hibernate: insert into "player" ("birth","cndtion","defending","goalkeeping","moral","name","on_sale","original_team_id","passing","playmaking","potential","preferred_foot","role","salary","scoring","set_pieces","stamina","surname","team_id","winger","id") values (?,?,?,?,?,?,?,?,?,?,?,?,?,?,?,?,?,?,?,?,default)
Hibernate: insert into "player" ("birth","cndtion","defending","goalkeeping","moral","name","on_sale","original_team_id","passing","playmaking","potential","preferred_foot","role","salary","scoring","set_pieces","stamina","surname","team_id","winger","id") values (?,?,?,?,?,?,?,?,?,?,?,?,?,?,?,?,?,?,?,?,default)
Hibernate: insert into "player" ("birth","cndtion","defending","goalkeeping","moral","name","on_sale","original_team_id","passing","playmaking","potential","preferred_foot","role","salary","scoring","set_pieces","stamina","surname","team_id","winger","id") values (?,?,?,?,?,?,?,?,?,?,?,?,?,?,?,?,?,?,?,?,default)
Hibernate: insert into "player" ("birth","cndtion","defending","goalkeeping","moral","name","on_sale","original_team_id","passing","playmaking","potential","preferred_foot","role","salary","scoring","set_pieces","stamina","surname","team_id","winger","id") values (?,?,?,?,?,?,?,?,?,?,?,?,?,?,?,?,?,?,?,?,default)
Hibernate: insert into "player" ("birth","cndtion","defending","goalkeeping","moral","name","on_sale","original_team_id","passing","playmaking","potential","preferred_foot","role","salary","scoring","set_pieces","stamina","surname","team_id","winger","id") values (?,?,?,?,?,?,?,?,?,?,?,?,?,?,?,?,?,?,?,?,default)
Hibernate: insert into "player" ("birth","cndtion","defending","goalkeeping","moral","name","on_sale","original_team_id","passing","playmaking","potential","preferred_foot","role","salary","scoring","set_pieces","stamina","surname","team_id","winger","id") values (?,?,?,?,?,?,?,?,?,?,?,?,?,?,?,?,?,?,?,?,default)
Hibernate: insert into "player" ("birth","cndtion","defending","goalkeeping","moral","name","on_sale","original_team_id","passing","playmaking","potential","preferred_foot","role","salary","scoring","set_pieces","stamina","surname","team_id","winger","id") values (?,?,?,?,?,?,?,?,?,?,?,?,?,?,?,?,?,?,?,?,default)
Hibernate: insert into "player" ("birth","cndtion","defending","goalkeeping","moral","name","on_sale","original_team_id","passing","playmaking","potential","preferred_foot","role","salary","scoring","set_pieces","stamina","surname","team_id","winger","id") values (?,?,?,?,?,?,?,?,?,?,?,?,?,?,?,?,?,?,?,?,default)
Hibernate: insert into "player" ("birth","cndtion","defending","goalkeeping","moral","name","on_sale","original_team_id","passing","playmaking","potential","preferred_foot","role","salary","scoring","set_pieces","stamina","surname","team_id","winger","id") values (?,?,?,?,?,?,?,?,?,?,?,?,?,?,?,?,?,?,?,?,default)
Hibernate: insert into "player" ("birth","cndtion","defending","goalkeeping","moral","name","on_sale","original_team_id","passing","playmaking","potential","preferred_foot","role","salary","scoring","set_pieces","stamina","surname","team_id","winger","id") values (?,?,?,?,?,?,?,?,?,?,?,?,?,?,?,?,?,?,?,?,default)
Hibernate: insert into "player" ("birth","cndtion","defending","goalkeeping","moral","name","on_sale","original_team_id","passing","playmaking","potential","preferred_foot","role","salary","scoring","set_pieces","stamina","surname","team_id","winger","id") values (?,?,?,?,?,?,?,?,?,?,?,?,?,?,?,?,?,?,?,?,default)
Hibernate: insert into "player" ("birth","cndtion","defending","goalkeeping","moral","name","on_sale","original_team_id","passing","playmaking","potential","preferred_foot","role","salary","scoring","set_pieces","stamina","surname","team_id","winger","id") values (?,?,?,?,?,?,?,?,?,?,?,?,?,?,?,?,?,?,?,?,default)
Hibernate: insert into "player" ("birth","cndtion","defending","goalkeeping","moral","name","on_sale","original_team_id","passing","playmaking","potential","preferred_foot","role","salary","scoring","set_pieces","stamina","surname","team_id","winger","id") values (?,?,?,?,?,?,?,?,?,?,?,?,?,?,?,?,?,?,?,?,default)
Hibernate: insert into "player" ("birth","cndtion","defending","goalkeeping","moral","name","on_sale","original_team_id","passing","playmaking","potential","preferred_foot","role","salary","scoring","set_pieces","stamina","surname","team_id","winger","id") values (?,?,?,?,?,?,?,?,?,?,?,?,?,?,?,?,?,?,?,?,default)
Hibernate: insert into "player" ("birth","cndtion","defending","goalkeeping","moral","name","on_sale","original_team_id","passing","playmaking","potential","preferred_foot","role","salary","scoring","set_pieces","stamina","surname","team_id","winger","id") values (?,?,?,?,?,?,?,?,?,?,?,?,?,?,?,?,?,?,?,?,default)
Hibernate: insert into "player" ("birth","cndtion","defending","goalkeeping","moral","name","on_sale","original_team_id","passing","playmaking","potential","preferred_foot","role","salary","scoring","set_pieces","stamina","surname","team_id","winger","id") values (?,?,?,?,?,?,?,?,?,?,?,?,?,?,?,?,?,?,?,?,default)
Hibernate: insert into "player" ("birth","cndtion","defending","goalkeeping","moral","name","on_sale","original_team_id","passing","playmaking","potential","preferred_foot","role","salary","scoring","set_pieces","stamina","surname","team_id","winger","id") values (?,?,?,?,?,?,?,?,?,?,?,?,?,?,?,?,?,?,?,?,default)
Hibernate: insert into "player" ("birth","cndtion","defending","goalkeeping","moral","name","on_sale","original_team_id","passing","playmaking","potential","preferred_foot","role","salary","scoring","set_pieces","stamina","surname","team_id","winger","id") values (?,?,?,?,?,?,?,?,?,?,?,?,?,?,?,?,?,?,?,?,default)
Hibernate: insert into "player" ("birth","cndtion","defending","goalkeeping","moral","name","on_sale","original_team_id","passing","playmaking","potential","preferred_foot","role","salary","scoring","set_pieces","stamina","surname","team_id","winger","id") values (?,?,?,?,?,?,?,?,?,?,?,?,?,?,?,?,?,?,?,?,default)
Hibernate: insert into "player" ("birth","cndtion","defending","goalkeeping","moral","name","on_sale","original_team_id","passing","playmaking","potential","preferred_foot","role","salary","scoring","set_pieces","stamina","surname","team_id","winger","id") values (?,?,?,?,?,?,?,?,?,?,?,?,?,?,?,?,?,?,?,?,default)
Hibernate: insert into "club" ("city","finance_id","foundation","league_id","logourl","medical_center_id","name","stadium_id","team_id","training_facility_id","under18_id","youth_academy_id","id") values (?,?,?,?,?,?,?,?,?,?,?,?,default)
Hibernate: insert into "finance" ("balance","debt","facility_maintenance","last_updated","loan_interest","matchday_revenue","merchandise_revenue","monthly_budget","net_worth","operational_costs","player_salaries","prize_money_revenue","profit_margin","season_budget","sponsorship_revenue","staff_salaries","total_expenses","total_revenue","transfer_expenses","transfer_revenue","tv_rights_revenue","id") values (?,?,?,?,?,?,?,?,?,?,?,?,?,?,?,?,?,?,?,?,?,default)
Hibernate: insert into "stadium" ("accessibility_level","atmosphere_multiplier","base_capacity","capacity","construction_cost","facilities_quality","grandstand_est","grandstand_nord","grandstand_sud","grandstand_west","has_media_center","has_megastore","has_museum","has_roof","has_undersoil_heating","has_vip_boxes","last_upgrade_date","maintenance_cost","name","next_maintenance_date","pitch_quality","revenue_multiplier","security_level","upgrade_value","id") values (?,?,?,?,?,?,?,?,?,?,?,?,?,?,?,?,?,?,?,?,?,?,?,?,default)
Hibernate: insert into "team" ("formation_id","id") values (?,default)
Hibernate: insert into "player" ("birth","cndtion","defending","goalkeeping","moral","name","on_sale","original_team_id","passing","playmaking","potential","preferred_foot","role","salary","scoring","set_pieces","stamina","surname","team_id","winger","id") values (?,?,?,?,?,?,?,?,?,?,?,?,?,?,?,?,?,?,?,?,default)
Hibernate: insert into "player" ("birth","cndtion","defending","goalkeeping","moral","name","on_sale","original_team_id","passing","playmaking","potential","preferred_foot","role","salary","scoring","set_pieces","stamina","surname","team_id","winger","id") values (?,?,?,?,?,?,?,?,?,?,?,?,?,?,?,?,?,?,?,?,default)
Hibernate: insert into "player" ("birth","cndtion","defending","goalkeeping","moral","name","on_sale","original_team_id","passing","playmaking","potential","preferred_foot","role","salary","scoring","set_pieces","stamina","surname","team_id","winger","id") values (?,?,?,?,?,?,?,?,?,?,?,?,?,?,?,?,?,?,?,?,default)
Hibernate: insert into "player" ("birth","cndtion","defending","goalkeeping","moral","name","on_sale","original_team_id","passing","playmaking","potential","preferred_foot","role","salary","scoring","set_pieces","stamina","surname","team_id","winger","id") values (?,?,?,?,?,?,?,?,?,?,?,?,?,?,?,?,?,?,?,?,default)
Hibernate: insert into "player" ("birth","cndtion","defending","goalkeeping","moral","name","on_sale","original_team_id","passing","playmaking","potential","preferred_foot","role","salary","scoring","set_pieces","stamina","surname","team_id","winger","id") values (?,?,?,?,?,?,?,?,?,?,?,?,?,?,?,?,?,?,?,?,default)
Hibernate: insert into "player" ("birth","cndtion","defending","goalkeeping","moral","name","on_sale","original_team_id","passing","playmaking","potential","preferred_foot","role","salary","scoring","set_pieces","stamina","surname","team_id","winger","id") values (?,?,?,?,?,?,?,?,?,?,?,?,?,?,?,?,?,?,?,?,default)
Hibernate: insert into "player" ("birth","cndtion","defending","goalkeeping","moral","name","on_sale","original_team_id","passing","playmaking","potential","preferred_foot","role","salary","scoring","set_pieces","stamina","surname","team_id","winger","id") values (?,?,?,?,?,?,?,?,?,?,?,?,?,?,?,?,?,?,?,?,default)
Hibernate: insert into "player" ("birth","cndtion","defending","goalkeeping","moral","name","on_sale","original_team_id","passing","playmaking","potential","preferred_foot","role","salary","scoring","set_pieces","stamina","surname","team_id","winger","id") values (?,?,?,?,?,?,?,?,?,?,?,?,?,?,?,?,?,?,?,?,default)
Hibernate: insert into "player" ("birth","cndtion","defending","goalkeeping","moral","name","on_sale","original_team_id","passing","playmaking","potential","preferred_foot","role","salary","scoring","set_pieces","stamina","surname","team_id","winger","id") values (?,?,?,?,?,?,?,?,?,?,?,?,?,?,?,?,?,?,?,?,default)
Hibernate: insert into "player" ("birth","cndtion","defending","goalkeeping","moral","name","on_sale","original_team_id","passing","playmaking","potential","preferred_foot","role","salary","scoring","set_pieces","stamina","surname","team_id","winger","id") values (?,?,?,?,?,?,?,?,?,?,?,?,?,?,?,?,?,?,?,?,default)
Hibernate: insert into "player" ("birth","cndtion","defending","goalkeeping","moral","name","on_sale","original_team_id","passing","playmaking","potential","preferred_foot","role","salary","scoring","set_pieces","stamina","surname","team_id","winger","id") values (?,?,?,?,?,?,?,?,?,?,?,?,?,?,?,?,?,?,?,?,default)
Hibernate: insert into "player" ("birth","cndtion","defending","goalkeeping","moral","name","on_sale","original_team_id","passing","playmaking","potential","preferred_foot","role","salary","scoring","set_pieces","stamina","surname","team_id","winger","id") values (?,?,?,?,?,?,?,?,?,?,?,?,?,?,?,?,?,?,?,?,default)
Hibernate: insert into "player" ("birth","cndtion","defending","goalkeeping","moral","name","on_sale","original_team_id","passing","playmaking","potential","preferred_foot","role","salary","scoring","set_pieces","stamina","surname","team_id","winger","id") values (?,?,?,?,?,?,?,?,?,?,?,?,?,?,?,?,?,?,?,?,default)
Hibernate: insert into "player" ("birth","cndtion","defending","goalkeeping","moral","name","on_sale","original_team_id","passing","playmaking","potential","preferred_foot","role","salary","scoring","set_pieces","stamina","surname","team_id","winger","id") values (?,?,?,?,?,?,?,?,?,?,?,?,?,?,?,?,?,?,?,?,default)
Hibernate: insert into "player" ("birth","cndtion","defending","goalkeeping","moral","name","on_sale","original_team_id","passing","playmaking","potential","preferred_foot","role","salary","scoring","set_pieces","stamina","surname","team_id","winger","id") values (?,?,?,?,?,?,?,?,?,?,?,?,?,?,?,?,?,?,?,?,default)
Hibernate: insert into "player" ("birth","cndtion","defending","goalkeeping","moral","name","on_sale","original_team_id","passing","playmaking","potential","preferred_foot","role","salary","scoring","set_pieces","stamina","surname","team_id","winger","id") values (?,?,?,?,?,?,?,?,?,?,?,?,?,?,?,?,?,?,?,?,default)
Hibernate: insert into "player" ("birth","cndtion","defending","goalkeeping","moral","name","on_sale","original_team_id","passing","playmaking","potential","preferred_foot","role","salary","scoring","set_pieces","stamina","surname","team_id","winger","id") values (?,?,?,?,?,?,?,?,?,?,?,?,?,?,?,?,?,?,?,?,default)
Hibernate: insert into "player" ("birth","cndtion","defending","goalkeeping","moral","name","on_sale","original_team_id","passing","playmaking","potential","preferred_foot","role","salary","scoring","set_pieces","stamina","surname","team_id","winger","id") values (?,?,?,?,?,?,?,?,?,?,?,?,?,?,?,?,?,?,?,?,default)
Hibernate: insert into "player" ("birth","cndtion","defending","goalkeeping","moral","name","on_sale","original_team_id","passing","playmaking","potential","preferred_foot","role","salary","scoring","set_pieces","stamina","surname","team_id","winger","id") values (?,?,?,?,?,?,?,?,?,?,?,?,?,?,?,?,?,?,?,?,default)
Hibernate: insert into "player" ("birth","cndtion","defending","goalkeeping","moral","name","on_sale","original_team_id","passing","playmaking","potential","preferred_foot","role","salary","scoring","set_pieces","stamina","surname","team_id","winger","id") values (?,?,?,?,?,?,?,?,?,?,?,?,?,?,?,?,?,?,?,?,default)
Hibernate: insert into "player" ("birth","cndtion","defending","goalkeeping","moral","name","on_sale","original_team_id","passing","playmaking","potential","preferred_foot","role","salary","scoring","set_pieces","stamina","surname","team_id","winger","id") values (?,?,?,?,?,?,?,?,?,?,?,?,?,?,?,?,?,?,?,?,default)
Hibernate: insert into "player" ("birth","cndtion","defending","goalkeeping","moral","name","on_sale","original_team_id","passing","playmaking","potential","preferred_foot","role","salary","scoring","set_pieces","stamina","surname","team_id","winger","id") values (?,?,?,?,?,?,?,?,?,?,?,?,?,?,?,?,?,?,?,?,default)
Hibernate: insert into "player" ("birth","cndtion","defending","goalkeeping","moral","name","on_sale","original_team_id","passing","playmaking","potential","preferred_foot","role","salary","scoring","set_pieces","stamina","surname","team_id","winger","id") values (?,?,?,?,?,?,?,?,?,?,?,?,?,?,?,?,?,?,?,?,default)
Hibernate: insert into "club" ("city","finance_id","foundation","league_id","logourl","medical_center_id","name","stadium_id","team_id","training_facility_id","under18_id","youth_academy_id","id") values (?,?,?,?,?,?,?,?,?,?,?,?,default)
Hibernate: insert into "finance" ("balance","debt","facility_maintenance","last_updated","loan_interest","matchday_revenue","merchandise_revenue","monthly_budget","net_worth","operational_costs","player_salaries","prize_money_revenue","profit_margin","season_budget","sponsorship_revenue","staff_salaries","total_expenses","total_revenue","transfer_expenses","transfer_revenue","tv_rights_revenue","id") values (?,?,?,?,?,?,?,?,?,?,?,?,?,?,?,?,?,?,?,?,?,default)
Hibernate: insert into "stadium" ("accessibility_level","atmosphere_multiplier","base_capacity","capacity","construction_cost","facilities_quality","grandstand_est","grandstand_nord","grandstand_sud","grandstand_west","has_media_center","has_megastore","has_museum","has_roof","has_undersoil_heating","has_vip_boxes","last_upgrade_date","maintenance_cost","name","next_maintenance_date","pitch_quality","revenue_multiplier","security_level","upgrade_value","id") values (?,?,?,?,?,?,?,?,?,?,?,?,?,?,?,?,?,?,?,?,?,?,?,?,default)
Hibernate: insert into "team" ("formation_id","id") values (?,default)
Hibernate: insert into "player" ("birth","cndtion","defending","goalkeeping","moral","name","on_sale","original_team_id","passing","playmaking","potential","preferred_foot","role","salary","scoring","set_pieces","stamina","surname","team_id","winger","id") values (?,?,?,?,?,?,?,?,?,?,?,?,?,?,?,?,?,?,?,?,default)
Hibernate: insert into "player" ("birth","cndtion","defending","goalkeeping","moral","name","on_sale","original_team_id","passing","playmaking","potential","preferred_foot","role","salary","scoring","set_pieces","stamina","surname","team_id","winger","id") values (?,?,?,?,?,?,?,?,?,?,?,?,?,?,?,?,?,?,?,?,default)
Hibernate: insert into "player" ("birth","cndtion","defending","goalkeeping","moral","name","on_sale","original_team_id","passing","playmaking","potential","preferred_foot","role","salary","scoring","set_pieces","stamina","surname","team_id","winger","id") values (?,?,?,?,?,?,?,?,?,?,?,?,?,?,?,?,?,?,?,?,default)
Hibernate: insert into "player" ("birth","cndtion","defending","goalkeeping","moral","name","on_sale","original_team_id","passing","playmaking","potential","preferred_foot","role","salary","scoring","set_pieces","stamina","surname","team_id","winger","id") values (?,?,?,?,?,?,?,?,?,?,?,?,?,?,?,?,?,?,?,?,default)
Hibernate: insert into "player" ("birth","cndtion","defending","goalkeeping","moral","name","on_sale","original_team_id","passing","playmaking","potential","preferred_foot","role","salary","scoring","set_pieces","stamina","surname","team_id","winger","id") values (?,?,?,?,?,?,?,?,?,?,?,?,?,?,?,?,?,?,?,?,default)
Hibernate: insert into "player" ("birth","cndtion","defending","goalkeeping","moral","name","on_sale","original_team_id","passing","playmaking","potential","preferred_foot","role","salary","scoring","set_pieces","stamina","surname","team_id","winger","id") values (?,?,?,?,?,?,?,?,?,?,?,?,?,?,?,?,?,?,?,?,default)
Hibernate: insert into "player" ("birth","cndtion","defending","goalkeeping","moral","name","on_sale","original_team_id","passing","playmaking","potential","preferred_foot","role","salary","scoring","set_pieces","stamina","surname","team_id","winger","id") values (?,?,?,?,?,?,?,?,?,?,?,?,?,?,?,?,?,?,?,?,default)
Hibernate: insert into "player" ("birth","cndtion","defending","goalkeeping","moral","name","on_sale","original_team_id","passing","playmaking","potential","preferred_foot","role","salary","scoring","set_pieces","stamina","surname","team_id","winger","id") values (?,?,?,?,?,?,?,?,?,?,?,?,?,?,?,?,?,?,?,?,default)
Hibernate: insert into "player" ("birth","cndtion","defending","goalkeeping","moral","name","on_sale","original_team_id","passing","playmaking","potential","preferred_foot","role","salary","scoring","set_pieces","stamina","surname","team_id","winger","id") values (?,?,?,?,?,?,?,?,?,?,?,?,?,?,?,?,?,?,?,?,default)
Hibernate: insert into "player" ("birth","cndtion","defending","goalkeeping","moral","name","on_sale","original_team_id","passing","playmaking","potential","preferred_foot","role","salary","scoring","set_pieces","stamina","surname","team_id","winger","id") values (?,?,?,?,?,?,?,?,?,?,?,?,?,?,?,?,?,?,?,?,default)
Hibernate: insert into "player" ("birth","cndtion","defending","goalkeeping","moral","name","on_sale","original_team_id","passing","playmaking","potential","preferred_foot","role","salary","scoring","set_pieces","stamina","surname","team_id","winger","id") values (?,?,?,?,?,?,?,?,?,?,?,?,?,?,?,?,?,?,?,?,default)
Hibernate: insert into "player" ("birth","cndtion","defending","goalkeeping","moral","name","on_sale","original_team_id","passing","playmaking","potential","preferred_foot","role","salary","scoring","set_pieces","stamina","surname","team_id","winger","id") values (?,?,?,?,?,?,?,?,?,?,?,?,?,?,?,?,?,?,?,?,default)
Hibernate: insert into "player" ("birth","cndtion","defending","goalkeeping","moral","name","on_sale","original_team_id","passing","playmaking","potential","preferred_foot","role","salary","scoring","set_pieces","stamina","surname","team_id","winger","id") values (?,?,?,?,?,?,?,?,?,?,?,?,?,?,?,?,?,?,?,?,default)
Hibernate: insert into "player" ("birth","cndtion","defending","goalkeeping","moral","name","on_sale","original_team_id","passing","playmaking","potential","preferred_foot","role","salary","scoring","set_pieces","stamina","surname","team_id","winger","id") values (?,?,?,?,?,?,?,?,?,?,?,?,?,?,?,?,?,?,?,?,default)
Hibernate: insert into "player" ("birth","cndtion","defending","goalkeeping","moral","name","on_sale","original_team_id","passing","playmaking","potential","preferred_foot","role","salary","scoring","set_pieces","stamina","surname","team_id","winger","id") values (?,?,?,?,?,?,?,?,?,?,?,?,?,?,?,?,?,?,?,?,default)
Hibernate: insert into "player" ("birth","cndtion","defending","goalkeeping","moral","name","on_sale","original_team_id","passing","playmaking","potential","preferred_foot","role","salary","scoring","set_pieces","stamina","surname","team_id","winger","id") values (?,?,?,?,?,?,?,?,?,?,?,?,?,?,?,?,?,?,?,?,default)
Hibernate: insert into "player" ("birth","cndtion","defending","goalkeeping","moral","name","on_sale","original_team_id","passing","playmaking","potential","preferred_foot","role","salary","scoring","set_pieces","stamina","surname","team_id","winger","id") values (?,?,?,?,?,?,?,?,?,?,?,?,?,?,?,?,?,?,?,?,default)
Hibernate: insert into "player" ("birth","cndtion","defending","goalkeeping","moral","name","on_sale","original_team_id","passing","playmaking","potential","preferred_foot","role","salary","scoring","set_pieces","stamina","surname","team_id","winger","id") values (?,?,?,?,?,?,?,?,?,?,?,?,?,?,?,?,?,?,?,?,default)
Hibernate: insert into "player" ("birth","cndtion","defending","goalkeeping","moral","name","on_sale","original_team_id","passing","playmaking","potential","preferred_foot","role","salary","scoring","set_pieces","stamina","surname","team_id","winger","id") values (?,?,?,?,?,?,?,?,?,?,?,?,?,?,?,?,?,?,?,?,default)
Hibernate: insert into "player" ("birth","cndtion","defending","goalkeeping","moral","name","on_sale","original_team_id","passing","playmaking","potential","preferred_foot","role","salary","scoring","set_pieces","stamina","surname","team_id","winger","id") values (?,?,?,?,?,?,?,?,?,?,?,?,?,?,?,?,?,?,?,?,default)
Hibernate: insert into "player" ("birth","cndtion","defending","goalkeeping","moral","name","on_sale","original_team_id","passing","playmaking","potential","preferred_foot","role","salary","scoring","set_pieces","stamina","surname","team_id","winger","id") values (?,?,?,?,?,?,?,?,?,?,?,?,?,?,?,?,?,?,?,?,default)
Hibernate: insert into "player" ("birth","cndtion","defending","goalkeeping","moral","name","on_sale","original_team_id","passing","playmaking","potential","preferred_foot","role","salary","scoring","set_pieces","stamina","surname","team_id","winger","id") values (?,?,?,?,?,?,?,?,?,?,?,?,?,?,?,?,?,?,?,?,default)
Hibernate: insert into "player" ("birth","cndtion","defending","goalkeeping","moral","name","on_sale","original_team_id","passing","playmaking","potential","preferred_foot","role","salary","scoring","set_pieces","stamina","surname","team_id","winger","id") values (?,?,?,?,?,?,?,?,?,?,?,?,?,?,?,?,?,?,?,?,default)
Hibernate: insert into "club" ("city","finance_id","foundation","league_id","logourl","medical_center_id","name","stadium_id","team_id","training_facility_id","under18_id","youth_academy_id","id") values (?,?,?,?,?,?,?,?,?,?,?,?,default)
Hibernate: insert into "finance" ("balance","debt","facility_maintenance","last_updated","loan_interest","matchday_revenue","merchandise_revenue","monthly_budget","net_worth","operational_costs","player_salaries","prize_money_revenue","profit_margin","season_budget","sponsorship_revenue","staff_salaries","total_expenses","total_revenue","transfer_expenses","transfer_revenue","tv_rights_revenue","id") values (?,?,?,?,?,?,?,?,?,?,?,?,?,?,?,?,?,?,?,?,?,default)
Hibernate: insert into "stadium" ("accessibility_level","atmosphere_multiplier","base_capacity","capacity","construction_cost","facilities_quality","grandstand_est","grandstand_nord","grandstand_sud","grandstand_west","has_media_center","has_megastore","has_museum","has_roof","has_undersoil_heating","has_vip_boxes","last_upgrade_date","maintenance_cost","name","next_maintenance_date","pitch_quality","revenue_multiplier","security_level","upgrade_value","id") values (?,?,?,?,?,?,?,?,?,?,?,?,?,?,?,?,?,?,?,?,?,?,?,?,default)
Hibernate: insert into "team" ("formation_id","id") values (?,default)
Hibernate: insert into "player" ("birth","cndtion","defending","goalkeeping","moral","name","on_sale","original_team_id","passing","playmaking","potential","preferred_foot","role","salary","scoring","set_pieces","stamina","surname","team_id","winger","id") values (?,?,?,?,?,?,?,?,?,?,?,?,?,?,?,?,?,?,?,?,default)
Hibernate: insert into "player" ("birth","cndtion","defending","goalkeeping","moral","name","on_sale","original_team_id","passing","playmaking","potential","preferred_foot","role","salary","scoring","set_pieces","stamina","surname","team_id","winger","id") values (?,?,?,?,?,?,?,?,?,?,?,?,?,?,?,?,?,?,?,?,default)
Hibernate: insert into "player" ("birth","cndtion","defending","goalkeeping","moral","name","on_sale","original_team_id","passing","playmaking","potential","preferred_foot","role","salary","scoring","set_pieces","stamina","surname","team_id","winger","id") values (?,?,?,?,?,?,?,?,?,?,?,?,?,?,?,?,?,?,?,?,default)
Hibernate: insert into "player" ("birth","cndtion","defending","goalkeeping","moral","name","on_sale","original_team_id","passing","playmaking","potential","preferred_foot","role","salary","scoring","set_pieces","stamina","surname","team_id","winger","id") values (?,?,?,?,?,?,?,?,?,?,?,?,?,?,?,?,?,?,?,?,default)
Hibernate: insert into "player" ("birth","cndtion","defending","goalkeeping","moral","name","on_sale","original_team_id","passing","playmaking","potential","preferred_foot","role","salary","scoring","set_pieces","stamina","surname","team_id","winger","id") values (?,?,?,?,?,?,?,?,?,?,?,?,?,?,?,?,?,?,?,?,default)
Hibernate: insert into "player" ("birth","cndtion","defending","goalkeeping","moral","name","on_sale","original_team_id","passing","playmaking","potential","preferred_foot","role","salary","scoring","set_pieces","stamina","surname","team_id","winger","id") values (?,?,?,?,?,?,?,?,?,?,?,?,?,?,?,?,?,?,?,?,default)
Hibernate: insert into "player" ("birth","cndtion","defending","goalkeeping","moral","name","on_sale","original_team_id","passing","playmaking","potential","preferred_foot","role","salary","scoring","set_pieces","stamina","surname","team_id","winger","id") values (?,?,?,?,?,?,?,?,?,?,?,?,?,?,?,?,?,?,?,?,default)
Hibernate: insert into "player" ("birth","cndtion","defending","goalkeeping","moral","name","on_sale","original_team_id","passing","playmaking","potential","preferred_foot","role","salary","scoring","set_pieces","stamina","surname","team_id","winger","id") values (?,?,?,?,?,?,?,?,?,?,?,?,?,?,?,?,?,?,?,?,default)
Hibernate: insert into "player" ("birth","cndtion","defending","goalkeeping","moral","name","on_sale","original_team_id","passing","playmaking","potential","preferred_foot","role","salary","scoring","set_pieces","stamina","surname","team_id","winger","id") values (?,?,?,?,?,?,?,?,?,?,?,?,?,?,?,?,?,?,?,?,default)
Hibernate: insert into "player" ("birth","cndtion","defending","goalkeeping","moral","name","on_sale","original_team_id","passing","playmaking","potential","preferred_foot","role","salary","scoring","set_pieces","stamina","surname","team_id","winger","id") values (?,?,?,?,?,?,?,?,?,?,?,?,?,?,?,?,?,?,?,?,default)
Hibernate: insert into "player" ("birth","cndtion","defending","goalkeeping","moral","name","on_sale","original_team_id","passing","playmaking","potential","preferred_foot","role","salary","scoring","set_pieces","stamina","surname","team_id","winger","id") values (?,?,?,?,?,?,?,?,?,?,?,?,?,?,?,?,?,?,?,?,default)
Hibernate: insert into "player" ("birth","cndtion","defending","goalkeeping","moral","name","on_sale","original_team_id","passing","playmaking","potential","preferred_foot","role","salary","scoring","set_pieces","stamina","surname","team_id","winger","id") values (?,?,?,?,?,?,?,?,?,?,?,?,?,?,?,?,?,?,?,?,default)
Hibernate: insert into "player" ("birth","cndtion","defending","goalkeeping","moral","name","on_sale","original_team_id","passing","playmaking","potential","preferred_foot","role","salary","scoring","set_pieces","stamina","surname","team_id","winger","id") values (?,?,?,?,?,?,?,?,?,?,?,?,?,?,?,?,?,?,?,?,default)
Hibernate: insert into "player" ("birth","cndtion","defending","goalkeeping","moral","name","on_sale","original_team_id","passing","playmaking","potential","preferred_foot","role","salary","scoring","set_pieces","stamina","surname","team_id","winger","id") values (?,?,?,?,?,?,?,?,?,?,?,?,?,?,?,?,?,?,?,?,default)
Hibernate: insert into "player" ("birth","cndtion","defending","goalkeeping","moral","name","on_sale","original_team_id","passing","playmaking","potential","preferred_foot","role","salary","scoring","set_pieces","stamina","surname","team_id","winger","id") values (?,?,?,?,?,?,?,?,?,?,?,?,?,?,?,?,?,?,?,?,default)
Hibernate: insert into "player" ("birth","cndtion","defending","goalkeeping","moral","name","on_sale","original_team_id","passing","playmaking","potential","preferred_foot","role","salary","scoring","set_pieces","stamina","surname","team_id","winger","id") values (?,?,?,?,?,?,?,?,?,?,?,?,?,?,?,?,?,?,?,?,default)
Hibernate: insert into "player" ("birth","cndtion","defending","goalkeeping","moral","name","on_sale","original_team_id","passing","playmaking","potential","preferred_foot","role","salary","scoring","set_pieces","stamina","surname","team_id","winger","id") values (?,?,?,?,?,?,?,?,?,?,?,?,?,?,?,?,?,?,?,?,default)
Hibernate: insert into "player" ("birth","cndtion","defending","goalkeeping","moral","name","on_sale","original_team_id","passing","playmaking","potential","preferred_foot","role","salary","scoring","set_pieces","stamina","surname","team_id","winger","id") values (?,?,?,?,?,?,?,?,?,?,?,?,?,?,?,?,?,?,?,?,default)
Hibernate: insert into "player" ("birth","cndtion","defending","goalkeeping","moral","name","on_sale","original_team_id","passing","playmaking","potential","preferred_foot","role","salary","scoring","set_pieces","stamina","surname","team_id","winger","id") values (?,?,?,?,?,?,?,?,?,?,?,?,?,?,?,?,?,?,?,?,default)
Hibernate: insert into "player" ("birth","cndtion","defending","goalkeeping","moral","name","on_sale","original_team_id","passing","playmaking","potential","preferred_foot","role","salary","scoring","set_pieces","stamina","surname","team_id","winger","id") values (?,?,?,?,?,?,?,?,?,?,?,?,?,?,?,?,?,?,?,?,default)
Hibernate: insert into "player" ("birth","cndtion","defending","goalkeeping","moral","name","on_sale","original_team_id","passing","playmaking","potential","preferred_foot","role","salary","scoring","set_pieces","stamina","surname","team_id","winger","id") values (?,?,?,?,?,?,?,?,?,?,?,?,?,?,?,?,?,?,?,?,default)
Hibernate: insert into "player" ("birth","cndtion","defending","goalkeeping","moral","name","on_sale","original_team_id","passing","playmaking","potential","preferred_foot","role","salary","scoring","set_pieces","stamina","surname","team_id","winger","id") values (?,?,?,?,?,?,?,?,?,?,?,?,?,?,?,?,?,?,?,?,default)
Hibernate: insert into "player" ("birth","cndtion","defending","goalkeeping","moral","name","on_sale","original_team_id","passing","playmaking","potential","preferred_foot","role","salary","scoring","set_pieces","stamina","surname","team_id","winger","id") values (?,?,?,?,?,?,?,?,?,?,?,?,?,?,?,?,?,?,?,?,default)
Hibernate: insert into "club" ("city","finance_id","foundation","league_id","logourl","medical_center_id","name","stadium_id","team_id","training_facility_id","under18_id","youth_academy_id","id") values (?,?,?,?,?,?,?,?,?,?,?,?,default)
Hibernate: insert into "season" ("is_current","end_year","league_id","name","next_round_number","start_year","id") values (?,?,?,?,?,?,default)
Hibernate: insert into "ranking" ("club_id","drawn","goal_against","goals_for","lost","played","points","season_id","won","id") values (?,?,?,?,?,?,?,?,?,default)
Hibernate: insert into "ranking" ("club_id","drawn","goal_against","goals_for","lost","played","points","season_id","won","id") values (?,?,?,?,?,?,?,?,?,default)
Hibernate: insert into "ranking" ("club_id","drawn","goal_against","goals_for","lost","played","points","season_id","won","id") values (?,?,?,?,?,?,?,?,?,default)
Hibernate: insert into "ranking" ("club_id","drawn","goal_against","goals_for","lost","played","points","season_id","won","id") values (?,?,?,?,?,?,?,?,?,default)
Hibernate: insert into "ranking" ("club_id","drawn","goal_against","goals_for","lost","played","points","season_id","won","id") values (?,?,?,?,?,?,?,?,?,default)
Hibernate: insert into "ranking" ("club_id","drawn","goal_against","goals_for","lost","played","points","season_id","won","id") values (?,?,?,?,?,?,?,?,?,default)
Hibernate: insert into "ranking" ("club_id","drawn","goal_against","goals_for","lost","played","points","season_id","won","id") values (?,?,?,?,?,?,?,?,?,default)
Hibernate: insert into "ranking" ("club_id","drawn","goal_against","goals_for","lost","played","points","season_id","won","id") values (?,?,?,?,?,?,?,?,?,default)
Hibernate: insert into "ranking" ("club_id","drawn","goal_against","goals_for","lost","played","points","season_id","won","id") values (?,?,?,?,?,?,?,?,?,default)
Hibernate: insert into "ranking" ("club_id","drawn","goal_against","goals_for","lost","played","points","season_id","won","id") values (?,?,?,?,?,?,?,?,?,default)
Hibernate: insert into "round" ("last","number","season_id","id") values (?,?,?,default)
Hibernate: insert into "matchh" ("away_id","away_formation_id","away_score","date","finish","home_id","home_formation_id","home_score","last","round_id","spectators","match_id","status","id") values (?,?,?,?,?,?,?,?,?,?,?,?,?,default)
Hibernate: insert into "matchh" ("away_id","away_formation_id","away_score","date","finish","home_id","home_formation_id","home_score","last","round_id","spectators","match_id","status","id") values (?,?,?,?,?,?,?,?,?,?,?,?,?,default)
Hibernate: insert into "matchh" ("away_id","away_formation_id","away_score","date","finish","home_id","home_formation_id","home_score","last","round_id","spectators","match_id","status","id") values (?,?,?,?,?,?,?,?,?,?,?,?,?,default)
Hibernate: insert into "matchh" ("away_id","away_formation_id","away_score","date","finish","home_id","home_formation_id","home_score","last","round_id","spectators","match_id","status","id") values (?,?,?,?,?,?,?,?,?,?,?,?,?,default)
Hibernate: insert into "matchh" ("away_id","away_formation_id","away_score","date","finish","home_id","home_formation_id","home_score","last","round_id","spectators","match_id","status","id") values (?,?,?,?,?,?,?,?,?,?,?,?,?,default)
Hibernate: insert into "round" ("last","number","season_id","id") values (?,?,?,default)
Hibernate: insert into "matchh" ("away_id","away_formation_id","away_score","date","finish","home_id","home_formation_id","home_score","last","round_id","spectators","match_id","status","id") values (?,?,?,?,?,?,?,?,?,?,?,?,?,default)
Hibernate: insert into "matchh" ("away_id","away_formation_id","away_score","date","finish","home_id","home_formation_id","home_score","last","round_id","spectators","match_id","status","id") values (?,?,?,?,?,?,?,?,?,?,?,?,?,default)
Hibernate: insert into "matchh" ("away_id","away_formation_id","away_score","date","finish","home_id","home_formation_id","home_score","last","round_id","spectators","match_id","status","id") values (?,?,?,?,?,?,?,?,?,?,?,?,?,default)
Hibernate: insert into "matchh" ("away_id","away_formation_id","away_score","date","finish","home_id","home_formation_id","home_score","last","round_id","spectators","match_id","status","id") values (?,?,?,?,?,?,?,?,?,?,?,?,?,default)
Hibernate: insert into "matchh" ("away_id","away_formation_id","away_score","date","finish","home_id","home_formation_id","home_score","last","round_id","spectators","match_id","status","id") values (?,?,?,?,?,?,?,?,?,?,?,?,?,default)
Hibernate: insert into "round" ("last","number","season_id","id") values (?,?,?,default)
Hibernate: insert into "matchh" ("away_id","away_formation_id","away_score","date","finish","home_id","home_formation_id","home_score","last","round_id","spectators","match_id","status","id") values (?,?,?,?,?,?,?,?,?,?,?,?,?,default)
Hibernate: insert into "matchh" ("away_id","away_formation_id","away_score","date","finish","home_id","home_formation_id","home_score","last","round_id","spectators","match_id","status","id") values (?,?,?,?,?,?,?,?,?,?,?,?,?,default)
Hibernate: insert into "matchh" ("away_id","away_formation_id","away_score","date","finish","home_id","home_formation_id","home_score","last","round_id","spectators","match_id","status","id") values (?,?,?,?,?,?,?,?,?,?,?,?,?,default)
Hibernate: insert into "matchh" ("away_id","away_formation_id","away_score","date","finish","home_id","home_formation_id","home_score","last","round_id","spectators","match_id","status","id") values (?,?,?,?,?,?,?,?,?,?,?,?,?,default)
Hibernate: insert into "matchh" ("away_id","away_formation_id","away_score","date","finish","home_id","home_formation_id","home_score","last","round_id","spectators","match_id","status","id") values (?,?,?,?,?,?,?,?,?,?,?,?,?,default)
Hibernate: insert into "round" ("last","number","season_id","id") values (?,?,?,default)
Hibernate: insert into "matchh" ("away_id","away_formation_id","away_score","date","finish","home_id","home_formation_id","home_score","last","round_id","spectators","match_id","status","id") values (?,?,?,?,?,?,?,?,?,?,?,?,?,default)
Hibernate: insert into "matchh" ("away_id","away_formation_id","away_score","date","finish","home_id","home_formation_id","home_score","last","round_id","spectators","match_id","status","id") values (?,?,?,?,?,?,?,?,?,?,?,?,?,default)
Hibernate: insert into "matchh" ("away_id","away_formation_id","away_score","date","finish","home_id","home_formation_id","home_score","last","round_id","spectators","match_id","status","id") values (?,?,?,?,?,?,?,?,?,?,?,?,?,default)
Hibernate: insert into "matchh" ("away_id","away_formation_id","away_score","date","finish","home_id","home_formation_id","home_score","last","round_id","spectators","match_id","status","id") values (?,?,?,?,?,?,?,?,?,?,?,?,?,default)
Hibernate: insert into "matchh" ("away_id","away_formation_id","away_score","date","finish","home_id","home_formation_id","home_score","last","round_id","spectators","match_id","status","id") values (?,?,?,?,?,?,?,?,?,?,?,?,?,default)
Hibernate: insert into "round" ("last","number","season_id","id") values (?,?,?,default)
Hibernate: insert into "matchh" ("away_id","away_formation_id","away_score","date","finish","home_id","home_formation_id","home_score","last","round_id","spectators","match_id","status","id") values (?,?,?,?,?,?,?,?,?,?,?,?,?,default)
Hibernate: insert into "matchh" ("away_id","away_formation_id","away_score","date","finish","home_id","home_formation_id","home_score","last","round_id","spectators","match_id","status","id") values (?,?,?,?,?,?,?,?,?,?,?,?,?,default)
Hibernate: insert into "matchh" ("away_id","away_formation_id","away_score","date","finish","home_id","home_formation_id","home_score","last","round_id","spectators","match_id","status","id") values (?,?,?,?,?,?,?,?,?,?,?,?,?,default)
Hibernate: insert into "matchh" ("away_id","away_formation_id","away_score","date","finish","home_id","home_formation_id","home_score","last","round_id","spectators","match_id","status","id") values (?,?,?,?,?,?,?,?,?,?,?,?,?,default)
Hibernate: insert into "matchh" ("away_id","away_formation_id","away_score","date","finish","home_id","home_formation_id","home_score","last","round_id","spectators","match_id","status","id") values (?,?,?,?,?,?,?,?,?,?,?,?,?,default)
Hibernate: insert into "round" ("last","number","season_id","id") values (?,?,?,default)
Hibernate: insert into "matchh" ("away_id","away_formation_id","away_score","date","finish","home_id","home_formation_id","home_score","last","round_id","spectators","match_id","status","id") values (?,?,?,?,?,?,?,?,?,?,?,?,?,default)
Hibernate: insert into "matchh" ("away_id","away_formation_id","away_score","date","finish","home_id","home_formation_id","home_score","last","round_id","spectators","match_id","status","id") values (?,?,?,?,?,?,?,?,?,?,?,?,?,default)
Hibernate: insert into "matchh" ("away_id","away_formation_id","away_score","date","finish","home_id","home_formation_id","home_score","last","round_id","spectators","match_id","status","id") values (?,?,?,?,?,?,?,?,?,?,?,?,?,default)
Hibernate: insert into "matchh" ("away_id","away_formation_id","away_score","date","finish","home_id","home_formation_id","home_score","last","round_id","spectators","match_id","status","id") values (?,?,?,?,?,?,?,?,?,?,?,?,?,default)
Hibernate: insert into "matchh" ("away_id","away_formation_id","away_score","date","finish","home_id","home_formation_id","home_score","last","round_id","spectators","match_id","status","id") values (?,?,?,?,?,?,?,?,?,?,?,?,?,default)
Hibernate: insert into "round" ("last","number","season_id","id") values (?,?,?,default)
Hibernate: insert into "matchh" ("away_id","away_formation_id","away_score","date","finish","home_id","home_formation_id","home_score","last","round_id","spectators","match_id","status","id") values (?,?,?,?,?,?,?,?,?,?,?,?,?,default)
Hibernate: insert into "matchh" ("away_id","away_formation_id","away_score","date","finish","home_id","home_formation_id","home_score","last","round_id","spectators","match_id","status","id") values (?,?,?,?,?,?,?,?,?,?,?,?,?,default)
Hibernate: insert into "matchh" ("away_id","away_formation_id","away_score","date","finish","home_id","home_formation_id","home_score","last","round_id","spectators","match_id","status","id") values (?,?,?,?,?,?,?,?,?,?,?,?,?,default)
Hibernate: insert into "matchh" ("away_id","away_formation_id","away_score","date","finish","home_id","home_formation_id","home_score","last","round_id","spectators","match_id","status","id") values (?,?,?,?,?,?,?,?,?,?,?,?,?,default)
Hibernate: insert into "matchh" ("away_id","away_formation_id","away_score","date","finish","home_id","home_formation_id","home_score","last","round_id","spectators","match_id","status","id") values (?,?,?,?,?,?,?,?,?,?,?,?,?,default)
Hibernate: insert into "round" ("last","number","season_id","id") values (?,?,?,default)
Hibernate: insert into "matchh" ("away_id","away_formation_id","away_score","date","finish","home_id","home_formation_id","home_score","last","round_id","spectators","match_id","status","id") values (?,?,?,?,?,?,?,?,?,?,?,?,?,default)
Hibernate: insert into "matchh" ("away_id","away_formation_id","away_score","date","finish","home_id","home_formation_id","home_score","last","round_id","spectators","match_id","status","id") values (?,?,?,?,?,?,?,?,?,?,?,?,?,default)
Hibernate: insert into "matchh" ("away_id","away_formation_id","away_score","date","finish","home_id","home_formation_id","home_score","last","round_id","spectators","match_id","status","id") values (?,?,?,?,?,?,?,?,?,?,?,?,?,default)
Hibernate: insert into "matchh" ("away_id","away_formation_id","away_score","date","finish","home_id","home_formation_id","home_score","last","round_id","spectators","match_id","status","id") values (?,?,?,?,?,?,?,?,?,?,?,?,?,default)
Hibernate: insert into "matchh" ("away_id","away_formation_id","away_score","date","finish","home_id","home_formation_id","home_score","last","round_id","spectators","match_id","status","id") values (?,?,?,?,?,?,?,?,?,?,?,?,?,default)
Hibernate: insert into "round" ("last","number","season_id","id") values (?,?,?,default)
Hibernate: insert into "matchh" ("away_id","away_formation_id","away_score","date","finish","home_id","home_formation_id","home_score","last","round_id","spectators","match_id","status","id") values (?,?,?,?,?,?,?,?,?,?,?,?,?,default)
Hibernate: insert into "matchh" ("away_id","away_formation_id","away_score","date","finish","home_id","home_formation_id","home_score","last","round_id","spectators","match_id","status","id") values (?,?,?,?,?,?,?,?,?,?,?,?,?,default)
Hibernate: insert into "matchh" ("away_id","away_formation_id","away_score","date","finish","home_id","home_formation_id","home_score","last","round_id","spectators","match_id","status","id") values (?,?,?,?,?,?,?,?,?,?,?,?,?,default)
Hibernate: insert into "matchh" ("away_id","away_formation_id","away_score","date","finish","home_id","home_formation_id","home_score","last","round_id","spectators","match_id","status","id") values (?,?,?,?,?,?,?,?,?,?,?,?,?,default)
Hibernate: insert into "matchh" ("away_id","away_formation_id","away_score","date","finish","home_id","home_formation_id","home_score","last","round_id","spectators","match_id","status","id") values (?,?,?,?,?,?,?,?,?,?,?,?,?,default)
Hibernate: insert into "round" ("last","number","season_id","id") values (?,?,?,default)
Hibernate: insert into "matchh" ("away_id","away_formation_id","away_score","date","finish","home_id","home_formation_id","home_score","last","round_id","spectators","match_id","status","id") values (?,?,?,?,?,?,?,?,?,?,?,?,?,default)
Hibernate: insert into "matchh" ("away_id","away_formation_id","away_score","date","finish","home_id","home_formation_id","home_score","last","round_id","spectators","match_id","status","id") values (?,?,?,?,?,?,?,?,?,?,?,?,?,default)
Hibernate: insert into "matchh" ("away_id","away_formation_id","away_score","date","finish","home_id","home_formation_id","home_score","last","round_id","spectators","match_id","status","id") values (?,?,?,?,?,?,?,?,?,?,?,?,?,default)
Hibernate: insert into "matchh" ("away_id","away_formation_id","away_score","date","finish","home_id","home_formation_id","home_score","last","round_id","spectators","match_id","status","id") values (?,?,?,?,?,?,?,?,?,?,?,?,?,default)
Hibernate: insert into "matchh" ("away_id","away_formation_id","away_score","date","finish","home_id","home_formation_id","home_score","last","round_id","spectators","match_id","status","id") values (?,?,?,?,?,?,?,?,?,?,?,?,?,default)
Hibernate: insert into "round" ("last","number","season_id","id") values (?,?,?,default)
Hibernate: insert into "matchh" ("away_id","away_formation_id","away_score","date","finish","home_id","home_formation_id","home_score","last","round_id","spectators","match_id","status","id") values (?,?,?,?,?,?,?,?,?,?,?,?,?,default)
Hibernate: insert into "matchh" ("away_id","away_formation_id","away_score","date","finish","home_id","home_formation_id","home_score","last","round_id","spectators","match_id","status","id") values (?,?,?,?,?,?,?,?,?,?,?,?,?,default)
Hibernate: insert into "matchh" ("away_id","away_formation_id","away_score","date","finish","home_id","home_formation_id","home_score","last","round_id","spectators","match_id","status","id") values (?,?,?,?,?,?,?,?,?,?,?,?,?,default)
Hibernate: insert into "matchh" ("away_id","away_formation_id","away_score","date","finish","home_id","home_formation_id","home_score","last","round_id","spectators","match_id","status","id") values (?,?,?,?,?,?,?,?,?,?,?,?,?,default)
Hibernate: insert into "matchh" ("away_id","away_formation_id","away_score","date","finish","home_id","home_formation_id","home_score","last","round_id","spectators","match_id","status","id") values (?,?,?,?,?,?,?,?,?,?,?,?,?,default)
Hibernate: insert into "round" ("last","number","season_id","id") values (?,?,?,default)
Hibernate: insert into "matchh" ("away_id","away_formation_id","away_score","date","finish","home_id","home_formation_id","home_score","last","round_id","spectators","match_id","status","id") values (?,?,?,?,?,?,?,?,?,?,?,?,?,default)
Hibernate: insert into "matchh" ("away_id","away_formation_id","away_score","date","finish","home_id","home_formation_id","home_score","last","round_id","spectators","match_id","status","id") values (?,?,?,?,?,?,?,?,?,?,?,?,?,default)
Hibernate: insert into "matchh" ("away_id","away_formation_id","away_score","date","finish","home_id","home_formation_id","home_score","last","round_id","spectators","match_id","status","id") values (?,?,?,?,?,?,?,?,?,?,?,?,?,default)
Hibernate: insert into "matchh" ("away_id","away_formation_id","away_score","date","finish","home_id","home_formation_id","home_score","last","round_id","spectators","match_id","status","id") values (?,?,?,?,?,?,?,?,?,?,?,?,?,default)
Hibernate: insert into "matchh" ("away_id","away_formation_id","away_score","date","finish","home_id","home_formation_id","home_score","last","round_id","spectators","match_id","status","id") values (?,?,?,?,?,?,?,?,?,?,?,?,?,default)
Hibernate: insert into "round" ("last","number","season_id","id") values (?,?,?,default)
Hibernate: insert into "matchh" ("away_id","away_formation_id","away_score","date","finish","home_id","home_formation_id","home_score","last","round_id","spectators","match_id","status","id") values (?,?,?,?,?,?,?,?,?,?,?,?,?,default)
Hibernate: insert into "matchh" ("away_id","away_formation_id","away_score","date","finish","home_id","home_formation_id","home_score","last","round_id","spectators","match_id","status","id") values (?,?,?,?,?,?,?,?,?,?,?,?,?,default)
Hibernate: insert into "matchh" ("away_id","away_formation_id","away_score","date","finish","home_id","home_formation_id","home_score","last","round_id","spectators","match_id","status","id") values (?,?,?,?,?,?,?,?,?,?,?,?,?,default)
Hibernate: insert into "matchh" ("away_id","away_formation_id","away_score","date","finish","home_id","home_formation_id","home_score","last","round_id","spectators","match_id","status","id") values (?,?,?,?,?,?,?,?,?,?,?,?,?,default)
Hibernate: insert into "matchh" ("away_id","away_formation_id","away_score","date","finish","home_id","home_formation_id","home_score","last","round_id","spectators","match_id","status","id") values (?,?,?,?,?,?,?,?,?,?,?,?,?,default)
Hibernate: insert into "round" ("last","number","season_id","id") values (?,?,?,default)
Hibernate: insert into "matchh" ("away_id","away_formation_id","away_score","date","finish","home_id","home_formation_id","home_score","last","round_id","spectators","match_id","status","id") values (?,?,?,?,?,?,?,?,?,?,?,?,?,default)
Hibernate: insert into "matchh" ("away_id","away_formation_id","away_score","date","finish","home_id","home_formation_id","home_score","last","round_id","spectators","match_id","status","id") values (?,?,?,?,?,?,?,?,?,?,?,?,?,default)
Hibernate: insert into "matchh" ("away_id","away_formation_id","away_score","date","finish","home_id","home_formation_id","home_score","last","round_id","spectators","match_id","status","id") values (?,?,?,?,?,?,?,?,?,?,?,?,?,default)
Hibernate: insert into "matchh" ("away_id","away_formation_id","away_score","date","finish","home_id","home_formation_id","home_score","last","round_id","spectators","match_id","status","id") values (?,?,?,?,?,?,?,?,?,?,?,?,?,default)
Hibernate: insert into "matchh" ("away_id","away_formation_id","away_score","date","finish","home_id","home_formation_id","home_score","last","round_id","spectators","match_id","status","id") values (?,?,?,?,?,?,?,?,?,?,?,?,?,default)
Hibernate: insert into "round" ("last","number","season_id","id") values (?,?,?,default)
Hibernate: insert into "matchh" ("away_id","away_formation_id","away_score","date","finish","home_id","home_formation_id","home_score","last","round_id","spectators","match_id","status","id") values (?,?,?,?,?,?,?,?,?,?,?,?,?,default)
Hibernate: insert into "matchh" ("away_id","away_formation_id","away_score","date","finish","home_id","home_formation_id","home_score","last","round_id","spectators","match_id","status","id") values (?,?,?,?,?,?,?,?,?,?,?,?,?,default)
Hibernate: insert into "matchh" ("away_id","away_formation_id","away_score","date","finish","home_id","home_formation_id","home_score","last","round_id","spectators","match_id","status","id") values (?,?,?,?,?,?,?,?,?,?,?,?,?,default)
Hibernate: insert into "matchh" ("away_id","away_formation_id","away_score","date","finish","home_id","home_formation_id","home_score","last","round_id","spectators","match_id","status","id") values (?,?,?,?,?,?,?,?,?,?,?,?,?,default)
Hibernate: insert into "matchh" ("away_id","away_formation_id","away_score","date","finish","home_id","home_formation_id","home_score","last","round_id","spectators","match_id","status","id") values (?,?,?,?,?,?,?,?,?,?,?,?,?,default)
Hibernate: insert into "round" ("last","number","season_id","id") values (?,?,?,default)
Hibernate: insert into "matchh" ("away_id","away_formation_id","away_score","date","finish","home_id","home_formation_id","home_score","last","round_id","spectators","match_id","status","id") values (?,?,?,?,?,?,?,?,?,?,?,?,?,default)
Hibernate: insert into "matchh" ("away_id","away_formation_id","away_score","date","finish","home_id","home_formation_id","home_score","last","round_id","spectators","match_id","status","id") values (?,?,?,?,?,?,?,?,?,?,?,?,?,default)
Hibernate: insert into "matchh" ("away_id","away_formation_id","away_score","date","finish","home_id","home_formation_id","home_score","last","round_id","spectators","match_id","status","id") values (?,?,?,?,?,?,?,?,?,?,?,?,?,default)
Hibernate: insert into "matchh" ("away_id","away_formation_id","away_score","date","finish","home_id","home_formation_id","home_score","last","round_id","spectators","match_id","status","id") values (?,?,?,?,?,?,?,?,?,?,?,?,?,default)
Hibernate: insert into "matchh" ("away_id","away_formation_id","away_score","date","finish","home_id","home_formation_id","home_score","last","round_id","spectators","match_id","status","id") values (?,?,?,?,?,?,?,?,?,?,?,?,?,default)
Hibernate: insert into "round" ("last","number","season_id","id") values (?,?,?,default)
Hibernate: insert into "matchh" ("away_id","away_formation_id","away_score","date","finish","home_id","home_formation_id","home_score","last","round_id","spectators","match_id","status","id") values (?,?,?,?,?,?,?,?,?,?,?,?,?,default)
Hibernate: insert into "matchh" ("away_id","away_formation_id","away_score","date","finish","home_id","home_formation_id","home_score","last","round_id","spectators","match_id","status","id") values (?,?,?,?,?,?,?,?,?,?,?,?,?,default)
Hibernate: insert into "matchh" ("away_id","away_formation_id","away_score","date","finish","home_id","home_formation_id","home_score","last","round_id","spectators","match_id","status","id") values (?,?,?,?,?,?,?,?,?,?,?,?,?,default)
Hibernate: insert into "matchh" ("away_id","away_formation_id","away_score","date","finish","home_id","home_formation_id","home_score","last","round_id","spectators","match_id","status","id") values (?,?,?,?,?,?,?,?,?,?,?,?,?,default)
Hibernate: insert into "matchh" ("away_id","away_formation_id","away_score","date","finish","home_id","home_formation_id","home_score","last","round_id","spectators","match_id","status","id") values (?,?,?,?,?,?,?,?,?,?,?,?,?,default)
Hibernate: insert into "round" ("last","number","season_id","id") values (?,?,?,default)
Hibernate: insert into "matchh" ("away_id","away_formation_id","away_score","date","finish","home_id","home_formation_id","home_score","last","round_id","spectators","match_id","status","id") values (?,?,?,?,?,?,?,?,?,?,?,?,?,default)
Hibernate: insert into "matchh" ("away_id","away_formation_id","away_score","date","finish","home_id","home_formation_id","home_score","last","round_id","spectators","match_id","status","id") values (?,?,?,?,?,?,?,?,?,?,?,?,?,default)
Hibernate: insert into "matchh" ("away_id","away_formation_id","away_score","date","finish","home_id","home_formation_id","home_score","last","round_id","spectators","match_id","status","id") values (?,?,?,?,?,?,?,?,?,?,?,?,?,default)
Hibernate: insert into "matchh" ("away_id","away_formation_id","away_score","date","finish","home_id","home_formation_id","home_score","last","round_id","spectators","match_id","status","id") values (?,?,?,?,?,?,?,?,?,?,?,?,?,default)
Hibernate: insert into "matchh" ("away_id","away_formation_id","away_score","date","finish","home_id","home_formation_id","home_score","last","round_id","spectators","match_id","status","id") values (?,?,?,?,?,?,?,?,?,?,?,?,?,default)
Hibernate: insert into "league" ("country_id","season_id","euro_cup","minor_league_id","name","promotion","relegation","server_id","id") values (?,?,?,?,?,?,?,?,default)
Hibernate: insert into "finance" ("balance","debt","facility_maintenance","last_updated","loan_interest","matchday_revenue","merchandise_revenue","monthly_budget","net_worth","operational_costs","player_salaries","prize_money_revenue","profit_margin","season_budget","sponsorship_revenue","staff_salaries","total_expenses","total_revenue","transfer_expenses","transfer_revenue","tv_rights_revenue","id") values (?,?,?,?,?,?,?,?,?,?,?,?,?,?,?,?,?,?,?,?,?,default)
Hibernate: insert into "stadium" ("accessibility_level","atmosphere_multiplier","base_capacity","capacity","construction_cost","facilities_quality","grandstand_est","grandstand_nord","grandstand_sud","grandstand_west","has_media_center","has_megastore","has_museum","has_roof","has_undersoil_heating","has_vip_boxes","last_upgrade_date","maintenance_cost","name","next_maintenance_date","pitch_quality","revenue_multiplier","security_level","upgrade_value","id") values (?,?,?,?,?,?,?,?,?,?,?,?,?,?,?,?,?,?,?,?,?,?,?,?,default)
Hibernate: insert into "team" ("formation_id","id") values (?,default)
Hibernate: insert into "player" ("birth","cndtion","defending","goalkeeping","moral","name","on_sale","original_team_id","passing","playmaking","potential","preferred_foot","role","salary","scoring","set_pieces","stamina","surname","team_id","winger","id") values (?,?,?,?,?,?,?,?,?,?,?,?,?,?,?,?,?,?,?,?,default)
Hibernate: insert into "player" ("birth","cndtion","defending","goalkeeping","moral","name","on_sale","original_team_id","passing","playmaking","potential","preferred_foot","role","salary","scoring","set_pieces","stamina","surname","team_id","winger","id") values (?,?,?,?,?,?,?,?,?,?,?,?,?,?,?,?,?,?,?,?,default)
Hibernate: insert into "player" ("birth","cndtion","defending","goalkeeping","moral","name","on_sale","original_team_id","passing","playmaking","potential","preferred_foot","role","salary","scoring","set_pieces","stamina","surname","team_id","winger","id") values (?,?,?,?,?,?,?,?,?,?,?,?,?,?,?,?,?,?,?,?,default)
Hibernate: insert into "player" ("birth","cndtion","defending","goalkeeping","moral","name","on_sale","original_team_id","passing","playmaking","potential","preferred_foot","role","salary","scoring","set_pieces","stamina","surname","team_id","winger","id") values (?,?,?,?,?,?,?,?,?,?,?,?,?,?,?,?,?,?,?,?,default)
Hibernate: insert into "player" ("birth","cndtion","defending","goalkeeping","moral","name","on_sale","original_team_id","passing","playmaking","potential","preferred_foot","role","salary","scoring","set_pieces","stamina","surname","team_id","winger","id") values (?,?,?,?,?,?,?,?,?,?,?,?,?,?,?,?,?,?,?,?,default)
Hibernate: insert into "player" ("birth","cndtion","defending","goalkeeping","moral","name","on_sale","original_team_id","passing","playmaking","potential","preferred_foot","role","salary","scoring","set_pieces","stamina","surname","team_id","winger","id") values (?,?,?,?,?,?,?,?,?,?,?,?,?,?,?,?,?,?,?,?,default)
Hibernate: insert into "player" ("birth","cndtion","defending","goalkeeping","moral","name","on_sale","original_team_id","passing","playmaking","potential","preferred_foot","role","salary","scoring","set_pieces","stamina","surname","team_id","winger","id") values (?,?,?,?,?,?,?,?,?,?,?,?,?,?,?,?,?,?,?,?,default)
Hibernate: insert into "player" ("birth","cndtion","defending","goalkeeping","moral","name","on_sale","original_team_id","passing","playmaking","potential","preferred_foot","role","salary","scoring","set_pieces","stamina","surname","team_id","winger","id") values (?,?,?,?,?,?,?,?,?,?,?,?,?,?,?,?,?,?,?,?,default)
Hibernate: insert into "player" ("birth","cndtion","defending","goalkeeping","moral","name","on_sale","original_team_id","passing","playmaking","potential","preferred_foot","role","salary","scoring","set_pieces","stamina","surname","team_id","winger","id") values (?,?,?,?,?,?,?,?,?,?,?,?,?,?,?,?,?,?,?,?,default)
Hibernate: insert into "player" ("birth","cndtion","defending","goalkeeping","moral","name","on_sale","original_team_id","passing","playmaking","potential","preferred_foot","role","salary","scoring","set_pieces","stamina","surname","team_id","winger","id") values (?,?,?,?,?,?,?,?,?,?,?,?,?,?,?,?,?,?,?,?,default)
Hibernate: insert into "player" ("birth","cndtion","defending","goalkeeping","moral","name","on_sale","original_team_id","passing","playmaking","potential","preferred_foot","role","salary","scoring","set_pieces","stamina","surname","team_id","winger","id") values (?,?,?,?,?,?,?,?,?,?,?,?,?,?,?,?,?,?,?,?,default)
Hibernate: insert into "player" ("birth","cndtion","defending","goalkeeping","moral","name","on_sale","original_team_id","passing","playmaking","potential","preferred_foot","role","salary","scoring","set_pieces","stamina","surname","team_id","winger","id") values (?,?,?,?,?,?,?,?,?,?,?,?,?,?,?,?,?,?,?,?,default)
Hibernate: insert into "player" ("birth","cndtion","defending","goalkeeping","moral","name","on_sale","original_team_id","passing","playmaking","potential","preferred_foot","role","salary","scoring","set_pieces","stamina","surname","team_id","winger","id") values (?,?,?,?,?,?,?,?,?,?,?,?,?,?,?,?,?,?,?,?,default)
Hibernate: insert into "player" ("birth","cndtion","defending","goalkeeping","moral","name","on_sale","original_team_id","passing","playmaking","potential","preferred_foot","role","salary","scoring","set_pieces","stamina","surname","team_id","winger","id") values (?,?,?,?,?,?,?,?,?,?,?,?,?,?,?,?,?,?,?,?,default)
Hibernate: insert into "player" ("birth","cndtion","defending","goalkeeping","moral","name","on_sale","original_team_id","passing","playmaking","potential","preferred_foot","role","salary","scoring","set_pieces","stamina","surname","team_id","winger","id") values (?,?,?,?,?,?,?,?,?,?,?,?,?,?,?,?,?,?,?,?,default)
Hibernate: insert into "player" ("birth","cndtion","defending","goalkeeping","moral","name","on_sale","original_team_id","passing","playmaking","potential","preferred_foot","role","salary","scoring","set_pieces","stamina","surname","team_id","winger","id") values (?,?,?,?,?,?,?,?,?,?,?,?,?,?,?,?,?,?,?,?,default)
Hibernate: insert into "player" ("birth","cndtion","defending","goalkeeping","moral","name","on_sale","original_team_id","passing","playmaking","potential","preferred_foot","role","salary","scoring","set_pieces","stamina","surname","team_id","winger","id") values (?,?,?,?,?,?,?,?,?,?,?,?,?,?,?,?,?,?,?,?,default)
Hibernate: insert into "player" ("birth","cndtion","defending","goalkeeping","moral","name","on_sale","original_team_id","passing","playmaking","potential","preferred_foot","role","salary","scoring","set_pieces","stamina","surname","team_id","winger","id") values (?,?,?,?,?,?,?,?,?,?,?,?,?,?,?,?,?,?,?,?,default)
Hibernate: insert into "player" ("birth","cndtion","defending","goalkeeping","moral","name","on_sale","original_team_id","passing","playmaking","potential","preferred_foot","role","salary","scoring","set_pieces","stamina","surname","team_id","winger","id") values (?,?,?,?,?,?,?,?,?,?,?,?,?,?,?,?,?,?,?,?,default)
Hibernate: insert into "player" ("birth","cndtion","defending","goalkeeping","moral","name","on_sale","original_team_id","passing","playmaking","potential","preferred_foot","role","salary","scoring","set_pieces","stamina","surname","team_id","winger","id") values (?,?,?,?,?,?,?,?,?,?,?,?,?,?,?,?,?,?,?,?,default)
Hibernate: insert into "player" ("birth","cndtion","defending","goalkeeping","moral","name","on_sale","original_team_id","passing","playmaking","potential","preferred_foot","role","salary","scoring","set_pieces","stamina","surname","team_id","winger","id") values (?,?,?,?,?,?,?,?,?,?,?,?,?,?,?,?,?,?,?,?,default)
Hibernate: insert into "player" ("birth","cndtion","defending","goalkeeping","moral","name","on_sale","original_team_id","passing","playmaking","potential","preferred_foot","role","salary","scoring","set_pieces","stamina","surname","team_id","winger","id") values (?,?,?,?,?,?,?,?,?,?,?,?,?,?,?,?,?,?,?,?,default)
Hibernate: insert into "player" ("birth","cndtion","defending","goalkeeping","moral","name","on_sale","original_team_id","passing","playmaking","potential","preferred_foot","role","salary","scoring","set_pieces","stamina","surname","team_id","winger","id") values (?,?,?,?,?,?,?,?,?,?,?,?,?,?,?,?,?,?,?,?,default)
Hibernate: insert into "club" ("city","finance_id","foundation","league_id","logourl","medical_center_id","name","stadium_id","team_id","training_facility_id","under18_id","youth_academy_id","id") values (?,?,?,?,?,?,?,?,?,?,?,?,default)
Hibernate: insert into "finance" ("balance","debt","facility_maintenance","last_updated","loan_interest","matchday_revenue","merchandise_revenue","monthly_budget","net_worth","operational_costs","player_salaries","prize_money_revenue","profit_margin","season_budget","sponsorship_revenue","staff_salaries","total_expenses","total_revenue","transfer_expenses","transfer_revenue","tv_rights_revenue","id") values (?,?,?,?,?,?,?,?,?,?,?,?,?,?,?,?,?,?,?,?,?,default)
Hibernate: insert into "stadium" ("accessibility_level","atmosphere_multiplier","base_capacity","capacity","construction_cost","facilities_quality","grandstand_est","grandstand_nord","grandstand_sud","grandstand_west","has_media_center","has_megastore","has_museum","has_roof","has_undersoil_heating","has_vip_boxes","last_upgrade_date","maintenance_cost","name","next_maintenance_date","pitch_quality","revenue_multiplier","security_level","upgrade_value","id") values (?,?,?,?,?,?,?,?,?,?,?,?,?,?,?,?,?,?,?,?,?,?,?,?,default)
Hibernate: insert into "team" ("formation_id","id") values (?,default)
Hibernate: insert into "player" ("birth","cndtion","defending","goalkeeping","moral","name","on_sale","original_team_id","passing","playmaking","potential","preferred_foot","role","salary","scoring","set_pieces","stamina","surname","team_id","winger","id") values (?,?,?,?,?,?,?,?,?,?,?,?,?,?,?,?,?,?,?,?,default)
Hibernate: insert into "player" ("birth","cndtion","defending","goalkeeping","moral","name","on_sale","original_team_id","passing","playmaking","potential","preferred_foot","role","salary","scoring","set_pieces","stamina","surname","team_id","winger","id") values (?,?,?,?,?,?,?,?,?,?,?,?,?,?,?,?,?,?,?,?,default)
Hibernate: insert into "player" ("birth","cndtion","defending","goalkeeping","moral","name","on_sale","original_team_id","passing","playmaking","potential","preferred_foot","role","salary","scoring","set_pieces","stamina","surname","team_id","winger","id") values (?,?,?,?,?,?,?,?,?,?,?,?,?,?,?,?,?,?,?,?,default)
Hibernate: insert into "player" ("birth","cndtion","defending","goalkeeping","moral","name","on_sale","original_team_id","passing","playmaking","potential","preferred_foot","role","salary","scoring","set_pieces","stamina","surname","team_id","winger","id") values (?,?,?,?,?,?,?,?,?,?,?,?,?,?,?,?,?,?,?,?,default)
Hibernate: insert into "player" ("birth","cndtion","defending","goalkeeping","moral","name","on_sale","original_team_id","passing","playmaking","potential","preferred_foot","role","salary","scoring","set_pieces","stamina","surname","team_id","winger","id") values (?,?,?,?,?,?,?,?,?,?,?,?,?,?,?,?,?,?,?,?,default)
Hibernate: insert into "player" ("birth","cndtion","defending","goalkeeping","moral","name","on_sale","original_team_id","passing","playmaking","potential","preferred_foot","role","salary","scoring","set_pieces","stamina","surname","team_id","winger","id") values (?,?,?,?,?,?,?,?,?,?,?,?,?,?,?,?,?,?,?,?,default)
Hibernate: insert into "player" ("birth","cndtion","defending","goalkeeping","moral","name","on_sale","original_team_id","passing","playmaking","potential","preferred_foot","role","salary","scoring","set_pieces","stamina","surname","team_id","winger","id") values (?,?,?,?,?,?,?,?,?,?,?,?,?,?,?,?,?,?,?,?,default)
Hibernate: insert into "player" ("birth","cndtion","defending","goalkeeping","moral","name","on_sale","original_team_id","passing","playmaking","potential","preferred_foot","role","salary","scoring","set_pieces","stamina","surname","team_id","winger","id") values (?,?,?,?,?,?,?,?,?,?,?,?,?,?,?,?,?,?,?,?,default)
Hibernate: insert into "player" ("birth","cndtion","defending","goalkeeping","moral","name","on_sale","original_team_id","passing","playmaking","potential","preferred_foot","role","salary","scoring","set_pieces","stamina","surname","team_id","winger","id") values (?,?,?,?,?,?,?,?,?,?,?,?,?,?,?,?,?,?,?,?,default)
Hibernate: insert into "player" ("birth","cndtion","defending","goalkeeping","moral","name","on_sale","original_team_id","passing","playmaking","potential","preferred_foot","role","salary","scoring","set_pieces","stamina","surname","team_id","winger","id") values (?,?,?,?,?,?,?,?,?,?,?,?,?,?,?,?,?,?,?,?,default)
Hibernate: insert into "player" ("birth","cndtion","defending","goalkeeping","moral","name","on_sale","original_team_id","passing","playmaking","potential","preferred_foot","role","salary","scoring","set_pieces","stamina","surname","team_id","winger","id") values (?,?,?,?,?,?,?,?,?,?,?,?,?,?,?,?,?,?,?,?,default)
Hibernate: insert into "player" ("birth","cndtion","defending","goalkeeping","moral","name","on_sale","original_team_id","passing","playmaking","potential","preferred_foot","role","salary","scoring","set_pieces","stamina","surname","team_id","winger","id") values (?,?,?,?,?,?,?,?,?,?,?,?,?,?,?,?,?,?,?,?,default)
Hibernate: insert into "player" ("birth","cndtion","defending","goalkeeping","moral","name","on_sale","original_team_id","passing","playmaking","potential","preferred_foot","role","salary","scoring","set_pieces","stamina","surname","team_id","winger","id") values (?,?,?,?,?,?,?,?,?,?,?,?,?,?,?,?,?,?,?,?,default)
Hibernate: insert into "player" ("birth","cndtion","defending","goalkeeping","moral","name","on_sale","original_team_id","passing","playmaking","potential","preferred_foot","role","salary","scoring","set_pieces","stamina","surname","team_id","winger","id") values (?,?,?,?,?,?,?,?,?,?,?,?,?,?,?,?,?,?,?,?,default)
Hibernate: insert into "player" ("birth","cndtion","defending","goalkeeping","moral","name","on_sale","original_team_id","passing","playmaking","potential","preferred_foot","role","salary","scoring","set_pieces","stamina","surname","team_id","winger","id") values (?,?,?,?,?,?,?,?,?,?,?,?,?,?,?,?,?,?,?,?,default)
Hibernate: insert into "player" ("birth","cndtion","defending","goalkeeping","moral","name","on_sale","original_team_id","passing","playmaking","potential","preferred_foot","role","salary","scoring","set_pieces","stamina","surname","team_id","winger","id") values (?,?,?,?,?,?,?,?,?,?,?,?,?,?,?,?,?,?,?,?,default)
Hibernate: insert into "player" ("birth","cndtion","defending","goalkeeping","moral","name","on_sale","original_team_id","passing","playmaking","potential","preferred_foot","role","salary","scoring","set_pieces","stamina","surname","team_id","winger","id") values (?,?,?,?,?,?,?,?,?,?,?,?,?,?,?,?,?,?,?,?,default)
Hibernate: insert into "player" ("birth","cndtion","defending","goalkeeping","moral","name","on_sale","original_team_id","passing","playmaking","potential","preferred_foot","role","salary","scoring","set_pieces","stamina","surname","team_id","winger","id") values (?,?,?,?,?,?,?,?,?,?,?,?,?,?,?,?,?,?,?,?,default)
Hibernate: insert into "player" ("birth","cndtion","defending","goalkeeping","moral","name","on_sale","original_team_id","passing","playmaking","potential","preferred_foot","role","salary","scoring","set_pieces","stamina","surname","team_id","winger","id") values (?,?,?,?,?,?,?,?,?,?,?,?,?,?,?,?,?,?,?,?,default)
Hibernate: insert into "player" ("birth","cndtion","defending","goalkeeping","moral","name","on_sale","original_team_id","passing","playmaking","potential","preferred_foot","role","salary","scoring","set_pieces","stamina","surname","team_id","winger","id") values (?,?,?,?,?,?,?,?,?,?,?,?,?,?,?,?,?,?,?,?,default)
Hibernate: insert into "player" ("birth","cndtion","defending","goalkeeping","moral","name","on_sale","original_team_id","passing","playmaking","potential","preferred_foot","role","salary","scoring","set_pieces","stamina","surname","team_id","winger","id") values (?,?,?,?,?,?,?,?,?,?,?,?,?,?,?,?,?,?,?,?,default)
Hibernate: insert into "player" ("birth","cndtion","defending","goalkeeping","moral","name","on_sale","original_team_id","passing","playmaking","potential","preferred_foot","role","salary","scoring","set_pieces","stamina","surname","team_id","winger","id") values (?,?,?,?,?,?,?,?,?,?,?,?,?,?,?,?,?,?,?,?,default)
Hibernate: insert into "player" ("birth","cndtion","defending","goalkeeping","moral","name","on_sale","original_team_id","passing","playmaking","potential","preferred_foot","role","salary","scoring","set_pieces","stamina","surname","team_id","winger","id") values (?,?,?,?,?,?,?,?,?,?,?,?,?,?,?,?,?,?,?,?,default)
Hibernate: insert into "club" ("city","finance_id","foundation","league_id","logourl","medical_center_id","name","stadium_id","team_id","training_facility_id","under18_id","youth_academy_id","id") values (?,?,?,?,?,?,?,?,?,?,?,?,default)
Hibernate: insert into "finance" ("balance","debt","facility_maintenance","last_updated","loan_interest","matchday_revenue","merchandise_revenue","monthly_budget","net_worth","operational_costs","player_salaries","prize_money_revenue","profit_margin","season_budget","sponsorship_revenue","staff_salaries","total_expenses","total_revenue","transfer_expenses","transfer_revenue","tv_rights_revenue","id") values (?,?,?,?,?,?,?,?,?,?,?,?,?,?,?,?,?,?,?,?,?,default)
Hibernate: insert into "stadium" ("accessibility_level","atmosphere_multiplier","base_capacity","capacity","construction_cost","facilities_quality","grandstand_est","grandstand_nord","grandstand_sud","grandstand_west","has_media_center","has_megastore","has_museum","has_roof","has_undersoil_heating","has_vip_boxes","last_upgrade_date","maintenance_cost","name","next_maintenance_date","pitch_quality","revenue_multiplier","security_level","upgrade_value","id") values (?,?,?,?,?,?,?,?,?,?,?,?,?,?,?,?,?,?,?,?,?,?,?,?,default)
Hibernate: insert into "team" ("formation_id","id") values (?,default)
Hibernate: insert into "player" ("birth","cndtion","defending","goalkeeping","moral","name","on_sale","original_team_id","passing","playmaking","potential","preferred_foot","role","salary","scoring","set_pieces","stamina","surname","team_id","winger","id") values (?,?,?,?,?,?,?,?,?,?,?,?,?,?,?,?,?,?,?,?,default)
Hibernate: insert into "player" ("birth","cndtion","defending","goalkeeping","moral","name","on_sale","original_team_id","passing","playmaking","potential","preferred_foot","role","salary","scoring","set_pieces","stamina","surname","team_id","winger","id") values (?,?,?,?,?,?,?,?,?,?,?,?,?,?,?,?,?,?,?,?,default)
Hibernate: insert into "player" ("birth","cndtion","defending","goalkeeping","moral","name","on_sale","original_team_id","passing","playmaking","potential","preferred_foot","role","salary","scoring","set_pieces","stamina","surname","team_id","winger","id") values (?,?,?,?,?,?,?,?,?,?,?,?,?,?,?,?,?,?,?,?,default)
Hibernate: insert into "player" ("birth","cndtion","defending","goalkeeping","moral","name","on_sale","original_team_id","passing","playmaking","potential","preferred_foot","role","salary","scoring","set_pieces","stamina","surname","team_id","winger","id") values (?,?,?,?,?,?,?,?,?,?,?,?,?,?,?,?,?,?,?,?,default)
Hibernate: insert into "player" ("birth","cndtion","defending","goalkeeping","moral","name","on_sale","original_team_id","passing","playmaking","potential","preferred_foot","role","salary","scoring","set_pieces","stamina","surname","team_id","winger","id") values (?,?,?,?,?,?,?,?,?,?,?,?,?,?,?,?,?,?,?,?,default)
Hibernate: insert into "player" ("birth","cndtion","defending","goalkeeping","moral","name","on_sale","original_team_id","passing","playmaking","potential","preferred_foot","role","salary","scoring","set_pieces","stamina","surname","team_id","winger","id") values (?,?,?,?,?,?,?,?,?,?,?,?,?,?,?,?,?,?,?,?,default)
Hibernate: insert into "player" ("birth","cndtion","defending","goalkeeping","moral","name","on_sale","original_team_id","passing","playmaking","potential","preferred_foot","role","salary","scoring","set_pieces","stamina","surname","team_id","winger","id") values (?,?,?,?,?,?,?,?,?,?,?,?,?,?,?,?,?,?,?,?,default)
Hibernate: insert into "player" ("birth","cndtion","defending","goalkeeping","moral","name","on_sale","original_team_id","passing","playmaking","potential","preferred_foot","role","salary","scoring","set_pieces","stamina","surname","team_id","winger","id") values (?,?,?,?,?,?,?,?,?,?,?,?,?,?,?,?,?,?,?,?,default)
Hibernate: insert into "player" ("birth","cndtion","defending","goalkeeping","moral","name","on_sale","original_team_id","passing","playmaking","potential","preferred_foot","role","salary","scoring","set_pieces","stamina","surname","team_id","winger","id") values (?,?,?,?,?,?,?,?,?,?,?,?,?,?,?,?,?,?,?,?,default)
Hibernate: insert into "player" ("birth","cndtion","defending","goalkeeping","moral","name","on_sale","original_team_id","passing","playmaking","potential","preferred_foot","role","salary","scoring","set_pieces","stamina","surname","team_id","winger","id") values (?,?,?,?,?,?,?,?,?,?,?,?,?,?,?,?,?,?,?,?,default)
Hibernate: insert into "player" ("birth","cndtion","defending","goalkeeping","moral","name","on_sale","original_team_id","passing","playmaking","potential","preferred_foot","role","salary","scoring","set_pieces","stamina","surname","team_id","winger","id") values (?,?,?,?,?,?,?,?,?,?,?,?,?,?,?,?,?,?,?,?,default)
Hibernate: insert into "player" ("birth","cndtion","defending","goalkeeping","moral","name","on_sale","original_team_id","passing","playmaking","potential","preferred_foot","role","salary","scoring","set_pieces","stamina","surname","team_id","winger","id") values (?,?,?,?,?,?,?,?,?,?,?,?,?,?,?,?,?,?,?,?,default)
Hibernate: insert into "player" ("birth","cndtion","defending","goalkeeping","moral","name","on_sale","original_team_id","passing","playmaking","potential","preferred_foot","role","salary","scoring","set_pieces","stamina","surname","team_id","winger","id") values (?,?,?,?,?,?,?,?,?,?,?,?,?,?,?,?,?,?,?,?,default)
Hibernate: insert into "player" ("birth","cndtion","defending","goalkeeping","moral","name","on_sale","original_team_id","passing","playmaking","potential","preferred_foot","role","salary","scoring","set_pieces","stamina","surname","team_id","winger","id") values (?,?,?,?,?,?,?,?,?,?,?,?,?,?,?,?,?,?,?,?,default)
Hibernate: insert into "player" ("birth","cndtion","defending","goalkeeping","moral","name","on_sale","original_team_id","passing","playmaking","potential","preferred_foot","role","salary","scoring","set_pieces","stamina","surname","team_id","winger","id") values (?,?,?,?,?,?,?,?,?,?,?,?,?,?,?,?,?,?,?,?,default)
Hibernate: insert into "player" ("birth","cndtion","defending","goalkeeping","moral","name","on_sale","original_team_id","passing","playmaking","potential","preferred_foot","role","salary","scoring","set_pieces","stamina","surname","team_id","winger","id") values (?,?,?,?,?,?,?,?,?,?,?,?,?,?,?,?,?,?,?,?,default)
Hibernate: insert into "player" ("birth","cndtion","defending","goalkeeping","moral","name","on_sale","original_team_id","passing","playmaking","potential","preferred_foot","role","salary","scoring","set_pieces","stamina","surname","team_id","winger","id") values (?,?,?,?,?,?,?,?,?,?,?,?,?,?,?,?,?,?,?,?,default)
Hibernate: insert into "player" ("birth","cndtion","defending","goalkeeping","moral","name","on_sale","original_team_id","passing","playmaking","potential","preferred_foot","role","salary","scoring","set_pieces","stamina","surname","team_id","winger","id") values (?,?,?,?,?,?,?,?,?,?,?,?,?,?,?,?,?,?,?,?,default)
Hibernate: insert into "player" ("birth","cndtion","defending","goalkeeping","moral","name","on_sale","original_team_id","passing","playmaking","potential","preferred_foot","role","salary","scoring","set_pieces","stamina","surname","team_id","winger","id") values (?,?,?,?,?,?,?,?,?,?,?,?,?,?,?,?,?,?,?,?,default)
Hibernate: insert into "player" ("birth","cndtion","defending","goalkeeping","moral","name","on_sale","original_team_id","passing","playmaking","potential","preferred_foot","role","salary","scoring","set_pieces","stamina","surname","team_id","winger","id") values (?,?,?,?,?,?,?,?,?,?,?,?,?,?,?,?,?,?,?,?,default)
Hibernate: insert into "player" ("birth","cndtion","defending","goalkeeping","moral","name","on_sale","original_team_id","passing","playmaking","potential","preferred_foot","role","salary","scoring","set_pieces","stamina","surname","team_id","winger","id") values (?,?,?,?,?,?,?,?,?,?,?,?,?,?,?,?,?,?,?,?,default)
Hibernate: insert into "player" ("birth","cndtion","defending","goalkeeping","moral","name","on_sale","original_team_id","passing","playmaking","potential","preferred_foot","role","salary","scoring","set_pieces","stamina","surname","team_id","winger","id") values (?,?,?,?,?,?,?,?,?,?,?,?,?,?,?,?,?,?,?,?,default)
Hibernate: insert into "player" ("birth","cndtion","defending","goalkeeping","moral","name","on_sale","original_team_id","passing","playmaking","potential","preferred_foot","role","salary","scoring","set_pieces","stamina","surname","team_id","winger","id") values (?,?,?,?,?,?,?,?,?,?,?,?,?,?,?,?,?,?,?,?,default)
Hibernate: insert into "club" ("city","finance_id","foundation","league_id","logourl","medical_center_id","name","stadium_id","team_id","training_facility_id","under18_id","youth_academy_id","id") values (?,?,?,?,?,?,?,?,?,?,?,?,default)
Hibernate: insert into "finance" ("balance","debt","facility_maintenance","last_updated","loan_interest","matchday_revenue","merchandise_revenue","monthly_budget","net_worth","operational_costs","player_salaries","prize_money_revenue","profit_margin","season_budget","sponsorship_revenue","staff_salaries","total_expenses","total_revenue","transfer_expenses","transfer_revenue","tv_rights_revenue","id") values (?,?,?,?,?,?,?,?,?,?,?,?,?,?,?,?,?,?,?,?,?,default)
Hibernate: insert into "stadium" ("accessibility_level","atmosphere_multiplier","base_capacity","capacity","construction_cost","facilities_quality","grandstand_est","grandstand_nord","grandstand_sud","grandstand_west","has_media_center","has_megastore","has_museum","has_roof","has_undersoil_heating","has_vip_boxes","last_upgrade_date","maintenance_cost","name","next_maintenance_date","pitch_quality","revenue_multiplier","security_level","upgrade_value","id") values (?,?,?,?,?,?,?,?,?,?,?,?,?,?,?,?,?,?,?,?,?,?,?,?,default)
Hibernate: insert into "team" ("formation_id","id") values (?,default)
Hibernate: insert into "player" ("birth","cndtion","defending","goalkeeping","moral","name","on_sale","original_team_id","passing","playmaking","potential","preferred_foot","role","salary","scoring","set_pieces","stamina","surname","team_id","winger","id") values (?,?,?,?,?,?,?,?,?,?,?,?,?,?,?,?,?,?,?,?,default)
Hibernate: insert into "player" ("birth","cndtion","defending","goalkeeping","moral","name","on_sale","original_team_id","passing","playmaking","potential","preferred_foot","role","salary","scoring","set_pieces","stamina","surname","team_id","winger","id") values (?,?,?,?,?,?,?,?,?,?,?,?,?,?,?,?,?,?,?,?,default)
Hibernate: insert into "player" ("birth","cndtion","defending","goalkeeping","moral","name","on_sale","original_team_id","passing","playmaking","potential","preferred_foot","role","salary","scoring","set_pieces","stamina","surname","team_id","winger","id") values (?,?,?,?,?,?,?,?,?,?,?,?,?,?,?,?,?,?,?,?,default)
Hibernate: insert into "player" ("birth","cndtion","defending","goalkeeping","moral","name","on_sale","original_team_id","passing","playmaking","potential","preferred_foot","role","salary","scoring","set_pieces","stamina","surname","team_id","winger","id") values (?,?,?,?,?,?,?,?,?,?,?,?,?,?,?,?,?,?,?,?,default)
Hibernate: insert into "player" ("birth","cndtion","defending","goalkeeping","moral","name","on_sale","original_team_id","passing","playmaking","potential","preferred_foot","role","salary","scoring","set_pieces","stamina","surname","team_id","winger","id") values (?,?,?,?,?,?,?,?,?,?,?,?,?,?,?,?,?,?,?,?,default)
Hibernate: insert into "player" ("birth","cndtion","defending","goalkeeping","moral","name","on_sale","original_team_id","passing","playmaking","potential","preferred_foot","role","salary","scoring","set_pieces","stamina","surname","team_id","winger","id") values (?,?,?,?,?,?,?,?,?,?,?,?,?,?,?,?,?,?,?,?,default)
Hibernate: insert into "player" ("birth","cndtion","defending","goalkeeping","moral","name","on_sale","original_team_id","passing","playmaking","potential","preferred_foot","role","salary","scoring","set_pieces","stamina","surname","team_id","winger","id") values (?,?,?,?,?,?,?,?,?,?,?,?,?,?,?,?,?,?,?,?,default)
Hibernate: insert into "player" ("birth","cndtion","defending","goalkeeping","moral","name","on_sale","original_team_id","passing","playmaking","potential","preferred_foot","role","salary","scoring","set_pieces","stamina","surname","team_id","winger","id") values (?,?,?,?,?,?,?,?,?,?,?,?,?,?,?,?,?,?,?,?,default)
Hibernate: insert into "player" ("birth","cndtion","defending","goalkeeping","moral","name","on_sale","original_team_id","passing","playmaking","potential","preferred_foot","role","salary","scoring","set_pieces","stamina","surname","team_id","winger","id") values (?,?,?,?,?,?,?,?,?,?,?,?,?,?,?,?,?,?,?,?,default)
Hibernate: insert into "player" ("birth","cndtion","defending","goalkeeping","moral","name","on_sale","original_team_id","passing","playmaking","potential","preferred_foot","role","salary","scoring","set_pieces","stamina","surname","team_id","winger","id") values (?,?,?,?,?,?,?,?,?,?,?,?,?,?,?,?,?,?,?,?,default)
Hibernate: insert into "player" ("birth","cndtion","defending","goalkeeping","moral","name","on_sale","original_team_id","passing","playmaking","potential","preferred_foot","role","salary","scoring","set_pieces","stamina","surname","team_id","winger","id") values (?,?,?,?,?,?,?,?,?,?,?,?,?,?,?,?,?,?,?,?,default)
Hibernate: insert into "player" ("birth","cndtion","defending","goalkeeping","moral","name","on_sale","original_team_id","passing","playmaking","potential","preferred_foot","role","salary","scoring","set_pieces","stamina","surname","team_id","winger","id") values (?,?,?,?,?,?,?,?,?,?,?,?,?,?,?,?,?,?,?,?,default)
Hibernate: insert into "player" ("birth","cndtion","defending","goalkeeping","moral","name","on_sale","original_team_id","passing","playmaking","potential","preferred_foot","role","salary","scoring","set_pieces","stamina","surname","team_id","winger","id") values (?,?,?,?,?,?,?,?,?,?,?,?,?,?,?,?,?,?,?,?,default)
Hibernate: insert into "player" ("birth","cndtion","defending","goalkeeping","moral","name","on_sale","original_team_id","passing","playmaking","potential","preferred_foot","role","salary","scoring","set_pieces","stamina","surname","team_id","winger","id") values (?,?,?,?,?,?,?,?,?,?,?,?,?,?,?,?,?,?,?,?,default)
Hibernate: insert into "player" ("birth","cndtion","defending","goalkeeping","moral","name","on_sale","original_team_id","passing","playmaking","potential","preferred_foot","role","salary","scoring","set_pieces","stamina","surname","team_id","winger","id") values (?,?,?,?,?,?,?,?,?,?,?,?,?,?,?,?,?,?,?,?,default)
Hibernate: insert into "player" ("birth","cndtion","defending","goalkeeping","moral","name","on_sale","original_team_id","passing","playmaking","potential","preferred_foot","role","salary","scoring","set_pieces","stamina","surname","team_id","winger","id") values (?,?,?,?,?,?,?,?,?,?,?,?,?,?,?,?,?,?,?,?,default)
Hibernate: insert into "player" ("birth","cndtion","defending","goalkeeping","moral","name","on_sale","original_team_id","passing","playmaking","potential","preferred_foot","role","salary","scoring","set_pieces","stamina","surname","team_id","winger","id") values (?,?,?,?,?,?,?,?,?,?,?,?,?,?,?,?,?,?,?,?,default)
Hibernate: insert into "player" ("birth","cndtion","defending","goalkeeping","moral","name","on_sale","original_team_id","passing","playmaking","potential","preferred_foot","role","salary","scoring","set_pieces","stamina","surname","team_id","winger","id") values (?,?,?,?,?,?,?,?,?,?,?,?,?,?,?,?,?,?,?,?,default)
Hibernate: insert into "player" ("birth","cndtion","defending","goalkeeping","moral","name","on_sale","original_team_id","passing","playmaking","potential","preferred_foot","role","salary","scoring","set_pieces","stamina","surname","team_id","winger","id") values (?,?,?,?,?,?,?,?,?,?,?,?,?,?,?,?,?,?,?,?,default)
Hibernate: insert into "player" ("birth","cndtion","defending","goalkeeping","moral","name","on_sale","original_team_id","passing","playmaking","potential","preferred_foot","role","salary","scoring","set_pieces","stamina","surname","team_id","winger","id") values (?,?,?,?,?,?,?,?,?,?,?,?,?,?,?,?,?,?,?,?,default)
Hibernate: insert into "player" ("birth","cndtion","defending","goalkeeping","moral","name","on_sale","original_team_id","passing","playmaking","potential","preferred_foot","role","salary","scoring","set_pieces","stamina","surname","team_id","winger","id") values (?,?,?,?,?,?,?,?,?,?,?,?,?,?,?,?,?,?,?,?,default)
Hibernate: insert into "player" ("birth","cndtion","defending","goalkeeping","moral","name","on_sale","original_team_id","passing","playmaking","potential","preferred_foot","role","salary","scoring","set_pieces","stamina","surname","team_id","winger","id") values (?,?,?,?,?,?,?,?,?,?,?,?,?,?,?,?,?,?,?,?,default)
Hibernate: insert into "player" ("birth","cndtion","defending","goalkeeping","moral","name","on_sale","original_team_id","passing","playmaking","potential","preferred_foot","role","salary","scoring","set_pieces","stamina","surname","team_id","winger","id") values (?,?,?,?,?,?,?,?,?,?,?,?,?,?,?,?,?,?,?,?,default)
Hibernate: insert into "club" ("city","finance_id","foundation","league_id","logourl","medical_center_id","name","stadium_id","team_id","training_facility_id","under18_id","youth_academy_id","id") values (?,?,?,?,?,?,?,?,?,?,?,?,default)
Hibernate: insert into "finance" ("balance","debt","facility_maintenance","last_updated","loan_interest","matchday_revenue","merchandise_revenue","monthly_budget","net_worth","operational_costs","player_salaries","prize_money_revenue","profit_margin","season_budget","sponsorship_revenue","staff_salaries","total_expenses","total_revenue","transfer_expenses","transfer_revenue","tv_rights_revenue","id") values (?,?,?,?,?,?,?,?,?,?,?,?,?,?,?,?,?,?,?,?,?,default)
Hibernate: insert into "stadium" ("accessibility_level","atmosphere_multiplier","base_capacity","capacity","construction_cost","facilities_quality","grandstand_est","grandstand_nord","grandstand_sud","grandstand_west","has_media_center","has_megastore","has_museum","has_roof","has_undersoil_heating","has_vip_boxes","last_upgrade_date","maintenance_cost","name","next_maintenance_date","pitch_quality","revenue_multiplier","security_level","upgrade_value","id") values (?,?,?,?,?,?,?,?,?,?,?,?,?,?,?,?,?,?,?,?,?,?,?,?,default)
Hibernate: insert into "team" ("formation_id","id") values (?,default)
Hibernate: insert into "player" ("birth","cndtion","defending","goalkeeping","moral","name","on_sale","original_team_id","passing","playmaking","potential","preferred_foot","role","salary","scoring","set_pieces","stamina","surname","team_id","winger","id") values (?,?,?,?,?,?,?,?,?,?,?,?,?,?,?,?,?,?,?,?,default)
Hibernate: insert into "player" ("birth","cndtion","defending","goalkeeping","moral","name","on_sale","original_team_id","passing","playmaking","potential","preferred_foot","role","salary","scoring","set_pieces","stamina","surname","team_id","winger","id") values (?,?,?,?,?,?,?,?,?,?,?,?,?,?,?,?,?,?,?,?,default)
Hibernate: insert into "player" ("birth","cndtion","defending","goalkeeping","moral","name","on_sale","original_team_id","passing","playmaking","potential","preferred_foot","role","salary","scoring","set_pieces","stamina","surname","team_id","winger","id") values (?,?,?,?,?,?,?,?,?,?,?,?,?,?,?,?,?,?,?,?,default)
Hibernate: insert into "player" ("birth","cndtion","defending","goalkeeping","moral","name","on_sale","original_team_id","passing","playmaking","potential","preferred_foot","role","salary","scoring","set_pieces","stamina","surname","team_id","winger","id") values (?,?,?,?,?,?,?,?,?,?,?,?,?,?,?,?,?,?,?,?,default)
Hibernate: insert into "player" ("birth","cndtion","defending","goalkeeping","moral","name","on_sale","original_team_id","passing","playmaking","potential","preferred_foot","role","salary","scoring","set_pieces","stamina","surname","team_id","winger","id") values (?,?,?,?,?,?,?,?,?,?,?,?,?,?,?,?,?,?,?,?,default)
Hibernate: insert into "player" ("birth","cndtion","defending","goalkeeping","moral","name","on_sale","original_team_id","passing","playmaking","potential","preferred_foot","role","salary","scoring","set_pieces","stamina","surname","team_id","winger","id") values (?,?,?,?,?,?,?,?,?,?,?,?,?,?,?,?,?,?,?,?,default)
Hibernate: insert into "player" ("birth","cndtion","defending","goalkeeping","moral","name","on_sale","original_team_id","passing","playmaking","potential","preferred_foot","role","salary","scoring","set_pieces","stamina","surname","team_id","winger","id") values (?,?,?,?,?,?,?,?,?,?,?,?,?,?,?,?,?,?,?,?,default)
Hibernate: insert into "player" ("birth","cndtion","defending","goalkeeping","moral","name","on_sale","original_team_id","passing","playmaking","potential","preferred_foot","role","salary","scoring","set_pieces","stamina","surname","team_id","winger","id") values (?,?,?,?,?,?,?,?,?,?,?,?,?,?,?,?,?,?,?,?,default)
Hibernate: insert into "player" ("birth","cndtion","defending","goalkeeping","moral","name","on_sale","original_team_id","passing","playmaking","potential","preferred_foot","role","salary","scoring","set_pieces","stamina","surname","team_id","winger","id") values (?,?,?,?,?,?,?,?,?,?,?,?,?,?,?,?,?,?,?,?,default)
Hibernate: insert into "player" ("birth","cndtion","defending","goalkeeping","moral","name","on_sale","original_team_id","passing","playmaking","potential","preferred_foot","role","salary","scoring","set_pieces","stamina","surname","team_id","winger","id") values (?,?,?,?,?,?,?,?,?,?,?,?,?,?,?,?,?,?,?,?,default)
Hibernate: insert into "player" ("birth","cndtion","defending","goalkeeping","moral","name","on_sale","original_team_id","passing","playmaking","potential","preferred_foot","role","salary","scoring","set_pieces","stamina","surname","team_id","winger","id") values (?,?,?,?,?,?,?,?,?,?,?,?,?,?,?,?,?,?,?,?,default)
Hibernate: insert into "player" ("birth","cndtion","defending","goalkeeping","moral","name","on_sale","original_team_id","passing","playmaking","potential","preferred_foot","role","salary","scoring","set_pieces","stamina","surname","team_id","winger","id") values (?,?,?,?,?,?,?,?,?,?,?,?,?,?,?,?,?,?,?,?,default)
Hibernate: insert into "player" ("birth","cndtion","defending","goalkeeping","moral","name","on_sale","original_team_id","passing","playmaking","potential","preferred_foot","role","salary","scoring","set_pieces","stamina","surname","team_id","winger","id") values (?,?,?,?,?,?,?,?,?,?,?,?,?,?,?,?,?,?,?,?,default)
Hibernate: insert into "player" ("birth","cndtion","defending","goalkeeping","moral","name","on_sale","original_team_id","passing","playmaking","potential","preferred_foot","role","salary","scoring","set_pieces","stamina","surname","team_id","winger","id") values (?,?,?,?,?,?,?,?,?,?,?,?,?,?,?,?,?,?,?,?,default)
Hibernate: insert into "player" ("birth","cndtion","defending","goalkeeping","moral","name","on_sale","original_team_id","passing","playmaking","potential","preferred_foot","role","salary","scoring","set_pieces","stamina","surname","team_id","winger","id") values (?,?,?,?,?,?,?,?,?,?,?,?,?,?,?,?,?,?,?,?,default)
Hibernate: insert into "player" ("birth","cndtion","defending","goalkeeping","moral","name","on_sale","original_team_id","passing","playmaking","potential","preferred_foot","role","salary","scoring","set_pieces","stamina","surname","team_id","winger","id") values (?,?,?,?,?,?,?,?,?,?,?,?,?,?,?,?,?,?,?,?,default)
Hibernate: insert into "player" ("birth","cndtion","defending","goalkeeping","moral","name","on_sale","original_team_id","passing","playmaking","potential","preferred_foot","role","salary","scoring","set_pieces","stamina","surname","team_id","winger","id") values (?,?,?,?,?,?,?,?,?,?,?,?,?,?,?,?,?,?,?,?,default)
Hibernate: insert into "player" ("birth","cndtion","defending","goalkeeping","moral","name","on_sale","original_team_id","passing","playmaking","potential","preferred_foot","role","salary","scoring","set_pieces","stamina","surname","team_id","winger","id") values (?,?,?,?,?,?,?,?,?,?,?,?,?,?,?,?,?,?,?,?,default)
Hibernate: insert into "player" ("birth","cndtion","defending","goalkeeping","moral","name","on_sale","original_team_id","passing","playmaking","potential","preferred_foot","role","salary","scoring","set_pieces","stamina","surname","team_id","winger","id") values (?,?,?,?,?,?,?,?,?,?,?,?,?,?,?,?,?,?,?,?,default)
Hibernate: insert into "player" ("birth","cndtion","defending","goalkeeping","moral","name","on_sale","original_team_id","passing","playmaking","potential","preferred_foot","role","salary","scoring","set_pieces","stamina","surname","team_id","winger","id") values (?,?,?,?,?,?,?,?,?,?,?,?,?,?,?,?,?,?,?,?,default)
Hibernate: insert into "player" ("birth","cndtion","defending","goalkeeping","moral","name","on_sale","original_team_id","passing","playmaking","potential","preferred_foot","role","salary","scoring","set_pieces","stamina","surname","team_id","winger","id") values (?,?,?,?,?,?,?,?,?,?,?,?,?,?,?,?,?,?,?,?,default)
Hibernate: insert into "player" ("birth","cndtion","defending","goalkeeping","moral","name","on_sale","original_team_id","passing","playmaking","potential","preferred_foot","role","salary","scoring","set_pieces","stamina","surname","team_id","winger","id") values (?,?,?,?,?,?,?,?,?,?,?,?,?,?,?,?,?,?,?,?,default)
Hibernate: insert into "player" ("birth","cndtion","defending","goalkeeping","moral","name","on_sale","original_team_id","passing","playmaking","potential","preferred_foot","role","salary","scoring","set_pieces","stamina","surname","team_id","winger","id") values (?,?,?,?,?,?,?,?,?,?,?,?,?,?,?,?,?,?,?,?,default)
Hibernate: insert into "club" ("city","finance_id","foundation","league_id","logourl","medical_center_id","name","stadium_id","team_id","training_facility_id","under18_id","youth_academy_id","id") values (?,?,?,?,?,?,?,?,?,?,?,?,default)
Hibernate: insert into "finance" ("balance","debt","facility_maintenance","last_updated","loan_interest","matchday_revenue","merchandise_revenue","monthly_budget","net_worth","operational_costs","player_salaries","prize_money_revenue","profit_margin","season_budget","sponsorship_revenue","staff_salaries","total_expenses","total_revenue","transfer_expenses","transfer_revenue","tv_rights_revenue","id") values (?,?,?,?,?,?,?,?,?,?,?,?,?,?,?,?,?,?,?,?,?,default)
Hibernate: insert into "stadium" ("accessibility_level","atmosphere_multiplier","base_capacity","capacity","construction_cost","facilities_quality","grandstand_est","grandstand_nord","grandstand_sud","grandstand_west","has_media_center","has_megastore","has_museum","has_roof","has_undersoil_heating","has_vip_boxes","last_upgrade_date","maintenance_cost","name","next_maintenance_date","pitch_quality","revenue_multiplier","security_level","upgrade_value","id") values (?,?,?,?,?,?,?,?,?,?,?,?,?,?,?,?,?,?,?,?,?,?,?,?,default)
Hibernate: insert into "team" ("formation_id","id") values (?,default)
Hibernate: insert into "player" ("birth","cndtion","defending","goalkeeping","moral","name","on_sale","original_team_id","passing","playmaking","potential","preferred_foot","role","salary","scoring","set_pieces","stamina","surname","team_id","winger","id") values (?,?,?,?,?,?,?,?,?,?,?,?,?,?,?,?,?,?,?,?,default)
Hibernate: insert into "player" ("birth","cndtion","defending","goalkeeping","moral","name","on_sale","original_team_id","passing","playmaking","potential","preferred_foot","role","salary","scoring","set_pieces","stamina","surname","team_id","winger","id") values (?,?,?,?,?,?,?,?,?,?,?,?,?,?,?,?,?,?,?,?,default)
Hibernate: insert into "player" ("birth","cndtion","defending","goalkeeping","moral","name","on_sale","original_team_id","passing","playmaking","potential","preferred_foot","role","salary","scoring","set_pieces","stamina","surname","team_id","winger","id") values (?,?,?,?,?,?,?,?,?,?,?,?,?,?,?,?,?,?,?,?,default)
Hibernate: insert into "player" ("birth","cndtion","defending","goalkeeping","moral","name","on_sale","original_team_id","passing","playmaking","potential","preferred_foot","role","salary","scoring","set_pieces","stamina","surname","team_id","winger","id") values (?,?,?,?,?,?,?,?,?,?,?,?,?,?,?,?,?,?,?,?,default)
Hibernate: insert into "player" ("birth","cndtion","defending","goalkeeping","moral","name","on_sale","original_team_id","passing","playmaking","potential","preferred_foot","role","salary","scoring","set_pieces","stamina","surname","team_id","winger","id") values (?,?,?,?,?,?,?,?,?,?,?,?,?,?,?,?,?,?,?,?,default)
Hibernate: insert into "player" ("birth","cndtion","defending","goalkeeping","moral","name","on_sale","original_team_id","passing","playmaking","potential","preferred_foot","role","salary","scoring","set_pieces","stamina","surname","team_id","winger","id") values (?,?,?,?,?,?,?,?,?,?,?,?,?,?,?,?,?,?,?,?,default)
Hibernate: insert into "player" ("birth","cndtion","defending","goalkeeping","moral","name","on_sale","original_team_id","passing","playmaking","potential","preferred_foot","role","salary","scoring","set_pieces","stamina","surname","team_id","winger","id") values (?,?,?,?,?,?,?,?,?,?,?,?,?,?,?,?,?,?,?,?,default)
Hibernate: insert into "player" ("birth","cndtion","defending","goalkeeping","moral","name","on_sale","original_team_id","passing","playmaking","potential","preferred_foot","role","salary","scoring","set_pieces","stamina","surname","team_id","winger","id") values (?,?,?,?,?,?,?,?,?,?,?,?,?,?,?,?,?,?,?,?,default)
Hibernate: insert into "player" ("birth","cndtion","defending","goalkeeping","moral","name","on_sale","original_team_id","passing","playmaking","potential","preferred_foot","role","salary","scoring","set_pieces","stamina","surname","team_id","winger","id") values (?,?,?,?,?,?,?,?,?,?,?,?,?,?,?,?,?,?,?,?,default)
Hibernate: insert into "player" ("birth","cndtion","defending","goalkeeping","moral","name","on_sale","original_team_id","passing","playmaking","potential","preferred_foot","role","salary","scoring","set_pieces","stamina","surname","team_id","winger","id") values (?,?,?,?,?,?,?,?,?,?,?,?,?,?,?,?,?,?,?,?,default)
Hibernate: insert into "player" ("birth","cndtion","defending","goalkeeping","moral","name","on_sale","original_team_id","passing","playmaking","potential","preferred_foot","role","salary","scoring","set_pieces","stamina","surname","team_id","winger","id") values (?,?,?,?,?,?,?,?,?,?,?,?,?,?,?,?,?,?,?,?,default)
Hibernate: insert into "player" ("birth","cndtion","defending","goalkeeping","moral","name","on_sale","original_team_id","passing","playmaking","potential","preferred_foot","role","salary","scoring","set_pieces","stamina","surname","team_id","winger","id") values (?,?,?,?,?,?,?,?,?,?,?,?,?,?,?,?,?,?,?,?,default)
Hibernate: insert into "player" ("birth","cndtion","defending","goalkeeping","moral","name","on_sale","original_team_id","passing","playmaking","potential","preferred_foot","role","salary","scoring","set_pieces","stamina","surname","team_id","winger","id") values (?,?,?,?,?,?,?,?,?,?,?,?,?,?,?,?,?,?,?,?,default)
Hibernate: insert into "player" ("birth","cndtion","defending","goalkeeping","moral","name","on_sale","original_team_id","passing","playmaking","potential","preferred_foot","role","salary","scoring","set_pieces","stamina","surname","team_id","winger","id") values (?,?,?,?,?,?,?,?,?,?,?,?,?,?,?,?,?,?,?,?,default)
Hibernate: insert into "player" ("birth","cndtion","defending","goalkeeping","moral","name","on_sale","original_team_id","passing","playmaking","potential","preferred_foot","role","salary","scoring","set_pieces","stamina","surname","team_id","winger","id") values (?,?,?,?,?,?,?,?,?,?,?,?,?,?,?,?,?,?,?,?,default)
Hibernate: insert into "player" ("birth","cndtion","defending","goalkeeping","moral","name","on_sale","original_team_id","passing","playmaking","potential","preferred_foot","role","salary","scoring","set_pieces","stamina","surname","team_id","winger","id") values (?,?,?,?,?,?,?,?,?,?,?,?,?,?,?,?,?,?,?,?,default)
Hibernate: insert into "player" ("birth","cndtion","defending","goalkeeping","moral","name","on_sale","original_team_id","passing","playmaking","potential","preferred_foot","role","salary","scoring","set_pieces","stamina","surname","team_id","winger","id") values (?,?,?,?,?,?,?,?,?,?,?,?,?,?,?,?,?,?,?,?,default)
Hibernate: insert into "player" ("birth","cndtion","defending","goalkeeping","moral","name","on_sale","original_team_id","passing","playmaking","potential","preferred_foot","role","salary","scoring","set_pieces","stamina","surname","team_id","winger","id") values (?,?,?,?,?,?,?,?,?,?,?,?,?,?,?,?,?,?,?,?,default)
Hibernate: insert into "player" ("birth","cndtion","defending","goalkeeping","moral","name","on_sale","original_team_id","passing","playmaking","potential","preferred_foot","role","salary","scoring","set_pieces","stamina","surname","team_id","winger","id") values (?,?,?,?,?,?,?,?,?,?,?,?,?,?,?,?,?,?,?,?,default)
Hibernate: insert into "player" ("birth","cndtion","defending","goalkeeping","moral","name","on_sale","original_team_id","passing","playmaking","potential","preferred_foot","role","salary","scoring","set_pieces","stamina","surname","team_id","winger","id") values (?,?,?,?,?,?,?,?,?,?,?,?,?,?,?,?,?,?,?,?,default)
Hibernate: insert into "player" ("birth","cndtion","defending","goalkeeping","moral","name","on_sale","original_team_id","passing","playmaking","potential","preferred_foot","role","salary","scoring","set_pieces","stamina","surname","team_id","winger","id") values (?,?,?,?,?,?,?,?,?,?,?,?,?,?,?,?,?,?,?,?,default)
Hibernate: insert into "player" ("birth","cndtion","defending","goalkeeping","moral","name","on_sale","original_team_id","passing","playmaking","potential","preferred_foot","role","salary","scoring","set_pieces","stamina","surname","team_id","winger","id") values (?,?,?,?,?,?,?,?,?,?,?,?,?,?,?,?,?,?,?,?,default)
Hibernate: insert into "player" ("birth","cndtion","defending","goalkeeping","moral","name","on_sale","original_team_id","passing","playmaking","potential","preferred_foot","role","salary","scoring","set_pieces","stamina","surname","team_id","winger","id") values (?,?,?,?,?,?,?,?,?,?,?,?,?,?,?,?,?,?,?,?,default)
Hibernate: insert into "club" ("city","finance_id","foundation","league_id","logourl","medical_center_id","name","stadium_id","team_id","training_facility_id","under18_id","youth_academy_id","id") values (?,?,?,?,?,?,?,?,?,?,?,?,default)
Hibernate: insert into "finance" ("balance","debt","facility_maintenance","last_updated","loan_interest","matchday_revenue","merchandise_revenue","monthly_budget","net_worth","operational_costs","player_salaries","prize_money_revenue","profit_margin","season_budget","sponsorship_revenue","staff_salaries","total_expenses","total_revenue","transfer_expenses","transfer_revenue","tv_rights_revenue","id") values (?,?,?,?,?,?,?,?,?,?,?,?,?,?,?,?,?,?,?,?,?,default)
Hibernate: insert into "stadium" ("accessibility_level","atmosphere_multiplier","base_capacity","capacity","construction_cost","facilities_quality","grandstand_est","grandstand_nord","grandstand_sud","grandstand_west","has_media_center","has_megastore","has_museum","has_roof","has_undersoil_heating","has_vip_boxes","last_upgrade_date","maintenance_cost","name","next_maintenance_date","pitch_quality","revenue_multiplier","security_level","upgrade_value","id") values (?,?,?,?,?,?,?,?,?,?,?,?,?,?,?,?,?,?,?,?,?,?,?,?,default)
Hibernate: insert into "team" ("formation_id","id") values (?,default)
Hibernate: insert into "player" ("birth","cndtion","defending","goalkeeping","moral","name","on_sale","original_team_id","passing","playmaking","potential","preferred_foot","role","salary","scoring","set_pieces","stamina","surname","team_id","winger","id") values (?,?,?,?,?,?,?,?,?,?,?,?,?,?,?,?,?,?,?,?,default)
Hibernate: insert into "player" ("birth","cndtion","defending","goalkeeping","moral","name","on_sale","original_team_id","passing","playmaking","potential","preferred_foot","role","salary","scoring","set_pieces","stamina","surname","team_id","winger","id") values (?,?,?,?,?,?,?,?,?,?,?,?,?,?,?,?,?,?,?,?,default)
Hibernate: insert into "player" ("birth","cndtion","defending","goalkeeping","moral","name","on_sale","original_team_id","passing","playmaking","potential","preferred_foot","role","salary","scoring","set_pieces","stamina","surname","team_id","winger","id") values (?,?,?,?,?,?,?,?,?,?,?,?,?,?,?,?,?,?,?,?,default)
Hibernate: insert into "player" ("birth","cndtion","defending","goalkeeping","moral","name","on_sale","original_team_id","passing","playmaking","potential","preferred_foot","role","salary","scoring","set_pieces","stamina","surname","team_id","winger","id") values (?,?,?,?,?,?,?,?,?,?,?,?,?,?,?,?,?,?,?,?,default)
Hibernate: insert into "player" ("birth","cndtion","defending","goalkeeping","moral","name","on_sale","original_team_id","passing","playmaking","potential","preferred_foot","role","salary","scoring","set_pieces","stamina","surname","team_id","winger","id") values (?,?,?,?,?,?,?,?,?,?,?,?,?,?,?,?,?,?,?,?,default)
Hibernate: insert into "player" ("birth","cndtion","defending","goalkeeping","moral","name","on_sale","original_team_id","passing","playmaking","potential","preferred_foot","role","salary","scoring","set_pieces","stamina","surname","team_id","winger","id") values (?,?,?,?,?,?,?,?,?,?,?,?,?,?,?,?,?,?,?,?,default)
Hibernate: insert into "player" ("birth","cndtion","defending","goalkeeping","moral","name","on_sale","original_team_id","passing","playmaking","potential","preferred_foot","role","salary","scoring","set_pieces","stamina","surname","team_id","winger","id") values (?,?,?,?,?,?,?,?,?,?,?,?,?,?,?,?,?,?,?,?,default)
Hibernate: insert into "player" ("birth","cndtion","defending","goalkeeping","moral","name","on_sale","original_team_id","passing","playmaking","potential","preferred_foot","role","salary","scoring","set_pieces","stamina","surname","team_id","winger","id") values (?,?,?,?,?,?,?,?,?,?,?,?,?,?,?,?,?,?,?,?,default)
Hibernate: insert into "player" ("birth","cndtion","defending","goalkeeping","moral","name","on_sale","original_team_id","passing","playmaking","potential","preferred_foot","role","salary","scoring","set_pieces","stamina","surname","team_id","winger","id") values (?,?,?,?,?,?,?,?,?,?,?,?,?,?,?,?,?,?,?,?,default)
Hibernate: insert into "player" ("birth","cndtion","defending","goalkeeping","moral","name","on_sale","original_team_id","passing","playmaking","potential","preferred_foot","role","salary","scoring","set_pieces","stamina","surname","team_id","winger","id") values (?,?,?,?,?,?,?,?,?,?,?,?,?,?,?,?,?,?,?,?,default)
Hibernate: insert into "player" ("birth","cndtion","defending","goalkeeping","moral","name","on_sale","original_team_id","passing","playmaking","potential","preferred_foot","role","salary","scoring","set_pieces","stamina","surname","team_id","winger","id") values (?,?,?,?,?,?,?,?,?,?,?,?,?,?,?,?,?,?,?,?,default)
Hibernate: insert into "player" ("birth","cndtion","defending","goalkeeping","moral","name","on_sale","original_team_id","passing","playmaking","potential","preferred_foot","role","salary","scoring","set_pieces","stamina","surname","team_id","winger","id") values (?,?,?,?,?,?,?,?,?,?,?,?,?,?,?,?,?,?,?,?,default)
Hibernate: insert into "player" ("birth","cndtion","defending","goalkeeping","moral","name","on_sale","original_team_id","passing","playmaking","potential","preferred_foot","role","salary","scoring","set_pieces","stamina","surname","team_id","winger","id") values (?,?,?,?,?,?,?,?,?,?,?,?,?,?,?,?,?,?,?,?,default)
Hibernate: insert into "player" ("birth","cndtion","defending","goalkeeping","moral","name","on_sale","original_team_id","passing","playmaking","potential","preferred_foot","role","salary","scoring","set_pieces","stamina","surname","team_id","winger","id") values (?,?,?,?,?,?,?,?,?,?,?,?,?,?,?,?,?,?,?,?,default)
Hibernate: insert into "player" ("birth","cndtion","defending","goalkeeping","moral","name","on_sale","original_team_id","passing","playmaking","potential","preferred_foot","role","salary","scoring","set_pieces","stamina","surname","team_id","winger","id") values (?,?,?,?,?,?,?,?,?,?,?,?,?,?,?,?,?,?,?,?,default)
Hibernate: insert into "player" ("birth","cndtion","defending","goalkeeping","moral","name","on_sale","original_team_id","passing","playmaking","potential","preferred_foot","role","salary","scoring","set_pieces","stamina","surname","team_id","winger","id") values (?,?,?,?,?,?,?,?,?,?,?,?,?,?,?,?,?,?,?,?,default)
Hibernate: insert into "player" ("birth","cndtion","defending","goalkeeping","moral","name","on_sale","original_team_id","passing","playmaking","potential","preferred_foot","role","salary","scoring","set_pieces","stamina","surname","team_id","winger","id") values (?,?,?,?,?,?,?,?,?,?,?,?,?,?,?,?,?,?,?,?,default)
Hibernate: insert into "player" ("birth","cndtion","defending","goalkeeping","moral","name","on_sale","original_team_id","passing","playmaking","potential","preferred_foot","role","salary","scoring","set_pieces","stamina","surname","team_id","winger","id") values (?,?,?,?,?,?,?,?,?,?,?,?,?,?,?,?,?,?,?,?,default)
Hibernate: insert into "player" ("birth","cndtion","defending","goalkeeping","moral","name","on_sale","original_team_id","passing","playmaking","potential","preferred_foot","role","salary","scoring","set_pieces","stamina","surname","team_id","winger","id") values (?,?,?,?,?,?,?,?,?,?,?,?,?,?,?,?,?,?,?,?,default)
Hibernate: insert into "player" ("birth","cndtion","defending","goalkeeping","moral","name","on_sale","original_team_id","passing","playmaking","potential","preferred_foot","role","salary","scoring","set_pieces","stamina","surname","team_id","winger","id") values (?,?,?,?,?,?,?,?,?,?,?,?,?,?,?,?,?,?,?,?,default)
Hibernate: insert into "player" ("birth","cndtion","defending","goalkeeping","moral","name","on_sale","original_team_id","passing","playmaking","potential","preferred_foot","role","salary","scoring","set_pieces","stamina","surname","team_id","winger","id") values (?,?,?,?,?,?,?,?,?,?,?,?,?,?,?,?,?,?,?,?,default)
Hibernate: insert into "player" ("birth","cndtion","defending","goalkeeping","moral","name","on_sale","original_team_id","passing","playmaking","potential","preferred_foot","role","salary","scoring","set_pieces","stamina","surname","team_id","winger","id") values (?,?,?,?,?,?,?,?,?,?,?,?,?,?,?,?,?,?,?,?,default)
Hibernate: insert into "player" ("birth","cndtion","defending","goalkeeping","moral","name","on_sale","original_team_id","passing","playmaking","potential","preferred_foot","role","salary","scoring","set_pieces","stamina","surname","team_id","winger","id") values (?,?,?,?,?,?,?,?,?,?,?,?,?,?,?,?,?,?,?,?,default)
Hibernate: insert into "club" ("city","finance_id","foundation","league_id","logourl","medical_center_id","name","stadium_id","team_id","training_facility_id","under18_id","youth_academy_id","id") values (?,?,?,?,?,?,?,?,?,?,?,?,default)
Hibernate: insert into "finance" ("balance","debt","facility_maintenance","last_updated","loan_interest","matchday_revenue","merchandise_revenue","monthly_budget","net_worth","operational_costs","player_salaries","prize_money_revenue","profit_margin","season_budget","sponsorship_revenue","staff_salaries","total_expenses","total_revenue","transfer_expenses","transfer_revenue","tv_rights_revenue","id") values (?,?,?,?,?,?,?,?,?,?,?,?,?,?,?,?,?,?,?,?,?,default)
Hibernate: insert into "stadium" ("accessibility_level","atmosphere_multiplier","base_capacity","capacity","construction_cost","facilities_quality","grandstand_est","grandstand_nord","grandstand_sud","grandstand_west","has_media_center","has_megastore","has_museum","has_roof","has_undersoil_heating","has_vip_boxes","last_upgrade_date","maintenance_cost","name","next_maintenance_date","pitch_quality","revenue_multiplier","security_level","upgrade_value","id") values (?,?,?,?,?,?,?,?,?,?,?,?,?,?,?,?,?,?,?,?,?,?,?,?,default)
Hibernate: insert into "team" ("formation_id","id") values (?,default)
Hibernate: insert into "player" ("birth","cndtion","defending","goalkeeping","moral","name","on_sale","original_team_id","passing","playmaking","potential","preferred_foot","role","salary","scoring","set_pieces","stamina","surname","team_id","winger","id") values (?,?,?,?,?,?,?,?,?,?,?,?,?,?,?,?,?,?,?,?,default)
Hibernate: insert into "player" ("birth","cndtion","defending","goalkeeping","moral","name","on_sale","original_team_id","passing","playmaking","potential","preferred_foot","role","salary","scoring","set_pieces","stamina","surname","team_id","winger","id") values (?,?,?,?,?,?,?,?,?,?,?,?,?,?,?,?,?,?,?,?,default)
Hibernate: insert into "player" ("birth","cndtion","defending","goalkeeping","moral","name","on_sale","original_team_id","passing","playmaking","potential","preferred_foot","role","salary","scoring","set_pieces","stamina","surname","team_id","winger","id") values (?,?,?,?,?,?,?,?,?,?,?,?,?,?,?,?,?,?,?,?,default)
Hibernate: insert into "player" ("birth","cndtion","defending","goalkeeping","moral","name","on_sale","original_team_id","passing","playmaking","potential","preferred_foot","role","salary","scoring","set_pieces","stamina","surname","team_id","winger","id") values (?,?,?,?,?,?,?,?,?,?,?,?,?,?,?,?,?,?,?,?,default)
Hibernate: insert into "player" ("birth","cndtion","defending","goalkeeping","moral","name","on_sale","original_team_id","passing","playmaking","potential","preferred_foot","role","salary","scoring","set_pieces","stamina","surname","team_id","winger","id") values (?,?,?,?,?,?,?,?,?,?,?,?,?,?,?,?,?,?,?,?,default)
Hibernate: insert into "player" ("birth","cndtion","defending","goalkeeping","moral","name","on_sale","original_team_id","passing","playmaking","potential","preferred_foot","role","salary","scoring","set_pieces","stamina","surname","team_id","winger","id") values (?,?,?,?,?,?,?,?,?,?,?,?,?,?,?,?,?,?,?,?,default)
Hibernate: insert into "player" ("birth","cndtion","defending","goalkeeping","moral","name","on_sale","original_team_id","passing","playmaking","potential","preferred_foot","role","salary","scoring","set_pieces","stamina","surname","team_id","winger","id") values (?,?,?,?,?,?,?,?,?,?,?,?,?,?,?,?,?,?,?,?,default)
Hibernate: insert into "player" ("birth","cndtion","defending","goalkeeping","moral","name","on_sale","original_team_id","passing","playmaking","potential","preferred_foot","role","salary","scoring","set_pieces","stamina","surname","team_id","winger","id") values (?,?,?,?,?,?,?,?,?,?,?,?,?,?,?,?,?,?,?,?,default)
Hibernate: insert into "player" ("birth","cndtion","defending","goalkeeping","moral","name","on_sale","original_team_id","passing","playmaking","potential","preferred_foot","role","salary","scoring","set_pieces","stamina","surname","team_id","winger","id") values (?,?,?,?,?,?,?,?,?,?,?,?,?,?,?,?,?,?,?,?,default)
Hibernate: insert into "player" ("birth","cndtion","defending","goalkeeping","moral","name","on_sale","original_team_id","passing","playmaking","potential","preferred_foot","role","salary","scoring","set_pieces","stamina","surname","team_id","winger","id") values (?,?,?,?,?,?,?,?,?,?,?,?,?,?,?,?,?,?,?,?,default)
Hibernate: insert into "player" ("birth","cndtion","defending","goalkeeping","moral","name","on_sale","original_team_id","passing","playmaking","potential","preferred_foot","role","salary","scoring","set_pieces","stamina","surname","team_id","winger","id") values (?,?,?,?,?,?,?,?,?,?,?,?,?,?,?,?,?,?,?,?,default)
Hibernate: insert into "player" ("birth","cndtion","defending","goalkeeping","moral","name","on_sale","original_team_id","passing","playmaking","potential","preferred_foot","role","salary","scoring","set_pieces","stamina","surname","team_id","winger","id") values (?,?,?,?,?,?,?,?,?,?,?,?,?,?,?,?,?,?,?,?,default)
Hibernate: insert into "player" ("birth","cndtion","defending","goalkeeping","moral","name","on_sale","original_team_id","passing","playmaking","potential","preferred_foot","role","salary","scoring","set_pieces","stamina","surname","team_id","winger","id") values (?,?,?,?,?,?,?,?,?,?,?,?,?,?,?,?,?,?,?,?,default)
Hibernate: insert into "player" ("birth","cndtion","defending","goalkeeping","moral","name","on_sale","original_team_id","passing","playmaking","potential","preferred_foot","role","salary","scoring","set_pieces","stamina","surname","team_id","winger","id") values (?,?,?,?,?,?,?,?,?,?,?,?,?,?,?,?,?,?,?,?,default)
Hibernate: insert into "player" ("birth","cndtion","defending","goalkeeping","moral","name","on_sale","original_team_id","passing","playmaking","potential","preferred_foot","role","salary","scoring","set_pieces","stamina","surname","team_id","winger","id") values (?,?,?,?,?,?,?,?,?,?,?,?,?,?,?,?,?,?,?,?,default)
Hibernate: insert into "player" ("birth","cndtion","defending","goalkeeping","moral","name","on_sale","original_team_id","passing","playmaking","potential","preferred_foot","role","salary","scoring","set_pieces","stamina","surname","team_id","winger","id") values (?,?,?,?,?,?,?,?,?,?,?,?,?,?,?,?,?,?,?,?,default)
Hibernate: insert into "player" ("birth","cndtion","defending","goalkeeping","moral","name","on_sale","original_team_id","passing","playmaking","potential","preferred_foot","role","salary","scoring","set_pieces","stamina","surname","team_id","winger","id") values (?,?,?,?,?,?,?,?,?,?,?,?,?,?,?,?,?,?,?,?,default)
Hibernate: insert into "player" ("birth","cndtion","defending","goalkeeping","moral","name","on_sale","original_team_id","passing","playmaking","potential","preferred_foot","role","salary","scoring","set_pieces","stamina","surname","team_id","winger","id") values (?,?,?,?,?,?,?,?,?,?,?,?,?,?,?,?,?,?,?,?,default)
Hibernate: insert into "player" ("birth","cndtion","defending","goalkeeping","moral","name","on_sale","original_team_id","passing","playmaking","potential","preferred_foot","role","salary","scoring","set_pieces","stamina","surname","team_id","winger","id") values (?,?,?,?,?,?,?,?,?,?,?,?,?,?,?,?,?,?,?,?,default)
Hibernate: insert into "player" ("birth","cndtion","defending","goalkeeping","moral","name","on_sale","original_team_id","passing","playmaking","potential","preferred_foot","role","salary","scoring","set_pieces","stamina","surname","team_id","winger","id") values (?,?,?,?,?,?,?,?,?,?,?,?,?,?,?,?,?,?,?,?,default)
Hibernate: insert into "player" ("birth","cndtion","defending","goalkeeping","moral","name","on_sale","original_team_id","passing","playmaking","potential","preferred_foot","role","salary","scoring","set_pieces","stamina","surname","team_id","winger","id") values (?,?,?,?,?,?,?,?,?,?,?,?,?,?,?,?,?,?,?,?,default)
Hibernate: insert into "player" ("birth","cndtion","defending","goalkeeping","moral","name","on_sale","original_team_id","passing","playmaking","potential","preferred_foot","role","salary","scoring","set_pieces","stamina","surname","team_id","winger","id") values (?,?,?,?,?,?,?,?,?,?,?,?,?,?,?,?,?,?,?,?,default)
Hibernate: insert into "player" ("birth","cndtion","defending","goalkeeping","moral","name","on_sale","original_team_id","passing","playmaking","potential","preferred_foot","role","salary","scoring","set_pieces","stamina","surname","team_id","winger","id") values (?,?,?,?,?,?,?,?,?,?,?,?,?,?,?,?,?,?,?,?,default)
Hibernate: insert into "club" ("city","finance_id","foundation","league_id","logourl","medical_center_id","name","stadium_id","team_id","training_facility_id","under18_id","youth_academy_id","id") values (?,?,?,?,?,?,?,?,?,?,?,?,default)
Hibernate: insert into "finance" ("balance","debt","facility_maintenance","last_updated","loan_interest","matchday_revenue","merchandise_revenue","monthly_budget","net_worth","operational_costs","player_salaries","prize_money_revenue","profit_margin","season_budget","sponsorship_revenue","staff_salaries","total_expenses","total_revenue","transfer_expenses","transfer_revenue","tv_rights_revenue","id") values (?,?,?,?,?,?,?,?,?,?,?,?,?,?,?,?,?,?,?,?,?,default)
Hibernate: insert into "stadium" ("accessibility_level","atmosphere_multiplier","base_capacity","capacity","construction_cost","facilities_quality","grandstand_est","grandstand_nord","grandstand_sud","grandstand_west","has_media_center","has_megastore","has_museum","has_roof","has_undersoil_heating","has_vip_boxes","last_upgrade_date","maintenance_cost","name","next_maintenance_date","pitch_quality","revenue_multiplier","security_level","upgrade_value","id") values (?,?,?,?,?,?,?,?,?,?,?,?,?,?,?,?,?,?,?,?,?,?,?,?,default)
Hibernate: insert into "team" ("formation_id","id") values (?,default)
Hibernate: insert into "player" ("birth","cndtion","defending","goalkeeping","moral","name","on_sale","original_team_id","passing","playmaking","potential","preferred_foot","role","salary","scoring","set_pieces","stamina","surname","team_id","winger","id") values (?,?,?,?,?,?,?,?,?,?,?,?,?,?,?,?,?,?,?,?,default)
Hibernate: insert into "player" ("birth","cndtion","defending","goalkeeping","moral","name","on_sale","original_team_id","passing","playmaking","potential","preferred_foot","role","salary","scoring","set_pieces","stamina","surname","team_id","winger","id") values (?,?,?,?,?,?,?,?,?,?,?,?,?,?,?,?,?,?,?,?,default)
Hibernate: insert into "player" ("birth","cndtion","defending","goalkeeping","moral","name","on_sale","original_team_id","passing","playmaking","potential","preferred_foot","role","salary","scoring","set_pieces","stamina","surname","team_id","winger","id") values (?,?,?,?,?,?,?,?,?,?,?,?,?,?,?,?,?,?,?,?,default)
Hibernate: insert into "player" ("birth","cndtion","defending","goalkeeping","moral","name","on_sale","original_team_id","passing","playmaking","potential","preferred_foot","role","salary","scoring","set_pieces","stamina","surname","team_id","winger","id") values (?,?,?,?,?,?,?,?,?,?,?,?,?,?,?,?,?,?,?,?,default)
Hibernate: insert into "player" ("birth","cndtion","defending","goalkeeping","moral","name","on_sale","original_team_id","passing","playmaking","potential","preferred_foot","role","salary","scoring","set_pieces","stamina","surname","team_id","winger","id") values (?,?,?,?,?,?,?,?,?,?,?,?,?,?,?,?,?,?,?,?,default)
Hibernate: insert into "player" ("birth","cndtion","defending","goalkeeping","moral","name","on_sale","original_team_id","passing","playmaking","potential","preferred_foot","role","salary","scoring","set_pieces","stamina","surname","team_id","winger","id") values (?,?,?,?,?,?,?,?,?,?,?,?,?,?,?,?,?,?,?,?,default)
Hibernate: insert into "player" ("birth","cndtion","defending","goalkeeping","moral","name","on_sale","original_team_id","passing","playmaking","potential","preferred_foot","role","salary","scoring","set_pieces","stamina","surname","team_id","winger","id") values (?,?,?,?,?,?,?,?,?,?,?,?,?,?,?,?,?,?,?,?,default)
Hibernate: insert into "player" ("birth","cndtion","defending","goalkeeping","moral","name","on_sale","original_team_id","passing","playmaking","potential","preferred_foot","role","salary","scoring","set_pieces","stamina","surname","team_id","winger","id") values (?,?,?,?,?,?,?,?,?,?,?,?,?,?,?,?,?,?,?,?,default)
Hibernate: insert into "player" ("birth","cndtion","defending","goalkeeping","moral","name","on_sale","original_team_id","passing","playmaking","potential","preferred_foot","role","salary","scoring","set_pieces","stamina","surname","team_id","winger","id") values (?,?,?,?,?,?,?,?,?,?,?,?,?,?,?,?,?,?,?,?,default)
Hibernate: insert into "player" ("birth","cndtion","defending","goalkeeping","moral","name","on_sale","original_team_id","passing","playmaking","potential","preferred_foot","role","salary","scoring","set_pieces","stamina","surname","team_id","winger","id") values (?,?,?,?,?,?,?,?,?,?,?,?,?,?,?,?,?,?,?,?,default)
Hibernate: insert into "player" ("birth","cndtion","defending","goalkeeping","moral","name","on_sale","original_team_id","passing","playmaking","potential","preferred_foot","role","salary","scoring","set_pieces","stamina","surname","team_id","winger","id") values (?,?,?,?,?,?,?,?,?,?,?,?,?,?,?,?,?,?,?,?,default)
Hibernate: insert into "player" ("birth","cndtion","defending","goalkeeping","moral","name","on_sale","original_team_id","passing","playmaking","potential","preferred_foot","role","salary","scoring","set_pieces","stamina","surname","team_id","winger","id") values (?,?,?,?,?,?,?,?,?,?,?,?,?,?,?,?,?,?,?,?,default)
Hibernate: insert into "player" ("birth","cndtion","defending","goalkeeping","moral","name","on_sale","original_team_id","passing","playmaking","potential","preferred_foot","role","salary","scoring","set_pieces","stamina","surname","team_id","winger","id") values (?,?,?,?,?,?,?,?,?,?,?,?,?,?,?,?,?,?,?,?,default)
Hibernate: insert into "player" ("birth","cndtion","defending","goalkeeping","moral","name","on_sale","original_team_id","passing","playmaking","potential","preferred_foot","role","salary","scoring","set_pieces","stamina","surname","team_id","winger","id") values (?,?,?,?,?,?,?,?,?,?,?,?,?,?,?,?,?,?,?,?,default)
Hibernate: insert into "player" ("birth","cndtion","defending","goalkeeping","moral","name","on_sale","original_team_id","passing","playmaking","potential","preferred_foot","role","salary","scoring","set_pieces","stamina","surname","team_id","winger","id") values (?,?,?,?,?,?,?,?,?,?,?,?,?,?,?,?,?,?,?,?,default)
Hibernate: insert into "player" ("birth","cndtion","defending","goalkeeping","moral","name","on_sale","original_team_id","passing","playmaking","potential","preferred_foot","role","salary","scoring","set_pieces","stamina","surname","team_id","winger","id") values (?,?,?,?,?,?,?,?,?,?,?,?,?,?,?,?,?,?,?,?,default)
Hibernate: insert into "player" ("birth","cndtion","defending","goalkeeping","moral","name","on_sale","original_team_id","passing","playmaking","potential","preferred_foot","role","salary","scoring","set_pieces","stamina","surname","team_id","winger","id") values (?,?,?,?,?,?,?,?,?,?,?,?,?,?,?,?,?,?,?,?,default)
Hibernate: insert into "player" ("birth","cndtion","defending","goalkeeping","moral","name","on_sale","original_team_id","passing","playmaking","potential","preferred_foot","role","salary","scoring","set_pieces","stamina","surname","team_id","winger","id") values (?,?,?,?,?,?,?,?,?,?,?,?,?,?,?,?,?,?,?,?,default)
Hibernate: insert into "player" ("birth","cndtion","defending","goalkeeping","moral","name","on_sale","original_team_id","passing","playmaking","potential","preferred_foot","role","salary","scoring","set_pieces","stamina","surname","team_id","winger","id") values (?,?,?,?,?,?,?,?,?,?,?,?,?,?,?,?,?,?,?,?,default)
Hibernate: insert into "player" ("birth","cndtion","defending","goalkeeping","moral","name","on_sale","original_team_id","passing","playmaking","potential","preferred_foot","role","salary","scoring","set_pieces","stamina","surname","team_id","winger","id") values (?,?,?,?,?,?,?,?,?,?,?,?,?,?,?,?,?,?,?,?,default)
Hibernate: insert into "player" ("birth","cndtion","defending","goalkeeping","moral","name","on_sale","original_team_id","passing","playmaking","potential","preferred_foot","role","salary","scoring","set_pieces","stamina","surname","team_id","winger","id") values (?,?,?,?,?,?,?,?,?,?,?,?,?,?,?,?,?,?,?,?,default)
Hibernate: insert into "player" ("birth","cndtion","defending","goalkeeping","moral","name","on_sale","original_team_id","passing","playmaking","potential","preferred_foot","role","salary","scoring","set_pieces","stamina","surname","team_id","winger","id") values (?,?,?,?,?,?,?,?,?,?,?,?,?,?,?,?,?,?,?,?,default)
Hibernate: insert into "player" ("birth","cndtion","defending","goalkeeping","moral","name","on_sale","original_team_id","passing","playmaking","potential","preferred_foot","role","salary","scoring","set_pieces","stamina","surname","team_id","winger","id") values (?,?,?,?,?,?,?,?,?,?,?,?,?,?,?,?,?,?,?,?,default)
Hibernate: insert into "club" ("city","finance_id","foundation","league_id","logourl","medical_center_id","name","stadium_id","team_id","training_facility_id","under18_id","youth_academy_id","id") values (?,?,?,?,?,?,?,?,?,?,?,?,default)
Hibernate: insert into "finance" ("balance","debt","facility_maintenance","last_updated","loan_interest","matchday_revenue","merchandise_revenue","monthly_budget","net_worth","operational_costs","player_salaries","prize_money_revenue","profit_margin","season_budget","sponsorship_revenue","staff_salaries","total_expenses","total_revenue","transfer_expenses","transfer_revenue","tv_rights_revenue","id") values (?,?,?,?,?,?,?,?,?,?,?,?,?,?,?,?,?,?,?,?,?,default)
Hibernate: insert into "stadium" ("accessibility_level","atmosphere_multiplier","base_capacity","capacity","construction_cost","facilities_quality","grandstand_est","grandstand_nord","grandstand_sud","grandstand_west","has_media_center","has_megastore","has_museum","has_roof","has_undersoil_heating","has_vip_boxes","last_upgrade_date","maintenance_cost","name","next_maintenance_date","pitch_quality","revenue_multiplier","security_level","upgrade_value","id") values (?,?,?,?,?,?,?,?,?,?,?,?,?,?,?,?,?,?,?,?,?,?,?,?,default)
Hibernate: insert into "team" ("formation_id","id") values (?,default)
Hibernate: insert into "player" ("birth","cndtion","defending","goalkeeping","moral","name","on_sale","original_team_id","passing","playmaking","potential","preferred_foot","role","salary","scoring","set_pieces","stamina","surname","team_id","winger","id") values (?,?,?,?,?,?,?,?,?,?,?,?,?,?,?,?,?,?,?,?,default)
Hibernate: insert into "player" ("birth","cndtion","defending","goalkeeping","moral","name","on_sale","original_team_id","passing","playmaking","potential","preferred_foot","role","salary","scoring","set_pieces","stamina","surname","team_id","winger","id") values (?,?,?,?,?,?,?,?,?,?,?,?,?,?,?,?,?,?,?,?,default)
Hibernate: insert into "player" ("birth","cndtion","defending","goalkeeping","moral","name","on_sale","original_team_id","passing","playmaking","potential","preferred_foot","role","salary","scoring","set_pieces","stamina","surname","team_id","winger","id") values (?,?,?,?,?,?,?,?,?,?,?,?,?,?,?,?,?,?,?,?,default)
Hibernate: insert into "player" ("birth","cndtion","defending","goalkeeping","moral","name","on_sale","original_team_id","passing","playmaking","potential","preferred_foot","role","salary","scoring","set_pieces","stamina","surname","team_id","winger","id") values (?,?,?,?,?,?,?,?,?,?,?,?,?,?,?,?,?,?,?,?,default)
Hibernate: insert into "player" ("birth","cndtion","defending","goalkeeping","moral","name","on_sale","original_team_id","passing","playmaking","potential","preferred_foot","role","salary","scoring","set_pieces","stamina","surname","team_id","winger","id") values (?,?,?,?,?,?,?,?,?,?,?,?,?,?,?,?,?,?,?,?,default)
Hibernate: insert into "player" ("birth","cndtion","defending","goalkeeping","moral","name","on_sale","original_team_id","passing","playmaking","potential","preferred_foot","role","salary","scoring","set_pieces","stamina","surname","team_id","winger","id") values (?,?,?,?,?,?,?,?,?,?,?,?,?,?,?,?,?,?,?,?,default)
Hibernate: insert into "player" ("birth","cndtion","defending","goalkeeping","moral","name","on_sale","original_team_id","passing","playmaking","potential","preferred_foot","role","salary","scoring","set_pieces","stamina","surname","team_id","winger","id") values (?,?,?,?,?,?,?,?,?,?,?,?,?,?,?,?,?,?,?,?,default)
Hibernate: insert into "player" ("birth","cndtion","defending","goalkeeping","moral","name","on_sale","original_team_id","passing","playmaking","potential","preferred_foot","role","salary","scoring","set_pieces","stamina","surname","team_id","winger","id") values (?,?,?,?,?,?,?,?,?,?,?,?,?,?,?,?,?,?,?,?,default)
Hibernate: insert into "player" ("birth","cndtion","defending","goalkeeping","moral","name","on_sale","original_team_id","passing","playmaking","potential","preferred_foot","role","salary","scoring","set_pieces","stamina","surname","team_id","winger","id") values (?,?,?,?,?,?,?,?,?,?,?,?,?,?,?,?,?,?,?,?,default)
Hibernate: insert into "player" ("birth","cndtion","defending","goalkeeping","moral","name","on_sale","original_team_id","passing","playmaking","potential","preferred_foot","role","salary","scoring","set_pieces","stamina","surname","team_id","winger","id") values (?,?,?,?,?,?,?,?,?,?,?,?,?,?,?,?,?,?,?,?,default)
Hibernate: insert into "player" ("birth","cndtion","defending","goalkeeping","moral","name","on_sale","original_team_id","passing","playmaking","potential","preferred_foot","role","salary","scoring","set_pieces","stamina","surname","team_id","winger","id") values (?,?,?,?,?,?,?,?,?,?,?,?,?,?,?,?,?,?,?,?,default)
Hibernate: insert into "player" ("birth","cndtion","defending","goalkeeping","moral","name","on_sale","original_team_id","passing","playmaking","potential","preferred_foot","role","salary","scoring","set_pieces","stamina","surname","team_id","winger","id") values (?,?,?,?,?,?,?,?,?,?,?,?,?,?,?,?,?,?,?,?,default)
Hibernate: insert into "player" ("birth","cndtion","defending","goalkeeping","moral","name","on_sale","original_team_id","passing","playmaking","potential","preferred_foot","role","salary","scoring","set_pieces","stamina","surname","team_id","winger","id") values (?,?,?,?,?,?,?,?,?,?,?,?,?,?,?,?,?,?,?,?,default)
Hibernate: insert into "player" ("birth","cndtion","defending","goalkeeping","moral","name","on_sale","original_team_id","passing","playmaking","potential","preferred_foot","role","salary","scoring","set_pieces","stamina","surname","team_id","winger","id") values (?,?,?,?,?,?,?,?,?,?,?,?,?,?,?,?,?,?,?,?,default)
Hibernate: insert into "player" ("birth","cndtion","defending","goalkeeping","moral","name","on_sale","original_team_id","passing","playmaking","potential","preferred_foot","role","salary","scoring","set_pieces","stamina","surname","team_id","winger","id") values (?,?,?,?,?,?,?,?,?,?,?,?,?,?,?,?,?,?,?,?,default)
Hibernate: insert into "player" ("birth","cndtion","defending","goalkeeping","moral","name","on_sale","original_team_id","passing","playmaking","potential","preferred_foot","role","salary","scoring","set_pieces","stamina","surname","team_id","winger","id") values (?,?,?,?,?,?,?,?,?,?,?,?,?,?,?,?,?,?,?,?,default)
Hibernate: insert into "player" ("birth","cndtion","defending","goalkeeping","moral","name","on_sale","original_team_id","passing","playmaking","potential","preferred_foot","role","salary","scoring","set_pieces","stamina","surname","team_id","winger","id") values (?,?,?,?,?,?,?,?,?,?,?,?,?,?,?,?,?,?,?,?,default)
Hibernate: insert into "player" ("birth","cndtion","defending","goalkeeping","moral","name","on_sale","original_team_id","passing","playmaking","potential","preferred_foot","role","salary","scoring","set_pieces","stamina","surname","team_id","winger","id") values (?,?,?,?,?,?,?,?,?,?,?,?,?,?,?,?,?,?,?,?,default)
Hibernate: insert into "player" ("birth","cndtion","defending","goalkeeping","moral","name","on_sale","original_team_id","passing","playmaking","potential","preferred_foot","role","salary","scoring","set_pieces","stamina","surname","team_id","winger","id") values (?,?,?,?,?,?,?,?,?,?,?,?,?,?,?,?,?,?,?,?,default)
Hibernate: insert into "player" ("birth","cndtion","defending","goalkeeping","moral","name","on_sale","original_team_id","passing","playmaking","potential","preferred_foot","role","salary","scoring","set_pieces","stamina","surname","team_id","winger","id") values (?,?,?,?,?,?,?,?,?,?,?,?,?,?,?,?,?,?,?,?,default)
Hibernate: insert into "player" ("birth","cndtion","defending","goalkeeping","moral","name","on_sale","original_team_id","passing","playmaking","potential","preferred_foot","role","salary","scoring","set_pieces","stamina","surname","team_id","winger","id") values (?,?,?,?,?,?,?,?,?,?,?,?,?,?,?,?,?,?,?,?,default)
Hibernate: insert into "player" ("birth","cndtion","defending","goalkeeping","moral","name","on_sale","original_team_id","passing","playmaking","potential","preferred_foot","role","salary","scoring","set_pieces","stamina","surname","team_id","winger","id") values (?,?,?,?,?,?,?,?,?,?,?,?,?,?,?,?,?,?,?,?,default)
Hibernate: insert into "player" ("birth","cndtion","defending","goalkeeping","moral","name","on_sale","original_team_id","passing","playmaking","potential","preferred_foot","role","salary","scoring","set_pieces","stamina","surname","team_id","winger","id") values (?,?,?,?,?,?,?,?,?,?,?,?,?,?,?,?,?,?,?,?,default)
Hibernate: insert into "club" ("city","finance_id","foundation","league_id","logourl","medical_center_id","name","stadium_id","team_id","training_facility_id","under18_id","youth_academy_id","id") values (?,?,?,?,?,?,?,?,?,?,?,?,default)
Hibernate: insert into "season" ("is_current","end_year","league_id","name","next_round_number","start_year","id") values (?,?,?,?,?,?,default)
Hibernate: insert into "ranking" ("club_id","drawn","goal_against","goals_for","lost","played","points","season_id","won","id") values (?,?,?,?,?,?,?,?,?,default)
Hibernate: insert into "ranking" ("club_id","drawn","goal_against","goals_for","lost","played","points","season_id","won","id") values (?,?,?,?,?,?,?,?,?,default)
Hibernate: insert into "ranking" ("club_id","drawn","goal_against","goals_for","lost","played","points","season_id","won","id") values (?,?,?,?,?,?,?,?,?,default)
Hibernate: insert into "ranking" ("club_id","drawn","goal_against","goals_for","lost","played","points","season_id","won","id") values (?,?,?,?,?,?,?,?,?,default)
Hibernate: insert into "ranking" ("club_id","drawn","goal_against","goals_for","lost","played","points","season_id","won","id") values (?,?,?,?,?,?,?,?,?,default)
Hibernate: insert into "ranking" ("club_id","drawn","goal_against","goals_for","lost","played","points","season_id","won","id") values (?,?,?,?,?,?,?,?,?,default)
Hibernate: insert into "ranking" ("club_id","drawn","goal_against","goals_for","lost","played","points","season_id","won","id") values (?,?,?,?,?,?,?,?,?,default)
Hibernate: insert into "ranking" ("club_id","drawn","goal_against","goals_for","lost","played","points","season_id","won","id") values (?,?,?,?,?,?,?,?,?,default)
Hibernate: insert into "ranking" ("club_id","drawn","goal_against","goals_for","lost","played","points","season_id","won","id") values (?,?,?,?,?,?,?,?,?,default)
Hibernate: insert into "ranking" ("club_id","drawn","goal_against","goals_for","lost","played","points","season_id","won","id") values (?,?,?,?,?,?,?,?,?,default)
Hibernate: insert into "round" ("last","number","season_id","id") values (?,?,?,default)
Hibernate: insert into "matchh" ("away_id","away_formation_id","away_score","date","finish","home_id","home_formation_id","home_score","last","round_id","spectators","match_id","status","id") values (?,?,?,?,?,?,?,?,?,?,?,?,?,default)
Hibernate: insert into "matchh" ("away_id","away_formation_id","away_score","date","finish","home_id","home_formation_id","home_score","last","round_id","spectators","match_id","status","id") values (?,?,?,?,?,?,?,?,?,?,?,?,?,default)
Hibernate: insert into "matchh" ("away_id","away_formation_id","away_score","date","finish","home_id","home_formation_id","home_score","last","round_id","spectators","match_id","status","id") values (?,?,?,?,?,?,?,?,?,?,?,?,?,default)
Hibernate: insert into "matchh" ("away_id","away_formation_id","away_score","date","finish","home_id","home_formation_id","home_score","last","round_id","spectators","match_id","status","id") values (?,?,?,?,?,?,?,?,?,?,?,?,?,default)
Hibernate: insert into "matchh" ("away_id","away_formation_id","away_score","date","finish","home_id","home_formation_id","home_score","last","round_id","spectators","match_id","status","id") values (?,?,?,?,?,?,?,?,?,?,?,?,?,default)
Hibernate: insert into "round" ("last","number","season_id","id") values (?,?,?,default)
Hibernate: insert into "matchh" ("away_id","away_formation_id","away_score","date","finish","home_id","home_formation_id","home_score","last","round_id","spectators","match_id","status","id") values (?,?,?,?,?,?,?,?,?,?,?,?,?,default)
Hibernate: insert into "matchh" ("away_id","away_formation_id","away_score","date","finish","home_id","home_formation_id","home_score","last","round_id","spectators","match_id","status","id") values (?,?,?,?,?,?,?,?,?,?,?,?,?,default)
Hibernate: insert into "matchh" ("away_id","away_formation_id","away_score","date","finish","home_id","home_formation_id","home_score","last","round_id","spectators","match_id","status","id") values (?,?,?,?,?,?,?,?,?,?,?,?,?,default)
Hibernate: insert into "matchh" ("away_id","away_formation_id","away_score","date","finish","home_id","home_formation_id","home_score","last","round_id","spectators","match_id","status","id") values (?,?,?,?,?,?,?,?,?,?,?,?,?,default)
Hibernate: insert into "matchh" ("away_id","away_formation_id","away_score","date","finish","home_id","home_formation_id","home_score","last","round_id","spectators","match_id","status","id") values (?,?,?,?,?,?,?,?,?,?,?,?,?,default)
Hibernate: insert into "round" ("last","number","season_id","id") values (?,?,?,default)
Hibernate: insert into "matchh" ("away_id","away_formation_id","away_score","date","finish","home_id","home_formation_id","home_score","last","round_id","spectators","match_id","status","id") values (?,?,?,?,?,?,?,?,?,?,?,?,?,default)
Hibernate: insert into "matchh" ("away_id","away_formation_id","away_score","date","finish","home_id","home_formation_id","home_score","last","round_id","spectators","match_id","status","id") values (?,?,?,?,?,?,?,?,?,?,?,?,?,default)
Hibernate: insert into "matchh" ("away_id","away_formation_id","away_score","date","finish","home_id","home_formation_id","home_score","last","round_id","spectators","match_id","status","id") values (?,?,?,?,?,?,?,?,?,?,?,?,?,default)
Hibernate: insert into "matchh" ("away_id","away_formation_id","away_score","date","finish","home_id","home_formation_id","home_score","last","round_id","spectators","match_id","status","id") values (?,?,?,?,?,?,?,?,?,?,?,?,?,default)
Hibernate: insert into "matchh" ("away_id","away_formation_id","away_score","date","finish","home_id","home_formation_id","home_score","last","round_id","spectators","match_id","status","id") values (?,?,?,?,?,?,?,?,?,?,?,?,?,default)
Hibernate: insert into "round" ("last","number","season_id","id") values (?,?,?,default)
Hibernate: insert into "matchh" ("away_id","away_formation_id","away_score","date","finish","home_id","home_formation_id","home_score","last","round_id","spectators","match_id","status","id") values (?,?,?,?,?,?,?,?,?,?,?,?,?,default)
Hibernate: insert into "matchh" ("away_id","away_formation_id","away_score","date","finish","home_id","home_formation_id","home_score","last","round_id","spectators","match_id","status","id") values (?,?,?,?,?,?,?,?,?,?,?,?,?,default)
Hibernate: insert into "matchh" ("away_id","away_formation_id","away_score","date","finish","home_id","home_formation_id","home_score","last","round_id","spectators","match_id","status","id") values (?,?,?,?,?,?,?,?,?,?,?,?,?,default)
Hibernate: insert into "matchh" ("away_id","away_formation_id","away_score","date","finish","home_id","home_formation_id","home_score","last","round_id","spectators","match_id","status","id") values (?,?,?,?,?,?,?,?,?,?,?,?,?,default)
Hibernate: insert into "matchh" ("away_id","away_formation_id","away_score","date","finish","home_id","home_formation_id","home_score","last","round_id","spectators","match_id","status","id") values (?,?,?,?,?,?,?,?,?,?,?,?,?,default)
Hibernate: insert into "round" ("last","number","season_id","id") values (?,?,?,default)
Hibernate: insert into "matchh" ("away_id","away_formation_id","away_score","date","finish","home_id","home_formation_id","home_score","last","round_id","spectators","match_id","status","id") values (?,?,?,?,?,?,?,?,?,?,?,?,?,default)
Hibernate: insert into "matchh" ("away_id","away_formation_id","away_score","date","finish","home_id","home_formation_id","home_score","last","round_id","spectators","match_id","status","id") values (?,?,?,?,?,?,?,?,?,?,?,?,?,default)
Hibernate: insert into "matchh" ("away_id","away_formation_id","away_score","date","finish","home_id","home_formation_id","home_score","last","round_id","spectators","match_id","status","id") values (?,?,?,?,?,?,?,?,?,?,?,?,?,default)
Hibernate: insert into "matchh" ("away_id","away_formation_id","away_score","date","finish","home_id","home_formation_id","home_score","last","round_id","spectators","match_id","status","id") values (?,?,?,?,?,?,?,?,?,?,?,?,?,default)
Hibernate: insert into "matchh" ("away_id","away_formation_id","away_score","date","finish","home_id","home_formation_id","home_score","last","round_id","spectators","match_id","status","id") values (?,?,?,?,?,?,?,?,?,?,?,?,?,default)
Hibernate: insert into "round" ("last","number","season_id","id") values (?,?,?,default)
Hibernate: insert into "matchh" ("away_id","away_formation_id","away_score","date","finish","home_id","home_formation_id","home_score","last","round_id","spectators","match_id","status","id") values (?,?,?,?,?,?,?,?,?,?,?,?,?,default)
Hibernate: insert into "matchh" ("away_id","away_formation_id","away_score","date","finish","home_id","home_formation_id","home_score","last","round_id","spectators","match_id","status","id") values (?,?,?,?,?,?,?,?,?,?,?,?,?,default)
Hibernate: insert into "matchh" ("away_id","away_formation_id","away_score","date","finish","home_id","home_formation_id","home_score","last","round_id","spectators","match_id","status","id") values (?,?,?,?,?,?,?,?,?,?,?,?,?,default)
Hibernate: insert into "matchh" ("away_id","away_formation_id","away_score","date","finish","home_id","home_formation_id","home_score","last","round_id","spectators","match_id","status","id") values (?,?,?,?,?,?,?,?,?,?,?,?,?,default)
Hibernate: insert into "matchh" ("away_id","away_formation_id","away_score","date","finish","home_id","home_formation_id","home_score","last","round_id","spectators","match_id","status","id") values (?,?,?,?,?,?,?,?,?,?,?,?,?,default)
Hibernate: insert into "round" ("last","number","season_id","id") values (?,?,?,default)
Hibernate: insert into "matchh" ("away_id","away_formation_id","away_score","date","finish","home_id","home_formation_id","home_score","last","round_id","spectators","match_id","status","id") values (?,?,?,?,?,?,?,?,?,?,?,?,?,default)
Hibernate: insert into "matchh" ("away_id","away_formation_id","away_score","date","finish","home_id","home_formation_id","home_score","last","round_id","spectators","match_id","status","id") values (?,?,?,?,?,?,?,?,?,?,?,?,?,default)
Hibernate: insert into "matchh" ("away_id","away_formation_id","away_score","date","finish","home_id","home_formation_id","home_score","last","round_id","spectators","match_id","status","id") values (?,?,?,?,?,?,?,?,?,?,?,?,?,default)
Hibernate: insert into "matchh" ("away_id","away_formation_id","away_score","date","finish","home_id","home_formation_id","home_score","last","round_id","spectators","match_id","status","id") values (?,?,?,?,?,?,?,?,?,?,?,?,?,default)
Hibernate: insert into "matchh" ("away_id","away_formation_id","away_score","date","finish","home_id","home_formation_id","home_score","last","round_id","spectators","match_id","status","id") values (?,?,?,?,?,?,?,?,?,?,?,?,?,default)
Hibernate: insert into "round" ("last","number","season_id","id") values (?,?,?,default)
Hibernate: insert into "matchh" ("away_id","away_formation_id","away_score","date","finish","home_id","home_formation_id","home_score","last","round_id","spectators","match_id","status","id") values (?,?,?,?,?,?,?,?,?,?,?,?,?,default)
Hibernate: insert into "matchh" ("away_id","away_formation_id","away_score","date","finish","home_id","home_formation_id","home_score","last","round_id","spectators","match_id","status","id") values (?,?,?,?,?,?,?,?,?,?,?,?,?,default)
Hibernate: insert into "matchh" ("away_id","away_formation_id","away_score","date","finish","home_id","home_formation_id","home_score","last","round_id","spectators","match_id","status","id") values (?,?,?,?,?,?,?,?,?,?,?,?,?,default)
Hibernate: insert into "matchh" ("away_id","away_formation_id","away_score","date","finish","home_id","home_formation_id","home_score","last","round_id","spectators","match_id","status","id") values (?,?,?,?,?,?,?,?,?,?,?,?,?,default)
Hibernate: insert into "matchh" ("away_id","away_formation_id","away_score","date","finish","home_id","home_formation_id","home_score","last","round_id","spectators","match_id","status","id") values (?,?,?,?,?,?,?,?,?,?,?,?,?,default)
Hibernate: insert into "round" ("last","number","season_id","id") values (?,?,?,default)
Hibernate: insert into "matchh" ("away_id","away_formation_id","away_score","date","finish","home_id","home_formation_id","home_score","last","round_id","spectators","match_id","status","id") values (?,?,?,?,?,?,?,?,?,?,?,?,?,default)
Hibernate: insert into "matchh" ("away_id","away_formation_id","away_score","date","finish","home_id","home_formation_id","home_score","last","round_id","spectators","match_id","status","id") values (?,?,?,?,?,?,?,?,?,?,?,?,?,default)
Hibernate: insert into "matchh" ("away_id","away_formation_id","away_score","date","finish","home_id","home_formation_id","home_score","last","round_id","spectators","match_id","status","id") values (?,?,?,?,?,?,?,?,?,?,?,?,?,default)
Hibernate: insert into "matchh" ("away_id","away_formation_id","away_score","date","finish","home_id","home_formation_id","home_score","last","round_id","spectators","match_id","status","id") values (?,?,?,?,?,?,?,?,?,?,?,?,?,default)
Hibernate: insert into "matchh" ("away_id","away_formation_id","away_score","date","finish","home_id","home_formation_id","home_score","last","round_id","spectators","match_id","status","id") values (?,?,?,?,?,?,?,?,?,?,?,?,?,default)
Hibernate: insert into "round" ("last","number","season_id","id") values (?,?,?,default)
Hibernate: insert into "matchh" ("away_id","away_formation_id","away_score","date","finish","home_id","home_formation_id","home_score","last","round_id","spectators","match_id","status","id") values (?,?,?,?,?,?,?,?,?,?,?,?,?,default)
Hibernate: insert into "matchh" ("away_id","away_formation_id","away_score","date","finish","home_id","home_formation_id","home_score","last","round_id","spectators","match_id","status","id") values (?,?,?,?,?,?,?,?,?,?,?,?,?,default)
Hibernate: insert into "matchh" ("away_id","away_formation_id","away_score","date","finish","home_id","home_formation_id","home_score","last","round_id","spectators","match_id","status","id") values (?,?,?,?,?,?,?,?,?,?,?,?,?,default)
Hibernate: insert into "matchh" ("away_id","away_formation_id","away_score","date","finish","home_id","home_formation_id","home_score","last","round_id","spectators","match_id","status","id") values (?,?,?,?,?,?,?,?,?,?,?,?,?,default)
Hibernate: insert into "matchh" ("away_id","away_formation_id","away_score","date","finish","home_id","home_formation_id","home_score","last","round_id","spectators","match_id","status","id") values (?,?,?,?,?,?,?,?,?,?,?,?,?,default)
Hibernate: insert into "round" ("last","number","season_id","id") values (?,?,?,default)
Hibernate: insert into "matchh" ("away_id","away_formation_id","away_score","date","finish","home_id","home_formation_id","home_score","last","round_id","spectators","match_id","status","id") values (?,?,?,?,?,?,?,?,?,?,?,?,?,default)
Hibernate: insert into "matchh" ("away_id","away_formation_id","away_score","date","finish","home_id","home_formation_id","home_score","last","round_id","spectators","match_id","status","id") values (?,?,?,?,?,?,?,?,?,?,?,?,?,default)
Hibernate: insert into "matchh" ("away_id","away_formation_id","away_score","date","finish","home_id","home_formation_id","home_score","last","round_id","spectators","match_id","status","id") values (?,?,?,?,?,?,?,?,?,?,?,?,?,default)
Hibernate: insert into "matchh" ("away_id","away_formation_id","away_score","date","finish","home_id","home_formation_id","home_score","last","round_id","spectators","match_id","status","id") values (?,?,?,?,?,?,?,?,?,?,?,?,?,default)
Hibernate: insert into "matchh" ("away_id","away_formation_id","away_score","date","finish","home_id","home_formation_id","home_score","last","round_id","spectators","match_id","status","id") values (?,?,?,?,?,?,?,?,?,?,?,?,?,default)
Hibernate: insert into "round" ("last","number","season_id","id") values (?,?,?,default)
Hibernate: insert into "matchh" ("away_id","away_formation_id","away_score","date","finish","home_id","home_formation_id","home_score","last","round_id","spectators","match_id","status","id") values (?,?,?,?,?,?,?,?,?,?,?,?,?,default)
Hibernate: insert into "matchh" ("away_id","away_formation_id","away_score","date","finish","home_id","home_formation_id","home_score","last","round_id","spectators","match_id","status","id") values (?,?,?,?,?,?,?,?,?,?,?,?,?,default)
Hibernate: insert into "matchh" ("away_id","away_formation_id","away_score","date","finish","home_id","home_formation_id","home_score","last","round_id","spectators","match_id","status","id") values (?,?,?,?,?,?,?,?,?,?,?,?,?,default)
Hibernate: insert into "matchh" ("away_id","away_formation_id","away_score","date","finish","home_id","home_formation_id","home_score","last","round_id","spectators","match_id","status","id") values (?,?,?,?,?,?,?,?,?,?,?,?,?,default)
Hibernate: insert into "matchh" ("away_id","away_formation_id","away_score","date","finish","home_id","home_formation_id","home_score","last","round_id","spectators","match_id","status","id") values (?,?,?,?,?,?,?,?,?,?,?,?,?,default)
Hibernate: insert into "round" ("last","number","season_id","id") values (?,?,?,default)
Hibernate: insert into "matchh" ("away_id","away_formation_id","away_score","date","finish","home_id","home_formation_id","home_score","last","round_id","spectators","match_id","status","id") values (?,?,?,?,?,?,?,?,?,?,?,?,?,default)
Hibernate: insert into "matchh" ("away_id","away_formation_id","away_score","date","finish","home_id","home_formation_id","home_score","last","round_id","spectators","match_id","status","id") values (?,?,?,?,?,?,?,?,?,?,?,?,?,default)
Hibernate: insert into "matchh" ("away_id","away_formation_id","away_score","date","finish","home_id","home_formation_id","home_score","last","round_id","spectators","match_id","status","id") values (?,?,?,?,?,?,?,?,?,?,?,?,?,default)
Hibernate: insert into "matchh" ("away_id","away_formation_id","away_score","date","finish","home_id","home_formation_id","home_score","last","round_id","spectators","match_id","status","id") values (?,?,?,?,?,?,?,?,?,?,?,?,?,default)
Hibernate: insert into "matchh" ("away_id","away_formation_id","away_score","date","finish","home_id","home_formation_id","home_score","last","round_id","spectators","match_id","status","id") values (?,?,?,?,?,?,?,?,?,?,?,?,?,default)
Hibernate: insert into "round" ("last","number","season_id","id") values (?,?,?,default)
Hibernate: insert into "matchh" ("away_id","away_formation_id","away_score","date","finish","home_id","home_formation_id","home_score","last","round_id","spectators","match_id","status","id") values (?,?,?,?,?,?,?,?,?,?,?,?,?,default)
Hibernate: insert into "matchh" ("away_id","away_formation_id","away_score","date","finish","home_id","home_formation_id","home_score","last","round_id","spectators","match_id","status","id") values (?,?,?,?,?,?,?,?,?,?,?,?,?,default)
Hibernate: insert into "matchh" ("away_id","away_formation_id","away_score","date","finish","home_id","home_formation_id","home_score","last","round_id","spectators","match_id","status","id") values (?,?,?,?,?,?,?,?,?,?,?,?,?,default)
Hibernate: insert into "matchh" ("away_id","away_formation_id","away_score","date","finish","home_id","home_formation_id","home_score","last","round_id","spectators","match_id","status","id") values (?,?,?,?,?,?,?,?,?,?,?,?,?,default)
Hibernate: insert into "matchh" ("away_id","away_formation_id","away_score","date","finish","home_id","home_formation_id","home_score","last","round_id","spectators","match_id","status","id") values (?,?,?,?,?,?,?,?,?,?,?,?,?,default)
Hibernate: insert into "round" ("last","number","season_id","id") values (?,?,?,default)
Hibernate: insert into "matchh" ("away_id","away_formation_id","away_score","date","finish","home_id","home_formation_id","home_score","last","round_id","spectators","match_id","status","id") values (?,?,?,?,?,?,?,?,?,?,?,?,?,default)
Hibernate: insert into "matchh" ("away_id","away_formation_id","away_score","date","finish","home_id","home_formation_id","home_score","last","round_id","spectators","match_id","status","id") values (?,?,?,?,?,?,?,?,?,?,?,?,?,default)
Hibernate: insert into "matchh" ("away_id","away_formation_id","away_score","date","finish","home_id","home_formation_id","home_score","last","round_id","spectators","match_id","status","id") values (?,?,?,?,?,?,?,?,?,?,?,?,?,default)
Hibernate: insert into "matchh" ("away_id","away_formation_id","away_score","date","finish","home_id","home_formation_id","home_score","last","round_id","spectators","match_id","status","id") values (?,?,?,?,?,?,?,?,?,?,?,?,?,default)
Hibernate: insert into "matchh" ("away_id","away_formation_id","away_score","date","finish","home_id","home_formation_id","home_score","last","round_id","spectators","match_id","status","id") values (?,?,?,?,?,?,?,?,?,?,?,?,?,default)
Hibernate: insert into "round" ("last","number","season_id","id") values (?,?,?,default)
Hibernate: insert into "matchh" ("away_id","away_formation_id","away_score","date","finish","home_id","home_formation_id","home_score","last","round_id","spectators","match_id","status","id") values (?,?,?,?,?,?,?,?,?,?,?,?,?,default)
Hibernate: insert into "matchh" ("away_id","away_formation_id","away_score","date","finish","home_id","home_formation_id","home_score","last","round_id","spectators","match_id","status","id") values (?,?,?,?,?,?,?,?,?,?,?,?,?,default)
Hibernate: insert into "matchh" ("away_id","away_formation_id","away_score","date","finish","home_id","home_formation_id","home_score","last","round_id","spectators","match_id","status","id") values (?,?,?,?,?,?,?,?,?,?,?,?,?,default)
Hibernate: insert into "matchh" ("away_id","away_formation_id","away_score","date","finish","home_id","home_formation_id","home_score","last","round_id","spectators","match_id","status","id") values (?,?,?,?,?,?,?,?,?,?,?,?,?,default)
Hibernate: insert into "matchh" ("away_id","away_formation_id","away_score","date","finish","home_id","home_formation_id","home_score","last","round_id","spectators","match_id","status","id") values (?,?,?,?,?,?,?,?,?,?,?,?,?,default)
Hibernate: insert into "round" ("last","number","season_id","id") values (?,?,?,default)
Hibernate: insert into "matchh" ("away_id","away_formation_id","away_score","date","finish","home_id","home_formation_id","home_score","last","round_id","spectators","match_id","status","id") values (?,?,?,?,?,?,?,?,?,?,?,?,?,default)
Hibernate: insert into "matchh" ("away_id","away_formation_id","away_score","date","finish","home_id","home_formation_id","home_score","last","round_id","spectators","match_id","status","id") values (?,?,?,?,?,?,?,?,?,?,?,?,?,default)
Hibernate: insert into "matchh" ("away_id","away_formation_id","away_score","date","finish","home_id","home_formation_id","home_score","last","round_id","spectators","match_id","status","id") values (?,?,?,?,?,?,?,?,?,?,?,?,?,default)
Hibernate: insert into "matchh" ("away_id","away_formation_id","away_score","date","finish","home_id","home_formation_id","home_score","last","round_id","spectators","match_id","status","id") values (?,?,?,?,?,?,?,?,?,?,?,?,?,default)
Hibernate: insert into "matchh" ("away_id","away_formation_id","away_score","date","finish","home_id","home_formation_id","home_score","last","round_id","spectators","match_id","status","id") values (?,?,?,?,?,?,?,?,?,?,?,?,?,default)
Hibernate: insert into "round" ("last","number","season_id","id") values (?,?,?,default)
Hibernate: insert into "matchh" ("away_id","away_formation_id","away_score","date","finish","home_id","home_formation_id","home_score","last","round_id","spectators","match_id","status","id") values (?,?,?,?,?,?,?,?,?,?,?,?,?,default)
Hibernate: insert into "matchh" ("away_id","away_formation_id","away_score","date","finish","home_id","home_formation_id","home_score","last","round_id","spectators","match_id","status","id") values (?,?,?,?,?,?,?,?,?,?,?,?,?,default)
Hibernate: insert into "matchh" ("away_id","away_formation_id","away_score","date","finish","home_id","home_formation_id","home_score","last","round_id","spectators","match_id","status","id") values (?,?,?,?,?,?,?,?,?,?,?,?,?,default)
Hibernate: insert into "matchh" ("away_id","away_formation_id","away_score","date","finish","home_id","home_formation_id","home_score","last","round_id","spectators","match_id","status","id") values (?,?,?,?,?,?,?,?,?,?,?,?,?,default)
Hibernate: insert into "matchh" ("away_id","away_formation_id","away_score","date","finish","home_id","home_formation_id","home_score","last","round_id","spectators","match_id","status","id") values (?,?,?,?,?,?,?,?,?,?,?,?,?,default)
Hibernate: insert into "league" ("country_id","season_id","euro_cup","minor_league_id","name","promotion","relegation","server_id","id") values (?,?,?,?,?,?,?,?,default)
Hibernate: insert into "finance" ("balance","debt","facility_maintenance","last_updated","loan_interest","matchday_revenue","merchandise_revenue","monthly_budget","net_worth","operational_costs","player_salaries","prize_money_revenue","profit_margin","season_budget","sponsorship_revenue","staff_salaries","total_expenses","total_revenue","transfer_expenses","transfer_revenue","tv_rights_revenue","id") values (?,?,?,?,?,?,?,?,?,?,?,?,?,?,?,?,?,?,?,?,?,default)
Hibernate: insert into "stadium" ("accessibility_level","atmosphere_multiplier","base_capacity","capacity","construction_cost","facilities_quality","grandstand_est","grandstand_nord","grandstand_sud","grandstand_west","has_media_center","has_megastore","has_museum","has_roof","has_undersoil_heating","has_vip_boxes","last_upgrade_date","maintenance_cost","name","next_maintenance_date","pitch_quality","revenue_multiplier","security_level","upgrade_value","id") values (?,?,?,?,?,?,?,?,?,?,?,?,?,?,?,?,?,?,?,?,?,?,?,?,default)
Hibernate: insert into "team" ("formation_id","id") values (?,default)
Hibernate: insert into "player" ("birth","cndtion","defending","goalkeeping","moral","name","on_sale","original_team_id","passing","playmaking","potential","preferred_foot","role","salary","scoring","set_pieces","stamina","surname","team_id","winger","id") values (?,?,?,?,?,?,?,?,?,?,?,?,?,?,?,?,?,?,?,?,default)
Hibernate: insert into "player" ("birth","cndtion","defending","goalkeeping","moral","name","on_sale","original_team_id","passing","playmaking","potential","preferred_foot","role","salary","scoring","set_pieces","stamina","surname","team_id","winger","id") values (?,?,?,?,?,?,?,?,?,?,?,?,?,?,?,?,?,?,?,?,default)
Hibernate: insert into "player" ("birth","cndtion","defending","goalkeeping","moral","name","on_sale","original_team_id","passing","playmaking","potential","preferred_foot","role","salary","scoring","set_pieces","stamina","surname","team_id","winger","id") values (?,?,?,?,?,?,?,?,?,?,?,?,?,?,?,?,?,?,?,?,default)
Hibernate: insert into "player" ("birth","cndtion","defending","goalkeeping","moral","name","on_sale","original_team_id","passing","playmaking","potential","preferred_foot","role","salary","scoring","set_pieces","stamina","surname","team_id","winger","id") values (?,?,?,?,?,?,?,?,?,?,?,?,?,?,?,?,?,?,?,?,default)
Hibernate: insert into "player" ("birth","cndtion","defending","goalkeeping","moral","name","on_sale","original_team_id","passing","playmaking","potential","preferred_foot","role","salary","scoring","set_pieces","stamina","surname","team_id","winger","id") values (?,?,?,?,?,?,?,?,?,?,?,?,?,?,?,?,?,?,?,?,default)
Hibernate: insert into "player" ("birth","cndtion","defending","goalkeeping","moral","name","on_sale","original_team_id","passing","playmaking","potential","preferred_foot","role","salary","scoring","set_pieces","stamina","surname","team_id","winger","id") values (?,?,?,?,?,?,?,?,?,?,?,?,?,?,?,?,?,?,?,?,default)
Hibernate: insert into "player" ("birth","cndtion","defending","goalkeeping","moral","name","on_sale","original_team_id","passing","playmaking","potential","preferred_foot","role","salary","scoring","set_pieces","stamina","surname","team_id","winger","id") values (?,?,?,?,?,?,?,?,?,?,?,?,?,?,?,?,?,?,?,?,default)
Hibernate: insert into "player" ("birth","cndtion","defending","goalkeeping","moral","name","on_sale","original_team_id","passing","playmaking","potential","preferred_foot","role","salary","scoring","set_pieces","stamina","surname","team_id","winger","id") values (?,?,?,?,?,?,?,?,?,?,?,?,?,?,?,?,?,?,?,?,default)
Hibernate: insert into "player" ("birth","cndtion","defending","goalkeeping","moral","name","on_sale","original_team_id","passing","playmaking","potential","preferred_foot","role","salary","scoring","set_pieces","stamina","surname","team_id","winger","id") values (?,?,?,?,?,?,?,?,?,?,?,?,?,?,?,?,?,?,?,?,default)
Hibernate: insert into "player" ("birth","cndtion","defending","goalkeeping","moral","name","on_sale","original_team_id","passing","playmaking","potential","preferred_foot","role","salary","scoring","set_pieces","stamina","surname","team_id","winger","id") values (?,?,?,?,?,?,?,?,?,?,?,?,?,?,?,?,?,?,?,?,default)
Hibernate: insert into "player" ("birth","cndtion","defending","goalkeeping","moral","name","on_sale","original_team_id","passing","playmaking","potential","preferred_foot","role","salary","scoring","set_pieces","stamina","surname","team_id","winger","id") values (?,?,?,?,?,?,?,?,?,?,?,?,?,?,?,?,?,?,?,?,default)
Hibernate: insert into "player" ("birth","cndtion","defending","goalkeeping","moral","name","on_sale","original_team_id","passing","playmaking","potential","preferred_foot","role","salary","scoring","set_pieces","stamina","surname","team_id","winger","id") values (?,?,?,?,?,?,?,?,?,?,?,?,?,?,?,?,?,?,?,?,default)
Hibernate: insert into "player" ("birth","cndtion","defending","goalkeeping","moral","name","on_sale","original_team_id","passing","playmaking","potential","preferred_foot","role","salary","scoring","set_pieces","stamina","surname","team_id","winger","id") values (?,?,?,?,?,?,?,?,?,?,?,?,?,?,?,?,?,?,?,?,default)
Hibernate: insert into "player" ("birth","cndtion","defending","goalkeeping","moral","name","on_sale","original_team_id","passing","playmaking","potential","preferred_foot","role","salary","scoring","set_pieces","stamina","surname","team_id","winger","id") values (?,?,?,?,?,?,?,?,?,?,?,?,?,?,?,?,?,?,?,?,default)
Hibernate: insert into "player" ("birth","cndtion","defending","goalkeeping","moral","name","on_sale","original_team_id","passing","playmaking","potential","preferred_foot","role","salary","scoring","set_pieces","stamina","surname","team_id","winger","id") values (?,?,?,?,?,?,?,?,?,?,?,?,?,?,?,?,?,?,?,?,default)
Hibernate: insert into "player" ("birth","cndtion","defending","goalkeeping","moral","name","on_sale","original_team_id","passing","playmaking","potential","preferred_foot","role","salary","scoring","set_pieces","stamina","surname","team_id","winger","id") values (?,?,?,?,?,?,?,?,?,?,?,?,?,?,?,?,?,?,?,?,default)
Hibernate: insert into "player" ("birth","cndtion","defending","goalkeeping","moral","name","on_sale","original_team_id","passing","playmaking","potential","preferred_foot","role","salary","scoring","set_pieces","stamina","surname","team_id","winger","id") values (?,?,?,?,?,?,?,?,?,?,?,?,?,?,?,?,?,?,?,?,default)
Hibernate: insert into "player" ("birth","cndtion","defending","goalkeeping","moral","name","on_sale","original_team_id","passing","playmaking","potential","preferred_foot","role","salary","scoring","set_pieces","stamina","surname","team_id","winger","id") values (?,?,?,?,?,?,?,?,?,?,?,?,?,?,?,?,?,?,?,?,default)
Hibernate: insert into "player" ("birth","cndtion","defending","goalkeeping","moral","name","on_sale","original_team_id","passing","playmaking","potential","preferred_foot","role","salary","scoring","set_pieces","stamina","surname","team_id","winger","id") values (?,?,?,?,?,?,?,?,?,?,?,?,?,?,?,?,?,?,?,?,default)
Hibernate: insert into "player" ("birth","cndtion","defending","goalkeeping","moral","name","on_sale","original_team_id","passing","playmaking","potential","preferred_foot","role","salary","scoring","set_pieces","stamina","surname","team_id","winger","id") values (?,?,?,?,?,?,?,?,?,?,?,?,?,?,?,?,?,?,?,?,default)
Hibernate: insert into "player" ("birth","cndtion","defending","goalkeeping","moral","name","on_sale","original_team_id","passing","playmaking","potential","preferred_foot","role","salary","scoring","set_pieces","stamina","surname","team_id","winger","id") values (?,?,?,?,?,?,?,?,?,?,?,?,?,?,?,?,?,?,?,?,default)
Hibernate: insert into "player" ("birth","cndtion","defending","goalkeeping","moral","name","on_sale","original_team_id","passing","playmaking","potential","preferred_foot","role","salary","scoring","set_pieces","stamina","surname","team_id","winger","id") values (?,?,?,?,?,?,?,?,?,?,?,?,?,?,?,?,?,?,?,?,default)
Hibernate: insert into "player" ("birth","cndtion","defending","goalkeeping","moral","name","on_sale","original_team_id","passing","playmaking","potential","preferred_foot","role","salary","scoring","set_pieces","stamina","surname","team_id","winger","id") values (?,?,?,?,?,?,?,?,?,?,?,?,?,?,?,?,?,?,?,?,default)
Hibernate: insert into "club" ("city","finance_id","foundation","league_id","logourl","medical_center_id","name","stadium_id","team_id","training_facility_id","under18_id","youth_academy_id","id") values (?,?,?,?,?,?,?,?,?,?,?,?,default)
Hibernate: insert into "finance" ("balance","debt","facility_maintenance","last_updated","loan_interest","matchday_revenue","merchandise_revenue","monthly_budget","net_worth","operational_costs","player_salaries","prize_money_revenue","profit_margin","season_budget","sponsorship_revenue","staff_salaries","total_expenses","total_revenue","transfer_expenses","transfer_revenue","tv_rights_revenue","id") values (?,?,?,?,?,?,?,?,?,?,?,?,?,?,?,?,?,?,?,?,?,default)
Hibernate: insert into "stadium" ("accessibility_level","atmosphere_multiplier","base_capacity","capacity","construction_cost","facilities_quality","grandstand_est","grandstand_nord","grandstand_sud","grandstand_west","has_media_center","has_megastore","has_museum","has_roof","has_undersoil_heating","has_vip_boxes","last_upgrade_date","maintenance_cost","name","next_maintenance_date","pitch_quality","revenue_multiplier","security_level","upgrade_value","id") values (?,?,?,?,?,?,?,?,?,?,?,?,?,?,?,?,?,?,?,?,?,?,?,?,default)
Hibernate: insert into "team" ("formation_id","id") values (?,default)
Hibernate: insert into "player" ("birth","cndtion","defending","goalkeeping","moral","name","on_sale","original_team_id","passing","playmaking","potential","preferred_foot","role","salary","scoring","set_pieces","stamina","surname","team_id","winger","id") values (?,?,?,?,?,?,?,?,?,?,?,?,?,?,?,?,?,?,?,?,default)
Hibernate: insert into "player" ("birth","cndtion","defending","goalkeeping","moral","name","on_sale","original_team_id","passing","playmaking","potential","preferred_foot","role","salary","scoring","set_pieces","stamina","surname","team_id","winger","id") values (?,?,?,?,?,?,?,?,?,?,?,?,?,?,?,?,?,?,?,?,default)
Hibernate: insert into "player" ("birth","cndtion","defending","goalkeeping","moral","name","on_sale","original_team_id","passing","playmaking","potential","preferred_foot","role","salary","scoring","set_pieces","stamina","surname","team_id","winger","id") values (?,?,?,?,?,?,?,?,?,?,?,?,?,?,?,?,?,?,?,?,default)
Hibernate: insert into "player" ("birth","cndtion","defending","goalkeeping","moral","name","on_sale","original_team_id","passing","playmaking","potential","preferred_foot","role","salary","scoring","set_pieces","stamina","surname","team_id","winger","id") values (?,?,?,?,?,?,?,?,?,?,?,?,?,?,?,?,?,?,?,?,default)
Hibernate: insert into "player" ("birth","cndtion","defending","goalkeeping","moral","name","on_sale","original_team_id","passing","playmaking","potential","preferred_foot","role","salary","scoring","set_pieces","stamina","surname","team_id","winger","id") values (?,?,?,?,?,?,?,?,?,?,?,?,?,?,?,?,?,?,?,?,default)
Hibernate: insert into "player" ("birth","cndtion","defending","goalkeeping","moral","name","on_sale","original_team_id","passing","playmaking","potential","preferred_foot","role","salary","scoring","set_pieces","stamina","surname","team_id","winger","id") values (?,?,?,?,?,?,?,?,?,?,?,?,?,?,?,?,?,?,?,?,default)
Hibernate: insert into "player" ("birth","cndtion","defending","goalkeeping","moral","name","on_sale","original_team_id","passing","playmaking","potential","preferred_foot","role","salary","scoring","set_pieces","stamina","surname","team_id","winger","id") values (?,?,?,?,?,?,?,?,?,?,?,?,?,?,?,?,?,?,?,?,default)
Hibernate: insert into "player" ("birth","cndtion","defending","goalkeeping","moral","name","on_sale","original_team_id","passing","playmaking","potential","preferred_foot","role","salary","scoring","set_pieces","stamina","surname","team_id","winger","id") values (?,?,?,?,?,?,?,?,?,?,?,?,?,?,?,?,?,?,?,?,default)
Hibernate: insert into "player" ("birth","cndtion","defending","goalkeeping","moral","name","on_sale","original_team_id","passing","playmaking","potential","preferred_foot","role","salary","scoring","set_pieces","stamina","surname","team_id","winger","id") values (?,?,?,?,?,?,?,?,?,?,?,?,?,?,?,?,?,?,?,?,default)
Hibernate: insert into "player" ("birth","cndtion","defending","goalkeeping","moral","name","on_sale","original_team_id","passing","playmaking","potential","preferred_foot","role","salary","scoring","set_pieces","stamina","surname","team_id","winger","id") values (?,?,?,?,?,?,?,?,?,?,?,?,?,?,?,?,?,?,?,?,default)
Hibernate: insert into "player" ("birth","cndtion","defending","goalkeeping","moral","name","on_sale","original_team_id","passing","playmaking","potential","preferred_foot","role","salary","scoring","set_pieces","stamina","surname","team_id","winger","id") values (?,?,?,?,?,?,?,?,?,?,?,?,?,?,?,?,?,?,?,?,default)
Hibernate: insert into "player" ("birth","cndtion","defending","goalkeeping","moral","name","on_sale","original_team_id","passing","playmaking","potential","preferred_foot","role","salary","scoring","set_pieces","stamina","surname","team_id","winger","id") values (?,?,?,?,?,?,?,?,?,?,?,?,?,?,?,?,?,?,?,?,default)
Hibernate: insert into "player" ("birth","cndtion","defending","goalkeeping","moral","name","on_sale","original_team_id","passing","playmaking","potential","preferred_foot","role","salary","scoring","set_pieces","stamina","surname","team_id","winger","id") values (?,?,?,?,?,?,?,?,?,?,?,?,?,?,?,?,?,?,?,?,default)
Hibernate: insert into "player" ("birth","cndtion","defending","goalkeeping","moral","name","on_sale","original_team_id","passing","playmaking","potential","preferred_foot","role","salary","scoring","set_pieces","stamina","surname","team_id","winger","id") values (?,?,?,?,?,?,?,?,?,?,?,?,?,?,?,?,?,?,?,?,default)
Hibernate: insert into "player" ("birth","cndtion","defending","goalkeeping","moral","name","on_sale","original_team_id","passing","playmaking","potential","preferred_foot","role","salary","scoring","set_pieces","stamina","surname","team_id","winger","id") values (?,?,?,?,?,?,?,?,?,?,?,?,?,?,?,?,?,?,?,?,default)
Hibernate: insert into "player" ("birth","cndtion","defending","goalkeeping","moral","name","on_sale","original_team_id","passing","playmaking","potential","preferred_foot","role","salary","scoring","set_pieces","stamina","surname","team_id","winger","id") values (?,?,?,?,?,?,?,?,?,?,?,?,?,?,?,?,?,?,?,?,default)
Hibernate: insert into "player" ("birth","cndtion","defending","goalkeeping","moral","name","on_sale","original_team_id","passing","playmaking","potential","preferred_foot","role","salary","scoring","set_pieces","stamina","surname","team_id","winger","id") values (?,?,?,?,?,?,?,?,?,?,?,?,?,?,?,?,?,?,?,?,default)
Hibernate: insert into "player" ("birth","cndtion","defending","goalkeeping","moral","name","on_sale","original_team_id","passing","playmaking","potential","preferred_foot","role","salary","scoring","set_pieces","stamina","surname","team_id","winger","id") values (?,?,?,?,?,?,?,?,?,?,?,?,?,?,?,?,?,?,?,?,default)
Hibernate: insert into "player" ("birth","cndtion","defending","goalkeeping","moral","name","on_sale","original_team_id","passing","playmaking","potential","preferred_foot","role","salary","scoring","set_pieces","stamina","surname","team_id","winger","id") values (?,?,?,?,?,?,?,?,?,?,?,?,?,?,?,?,?,?,?,?,default)
Hibernate: insert into "player" ("birth","cndtion","defending","goalkeeping","moral","name","on_sale","original_team_id","passing","playmaking","potential","preferred_foot","role","salary","scoring","set_pieces","stamina","surname","team_id","winger","id") values (?,?,?,?,?,?,?,?,?,?,?,?,?,?,?,?,?,?,?,?,default)
Hibernate: insert into "player" ("birth","cndtion","defending","goalkeeping","moral","name","on_sale","original_team_id","passing","playmaking","potential","preferred_foot","role","salary","scoring","set_pieces","stamina","surname","team_id","winger","id") values (?,?,?,?,?,?,?,?,?,?,?,?,?,?,?,?,?,?,?,?,default)
Hibernate: insert into "player" ("birth","cndtion","defending","goalkeeping","moral","name","on_sale","original_team_id","passing","playmaking","potential","preferred_foot","role","salary","scoring","set_pieces","stamina","surname","team_id","winger","id") values (?,?,?,?,?,?,?,?,?,?,?,?,?,?,?,?,?,?,?,?,default)
Hibernate: insert into "player" ("birth","cndtion","defending","goalkeeping","moral","name","on_sale","original_team_id","passing","playmaking","potential","preferred_foot","role","salary","scoring","set_pieces","stamina","surname","team_id","winger","id") values (?,?,?,?,?,?,?,?,?,?,?,?,?,?,?,?,?,?,?,?,default)
Hibernate: insert into "club" ("city","finance_id","foundation","league_id","logourl","medical_center_id","name","stadium_id","team_id","training_facility_id","under18_id","youth_academy_id","id") values (?,?,?,?,?,?,?,?,?,?,?,?,default)
Hibernate: insert into "finance" ("balance","debt","facility_maintenance","last_updated","loan_interest","matchday_revenue","merchandise_revenue","monthly_budget","net_worth","operational_costs","player_salaries","prize_money_revenue","profit_margin","season_budget","sponsorship_revenue","staff_salaries","total_expenses","total_revenue","transfer_expenses","transfer_revenue","tv_rights_revenue","id") values (?,?,?,?,?,?,?,?,?,?,?,?,?,?,?,?,?,?,?,?,?,default)
Hibernate: insert into "stadium" ("accessibility_level","atmosphere_multiplier","base_capacity","capacity","construction_cost","facilities_quality","grandstand_est","grandstand_nord","grandstand_sud","grandstand_west","has_media_center","has_megastore","has_museum","has_roof","has_undersoil_heating","has_vip_boxes","last_upgrade_date","maintenance_cost","name","next_maintenance_date","pitch_quality","revenue_multiplier","security_level","upgrade_value","id") values (?,?,?,?,?,?,?,?,?,?,?,?,?,?,?,?,?,?,?,?,?,?,?,?,default)
Hibernate: insert into "team" ("formation_id","id") values (?,default)
Hibernate: insert into "player" ("birth","cndtion","defending","goalkeeping","moral","name","on_sale","original_team_id","passing","playmaking","potential","preferred_foot","role","salary","scoring","set_pieces","stamina","surname","team_id","winger","id") values (?,?,?,?,?,?,?,?,?,?,?,?,?,?,?,?,?,?,?,?,default)
Hibernate: insert into "player" ("birth","cndtion","defending","goalkeeping","moral","name","on_sale","original_team_id","passing","playmaking","potential","preferred_foot","role","salary","scoring","set_pieces","stamina","surname","team_id","winger","id") values (?,?,?,?,?,?,?,?,?,?,?,?,?,?,?,?,?,?,?,?,default)
Hibernate: insert into "player" ("birth","cndtion","defending","goalkeeping","moral","name","on_sale","original_team_id","passing","playmaking","potential","preferred_foot","role","salary","scoring","set_pieces","stamina","surname","team_id","winger","id") values (?,?,?,?,?,?,?,?,?,?,?,?,?,?,?,?,?,?,?,?,default)
Hibernate: insert into "player" ("birth","cndtion","defending","goalkeeping","moral","name","on_sale","original_team_id","passing","playmaking","potential","preferred_foot","role","salary","scoring","set_pieces","stamina","surname","team_id","winger","id") values (?,?,?,?,?,?,?,?,?,?,?,?,?,?,?,?,?,?,?,?,default)
Hibernate: insert into "player" ("birth","cndtion","defending","goalkeeping","moral","name","on_sale","original_team_id","passing","playmaking","potential","preferred_foot","role","salary","scoring","set_pieces","stamina","surname","team_id","winger","id") values (?,?,?,?,?,?,?,?,?,?,?,?,?,?,?,?,?,?,?,?,default)
Hibernate: insert into "player" ("birth","cndtion","defending","goalkeeping","moral","name","on_sale","original_team_id","passing","playmaking","potential","preferred_foot","role","salary","scoring","set_pieces","stamina","surname","team_id","winger","id") values (?,?,?,?,?,?,?,?,?,?,?,?,?,?,?,?,?,?,?,?,default)
Hibernate: insert into "player" ("birth","cndtion","defending","goalkeeping","moral","name","on_sale","original_team_id","passing","playmaking","potential","preferred_foot","role","salary","scoring","set_pieces","stamina","surname","team_id","winger","id") values (?,?,?,?,?,?,?,?,?,?,?,?,?,?,?,?,?,?,?,?,default)
Hibernate: insert into "player" ("birth","cndtion","defending","goalkeeping","moral","name","on_sale","original_team_id","passing","playmaking","potential","preferred_foot","role","salary","scoring","set_pieces","stamina","surname","team_id","winger","id") values (?,?,?,?,?,?,?,?,?,?,?,?,?,?,?,?,?,?,?,?,default)
Hibernate: insert into "player" ("birth","cndtion","defending","goalkeeping","moral","name","on_sale","original_team_id","passing","playmaking","potential","preferred_foot","role","salary","scoring","set_pieces","stamina","surname","team_id","winger","id") values (?,?,?,?,?,?,?,?,?,?,?,?,?,?,?,?,?,?,?,?,default)
Hibernate: insert into "player" ("birth","cndtion","defending","goalkeeping","moral","name","on_sale","original_team_id","passing","playmaking","potential","preferred_foot","role","salary","scoring","set_pieces","stamina","surname","team_id","winger","id") values (?,?,?,?,?,?,?,?,?,?,?,?,?,?,?,?,?,?,?,?,default)
Hibernate: insert into "player" ("birth","cndtion","defending","goalkeeping","moral","name","on_sale","original_team_id","passing","playmaking","potential","preferred_foot","role","salary","scoring","set_pieces","stamina","surname","team_id","winger","id") values (?,?,?,?,?,?,?,?,?,?,?,?,?,?,?,?,?,?,?,?,default)
Hibernate: insert into "player" ("birth","cndtion","defending","goalkeeping","moral","name","on_sale","original_team_id","passing","playmaking","potential","preferred_foot","role","salary","scoring","set_pieces","stamina","surname","team_id","winger","id") values (?,?,?,?,?,?,?,?,?,?,?,?,?,?,?,?,?,?,?,?,default)
Hibernate: insert into "player" ("birth","cndtion","defending","goalkeeping","moral","name","on_sale","original_team_id","passing","playmaking","potential","preferred_foot","role","salary","scoring","set_pieces","stamina","surname","team_id","winger","id") values (?,?,?,?,?,?,?,?,?,?,?,?,?,?,?,?,?,?,?,?,default)
Hibernate: insert into "player" ("birth","cndtion","defending","goalkeeping","moral","name","on_sale","original_team_id","passing","playmaking","potential","preferred_foot","role","salary","scoring","set_pieces","stamina","surname","team_id","winger","id") values (?,?,?,?,?,?,?,?,?,?,?,?,?,?,?,?,?,?,?,?,default)
Hibernate: insert into "player" ("birth","cndtion","defending","goalkeeping","moral","name","on_sale","original_team_id","passing","playmaking","potential","preferred_foot","role","salary","scoring","set_pieces","stamina","surname","team_id","winger","id") values (?,?,?,?,?,?,?,?,?,?,?,?,?,?,?,?,?,?,?,?,default)
Hibernate: insert into "player" ("birth","cndtion","defending","goalkeeping","moral","name","on_sale","original_team_id","passing","playmaking","potential","preferred_foot","role","salary","scoring","set_pieces","stamina","surname","team_id","winger","id") values (?,?,?,?,?,?,?,?,?,?,?,?,?,?,?,?,?,?,?,?,default)
Hibernate: insert into "player" ("birth","cndtion","defending","goalkeeping","moral","name","on_sale","original_team_id","passing","playmaking","potential","preferred_foot","role","salary","scoring","set_pieces","stamina","surname","team_id","winger","id") values (?,?,?,?,?,?,?,?,?,?,?,?,?,?,?,?,?,?,?,?,default)
Hibernate: insert into "player" ("birth","cndtion","defending","goalkeeping","moral","name","on_sale","original_team_id","passing","playmaking","potential","preferred_foot","role","salary","scoring","set_pieces","stamina","surname","team_id","winger","id") values (?,?,?,?,?,?,?,?,?,?,?,?,?,?,?,?,?,?,?,?,default)
Hibernate: insert into "player" ("birth","cndtion","defending","goalkeeping","moral","name","on_sale","original_team_id","passing","playmaking","potential","preferred_foot","role","salary","scoring","set_pieces","stamina","surname","team_id","winger","id") values (?,?,?,?,?,?,?,?,?,?,?,?,?,?,?,?,?,?,?,?,default)
Hibernate: insert into "player" ("birth","cndtion","defending","goalkeeping","moral","name","on_sale","original_team_id","passing","playmaking","potential","preferred_foot","role","salary","scoring","set_pieces","stamina","surname","team_id","winger","id") values (?,?,?,?,?,?,?,?,?,?,?,?,?,?,?,?,?,?,?,?,default)
Hibernate: insert into "player" ("birth","cndtion","defending","goalkeeping","moral","name","on_sale","original_team_id","passing","playmaking","potential","preferred_foot","role","salary","scoring","set_pieces","stamina","surname","team_id","winger","id") values (?,?,?,?,?,?,?,?,?,?,?,?,?,?,?,?,?,?,?,?,default)
Hibernate: insert into "player" ("birth","cndtion","defending","goalkeeping","moral","name","on_sale","original_team_id","passing","playmaking","potential","preferred_foot","role","salary","scoring","set_pieces","stamina","surname","team_id","winger","id") values (?,?,?,?,?,?,?,?,?,?,?,?,?,?,?,?,?,?,?,?,default)
Hibernate: insert into "player" ("birth","cndtion","defending","goalkeeping","moral","name","on_sale","original_team_id","passing","playmaking","potential","preferred_foot","role","salary","scoring","set_pieces","stamina","surname","team_id","winger","id") values (?,?,?,?,?,?,?,?,?,?,?,?,?,?,?,?,?,?,?,?,default)
Hibernate: insert into "club" ("city","finance_id","foundation","league_id","logourl","medical_center_id","name","stadium_id","team_id","training_facility_id","under18_id","youth_academy_id","id") values (?,?,?,?,?,?,?,?,?,?,?,?,default)
Hibernate: insert into "finance" ("balance","debt","facility_maintenance","last_updated","loan_interest","matchday_revenue","merchandise_revenue","monthly_budget","net_worth","operational_costs","player_salaries","prize_money_revenue","profit_margin","season_budget","sponsorship_revenue","staff_salaries","total_expenses","total_revenue","transfer_expenses","transfer_revenue","tv_rights_revenue","id") values (?,?,?,?,?,?,?,?,?,?,?,?,?,?,?,?,?,?,?,?,?,default)
Hibernate: insert into "stadium" ("accessibility_level","atmosphere_multiplier","base_capacity","capacity","construction_cost","facilities_quality","grandstand_est","grandstand_nord","grandstand_sud","grandstand_west","has_media_center","has_megastore","has_museum","has_roof","has_undersoil_heating","has_vip_boxes","last_upgrade_date","maintenance_cost","name","next_maintenance_date","pitch_quality","revenue_multiplier","security_level","upgrade_value","id") values (?,?,?,?,?,?,?,?,?,?,?,?,?,?,?,?,?,?,?,?,?,?,?,?,default)
Hibernate: insert into "team" ("formation_id","id") values (?,default)
Hibernate: insert into "player" ("birth","cndtion","defending","goalkeeping","moral","name","on_sale","original_team_id","passing","playmaking","potential","preferred_foot","role","salary","scoring","set_pieces","stamina","surname","team_id","winger","id") values (?,?,?,?,?,?,?,?,?,?,?,?,?,?,?,?,?,?,?,?,default)
Hibernate: insert into "player" ("birth","cndtion","defending","goalkeeping","moral","name","on_sale","original_team_id","passing","playmaking","potential","preferred_foot","role","salary","scoring","set_pieces","stamina","surname","team_id","winger","id") values (?,?,?,?,?,?,?,?,?,?,?,?,?,?,?,?,?,?,?,?,default)
Hibernate: insert into "player" ("birth","cndtion","defending","goalkeeping","moral","name","on_sale","original_team_id","passing","playmaking","potential","preferred_foot","role","salary","scoring","set_pieces","stamina","surname","team_id","winger","id") values (?,?,?,?,?,?,?,?,?,?,?,?,?,?,?,?,?,?,?,?,default)
Hibernate: insert into "player" ("birth","cndtion","defending","goalkeeping","moral","name","on_sale","original_team_id","passing","playmaking","potential","preferred_foot","role","salary","scoring","set_pieces","stamina","surname","team_id","winger","id") values (?,?,?,?,?,?,?,?,?,?,?,?,?,?,?,?,?,?,?,?,default)
Hibernate: insert into "player" ("birth","cndtion","defending","goalkeeping","moral","name","on_sale","original_team_id","passing","playmaking","potential","preferred_foot","role","salary","scoring","set_pieces","stamina","surname","team_id","winger","id") values (?,?,?,?,?,?,?,?,?,?,?,?,?,?,?,?,?,?,?,?,default)
Hibernate: insert into "player" ("birth","cndtion","defending","goalkeeping","moral","name","on_sale","original_team_id","passing","playmaking","potential","preferred_foot","role","salary","scoring","set_pieces","stamina","surname","team_id","winger","id") values (?,?,?,?,?,?,?,?,?,?,?,?,?,?,?,?,?,?,?,?,default)
Hibernate: insert into "player" ("birth","cndtion","defending","goalkeeping","moral","name","on_sale","original_team_id","passing","playmaking","potential","preferred_foot","role","salary","scoring","set_pieces","stamina","surname","team_id","winger","id") values (?,?,?,?,?,?,?,?,?,?,?,?,?,?,?,?,?,?,?,?,default)
Hibernate: insert into "player" ("birth","cndtion","defending","goalkeeping","moral","name","on_sale","original_team_id","passing","playmaking","potential","preferred_foot","role","salary","scoring","set_pieces","stamina","surname","team_id","winger","id") values (?,?,?,?,?,?,?,?,?,?,?,?,?,?,?,?,?,?,?,?,default)
Hibernate: insert into "player" ("birth","cndtion","defending","goalkeeping","moral","name","on_sale","original_team_id","passing","playmaking","potential","preferred_foot","role","salary","scoring","set_pieces","stamina","surname","team_id","winger","id") values (?,?,?,?,?,?,?,?,?,?,?,?,?,?,?,?,?,?,?,?,default)
Hibernate: insert into "player" ("birth","cndtion","defending","goalkeeping","moral","name","on_sale","original_team_id","passing","playmaking","potential","preferred_foot","role","salary","scoring","set_pieces","stamina","surname","team_id","winger","id") values (?,?,?,?,?,?,?,?,?,?,?,?,?,?,?,?,?,?,?,?,default)
Hibernate: insert into "player" ("birth","cndtion","defending","goalkeeping","moral","name","on_sale","original_team_id","passing","playmaking","potential","preferred_foot","role","salary","scoring","set_pieces","stamina","surname","team_id","winger","id") values (?,?,?,?,?,?,?,?,?,?,?,?,?,?,?,?,?,?,?,?,default)
Hibernate: insert into "player" ("birth","cndtion","defending","goalkeeping","moral","name","on_sale","original_team_id","passing","playmaking","potential","preferred_foot","role","salary","scoring","set_pieces","stamina","surname","team_id","winger","id") values (?,?,?,?,?,?,?,?,?,?,?,?,?,?,?,?,?,?,?,?,default)
Hibernate: insert into "player" ("birth","cndtion","defending","goalkeeping","moral","name","on_sale","original_team_id","passing","playmaking","potential","preferred_foot","role","salary","scoring","set_pieces","stamina","surname","team_id","winger","id") values (?,?,?,?,?,?,?,?,?,?,?,?,?,?,?,?,?,?,?,?,default)
Hibernate: insert into "player" ("birth","cndtion","defending","goalkeeping","moral","name","on_sale","original_team_id","passing","playmaking","potential","preferred_foot","role","salary","scoring","set_pieces","stamina","surname","team_id","winger","id") values (?,?,?,?,?,?,?,?,?,?,?,?,?,?,?,?,?,?,?,?,default)
Hibernate: insert into "player" ("birth","cndtion","defending","goalkeeping","moral","name","on_sale","original_team_id","passing","playmaking","potential","preferred_foot","role","salary","scoring","set_pieces","stamina","surname","team_id","winger","id") values (?,?,?,?,?,?,?,?,?,?,?,?,?,?,?,?,?,?,?,?,default)
Hibernate: insert into "player" ("birth","cndtion","defending","goalkeeping","moral","name","on_sale","original_team_id","passing","playmaking","potential","preferred_foot","role","salary","scoring","set_pieces","stamina","surname","team_id","winger","id") values (?,?,?,?,?,?,?,?,?,?,?,?,?,?,?,?,?,?,?,?,default)
Hibernate: insert into "player" ("birth","cndtion","defending","goalkeeping","moral","name","on_sale","original_team_id","passing","playmaking","potential","preferred_foot","role","salary","scoring","set_pieces","stamina","surname","team_id","winger","id") values (?,?,?,?,?,?,?,?,?,?,?,?,?,?,?,?,?,?,?,?,default)
Hibernate: insert into "player" ("birth","cndtion","defending","goalkeeping","moral","name","on_sale","original_team_id","passing","playmaking","potential","preferred_foot","role","salary","scoring","set_pieces","stamina","surname","team_id","winger","id") values (?,?,?,?,?,?,?,?,?,?,?,?,?,?,?,?,?,?,?,?,default)
Hibernate: insert into "player" ("birth","cndtion","defending","goalkeeping","moral","name","on_sale","original_team_id","passing","playmaking","potential","preferred_foot","role","salary","scoring","set_pieces","stamina","surname","team_id","winger","id") values (?,?,?,?,?,?,?,?,?,?,?,?,?,?,?,?,?,?,?,?,default)
Hibernate: insert into "player" ("birth","cndtion","defending","goalkeeping","moral","name","on_sale","original_team_id","passing","playmaking","potential","preferred_foot","role","salary","scoring","set_pieces","stamina","surname","team_id","winger","id") values (?,?,?,?,?,?,?,?,?,?,?,?,?,?,?,?,?,?,?,?,default)
Hibernate: insert into "player" ("birth","cndtion","defending","goalkeeping","moral","name","on_sale","original_team_id","passing","playmaking","potential","preferred_foot","role","salary","scoring","set_pieces","stamina","surname","team_id","winger","id") values (?,?,?,?,?,?,?,?,?,?,?,?,?,?,?,?,?,?,?,?,default)
Hibernate: insert into "player" ("birth","cndtion","defending","goalkeeping","moral","name","on_sale","original_team_id","passing","playmaking","potential","preferred_foot","role","salary","scoring","set_pieces","stamina","surname","team_id","winger","id") values (?,?,?,?,?,?,?,?,?,?,?,?,?,?,?,?,?,?,?,?,default)
Hibernate: insert into "player" ("birth","cndtion","defending","goalkeeping","moral","name","on_sale","original_team_id","passing","playmaking","potential","preferred_foot","role","salary","scoring","set_pieces","stamina","surname","team_id","winger","id") values (?,?,?,?,?,?,?,?,?,?,?,?,?,?,?,?,?,?,?,?,default)
Hibernate: insert into "club" ("city","finance_id","foundation","league_id","logourl","medical_center_id","name","stadium_id","team_id","training_facility_id","under18_id","youth_academy_id","id") values (?,?,?,?,?,?,?,?,?,?,?,?,default)
Hibernate: insert into "finance" ("balance","debt","facility_maintenance","last_updated","loan_interest","matchday_revenue","merchandise_revenue","monthly_budget","net_worth","operational_costs","player_salaries","prize_money_revenue","profit_margin","season_budget","sponsorship_revenue","staff_salaries","total_expenses","total_revenue","transfer_expenses","transfer_revenue","tv_rights_revenue","id") values (?,?,?,?,?,?,?,?,?,?,?,?,?,?,?,?,?,?,?,?,?,default)
Hibernate: insert into "stadium" ("accessibility_level","atmosphere_multiplier","base_capacity","capacity","construction_cost","facilities_quality","grandstand_est","grandstand_nord","grandstand_sud","grandstand_west","has_media_center","has_megastore","has_museum","has_roof","has_undersoil_heating","has_vip_boxes","last_upgrade_date","maintenance_cost","name","next_maintenance_date","pitch_quality","revenue_multiplier","security_level","upgrade_value","id") values (?,?,?,?,?,?,?,?,?,?,?,?,?,?,?,?,?,?,?,?,?,?,?,?,default)
Hibernate: insert into "team" ("formation_id","id") values (?,default)
Hibernate: insert into "player" ("birth","cndtion","defending","goalkeeping","moral","name","on_sale","original_team_id","passing","playmaking","potential","preferred_foot","role","salary","scoring","set_pieces","stamina","surname","team_id","winger","id") values (?,?,?,?,?,?,?,?,?,?,?,?,?,?,?,?,?,?,?,?,default)
Hibernate: insert into "player" ("birth","cndtion","defending","goalkeeping","moral","name","on_sale","original_team_id","passing","playmaking","potential","preferred_foot","role","salary","scoring","set_pieces","stamina","surname","team_id","winger","id") values (?,?,?,?,?,?,?,?,?,?,?,?,?,?,?,?,?,?,?,?,default)
Hibernate: insert into "player" ("birth","cndtion","defending","goalkeeping","moral","name","on_sale","original_team_id","passing","playmaking","potential","preferred_foot","role","salary","scoring","set_pieces","stamina","surname","team_id","winger","id") values (?,?,?,?,?,?,?,?,?,?,?,?,?,?,?,?,?,?,?,?,default)
Hibernate: insert into "player" ("birth","cndtion","defending","goalkeeping","moral","name","on_sale","original_team_id","passing","playmaking","potential","preferred_foot","role","salary","scoring","set_pieces","stamina","surname","team_id","winger","id") values (?,?,?,?,?,?,?,?,?,?,?,?,?,?,?,?,?,?,?,?,default)
Hibernate: insert into "player" ("birth","cndtion","defending","goalkeeping","moral","name","on_sale","original_team_id","passing","playmaking","potential","preferred_foot","role","salary","scoring","set_pieces","stamina","surname","team_id","winger","id") values (?,?,?,?,?,?,?,?,?,?,?,?,?,?,?,?,?,?,?,?,default)
Hibernate: insert into "player" ("birth","cndtion","defending","goalkeeping","moral","name","on_sale","original_team_id","passing","playmaking","potential","preferred_foot","role","salary","scoring","set_pieces","stamina","surname","team_id","winger","id") values (?,?,?,?,?,?,?,?,?,?,?,?,?,?,?,?,?,?,?,?,default)
Hibernate: insert into "player" ("birth","cndtion","defending","goalkeeping","moral","name","on_sale","original_team_id","passing","playmaking","potential","preferred_foot","role","salary","scoring","set_pieces","stamina","surname","team_id","winger","id") values (?,?,?,?,?,?,?,?,?,?,?,?,?,?,?,?,?,?,?,?,default)
Hibernate: insert into "player" ("birth","cndtion","defending","goalkeeping","moral","name","on_sale","original_team_id","passing","playmaking","potential","preferred_foot","role","salary","scoring","set_pieces","stamina","surname","team_id","winger","id") values (?,?,?,?,?,?,?,?,?,?,?,?,?,?,?,?,?,?,?,?,default)
Hibernate: insert into "player" ("birth","cndtion","defending","goalkeeping","moral","name","on_sale","original_team_id","passing","playmaking","potential","preferred_foot","role","salary","scoring","set_pieces","stamina","surname","team_id","winger","id") values (?,?,?,?,?,?,?,?,?,?,?,?,?,?,?,?,?,?,?,?,default)
Hibernate: insert into "player" ("birth","cndtion","defending","goalkeeping","moral","name","on_sale","original_team_id","passing","playmaking","potential","preferred_foot","role","salary","scoring","set_pieces","stamina","surname","team_id","winger","id") values (?,?,?,?,?,?,?,?,?,?,?,?,?,?,?,?,?,?,?,?,default)
Hibernate: insert into "player" ("birth","cndtion","defending","goalkeeping","moral","name","on_sale","original_team_id","passing","playmaking","potential","preferred_foot","role","salary","scoring","set_pieces","stamina","surname","team_id","winger","id") values (?,?,?,?,?,?,?,?,?,?,?,?,?,?,?,?,?,?,?,?,default)
Hibernate: insert into "player" ("birth","cndtion","defending","goalkeeping","moral","name","on_sale","original_team_id","passing","playmaking","potential","preferred_foot","role","salary","scoring","set_pieces","stamina","surname","team_id","winger","id") values (?,?,?,?,?,?,?,?,?,?,?,?,?,?,?,?,?,?,?,?,default)
Hibernate: insert into "player" ("birth","cndtion","defending","goalkeeping","moral","name","on_sale","original_team_id","passing","playmaking","potential","preferred_foot","role","salary","scoring","set_pieces","stamina","surname","team_id","winger","id") values (?,?,?,?,?,?,?,?,?,?,?,?,?,?,?,?,?,?,?,?,default)
Hibernate: insert into "player" ("birth","cndtion","defending","goalkeeping","moral","name","on_sale","original_team_id","passing","playmaking","potential","preferred_foot","role","salary","scoring","set_pieces","stamina","surname","team_id","winger","id") values (?,?,?,?,?,?,?,?,?,?,?,?,?,?,?,?,?,?,?,?,default)
Hibernate: insert into "player" ("birth","cndtion","defending","goalkeeping","moral","name","on_sale","original_team_id","passing","playmaking","potential","preferred_foot","role","salary","scoring","set_pieces","stamina","surname","team_id","winger","id") values (?,?,?,?,?,?,?,?,?,?,?,?,?,?,?,?,?,?,?,?,default)
Hibernate: insert into "player" ("birth","cndtion","defending","goalkeeping","moral","name","on_sale","original_team_id","passing","playmaking","potential","preferred_foot","role","salary","scoring","set_pieces","stamina","surname","team_id","winger","id") values (?,?,?,?,?,?,?,?,?,?,?,?,?,?,?,?,?,?,?,?,default)
Hibernate: insert into "player" ("birth","cndtion","defending","goalkeeping","moral","name","on_sale","original_team_id","passing","playmaking","potential","preferred_foot","role","salary","scoring","set_pieces","stamina","surname","team_id","winger","id") values (?,?,?,?,?,?,?,?,?,?,?,?,?,?,?,?,?,?,?,?,default)
Hibernate: insert into "player" ("birth","cndtion","defending","goalkeeping","moral","name","on_sale","original_team_id","passing","playmaking","potential","preferred_foot","role","salary","scoring","set_pieces","stamina","surname","team_id","winger","id") values (?,?,?,?,?,?,?,?,?,?,?,?,?,?,?,?,?,?,?,?,default)
Hibernate: insert into "player" ("birth","cndtion","defending","goalkeeping","moral","name","on_sale","original_team_id","passing","playmaking","potential","preferred_foot","role","salary","scoring","set_pieces","stamina","surname","team_id","winger","id") values (?,?,?,?,?,?,?,?,?,?,?,?,?,?,?,?,?,?,?,?,default)
Hibernate: insert into "player" ("birth","cndtion","defending","goalkeeping","moral","name","on_sale","original_team_id","passing","playmaking","potential","preferred_foot","role","salary","scoring","set_pieces","stamina","surname","team_id","winger","id") values (?,?,?,?,?,?,?,?,?,?,?,?,?,?,?,?,?,?,?,?,default)
Hibernate: insert into "player" ("birth","cndtion","defending","goalkeeping","moral","name","on_sale","original_team_id","passing","playmaking","potential","preferred_foot","role","salary","scoring","set_pieces","stamina","surname","team_id","winger","id") values (?,?,?,?,?,?,?,?,?,?,?,?,?,?,?,?,?,?,?,?,default)
Hibernate: insert into "player" ("birth","cndtion","defending","goalkeeping","moral","name","on_sale","original_team_id","passing","playmaking","potential","preferred_foot","role","salary","scoring","set_pieces","stamina","surname","team_id","winger","id") values (?,?,?,?,?,?,?,?,?,?,?,?,?,?,?,?,?,?,?,?,default)
Hibernate: insert into "player" ("birth","cndtion","defending","goalkeeping","moral","name","on_sale","original_team_id","passing","playmaking","potential","preferred_foot","role","salary","scoring","set_pieces","stamina","surname","team_id","winger","id") values (?,?,?,?,?,?,?,?,?,?,?,?,?,?,?,?,?,?,?,?,default)
Hibernate: insert into "club" ("city","finance_id","foundation","league_id","logourl","medical_center_id","name","stadium_id","team_id","training_facility_id","under18_id","youth_academy_id","id") values (?,?,?,?,?,?,?,?,?,?,?,?,default)
Hibernate: insert into "finance" ("balance","debt","facility_maintenance","last_updated","loan_interest","matchday_revenue","merchandise_revenue","monthly_budget","net_worth","operational_costs","player_salaries","prize_money_revenue","profit_margin","season_budget","sponsorship_revenue","staff_salaries","total_expenses","total_revenue","transfer_expenses","transfer_revenue","tv_rights_revenue","id") values (?,?,?,?,?,?,?,?,?,?,?,?,?,?,?,?,?,?,?,?,?,default)
Hibernate: insert into "stadium" ("accessibility_level","atmosphere_multiplier","base_capacity","capacity","construction_cost","facilities_quality","grandstand_est","grandstand_nord","grandstand_sud","grandstand_west","has_media_center","has_megastore","has_museum","has_roof","has_undersoil_heating","has_vip_boxes","last_upgrade_date","maintenance_cost","name","next_maintenance_date","pitch_quality","revenue_multiplier","security_level","upgrade_value","id") values (?,?,?,?,?,?,?,?,?,?,?,?,?,?,?,?,?,?,?,?,?,?,?,?,default)
Hibernate: insert into "team" ("formation_id","id") values (?,default)
Hibernate: insert into "player" ("birth","cndtion","defending","goalkeeping","moral","name","on_sale","original_team_id","passing","playmaking","potential","preferred_foot","role","salary","scoring","set_pieces","stamina","surname","team_id","winger","id") values (?,?,?,?,?,?,?,?,?,?,?,?,?,?,?,?,?,?,?,?,default)
Hibernate: insert into "player" ("birth","cndtion","defending","goalkeeping","moral","name","on_sale","original_team_id","passing","playmaking","potential","preferred_foot","role","salary","scoring","set_pieces","stamina","surname","team_id","winger","id") values (?,?,?,?,?,?,?,?,?,?,?,?,?,?,?,?,?,?,?,?,default)
Hibernate: insert into "player" ("birth","cndtion","defending","goalkeeping","moral","name","on_sale","original_team_id","passing","playmaking","potential","preferred_foot","role","salary","scoring","set_pieces","stamina","surname","team_id","winger","id") values (?,?,?,?,?,?,?,?,?,?,?,?,?,?,?,?,?,?,?,?,default)
Hibernate: insert into "player" ("birth","cndtion","defending","goalkeeping","moral","name","on_sale","original_team_id","passing","playmaking","potential","preferred_foot","role","salary","scoring","set_pieces","stamina","surname","team_id","winger","id") values (?,?,?,?,?,?,?,?,?,?,?,?,?,?,?,?,?,?,?,?,default)
Hibernate: insert into "player" ("birth","cndtion","defending","goalkeeping","moral","name","on_sale","original_team_id","passing","playmaking","potential","preferred_foot","role","salary","scoring","set_pieces","stamina","surname","team_id","winger","id") values (?,?,?,?,?,?,?,?,?,?,?,?,?,?,?,?,?,?,?,?,default)
Hibernate: insert into "player" ("birth","cndtion","defending","goalkeeping","moral","name","on_sale","original_team_id","passing","playmaking","potential","preferred_foot","role","salary","scoring","set_pieces","stamina","surname","team_id","winger","id") values (?,?,?,?,?,?,?,?,?,?,?,?,?,?,?,?,?,?,?,?,default)
Hibernate: insert into "player" ("birth","cndtion","defending","goalkeeping","moral","name","on_sale","original_team_id","passing","playmaking","potential","preferred_foot","role","salary","scoring","set_pieces","stamina","surname","team_id","winger","id") values (?,?,?,?,?,?,?,?,?,?,?,?,?,?,?,?,?,?,?,?,default)
Hibernate: insert into "player" ("birth","cndtion","defending","goalkeeping","moral","name","on_sale","original_team_id","passing","playmaking","potential","preferred_foot","role","salary","scoring","set_pieces","stamina","surname","team_id","winger","id") values (?,?,?,?,?,?,?,?,?,?,?,?,?,?,?,?,?,?,?,?,default)
Hibernate: insert into "player" ("birth","cndtion","defending","goalkeeping","moral","name","on_sale","original_team_id","passing","playmaking","potential","preferred_foot","role","salary","scoring","set_pieces","stamina","surname","team_id","winger","id") values (?,?,?,?,?,?,?,?,?,?,?,?,?,?,?,?,?,?,?,?,default)
Hibernate: insert into "player" ("birth","cndtion","defending","goalkeeping","moral","name","on_sale","original_team_id","passing","playmaking","potential","preferred_foot","role","salary","scoring","set_pieces","stamina","surname","team_id","winger","id") values (?,?,?,?,?,?,?,?,?,?,?,?,?,?,?,?,?,?,?,?,default)
Hibernate: insert into "player" ("birth","cndtion","defending","goalkeeping","moral","name","on_sale","original_team_id","passing","playmaking","potential","preferred_foot","role","salary","scoring","set_pieces","stamina","surname","team_id","winger","id") values (?,?,?,?,?,?,?,?,?,?,?,?,?,?,?,?,?,?,?,?,default)
Hibernate: insert into "player" ("birth","cndtion","defending","goalkeeping","moral","name","on_sale","original_team_id","passing","playmaking","potential","preferred_foot","role","salary","scoring","set_pieces","stamina","surname","team_id","winger","id") values (?,?,?,?,?,?,?,?,?,?,?,?,?,?,?,?,?,?,?,?,default)
Hibernate: insert into "player" ("birth","cndtion","defending","goalkeeping","moral","name","on_sale","original_team_id","passing","playmaking","potential","preferred_foot","role","salary","scoring","set_pieces","stamina","surname","team_id","winger","id") values (?,?,?,?,?,?,?,?,?,?,?,?,?,?,?,?,?,?,?,?,default)
Hibernate: insert into "player" ("birth","cndtion","defending","goalkeeping","moral","name","on_sale","original_team_id","passing","playmaking","potential","preferred_foot","role","salary","scoring","set_pieces","stamina","surname","team_id","winger","id") values (?,?,?,?,?,?,?,?,?,?,?,?,?,?,?,?,?,?,?,?,default)
Hibernate: insert into "player" ("birth","cndtion","defending","goalkeeping","moral","name","on_sale","original_team_id","passing","playmaking","potential","preferred_foot","role","salary","scoring","set_pieces","stamina","surname","team_id","winger","id") values (?,?,?,?,?,?,?,?,?,?,?,?,?,?,?,?,?,?,?,?,default)
Hibernate: insert into "player" ("birth","cndtion","defending","goalkeeping","moral","name","on_sale","original_team_id","passing","playmaking","potential","preferred_foot","role","salary","scoring","set_pieces","stamina","surname","team_id","winger","id") values (?,?,?,?,?,?,?,?,?,?,?,?,?,?,?,?,?,?,?,?,default)
Hibernate: insert into "player" ("birth","cndtion","defending","goalkeeping","moral","name","on_sale","original_team_id","passing","playmaking","potential","preferred_foot","role","salary","scoring","set_pieces","stamina","surname","team_id","winger","id") values (?,?,?,?,?,?,?,?,?,?,?,?,?,?,?,?,?,?,?,?,default)
Hibernate: insert into "player" ("birth","cndtion","defending","goalkeeping","moral","name","on_sale","original_team_id","passing","playmaking","potential","preferred_foot","role","salary","scoring","set_pieces","stamina","surname","team_id","winger","id") values (?,?,?,?,?,?,?,?,?,?,?,?,?,?,?,?,?,?,?,?,default)
Hibernate: insert into "player" ("birth","cndtion","defending","goalkeeping","moral","name","on_sale","original_team_id","passing","playmaking","potential","preferred_foot","role","salary","scoring","set_pieces","stamina","surname","team_id","winger","id") values (?,?,?,?,?,?,?,?,?,?,?,?,?,?,?,?,?,?,?,?,default)
Hibernate: insert into "player" ("birth","cndtion","defending","goalkeeping","moral","name","on_sale","original_team_id","passing","playmaking","potential","preferred_foot","role","salary","scoring","set_pieces","stamina","surname","team_id","winger","id") values (?,?,?,?,?,?,?,?,?,?,?,?,?,?,?,?,?,?,?,?,default)
Hibernate: insert into "player" ("birth","cndtion","defending","goalkeeping","moral","name","on_sale","original_team_id","passing","playmaking","potential","preferred_foot","role","salary","scoring","set_pieces","stamina","surname","team_id","winger","id") values (?,?,?,?,?,?,?,?,?,?,?,?,?,?,?,?,?,?,?,?,default)
Hibernate: insert into "player" ("birth","cndtion","defending","goalkeeping","moral","name","on_sale","original_team_id","passing","playmaking","potential","preferred_foot","role","salary","scoring","set_pieces","stamina","surname","team_id","winger","id") values (?,?,?,?,?,?,?,?,?,?,?,?,?,?,?,?,?,?,?,?,default)
Hibernate: insert into "player" ("birth","cndtion","defending","goalkeeping","moral","name","on_sale","original_team_id","passing","playmaking","potential","preferred_foot","role","salary","scoring","set_pieces","stamina","surname","team_id","winger","id") values (?,?,?,?,?,?,?,?,?,?,?,?,?,?,?,?,?,?,?,?,default)
Hibernate: insert into "club" ("city","finance_id","foundation","league_id","logourl","medical_center_id","name","stadium_id","team_id","training_facility_id","under18_id","youth_academy_id","id") values (?,?,?,?,?,?,?,?,?,?,?,?,default)
Hibernate: insert into "finance" ("balance","debt","facility_maintenance","last_updated","loan_interest","matchday_revenue","merchandise_revenue","monthly_budget","net_worth","operational_costs","player_salaries","prize_money_revenue","profit_margin","season_budget","sponsorship_revenue","staff_salaries","total_expenses","total_revenue","transfer_expenses","transfer_revenue","tv_rights_revenue","id") values (?,?,?,?,?,?,?,?,?,?,?,?,?,?,?,?,?,?,?,?,?,default)
Hibernate: insert into "stadium" ("accessibility_level","atmosphere_multiplier","base_capacity","capacity","construction_cost","facilities_quality","grandstand_est","grandstand_nord","grandstand_sud","grandstand_west","has_media_center","has_megastore","has_museum","has_roof","has_undersoil_heating","has_vip_boxes","last_upgrade_date","maintenance_cost","name","next_maintenance_date","pitch_quality","revenue_multiplier","security_level","upgrade_value","id") values (?,?,?,?,?,?,?,?,?,?,?,?,?,?,?,?,?,?,?,?,?,?,?,?,default)
Hibernate: insert into "team" ("formation_id","id") values (?,default)
Hibernate: insert into "player" ("birth","cndtion","defending","goalkeeping","moral","name","on_sale","original_team_id","passing","playmaking","potential","preferred_foot","role","salary","scoring","set_pieces","stamina","surname","team_id","winger","id") values (?,?,?,?,?,?,?,?,?,?,?,?,?,?,?,?,?,?,?,?,default)
Hibernate: insert into "player" ("birth","cndtion","defending","goalkeeping","moral","name","on_sale","original_team_id","passing","playmaking","potential","preferred_foot","role","salary","scoring","set_pieces","stamina","surname","team_id","winger","id") values (?,?,?,?,?,?,?,?,?,?,?,?,?,?,?,?,?,?,?,?,default)
Hibernate: insert into "player" ("birth","cndtion","defending","goalkeeping","moral","name","on_sale","original_team_id","passing","playmaking","potential","preferred_foot","role","salary","scoring","set_pieces","stamina","surname","team_id","winger","id") values (?,?,?,?,?,?,?,?,?,?,?,?,?,?,?,?,?,?,?,?,default)
Hibernate: insert into "player" ("birth","cndtion","defending","goalkeeping","moral","name","on_sale","original_team_id","passing","playmaking","potential","preferred_foot","role","salary","scoring","set_pieces","stamina","surname","team_id","winger","id") values (?,?,?,?,?,?,?,?,?,?,?,?,?,?,?,?,?,?,?,?,default)
Hibernate: insert into "player" ("birth","cndtion","defending","goalkeeping","moral","name","on_sale","original_team_id","passing","playmaking","potential","preferred_foot","role","salary","scoring","set_pieces","stamina","surname","team_id","winger","id") values (?,?,?,?,?,?,?,?,?,?,?,?,?,?,?,?,?,?,?,?,default)
Hibernate: insert into "player" ("birth","cndtion","defending","goalkeeping","moral","name","on_sale","original_team_id","passing","playmaking","potential","preferred_foot","role","salary","scoring","set_pieces","stamina","surname","team_id","winger","id") values (?,?,?,?,?,?,?,?,?,?,?,?,?,?,?,?,?,?,?,?,default)
Hibernate: insert into "player" ("birth","cndtion","defending","goalkeeping","moral","name","on_sale","original_team_id","passing","playmaking","potential","preferred_foot","role","salary","scoring","set_pieces","stamina","surname","team_id","winger","id") values (?,?,?,?,?,?,?,?,?,?,?,?,?,?,?,?,?,?,?,?,default)
Hibernate: insert into "player" ("birth","cndtion","defending","goalkeeping","moral","name","on_sale","original_team_id","passing","playmaking","potential","preferred_foot","role","salary","scoring","set_pieces","stamina","surname","team_id","winger","id") values (?,?,?,?,?,?,?,?,?,?,?,?,?,?,?,?,?,?,?,?,default)
Hibernate: insert into "player" ("birth","cndtion","defending","goalkeeping","moral","name","on_sale","original_team_id","passing","playmaking","potential","preferred_foot","role","salary","scoring","set_pieces","stamina","surname","team_id","winger","id") values (?,?,?,?,?,?,?,?,?,?,?,?,?,?,?,?,?,?,?,?,default)
Hibernate: insert into "player" ("birth","cndtion","defending","goalkeeping","moral","name","on_sale","original_team_id","passing","playmaking","potential","preferred_foot","role","salary","scoring","set_pieces","stamina","surname","team_id","winger","id") values (?,?,?,?,?,?,?,?,?,?,?,?,?,?,?,?,?,?,?,?,default)
Hibernate: insert into "player" ("birth","cndtion","defending","goalkeeping","moral","name","on_sale","original_team_id","passing","playmaking","potential","preferred_foot","role","salary","scoring","set_pieces","stamina","surname","team_id","winger","id") values (?,?,?,?,?,?,?,?,?,?,?,?,?,?,?,?,?,?,?,?,default)
Hibernate: insert into "player" ("birth","cndtion","defending","goalkeeping","moral","name","on_sale","original_team_id","passing","playmaking","potential","preferred_foot","role","salary","scoring","set_pieces","stamina","surname","team_id","winger","id") values (?,?,?,?,?,?,?,?,?,?,?,?,?,?,?,?,?,?,?,?,default)
Hibernate: insert into "player" ("birth","cndtion","defending","goalkeeping","moral","name","on_sale","original_team_id","passing","playmaking","potential","preferred_foot","role","salary","scoring","set_pieces","stamina","surname","team_id","winger","id") values (?,?,?,?,?,?,?,?,?,?,?,?,?,?,?,?,?,?,?,?,default)
Hibernate: insert into "player" ("birth","cndtion","defending","goalkeeping","moral","name","on_sale","original_team_id","passing","playmaking","potential","preferred_foot","role","salary","scoring","set_pieces","stamina","surname","team_id","winger","id") values (?,?,?,?,?,?,?,?,?,?,?,?,?,?,?,?,?,?,?,?,default)
Hibernate: insert into "player" ("birth","cndtion","defending","goalkeeping","moral","name","on_sale","original_team_id","passing","playmaking","potential","preferred_foot","role","salary","scoring","set_pieces","stamina","surname","team_id","winger","id") values (?,?,?,?,?,?,?,?,?,?,?,?,?,?,?,?,?,?,?,?,default)
Hibernate: insert into "player" ("birth","cndtion","defending","goalkeeping","moral","name","on_sale","original_team_id","passing","playmaking","potential","preferred_foot","role","salary","scoring","set_pieces","stamina","surname","team_id","winger","id") values (?,?,?,?,?,?,?,?,?,?,?,?,?,?,?,?,?,?,?,?,default)
Hibernate: insert into "player" ("birth","cndtion","defending","goalkeeping","moral","name","on_sale","original_team_id","passing","playmaking","potential","preferred_foot","role","salary","scoring","set_pieces","stamina","surname","team_id","winger","id") values (?,?,?,?,?,?,?,?,?,?,?,?,?,?,?,?,?,?,?,?,default)
Hibernate: insert into "player" ("birth","cndtion","defending","goalkeeping","moral","name","on_sale","original_team_id","passing","playmaking","potential","preferred_foot","role","salary","scoring","set_pieces","stamina","surname","team_id","winger","id") values (?,?,?,?,?,?,?,?,?,?,?,?,?,?,?,?,?,?,?,?,default)
Hibernate: insert into "player" ("birth","cndtion","defending","goalkeeping","moral","name","on_sale","original_team_id","passing","playmaking","potential","preferred_foot","role","salary","scoring","set_pieces","stamina","surname","team_id","winger","id") values (?,?,?,?,?,?,?,?,?,?,?,?,?,?,?,?,?,?,?,?,default)
Hibernate: insert into "player" ("birth","cndtion","defending","goalkeeping","moral","name","on_sale","original_team_id","passing","playmaking","potential","preferred_foot","role","salary","scoring","set_pieces","stamina","surname","team_id","winger","id") values (?,?,?,?,?,?,?,?,?,?,?,?,?,?,?,?,?,?,?,?,default)
Hibernate: insert into "player" ("birth","cndtion","defending","goalkeeping","moral","name","on_sale","original_team_id","passing","playmaking","potential","preferred_foot","role","salary","scoring","set_pieces","stamina","surname","team_id","winger","id") values (?,?,?,?,?,?,?,?,?,?,?,?,?,?,?,?,?,?,?,?,default)
Hibernate: insert into "player" ("birth","cndtion","defending","goalkeeping","moral","name","on_sale","original_team_id","passing","playmaking","potential","preferred_foot","role","salary","scoring","set_pieces","stamina","surname","team_id","winger","id") values (?,?,?,?,?,?,?,?,?,?,?,?,?,?,?,?,?,?,?,?,default)
Hibernate: insert into "player" ("birth","cndtion","defending","goalkeeping","moral","name","on_sale","original_team_id","passing","playmaking","potential","preferred_foot","role","salary","scoring","set_pieces","stamina","surname","team_id","winger","id") values (?,?,?,?,?,?,?,?,?,?,?,?,?,?,?,?,?,?,?,?,default)
Hibernate: insert into "club" ("city","finance_id","foundation","league_id","logourl","medical_center_id","name","stadium_id","team_id","training_facility_id","under18_id","youth_academy_id","id") values (?,?,?,?,?,?,?,?,?,?,?,?,default)
Hibernate: insert into "finance" ("balance","debt","facility_maintenance","last_updated","loan_interest","matchday_revenue","merchandise_revenue","monthly_budget","net_worth","operational_costs","player_salaries","prize_money_revenue","profit_margin","season_budget","sponsorship_revenue","staff_salaries","total_expenses","total_revenue","transfer_expenses","transfer_revenue","tv_rights_revenue","id") values (?,?,?,?,?,?,?,?,?,?,?,?,?,?,?,?,?,?,?,?,?,default)
Hibernate: insert into "stadium" ("accessibility_level","atmosphere_multiplier","base_capacity","capacity","construction_cost","facilities_quality","grandstand_est","grandstand_nord","grandstand_sud","grandstand_west","has_media_center","has_megastore","has_museum","has_roof","has_undersoil_heating","has_vip_boxes","last_upgrade_date","maintenance_cost","name","next_maintenance_date","pitch_quality","revenue_multiplier","security_level","upgrade_value","id") values (?,?,?,?,?,?,?,?,?,?,?,?,?,?,?,?,?,?,?,?,?,?,?,?,default)
Hibernate: insert into "team" ("formation_id","id") values (?,default)
Hibernate: insert into "player" ("birth","cndtion","defending","goalkeeping","moral","name","on_sale","original_team_id","passing","playmaking","potential","preferred_foot","role","salary","scoring","set_pieces","stamina","surname","team_id","winger","id") values (?,?,?,?,?,?,?,?,?,?,?,?,?,?,?,?,?,?,?,?,default)
Hibernate: insert into "player" ("birth","cndtion","defending","goalkeeping","moral","name","on_sale","original_team_id","passing","playmaking","potential","preferred_foot","role","salary","scoring","set_pieces","stamina","surname","team_id","winger","id") values (?,?,?,?,?,?,?,?,?,?,?,?,?,?,?,?,?,?,?,?,default)
Hibernate: insert into "player" ("birth","cndtion","defending","goalkeeping","moral","name","on_sale","original_team_id","passing","playmaking","potential","preferred_foot","role","salary","scoring","set_pieces","stamina","surname","team_id","winger","id") values (?,?,?,?,?,?,?,?,?,?,?,?,?,?,?,?,?,?,?,?,default)
Hibernate: insert into "player" ("birth","cndtion","defending","goalkeeping","moral","name","on_sale","original_team_id","passing","playmaking","potential","preferred_foot","role","salary","scoring","set_pieces","stamina","surname","team_id","winger","id") values (?,?,?,?,?,?,?,?,?,?,?,?,?,?,?,?,?,?,?,?,default)
Hibernate: insert into "player" ("birth","cndtion","defending","goalkeeping","moral","name","on_sale","original_team_id","passing","playmaking","potential","preferred_foot","role","salary","scoring","set_pieces","stamina","surname","team_id","winger","id") values (?,?,?,?,?,?,?,?,?,?,?,?,?,?,?,?,?,?,?,?,default)
Hibernate: insert into "player" ("birth","cndtion","defending","goalkeeping","moral","name","on_sale","original_team_id","passing","playmaking","potential","preferred_foot","role","salary","scoring","set_pieces","stamina","surname","team_id","winger","id") values (?,?,?,?,?,?,?,?,?,?,?,?,?,?,?,?,?,?,?,?,default)
Hibernate: insert into "player" ("birth","cndtion","defending","goalkeeping","moral","name","on_sale","original_team_id","passing","playmaking","potential","preferred_foot","role","salary","scoring","set_pieces","stamina","surname","team_id","winger","id") values (?,?,?,?,?,?,?,?,?,?,?,?,?,?,?,?,?,?,?,?,default)
Hibernate: insert into "player" ("birth","cndtion","defending","goalkeeping","moral","name","on_sale","original_team_id","passing","playmaking","potential","preferred_foot","role","salary","scoring","set_pieces","stamina","surname","team_id","winger","id") values (?,?,?,?,?,?,?,?,?,?,?,?,?,?,?,?,?,?,?,?,default)
Hibernate: insert into "player" ("birth","cndtion","defending","goalkeeping","moral","name","on_sale","original_team_id","passing","playmaking","potential","preferred_foot","role","salary","scoring","set_pieces","stamina","surname","team_id","winger","id") values (?,?,?,?,?,?,?,?,?,?,?,?,?,?,?,?,?,?,?,?,default)
Hibernate: insert into "player" ("birth","cndtion","defending","goalkeeping","moral","name","on_sale","original_team_id","passing","playmaking","potential","preferred_foot","role","salary","scoring","set_pieces","stamina","surname","team_id","winger","id") values (?,?,?,?,?,?,?,?,?,?,?,?,?,?,?,?,?,?,?,?,default)
Hibernate: insert into "player" ("birth","cndtion","defending","goalkeeping","moral","name","on_sale","original_team_id","passing","playmaking","potential","preferred_foot","role","salary","scoring","set_pieces","stamina","surname","team_id","winger","id") values (?,?,?,?,?,?,?,?,?,?,?,?,?,?,?,?,?,?,?,?,default)
Hibernate: insert into "player" ("birth","cndtion","defending","goalkeeping","moral","name","on_sale","original_team_id","passing","playmaking","potential","preferred_foot","role","salary","scoring","set_pieces","stamina","surname","team_id","winger","id") values (?,?,?,?,?,?,?,?,?,?,?,?,?,?,?,?,?,?,?,?,default)
Hibernate: insert into "player" ("birth","cndtion","defending","goalkeeping","moral","name","on_sale","original_team_id","passing","playmaking","potential","preferred_foot","role","salary","scoring","set_pieces","stamina","surname","team_id","winger","id") values (?,?,?,?,?,?,?,?,?,?,?,?,?,?,?,?,?,?,?,?,default)
Hibernate: insert into "player" ("birth","cndtion","defending","goalkeeping","moral","name","on_sale","original_team_id","passing","playmaking","potential","preferred_foot","role","salary","scoring","set_pieces","stamina","surname","team_id","winger","id") values (?,?,?,?,?,?,?,?,?,?,?,?,?,?,?,?,?,?,?,?,default)
Hibernate: insert into "player" ("birth","cndtion","defending","goalkeeping","moral","name","on_sale","original_team_id","passing","playmaking","potential","preferred_foot","role","salary","scoring","set_pieces","stamina","surname","team_id","winger","id") values (?,?,?,?,?,?,?,?,?,?,?,?,?,?,?,?,?,?,?,?,default)
Hibernate: insert into "player" ("birth","cndtion","defending","goalkeeping","moral","name","on_sale","original_team_id","passing","playmaking","potential","preferred_foot","role","salary","scoring","set_pieces","stamina","surname","team_id","winger","id") values (?,?,?,?,?,?,?,?,?,?,?,?,?,?,?,?,?,?,?,?,default)
Hibernate: insert into "player" ("birth","cndtion","defending","goalkeeping","moral","name","on_sale","original_team_id","passing","playmaking","potential","preferred_foot","role","salary","scoring","set_pieces","stamina","surname","team_id","winger","id") values (?,?,?,?,?,?,?,?,?,?,?,?,?,?,?,?,?,?,?,?,default)
Hibernate: insert into "player" ("birth","cndtion","defending","goalkeeping","moral","name","on_sale","original_team_id","passing","playmaking","potential","preferred_foot","role","salary","scoring","set_pieces","stamina","surname","team_id","winger","id") values (?,?,?,?,?,?,?,?,?,?,?,?,?,?,?,?,?,?,?,?,default)
Hibernate: insert into "player" ("birth","cndtion","defending","goalkeeping","moral","name","on_sale","original_team_id","passing","playmaking","potential","preferred_foot","role","salary","scoring","set_pieces","stamina","surname","team_id","winger","id") values (?,?,?,?,?,?,?,?,?,?,?,?,?,?,?,?,?,?,?,?,default)
Hibernate: insert into "player" ("birth","cndtion","defending","goalkeeping","moral","name","on_sale","original_team_id","passing","playmaking","potential","preferred_foot","role","salary","scoring","set_pieces","stamina","surname","team_id","winger","id") values (?,?,?,?,?,?,?,?,?,?,?,?,?,?,?,?,?,?,?,?,default)
Hibernate: insert into "player" ("birth","cndtion","defending","goalkeeping","moral","name","on_sale","original_team_id","passing","playmaking","potential","preferred_foot","role","salary","scoring","set_pieces","stamina","surname","team_id","winger","id") values (?,?,?,?,?,?,?,?,?,?,?,?,?,?,?,?,?,?,?,?,default)
Hibernate: insert into "player" ("birth","cndtion","defending","goalkeeping","moral","name","on_sale","original_team_id","passing","playmaking","potential","preferred_foot","role","salary","scoring","set_pieces","stamina","surname","team_id","winger","id") values (?,?,?,?,?,?,?,?,?,?,?,?,?,?,?,?,?,?,?,?,default)
Hibernate: insert into "player" ("birth","cndtion","defending","goalkeeping","moral","name","on_sale","original_team_id","passing","playmaking","potential","preferred_foot","role","salary","scoring","set_pieces","stamina","surname","team_id","winger","id") values (?,?,?,?,?,?,?,?,?,?,?,?,?,?,?,?,?,?,?,?,default)
Hibernate: insert into "club" ("city","finance_id","foundation","league_id","logourl","medical_center_id","name","stadium_id","team_id","training_facility_id","under18_id","youth_academy_id","id") values (?,?,?,?,?,?,?,?,?,?,?,?,default)
Hibernate: insert into "finance" ("balance","debt","facility_maintenance","last_updated","loan_interest","matchday_revenue","merchandise_revenue","monthly_budget","net_worth","operational_costs","player_salaries","prize_money_revenue","profit_margin","season_budget","sponsorship_revenue","staff_salaries","total_expenses","total_revenue","transfer_expenses","transfer_revenue","tv_rights_revenue","id") values (?,?,?,?,?,?,?,?,?,?,?,?,?,?,?,?,?,?,?,?,?,default)
Hibernate: insert into "stadium" ("accessibility_level","atmosphere_multiplier","base_capacity","capacity","construction_cost","facilities_quality","grandstand_est","grandstand_nord","grandstand_sud","grandstand_west","has_media_center","has_megastore","has_museum","has_roof","has_undersoil_heating","has_vip_boxes","last_upgrade_date","maintenance_cost","name","next_maintenance_date","pitch_quality","revenue_multiplier","security_level","upgrade_value","id") values (?,?,?,?,?,?,?,?,?,?,?,?,?,?,?,?,?,?,?,?,?,?,?,?,default)
Hibernate: insert into "team" ("formation_id","id") values (?,default)
Hibernate: insert into "player" ("birth","cndtion","defending","goalkeeping","moral","name","on_sale","original_team_id","passing","playmaking","potential","preferred_foot","role","salary","scoring","set_pieces","stamina","surname","team_id","winger","id") values (?,?,?,?,?,?,?,?,?,?,?,?,?,?,?,?,?,?,?,?,default)
Hibernate: insert into "player" ("birth","cndtion","defending","goalkeeping","moral","name","on_sale","original_team_id","passing","playmaking","potential","preferred_foot","role","salary","scoring","set_pieces","stamina","surname","team_id","winger","id") values (?,?,?,?,?,?,?,?,?,?,?,?,?,?,?,?,?,?,?,?,default)
Hibernate: insert into "player" ("birth","cndtion","defending","goalkeeping","moral","name","on_sale","original_team_id","passing","playmaking","potential","preferred_foot","role","salary","scoring","set_pieces","stamina","surname","team_id","winger","id") values (?,?,?,?,?,?,?,?,?,?,?,?,?,?,?,?,?,?,?,?,default)
Hibernate: insert into "player" ("birth","cndtion","defending","goalkeeping","moral","name","on_sale","original_team_id","passing","playmaking","potential","preferred_foot","role","salary","scoring","set_pieces","stamina","surname","team_id","winger","id") values (?,?,?,?,?,?,?,?,?,?,?,?,?,?,?,?,?,?,?,?,default)
Hibernate: insert into "player" ("birth","cndtion","defending","goalkeeping","moral","name","on_sale","original_team_id","passing","playmaking","potential","preferred_foot","role","salary","scoring","set_pieces","stamina","surname","team_id","winger","id") values (?,?,?,?,?,?,?,?,?,?,?,?,?,?,?,?,?,?,?,?,default)
Hibernate: insert into "player" ("birth","cndtion","defending","goalkeeping","moral","name","on_sale","original_team_id","passing","playmaking","potential","preferred_foot","role","salary","scoring","set_pieces","stamina","surname","team_id","winger","id") values (?,?,?,?,?,?,?,?,?,?,?,?,?,?,?,?,?,?,?,?,default)
Hibernate: insert into "player" ("birth","cndtion","defending","goalkeeping","moral","name","on_sale","original_team_id","passing","playmaking","potential","preferred_foot","role","salary","scoring","set_pieces","stamina","surname","team_id","winger","id") values (?,?,?,?,?,?,?,?,?,?,?,?,?,?,?,?,?,?,?,?,default)
Hibernate: insert into "player" ("birth","cndtion","defending","goalkeeping","moral","name","on_sale","original_team_id","passing","playmaking","potential","preferred_foot","role","salary","scoring","set_pieces","stamina","surname","team_id","winger","id") values (?,?,?,?,?,?,?,?,?,?,?,?,?,?,?,?,?,?,?,?,default)
Hibernate: insert into "player" ("birth","cndtion","defending","goalkeeping","moral","name","on_sale","original_team_id","passing","playmaking","potential","preferred_foot","role","salary","scoring","set_pieces","stamina","surname","team_id","winger","id") values (?,?,?,?,?,?,?,?,?,?,?,?,?,?,?,?,?,?,?,?,default)
Hibernate: insert into "player" ("birth","cndtion","defending","goalkeeping","moral","name","on_sale","original_team_id","passing","playmaking","potential","preferred_foot","role","salary","scoring","set_pieces","stamina","surname","team_id","winger","id") values (?,?,?,?,?,?,?,?,?,?,?,?,?,?,?,?,?,?,?,?,default)
Hibernate: insert into "player" ("birth","cndtion","defending","goalkeeping","moral","name","on_sale","original_team_id","passing","playmaking","potential","preferred_foot","role","salary","scoring","set_pieces","stamina","surname","team_id","winger","id") values (?,?,?,?,?,?,?,?,?,?,?,?,?,?,?,?,?,?,?,?,default)
Hibernate: insert into "player" ("birth","cndtion","defending","goalkeeping","moral","name","on_sale","original_team_id","passing","playmaking","potential","preferred_foot","role","salary","scoring","set_pieces","stamina","surname","team_id","winger","id") values (?,?,?,?,?,?,?,?,?,?,?,?,?,?,?,?,?,?,?,?,default)
Hibernate: insert into "player" ("birth","cndtion","defending","goalkeeping","moral","name","on_sale","original_team_id","passing","playmaking","potential","preferred_foot","role","salary","scoring","set_pieces","stamina","surname","team_id","winger","id") values (?,?,?,?,?,?,?,?,?,?,?,?,?,?,?,?,?,?,?,?,default)
Hibernate: insert into "player" ("birth","cndtion","defending","goalkeeping","moral","name","on_sale","original_team_id","passing","playmaking","potential","preferred_foot","role","salary","scoring","set_pieces","stamina","surname","team_id","winger","id") values (?,?,?,?,?,?,?,?,?,?,?,?,?,?,?,?,?,?,?,?,default)
Hibernate: insert into "player" ("birth","cndtion","defending","goalkeeping","moral","name","on_sale","original_team_id","passing","playmaking","potential","preferred_foot","role","salary","scoring","set_pieces","stamina","surname","team_id","winger","id") values (?,?,?,?,?,?,?,?,?,?,?,?,?,?,?,?,?,?,?,?,default)
Hibernate: insert into "player" ("birth","cndtion","defending","goalkeeping","moral","name","on_sale","original_team_id","passing","playmaking","potential","preferred_foot","role","salary","scoring","set_pieces","stamina","surname","team_id","winger","id") values (?,?,?,?,?,?,?,?,?,?,?,?,?,?,?,?,?,?,?,?,default)
Hibernate: insert into "player" ("birth","cndtion","defending","goalkeeping","moral","name","on_sale","original_team_id","passing","playmaking","potential","preferred_foot","role","salary","scoring","set_pieces","stamina","surname","team_id","winger","id") values (?,?,?,?,?,?,?,?,?,?,?,?,?,?,?,?,?,?,?,?,default)
Hibernate: insert into "player" ("birth","cndtion","defending","goalkeeping","moral","name","on_sale","original_team_id","passing","playmaking","potential","preferred_foot","role","salary","scoring","set_pieces","stamina","surname","team_id","winger","id") values (?,?,?,?,?,?,?,?,?,?,?,?,?,?,?,?,?,?,?,?,default)
Hibernate: insert into "player" ("birth","cndtion","defending","goalkeeping","moral","name","on_sale","original_team_id","passing","playmaking","potential","preferred_foot","role","salary","scoring","set_pieces","stamina","surname","team_id","winger","id") values (?,?,?,?,?,?,?,?,?,?,?,?,?,?,?,?,?,?,?,?,default)
Hibernate: insert into "player" ("birth","cndtion","defending","goalkeeping","moral","name","on_sale","original_team_id","passing","playmaking","potential","preferred_foot","role","salary","scoring","set_pieces","stamina","surname","team_id","winger","id") values (?,?,?,?,?,?,?,?,?,?,?,?,?,?,?,?,?,?,?,?,default)
Hibernate: insert into "player" ("birth","cndtion","defending","goalkeeping","moral","name","on_sale","original_team_id","passing","playmaking","potential","preferred_foot","role","salary","scoring","set_pieces","stamina","surname","team_id","winger","id") values (?,?,?,?,?,?,?,?,?,?,?,?,?,?,?,?,?,?,?,?,default)
Hibernate: insert into "player" ("birth","cndtion","defending","goalkeeping","moral","name","on_sale","original_team_id","passing","playmaking","potential","preferred_foot","role","salary","scoring","set_pieces","stamina","surname","team_id","winger","id") values (?,?,?,?,?,?,?,?,?,?,?,?,?,?,?,?,?,?,?,?,default)
Hibernate: insert into "player" ("birth","cndtion","defending","goalkeeping","moral","name","on_sale","original_team_id","passing","playmaking","potential","preferred_foot","role","salary","scoring","set_pieces","stamina","surname","team_id","winger","id") values (?,?,?,?,?,?,?,?,?,?,?,?,?,?,?,?,?,?,?,?,default)
Hibernate: insert into "club" ("city","finance_id","foundation","league_id","logourl","medical_center_id","name","stadium_id","team_id","training_facility_id","under18_id","youth_academy_id","id") values (?,?,?,?,?,?,?,?,?,?,?,?,default)
Hibernate: insert into "finance" ("balance","debt","facility_maintenance","last_updated","loan_interest","matchday_revenue","merchandise_revenue","monthly_budget","net_worth","operational_costs","player_salaries","prize_money_revenue","profit_margin","season_budget","sponsorship_revenue","staff_salaries","total_expenses","total_revenue","transfer_expenses","transfer_revenue","tv_rights_revenue","id") values (?,?,?,?,?,?,?,?,?,?,?,?,?,?,?,?,?,?,?,?,?,default)
Hibernate: insert into "stadium" ("accessibility_level","atmosphere_multiplier","base_capacity","capacity","construction_cost","facilities_quality","grandstand_est","grandstand_nord","grandstand_sud","grandstand_west","has_media_center","has_megastore","has_museum","has_roof","has_undersoil_heating","has_vip_boxes","last_upgrade_date","maintenance_cost","name","next_maintenance_date","pitch_quality","revenue_multiplier","security_level","upgrade_value","id") values (?,?,?,?,?,?,?,?,?,?,?,?,?,?,?,?,?,?,?,?,?,?,?,?,default)
Hibernate: insert into "team" ("formation_id","id") values (?,default)
Hibernate: insert into "player" ("birth","cndtion","defending","goalkeeping","moral","name","on_sale","original_team_id","passing","playmaking","potential","preferred_foot","role","salary","scoring","set_pieces","stamina","surname","team_id","winger","id") values (?,?,?,?,?,?,?,?,?,?,?,?,?,?,?,?,?,?,?,?,default)
Hibernate: insert into "player" ("birth","cndtion","defending","goalkeeping","moral","name","on_sale","original_team_id","passing","playmaking","potential","preferred_foot","role","salary","scoring","set_pieces","stamina","surname","team_id","winger","id") values (?,?,?,?,?,?,?,?,?,?,?,?,?,?,?,?,?,?,?,?,default)
Hibernate: insert into "player" ("birth","cndtion","defending","goalkeeping","moral","name","on_sale","original_team_id","passing","playmaking","potential","preferred_foot","role","salary","scoring","set_pieces","stamina","surname","team_id","winger","id") values (?,?,?,?,?,?,?,?,?,?,?,?,?,?,?,?,?,?,?,?,default)
Hibernate: insert into "player" ("birth","cndtion","defending","goalkeeping","moral","name","on_sale","original_team_id","passing","playmaking","potential","preferred_foot","role","salary","scoring","set_pieces","stamina","surname","team_id","winger","id") values (?,?,?,?,?,?,?,?,?,?,?,?,?,?,?,?,?,?,?,?,default)
Hibernate: insert into "player" ("birth","cndtion","defending","goalkeeping","moral","name","on_sale","original_team_id","passing","playmaking","potential","preferred_foot","role","salary","scoring","set_pieces","stamina","surname","team_id","winger","id") values (?,?,?,?,?,?,?,?,?,?,?,?,?,?,?,?,?,?,?,?,default)
Hibernate: insert into "player" ("birth","cndtion","defending","goalkeeping","moral","name","on_sale","original_team_id","passing","playmaking","potential","preferred_foot","role","salary","scoring","set_pieces","stamina","surname","team_id","winger","id") values (?,?,?,?,?,?,?,?,?,?,?,?,?,?,?,?,?,?,?,?,default)
Hibernate: insert into "player" ("birth","cndtion","defending","goalkeeping","moral","name","on_sale","original_team_id","passing","playmaking","potential","preferred_foot","role","salary","scoring","set_pieces","stamina","surname","team_id","winger","id") values (?,?,?,?,?,?,?,?,?,?,?,?,?,?,?,?,?,?,?,?,default)
Hibernate: insert into "player" ("birth","cndtion","defending","goalkeeping","moral","name","on_sale","original_team_id","passing","playmaking","potential","preferred_foot","role","salary","scoring","set_pieces","stamina","surname","team_id","winger","id") values (?,?,?,?,?,?,?,?,?,?,?,?,?,?,?,?,?,?,?,?,default)
Hibernate: insert into "player" ("birth","cndtion","defending","goalkeeping","moral","name","on_sale","original_team_id","passing","playmaking","potential","preferred_foot","role","salary","scoring","set_pieces","stamina","surname","team_id","winger","id") values (?,?,?,?,?,?,?,?,?,?,?,?,?,?,?,?,?,?,?,?,default)
Hibernate: insert into "player" ("birth","cndtion","defending","goalkeeping","moral","name","on_sale","original_team_id","passing","playmaking","potential","preferred_foot","role","salary","scoring","set_pieces","stamina","surname","team_id","winger","id") values (?,?,?,?,?,?,?,?,?,?,?,?,?,?,?,?,?,?,?,?,default)
Hibernate: insert into "player" ("birth","cndtion","defending","goalkeeping","moral","name","on_sale","original_team_id","passing","playmaking","potential","preferred_foot","role","salary","scoring","set_pieces","stamina","surname","team_id","winger","id") values (?,?,?,?,?,?,?,?,?,?,?,?,?,?,?,?,?,?,?,?,default)
Hibernate: insert into "player" ("birth","cndtion","defending","goalkeeping","moral","name","on_sale","original_team_id","passing","playmaking","potential","preferred_foot","role","salary","scoring","set_pieces","stamina","surname","team_id","winger","id") values (?,?,?,?,?,?,?,?,?,?,?,?,?,?,?,?,?,?,?,?,default)
Hibernate: insert into "player" ("birth","cndtion","defending","goalkeeping","moral","name","on_sale","original_team_id","passing","playmaking","potential","preferred_foot","role","salary","scoring","set_pieces","stamina","surname","team_id","winger","id") values (?,?,?,?,?,?,?,?,?,?,?,?,?,?,?,?,?,?,?,?,default)
Hibernate: insert into "player" ("birth","cndtion","defending","goalkeeping","moral","name","on_sale","original_team_id","passing","playmaking","potential","preferred_foot","role","salary","scoring","set_pieces","stamina","surname","team_id","winger","id") values (?,?,?,?,?,?,?,?,?,?,?,?,?,?,?,?,?,?,?,?,default)
Hibernate: insert into "player" ("birth","cndtion","defending","goalkeeping","moral","name","on_sale","original_team_id","passing","playmaking","potential","preferred_foot","role","salary","scoring","set_pieces","stamina","surname","team_id","winger","id") values (?,?,?,?,?,?,?,?,?,?,?,?,?,?,?,?,?,?,?,?,default)
Hibernate: insert into "player" ("birth","cndtion","defending","goalkeeping","moral","name","on_sale","original_team_id","passing","playmaking","potential","preferred_foot","role","salary","scoring","set_pieces","stamina","surname","team_id","winger","id") values (?,?,?,?,?,?,?,?,?,?,?,?,?,?,?,?,?,?,?,?,default)
Hibernate: insert into "player" ("birth","cndtion","defending","goalkeeping","moral","name","on_sale","original_team_id","passing","playmaking","potential","preferred_foot","role","salary","scoring","set_pieces","stamina","surname","team_id","winger","id") values (?,?,?,?,?,?,?,?,?,?,?,?,?,?,?,?,?,?,?,?,default)
Hibernate: insert into "player" ("birth","cndtion","defending","goalkeeping","moral","name","on_sale","original_team_id","passing","playmaking","potential","preferred_foot","role","salary","scoring","set_pieces","stamina","surname","team_id","winger","id") values (?,?,?,?,?,?,?,?,?,?,?,?,?,?,?,?,?,?,?,?,default)
Hibernate: insert into "player" ("birth","cndtion","defending","goalkeeping","moral","name","on_sale","original_team_id","passing","playmaking","potential","preferred_foot","role","salary","scoring","set_pieces","stamina","surname","team_id","winger","id") values (?,?,?,?,?,?,?,?,?,?,?,?,?,?,?,?,?,?,?,?,default)
Hibernate: insert into "player" ("birth","cndtion","defending","goalkeeping","moral","name","on_sale","original_team_id","passing","playmaking","potential","preferred_foot","role","salary","scoring","set_pieces","stamina","surname","team_id","winger","id") values (?,?,?,?,?,?,?,?,?,?,?,?,?,?,?,?,?,?,?,?,default)
Hibernate: insert into "player" ("birth","cndtion","defending","goalkeeping","moral","name","on_sale","original_team_id","passing","playmaking","potential","preferred_foot","role","salary","scoring","set_pieces","stamina","surname","team_id","winger","id") values (?,?,?,?,?,?,?,?,?,?,?,?,?,?,?,?,?,?,?,?,default)
Hibernate: insert into "player" ("birth","cndtion","defending","goalkeeping","moral","name","on_sale","original_team_id","passing","playmaking","potential","preferred_foot","role","salary","scoring","set_pieces","stamina","surname","team_id","winger","id") values (?,?,?,?,?,?,?,?,?,?,?,?,?,?,?,?,?,?,?,?,default)
Hibernate: insert into "player" ("birth","cndtion","defending","goalkeeping","moral","name","on_sale","original_team_id","passing","playmaking","potential","preferred_foot","role","salary","scoring","set_pieces","stamina","surname","team_id","winger","id") values (?,?,?,?,?,?,?,?,?,?,?,?,?,?,?,?,?,?,?,?,default)
Hibernate: insert into "club" ("city","finance_id","foundation","league_id","logourl","medical_center_id","name","stadium_id","team_id","training_facility_id","under18_id","youth_academy_id","id") values (?,?,?,?,?,?,?,?,?,?,?,?,default)
Hibernate: insert into "season" ("is_current","end_year","league_id","name","next_round_number","start_year","id") values (?,?,?,?,?,?,default)
Hibernate: insert into "ranking" ("club_id","drawn","goal_against","goals_for","lost","played","points","season_id","won","id") values (?,?,?,?,?,?,?,?,?,default)
Hibernate: insert into "ranking" ("club_id","drawn","goal_against","goals_for","lost","played","points","season_id","won","id") values (?,?,?,?,?,?,?,?,?,default)
Hibernate: insert into "ranking" ("club_id","drawn","goal_against","goals_for","lost","played","points","season_id","won","id") values (?,?,?,?,?,?,?,?,?,default)
Hibernate: insert into "ranking" ("club_id","drawn","goal_against","goals_for","lost","played","points","season_id","won","id") values (?,?,?,?,?,?,?,?,?,default)
Hibernate: insert into "ranking" ("club_id","drawn","goal_against","goals_for","lost","played","points","season_id","won","id") values (?,?,?,?,?,?,?,?,?,default)
Hibernate: insert into "ranking" ("club_id","drawn","goal_against","goals_for","lost","played","points","season_id","won","id") values (?,?,?,?,?,?,?,?,?,default)
Hibernate: insert into "ranking" ("club_id","drawn","goal_against","goals_for","lost","played","points","season_id","won","id") values (?,?,?,?,?,?,?,?,?,default)
Hibernate: insert into "ranking" ("club_id","drawn","goal_against","goals_for","lost","played","points","season_id","won","id") values (?,?,?,?,?,?,?,?,?,default)
Hibernate: insert into "ranking" ("club_id","drawn","goal_against","goals_for","lost","played","points","season_id","won","id") values (?,?,?,?,?,?,?,?,?,default)
Hibernate: insert into "ranking" ("club_id","drawn","goal_against","goals_for","lost","played","points","season_id","won","id") values (?,?,?,?,?,?,?,?,?,default)
Hibernate: insert into "round" ("last","number","season_id","id") values (?,?,?,default)
Hibernate: insert into "matchh" ("away_id","away_formation_id","away_score","date","finish","home_id","home_formation_id","home_score","last","round_id","spectators","match_id","status","id") values (?,?,?,?,?,?,?,?,?,?,?,?,?,default)
Hibernate: insert into "matchh" ("away_id","away_formation_id","away_score","date","finish","home_id","home_formation_id","home_score","last","round_id","spectators","match_id","status","id") values (?,?,?,?,?,?,?,?,?,?,?,?,?,default)
Hibernate: insert into "matchh" ("away_id","away_formation_id","away_score","date","finish","home_id","home_formation_id","home_score","last","round_id","spectators","match_id","status","id") values (?,?,?,?,?,?,?,?,?,?,?,?,?,default)
Hibernate: insert into "matchh" ("away_id","away_formation_id","away_score","date","finish","home_id","home_formation_id","home_score","last","round_id","spectators","match_id","status","id") values (?,?,?,?,?,?,?,?,?,?,?,?,?,default)
Hibernate: insert into "matchh" ("away_id","away_formation_id","away_score","date","finish","home_id","home_formation_id","home_score","last","round_id","spectators","match_id","status","id") values (?,?,?,?,?,?,?,?,?,?,?,?,?,default)
Hibernate: insert into "round" ("last","number","season_id","id") values (?,?,?,default)
Hibernate: insert into "matchh" ("away_id","away_formation_id","away_score","date","finish","home_id","home_formation_id","home_score","last","round_id","spectators","match_id","status","id") values (?,?,?,?,?,?,?,?,?,?,?,?,?,default)
Hibernate: insert into "matchh" ("away_id","away_formation_id","away_score","date","finish","home_id","home_formation_id","home_score","last","round_id","spectators","match_id","status","id") values (?,?,?,?,?,?,?,?,?,?,?,?,?,default)
Hibernate: insert into "matchh" ("away_id","away_formation_id","away_score","date","finish","home_id","home_formation_id","home_score","last","round_id","spectators","match_id","status","id") values (?,?,?,?,?,?,?,?,?,?,?,?,?,default)
Hibernate: insert into "matchh" ("away_id","away_formation_id","away_score","date","finish","home_id","home_formation_id","home_score","last","round_id","spectators","match_id","status","id") values (?,?,?,?,?,?,?,?,?,?,?,?,?,default)
Hibernate: insert into "matchh" ("away_id","away_formation_id","away_score","date","finish","home_id","home_formation_id","home_score","last","round_id","spectators","match_id","status","id") values (?,?,?,?,?,?,?,?,?,?,?,?,?,default)
Hibernate: insert into "round" ("last","number","season_id","id") values (?,?,?,default)
Hibernate: insert into "matchh" ("away_id","away_formation_id","away_score","date","finish","home_id","home_formation_id","home_score","last","round_id","spectators","match_id","status","id") values (?,?,?,?,?,?,?,?,?,?,?,?,?,default)
Hibernate: insert into "matchh" ("away_id","away_formation_id","away_score","date","finish","home_id","home_formation_id","home_score","last","round_id","spectators","match_id","status","id") values (?,?,?,?,?,?,?,?,?,?,?,?,?,default)
Hibernate: insert into "matchh" ("away_id","away_formation_id","away_score","date","finish","home_id","home_formation_id","home_score","last","round_id","spectators","match_id","status","id") values (?,?,?,?,?,?,?,?,?,?,?,?,?,default)
Hibernate: insert into "matchh" ("away_id","away_formation_id","away_score","date","finish","home_id","home_formation_id","home_score","last","round_id","spectators","match_id","status","id") values (?,?,?,?,?,?,?,?,?,?,?,?,?,default)
Hibernate: insert into "matchh" ("away_id","away_formation_id","away_score","date","finish","home_id","home_formation_id","home_score","last","round_id","spectators","match_id","status","id") values (?,?,?,?,?,?,?,?,?,?,?,?,?,default)
Hibernate: insert into "round" ("last","number","season_id","id") values (?,?,?,default)
Hibernate: insert into "matchh" ("away_id","away_formation_id","away_score","date","finish","home_id","home_formation_id","home_score","last","round_id","spectators","match_id","status","id") values (?,?,?,?,?,?,?,?,?,?,?,?,?,default)
Hibernate: insert into "matchh" ("away_id","away_formation_id","away_score","date","finish","home_id","home_formation_id","home_score","last","round_id","spectators","match_id","status","id") values (?,?,?,?,?,?,?,?,?,?,?,?,?,default)
Hibernate: insert into "matchh" ("away_id","away_formation_id","away_score","date","finish","home_id","home_formation_id","home_score","last","round_id","spectators","match_id","status","id") values (?,?,?,?,?,?,?,?,?,?,?,?,?,default)
Hibernate: insert into "matchh" ("away_id","away_formation_id","away_score","date","finish","home_id","home_formation_id","home_score","last","round_id","spectators","match_id","status","id") values (?,?,?,?,?,?,?,?,?,?,?,?,?,default)
Hibernate: insert into "matchh" ("away_id","away_formation_id","away_score","date","finish","home_id","home_formation_id","home_score","last","round_id","spectators","match_id","status","id") values (?,?,?,?,?,?,?,?,?,?,?,?,?,default)
Hibernate: insert into "round" ("last","number","season_id","id") values (?,?,?,default)
Hibernate: insert into "matchh" ("away_id","away_formation_id","away_score","date","finish","home_id","home_formation_id","home_score","last","round_id","spectators","match_id","status","id") values (?,?,?,?,?,?,?,?,?,?,?,?,?,default)
Hibernate: insert into "matchh" ("away_id","away_formation_id","away_score","date","finish","home_id","home_formation_id","home_score","last","round_id","spectators","match_id","status","id") values (?,?,?,?,?,?,?,?,?,?,?,?,?,default)
Hibernate: insert into "matchh" ("away_id","away_formation_id","away_score","date","finish","home_id","home_formation_id","home_score","last","round_id","spectators","match_id","status","id") values (?,?,?,?,?,?,?,?,?,?,?,?,?,default)
Hibernate: insert into "matchh" ("away_id","away_formation_id","away_score","date","finish","home_id","home_formation_id","home_score","last","round_id","spectators","match_id","status","id") values (?,?,?,?,?,?,?,?,?,?,?,?,?,default)
Hibernate: insert into "matchh" ("away_id","away_formation_id","away_score","date","finish","home_id","home_formation_id","home_score","last","round_id","spectators","match_id","status","id") values (?,?,?,?,?,?,?,?,?,?,?,?,?,default)
Hibernate: insert into "round" ("last","number","season_id","id") values (?,?,?,default)
Hibernate: insert into "matchh" ("away_id","away_formation_id","away_score","date","finish","home_id","home_formation_id","home_score","last","round_id","spectators","match_id","status","id") values (?,?,?,?,?,?,?,?,?,?,?,?,?,default)
Hibernate: insert into "matchh" ("away_id","away_formation_id","away_score","date","finish","home_id","home_formation_id","home_score","last","round_id","spectators","match_id","status","id") values (?,?,?,?,?,?,?,?,?,?,?,?,?,default)
Hibernate: insert into "matchh" ("away_id","away_formation_id","away_score","date","finish","home_id","home_formation_id","home_score","last","round_id","spectators","match_id","status","id") values (?,?,?,?,?,?,?,?,?,?,?,?,?,default)
Hibernate: insert into "matchh" ("away_id","away_formation_id","away_score","date","finish","home_id","home_formation_id","home_score","last","round_id","spectators","match_id","status","id") values (?,?,?,?,?,?,?,?,?,?,?,?,?,default)
Hibernate: insert into "matchh" ("away_id","away_formation_id","away_score","date","finish","home_id","home_formation_id","home_score","last","round_id","spectators","match_id","status","id") values (?,?,?,?,?,?,?,?,?,?,?,?,?,default)
Hibernate: insert into "round" ("last","number","season_id","id") values (?,?,?,default)
Hibernate: insert into "matchh" ("away_id","away_formation_id","away_score","date","finish","home_id","home_formation_id","home_score","last","round_id","spectators","match_id","status","id") values (?,?,?,?,?,?,?,?,?,?,?,?,?,default)
Hibernate: insert into "matchh" ("away_id","away_formation_id","away_score","date","finish","home_id","home_formation_id","home_score","last","round_id","spectators","match_id","status","id") values (?,?,?,?,?,?,?,?,?,?,?,?,?,default)
Hibernate: insert into "matchh" ("away_id","away_formation_id","away_score","date","finish","home_id","home_formation_id","home_score","last","round_id","spectators","match_id","status","id") values (?,?,?,?,?,?,?,?,?,?,?,?,?,default)
Hibernate: insert into "matchh" ("away_id","away_formation_id","away_score","date","finish","home_id","home_formation_id","home_score","last","round_id","spectators","match_id","status","id") values (?,?,?,?,?,?,?,?,?,?,?,?,?,default)
Hibernate: insert into "matchh" ("away_id","away_formation_id","away_score","date","finish","home_id","home_formation_id","home_score","last","round_id","spectators","match_id","status","id") values (?,?,?,?,?,?,?,?,?,?,?,?,?,default)
Hibernate: insert into "round" ("last","number","season_id","id") values (?,?,?,default)
Hibernate: insert into "matchh" ("away_id","away_formation_id","away_score","date","finish","home_id","home_formation_id","home_score","last","round_id","spectators","match_id","status","id") values (?,?,?,?,?,?,?,?,?,?,?,?,?,default)
Hibernate: insert into "matchh" ("away_id","away_formation_id","away_score","date","finish","home_id","home_formation_id","home_score","last","round_id","spectators","match_id","status","id") values (?,?,?,?,?,?,?,?,?,?,?,?,?,default)
Hibernate: insert into "matchh" ("away_id","away_formation_id","away_score","date","finish","home_id","home_formation_id","home_score","last","round_id","spectators","match_id","status","id") values (?,?,?,?,?,?,?,?,?,?,?,?,?,default)
Hibernate: insert into "matchh" ("away_id","away_formation_id","away_score","date","finish","home_id","home_formation_id","home_score","last","round_id","spectators","match_id","status","id") values (?,?,?,?,?,?,?,?,?,?,?,?,?,default)
Hibernate: insert into "matchh" ("away_id","away_formation_id","away_score","date","finish","home_id","home_formation_id","home_score","last","round_id","spectators","match_id","status","id") values (?,?,?,?,?,?,?,?,?,?,?,?,?,default)
Hibernate: insert into "round" ("last","number","season_id","id") values (?,?,?,default)
Hibernate: insert into "matchh" ("away_id","away_formation_id","away_score","date","finish","home_id","home_formation_id","home_score","last","round_id","spectators","match_id","status","id") values (?,?,?,?,?,?,?,?,?,?,?,?,?,default)
Hibernate: insert into "matchh" ("away_id","away_formation_id","away_score","date","finish","home_id","home_formation_id","home_score","last","round_id","spectators","match_id","status","id") values (?,?,?,?,?,?,?,?,?,?,?,?,?,default)
Hibernate: insert into "matchh" ("away_id","away_formation_id","away_score","date","finish","home_id","home_formation_id","home_score","last","round_id","spectators","match_id","status","id") values (?,?,?,?,?,?,?,?,?,?,?,?,?,default)
Hibernate: insert into "matchh" ("away_id","away_formation_id","away_score","date","finish","home_id","home_formation_id","home_score","last","round_id","spectators","match_id","status","id") values (?,?,?,?,?,?,?,?,?,?,?,?,?,default)
Hibernate: insert into "matchh" ("away_id","away_formation_id","away_score","date","finish","home_id","home_formation_id","home_score","last","round_id","spectators","match_id","status","id") values (?,?,?,?,?,?,?,?,?,?,?,?,?,default)
Hibernate: insert into "round" ("last","number","season_id","id") values (?,?,?,default)
Hibernate: insert into "matchh" ("away_id","away_formation_id","away_score","date","finish","home_id","home_formation_id","home_score","last","round_id","spectators","match_id","status","id") values (?,?,?,?,?,?,?,?,?,?,?,?,?,default)
Hibernate: insert into "matchh" ("away_id","away_formation_id","away_score","date","finish","home_id","home_formation_id","home_score","last","round_id","spectators","match_id","status","id") values (?,?,?,?,?,?,?,?,?,?,?,?,?,default)
Hibernate: insert into "matchh" ("away_id","away_formation_id","away_score","date","finish","home_id","home_formation_id","home_score","last","round_id","spectators","match_id","status","id") values (?,?,?,?,?,?,?,?,?,?,?,?,?,default)
Hibernate: insert into "matchh" ("away_id","away_formation_id","away_score","date","finish","home_id","home_formation_id","home_score","last","round_id","spectators","match_id","status","id") values (?,?,?,?,?,?,?,?,?,?,?,?,?,default)
Hibernate: insert into "matchh" ("away_id","away_formation_id","away_score","date","finish","home_id","home_formation_id","home_score","last","round_id","spectators","match_id","status","id") values (?,?,?,?,?,?,?,?,?,?,?,?,?,default)
Hibernate: insert into "round" ("last","number","season_id","id") values (?,?,?,default)
Hibernate: insert into "matchh" ("away_id","away_formation_id","away_score","date","finish","home_id","home_formation_id","home_score","last","round_id","spectators","match_id","status","id") values (?,?,?,?,?,?,?,?,?,?,?,?,?,default)
Hibernate: insert into "matchh" ("away_id","away_formation_id","away_score","date","finish","home_id","home_formation_id","home_score","last","round_id","spectators","match_id","status","id") values (?,?,?,?,?,?,?,?,?,?,?,?,?,default)
Hibernate: insert into "matchh" ("away_id","away_formation_id","away_score","date","finish","home_id","home_formation_id","home_score","last","round_id","spectators","match_id","status","id") values (?,?,?,?,?,?,?,?,?,?,?,?,?,default)
Hibernate: insert into "matchh" ("away_id","away_formation_id","away_score","date","finish","home_id","home_formation_id","home_score","last","round_id","spectators","match_id","status","id") values (?,?,?,?,?,?,?,?,?,?,?,?,?,default)
Hibernate: insert into "matchh" ("away_id","away_formation_id","away_score","date","finish","home_id","home_formation_id","home_score","last","round_id","spectators","match_id","status","id") values (?,?,?,?,?,?,?,?,?,?,?,?,?,default)
Hibernate: insert into "round" ("last","number","season_id","id") values (?,?,?,default)
Hibernate: insert into "matchh" ("away_id","away_formation_id","away_score","date","finish","home_id","home_formation_id","home_score","last","round_id","spectators","match_id","status","id") values (?,?,?,?,?,?,?,?,?,?,?,?,?,default)
Hibernate: insert into "matchh" ("away_id","away_formation_id","away_score","date","finish","home_id","home_formation_id","home_score","last","round_id","spectators","match_id","status","id") values (?,?,?,?,?,?,?,?,?,?,?,?,?,default)
Hibernate: insert into "matchh" ("away_id","away_formation_id","away_score","date","finish","home_id","home_formation_id","home_score","last","round_id","spectators","match_id","status","id") values (?,?,?,?,?,?,?,?,?,?,?,?,?,default)
Hibernate: insert into "matchh" ("away_id","away_formation_id","away_score","date","finish","home_id","home_formation_id","home_score","last","round_id","spectators","match_id","status","id") values (?,?,?,?,?,?,?,?,?,?,?,?,?,default)
Hibernate: insert into "matchh" ("away_id","away_formation_id","away_score","date","finish","home_id","home_formation_id","home_score","last","round_id","spectators","match_id","status","id") values (?,?,?,?,?,?,?,?,?,?,?,?,?,default)
Hibernate: insert into "round" ("last","number","season_id","id") values (?,?,?,default)
Hibernate: insert into "matchh" ("away_id","away_formation_id","away_score","date","finish","home_id","home_formation_id","home_score","last","round_id","spectators","match_id","status","id") values (?,?,?,?,?,?,?,?,?,?,?,?,?,default)
Hibernate: insert into "matchh" ("away_id","away_formation_id","away_score","date","finish","home_id","home_formation_id","home_score","last","round_id","spectators","match_id","status","id") values (?,?,?,?,?,?,?,?,?,?,?,?,?,default)
Hibernate: insert into "matchh" ("away_id","away_formation_id","away_score","date","finish","home_id","home_formation_id","home_score","last","round_id","spectators","match_id","status","id") values (?,?,?,?,?,?,?,?,?,?,?,?,?,default)
Hibernate: insert into "matchh" ("away_id","away_formation_id","away_score","date","finish","home_id","home_formation_id","home_score","last","round_id","spectators","match_id","status","id") values (?,?,?,?,?,?,?,?,?,?,?,?,?,default)
Hibernate: insert into "matchh" ("away_id","away_formation_id","away_score","date","finish","home_id","home_formation_id","home_score","last","round_id","spectators","match_id","status","id") values (?,?,?,?,?,?,?,?,?,?,?,?,?,default)
Hibernate: insert into "round" ("last","number","season_id","id") values (?,?,?,default)
Hibernate: insert into "matchh" ("away_id","away_formation_id","away_score","date","finish","home_id","home_formation_id","home_score","last","round_id","spectators","match_id","status","id") values (?,?,?,?,?,?,?,?,?,?,?,?,?,default)
Hibernate: insert into "matchh" ("away_id","away_formation_id","away_score","date","finish","home_id","home_formation_id","home_score","last","round_id","spectators","match_id","status","id") values (?,?,?,?,?,?,?,?,?,?,?,?,?,default)
Hibernate: insert into "matchh" ("away_id","away_formation_id","away_score","date","finish","home_id","home_formation_id","home_score","last","round_id","spectators","match_id","status","id") values (?,?,?,?,?,?,?,?,?,?,?,?,?,default)
Hibernate: insert into "matchh" ("away_id","away_formation_id","away_score","date","finish","home_id","home_formation_id","home_score","last","round_id","spectators","match_id","status","id") values (?,?,?,?,?,?,?,?,?,?,?,?,?,default)
Hibernate: insert into "matchh" ("away_id","away_formation_id","away_score","date","finish","home_id","home_formation_id","home_score","last","round_id","spectators","match_id","status","id") values (?,?,?,?,?,?,?,?,?,?,?,?,?,default)
Hibernate: insert into "round" ("last","number","season_id","id") values (?,?,?,default)
Hibernate: insert into "matchh" ("away_id","away_formation_id","away_score","date","finish","home_id","home_formation_id","home_score","last","round_id","spectators","match_id","status","id") values (?,?,?,?,?,?,?,?,?,?,?,?,?,default)
Hibernate: insert into "matchh" ("away_id","away_formation_id","away_score","date","finish","home_id","home_formation_id","home_score","last","round_id","spectators","match_id","status","id") values (?,?,?,?,?,?,?,?,?,?,?,?,?,default)
Hibernate: insert into "matchh" ("away_id","away_formation_id","away_score","date","finish","home_id","home_formation_id","home_score","last","round_id","spectators","match_id","status","id") values (?,?,?,?,?,?,?,?,?,?,?,?,?,default)
Hibernate: insert into "matchh" ("away_id","away_formation_id","away_score","date","finish","home_id","home_formation_id","home_score","last","round_id","spectators","match_id","status","id") values (?,?,?,?,?,?,?,?,?,?,?,?,?,default)
Hibernate: insert into "matchh" ("away_id","away_formation_id","away_score","date","finish","home_id","home_formation_id","home_score","last","round_id","spectators","match_id","status","id") values (?,?,?,?,?,?,?,?,?,?,?,?,?,default)
Hibernate: insert into "round" ("last","number","season_id","id") values (?,?,?,default)
Hibernate: insert into "matchh" ("away_id","away_formation_id","away_score","date","finish","home_id","home_formation_id","home_score","last","round_id","spectators","match_id","status","id") values (?,?,?,?,?,?,?,?,?,?,?,?,?,default)
Hibernate: insert into "matchh" ("away_id","away_formation_id","away_score","date","finish","home_id","home_formation_id","home_score","last","round_id","spectators","match_id","status","id") values (?,?,?,?,?,?,?,?,?,?,?,?,?,default)
Hibernate: insert into "matchh" ("away_id","away_formation_id","away_score","date","finish","home_id","home_formation_id","home_score","last","round_id","spectators","match_id","status","id") values (?,?,?,?,?,?,?,?,?,?,?,?,?,default)
Hibernate: insert into "matchh" ("away_id","away_formation_id","away_score","date","finish","home_id","home_formation_id","home_score","last","round_id","spectators","match_id","status","id") values (?,?,?,?,?,?,?,?,?,?,?,?,?,default)
Hibernate: insert into "matchh" ("away_id","away_formation_id","away_score","date","finish","home_id","home_formation_id","home_score","last","round_id","spectators","match_id","status","id") values (?,?,?,?,?,?,?,?,?,?,?,?,?,default)
Hibernate: insert into "round" ("last","number","season_id","id") values (?,?,?,default)
Hibernate: insert into "matchh" ("away_id","away_formation_id","away_score","date","finish","home_id","home_formation_id","home_score","last","round_id","spectators","match_id","status","id") values (?,?,?,?,?,?,?,?,?,?,?,?,?,default)
Hibernate: insert into "matchh" ("away_id","away_formation_id","away_score","date","finish","home_id","home_formation_id","home_score","last","round_id","spectators","match_id","status","id") values (?,?,?,?,?,?,?,?,?,?,?,?,?,default)
Hibernate: insert into "matchh" ("away_id","away_formation_id","away_score","date","finish","home_id","home_formation_id","home_score","last","round_id","spectators","match_id","status","id") values (?,?,?,?,?,?,?,?,?,?,?,?,?,default)
Hibernate: insert into "matchh" ("away_id","away_formation_id","away_score","date","finish","home_id","home_formation_id","home_score","last","round_id","spectators","match_id","status","id") values (?,?,?,?,?,?,?,?,?,?,?,?,?,default)
Hibernate: insert into "matchh" ("away_id","away_formation_id","away_score","date","finish","home_id","home_formation_id","home_score","last","round_id","spectators","match_id","status","id") values (?,?,?,?,?,?,?,?,?,?,?,?,?,default)
Hibernate: insert into "round" ("last","number","season_id","id") values (?,?,?,default)
Hibernate: insert into "matchh" ("away_id","away_formation_id","away_score","date","finish","home_id","home_formation_id","home_score","last","round_id","spectators","match_id","status","id") values (?,?,?,?,?,?,?,?,?,?,?,?,?,default)
Hibernate: insert into "matchh" ("away_id","away_formation_id","away_score","date","finish","home_id","home_formation_id","home_score","last","round_id","spectators","match_id","status","id") values (?,?,?,?,?,?,?,?,?,?,?,?,?,default)
Hibernate: insert into "matchh" ("away_id","away_formation_id","away_score","date","finish","home_id","home_formation_id","home_score","last","round_id","spectators","match_id","status","id") values (?,?,?,?,?,?,?,?,?,?,?,?,?,default)
Hibernate: insert into "matchh" ("away_id","away_formation_id","away_score","date","finish","home_id","home_formation_id","home_score","last","round_id","spectators","match_id","status","id") values (?,?,?,?,?,?,?,?,?,?,?,?,?,default)
Hibernate: insert into "matchh" ("away_id","away_formation_id","away_score","date","finish","home_id","home_formation_id","home_score","last","round_id","spectators","match_id","status","id") values (?,?,?,?,?,?,?,?,?,?,?,?,?,default)
Hibernate: insert into "league" ("country_id","season_id","euro_cup","minor_league_id","name","promotion","relegation","server_id","id") values (?,?,?,?,?,?,?,?,default)
Hibernate: insert into "finance" ("balance","debt","facility_maintenance","last_updated","loan_interest","matchday_revenue","merchandise_revenue","monthly_budget","net_worth","operational_costs","player_salaries","prize_money_revenue","profit_margin","season_budget","sponsorship_revenue","staff_salaries","total_expenses","total_revenue","transfer_expenses","transfer_revenue","tv_rights_revenue","id") values (?,?,?,?,?,?,?,?,?,?,?,?,?,?,?,?,?,?,?,?,?,default)
Hibernate: insert into "stadium" ("accessibility_level","atmosphere_multiplier","base_capacity","capacity","construction_cost","facilities_quality","grandstand_est","grandstand_nord","grandstand_sud","grandstand_west","has_media_center","has_megastore","has_museum","has_roof","has_undersoil_heating","has_vip_boxes","last_upgrade_date","maintenance_cost","name","next_maintenance_date","pitch_quality","revenue_multiplier","security_level","upgrade_value","id") values (?,?,?,?,?,?,?,?,?,?,?,?,?,?,?,?,?,?,?,?,?,?,?,?,default)
Hibernate: insert into "team" ("formation_id","id") values (?,default)
Hibernate: insert into "player" ("birth","cndtion","defending","goalkeeping","moral","name","on_sale","original_team_id","passing","playmaking","potential","preferred_foot","role","salary","scoring","set_pieces","stamina","surname","team_id","winger","id") values (?,?,?,?,?,?,?,?,?,?,?,?,?,?,?,?,?,?,?,?,default)
Hibernate: insert into "player" ("birth","cndtion","defending","goalkeeping","moral","name","on_sale","original_team_id","passing","playmaking","potential","preferred_foot","role","salary","scoring","set_pieces","stamina","surname","team_id","winger","id") values (?,?,?,?,?,?,?,?,?,?,?,?,?,?,?,?,?,?,?,?,default)
Hibernate: insert into "player" ("birth","cndtion","defending","goalkeeping","moral","name","on_sale","original_team_id","passing","playmaking","potential","preferred_foot","role","salary","scoring","set_pieces","stamina","surname","team_id","winger","id") values (?,?,?,?,?,?,?,?,?,?,?,?,?,?,?,?,?,?,?,?,default)
Hibernate: insert into "player" ("birth","cndtion","defending","goalkeeping","moral","name","on_sale","original_team_id","passing","playmaking","potential","preferred_foot","role","salary","scoring","set_pieces","stamina","surname","team_id","winger","id") values (?,?,?,?,?,?,?,?,?,?,?,?,?,?,?,?,?,?,?,?,default)
Hibernate: insert into "player" ("birth","cndtion","defending","goalkeeping","moral","name","on_sale","original_team_id","passing","playmaking","potential","preferred_foot","role","salary","scoring","set_pieces","stamina","surname","team_id","winger","id") values (?,?,?,?,?,?,?,?,?,?,?,?,?,?,?,?,?,?,?,?,default)
Hibernate: insert into "player" ("birth","cndtion","defending","goalkeeping","moral","name","on_sale","original_team_id","passing","playmaking","potential","preferred_foot","role","salary","scoring","set_pieces","stamina","surname","team_id","winger","id") values (?,?,?,?,?,?,?,?,?,?,?,?,?,?,?,?,?,?,?,?,default)
Hibernate: insert into "player" ("birth","cndtion","defending","goalkeeping","moral","name","on_sale","original_team_id","passing","playmaking","potential","preferred_foot","role","salary","scoring","set_pieces","stamina","surname","team_id","winger","id") values (?,?,?,?,?,?,?,?,?,?,?,?,?,?,?,?,?,?,?,?,default)
Hibernate: insert into "player" ("birth","cndtion","defending","goalkeeping","moral","name","on_sale","original_team_id","passing","playmaking","potential","preferred_foot","role","salary","scoring","set_pieces","stamina","surname","team_id","winger","id") values (?,?,?,?,?,?,?,?,?,?,?,?,?,?,?,?,?,?,?,?,default)
Hibernate: insert into "player" ("birth","cndtion","defending","goalkeeping","moral","name","on_sale","original_team_id","passing","playmaking","potential","preferred_foot","role","salary","scoring","set_pieces","stamina","surname","team_id","winger","id") values (?,?,?,?,?,?,?,?,?,?,?,?,?,?,?,?,?,?,?,?,default)
Hibernate: insert into "player" ("birth","cndtion","defending","goalkeeping","moral","name","on_sale","original_team_id","passing","playmaking","potential","preferred_foot","role","salary","scoring","set_pieces","stamina","surname","team_id","winger","id") values (?,?,?,?,?,?,?,?,?,?,?,?,?,?,?,?,?,?,?,?,default)
Hibernate: insert into "player" ("birth","cndtion","defending","goalkeeping","moral","name","on_sale","original_team_id","passing","playmaking","potential","preferred_foot","role","salary","scoring","set_pieces","stamina","surname","team_id","winger","id") values (?,?,?,?,?,?,?,?,?,?,?,?,?,?,?,?,?,?,?,?,default)
Hibernate: insert into "player" ("birth","cndtion","defending","goalkeeping","moral","name","on_sale","original_team_id","passing","playmaking","potential","preferred_foot","role","salary","scoring","set_pieces","stamina","surname","team_id","winger","id") values (?,?,?,?,?,?,?,?,?,?,?,?,?,?,?,?,?,?,?,?,default)
Hibernate: insert into "player" ("birth","cndtion","defending","goalkeeping","moral","name","on_sale","original_team_id","passing","playmaking","potential","preferred_foot","role","salary","scoring","set_pieces","stamina","surname","team_id","winger","id") values (?,?,?,?,?,?,?,?,?,?,?,?,?,?,?,?,?,?,?,?,default)
Hibernate: insert into "player" ("birth","cndtion","defending","goalkeeping","moral","name","on_sale","original_team_id","passing","playmaking","potential","preferred_foot","role","salary","scoring","set_pieces","stamina","surname","team_id","winger","id") values (?,?,?,?,?,?,?,?,?,?,?,?,?,?,?,?,?,?,?,?,default)
Hibernate: insert into "player" ("birth","cndtion","defending","goalkeeping","moral","name","on_sale","original_team_id","passing","playmaking","potential","preferred_foot","role","salary","scoring","set_pieces","stamina","surname","team_id","winger","id") values (?,?,?,?,?,?,?,?,?,?,?,?,?,?,?,?,?,?,?,?,default)
Hibernate: insert into "player" ("birth","cndtion","defending","goalkeeping","moral","name","on_sale","original_team_id","passing","playmaking","potential","preferred_foot","role","salary","scoring","set_pieces","stamina","surname","team_id","winger","id") values (?,?,?,?,?,?,?,?,?,?,?,?,?,?,?,?,?,?,?,?,default)
Hibernate: insert into "player" ("birth","cndtion","defending","goalkeeping","moral","name","on_sale","original_team_id","passing","playmaking","potential","preferred_foot","role","salary","scoring","set_pieces","stamina","surname","team_id","winger","id") values (?,?,?,?,?,?,?,?,?,?,?,?,?,?,?,?,?,?,?,?,default)
Hibernate: insert into "player" ("birth","cndtion","defending","goalkeeping","moral","name","on_sale","original_team_id","passing","playmaking","potential","preferred_foot","role","salary","scoring","set_pieces","stamina","surname","team_id","winger","id") values (?,?,?,?,?,?,?,?,?,?,?,?,?,?,?,?,?,?,?,?,default)
Hibernate: insert into "player" ("birth","cndtion","defending","goalkeeping","moral","name","on_sale","original_team_id","passing","playmaking","potential","preferred_foot","role","salary","scoring","set_pieces","stamina","surname","team_id","winger","id") values (?,?,?,?,?,?,?,?,?,?,?,?,?,?,?,?,?,?,?,?,default)
Hibernate: insert into "player" ("birth","cndtion","defending","goalkeeping","moral","name","on_sale","original_team_id","passing","playmaking","potential","preferred_foot","role","salary","scoring","set_pieces","stamina","surname","team_id","winger","id") values (?,?,?,?,?,?,?,?,?,?,?,?,?,?,?,?,?,?,?,?,default)
Hibernate: insert into "player" ("birth","cndtion","defending","goalkeeping","moral","name","on_sale","original_team_id","passing","playmaking","potential","preferred_foot","role","salary","scoring","set_pieces","stamina","surname","team_id","winger","id") values (?,?,?,?,?,?,?,?,?,?,?,?,?,?,?,?,?,?,?,?,default)
Hibernate: insert into "player" ("birth","cndtion","defending","goalkeeping","moral","name","on_sale","original_team_id","passing","playmaking","potential","preferred_foot","role","salary","scoring","set_pieces","stamina","surname","team_id","winger","id") values (?,?,?,?,?,?,?,?,?,?,?,?,?,?,?,?,?,?,?,?,default)
Hibernate: insert into "player" ("birth","cndtion","defending","goalkeeping","moral","name","on_sale","original_team_id","passing","playmaking","potential","preferred_foot","role","salary","scoring","set_pieces","stamina","surname","team_id","winger","id") values (?,?,?,?,?,?,?,?,?,?,?,?,?,?,?,?,?,?,?,?,default)
Hibernate: insert into "club" ("city","finance_id","foundation","league_id","logourl","medical_center_id","name","stadium_id","team_id","training_facility_id","under18_id","youth_academy_id","id") values (?,?,?,?,?,?,?,?,?,?,?,?,default)
Hibernate: insert into "finance" ("balance","debt","facility_maintenance","last_updated","loan_interest","matchday_revenue","merchandise_revenue","monthly_budget","net_worth","operational_costs","player_salaries","prize_money_revenue","profit_margin","season_budget","sponsorship_revenue","staff_salaries","total_expenses","total_revenue","transfer_expenses","transfer_revenue","tv_rights_revenue","id") values (?,?,?,?,?,?,?,?,?,?,?,?,?,?,?,?,?,?,?,?,?,default)
Hibernate: insert into "stadium" ("accessibility_level","atmosphere_multiplier","base_capacity","capacity","construction_cost","facilities_quality","grandstand_est","grandstand_nord","grandstand_sud","grandstand_west","has_media_center","has_megastore","has_museum","has_roof","has_undersoil_heating","has_vip_boxes","last_upgrade_date","maintenance_cost","name","next_maintenance_date","pitch_quality","revenue_multiplier","security_level","upgrade_value","id") values (?,?,?,?,?,?,?,?,?,?,?,?,?,?,?,?,?,?,?,?,?,?,?,?,default)
Hibernate: insert into "team" ("formation_id","id") values (?,default)
Hibernate: insert into "player" ("birth","cndtion","defending","goalkeeping","moral","name","on_sale","original_team_id","passing","playmaking","potential","preferred_foot","role","salary","scoring","set_pieces","stamina","surname","team_id","winger","id") values (?,?,?,?,?,?,?,?,?,?,?,?,?,?,?,?,?,?,?,?,default)
Hibernate: insert into "player" ("birth","cndtion","defending","goalkeeping","moral","name","on_sale","original_team_id","passing","playmaking","potential","preferred_foot","role","salary","scoring","set_pieces","stamina","surname","team_id","winger","id") values (?,?,?,?,?,?,?,?,?,?,?,?,?,?,?,?,?,?,?,?,default)
Hibernate: insert into "player" ("birth","cndtion","defending","goalkeeping","moral","name","on_sale","original_team_id","passing","playmaking","potential","preferred_foot","role","salary","scoring","set_pieces","stamina","surname","team_id","winger","id") values (?,?,?,?,?,?,?,?,?,?,?,?,?,?,?,?,?,?,?,?,default)
Hibernate: insert into "player" ("birth","cndtion","defending","goalkeeping","moral","name","on_sale","original_team_id","passing","playmaking","potential","preferred_foot","role","salary","scoring","set_pieces","stamina","surname","team_id","winger","id") values (?,?,?,?,?,?,?,?,?,?,?,?,?,?,?,?,?,?,?,?,default)
Hibernate: insert into "player" ("birth","cndtion","defending","goalkeeping","moral","name","on_sale","original_team_id","passing","playmaking","potential","preferred_foot","role","salary","scoring","set_pieces","stamina","surname","team_id","winger","id") values (?,?,?,?,?,?,?,?,?,?,?,?,?,?,?,?,?,?,?,?,default)
Hibernate: insert into "player" ("birth","cndtion","defending","goalkeeping","moral","name","on_sale","original_team_id","passing","playmaking","potential","preferred_foot","role","salary","scoring","set_pieces","stamina","surname","team_id","winger","id") values (?,?,?,?,?,?,?,?,?,?,?,?,?,?,?,?,?,?,?,?,default)
Hibernate: insert into "player" ("birth","cndtion","defending","goalkeeping","moral","name","on_sale","original_team_id","passing","playmaking","potential","preferred_foot","role","salary","scoring","set_pieces","stamina","surname","team_id","winger","id") values (?,?,?,?,?,?,?,?,?,?,?,?,?,?,?,?,?,?,?,?,default)
Hibernate: insert into "player" ("birth","cndtion","defending","goalkeeping","moral","name","on_sale","original_team_id","passing","playmaking","potential","preferred_foot","role","salary","scoring","set_pieces","stamina","surname","team_id","winger","id") values (?,?,?,?,?,?,?,?,?,?,?,?,?,?,?,?,?,?,?,?,default)
Hibernate: insert into "player" ("birth","cndtion","defending","goalkeeping","moral","name","on_sale","original_team_id","passing","playmaking","potential","preferred_foot","role","salary","scoring","set_pieces","stamina","surname","team_id","winger","id") values (?,?,?,?,?,?,?,?,?,?,?,?,?,?,?,?,?,?,?,?,default)
Hibernate: insert into "player" ("birth","cndtion","defending","goalkeeping","moral","name","on_sale","original_team_id","passing","playmaking","potential","preferred_foot","role","salary","scoring","set_pieces","stamina","surname","team_id","winger","id") values (?,?,?,?,?,?,?,?,?,?,?,?,?,?,?,?,?,?,?,?,default)
Hibernate: insert into "player" ("birth","cndtion","defending","goalkeeping","moral","name","on_sale","original_team_id","passing","playmaking","potential","preferred_foot","role","salary","scoring","set_pieces","stamina","surname","team_id","winger","id") values (?,?,?,?,?,?,?,?,?,?,?,?,?,?,?,?,?,?,?,?,default)
Hibernate: insert into "player" ("birth","cndtion","defending","goalkeeping","moral","name","on_sale","original_team_id","passing","playmaking","potential","preferred_foot","role","salary","scoring","set_pieces","stamina","surname","team_id","winger","id") values (?,?,?,?,?,?,?,?,?,?,?,?,?,?,?,?,?,?,?,?,default)
Hibernate: insert into "player" ("birth","cndtion","defending","goalkeeping","moral","name","on_sale","original_team_id","passing","playmaking","potential","preferred_foot","role","salary","scoring","set_pieces","stamina","surname","team_id","winger","id") values (?,?,?,?,?,?,?,?,?,?,?,?,?,?,?,?,?,?,?,?,default)
Hibernate: insert into "player" ("birth","cndtion","defending","goalkeeping","moral","name","on_sale","original_team_id","passing","playmaking","potential","preferred_foot","role","salary","scoring","set_pieces","stamina","surname","team_id","winger","id") values (?,?,?,?,?,?,?,?,?,?,?,?,?,?,?,?,?,?,?,?,default)
Hibernate: insert into "player" ("birth","cndtion","defending","goalkeeping","moral","name","on_sale","original_team_id","passing","playmaking","potential","preferred_foot","role","salary","scoring","set_pieces","stamina","surname","team_id","winger","id") values (?,?,?,?,?,?,?,?,?,?,?,?,?,?,?,?,?,?,?,?,default)
Hibernate: insert into "player" ("birth","cndtion","defending","goalkeeping","moral","name","on_sale","original_team_id","passing","playmaking","potential","preferred_foot","role","salary","scoring","set_pieces","stamina","surname","team_id","winger","id") values (?,?,?,?,?,?,?,?,?,?,?,?,?,?,?,?,?,?,?,?,default)
Hibernate: insert into "player" ("birth","cndtion","defending","goalkeeping","moral","name","on_sale","original_team_id","passing","playmaking","potential","preferred_foot","role","salary","scoring","set_pieces","stamina","surname","team_id","winger","id") values (?,?,?,?,?,?,?,?,?,?,?,?,?,?,?,?,?,?,?,?,default)
Hibernate: insert into "player" ("birth","cndtion","defending","goalkeeping","moral","name","on_sale","original_team_id","passing","playmaking","potential","preferred_foot","role","salary","scoring","set_pieces","stamina","surname","team_id","winger","id") values (?,?,?,?,?,?,?,?,?,?,?,?,?,?,?,?,?,?,?,?,default)
Hibernate: insert into "player" ("birth","cndtion","defending","goalkeeping","moral","name","on_sale","original_team_id","passing","playmaking","potential","preferred_foot","role","salary","scoring","set_pieces","stamina","surname","team_id","winger","id") values (?,?,?,?,?,?,?,?,?,?,?,?,?,?,?,?,?,?,?,?,default)
Hibernate: insert into "player" ("birth","cndtion","defending","goalkeeping","moral","name","on_sale","original_team_id","passing","playmaking","potential","preferred_foot","role","salary","scoring","set_pieces","stamina","surname","team_id","winger","id") values (?,?,?,?,?,?,?,?,?,?,?,?,?,?,?,?,?,?,?,?,default)
Hibernate: insert into "player" ("birth","cndtion","defending","goalkeeping","moral","name","on_sale","original_team_id","passing","playmaking","potential","preferred_foot","role","salary","scoring","set_pieces","stamina","surname","team_id","winger","id") values (?,?,?,?,?,?,?,?,?,?,?,?,?,?,?,?,?,?,?,?,default)
Hibernate: insert into "player" ("birth","cndtion","defending","goalkeeping","moral","name","on_sale","original_team_id","passing","playmaking","potential","preferred_foot","role","salary","scoring","set_pieces","stamina","surname","team_id","winger","id") values (?,?,?,?,?,?,?,?,?,?,?,?,?,?,?,?,?,?,?,?,default)
Hibernate: insert into "player" ("birth","cndtion","defending","goalkeeping","moral","name","on_sale","original_team_id","passing","playmaking","potential","preferred_foot","role","salary","scoring","set_pieces","stamina","surname","team_id","winger","id") values (?,?,?,?,?,?,?,?,?,?,?,?,?,?,?,?,?,?,?,?,default)
Hibernate: insert into "club" ("city","finance_id","foundation","league_id","logourl","medical_center_id","name","stadium_id","team_id","training_facility_id","under18_id","youth_academy_id","id") values (?,?,?,?,?,?,?,?,?,?,?,?,default)
Hibernate: insert into "finance" ("balance","debt","facility_maintenance","last_updated","loan_interest","matchday_revenue","merchandise_revenue","monthly_budget","net_worth","operational_costs","player_salaries","prize_money_revenue","profit_margin","season_budget","sponsorship_revenue","staff_salaries","total_expenses","total_revenue","transfer_expenses","transfer_revenue","tv_rights_revenue","id") values (?,?,?,?,?,?,?,?,?,?,?,?,?,?,?,?,?,?,?,?,?,default)
Hibernate: insert into "stadium" ("accessibility_level","atmosphere_multiplier","base_capacity","capacity","construction_cost","facilities_quality","grandstand_est","grandstand_nord","grandstand_sud","grandstand_west","has_media_center","has_megastore","has_museum","has_roof","has_undersoil_heating","has_vip_boxes","last_upgrade_date","maintenance_cost","name","next_maintenance_date","pitch_quality","revenue_multiplier","security_level","upgrade_value","id") values (?,?,?,?,?,?,?,?,?,?,?,?,?,?,?,?,?,?,?,?,?,?,?,?,default)
Hibernate: insert into "team" ("formation_id","id") values (?,default)
Hibernate: insert into "player" ("birth","cndtion","defending","goalkeeping","moral","name","on_sale","original_team_id","passing","playmaking","potential","preferred_foot","role","salary","scoring","set_pieces","stamina","surname","team_id","winger","id") values (?,?,?,?,?,?,?,?,?,?,?,?,?,?,?,?,?,?,?,?,default)
Hibernate: insert into "player" ("birth","cndtion","defending","goalkeeping","moral","name","on_sale","original_team_id","passing","playmaking","potential","preferred_foot","role","salary","scoring","set_pieces","stamina","surname","team_id","winger","id") values (?,?,?,?,?,?,?,?,?,?,?,?,?,?,?,?,?,?,?,?,default)
Hibernate: insert into "player" ("birth","cndtion","defending","goalkeeping","moral","name","on_sale","original_team_id","passing","playmaking","potential","preferred_foot","role","salary","scoring","set_pieces","stamina","surname","team_id","winger","id") values (?,?,?,?,?,?,?,?,?,?,?,?,?,?,?,?,?,?,?,?,default)
Hibernate: insert into "player" ("birth","cndtion","defending","goalkeeping","moral","name","on_sale","original_team_id","passing","playmaking","potential","preferred_foot","role","salary","scoring","set_pieces","stamina","surname","team_id","winger","id") values (?,?,?,?,?,?,?,?,?,?,?,?,?,?,?,?,?,?,?,?,default)
Hibernate: insert into "player" ("birth","cndtion","defending","goalkeeping","moral","name","on_sale","original_team_id","passing","playmaking","potential","preferred_foot","role","salary","scoring","set_pieces","stamina","surname","team_id","winger","id") values (?,?,?,?,?,?,?,?,?,?,?,?,?,?,?,?,?,?,?,?,default)
Hibernate: insert into "player" ("birth","cndtion","defending","goalkeeping","moral","name","on_sale","original_team_id","passing","playmaking","potential","preferred_foot","role","salary","scoring","set_pieces","stamina","surname","team_id","winger","id") values (?,?,?,?,?,?,?,?,?,?,?,?,?,?,?,?,?,?,?,?,default)
Hibernate: insert into "player" ("birth","cndtion","defending","goalkeeping","moral","name","on_sale","original_team_id","passing","playmaking","potential","preferred_foot","role","salary","scoring","set_pieces","stamina","surname","team_id","winger","id") values (?,?,?,?,?,?,?,?,?,?,?,?,?,?,?,?,?,?,?,?,default)
Hibernate: insert into "player" ("birth","cndtion","defending","goalkeeping","moral","name","on_sale","original_team_id","passing","playmaking","potential","preferred_foot","role","salary","scoring","set_pieces","stamina","surname","team_id","winger","id") values (?,?,?,?,?,?,?,?,?,?,?,?,?,?,?,?,?,?,?,?,default)
Hibernate: insert into "player" ("birth","cndtion","defending","goalkeeping","moral","name","on_sale","original_team_id","passing","playmaking","potential","preferred_foot","role","salary","scoring","set_pieces","stamina","surname","team_id","winger","id") values (?,?,?,?,?,?,?,?,?,?,?,?,?,?,?,?,?,?,?,?,default)
Hibernate: insert into "player" ("birth","cndtion","defending","goalkeeping","moral","name","on_sale","original_team_id","passing","playmaking","potential","preferred_foot","role","salary","scoring","set_pieces","stamina","surname","team_id","winger","id") values (?,?,?,?,?,?,?,?,?,?,?,?,?,?,?,?,?,?,?,?,default)
Hibernate: insert into "player" ("birth","cndtion","defending","goalkeeping","moral","name","on_sale","original_team_id","passing","playmaking","potential","preferred_foot","role","salary","scoring","set_pieces","stamina","surname","team_id","winger","id") values (?,?,?,?,?,?,?,?,?,?,?,?,?,?,?,?,?,?,?,?,default)
Hibernate: insert into "player" ("birth","cndtion","defending","goalkeeping","moral","name","on_sale","original_team_id","passing","playmaking","potential","preferred_foot","role","salary","scoring","set_pieces","stamina","surname","team_id","winger","id") values (?,?,?,?,?,?,?,?,?,?,?,?,?,?,?,?,?,?,?,?,default)
Hibernate: insert into "player" ("birth","cndtion","defending","goalkeeping","moral","name","on_sale","original_team_id","passing","playmaking","potential","preferred_foot","role","salary","scoring","set_pieces","stamina","surname","team_id","winger","id") values (?,?,?,?,?,?,?,?,?,?,?,?,?,?,?,?,?,?,?,?,default)
Hibernate: insert into "player" ("birth","cndtion","defending","goalkeeping","moral","name","on_sale","original_team_id","passing","playmaking","potential","preferred_foot","role","salary","scoring","set_pieces","stamina","surname","team_id","winger","id") values (?,?,?,?,?,?,?,?,?,?,?,?,?,?,?,?,?,?,?,?,default)
Hibernate: insert into "player" ("birth","cndtion","defending","goalkeeping","moral","name","on_sale","original_team_id","passing","playmaking","potential","preferred_foot","role","salary","scoring","set_pieces","stamina","surname","team_id","winger","id") values (?,?,?,?,?,?,?,?,?,?,?,?,?,?,?,?,?,?,?,?,default)
Hibernate: insert into "player" ("birth","cndtion","defending","goalkeeping","moral","name","on_sale","original_team_id","passing","playmaking","potential","preferred_foot","role","salary","scoring","set_pieces","stamina","surname","team_id","winger","id") values (?,?,?,?,?,?,?,?,?,?,?,?,?,?,?,?,?,?,?,?,default)
Hibernate: insert into "player" ("birth","cndtion","defending","goalkeeping","moral","name","on_sale","original_team_id","passing","playmaking","potential","preferred_foot","role","salary","scoring","set_pieces","stamina","surname","team_id","winger","id") values (?,?,?,?,?,?,?,?,?,?,?,?,?,?,?,?,?,?,?,?,default)
Hibernate: insert into "player" ("birth","cndtion","defending","goalkeeping","moral","name","on_sale","original_team_id","passing","playmaking","potential","preferred_foot","role","salary","scoring","set_pieces","stamina","surname","team_id","winger","id") values (?,?,?,?,?,?,?,?,?,?,?,?,?,?,?,?,?,?,?,?,default)
Hibernate: insert into "player" ("birth","cndtion","defending","goalkeeping","moral","name","on_sale","original_team_id","passing","playmaking","potential","preferred_foot","role","salary","scoring","set_pieces","stamina","surname","team_id","winger","id") values (?,?,?,?,?,?,?,?,?,?,?,?,?,?,?,?,?,?,?,?,default)
Hibernate: insert into "player" ("birth","cndtion","defending","goalkeeping","moral","name","on_sale","original_team_id","passing","playmaking","potential","preferred_foot","role","salary","scoring","set_pieces","stamina","surname","team_id","winger","id") values (?,?,?,?,?,?,?,?,?,?,?,?,?,?,?,?,?,?,?,?,default)
Hibernate: insert into "player" ("birth","cndtion","defending","goalkeeping","moral","name","on_sale","original_team_id","passing","playmaking","potential","preferred_foot","role","salary","scoring","set_pieces","stamina","surname","team_id","winger","id") values (?,?,?,?,?,?,?,?,?,?,?,?,?,?,?,?,?,?,?,?,default)
Hibernate: insert into "player" ("birth","cndtion","defending","goalkeeping","moral","name","on_sale","original_team_id","passing","playmaking","potential","preferred_foot","role","salary","scoring","set_pieces","stamina","surname","team_id","winger","id") values (?,?,?,?,?,?,?,?,?,?,?,?,?,?,?,?,?,?,?,?,default)
Hibernate: insert into "player" ("birth","cndtion","defending","goalkeeping","moral","name","on_sale","original_team_id","passing","playmaking","potential","preferred_foot","role","salary","scoring","set_pieces","stamina","surname","team_id","winger","id") values (?,?,?,?,?,?,?,?,?,?,?,?,?,?,?,?,?,?,?,?,default)
Hibernate: insert into "club" ("city","finance_id","foundation","league_id","logourl","medical_center_id","name","stadium_id","team_id","training_facility_id","under18_id","youth_academy_id","id") values (?,?,?,?,?,?,?,?,?,?,?,?,default)
Hibernate: insert into "finance" ("balance","debt","facility_maintenance","last_updated","loan_interest","matchday_revenue","merchandise_revenue","monthly_budget","net_worth","operational_costs","player_salaries","prize_money_revenue","profit_margin","season_budget","sponsorship_revenue","staff_salaries","total_expenses","total_revenue","transfer_expenses","transfer_revenue","tv_rights_revenue","id") values (?,?,?,?,?,?,?,?,?,?,?,?,?,?,?,?,?,?,?,?,?,default)
Hibernate: insert into "stadium" ("accessibility_level","atmosphere_multiplier","base_capacity","capacity","construction_cost","facilities_quality","grandstand_est","grandstand_nord","grandstand_sud","grandstand_west","has_media_center","has_megastore","has_museum","has_roof","has_undersoil_heating","has_vip_boxes","last_upgrade_date","maintenance_cost","name","next_maintenance_date","pitch_quality","revenue_multiplier","security_level","upgrade_value","id") values (?,?,?,?,?,?,?,?,?,?,?,?,?,?,?,?,?,?,?,?,?,?,?,?,default)
Hibernate: insert into "team" ("formation_id","id") values (?,default)
Hibernate: insert into "player" ("birth","cndtion","defending","goalkeeping","moral","name","on_sale","original_team_id","passing","playmaking","potential","preferred_foot","role","salary","scoring","set_pieces","stamina","surname","team_id","winger","id") values (?,?,?,?,?,?,?,?,?,?,?,?,?,?,?,?,?,?,?,?,default)
Hibernate: insert into "player" ("birth","cndtion","defending","goalkeeping","moral","name","on_sale","original_team_id","passing","playmaking","potential","preferred_foot","role","salary","scoring","set_pieces","stamina","surname","team_id","winger","id") values (?,?,?,?,?,?,?,?,?,?,?,?,?,?,?,?,?,?,?,?,default)
Hibernate: insert into "player" ("birth","cndtion","defending","goalkeeping","moral","name","on_sale","original_team_id","passing","playmaking","potential","preferred_foot","role","salary","scoring","set_pieces","stamina","surname","team_id","winger","id") values (?,?,?,?,?,?,?,?,?,?,?,?,?,?,?,?,?,?,?,?,default)
Hibernate: insert into "player" ("birth","cndtion","defending","goalkeeping","moral","name","on_sale","original_team_id","passing","playmaking","potential","preferred_foot","role","salary","scoring","set_pieces","stamina","surname","team_id","winger","id") values (?,?,?,?,?,?,?,?,?,?,?,?,?,?,?,?,?,?,?,?,default)
Hibernate: insert into "player" ("birth","cndtion","defending","goalkeeping","moral","name","on_sale","original_team_id","passing","playmaking","potential","preferred_foot","role","salary","scoring","set_pieces","stamina","surname","team_id","winger","id") values (?,?,?,?,?,?,?,?,?,?,?,?,?,?,?,?,?,?,?,?,default)
Hibernate: insert into "player" ("birth","cndtion","defending","goalkeeping","moral","name","on_sale","original_team_id","passing","playmaking","potential","preferred_foot","role","salary","scoring","set_pieces","stamina","surname","team_id","winger","id") values (?,?,?,?,?,?,?,?,?,?,?,?,?,?,?,?,?,?,?,?,default)
Hibernate: insert into "player" ("birth","cndtion","defending","goalkeeping","moral","name","on_sale","original_team_id","passing","playmaking","potential","preferred_foot","role","salary","scoring","set_pieces","stamina","surname","team_id","winger","id") values (?,?,?,?,?,?,?,?,?,?,?,?,?,?,?,?,?,?,?,?,default)
Hibernate: insert into "player" ("birth","cndtion","defending","goalkeeping","moral","name","on_sale","original_team_id","passing","playmaking","potential","preferred_foot","role","salary","scoring","set_pieces","stamina","surname","team_id","winger","id") values (?,?,?,?,?,?,?,?,?,?,?,?,?,?,?,?,?,?,?,?,default)
Hibernate: insert into "player" ("birth","cndtion","defending","goalkeeping","moral","name","on_sale","original_team_id","passing","playmaking","potential","preferred_foot","role","salary","scoring","set_pieces","stamina","surname","team_id","winger","id") values (?,?,?,?,?,?,?,?,?,?,?,?,?,?,?,?,?,?,?,?,default)
Hibernate: insert into "player" ("birth","cndtion","defending","goalkeeping","moral","name","on_sale","original_team_id","passing","playmaking","potential","preferred_foot","role","salary","scoring","set_pieces","stamina","surname","team_id","winger","id") values (?,?,?,?,?,?,?,?,?,?,?,?,?,?,?,?,?,?,?,?,default)
Hibernate: insert into "player" ("birth","cndtion","defending","goalkeeping","moral","name","on_sale","original_team_id","passing","playmaking","potential","preferred_foot","role","salary","scoring","set_pieces","stamina","surname","team_id","winger","id") values (?,?,?,?,?,?,?,?,?,?,?,?,?,?,?,?,?,?,?,?,default)
Hibernate: insert into "player" ("birth","cndtion","defending","goalkeeping","moral","name","on_sale","original_team_id","passing","playmaking","potential","preferred_foot","role","salary","scoring","set_pieces","stamina","surname","team_id","winger","id") values (?,?,?,?,?,?,?,?,?,?,?,?,?,?,?,?,?,?,?,?,default)
Hibernate: insert into "player" ("birth","cndtion","defending","goalkeeping","moral","name","on_sale","original_team_id","passing","playmaking","potential","preferred_foot","role","salary","scoring","set_pieces","stamina","surname","team_id","winger","id") values (?,?,?,?,?,?,?,?,?,?,?,?,?,?,?,?,?,?,?,?,default)
Hibernate: insert into "player" ("birth","cndtion","defending","goalkeeping","moral","name","on_sale","original_team_id","passing","playmaking","potential","preferred_foot","role","salary","scoring","set_pieces","stamina","surname","team_id","winger","id") values (?,?,?,?,?,?,?,?,?,?,?,?,?,?,?,?,?,?,?,?,default)
Hibernate: insert into "player" ("birth","cndtion","defending","goalkeeping","moral","name","on_sale","original_team_id","passing","playmaking","potential","preferred_foot","role","salary","scoring","set_pieces","stamina","surname","team_id","winger","id") values (?,?,?,?,?,?,?,?,?,?,?,?,?,?,?,?,?,?,?,?,default)
Hibernate: insert into "player" ("birth","cndtion","defending","goalkeeping","moral","name","on_sale","original_team_id","passing","playmaking","potential","preferred_foot","role","salary","scoring","set_pieces","stamina","surname","team_id","winger","id") values (?,?,?,?,?,?,?,?,?,?,?,?,?,?,?,?,?,?,?,?,default)
Hibernate: insert into "player" ("birth","cndtion","defending","goalkeeping","moral","name","on_sale","original_team_id","passing","playmaking","potential","preferred_foot","role","salary","scoring","set_pieces","stamina","surname","team_id","winger","id") values (?,?,?,?,?,?,?,?,?,?,?,?,?,?,?,?,?,?,?,?,default)
Hibernate: insert into "player" ("birth","cndtion","defending","goalkeeping","moral","name","on_sale","original_team_id","passing","playmaking","potential","preferred_foot","role","salary","scoring","set_pieces","stamina","surname","team_id","winger","id") values (?,?,?,?,?,?,?,?,?,?,?,?,?,?,?,?,?,?,?,?,default)
Hibernate: insert into "player" ("birth","cndtion","defending","goalkeeping","moral","name","on_sale","original_team_id","passing","playmaking","potential","preferred_foot","role","salary","scoring","set_pieces","stamina","surname","team_id","winger","id") values (?,?,?,?,?,?,?,?,?,?,?,?,?,?,?,?,?,?,?,?,default)
Hibernate: insert into "player" ("birth","cndtion","defending","goalkeeping","moral","name","on_sale","original_team_id","passing","playmaking","potential","preferred_foot","role","salary","scoring","set_pieces","stamina","surname","team_id","winger","id") values (?,?,?,?,?,?,?,?,?,?,?,?,?,?,?,?,?,?,?,?,default)
Hibernate: insert into "player" ("birth","cndtion","defending","goalkeeping","moral","name","on_sale","original_team_id","passing","playmaking","potential","preferred_foot","role","salary","scoring","set_pieces","stamina","surname","team_id","winger","id") values (?,?,?,?,?,?,?,?,?,?,?,?,?,?,?,?,?,?,?,?,default)
Hibernate: insert into "player" ("birth","cndtion","defending","goalkeeping","moral","name","on_sale","original_team_id","passing","playmaking","potential","preferred_foot","role","salary","scoring","set_pieces","stamina","surname","team_id","winger","id") values (?,?,?,?,?,?,?,?,?,?,?,?,?,?,?,?,?,?,?,?,default)
Hibernate: insert into "player" ("birth","cndtion","defending","goalkeeping","moral","name","on_sale","original_team_id","passing","playmaking","potential","preferred_foot","role","salary","scoring","set_pieces","stamina","surname","team_id","winger","id") values (?,?,?,?,?,?,?,?,?,?,?,?,?,?,?,?,?,?,?,?,default)
Hibernate: insert into "club" ("city","finance_id","foundation","league_id","logourl","medical_center_id","name","stadium_id","team_id","training_facility_id","under18_id","youth_academy_id","id") values (?,?,?,?,?,?,?,?,?,?,?,?,default)
Hibernate: insert into "finance" ("balance","debt","facility_maintenance","last_updated","loan_interest","matchday_revenue","merchandise_revenue","monthly_budget","net_worth","operational_costs","player_salaries","prize_money_revenue","profit_margin","season_budget","sponsorship_revenue","staff_salaries","total_expenses","total_revenue","transfer_expenses","transfer_revenue","tv_rights_revenue","id") values (?,?,?,?,?,?,?,?,?,?,?,?,?,?,?,?,?,?,?,?,?,default)
Hibernate: insert into "stadium" ("accessibility_level","atmosphere_multiplier","base_capacity","capacity","construction_cost","facilities_quality","grandstand_est","grandstand_nord","grandstand_sud","grandstand_west","has_media_center","has_megastore","has_museum","has_roof","has_undersoil_heating","has_vip_boxes","last_upgrade_date","maintenance_cost","name","next_maintenance_date","pitch_quality","revenue_multiplier","security_level","upgrade_value","id") values (?,?,?,?,?,?,?,?,?,?,?,?,?,?,?,?,?,?,?,?,?,?,?,?,default)
Hibernate: insert into "team" ("formation_id","id") values (?,default)
Hibernate: insert into "player" ("birth","cndtion","defending","goalkeeping","moral","name","on_sale","original_team_id","passing","playmaking","potential","preferred_foot","role","salary","scoring","set_pieces","stamina","surname","team_id","winger","id") values (?,?,?,?,?,?,?,?,?,?,?,?,?,?,?,?,?,?,?,?,default)
Hibernate: insert into "player" ("birth","cndtion","defending","goalkeeping","moral","name","on_sale","original_team_id","passing","playmaking","potential","preferred_foot","role","salary","scoring","set_pieces","stamina","surname","team_id","winger","id") values (?,?,?,?,?,?,?,?,?,?,?,?,?,?,?,?,?,?,?,?,default)
Hibernate: insert into "player" ("birth","cndtion","defending","goalkeeping","moral","name","on_sale","original_team_id","passing","playmaking","potential","preferred_foot","role","salary","scoring","set_pieces","stamina","surname","team_id","winger","id") values (?,?,?,?,?,?,?,?,?,?,?,?,?,?,?,?,?,?,?,?,default)
Hibernate: insert into "player" ("birth","cndtion","defending","goalkeeping","moral","name","on_sale","original_team_id","passing","playmaking","potential","preferred_foot","role","salary","scoring","set_pieces","stamina","surname","team_id","winger","id") values (?,?,?,?,?,?,?,?,?,?,?,?,?,?,?,?,?,?,?,?,default)
Hibernate: insert into "player" ("birth","cndtion","defending","goalkeeping","moral","name","on_sale","original_team_id","passing","playmaking","potential","preferred_foot","role","salary","scoring","set_pieces","stamina","surname","team_id","winger","id") values (?,?,?,?,?,?,?,?,?,?,?,?,?,?,?,?,?,?,?,?,default)
Hibernate: insert into "player" ("birth","cndtion","defending","goalkeeping","moral","name","on_sale","original_team_id","passing","playmaking","potential","preferred_foot","role","salary","scoring","set_pieces","stamina","surname","team_id","winger","id") values (?,?,?,?,?,?,?,?,?,?,?,?,?,?,?,?,?,?,?,?,default)
Hibernate: insert into "player" ("birth","cndtion","defending","goalkeeping","moral","name","on_sale","original_team_id","passing","playmaking","potential","preferred_foot","role","salary","scoring","set_pieces","stamina","surname","team_id","winger","id") values (?,?,?,?,?,?,?,?,?,?,?,?,?,?,?,?,?,?,?,?,default)
Hibernate: insert into "player" ("birth","cndtion","defending","goalkeeping","moral","name","on_sale","original_team_id","passing","playmaking","potential","preferred_foot","role","salary","scoring","set_pieces","stamina","surname","team_id","winger","id") values (?,?,?,?,?,?,?,?,?,?,?,?,?,?,?,?,?,?,?,?,default)
Hibernate: insert into "player" ("birth","cndtion","defending","goalkeeping","moral","name","on_sale","original_team_id","passing","playmaking","potential","preferred_foot","role","salary","scoring","set_pieces","stamina","surname","team_id","winger","id") values (?,?,?,?,?,?,?,?,?,?,?,?,?,?,?,?,?,?,?,?,default)
Hibernate: insert into "player" ("birth","cndtion","defending","goalkeeping","moral","name","on_sale","original_team_id","passing","playmaking","potential","preferred_foot","role","salary","scoring","set_pieces","stamina","surname","team_id","winger","id") values (?,?,?,?,?,?,?,?,?,?,?,?,?,?,?,?,?,?,?,?,default)
Hibernate: insert into "player" ("birth","cndtion","defending","goalkeeping","moral","name","on_sale","original_team_id","passing","playmaking","potential","preferred_foot","role","salary","scoring","set_pieces","stamina","surname","team_id","winger","id") values (?,?,?,?,?,?,?,?,?,?,?,?,?,?,?,?,?,?,?,?,default)
Hibernate: insert into "player" ("birth","cndtion","defending","goalkeeping","moral","name","on_sale","original_team_id","passing","playmaking","potential","preferred_foot","role","salary","scoring","set_pieces","stamina","surname","team_id","winger","id") values (?,?,?,?,?,?,?,?,?,?,?,?,?,?,?,?,?,?,?,?,default)
Hibernate: insert into "player" ("birth","cndtion","defending","goalkeeping","moral","name","on_sale","original_team_id","passing","playmaking","potential","preferred_foot","role","salary","scoring","set_pieces","stamina","surname","team_id","winger","id") values (?,?,?,?,?,?,?,?,?,?,?,?,?,?,?,?,?,?,?,?,default)
Hibernate: insert into "player" ("birth","cndtion","defending","goalkeeping","moral","name","on_sale","original_team_id","passing","playmaking","potential","preferred_foot","role","salary","scoring","set_pieces","stamina","surname","team_id","winger","id") values (?,?,?,?,?,?,?,?,?,?,?,?,?,?,?,?,?,?,?,?,default)
Hibernate: insert into "player" ("birth","cndtion","defending","goalkeeping","moral","name","on_sale","original_team_id","passing","playmaking","potential","preferred_foot","role","salary","scoring","set_pieces","stamina","surname","team_id","winger","id") values (?,?,?,?,?,?,?,?,?,?,?,?,?,?,?,?,?,?,?,?,default)
Hibernate: insert into "player" ("birth","cndtion","defending","goalkeeping","moral","name","on_sale","original_team_id","passing","playmaking","potential","preferred_foot","role","salary","scoring","set_pieces","stamina","surname","team_id","winger","id") values (?,?,?,?,?,?,?,?,?,?,?,?,?,?,?,?,?,?,?,?,default)
Hibernate: insert into "player" ("birth","cndtion","defending","goalkeeping","moral","name","on_sale","original_team_id","passing","playmaking","potential","preferred_foot","role","salary","scoring","set_pieces","stamina","surname","team_id","winger","id") values (?,?,?,?,?,?,?,?,?,?,?,?,?,?,?,?,?,?,?,?,default)
Hibernate: insert into "player" ("birth","cndtion","defending","goalkeeping","moral","name","on_sale","original_team_id","passing","playmaking","potential","preferred_foot","role","salary","scoring","set_pieces","stamina","surname","team_id","winger","id") values (?,?,?,?,?,?,?,?,?,?,?,?,?,?,?,?,?,?,?,?,default)
Hibernate: insert into "player" ("birth","cndtion","defending","goalkeeping","moral","name","on_sale","original_team_id","passing","playmaking","potential","preferred_foot","role","salary","scoring","set_pieces","stamina","surname","team_id","winger","id") values (?,?,?,?,?,?,?,?,?,?,?,?,?,?,?,?,?,?,?,?,default)
Hibernate: insert into "player" ("birth","cndtion","defending","goalkeeping","moral","name","on_sale","original_team_id","passing","playmaking","potential","preferred_foot","role","salary","scoring","set_pieces","stamina","surname","team_id","winger","id") values (?,?,?,?,?,?,?,?,?,?,?,?,?,?,?,?,?,?,?,?,default)
Hibernate: insert into "player" ("birth","cndtion","defending","goalkeeping","moral","name","on_sale","original_team_id","passing","playmaking","potential","preferred_foot","role","salary","scoring","set_pieces","stamina","surname","team_id","winger","id") values (?,?,?,?,?,?,?,?,?,?,?,?,?,?,?,?,?,?,?,?,default)
Hibernate: insert into "player" ("birth","cndtion","defending","goalkeeping","moral","name","on_sale","original_team_id","passing","playmaking","potential","preferred_foot","role","salary","scoring","set_pieces","stamina","surname","team_id","winger","id") values (?,?,?,?,?,?,?,?,?,?,?,?,?,?,?,?,?,?,?,?,default)
Hibernate: insert into "player" ("birth","cndtion","defending","goalkeeping","moral","name","on_sale","original_team_id","passing","playmaking","potential","preferred_foot","role","salary","scoring","set_pieces","stamina","surname","team_id","winger","id") values (?,?,?,?,?,?,?,?,?,?,?,?,?,?,?,?,?,?,?,?,default)
Hibernate: insert into "club" ("city","finance_id","foundation","league_id","logourl","medical_center_id","name","stadium_id","team_id","training_facility_id","under18_id","youth_academy_id","id") values (?,?,?,?,?,?,?,?,?,?,?,?,default)
Hibernate: insert into "finance" ("balance","debt","facility_maintenance","last_updated","loan_interest","matchday_revenue","merchandise_revenue","monthly_budget","net_worth","operational_costs","player_salaries","prize_money_revenue","profit_margin","season_budget","sponsorship_revenue","staff_salaries","total_expenses","total_revenue","transfer_expenses","transfer_revenue","tv_rights_revenue","id") values (?,?,?,?,?,?,?,?,?,?,?,?,?,?,?,?,?,?,?,?,?,default)
Hibernate: insert into "stadium" ("accessibility_level","atmosphere_multiplier","base_capacity","capacity","construction_cost","facilities_quality","grandstand_est","grandstand_nord","grandstand_sud","grandstand_west","has_media_center","has_megastore","has_museum","has_roof","has_undersoil_heating","has_vip_boxes","last_upgrade_date","maintenance_cost","name","next_maintenance_date","pitch_quality","revenue_multiplier","security_level","upgrade_value","id") values (?,?,?,?,?,?,?,?,?,?,?,?,?,?,?,?,?,?,?,?,?,?,?,?,default)
Hibernate: insert into "team" ("formation_id","id") values (?,default)
Hibernate: insert into "player" ("birth","cndtion","defending","goalkeeping","moral","name","on_sale","original_team_id","passing","playmaking","potential","preferred_foot","role","salary","scoring","set_pieces","stamina","surname","team_id","winger","id") values (?,?,?,?,?,?,?,?,?,?,?,?,?,?,?,?,?,?,?,?,default)
Hibernate: insert into "player" ("birth","cndtion","defending","goalkeeping","moral","name","on_sale","original_team_id","passing","playmaking","potential","preferred_foot","role","salary","scoring","set_pieces","stamina","surname","team_id","winger","id") values (?,?,?,?,?,?,?,?,?,?,?,?,?,?,?,?,?,?,?,?,default)
Hibernate: insert into "player" ("birth","cndtion","defending","goalkeeping","moral","name","on_sale","original_team_id","passing","playmaking","potential","preferred_foot","role","salary","scoring","set_pieces","stamina","surname","team_id","winger","id") values (?,?,?,?,?,?,?,?,?,?,?,?,?,?,?,?,?,?,?,?,default)
Hibernate: insert into "player" ("birth","cndtion","defending","goalkeeping","moral","name","on_sale","original_team_id","passing","playmaking","potential","preferred_foot","role","salary","scoring","set_pieces","stamina","surname","team_id","winger","id") values (?,?,?,?,?,?,?,?,?,?,?,?,?,?,?,?,?,?,?,?,default)
Hibernate: insert into "player" ("birth","cndtion","defending","goalkeeping","moral","name","on_sale","original_team_id","passing","playmaking","potential","preferred_foot","role","salary","scoring","set_pieces","stamina","surname","team_id","winger","id") values (?,?,?,?,?,?,?,?,?,?,?,?,?,?,?,?,?,?,?,?,default)
Hibernate: insert into "player" ("birth","cndtion","defending","goalkeeping","moral","name","on_sale","original_team_id","passing","playmaking","potential","preferred_foot","role","salary","scoring","set_pieces","stamina","surname","team_id","winger","id") values (?,?,?,?,?,?,?,?,?,?,?,?,?,?,?,?,?,?,?,?,default)
Hibernate: insert into "player" ("birth","cndtion","defending","goalkeeping","moral","name","on_sale","original_team_id","passing","playmaking","potential","preferred_foot","role","salary","scoring","set_pieces","stamina","surname","team_id","winger","id") values (?,?,?,?,?,?,?,?,?,?,?,?,?,?,?,?,?,?,?,?,default)
Hibernate: insert into "player" ("birth","cndtion","defending","goalkeeping","moral","name","on_sale","original_team_id","passing","playmaking","potential","preferred_foot","role","salary","scoring","set_pieces","stamina","surname","team_id","winger","id") values (?,?,?,?,?,?,?,?,?,?,?,?,?,?,?,?,?,?,?,?,default)
Hibernate: insert into "player" ("birth","cndtion","defending","goalkeeping","moral","name","on_sale","original_team_id","passing","playmaking","potential","preferred_foot","role","salary","scoring","set_pieces","stamina","surname","team_id","winger","id") values (?,?,?,?,?,?,?,?,?,?,?,?,?,?,?,?,?,?,?,?,default)
Hibernate: insert into "player" ("birth","cndtion","defending","goalkeeping","moral","name","on_sale","original_team_id","passing","playmaking","potential","preferred_foot","role","salary","scoring","set_pieces","stamina","surname","team_id","winger","id") values (?,?,?,?,?,?,?,?,?,?,?,?,?,?,?,?,?,?,?,?,default)
Hibernate: insert into "player" ("birth","cndtion","defending","goalkeeping","moral","name","on_sale","original_team_id","passing","playmaking","potential","preferred_foot","role","salary","scoring","set_pieces","stamina","surname","team_id","winger","id") values (?,?,?,?,?,?,?,?,?,?,?,?,?,?,?,?,?,?,?,?,default)
Hibernate: insert into "player" ("birth","cndtion","defending","goalkeeping","moral","name","on_sale","original_team_id","passing","playmaking","potential","preferred_foot","role","salary","scoring","set_pieces","stamina","surname","team_id","winger","id") values (?,?,?,?,?,?,?,?,?,?,?,?,?,?,?,?,?,?,?,?,default)
Hibernate: insert into "player" ("birth","cndtion","defending","goalkeeping","moral","name","on_sale","original_team_id","passing","playmaking","potential","preferred_foot","role","salary","scoring","set_pieces","stamina","surname","team_id","winger","id") values (?,?,?,?,?,?,?,?,?,?,?,?,?,?,?,?,?,?,?,?,default)
Hibernate: insert into "player" ("birth","cndtion","defending","goalkeeping","moral","name","on_sale","original_team_id","passing","playmaking","potential","preferred_foot","role","salary","scoring","set_pieces","stamina","surname","team_id","winger","id") values (?,?,?,?,?,?,?,?,?,?,?,?,?,?,?,?,?,?,?,?,default)
Hibernate: insert into "player" ("birth","cndtion","defending","goalkeeping","moral","name","on_sale","original_team_id","passing","playmaking","potential","preferred_foot","role","salary","scoring","set_pieces","stamina","surname","team_id","winger","id") values (?,?,?,?,?,?,?,?,?,?,?,?,?,?,?,?,?,?,?,?,default)
Hibernate: insert into "player" ("birth","cndtion","defending","goalkeeping","moral","name","on_sale","original_team_id","passing","playmaking","potential","preferred_foot","role","salary","scoring","set_pieces","stamina","surname","team_id","winger","id") values (?,?,?,?,?,?,?,?,?,?,?,?,?,?,?,?,?,?,?,?,default)
Hibernate: insert into "player" ("birth","cndtion","defending","goalkeeping","moral","name","on_sale","original_team_id","passing","playmaking","potential","preferred_foot","role","salary","scoring","set_pieces","stamina","surname","team_id","winger","id") values (?,?,?,?,?,?,?,?,?,?,?,?,?,?,?,?,?,?,?,?,default)
Hibernate: insert into "player" ("birth","cndtion","defending","goalkeeping","moral","name","on_sale","original_team_id","passing","playmaking","potential","preferred_foot","role","salary","scoring","set_pieces","stamina","surname","team_id","winger","id") values (?,?,?,?,?,?,?,?,?,?,?,?,?,?,?,?,?,?,?,?,default)
Hibernate: insert into "player" ("birth","cndtion","defending","goalkeeping","moral","name","on_sale","original_team_id","passing","playmaking","potential","preferred_foot","role","salary","scoring","set_pieces","stamina","surname","team_id","winger","id") values (?,?,?,?,?,?,?,?,?,?,?,?,?,?,?,?,?,?,?,?,default)
Hibernate: insert into "player" ("birth","cndtion","defending","goalkeeping","moral","name","on_sale","original_team_id","passing","playmaking","potential","preferred_foot","role","salary","scoring","set_pieces","stamina","surname","team_id","winger","id") values (?,?,?,?,?,?,?,?,?,?,?,?,?,?,?,?,?,?,?,?,default)
Hibernate: insert into "player" ("birth","cndtion","defending","goalkeeping","moral","name","on_sale","original_team_id","passing","playmaking","potential","preferred_foot","role","salary","scoring","set_pieces","stamina","surname","team_id","winger","id") values (?,?,?,?,?,?,?,?,?,?,?,?,?,?,?,?,?,?,?,?,default)
Hibernate: insert into "player" ("birth","cndtion","defending","goalkeeping","moral","name","on_sale","original_team_id","passing","playmaking","potential","preferred_foot","role","salary","scoring","set_pieces","stamina","surname","team_id","winger","id") values (?,?,?,?,?,?,?,?,?,?,?,?,?,?,?,?,?,?,?,?,default)
Hibernate: insert into "player" ("birth","cndtion","defending","goalkeeping","moral","name","on_sale","original_team_id","passing","playmaking","potential","preferred_foot","role","salary","scoring","set_pieces","stamina","surname","team_id","winger","id") values (?,?,?,?,?,?,?,?,?,?,?,?,?,?,?,?,?,?,?,?,default)
Hibernate: insert into "club" ("city","finance_id","foundation","league_id","logourl","medical_center_id","name","stadium_id","team_id","training_facility_id","under18_id","youth_academy_id","id") values (?,?,?,?,?,?,?,?,?,?,?,?,default)
Hibernate: insert into "finance" ("balance","debt","facility_maintenance","last_updated","loan_interest","matchday_revenue","merchandise_revenue","monthly_budget","net_worth","operational_costs","player_salaries","prize_money_revenue","profit_margin","season_budget","sponsorship_revenue","staff_salaries","total_expenses","total_revenue","transfer_expenses","transfer_revenue","tv_rights_revenue","id") values (?,?,?,?,?,?,?,?,?,?,?,?,?,?,?,?,?,?,?,?,?,default)
Hibernate: insert into "stadium" ("accessibility_level","atmosphere_multiplier","base_capacity","capacity","construction_cost","facilities_quality","grandstand_est","grandstand_nord","grandstand_sud","grandstand_west","has_media_center","has_megastore","has_museum","has_roof","has_undersoil_heating","has_vip_boxes","last_upgrade_date","maintenance_cost","name","next_maintenance_date","pitch_quality","revenue_multiplier","security_level","upgrade_value","id") values (?,?,?,?,?,?,?,?,?,?,?,?,?,?,?,?,?,?,?,?,?,?,?,?,default)
Hibernate: insert into "team" ("formation_id","id") values (?,default)
Hibernate: insert into "player" ("birth","cndtion","defending","goalkeeping","moral","name","on_sale","original_team_id","passing","playmaking","potential","preferred_foot","role","salary","scoring","set_pieces","stamina","surname","team_id","winger","id") values (?,?,?,?,?,?,?,?,?,?,?,?,?,?,?,?,?,?,?,?,default)
Hibernate: insert into "player" ("birth","cndtion","defending","goalkeeping","moral","name","on_sale","original_team_id","passing","playmaking","potential","preferred_foot","role","salary","scoring","set_pieces","stamina","surname","team_id","winger","id") values (?,?,?,?,?,?,?,?,?,?,?,?,?,?,?,?,?,?,?,?,default)
Hibernate: insert into "player" ("birth","cndtion","defending","goalkeeping","moral","name","on_sale","original_team_id","passing","playmaking","potential","preferred_foot","role","salary","scoring","set_pieces","stamina","surname","team_id","winger","id") values (?,?,?,?,?,?,?,?,?,?,?,?,?,?,?,?,?,?,?,?,default)
Hibernate: insert into "player" ("birth","cndtion","defending","goalkeeping","moral","name","on_sale","original_team_id","passing","playmaking","potential","preferred_foot","role","salary","scoring","set_pieces","stamina","surname","team_id","winger","id") values (?,?,?,?,?,?,?,?,?,?,?,?,?,?,?,?,?,?,?,?,default)
Hibernate: insert into "player" ("birth","cndtion","defending","goalkeeping","moral","name","on_sale","original_team_id","passing","playmaking","potential","preferred_foot","role","salary","scoring","set_pieces","stamina","surname","team_id","winger","id") values (?,?,?,?,?,?,?,?,?,?,?,?,?,?,?,?,?,?,?,?,default)
Hibernate: insert into "player" ("birth","cndtion","defending","goalkeeping","moral","name","on_sale","original_team_id","passing","playmaking","potential","preferred_foot","role","salary","scoring","set_pieces","stamina","surname","team_id","winger","id") values (?,?,?,?,?,?,?,?,?,?,?,?,?,?,?,?,?,?,?,?,default)
Hibernate: insert into "player" ("birth","cndtion","defending","goalkeeping","moral","name","on_sale","original_team_id","passing","playmaking","potential","preferred_foot","role","salary","scoring","set_pieces","stamina","surname","team_id","winger","id") values (?,?,?,?,?,?,?,?,?,?,?,?,?,?,?,?,?,?,?,?,default)
Hibernate: insert into "player" ("birth","cndtion","defending","goalkeeping","moral","name","on_sale","original_team_id","passing","playmaking","potential","preferred_foot","role","salary","scoring","set_pieces","stamina","surname","team_id","winger","id") values (?,?,?,?,?,?,?,?,?,?,?,?,?,?,?,?,?,?,?,?,default)
Hibernate: insert into "player" ("birth","cndtion","defending","goalkeeping","moral","name","on_sale","original_team_id","passing","playmaking","potential","preferred_foot","role","salary","scoring","set_pieces","stamina","surname","team_id","winger","id") values (?,?,?,?,?,?,?,?,?,?,?,?,?,?,?,?,?,?,?,?,default)
Hibernate: insert into "player" ("birth","cndtion","defending","goalkeeping","moral","name","on_sale","original_team_id","passing","playmaking","potential","preferred_foot","role","salary","scoring","set_pieces","stamina","surname","team_id","winger","id") values (?,?,?,?,?,?,?,?,?,?,?,?,?,?,?,?,?,?,?,?,default)
Hibernate: insert into "player" ("birth","cndtion","defending","goalkeeping","moral","name","on_sale","original_team_id","passing","playmaking","potential","preferred_foot","role","salary","scoring","set_pieces","stamina","surname","team_id","winger","id") values (?,?,?,?,?,?,?,?,?,?,?,?,?,?,?,?,?,?,?,?,default)
Hibernate: insert into "player" ("birth","cndtion","defending","goalkeeping","moral","name","on_sale","original_team_id","passing","playmaking","potential","preferred_foot","role","salary","scoring","set_pieces","stamina","surname","team_id","winger","id") values (?,?,?,?,?,?,?,?,?,?,?,?,?,?,?,?,?,?,?,?,default)
Hibernate: insert into "player" ("birth","cndtion","defending","goalkeeping","moral","name","on_sale","original_team_id","passing","playmaking","potential","preferred_foot","role","salary","scoring","set_pieces","stamina","surname","team_id","winger","id") values (?,?,?,?,?,?,?,?,?,?,?,?,?,?,?,?,?,?,?,?,default)
Hibernate: insert into "player" ("birth","cndtion","defending","goalkeeping","moral","name","on_sale","original_team_id","passing","playmaking","potential","preferred_foot","role","salary","scoring","set_pieces","stamina","surname","team_id","winger","id") values (?,?,?,?,?,?,?,?,?,?,?,?,?,?,?,?,?,?,?,?,default)
Hibernate: insert into "player" ("birth","cndtion","defending","goalkeeping","moral","name","on_sale","original_team_id","passing","playmaking","potential","preferred_foot","role","salary","scoring","set_pieces","stamina","surname","team_id","winger","id") values (?,?,?,?,?,?,?,?,?,?,?,?,?,?,?,?,?,?,?,?,default)
Hibernate: insert into "player" ("birth","cndtion","defending","goalkeeping","moral","name","on_sale","original_team_id","passing","playmaking","potential","preferred_foot","role","salary","scoring","set_pieces","stamina","surname","team_id","winger","id") values (?,?,?,?,?,?,?,?,?,?,?,?,?,?,?,?,?,?,?,?,default)
Hibernate: insert into "player" ("birth","cndtion","defending","goalkeeping","moral","name","on_sale","original_team_id","passing","playmaking","potential","preferred_foot","role","salary","scoring","set_pieces","stamina","surname","team_id","winger","id") values (?,?,?,?,?,?,?,?,?,?,?,?,?,?,?,?,?,?,?,?,default)
Hibernate: insert into "player" ("birth","cndtion","defending","goalkeeping","moral","name","on_sale","original_team_id","passing","playmaking","potential","preferred_foot","role","salary","scoring","set_pieces","stamina","surname","team_id","winger","id") values (?,?,?,?,?,?,?,?,?,?,?,?,?,?,?,?,?,?,?,?,default)
Hibernate: insert into "player" ("birth","cndtion","defending","goalkeeping","moral","name","on_sale","original_team_id","passing","playmaking","potential","preferred_foot","role","salary","scoring","set_pieces","stamina","surname","team_id","winger","id") values (?,?,?,?,?,?,?,?,?,?,?,?,?,?,?,?,?,?,?,?,default)
Hibernate: insert into "player" ("birth","cndtion","defending","goalkeeping","moral","name","on_sale","original_team_id","passing","playmaking","potential","preferred_foot","role","salary","scoring","set_pieces","stamina","surname","team_id","winger","id") values (?,?,?,?,?,?,?,?,?,?,?,?,?,?,?,?,?,?,?,?,default)
Hibernate: insert into "player" ("birth","cndtion","defending","goalkeeping","moral","name","on_sale","original_team_id","passing","playmaking","potential","preferred_foot","role","salary","scoring","set_pieces","stamina","surname","team_id","winger","id") values (?,?,?,?,?,?,?,?,?,?,?,?,?,?,?,?,?,?,?,?,default)
Hibernate: insert into "player" ("birth","cndtion","defending","goalkeeping","moral","name","on_sale","original_team_id","passing","playmaking","potential","preferred_foot","role","salary","scoring","set_pieces","stamina","surname","team_id","winger","id") values (?,?,?,?,?,?,?,?,?,?,?,?,?,?,?,?,?,?,?,?,default)
Hibernate: insert into "player" ("birth","cndtion","defending","goalkeeping","moral","name","on_sale","original_team_id","passing","playmaking","potential","preferred_foot","role","salary","scoring","set_pieces","stamina","surname","team_id","winger","id") values (?,?,?,?,?,?,?,?,?,?,?,?,?,?,?,?,?,?,?,?,default)
Hibernate: insert into "club" ("city","finance_id","foundation","league_id","logourl","medical_center_id","name","stadium_id","team_id","training_facility_id","under18_id","youth_academy_id","id") values (?,?,?,?,?,?,?,?,?,?,?,?,default)
Hibernate: insert into "finance" ("balance","debt","facility_maintenance","last_updated","loan_interest","matchday_revenue","merchandise_revenue","monthly_budget","net_worth","operational_costs","player_salaries","prize_money_revenue","profit_margin","season_budget","sponsorship_revenue","staff_salaries","total_expenses","total_revenue","transfer_expenses","transfer_revenue","tv_rights_revenue","id") values (?,?,?,?,?,?,?,?,?,?,?,?,?,?,?,?,?,?,?,?,?,default)
Hibernate: insert into "stadium" ("accessibility_level","atmosphere_multiplier","base_capacity","capacity","construction_cost","facilities_quality","grandstand_est","grandstand_nord","grandstand_sud","grandstand_west","has_media_center","has_megastore","has_museum","has_roof","has_undersoil_heating","has_vip_boxes","last_upgrade_date","maintenance_cost","name","next_maintenance_date","pitch_quality","revenue_multiplier","security_level","upgrade_value","id") values (?,?,?,?,?,?,?,?,?,?,?,?,?,?,?,?,?,?,?,?,?,?,?,?,default)
Hibernate: insert into "team" ("formation_id","id") values (?,default)
Hibernate: insert into "player" ("birth","cndtion","defending","goalkeeping","moral","name","on_sale","original_team_id","passing","playmaking","potential","preferred_foot","role","salary","scoring","set_pieces","stamina","surname","team_id","winger","id") values (?,?,?,?,?,?,?,?,?,?,?,?,?,?,?,?,?,?,?,?,default)
Hibernate: insert into "player" ("birth","cndtion","defending","goalkeeping","moral","name","on_sale","original_team_id","passing","playmaking","potential","preferred_foot","role","salary","scoring","set_pieces","stamina","surname","team_id","winger","id") values (?,?,?,?,?,?,?,?,?,?,?,?,?,?,?,?,?,?,?,?,default)
Hibernate: insert into "player" ("birth","cndtion","defending","goalkeeping","moral","name","on_sale","original_team_id","passing","playmaking","potential","preferred_foot","role","salary","scoring","set_pieces","stamina","surname","team_id","winger","id") values (?,?,?,?,?,?,?,?,?,?,?,?,?,?,?,?,?,?,?,?,default)
Hibernate: insert into "player" ("birth","cndtion","defending","goalkeeping","moral","name","on_sale","original_team_id","passing","playmaking","potential","preferred_foot","role","salary","scoring","set_pieces","stamina","surname","team_id","winger","id") values (?,?,?,?,?,?,?,?,?,?,?,?,?,?,?,?,?,?,?,?,default)
Hibernate: insert into "player" ("birth","cndtion","defending","goalkeeping","moral","name","on_sale","original_team_id","passing","playmaking","potential","preferred_foot","role","salary","scoring","set_pieces","stamina","surname","team_id","winger","id") values (?,?,?,?,?,?,?,?,?,?,?,?,?,?,?,?,?,?,?,?,default)
Hibernate: insert into "player" ("birth","cndtion","defending","goalkeeping","moral","name","on_sale","original_team_id","passing","playmaking","potential","preferred_foot","role","salary","scoring","set_pieces","stamina","surname","team_id","winger","id") values (?,?,?,?,?,?,?,?,?,?,?,?,?,?,?,?,?,?,?,?,default)
Hibernate: insert into "player" ("birth","cndtion","defending","goalkeeping","moral","name","on_sale","original_team_id","passing","playmaking","potential","preferred_foot","role","salary","scoring","set_pieces","stamina","surname","team_id","winger","id") values (?,?,?,?,?,?,?,?,?,?,?,?,?,?,?,?,?,?,?,?,default)
Hibernate: insert into "player" ("birth","cndtion","defending","goalkeeping","moral","name","on_sale","original_team_id","passing","playmaking","potential","preferred_foot","role","salary","scoring","set_pieces","stamina","surname","team_id","winger","id") values (?,?,?,?,?,?,?,?,?,?,?,?,?,?,?,?,?,?,?,?,default)
Hibernate: insert into "player" ("birth","cndtion","defending","goalkeeping","moral","name","on_sale","original_team_id","passing","playmaking","potential","preferred_foot","role","salary","scoring","set_pieces","stamina","surname","team_id","winger","id") values (?,?,?,?,?,?,?,?,?,?,?,?,?,?,?,?,?,?,?,?,default)
Hibernate: insert into "player" ("birth","cndtion","defending","goalkeeping","moral","name","on_sale","original_team_id","passing","playmaking","potential","preferred_foot","role","salary","scoring","set_pieces","stamina","surname","team_id","winger","id") values (?,?,?,?,?,?,?,?,?,?,?,?,?,?,?,?,?,?,?,?,default)
Hibernate: insert into "player" ("birth","cndtion","defending","goalkeeping","moral","name","on_sale","original_team_id","passing","playmaking","potential","preferred_foot","role","salary","scoring","set_pieces","stamina","surname","team_id","winger","id") values (?,?,?,?,?,?,?,?,?,?,?,?,?,?,?,?,?,?,?,?,default)
Hibernate: insert into "player" ("birth","cndtion","defending","goalkeeping","moral","name","on_sale","original_team_id","passing","playmaking","potential","preferred_foot","role","salary","scoring","set_pieces","stamina","surname","team_id","winger","id") values (?,?,?,?,?,?,?,?,?,?,?,?,?,?,?,?,?,?,?,?,default)
Hibernate: insert into "player" ("birth","cndtion","defending","goalkeeping","moral","name","on_sale","original_team_id","passing","playmaking","potential","preferred_foot","role","salary","scoring","set_pieces","stamina","surname","team_id","winger","id") values (?,?,?,?,?,?,?,?,?,?,?,?,?,?,?,?,?,?,?,?,default)
Hibernate: insert into "player" ("birth","cndtion","defending","goalkeeping","moral","name","on_sale","original_team_id","passing","playmaking","potential","preferred_foot","role","salary","scoring","set_pieces","stamina","surname","team_id","winger","id") values (?,?,?,?,?,?,?,?,?,?,?,?,?,?,?,?,?,?,?,?,default)
Hibernate: insert into "player" ("birth","cndtion","defending","goalkeeping","moral","name","on_sale","original_team_id","passing","playmaking","potential","preferred_foot","role","salary","scoring","set_pieces","stamina","surname","team_id","winger","id") values (?,?,?,?,?,?,?,?,?,?,?,?,?,?,?,?,?,?,?,?,default)
Hibernate: insert into "player" ("birth","cndtion","defending","goalkeeping","moral","name","on_sale","original_team_id","passing","playmaking","potential","preferred_foot","role","salary","scoring","set_pieces","stamina","surname","team_id","winger","id") values (?,?,?,?,?,?,?,?,?,?,?,?,?,?,?,?,?,?,?,?,default)
Hibernate: insert into "player" ("birth","cndtion","defending","goalkeeping","moral","name","on_sale","original_team_id","passing","playmaking","potential","preferred_foot","role","salary","scoring","set_pieces","stamina","surname","team_id","winger","id") values (?,?,?,?,?,?,?,?,?,?,?,?,?,?,?,?,?,?,?,?,default)
Hibernate: insert into "player" ("birth","cndtion","defending","goalkeeping","moral","name","on_sale","original_team_id","passing","playmaking","potential","preferred_foot","role","salary","scoring","set_pieces","stamina","surname","team_id","winger","id") values (?,?,?,?,?,?,?,?,?,?,?,?,?,?,?,?,?,?,?,?,default)
Hibernate: insert into "player" ("birth","cndtion","defending","goalkeeping","moral","name","on_sale","original_team_id","passing","playmaking","potential","preferred_foot","role","salary","scoring","set_pieces","stamina","surname","team_id","winger","id") values (?,?,?,?,?,?,?,?,?,?,?,?,?,?,?,?,?,?,?,?,default)
Hibernate: insert into "player" ("birth","cndtion","defending","goalkeeping","moral","name","on_sale","original_team_id","passing","playmaking","potential","preferred_foot","role","salary","scoring","set_pieces","stamina","surname","team_id","winger","id") values (?,?,?,?,?,?,?,?,?,?,?,?,?,?,?,?,?,?,?,?,default)
Hibernate: insert into "player" ("birth","cndtion","defending","goalkeeping","moral","name","on_sale","original_team_id","passing","playmaking","potential","preferred_foot","role","salary","scoring","set_pieces","stamina","surname","team_id","winger","id") values (?,?,?,?,?,?,?,?,?,?,?,?,?,?,?,?,?,?,?,?,default)
Hibernate: insert into "player" ("birth","cndtion","defending","goalkeeping","moral","name","on_sale","original_team_id","passing","playmaking","potential","preferred_foot","role","salary","scoring","set_pieces","stamina","surname","team_id","winger","id") values (?,?,?,?,?,?,?,?,?,?,?,?,?,?,?,?,?,?,?,?,default)
Hibernate: insert into "player" ("birth","cndtion","defending","goalkeeping","moral","name","on_sale","original_team_id","passing","playmaking","potential","preferred_foot","role","salary","scoring","set_pieces","stamina","surname","team_id","winger","id") values (?,?,?,?,?,?,?,?,?,?,?,?,?,?,?,?,?,?,?,?,default)
Hibernate: insert into "club" ("city","finance_id","foundation","league_id","logourl","medical_center_id","name","stadium_id","team_id","training_facility_id","under18_id","youth_academy_id","id") values (?,?,?,?,?,?,?,?,?,?,?,?,default)
Hibernate: insert into "finance" ("balance","debt","facility_maintenance","last_updated","loan_interest","matchday_revenue","merchandise_revenue","monthly_budget","net_worth","operational_costs","player_salaries","prize_money_revenue","profit_margin","season_budget","sponsorship_revenue","staff_salaries","total_expenses","total_revenue","transfer_expenses","transfer_revenue","tv_rights_revenue","id") values (?,?,?,?,?,?,?,?,?,?,?,?,?,?,?,?,?,?,?,?,?,default)
Hibernate: insert into "stadium" ("accessibility_level","atmosphere_multiplier","base_capacity","capacity","construction_cost","facilities_quality","grandstand_est","grandstand_nord","grandstand_sud","grandstand_west","has_media_center","has_megastore","has_museum","has_roof","has_undersoil_heating","has_vip_boxes","last_upgrade_date","maintenance_cost","name","next_maintenance_date","pitch_quality","revenue_multiplier","security_level","upgrade_value","id") values (?,?,?,?,?,?,?,?,?,?,?,?,?,?,?,?,?,?,?,?,?,?,?,?,default)
Hibernate: insert into "team" ("formation_id","id") values (?,default)
Hibernate: insert into "player" ("birth","cndtion","defending","goalkeeping","moral","name","on_sale","original_team_id","passing","playmaking","potential","preferred_foot","role","salary","scoring","set_pieces","stamina","surname","team_id","winger","id") values (?,?,?,?,?,?,?,?,?,?,?,?,?,?,?,?,?,?,?,?,default)
Hibernate: insert into "player" ("birth","cndtion","defending","goalkeeping","moral","name","on_sale","original_team_id","passing","playmaking","potential","preferred_foot","role","salary","scoring","set_pieces","stamina","surname","team_id","winger","id") values (?,?,?,?,?,?,?,?,?,?,?,?,?,?,?,?,?,?,?,?,default)
Hibernate: insert into "player" ("birth","cndtion","defending","goalkeeping","moral","name","on_sale","original_team_id","passing","playmaking","potential","preferred_foot","role","salary","scoring","set_pieces","stamina","surname","team_id","winger","id") values (?,?,?,?,?,?,?,?,?,?,?,?,?,?,?,?,?,?,?,?,default)
Hibernate: insert into "player" ("birth","cndtion","defending","goalkeeping","moral","name","on_sale","original_team_id","passing","playmaking","potential","preferred_foot","role","salary","scoring","set_pieces","stamina","surname","team_id","winger","id") values (?,?,?,?,?,?,?,?,?,?,?,?,?,?,?,?,?,?,?,?,default)
Hibernate: insert into "player" ("birth","cndtion","defending","goalkeeping","moral","name","on_sale","original_team_id","passing","playmaking","potential","preferred_foot","role","salary","scoring","set_pieces","stamina","surname","team_id","winger","id") values (?,?,?,?,?,?,?,?,?,?,?,?,?,?,?,?,?,?,?,?,default)
Hibernate: insert into "player" ("birth","cndtion","defending","goalkeeping","moral","name","on_sale","original_team_id","passing","playmaking","potential","preferred_foot","role","salary","scoring","set_pieces","stamina","surname","team_id","winger","id") values (?,?,?,?,?,?,?,?,?,?,?,?,?,?,?,?,?,?,?,?,default)
Hibernate: insert into "player" ("birth","cndtion","defending","goalkeeping","moral","name","on_sale","original_team_id","passing","playmaking","potential","preferred_foot","role","salary","scoring","set_pieces","stamina","surname","team_id","winger","id") values (?,?,?,?,?,?,?,?,?,?,?,?,?,?,?,?,?,?,?,?,default)
Hibernate: insert into "player" ("birth","cndtion","defending","goalkeeping","moral","name","on_sale","original_team_id","passing","playmaking","potential","preferred_foot","role","salary","scoring","set_pieces","stamina","surname","team_id","winger","id") values (?,?,?,?,?,?,?,?,?,?,?,?,?,?,?,?,?,?,?,?,default)
Hibernate: insert into "player" ("birth","cndtion","defending","goalkeeping","moral","name","on_sale","original_team_id","passing","playmaking","potential","preferred_foot","role","salary","scoring","set_pieces","stamina","surname","team_id","winger","id") values (?,?,?,?,?,?,?,?,?,?,?,?,?,?,?,?,?,?,?,?,default)
Hibernate: insert into "player" ("birth","cndtion","defending","goalkeeping","moral","name","on_sale","original_team_id","passing","playmaking","potential","preferred_foot","role","salary","scoring","set_pieces","stamina","surname","team_id","winger","id") values (?,?,?,?,?,?,?,?,?,?,?,?,?,?,?,?,?,?,?,?,default)
Hibernate: insert into "player" ("birth","cndtion","defending","goalkeeping","moral","name","on_sale","original_team_id","passing","playmaking","potential","preferred_foot","role","salary","scoring","set_pieces","stamina","surname","team_id","winger","id") values (?,?,?,?,?,?,?,?,?,?,?,?,?,?,?,?,?,?,?,?,default)
Hibernate: insert into "player" ("birth","cndtion","defending","goalkeeping","moral","name","on_sale","original_team_id","passing","playmaking","potential","preferred_foot","role","salary","scoring","set_pieces","stamina","surname","team_id","winger","id") values (?,?,?,?,?,?,?,?,?,?,?,?,?,?,?,?,?,?,?,?,default)
Hibernate: insert into "player" ("birth","cndtion","defending","goalkeeping","moral","name","on_sale","original_team_id","passing","playmaking","potential","preferred_foot","role","salary","scoring","set_pieces","stamina","surname","team_id","winger","id") values (?,?,?,?,?,?,?,?,?,?,?,?,?,?,?,?,?,?,?,?,default)
Hibernate: insert into "player" ("birth","cndtion","defending","goalkeeping","moral","name","on_sale","original_team_id","passing","playmaking","potential","preferred_foot","role","salary","scoring","set_pieces","stamina","surname","team_id","winger","id") values (?,?,?,?,?,?,?,?,?,?,?,?,?,?,?,?,?,?,?,?,default)
Hibernate: insert into "player" ("birth","cndtion","defending","goalkeeping","moral","name","on_sale","original_team_id","passing","playmaking","potential","preferred_foot","role","salary","scoring","set_pieces","stamina","surname","team_id","winger","id") values (?,?,?,?,?,?,?,?,?,?,?,?,?,?,?,?,?,?,?,?,default)
Hibernate: insert into "player" ("birth","cndtion","defending","goalkeeping","moral","name","on_sale","original_team_id","passing","playmaking","potential","preferred_foot","role","salary","scoring","set_pieces","stamina","surname","team_id","winger","id") values (?,?,?,?,?,?,?,?,?,?,?,?,?,?,?,?,?,?,?,?,default)
Hibernate: insert into "player" ("birth","cndtion","defending","goalkeeping","moral","name","on_sale","original_team_id","passing","playmaking","potential","preferred_foot","role","salary","scoring","set_pieces","stamina","surname","team_id","winger","id") values (?,?,?,?,?,?,?,?,?,?,?,?,?,?,?,?,?,?,?,?,default)
Hibernate: insert into "player" ("birth","cndtion","defending","goalkeeping","moral","name","on_sale","original_team_id","passing","playmaking","potential","preferred_foot","role","salary","scoring","set_pieces","stamina","surname","team_id","winger","id") values (?,?,?,?,?,?,?,?,?,?,?,?,?,?,?,?,?,?,?,?,default)
Hibernate: insert into "player" ("birth","cndtion","defending","goalkeeping","moral","name","on_sale","original_team_id","passing","playmaking","potential","preferred_foot","role","salary","scoring","set_pieces","stamina","surname","team_id","winger","id") values (?,?,?,?,?,?,?,?,?,?,?,?,?,?,?,?,?,?,?,?,default)
Hibernate: insert into "player" ("birth","cndtion","defending","goalkeeping","moral","name","on_sale","original_team_id","passing","playmaking","potential","preferred_foot","role","salary","scoring","set_pieces","stamina","surname","team_id","winger","id") values (?,?,?,?,?,?,?,?,?,?,?,?,?,?,?,?,?,?,?,?,default)
Hibernate: insert into "player" ("birth","cndtion","defending","goalkeeping","moral","name","on_sale","original_team_id","passing","playmaking","potential","preferred_foot","role","salary","scoring","set_pieces","stamina","surname","team_id","winger","id") values (?,?,?,?,?,?,?,?,?,?,?,?,?,?,?,?,?,?,?,?,default)
Hibernate: insert into "player" ("birth","cndtion","defending","goalkeeping","moral","name","on_sale","original_team_id","passing","playmaking","potential","preferred_foot","role","salary","scoring","set_pieces","stamina","surname","team_id","winger","id") values (?,?,?,?,?,?,?,?,?,?,?,?,?,?,?,?,?,?,?,?,default)
Hibernate: insert into "player" ("birth","cndtion","defending","goalkeeping","moral","name","on_sale","original_team_id","passing","playmaking","potential","preferred_foot","role","salary","scoring","set_pieces","stamina","surname","team_id","winger","id") values (?,?,?,?,?,?,?,?,?,?,?,?,?,?,?,?,?,?,?,?,default)
Hibernate: insert into "club" ("city","finance_id","foundation","league_id","logourl","medical_center_id","name","stadium_id","team_id","training_facility_id","under18_id","youth_academy_id","id") values (?,?,?,?,?,?,?,?,?,?,?,?,default)
Hibernate: insert into "finance" ("balance","debt","facility_maintenance","last_updated","loan_interest","matchday_revenue","merchandise_revenue","monthly_budget","net_worth","operational_costs","player_salaries","prize_money_revenue","profit_margin","season_budget","sponsorship_revenue","staff_salaries","total_expenses","total_revenue","transfer_expenses","transfer_revenue","tv_rights_revenue","id") values (?,?,?,?,?,?,?,?,?,?,?,?,?,?,?,?,?,?,?,?,?,default)
Hibernate: insert into "stadium" ("accessibility_level","atmosphere_multiplier","base_capacity","capacity","construction_cost","facilities_quality","grandstand_est","grandstand_nord","grandstand_sud","grandstand_west","has_media_center","has_megastore","has_museum","has_roof","has_undersoil_heating","has_vip_boxes","last_upgrade_date","maintenance_cost","name","next_maintenance_date","pitch_quality","revenue_multiplier","security_level","upgrade_value","id") values (?,?,?,?,?,?,?,?,?,?,?,?,?,?,?,?,?,?,?,?,?,?,?,?,default)
Hibernate: insert into "team" ("formation_id","id") values (?,default)
Hibernate: insert into "player" ("birth","cndtion","defending","goalkeeping","moral","name","on_sale","original_team_id","passing","playmaking","potential","preferred_foot","role","salary","scoring","set_pieces","stamina","surname","team_id","winger","id") values (?,?,?,?,?,?,?,?,?,?,?,?,?,?,?,?,?,?,?,?,default)
Hibernate: insert into "player" ("birth","cndtion","defending","goalkeeping","moral","name","on_sale","original_team_id","passing","playmaking","potential","preferred_foot","role","salary","scoring","set_pieces","stamina","surname","team_id","winger","id") values (?,?,?,?,?,?,?,?,?,?,?,?,?,?,?,?,?,?,?,?,default)
Hibernate: insert into "player" ("birth","cndtion","defending","goalkeeping","moral","name","on_sale","original_team_id","passing","playmaking","potential","preferred_foot","role","salary","scoring","set_pieces","stamina","surname","team_id","winger","id") values (?,?,?,?,?,?,?,?,?,?,?,?,?,?,?,?,?,?,?,?,default)
Hibernate: insert into "player" ("birth","cndtion","defending","goalkeeping","moral","name","on_sale","original_team_id","passing","playmaking","potential","preferred_foot","role","salary","scoring","set_pieces","stamina","surname","team_id","winger","id") values (?,?,?,?,?,?,?,?,?,?,?,?,?,?,?,?,?,?,?,?,default)
Hibernate: insert into "player" ("birth","cndtion","defending","goalkeeping","moral","name","on_sale","original_team_id","passing","playmaking","potential","preferred_foot","role","salary","scoring","set_pieces","stamina","surname","team_id","winger","id") values (?,?,?,?,?,?,?,?,?,?,?,?,?,?,?,?,?,?,?,?,default)
Hibernate: insert into "player" ("birth","cndtion","defending","goalkeeping","moral","name","on_sale","original_team_id","passing","playmaking","potential","preferred_foot","role","salary","scoring","set_pieces","stamina","surname","team_id","winger","id") values (?,?,?,?,?,?,?,?,?,?,?,?,?,?,?,?,?,?,?,?,default)
Hibernate: insert into "player" ("birth","cndtion","defending","goalkeeping","moral","name","on_sale","original_team_id","passing","playmaking","potential","preferred_foot","role","salary","scoring","set_pieces","stamina","surname","team_id","winger","id") values (?,?,?,?,?,?,?,?,?,?,?,?,?,?,?,?,?,?,?,?,default)
Hibernate: insert into "player" ("birth","cndtion","defending","goalkeeping","moral","name","on_sale","original_team_id","passing","playmaking","potential","preferred_foot","role","salary","scoring","set_pieces","stamina","surname","team_id","winger","id") values (?,?,?,?,?,?,?,?,?,?,?,?,?,?,?,?,?,?,?,?,default)
Hibernate: insert into "player" ("birth","cndtion","defending","goalkeeping","moral","name","on_sale","original_team_id","passing","playmaking","potential","preferred_foot","role","salary","scoring","set_pieces","stamina","surname","team_id","winger","id") values (?,?,?,?,?,?,?,?,?,?,?,?,?,?,?,?,?,?,?,?,default)
Hibernate: insert into "player" ("birth","cndtion","defending","goalkeeping","moral","name","on_sale","original_team_id","passing","playmaking","potential","preferred_foot","role","salary","scoring","set_pieces","stamina","surname","team_id","winger","id") values (?,?,?,?,?,?,?,?,?,?,?,?,?,?,?,?,?,?,?,?,default)
Hibernate: insert into "player" ("birth","cndtion","defending","goalkeeping","moral","name","on_sale","original_team_id","passing","playmaking","potential","preferred_foot","role","salary","scoring","set_pieces","stamina","surname","team_id","winger","id") values (?,?,?,?,?,?,?,?,?,?,?,?,?,?,?,?,?,?,?,?,default)
Hibernate: insert into "player" ("birth","cndtion","defending","goalkeeping","moral","name","on_sale","original_team_id","passing","playmaking","potential","preferred_foot","role","salary","scoring","set_pieces","stamina","surname","team_id","winger","id") values (?,?,?,?,?,?,?,?,?,?,?,?,?,?,?,?,?,?,?,?,default)
Hibernate: insert into "player" ("birth","cndtion","defending","goalkeeping","moral","name","on_sale","original_team_id","passing","playmaking","potential","preferred_foot","role","salary","scoring","set_pieces","stamina","surname","team_id","winger","id") values (?,?,?,?,?,?,?,?,?,?,?,?,?,?,?,?,?,?,?,?,default)
Hibernate: insert into "player" ("birth","cndtion","defending","goalkeeping","moral","name","on_sale","original_team_id","passing","playmaking","potential","preferred_foot","role","salary","scoring","set_pieces","stamina","surname","team_id","winger","id") values (?,?,?,?,?,?,?,?,?,?,?,?,?,?,?,?,?,?,?,?,default)
Hibernate: insert into "player" ("birth","cndtion","defending","goalkeeping","moral","name","on_sale","original_team_id","passing","playmaking","potential","preferred_foot","role","salary","scoring","set_pieces","stamina","surname","team_id","winger","id") values (?,?,?,?,?,?,?,?,?,?,?,?,?,?,?,?,?,?,?,?,default)
Hibernate: insert into "player" ("birth","cndtion","defending","goalkeeping","moral","name","on_sale","original_team_id","passing","playmaking","potential","preferred_foot","role","salary","scoring","set_pieces","stamina","surname","team_id","winger","id") values (?,?,?,?,?,?,?,?,?,?,?,?,?,?,?,?,?,?,?,?,default)
Hibernate: insert into "player" ("birth","cndtion","defending","goalkeeping","moral","name","on_sale","original_team_id","passing","playmaking","potential","preferred_foot","role","salary","scoring","set_pieces","stamina","surname","team_id","winger","id") values (?,?,?,?,?,?,?,?,?,?,?,?,?,?,?,?,?,?,?,?,default)
Hibernate: insert into "player" ("birth","cndtion","defending","goalkeeping","moral","name","on_sale","original_team_id","passing","playmaking","potential","preferred_foot","role","salary","scoring","set_pieces","stamina","surname","team_id","winger","id") values (?,?,?,?,?,?,?,?,?,?,?,?,?,?,?,?,?,?,?,?,default)
Hibernate: insert into "player" ("birth","cndtion","defending","goalkeeping","moral","name","on_sale","original_team_id","passing","playmaking","potential","preferred_foot","role","salary","scoring","set_pieces","stamina","surname","team_id","winger","id") values (?,?,?,?,?,?,?,?,?,?,?,?,?,?,?,?,?,?,?,?,default)
Hibernate: insert into "player" ("birth","cndtion","defending","goalkeeping","moral","name","on_sale","original_team_id","passing","playmaking","potential","preferred_foot","role","salary","scoring","set_pieces","stamina","surname","team_id","winger","id") values (?,?,?,?,?,?,?,?,?,?,?,?,?,?,?,?,?,?,?,?,default)
Hibernate: insert into "player" ("birth","cndtion","defending","goalkeeping","moral","name","on_sale","original_team_id","passing","playmaking","potential","preferred_foot","role","salary","scoring","set_pieces","stamina","surname","team_id","winger","id") values (?,?,?,?,?,?,?,?,?,?,?,?,?,?,?,?,?,?,?,?,default)
Hibernate: insert into "player" ("birth","cndtion","defending","goalkeeping","moral","name","on_sale","original_team_id","passing","playmaking","potential","preferred_foot","role","salary","scoring","set_pieces","stamina","surname","team_id","winger","id") values (?,?,?,?,?,?,?,?,?,?,?,?,?,?,?,?,?,?,?,?,default)
Hibernate: insert into "player" ("birth","cndtion","defending","goalkeeping","moral","name","on_sale","original_team_id","passing","playmaking","potential","preferred_foot","role","salary","scoring","set_pieces","stamina","surname","team_id","winger","id") values (?,?,?,?,?,?,?,?,?,?,?,?,?,?,?,?,?,?,?,?,default)
Hibernate: insert into "club" ("city","finance_id","foundation","league_id","logourl","medical_center_id","name","stadium_id","team_id","training_facility_id","under18_id","youth_academy_id","id") values (?,?,?,?,?,?,?,?,?,?,?,?,default)
Hibernate: update "ranking" set "club_id"=?,"drawn"=?,"goal_against"=?,"goals_for"=?,"lost"=?,"played"=?,"points"=?,"season_id"=?,"won"=? where "id"=?
Hibernate: update "ranking" set "club_id"=?,"drawn"=?,"goal_against"=?,"goals_for"=?,"lost"=?,"played"=?,"points"=?,"season_id"=?,"won"=? where "id"=?
Hibernate: update "ranking" set "club_id"=?,"drawn"=?,"goal_against"=?,"goals_for"=?,"lost"=?,"played"=?,"points"=?,"season_id"=?,"won"=? where "id"=?
Hibernate: update "ranking" set "club_id"=?,"drawn"=?,"goal_against"=?,"goals_for"=?,"lost"=?,"played"=?,"points"=?,"season_id"=?,"won"=? where "id"=?
Hibernate: update "ranking" set "club_id"=?,"drawn"=?,"goal_against"=?,"goals_for"=?,"lost"=?,"played"=?,"points"=?,"season_id"=?,"won"=? where "id"=?
Hibernate: update "ranking" set "club_id"=?,"drawn"=?,"goal_against"=?,"goals_for"=?,"lost"=?,"played"=?,"points"=?,"season_id"=?,"won"=? where "id"=?
Hibernate: update "ranking" set "club_id"=?,"drawn"=?,"goal_against"=?,"goals_for"=?,"lost"=?,"played"=?,"points"=?,"season_id"=?,"won"=? where "id"=?
Hibernate: update "ranking" set "club_id"=?,"drawn"=?,"goal_against"=?,"goals_for"=?,"lost"=?,"played"=?,"points"=?,"season_id"=?,"won"=? where "id"=?
Hibernate: update "ranking" set "club_id"=?,"drawn"=?,"goal_against"=?,"goals_for"=?,"lost"=?,"played"=?,"points"=?,"season_id"=?,"won"=? where "id"=?
Hibernate: update "ranking" set "club_id"=?,"drawn"=?,"goal_against"=?,"goals_for"=?,"lost"=?,"played"=?,"points"=?,"season_id"=?,"won"=? where "id"=?
Hibernate: update "matchh" set "away_id"=?,"away_formation_id"=?,"away_score"=?,"date"=?,"finish"=?,"home_id"=?,"home_formation_id"=?,"home_score"=?,"last"=?,"round_id"=?,"spectators"=?,"match_id"=?,"status"=? where "id"=?
Hibernate: update "matchh" set "away_id"=?,"away_formation_id"=?,"away_score"=?,"date"=?,"finish"=?,"home_id"=?,"home_formation_id"=?,"home_score"=?,"last"=?,"round_id"=?,"spectators"=?,"match_id"=?,"status"=? where "id"=?
Hibernate: update "matchh" set "away_id"=?,"away_formation_id"=?,"away_score"=?,"date"=?,"finish"=?,"home_id"=?,"home_formation_id"=?,"home_score"=?,"last"=?,"round_id"=?,"spectators"=?,"match_id"=?,"status"=? where "id"=?
Hibernate: update "matchh" set "away_id"=?,"away_formation_id"=?,"away_score"=?,"date"=?,"finish"=?,"home_id"=?,"home_formation_id"=?,"home_score"=?,"last"=?,"round_id"=?,"spectators"=?,"match_id"=?,"status"=? where "id"=?
Hibernate: update "matchh" set "away_id"=?,"away_formation_id"=?,"away_score"=?,"date"=?,"finish"=?,"home_id"=?,"home_formation_id"=?,"home_score"=?,"last"=?,"round_id"=?,"spectators"=?,"match_id"=?,"status"=? where "id"=?
Hibernate: update "matchh" set "away_id"=?,"away_formation_id"=?,"away_score"=?,"date"=?,"finish"=?,"home_id"=?,"home_formation_id"=?,"home_score"=?,"last"=?,"round_id"=?,"spectators"=?,"match_id"=?,"status"=? where "id"=?
Hibernate: update "matchh" set "away_id"=?,"away_formation_id"=?,"away_score"=?,"date"=?,"finish"=?,"home_id"=?,"home_formation_id"=?,"home_score"=?,"last"=?,"round_id"=?,"spectators"=?,"match_id"=?,"status"=? where "id"=?
Hibernate: update "matchh" set "away_id"=?,"away_formation_id"=?,"away_score"=?,"date"=?,"finish"=?,"home_id"=?,"home_formation_id"=?,"home_score"=?,"last"=?,"round_id"=?,"spectators"=?,"match_id"=?,"status"=? where "id"=?
Hibernate: update "matchh" set "away_id"=?,"away_formation_id"=?,"away_score"=?,"date"=?,"finish"=?,"home_id"=?,"home_formation_id"=?,"home_score"=?,"last"=?,"round_id"=?,"spectators"=?,"match_id"=?,"status"=? where "id"=?
Hibernate: update "matchh" set "away_id"=?,"away_formation_id"=?,"away_score"=?,"date"=?,"finish"=?,"home_id"=?,"home_formation_id"=?,"home_score"=?,"last"=?,"round_id"=?,"spectators"=?,"match_id"=?,"status"=? where "id"=?
Hibernate: update "matchh" set "away_id"=?,"away_formation_id"=?,"away_score"=?,"date"=?,"finish"=?,"home_id"=?,"home_formation_id"=?,"home_score"=?,"last"=?,"round_id"=?,"spectators"=?,"match_id"=?,"status"=? where "id"=?
Hibernate: update "matchh" set "away_id"=?,"away_formation_id"=?,"away_score"=?,"date"=?,"finish"=?,"home_id"=?,"home_formation_id"=?,"home_score"=?,"last"=?,"round_id"=?,"spectators"=?,"match_id"=?,"status"=? where "id"=?
Hibernate: update "matchh" set "away_id"=?,"away_formation_id"=?,"away_score"=?,"date"=?,"finish"=?,"home_id"=?,"home_formation_id"=?,"home_score"=?,"last"=?,"round_id"=?,"spectators"=?,"match_id"=?,"status"=? where "id"=?
Hibernate: update "matchh" set "away_id"=?,"away_formation_id"=?,"away_score"=?,"date"=?,"finish"=?,"home_id"=?,"home_formation_id"=?,"home_score"=?,"last"=?,"round_id"=?,"spectators"=?,"match_id"=?,"status"=? where "id"=?
Hibernate: update "matchh" set "away_id"=?,"away_formation_id"=?,"away_score"=?,"date"=?,"finish"=?,"home_id"=?,"home_formation_id"=?,"home_score"=?,"last"=?,"round_id"=?,"spectators"=?,"match_id"=?,"status"=? where "id"=?
Hibernate: update "matchh" set "away_id"=?,"away_formation_id"=?,"away_score"=?,"date"=?,"finish"=?,"home_id"=?,"home_formation_id"=?,"home_score"=?,"last"=?,"round_id"=?,"spectators"=?,"match_id"=?,"status"=? where "id"=?
Hibernate: update "matchh" set "away_id"=?,"away_formation_id"=?,"away_score"=?,"date"=?,"finish"=?,"home_id"=?,"home_formation_id"=?,"home_score"=?,"last"=?,"round_id"=?,"spectators"=?,"match_id"=?,"status"=? where "id"=?
Hibernate: update "matchh" set "away_id"=?,"away_formation_id"=?,"away_score"=?,"date"=?,"finish"=?,"home_id"=?,"home_formation_id"=?,"home_score"=?,"last"=?,"round_id"=?,"spectators"=?,"match_id"=?,"status"=? where "id"=?
Hibernate: update "matchh" set "away_id"=?,"away_formation_id"=?,"away_score"=?,"date"=?,"finish"=?,"home_id"=?,"home_formation_id"=?,"home_score"=?,"last"=?,"round_id"=?,"spectators"=?,"match_id"=?,"status"=? where "id"=?
Hibernate: update "matchh" set "away_id"=?,"away_formation_id"=?,"away_score"=?,"date"=?,"finish"=?,"home_id"=?,"home_formation_id"=?,"home_score"=?,"last"=?,"round_id"=?,"spectators"=?,"match_id"=?,"status"=? where "id"=?
Hibernate: update "matchh" set "away_id"=?,"away_formation_id"=?,"away_score"=?,"date"=?,"finish"=?,"home_id"=?,"home_formation_id"=?,"home_score"=?,"last"=?,"round_id"=?,"spectators"=?,"match_id"=?,"status"=? where "id"=?
Hibernate: update "matchh" set "away_id"=?,"away_formation_id"=?,"away_score"=?,"date"=?,"finish"=?,"home_id"=?,"home_formation_id"=?,"home_score"=?,"last"=?,"round_id"=?,"spectators"=?,"match_id"=?,"status"=? where "id"=?
Hibernate: update "matchh" set "away_id"=?,"away_formation_id"=?,"away_score"=?,"date"=?,"finish"=?,"home_id"=?,"home_formation_id"=?,"home_score"=?,"last"=?,"round_id"=?,"spectators"=?,"match_id"=?,"status"=? where "id"=?
Hibernate: update "matchh" set "away_id"=?,"away_formation_id"=?,"away_score"=?,"date"=?,"finish"=?,"home_id"=?,"home_formation_id"=?,"home_score"=?,"last"=?,"round_id"=?,"spectators"=?,"match_id"=?,"status"=? where "id"=?
Hibernate: update "matchh" set "away_id"=?,"away_formation_id"=?,"away_score"=?,"date"=?,"finish"=?,"home_id"=?,"home_formation_id"=?,"home_score"=?,"last"=?,"round_id"=?,"spectators"=?,"match_id"=?,"status"=? where "id"=?
Hibernate: update "matchh" set "away_id"=?,"away_formation_id"=?,"away_score"=?,"date"=?,"finish"=?,"home_id"=?,"home_formation_id"=?,"home_score"=?,"last"=?,"round_id"=?,"spectators"=?,"match_id"=?,"status"=? where "id"=?
Hibernate: update "matchh" set "away_id"=?,"away_formation_id"=?,"away_score"=?,"date"=?,"finish"=?,"home_id"=?,"home_formation_id"=?,"home_score"=?,"last"=?,"round_id"=?,"spectators"=?,"match_id"=?,"status"=? where "id"=?
Hibernate: update "matchh" set "away_id"=?,"away_formation_id"=?,"away_score"=?,"date"=?,"finish"=?,"home_id"=?,"home_formation_id"=?,"home_score"=?,"last"=?,"round_id"=?,"spectators"=?,"match_id"=?,"status"=? where "id"=?
Hibernate: update "matchh" set "away_id"=?,"away_formation_id"=?,"away_score"=?,"date"=?,"finish"=?,"home_id"=?,"home_formation_id"=?,"home_score"=?,"last"=?,"round_id"=?,"spectators"=?,"match_id"=?,"status"=? where "id"=?
Hibernate: update "matchh" set "away_id"=?,"away_formation_id"=?,"away_score"=?,"date"=?,"finish"=?,"home_id"=?,"home_formation_id"=?,"home_score"=?,"last"=?,"round_id"=?,"spectators"=?,"match_id"=?,"status"=? where "id"=?
Hibernate: update "matchh" set "away_id"=?,"away_formation_id"=?,"away_score"=?,"date"=?,"finish"=?,"home_id"=?,"home_formation_id"=?,"home_score"=?,"last"=?,"round_id"=?,"spectators"=?,"match_id"=?,"status"=? where "id"=?
Hibernate: update "matchh" set "away_id"=?,"away_formation_id"=?,"away_score"=?,"date"=?,"finish"=?,"home_id"=?,"home_formation_id"=?,"home_score"=?,"last"=?,"round_id"=?,"spectators"=?,"match_id"=?,"status"=? where "id"=?
Hibernate: update "matchh" set "away_id"=?,"away_formation_id"=?,"away_score"=?,"date"=?,"finish"=?,"home_id"=?,"home_formation_id"=?,"home_score"=?,"last"=?,"round_id"=?,"spectators"=?,"match_id"=?,"status"=? where "id"=?
Hibernate: update "matchh" set "away_id"=?,"away_formation_id"=?,"away_score"=?,"date"=?,"finish"=?,"home_id"=?,"home_formation_id"=?,"home_score"=?,"last"=?,"round_id"=?,"spectators"=?,"match_id"=?,"status"=? where "id"=?
Hibernate: update "matchh" set "away_id"=?,"away_formation_id"=?,"away_score"=?,"date"=?,"finish"=?,"home_id"=?,"home_formation_id"=?,"home_score"=?,"last"=?,"round_id"=?,"spectators"=?,"match_id"=?,"status"=? where "id"=?
Hibernate: update "matchh" set "away_id"=?,"away_formation_id"=?,"away_score"=?,"date"=?,"finish"=?,"home_id"=?,"home_formation_id"=?,"home_score"=?,"last"=?,"round_id"=?,"spectators"=?,"match_id"=?,"status"=? where "id"=?
Hibernate: update "matchh" set "away_id"=?,"away_formation_id"=?,"away_score"=?,"date"=?,"finish"=?,"home_id"=?,"home_formation_id"=?,"home_score"=?,"last"=?,"round_id"=?,"spectators"=?,"match_id"=?,"status"=? where "id"=?
Hibernate: update "matchh" set "away_id"=?,"away_formation_id"=?,"away_score"=?,"date"=?,"finish"=?,"home_id"=?,"home_formation_id"=?,"home_score"=?,"last"=?,"round_id"=?,"spectators"=?,"match_id"=?,"status"=? where "id"=?
Hibernate: update "matchh" set "away_id"=?,"away_formation_id"=?,"away_score"=?,"date"=?,"finish"=?,"home_id"=?,"home_formation_id"=?,"home_score"=?,"last"=?,"round_id"=?,"spectators"=?,"match_id"=?,"status"=? where "id"=?
Hibernate: update "matchh" set "away_id"=?,"away_formation_id"=?,"away_score"=?,"date"=?,"finish"=?,"home_id"=?,"home_formation_id"=?,"home_score"=?,"last"=?,"round_id"=?,"spectators"=?,"match_id"=?,"status"=? where "id"=?
Hibernate: update "matchh" set "away_id"=?,"away_formation_id"=?,"away_score"=?,"date"=?,"finish"=?,"home_id"=?,"home_formation_id"=?,"home_score"=?,"last"=?,"round_id"=?,"spectators"=?,"match_id"=?,"status"=? where "id"=?
Hibernate: update "matchh" set "away_id"=?,"away_formation_id"=?,"away_score"=?,"date"=?,"finish"=?,"home_id"=?,"home_formation_id"=?,"home_score"=?,"last"=?,"round_id"=?,"spectators"=?,"match_id"=?,"status"=? where "id"=?
Hibernate: update "matchh" set "away_id"=?,"away_formation_id"=?,"away_score"=?,"date"=?,"finish"=?,"home_id"=?,"home_formation_id"=?,"home_score"=?,"last"=?,"round_id"=?,"spectators"=?,"match_id"=?,"status"=? where "id"=?
Hibernate: update "matchh" set "away_id"=?,"away_formation_id"=?,"away_score"=?,"date"=?,"finish"=?,"home_id"=?,"home_formation_id"=?,"home_score"=?,"last"=?,"round_id"=?,"spectators"=?,"match_id"=?,"status"=? where "id"=?
Hibernate: update "matchh" set "away_id"=?,"away_formation_id"=?,"away_score"=?,"date"=?,"finish"=?,"home_id"=?,"home_formation_id"=?,"home_score"=?,"last"=?,"round_id"=?,"spectators"=?,"match_id"=?,"status"=? where "id"=?
Hibernate: update "matchh" set "away_id"=?,"away_formation_id"=?,"away_score"=?,"date"=?,"finish"=?,"home_id"=?,"home_formation_id"=?,"home_score"=?,"last"=?,"round_id"=?,"spectators"=?,"match_id"=?,"status"=? where "id"=?
Hibernate: update "matchh" set "away_id"=?,"away_formation_id"=?,"away_score"=?,"date"=?,"finish"=?,"home_id"=?,"home_formation_id"=?,"home_score"=?,"last"=?,"round_id"=?,"spectators"=?,"match_id"=?,"status"=? where "id"=?
Hibernate: update "matchh" set "away_id"=?,"away_formation_id"=?,"away_score"=?,"date"=?,"finish"=?,"home_id"=?,"home_formation_id"=?,"home_score"=?,"last"=?,"round_id"=?,"spectators"=?,"match_id"=?,"status"=? where "id"=?
Hibernate: update "matchh" set "away_id"=?,"away_formation_id"=?,"away_score"=?,"date"=?,"finish"=?,"home_id"=?,"home_formation_id"=?,"home_score"=?,"last"=?,"round_id"=?,"spectators"=?,"match_id"=?,"status"=? where "id"=?
Hibernate: update "matchh" set "away_id"=?,"away_formation_id"=?,"away_score"=?,"date"=?,"finish"=?,"home_id"=?,"home_formation_id"=?,"home_score"=?,"last"=?,"round_id"=?,"spectators"=?,"match_id"=?,"status"=? where "id"=?
Hibernate: update "matchh" set "away_id"=?,"away_formation_id"=?,"away_score"=?,"date"=?,"finish"=?,"home_id"=?,"home_formation_id"=?,"home_score"=?,"last"=?,"round_id"=?,"spectators"=?,"match_id"=?,"status"=? where "id"=?
Hibernate: update "matchh" set "away_id"=?,"away_formation_id"=?,"away_score"=?,"date"=?,"finish"=?,"home_id"=?,"home_formation_id"=?,"home_score"=?,"last"=?,"round_id"=?,"spectators"=?,"match_id"=?,"status"=? where "id"=?
Hibernate: update "matchh" set "away_id"=?,"away_formation_id"=?,"away_score"=?,"date"=?,"finish"=?,"home_id"=?,"home_formation_id"=?,"home_score"=?,"last"=?,"round_id"=?,"spectators"=?,"match_id"=?,"status"=? where "id"=?
Hibernate: update "matchh" set "away_id"=?,"away_formation_id"=?,"away_score"=?,"date"=?,"finish"=?,"home_id"=?,"home_formation_id"=?,"home_score"=?,"last"=?,"round_id"=?,"spectators"=?,"match_id"=?,"status"=? where "id"=?
Hibernate: update "matchh" set "away_id"=?,"away_formation_id"=?,"away_score"=?,"date"=?,"finish"=?,"home_id"=?,"home_formation_id"=?,"home_score"=?,"last"=?,"round_id"=?,"spectators"=?,"match_id"=?,"status"=? where "id"=?
Hibernate: update "matchh" set "away_id"=?,"away_formation_id"=?,"away_score"=?,"date"=?,"finish"=?,"home_id"=?,"home_formation_id"=?,"home_score"=?,"last"=?,"round_id"=?,"spectators"=?,"match_id"=?,"status"=? where "id"=?
Hibernate: update "matchh" set "away_id"=?,"away_formation_id"=?,"away_score"=?,"date"=?,"finish"=?,"home_id"=?,"home_formation_id"=?,"home_score"=?,"last"=?,"round_id"=?,"spectators"=?,"match_id"=?,"status"=? where "id"=?
Hibernate: update "matchh" set "away_id"=?,"away_formation_id"=?,"away_score"=?,"date"=?,"finish"=?,"home_id"=?,"home_formation_id"=?,"home_score"=?,"last"=?,"round_id"=?,"spectators"=?,"match_id"=?,"status"=? where "id"=?
Hibernate: update "matchh" set "away_id"=?,"away_formation_id"=?,"away_score"=?,"date"=?,"finish"=?,"home_id"=?,"home_formation_id"=?,"home_score"=?,"last"=?,"round_id"=?,"spectators"=?,"match_id"=?,"status"=? where "id"=?
Hibernate: update "matchh" set "away_id"=?,"away_formation_id"=?,"away_score"=?,"date"=?,"finish"=?,"home_id"=?,"home_formation_id"=?,"home_score"=?,"last"=?,"round_id"=?,"spectators"=?,"match_id"=?,"status"=? where "id"=?
Hibernate: update "matchh" set "away_id"=?,"away_formation_id"=?,"away_score"=?,"date"=?,"finish"=?,"home_id"=?,"home_formation_id"=?,"home_score"=?,"last"=?,"round_id"=?,"spectators"=?,"match_id"=?,"status"=? where "id"=?
Hibernate: update "matchh" set "away_id"=?,"away_formation_id"=?,"away_score"=?,"date"=?,"finish"=?,"home_id"=?,"home_formation_id"=?,"home_score"=?,"last"=?,"round_id"=?,"spectators"=?,"match_id"=?,"status"=? where "id"=?
Hibernate: update "matchh" set "away_id"=?,"away_formation_id"=?,"away_score"=?,"date"=?,"finish"=?,"home_id"=?,"home_formation_id"=?,"home_score"=?,"last"=?,"round_id"=?,"spectators"=?,"match_id"=?,"status"=? where "id"=?
Hibernate: update "matchh" set "away_id"=?,"away_formation_id"=?,"away_score"=?,"date"=?,"finish"=?,"home_id"=?,"home_formation_id"=?,"home_score"=?,"last"=?,"round_id"=?,"spectators"=?,"match_id"=?,"status"=? where "id"=?
Hibernate: update "matchh" set "away_id"=?,"away_formation_id"=?,"away_score"=?,"date"=?,"finish"=?,"home_id"=?,"home_formation_id"=?,"home_score"=?,"last"=?,"round_id"=?,"spectators"=?,"match_id"=?,"status"=? where "id"=?
Hibernate: update "matchh" set "away_id"=?,"away_formation_id"=?,"away_score"=?,"date"=?,"finish"=?,"home_id"=?,"home_formation_id"=?,"home_score"=?,"last"=?,"round_id"=?,"spectators"=?,"match_id"=?,"status"=? where "id"=?
Hibernate: update "matchh" set "away_id"=?,"away_formation_id"=?,"away_score"=?,"date"=?,"finish"=?,"home_id"=?,"home_formation_id"=?,"home_score"=?,"last"=?,"round_id"=?,"spectators"=?,"match_id"=?,"status"=? where "id"=?
Hibernate: update "matchh" set "away_id"=?,"away_formation_id"=?,"away_score"=?,"date"=?,"finish"=?,"home_id"=?,"home_formation_id"=?,"home_score"=?,"last"=?,"round_id"=?,"spectators"=?,"match_id"=?,"status"=? where "id"=?
Hibernate: update "matchh" set "away_id"=?,"away_formation_id"=?,"away_score"=?,"date"=?,"finish"=?,"home_id"=?,"home_formation_id"=?,"home_score"=?,"last"=?,"round_id"=?,"spectators"=?,"match_id"=?,"status"=? where "id"=?
Hibernate: update "matchh" set "away_id"=?,"away_formation_id"=?,"away_score"=?,"date"=?,"finish"=?,"home_id"=?,"home_formation_id"=?,"home_score"=?,"last"=?,"round_id"=?,"spectators"=?,"match_id"=?,"status"=? where "id"=?
Hibernate: update "matchh" set "away_id"=?,"away_formation_id"=?,"away_score"=?,"date"=?,"finish"=?,"home_id"=?,"home_formation_id"=?,"home_score"=?,"last"=?,"round_id"=?,"spectators"=?,"match_id"=?,"status"=? where "id"=?
Hibernate: update "matchh" set "away_id"=?,"away_formation_id"=?,"away_score"=?,"date"=?,"finish"=?,"home_id"=?,"home_formation_id"=?,"home_score"=?,"last"=?,"round_id"=?,"spectators"=?,"match_id"=?,"status"=? where "id"=?
Hibernate: update "matchh" set "away_id"=?,"away_formation_id"=?,"away_score"=?,"date"=?,"finish"=?,"home_id"=?,"home_formation_id"=?,"home_score"=?,"last"=?,"round_id"=?,"spectators"=?,"match_id"=?,"status"=? where "id"=?
Hibernate: update "matchh" set "away_id"=?,"away_formation_id"=?,"away_score"=?,"date"=?,"finish"=?,"home_id"=?,"home_formation_id"=?,"home_score"=?,"last"=?,"round_id"=?,"spectators"=?,"match_id"=?,"status"=? where "id"=?
Hibernate: update "matchh" set "away_id"=?,"away_formation_id"=?,"away_score"=?,"date"=?,"finish"=?,"home_id"=?,"home_formation_id"=?,"home_score"=?,"last"=?,"round_id"=?,"spectators"=?,"match_id"=?,"status"=? where "id"=?
Hibernate: update "matchh" set "away_id"=?,"away_formation_id"=?,"away_score"=?,"date"=?,"finish"=?,"home_id"=?,"home_formation_id"=?,"home_score"=?,"last"=?,"round_id"=?,"spectators"=?,"match_id"=?,"status"=? where "id"=?
Hibernate: update "matchh" set "away_id"=?,"away_formation_id"=?,"away_score"=?,"date"=?,"finish"=?,"home_id"=?,"home_formation_id"=?,"home_score"=?,"last"=?,"round_id"=?,"spectators"=?,"match_id"=?,"status"=? where "id"=?
Hibernate: update "matchh" set "away_id"=?,"away_formation_id"=?,"away_score"=?,"date"=?,"finish"=?,"home_id"=?,"home_formation_id"=?,"home_score"=?,"last"=?,"round_id"=?,"spectators"=?,"match_id"=?,"status"=? where "id"=?
Hibernate: update "matchh" set "away_id"=?,"away_formation_id"=?,"away_score"=?,"date"=?,"finish"=?,"home_id"=?,"home_formation_id"=?,"home_score"=?,"last"=?,"round_id"=?,"spectators"=?,"match_id"=?,"status"=? where "id"=?
Hibernate: update "matchh" set "away_id"=?,"away_formation_id"=?,"away_score"=?,"date"=?,"finish"=?,"home_id"=?,"home_formation_id"=?,"home_score"=?,"last"=?,"round_id"=?,"spectators"=?,"match_id"=?,"status"=? where "id"=?
Hibernate: update "matchh" set "away_id"=?,"away_formation_id"=?,"away_score"=?,"date"=?,"finish"=?,"home_id"=?,"home_formation_id"=?,"home_score"=?,"last"=?,"round_id"=?,"spectators"=?,"match_id"=?,"status"=? where "id"=?
Hibernate: update "matchh" set "away_id"=?,"away_formation_id"=?,"away_score"=?,"date"=?,"finish"=?,"home_id"=?,"home_formation_id"=?,"home_score"=?,"last"=?,"round_id"=?,"spectators"=?,"match_id"=?,"status"=? where "id"=?
Hibernate: update "matchh" set "away_id"=?,"away_formation_id"=?,"away_score"=?,"date"=?,"finish"=?,"home_id"=?,"home_formation_id"=?,"home_score"=?,"last"=?,"round_id"=?,"spectators"=?,"match_id"=?,"status"=? where "id"=?
Hibernate: update "matchh" set "away_id"=?,"away_formation_id"=?,"away_score"=?,"date"=?,"finish"=?,"home_id"=?,"home_formation_id"=?,"home_score"=?,"last"=?,"round_id"=?,"spectators"=?,"match_id"=?,"status"=? where "id"=?
Hibernate: update "matchh" set "away_id"=?,"away_formation_id"=?,"away_score"=?,"date"=?,"finish"=?,"home_id"=?,"home_formation_id"=?,"home_score"=?,"last"=?,"round_id"=?,"spectators"=?,"match_id"=?,"status"=? where "id"=?
Hibernate: update "matchh" set "away_id"=?,"away_formation_id"=?,"away_score"=?,"date"=?,"finish"=?,"home_id"=?,"home_formation_id"=?,"home_score"=?,"last"=?,"round_id"=?,"spectators"=?,"match_id"=?,"status"=? where "id"=?
Hibernate: update "matchh" set "away_id"=?,"away_formation_id"=?,"away_score"=?,"date"=?,"finish"=?,"home_id"=?,"home_formation_id"=?,"home_score"=?,"last"=?,"round_id"=?,"spectators"=?,"match_id"=?,"status"=? where "id"=?
Hibernate: update "matchh" set "away_id"=?,"away_formation_id"=?,"away_score"=?,"date"=?,"finish"=?,"home_id"=?,"home_formation_id"=?,"home_score"=?,"last"=?,"round_id"=?,"spectators"=?,"match_id"=?,"status"=? where "id"=?
Hibernate: update "matchh" set "away_id"=?,"away_formation_id"=?,"away_score"=?,"date"=?,"finish"=?,"home_id"=?,"home_formation_id"=?,"home_score"=?,"last"=?,"round_id"=?,"spectators"=?,"match_id"=?,"status"=? where "id"=?
Hibernate: update "matchh" set "away_id"=?,"away_formation_id"=?,"away_score"=?,"date"=?,"finish"=?,"home_id"=?,"home_formation_id"=?,"home_score"=?,"last"=?,"round_id"=?,"spectators"=?,"match_id"=?,"status"=? where "id"=?
Hibernate: update "ranking" set "club_id"=?,"drawn"=?,"goal_against"=?,"goals_for"=?,"lost"=?,"played"=?,"points"=?,"season_id"=?,"won"=? where "id"=?
Hibernate: update "ranking" set "club_id"=?,"drawn"=?,"goal_against"=?,"goals_for"=?,"lost"=?,"played"=?,"points"=?,"season_id"=?,"won"=? where "id"=?
Hibernate: update "ranking" set "club_id"=?,"drawn"=?,"goal_against"=?,"goals_for"=?,"lost"=?,"played"=?,"points"=?,"season_id"=?,"won"=? where "id"=?
Hibernate: update "ranking" set "club_id"=?,"drawn"=?,"goal_against"=?,"goals_for"=?,"lost"=?,"played"=?,"points"=?,"season_id"=?,"won"=? where "id"=?
Hibernate: update "ranking" set "club_id"=?,"drawn"=?,"goal_against"=?,"goals_for"=?,"lost"=?,"played"=?,"points"=?,"season_id"=?,"won"=? where "id"=?
Hibernate: update "ranking" set "club_id"=?,"drawn"=?,"goal_against"=?,"goals_for"=?,"lost"=?,"played"=?,"points"=?,"season_id"=?,"won"=? where "id"=?
Hibernate: update "ranking" set "club_id"=?,"drawn"=?,"goal_against"=?,"goals_for"=?,"lost"=?,"played"=?,"points"=?,"season_id"=?,"won"=? where "id"=?
Hibernate: update "ranking" set "club_id"=?,"drawn"=?,"goal_against"=?,"goals_for"=?,"lost"=?,"played"=?,"points"=?,"season_id"=?,"won"=? where "id"=?
Hibernate: update "ranking" set "club_id"=?,"drawn"=?,"goal_against"=?,"goals_for"=?,"lost"=?,"played"=?,"points"=?,"season_id"=?,"won"=? where "id"=?
Hibernate: update "ranking" set "club_id"=?,"drawn"=?,"goal_against"=?,"goals_for"=?,"lost"=?,"played"=?,"points"=?,"season_id"=?,"won"=? where "id"=?
Hibernate: update "matchh" set "away_id"=?,"away_formation_id"=?,"away_score"=?,"date"=?,"finish"=?,"home_id"=?,"home_formation_id"=?,"home_score"=?,"last"=?,"round_id"=?,"spectators"=?,"match_id"=?,"status"=? where "id"=?
Hibernate: update "matchh" set "away_id"=?,"away_formation_id"=?,"away_score"=?,"date"=?,"finish"=?,"home_id"=?,"home_formation_id"=?,"home_score"=?,"last"=?,"round_id"=?,"spectators"=?,"match_id"=?,"status"=? where "id"=?
Hibernate: update "matchh" set "away_id"=?,"away_formation_id"=?,"away_score"=?,"date"=?,"finish"=?,"home_id"=?,"home_formation_id"=?,"home_score"=?,"last"=?,"round_id"=?,"spectators"=?,"match_id"=?,"status"=? where "id"=?
Hibernate: update "matchh" set "away_id"=?,"away_formation_id"=?,"away_score"=?,"date"=?,"finish"=?,"home_id"=?,"home_formation_id"=?,"home_score"=?,"last"=?,"round_id"=?,"spectators"=?,"match_id"=?,"status"=? where "id"=?
Hibernate: update "matchh" set "away_id"=?,"away_formation_id"=?,"away_score"=?,"date"=?,"finish"=?,"home_id"=?,"home_formation_id"=?,"home_score"=?,"last"=?,"round_id"=?,"spectators"=?,"match_id"=?,"status"=? where "id"=?
Hibernate: update "matchh" set "away_id"=?,"away_formation_id"=?,"away_score"=?,"date"=?,"finish"=?,"home_id"=?,"home_formation_id"=?,"home_score"=?,"last"=?,"round_id"=?,"spectators"=?,"match_id"=?,"status"=? where "id"=?
Hibernate: update "matchh" set "away_id"=?,"away_formation_id"=?,"away_score"=?,"date"=?,"finish"=?,"home_id"=?,"home_formation_id"=?,"home_score"=?,"last"=?,"round_id"=?,"spectators"=?,"match_id"=?,"status"=? where "id"=?
Hibernate: update "matchh" set "away_id"=?,"away_formation_id"=?,"away_score"=?,"date"=?,"finish"=?,"home_id"=?,"home_formation_id"=?,"home_score"=?,"last"=?,"round_id"=?,"spectators"=?,"match_id"=?,"status"=? where "id"=?
Hibernate: update "matchh" set "away_id"=?,"away_formation_id"=?,"away_score"=?,"date"=?,"finish"=?,"home_id"=?,"home_formation_id"=?,"home_score"=?,"last"=?,"round_id"=?,"spectators"=?,"match_id"=?,"status"=? where "id"=?
Hibernate: update "matchh" set "away_id"=?,"away_formation_id"=?,"away_score"=?,"date"=?,"finish"=?,"home_id"=?,"home_formation_id"=?,"home_score"=?,"last"=?,"round_id"=?,"spectators"=?,"match_id"=?,"status"=? where "id"=?
Hibernate: update "matchh" set "away_id"=?,"away_formation_id"=?,"away_score"=?,"date"=?,"finish"=?,"home_id"=?,"home_formation_id"=?,"home_score"=?,"last"=?,"round_id"=?,"spectators"=?,"match_id"=?,"status"=? where "id"=?
Hibernate: update "matchh" set "away_id"=?,"away_formation_id"=?,"away_score"=?,"date"=?,"finish"=?,"home_id"=?,"home_formation_id"=?,"home_score"=?,"last"=?,"round_id"=?,"spectators"=?,"match_id"=?,"status"=? where "id"=?
Hibernate: update "matchh" set "away_id"=?,"away_formation_id"=?,"away_score"=?,"date"=?,"finish"=?,"home_id"=?,"home_formation_id"=?,"home_score"=?,"last"=?,"round_id"=?,"spectators"=?,"match_id"=?,"status"=? where "id"=?
Hibernate: update "matchh" set "away_id"=?,"away_formation_id"=?,"away_score"=?,"date"=?,"finish"=?,"home_id"=?,"home_formation_id"=?,"home_score"=?,"last"=?,"round_id"=?,"spectators"=?,"match_id"=?,"status"=? where "id"=?
Hibernate: update "matchh" set "away_id"=?,"away_formation_id"=?,"away_score"=?,"date"=?,"finish"=?,"home_id"=?,"home_formation_id"=?,"home_score"=?,"last"=?,"round_id"=?,"spectators"=?,"match_id"=?,"status"=? where "id"=?
Hibernate: update "matchh" set "away_id"=?,"away_formation_id"=?,"away_score"=?,"date"=?,"finish"=?,"home_id"=?,"home_formation_id"=?,"home_score"=?,"last"=?,"round_id"=?,"spectators"=?,"match_id"=?,"status"=? where "id"=?
Hibernate: update "matchh" set "away_id"=?,"away_formation_id"=?,"away_score"=?,"date"=?,"finish"=?,"home_id"=?,"home_formation_id"=?,"home_score"=?,"last"=?,"round_id"=?,"spectators"=?,"match_id"=?,"status"=? where "id"=?
Hibernate: update "matchh" set "away_id"=?,"away_formation_id"=?,"away_score"=?,"date"=?,"finish"=?,"home_id"=?,"home_formation_id"=?,"home_score"=?,"last"=?,"round_id"=?,"spectators"=?,"match_id"=?,"status"=? where "id"=?
Hibernate: update "matchh" set "away_id"=?,"away_formation_id"=?,"away_score"=?,"date"=?,"finish"=?,"home_id"=?,"home_formation_id"=?,"home_score"=?,"last"=?,"round_id"=?,"spectators"=?,"match_id"=?,"status"=? where "id"=?
Hibernate: update "matchh" set "away_id"=?,"away_formation_id"=?,"away_score"=?,"date"=?,"finish"=?,"home_id"=?,"home_formation_id"=?,"home_score"=?,"last"=?,"round_id"=?,"spectators"=?,"match_id"=?,"status"=? where "id"=?
Hibernate: update "matchh" set "away_id"=?,"away_formation_id"=?,"away_score"=?,"date"=?,"finish"=?,"home_id"=?,"home_formation_id"=?,"home_score"=?,"last"=?,"round_id"=?,"spectators"=?,"match_id"=?,"status"=? where "id"=?
Hibernate: update "matchh" set "away_id"=?,"away_formation_id"=?,"away_score"=?,"date"=?,"finish"=?,"home_id"=?,"home_formation_id"=?,"home_score"=?,"last"=?,"round_id"=?,"spectators"=?,"match_id"=?,"status"=? where "id"=?
Hibernate: update "matchh" set "away_id"=?,"away_formation_id"=?,"away_score"=?,"date"=?,"finish"=?,"home_id"=?,"home_formation_id"=?,"home_score"=?,"last"=?,"round_id"=?,"spectators"=?,"match_id"=?,"status"=? where "id"=?
Hibernate: update "matchh" set "away_id"=?,"away_formation_id"=?,"away_score"=?,"date"=?,"finish"=?,"home_id"=?,"home_formation_id"=?,"home_score"=?,"last"=?,"round_id"=?,"spectators"=?,"match_id"=?,"status"=? where "id"=?
Hibernate: update "matchh" set "away_id"=?,"away_formation_id"=?,"away_score"=?,"date"=?,"finish"=?,"home_id"=?,"home_formation_id"=?,"home_score"=?,"last"=?,"round_id"=?,"spectators"=?,"match_id"=?,"status"=? where "id"=?
Hibernate: update "matchh" set "away_id"=?,"away_formation_id"=?,"away_score"=?,"date"=?,"finish"=?,"home_id"=?,"home_formation_id"=?,"home_score"=?,"last"=?,"round_id"=?,"spectators"=?,"match_id"=?,"status"=? where "id"=?
Hibernate: update "matchh" set "away_id"=?,"away_formation_id"=?,"away_score"=?,"date"=?,"finish"=?,"home_id"=?,"home_formation_id"=?,"home_score"=?,"last"=?,"round_id"=?,"spectators"=?,"match_id"=?,"status"=? where "id"=?
Hibernate: update "matchh" set "away_id"=?,"away_formation_id"=?,"away_score"=?,"date"=?,"finish"=?,"home_id"=?,"home_formation_id"=?,"home_score"=?,"last"=?,"round_id"=?,"spectators"=?,"match_id"=?,"status"=? where "id"=?
Hibernate: update "matchh" set "away_id"=?,"away_formation_id"=?,"away_score"=?,"date"=?,"finish"=?,"home_id"=?,"home_formation_id"=?,"home_score"=?,"last"=?,"round_id"=?,"spectators"=?,"match_id"=?,"status"=? where "id"=?
Hibernate: update "matchh" set "away_id"=?,"away_formation_id"=?,"away_score"=?,"date"=?,"finish"=?,"home_id"=?,"home_formation_id"=?,"home_score"=?,"last"=?,"round_id"=?,"spectators"=?,"match_id"=?,"status"=? where "id"=?
Hibernate: update "matchh" set "away_id"=?,"away_formation_id"=?,"away_score"=?,"date"=?,"finish"=?,"home_id"=?,"home_formation_id"=?,"home_score"=?,"last"=?,"round_id"=?,"spectators"=?,"match_id"=?,"status"=? where "id"=?
Hibernate: update "matchh" set "away_id"=?,"away_formation_id"=?,"away_score"=?,"date"=?,"finish"=?,"home_id"=?,"home_formation_id"=?,"home_score"=?,"last"=?,"round_id"=?,"spectators"=?,"match_id"=?,"status"=? where "id"=?
Hibernate: update "matchh" set "away_id"=?,"away_formation_id"=?,"away_score"=?,"date"=?,"finish"=?,"home_id"=?,"home_formation_id"=?,"home_score"=?,"last"=?,"round_id"=?,"spectators"=?,"match_id"=?,"status"=? where "id"=?
Hibernate: update "matchh" set "away_id"=?,"away_formation_id"=?,"away_score"=?,"date"=?,"finish"=?,"home_id"=?,"home_formation_id"=?,"home_score"=?,"last"=?,"round_id"=?,"spectators"=?,"match_id"=?,"status"=? where "id"=?
Hibernate: update "matchh" set "away_id"=?,"away_formation_id"=?,"away_score"=?,"date"=?,"finish"=?,"home_id"=?,"home_formation_id"=?,"home_score"=?,"last"=?,"round_id"=?,"spectators"=?,"match_id"=?,"status"=? where "id"=?
Hibernate: update "matchh" set "away_id"=?,"away_formation_id"=?,"away_score"=?,"date"=?,"finish"=?,"home_id"=?,"home_formation_id"=?,"home_score"=?,"last"=?,"round_id"=?,"spectators"=?,"match_id"=?,"status"=? where "id"=?
Hibernate: update "matchh" set "away_id"=?,"away_formation_id"=?,"away_score"=?,"date"=?,"finish"=?,"home_id"=?,"home_formation_id"=?,"home_score"=?,"last"=?,"round_id"=?,"spectators"=?,"match_id"=?,"status"=? where "id"=?
Hibernate: update "matchh" set "away_id"=?,"away_formation_id"=?,"away_score"=?,"date"=?,"finish"=?,"home_id"=?,"home_formation_id"=?,"home_score"=?,"last"=?,"round_id"=?,"spectators"=?,"match_id"=?,"status"=? where "id"=?
Hibernate: update "matchh" set "away_id"=?,"away_formation_id"=?,"away_score"=?,"date"=?,"finish"=?,"home_id"=?,"home_formation_id"=?,"home_score"=?,"last"=?,"round_id"=?,"spectators"=?,"match_id"=?,"status"=? where "id"=?
Hibernate: update "matchh" set "away_id"=?,"away_formation_id"=?,"away_score"=?,"date"=?,"finish"=?,"home_id"=?,"home_formation_id"=?,"home_score"=?,"last"=?,"round_id"=?,"spectators"=?,"match_id"=?,"status"=? where "id"=?
Hibernate: update "matchh" set "away_id"=?,"away_formation_id"=?,"away_score"=?,"date"=?,"finish"=?,"home_id"=?,"home_formation_id"=?,"home_score"=?,"last"=?,"round_id"=?,"spectators"=?,"match_id"=?,"status"=? where "id"=?
Hibernate: update "matchh" set "away_id"=?,"away_formation_id"=?,"away_score"=?,"date"=?,"finish"=?,"home_id"=?,"home_formation_id"=?,"home_score"=?,"last"=?,"round_id"=?,"spectators"=?,"match_id"=?,"status"=? where "id"=?
Hibernate: update "matchh" set "away_id"=?,"away_formation_id"=?,"away_score"=?,"date"=?,"finish"=?,"home_id"=?,"home_formation_id"=?,"home_score"=?,"last"=?,"round_id"=?,"spectators"=?,"match_id"=?,"status"=? where "id"=?
Hibernate: update "matchh" set "away_id"=?,"away_formation_id"=?,"away_score"=?,"date"=?,"finish"=?,"home_id"=?,"home_formation_id"=?,"home_score"=?,"last"=?,"round_id"=?,"spectators"=?,"match_id"=?,"status"=? where "id"=?
Hibernate: update "matchh" set "away_id"=?,"away_formation_id"=?,"away_score"=?,"date"=?,"finish"=?,"home_id"=?,"home_formation_id"=?,"home_score"=?,"last"=?,"round_id"=?,"spectators"=?,"match_id"=?,"status"=? where "id"=?
Hibernate: update "matchh" set "away_id"=?,"away_formation_id"=?,"away_score"=?,"date"=?,"finish"=?,"home_id"=?,"home_formation_id"=?,"home_score"=?,"last"=?,"round_id"=?,"spectators"=?,"match_id"=?,"status"=? where "id"=?
Hibernate: update "matchh" set "away_id"=?,"away_formation_id"=?,"away_score"=?,"date"=?,"finish"=?,"home_id"=?,"home_formation_id"=?,"home_score"=?,"last"=?,"round_id"=?,"spectators"=?,"match_id"=?,"status"=? where "id"=?
Hibernate: update "matchh" set "away_id"=?,"away_formation_id"=?,"away_score"=?,"date"=?,"finish"=?,"home_id"=?,"home_formation_id"=?,"home_score"=?,"last"=?,"round_id"=?,"spectators"=?,"match_id"=?,"status"=? where "id"=?
Hibernate: update "matchh" set "away_id"=?,"away_formation_id"=?,"away_score"=?,"date"=?,"finish"=?,"home_id"=?,"home_formation_id"=?,"home_score"=?,"last"=?,"round_id"=?,"spectators"=?,"match_id"=?,"status"=? where "id"=?
Hibernate: update "matchh" set "away_id"=?,"away_formation_id"=?,"away_score"=?,"date"=?,"finish"=?,"home_id"=?,"home_formation_id"=?,"home_score"=?,"last"=?,"round_id"=?,"spectators"=?,"match_id"=?,"status"=? where "id"=?
Hibernate: update "matchh" set "away_id"=?,"away_formation_id"=?,"away_score"=?,"date"=?,"finish"=?,"home_id"=?,"home_formation_id"=?,"home_score"=?,"last"=?,"round_id"=?,"spectators"=?,"match_id"=?,"status"=? where "id"=?
Hibernate: update "matchh" set "away_id"=?,"away_formation_id"=?,"away_score"=?,"date"=?,"finish"=?,"home_id"=?,"home_formation_id"=?,"home_score"=?,"last"=?,"round_id"=?,"spectators"=?,"match_id"=?,"status"=? where "id"=?
Hibernate: update "matchh" set "away_id"=?,"away_formation_id"=?,"away_score"=?,"date"=?,"finish"=?,"home_id"=?,"home_formation_id"=?,"home_score"=?,"last"=?,"round_id"=?,"spectators"=?,"match_id"=?,"status"=? where "id"=?
Hibernate: update "matchh" set "away_id"=?,"away_formation_id"=?,"away_score"=?,"date"=?,"finish"=?,"home_id"=?,"home_formation_id"=?,"home_score"=?,"last"=?,"round_id"=?,"spectators"=?,"match_id"=?,"status"=? where "id"=?
Hibernate: update "matchh" set "away_id"=?,"away_formation_id"=?,"away_score"=?,"date"=?,"finish"=?,"home_id"=?,"home_formation_id"=?,"home_score"=?,"last"=?,"round_id"=?,"spectators"=?,"match_id"=?,"status"=? where "id"=?
Hibernate: update "matchh" set "away_id"=?,"away_formation_id"=?,"away_score"=?,"date"=?,"finish"=?,"home_id"=?,"home_formation_id"=?,"home_score"=?,"last"=?,"round_id"=?,"spectators"=?,"match_id"=?,"status"=? where "id"=?
Hibernate: update "matchh" set "away_id"=?,"away_formation_id"=?,"away_score"=?,"date"=?,"finish"=?,"home_id"=?,"home_formation_id"=?,"home_score"=?,"last"=?,"round_id"=?,"spectators"=?,"match_id"=?,"status"=? where "id"=?
Hibernate: update "matchh" set "away_id"=?,"away_formation_id"=?,"away_score"=?,"date"=?,"finish"=?,"home_id"=?,"home_formation_id"=?,"home_score"=?,"last"=?,"round_id"=?,"spectators"=?,"match_id"=?,"status"=? where "id"=?
Hibernate: update "matchh" set "away_id"=?,"away_formation_id"=?,"away_score"=?,"date"=?,"finish"=?,"home_id"=?,"home_formation_id"=?,"home_score"=?,"last"=?,"round_id"=?,"spectators"=?,"match_id"=?,"status"=? where "id"=?
Hibernate: update "matchh" set "away_id"=?,"away_formation_id"=?,"away_score"=?,"date"=?,"finish"=?,"home_id"=?,"home_formation_id"=?,"home_score"=?,"last"=?,"round_id"=?,"spectators"=?,"match_id"=?,"status"=? where "id"=?
Hibernate: update "matchh" set "away_id"=?,"away_formation_id"=?,"away_score"=?,"date"=?,"finish"=?,"home_id"=?,"home_formation_id"=?,"home_score"=?,"last"=?,"round_id"=?,"spectators"=?,"match_id"=?,"status"=? where "id"=?
Hibernate: update "matchh" set "away_id"=?,"away_formation_id"=?,"away_score"=?,"date"=?,"finish"=?,"home_id"=?,"home_formation_id"=?,"home_score"=?,"last"=?,"round_id"=?,"spectators"=?,"match_id"=?,"status"=? where "id"=?
Hibernate: update "matchh" set "away_id"=?,"away_formation_id"=?,"away_score"=?,"date"=?,"finish"=?,"home_id"=?,"home_formation_id"=?,"home_score"=?,"last"=?,"round_id"=?,"spectators"=?,"match_id"=?,"status"=? where "id"=?
Hibernate: update "matchh" set "away_id"=?,"away_formation_id"=?,"away_score"=?,"date"=?,"finish"=?,"home_id"=?,"home_formation_id"=?,"home_score"=?,"last"=?,"round_id"=?,"spectators"=?,"match_id"=?,"status"=? where "id"=?
Hibernate: update "matchh" set "away_id"=?,"away_formation_id"=?,"away_score"=?,"date"=?,"finish"=?,"home_id"=?,"home_formation_id"=?,"home_score"=?,"last"=?,"round_id"=?,"spectators"=?,"match_id"=?,"status"=? where "id"=?
Hibernate: update "matchh" set "away_id"=?,"away_formation_id"=?,"away_score"=?,"date"=?,"finish"=?,"home_id"=?,"home_formation_id"=?,"home_score"=?,"last"=?,"round_id"=?,"spectators"=?,"match_id"=?,"status"=? where "id"=?
Hibernate: update "matchh" set "away_id"=?,"away_formation_id"=?,"away_score"=?,"date"=?,"finish"=?,"home_id"=?,"home_formation_id"=?,"home_score"=?,"last"=?,"round_id"=?,"spectators"=?,"match_id"=?,"status"=? where "id"=?
Hibernate: update "matchh" set "away_id"=?,"away_formation_id"=?,"away_score"=?,"date"=?,"finish"=?,"home_id"=?,"home_formation_id"=?,"home_score"=?,"last"=?,"round_id"=?,"spectators"=?,"match_id"=?,"status"=? where "id"=?
Hibernate: update "matchh" set "away_id"=?,"away_formation_id"=?,"away_score"=?,"date"=?,"finish"=?,"home_id"=?,"home_formation_id"=?,"home_score"=?,"last"=?,"round_id"=?,"spectators"=?,"match_id"=?,"status"=? where "id"=?
Hibernate: update "matchh" set "away_id"=?,"away_formation_id"=?,"away_score"=?,"date"=?,"finish"=?,"home_id"=?,"home_formation_id"=?,"home_score"=?,"last"=?,"round_id"=?,"spectators"=?,"match_id"=?,"status"=? where "id"=?
Hibernate: update "matchh" set "away_id"=?,"away_formation_id"=?,"away_score"=?,"date"=?,"finish"=?,"home_id"=?,"home_formation_id"=?,"home_score"=?,"last"=?,"round_id"=?,"spectators"=?,"match_id"=?,"status"=? where "id"=?
Hibernate: update "matchh" set "away_id"=?,"away_formation_id"=?,"away_score"=?,"date"=?,"finish"=?,"home_id"=?,"home_formation_id"=?,"home_score"=?,"last"=?,"round_id"=?,"spectators"=?,"match_id"=?,"status"=? where "id"=?
Hibernate: update "matchh" set "away_id"=?,"away_formation_id"=?,"away_score"=?,"date"=?,"finish"=?,"home_id"=?,"home_formation_id"=?,"home_score"=?,"last"=?,"round_id"=?,"spectators"=?,"match_id"=?,"status"=? where "id"=?
Hibernate: update "matchh" set "away_id"=?,"away_formation_id"=?,"away_score"=?,"date"=?,"finish"=?,"home_id"=?,"home_formation_id"=?,"home_score"=?,"last"=?,"round_id"=?,"spectators"=?,"match_id"=?,"status"=? where "id"=?
Hibernate: update "matchh" set "away_id"=?,"away_formation_id"=?,"away_score"=?,"date"=?,"finish"=?,"home_id"=?,"home_formation_id"=?,"home_score"=?,"last"=?,"round_id"=?,"spectators"=?,"match_id"=?,"status"=? where "id"=?
Hibernate: update "matchh" set "away_id"=?,"away_formation_id"=?,"away_score"=?,"date"=?,"finish"=?,"home_id"=?,"home_formation_id"=?,"home_score"=?,"last"=?,"round_id"=?,"spectators"=?,"match_id"=?,"status"=? where "id"=?
Hibernate: update "matchh" set "away_id"=?,"away_formation_id"=?,"away_score"=?,"date"=?,"finish"=?,"home_id"=?,"home_formation_id"=?,"home_score"=?,"last"=?,"round_id"=?,"spectators"=?,"match_id"=?,"status"=? where "id"=?
Hibernate: update "matchh" set "away_id"=?,"away_formation_id"=?,"away_score"=?,"date"=?,"finish"=?,"home_id"=?,"home_formation_id"=?,"home_score"=?,"last"=?,"round_id"=?,"spectators"=?,"match_id"=?,"status"=? where "id"=?
Hibernate: update "matchh" set "away_id"=?,"away_formation_id"=?,"away_score"=?,"date"=?,"finish"=?,"home_id"=?,"home_formation_id"=?,"home_score"=?,"last"=?,"round_id"=?,"spectators"=?,"match_id"=?,"status"=? where "id"=?
Hibernate: update "matchh" set "away_id"=?,"away_formation_id"=?,"away_score"=?,"date"=?,"finish"=?,"home_id"=?,"home_formation_id"=?,"home_score"=?,"last"=?,"round_id"=?,"spectators"=?,"match_id"=?,"status"=? where "id"=?
Hibernate: update "matchh" set "away_id"=?,"away_formation_id"=?,"away_score"=?,"date"=?,"finish"=?,"home_id"=?,"home_formation_id"=?,"home_score"=?,"last"=?,"round_id"=?,"spectators"=?,"match_id"=?,"status"=? where "id"=?
Hibernate: update "matchh" set "away_id"=?,"away_formation_id"=?,"away_score"=?,"date"=?,"finish"=?,"home_id"=?,"home_formation_id"=?,"home_score"=?,"last"=?,"round_id"=?,"spectators"=?,"match_id"=?,"status"=? where "id"=?
Hibernate: update "matchh" set "away_id"=?,"away_formation_id"=?,"away_score"=?,"date"=?,"finish"=?,"home_id"=?,"home_formation_id"=?,"home_score"=?,"last"=?,"round_id"=?,"spectators"=?,"match_id"=?,"status"=? where "id"=?
Hibernate: update "matchh" set "away_id"=?,"away_formation_id"=?,"away_score"=?,"date"=?,"finish"=?,"home_id"=?,"home_formation_id"=?,"home_score"=?,"last"=?,"round_id"=?,"spectators"=?,"match_id"=?,"status"=? where "id"=?
Hibernate: update "matchh" set "away_id"=?,"away_formation_id"=?,"away_score"=?,"date"=?,"finish"=?,"home_id"=?,"home_formation_id"=?,"home_score"=?,"last"=?,"round_id"=?,"spectators"=?,"match_id"=?,"status"=? where "id"=?
Hibernate: update "matchh" set "away_id"=?,"away_formation_id"=?,"away_score"=?,"date"=?,"finish"=?,"home_id"=?,"home_formation_id"=?,"home_score"=?,"last"=?,"round_id"=?,"spectators"=?,"match_id"=?,"status"=? where "id"=?
Hibernate: update "matchh" set "away_id"=?,"away_formation_id"=?,"away_score"=?,"date"=?,"finish"=?,"home_id"=?,"home_formation_id"=?,"home_score"=?,"last"=?,"round_id"=?,"spectators"=?,"match_id"=?,"status"=? where "id"=?
Hibernate: update "matchh" set "away_id"=?,"away_formation_id"=?,"away_score"=?,"date"=?,"finish"=?,"home_id"=?,"home_formation_id"=?,"home_score"=?,"last"=?,"round_id"=?,"spectators"=?,"match_id"=?,"status"=? where "id"=?
Hibernate: update "matchh" set "away_id"=?,"away_formation_id"=?,"away_score"=?,"date"=?,"finish"=?,"home_id"=?,"home_formation_id"=?,"home_score"=?,"last"=?,"round_id"=?,"spectators"=?,"match_id"=?,"status"=? where "id"=?
Hibernate: update "matchh" set "away_id"=?,"away_formation_id"=?,"away_score"=?,"date"=?,"finish"=?,"home_id"=?,"home_formation_id"=?,"home_score"=?,"last"=?,"round_id"=?,"spectators"=?,"match_id"=?,"status"=? where "id"=?
Hibernate: update "ranking" set "club_id"=?,"drawn"=?,"goal_against"=?,"goals_for"=?,"lost"=?,"played"=?,"points"=?,"season_id"=?,"won"=? where "id"=?
Hibernate: update "ranking" set "club_id"=?,"drawn"=?,"goal_against"=?,"goals_for"=?,"lost"=?,"played"=?,"points"=?,"season_id"=?,"won"=? where "id"=?
Hibernate: update "ranking" set "club_id"=?,"drawn"=?,"goal_against"=?,"goals_for"=?,"lost"=?,"played"=?,"points"=?,"season_id"=?,"won"=? where "id"=?
Hibernate: update "ranking" set "club_id"=?,"drawn"=?,"goal_against"=?,"goals_for"=?,"lost"=?,"played"=?,"points"=?,"season_id"=?,"won"=? where "id"=?
Hibernate: update "ranking" set "club_id"=?,"drawn"=?,"goal_against"=?,"goals_for"=?,"lost"=?,"played"=?,"points"=?,"season_id"=?,"won"=? where "id"=?
Hibernate: update "ranking" set "club_id"=?,"drawn"=?,"goal_against"=?,"goals_for"=?,"lost"=?,"played"=?,"points"=?,"season_id"=?,"won"=? where "id"=?
Hibernate: update "ranking" set "club_id"=?,"drawn"=?,"goal_against"=?,"goals_for"=?,"lost"=?,"played"=?,"points"=?,"season_id"=?,"won"=? where "id"=?
Hibernate: update "ranking" set "club_id"=?,"drawn"=?,"goal_against"=?,"goals_for"=?,"lost"=?,"played"=?,"points"=?,"season_id"=?,"won"=? where "id"=?
Hibernate: update "ranking" set "club_id"=?,"drawn"=?,"goal_against"=?,"goals_for"=?,"lost"=?,"played"=?,"points"=?,"season_id"=?,"won"=? where "id"=?
Hibernate: update "ranking" set "club_id"=?,"drawn"=?,"goal_against"=?,"goals_for"=?,"lost"=?,"played"=?,"points"=?,"season_id"=?,"won"=? where "id"=?
Hibernate: update "matchh" set "away_id"=?,"away_formation_id"=?,"away_score"=?,"date"=?,"finish"=?,"home_id"=?,"home_formation_id"=?,"home_score"=?,"last"=?,"round_id"=?,"spectators"=?,"match_id"=?,"status"=? where "id"=?
Hibernate: update "matchh" set "away_id"=?,"away_formation_id"=?,"away_score"=?,"date"=?,"finish"=?,"home_id"=?,"home_formation_id"=?,"home_score"=?,"last"=?,"round_id"=?,"spectators"=?,"match_id"=?,"status"=? where "id"=?
Hibernate: update "matchh" set "away_id"=?,"away_formation_id"=?,"away_score"=?,"date"=?,"finish"=?,"home_id"=?,"home_formation_id"=?,"home_score"=?,"last"=?,"round_id"=?,"spectators"=?,"match_id"=?,"status"=? where "id"=?
Hibernate: update "matchh" set "away_id"=?,"away_formation_id"=?,"away_score"=?,"date"=?,"finish"=?,"home_id"=?,"home_formation_id"=?,"home_score"=?,"last"=?,"round_id"=?,"spectators"=?,"match_id"=?,"status"=? where "id"=?
Hibernate: update "matchh" set "away_id"=?,"away_formation_id"=?,"away_score"=?,"date"=?,"finish"=?,"home_id"=?,"home_formation_id"=?,"home_score"=?,"last"=?,"round_id"=?,"spectators"=?,"match_id"=?,"status"=? where "id"=?
Hibernate: update "matchh" set "away_id"=?,"away_formation_id"=?,"away_score"=?,"date"=?,"finish"=?,"home_id"=?,"home_formation_id"=?,"home_score"=?,"last"=?,"round_id"=?,"spectators"=?,"match_id"=?,"status"=? where "id"=?
Hibernate: update "matchh" set "away_id"=?,"away_formation_id"=?,"away_score"=?,"date"=?,"finish"=?,"home_id"=?,"home_formation_id"=?,"home_score"=?,"last"=?,"round_id"=?,"spectators"=?,"match_id"=?,"status"=? where "id"=?
Hibernate: update "matchh" set "away_id"=?,"away_formation_id"=?,"away_score"=?,"date"=?,"finish"=?,"home_id"=?,"home_formation_id"=?,"home_score"=?,"last"=?,"round_id"=?,"spectators"=?,"match_id"=?,"status"=? where "id"=?
Hibernate: update "matchh" set "away_id"=?,"away_formation_id"=?,"away_score"=?,"date"=?,"finish"=?,"home_id"=?,"home_formation_id"=?,"home_score"=?,"last"=?,"round_id"=?,"spectators"=?,"match_id"=?,"status"=? where "id"=?
Hibernate: update "matchh" set "away_id"=?,"away_formation_id"=?,"away_score"=?,"date"=?,"finish"=?,"home_id"=?,"home_formation_id"=?,"home_score"=?,"last"=?,"round_id"=?,"spectators"=?,"match_id"=?,"status"=? where "id"=?
Hibernate: update "matchh" set "away_id"=?,"away_formation_id"=?,"away_score"=?,"date"=?,"finish"=?,"home_id"=?,"home_formation_id"=?,"home_score"=?,"last"=?,"round_id"=?,"spectators"=?,"match_id"=?,"status"=? where "id"=?
Hibernate: update "matchh" set "away_id"=?,"away_formation_id"=?,"away_score"=?,"date"=?,"finish"=?,"home_id"=?,"home_formation_id"=?,"home_score"=?,"last"=?,"round_id"=?,"spectators"=?,"match_id"=?,"status"=? where "id"=?
Hibernate: update "matchh" set "away_id"=?,"away_formation_id"=?,"away_score"=?,"date"=?,"finish"=?,"home_id"=?,"home_formation_id"=?,"home_score"=?,"last"=?,"round_id"=?,"spectators"=?,"match_id"=?,"status"=? where "id"=?
Hibernate: update "matchh" set "away_id"=?,"away_formation_id"=?,"away_score"=?,"date"=?,"finish"=?,"home_id"=?,"home_formation_id"=?,"home_score"=?,"last"=?,"round_id"=?,"spectators"=?,"match_id"=?,"status"=? where "id"=?
Hibernate: update "matchh" set "away_id"=?,"away_formation_id"=?,"away_score"=?,"date"=?,"finish"=?,"home_id"=?,"home_formation_id"=?,"home_score"=?,"last"=?,"round_id"=?,"spectators"=?,"match_id"=?,"status"=? where "id"=?
Hibernate: update "matchh" set "away_id"=?,"away_formation_id"=?,"away_score"=?,"date"=?,"finish"=?,"home_id"=?,"home_formation_id"=?,"home_score"=?,"last"=?,"round_id"=?,"spectators"=?,"match_id"=?,"status"=? where "id"=?
Hibernate: update "matchh" set "away_id"=?,"away_formation_id"=?,"away_score"=?,"date"=?,"finish"=?,"home_id"=?,"home_formation_id"=?,"home_score"=?,"last"=?,"round_id"=?,"spectators"=?,"match_id"=?,"status"=? where "id"=?
Hibernate: update "matchh" set "away_id"=?,"away_formation_id"=?,"away_score"=?,"date"=?,"finish"=?,"home_id"=?,"home_formation_id"=?,"home_score"=?,"last"=?,"round_id"=?,"spectators"=?,"match_id"=?,"status"=? where "id"=?
Hibernate: update "matchh" set "away_id"=?,"away_formation_id"=?,"away_score"=?,"date"=?,"finish"=?,"home_id"=?,"home_formation_id"=?,"home_score"=?,"last"=?,"round_id"=?,"spectators"=?,"match_id"=?,"status"=? where "id"=?
Hibernate: update "matchh" set "away_id"=?,"away_formation_id"=?,"away_score"=?,"date"=?,"finish"=?,"home_id"=?,"home_formation_id"=?,"home_score"=?,"last"=?,"round_id"=?,"spectators"=?,"match_id"=?,"status"=? where "id"=?
Hibernate: update "matchh" set "away_id"=?,"away_formation_id"=?,"away_score"=?,"date"=?,"finish"=?,"home_id"=?,"home_formation_id"=?,"home_score"=?,"last"=?,"round_id"=?,"spectators"=?,"match_id"=?,"status"=? where "id"=?
Hibernate: update "matchh" set "away_id"=?,"away_formation_id"=?,"away_score"=?,"date"=?,"finish"=?,"home_id"=?,"home_formation_id"=?,"home_score"=?,"last"=?,"round_id"=?,"spectators"=?,"match_id"=?,"status"=? where "id"=?
Hibernate: update "matchh" set "away_id"=?,"away_formation_id"=?,"away_score"=?,"date"=?,"finish"=?,"home_id"=?,"home_formation_id"=?,"home_score"=?,"last"=?,"round_id"=?,"spectators"=?,"match_id"=?,"status"=? where "id"=?
Hibernate: update "matchh" set "away_id"=?,"away_formation_id"=?,"away_score"=?,"date"=?,"finish"=?,"home_id"=?,"home_formation_id"=?,"home_score"=?,"last"=?,"round_id"=?,"spectators"=?,"match_id"=?,"status"=? where "id"=?
Hibernate: update "matchh" set "away_id"=?,"away_formation_id"=?,"away_score"=?,"date"=?,"finish"=?,"home_id"=?,"home_formation_id"=?,"home_score"=?,"last"=?,"round_id"=?,"spectators"=?,"match_id"=?,"status"=? where "id"=?
Hibernate: update "matchh" set "away_id"=?,"away_formation_id"=?,"away_score"=?,"date"=?,"finish"=?,"home_id"=?,"home_formation_id"=?,"home_score"=?,"last"=?,"round_id"=?,"spectators"=?,"match_id"=?,"status"=? where "id"=?
Hibernate: update "matchh" set "away_id"=?,"away_formation_id"=?,"away_score"=?,"date"=?,"finish"=?,"home_id"=?,"home_formation_id"=?,"home_score"=?,"last"=?,"round_id"=?,"spectators"=?,"match_id"=?,"status"=? where "id"=?
Hibernate: update "matchh" set "away_id"=?,"away_formation_id"=?,"away_score"=?,"date"=?,"finish"=?,"home_id"=?,"home_formation_id"=?,"home_score"=?,"last"=?,"round_id"=?,"spectators"=?,"match_id"=?,"status"=? where "id"=?
Hibernate: update "matchh" set "away_id"=?,"away_formation_id"=?,"away_score"=?,"date"=?,"finish"=?,"home_id"=?,"home_formation_id"=?,"home_score"=?,"last"=?,"round_id"=?,"spectators"=?,"match_id"=?,"status"=? where "id"=?
Hibernate: update "matchh" set "away_id"=?,"away_formation_id"=?,"away_score"=?,"date"=?,"finish"=?,"home_id"=?,"home_formation_id"=?,"home_score"=?,"last"=?,"round_id"=?,"spectators"=?,"match_id"=?,"status"=? where "id"=?
Hibernate: update "matchh" set "away_id"=?,"away_formation_id"=?,"away_score"=?,"date"=?,"finish"=?,"home_id"=?,"home_formation_id"=?,"home_score"=?,"last"=?,"round_id"=?,"spectators"=?,"match_id"=?,"status"=? where "id"=?
Hibernate: update "matchh" set "away_id"=?,"away_formation_id"=?,"away_score"=?,"date"=?,"finish"=?,"home_id"=?,"home_formation_id"=?,"home_score"=?,"last"=?,"round_id"=?,"spectators"=?,"match_id"=?,"status"=? where "id"=?
Hibernate: update "matchh" set "away_id"=?,"away_formation_id"=?,"away_score"=?,"date"=?,"finish"=?,"home_id"=?,"home_formation_id"=?,"home_score"=?,"last"=?,"round_id"=?,"spectators"=?,"match_id"=?,"status"=? where "id"=?
Hibernate: update "matchh" set "away_id"=?,"away_formation_id"=?,"away_score"=?,"date"=?,"finish"=?,"home_id"=?,"home_formation_id"=?,"home_score"=?,"last"=?,"round_id"=?,"spectators"=?,"match_id"=?,"status"=? where "id"=?
Hibernate: update "matchh" set "away_id"=?,"away_formation_id"=?,"away_score"=?,"date"=?,"finish"=?,"home_id"=?,"home_formation_id"=?,"home_score"=?,"last"=?,"round_id"=?,"spectators"=?,"match_id"=?,"status"=? where "id"=?
Hibernate: update "matchh" set "away_id"=?,"away_formation_id"=?,"away_score"=?,"date"=?,"finish"=?,"home_id"=?,"home_formation_id"=?,"home_score"=?,"last"=?,"round_id"=?,"spectators"=?,"match_id"=?,"status"=? where "id"=?
Hibernate: update "matchh" set "away_id"=?,"away_formation_id"=?,"away_score"=?,"date"=?,"finish"=?,"home_id"=?,"home_formation_id"=?,"home_score"=?,"last"=?,"round_id"=?,"spectators"=?,"match_id"=?,"status"=? where "id"=?
Hibernate: update "matchh" set "away_id"=?,"away_formation_id"=?,"away_score"=?,"date"=?,"finish"=?,"home_id"=?,"home_formation_id"=?,"home_score"=?,"last"=?,"round_id"=?,"spectators"=?,"match_id"=?,"status"=? where "id"=?
Hibernate: update "matchh" set "away_id"=?,"away_formation_id"=?,"away_score"=?,"date"=?,"finish"=?,"home_id"=?,"home_formation_id"=?,"home_score"=?,"last"=?,"round_id"=?,"spectators"=?,"match_id"=?,"status"=? where "id"=?
Hibernate: update "matchh" set "away_id"=?,"away_formation_id"=?,"away_score"=?,"date"=?,"finish"=?,"home_id"=?,"home_formation_id"=?,"home_score"=?,"last"=?,"round_id"=?,"spectators"=?,"match_id"=?,"status"=? where "id"=?
Hibernate: update "matchh" set "away_id"=?,"away_formation_id"=?,"away_score"=?,"date"=?,"finish"=?,"home_id"=?,"home_formation_id"=?,"home_score"=?,"last"=?,"round_id"=?,"spectators"=?,"match_id"=?,"status"=? where "id"=?
Hibernate: update "matchh" set "away_id"=?,"away_formation_id"=?,"away_score"=?,"date"=?,"finish"=?,"home_id"=?,"home_formation_id"=?,"home_score"=?,"last"=?,"round_id"=?,"spectators"=?,"match_id"=?,"status"=? where "id"=?
Hibernate: update "matchh" set "away_id"=?,"away_formation_id"=?,"away_score"=?,"date"=?,"finish"=?,"home_id"=?,"home_formation_id"=?,"home_score"=?,"last"=?,"round_id"=?,"spectators"=?,"match_id"=?,"status"=? where "id"=?
Hibernate: update "matchh" set "away_id"=?,"away_formation_id"=?,"away_score"=?,"date"=?,"finish"=?,"home_id"=?,"home_formation_id"=?,"home_score"=?,"last"=?,"round_id"=?,"spectators"=?,"match_id"=?,"status"=? where "id"=?
Hibernate: update "matchh" set "away_id"=?,"away_formation_id"=?,"away_score"=?,"date"=?,"finish"=?,"home_id"=?,"home_formation_id"=?,"home_score"=?,"last"=?,"round_id"=?,"spectators"=?,"match_id"=?,"status"=? where "id"=?
Hibernate: update "matchh" set "away_id"=?,"away_formation_id"=?,"away_score"=?,"date"=?,"finish"=?,"home_id"=?,"home_formation_id"=?,"home_score"=?,"last"=?,"round_id"=?,"spectators"=?,"match_id"=?,"status"=? where "id"=?
Hibernate: update "matchh" set "away_id"=?,"away_formation_id"=?,"away_score"=?,"date"=?,"finish"=?,"home_id"=?,"home_formation_id"=?,"home_score"=?,"last"=?,"round_id"=?,"spectators"=?,"match_id"=?,"status"=? where "id"=?
Hibernate: update "matchh" set "away_id"=?,"away_formation_id"=?,"away_score"=?,"date"=?,"finish"=?,"home_id"=?,"home_formation_id"=?,"home_score"=?,"last"=?,"round_id"=?,"spectators"=?,"match_id"=?,"status"=? where "id"=?
Hibernate: update "matchh" set "away_id"=?,"away_formation_id"=?,"away_score"=?,"date"=?,"finish"=?,"home_id"=?,"home_formation_id"=?,"home_score"=?,"last"=?,"round_id"=?,"spectators"=?,"match_id"=?,"status"=? where "id"=?
Hibernate: update "matchh" set "away_id"=?,"away_formation_id"=?,"away_score"=?,"date"=?,"finish"=?,"home_id"=?,"home_formation_id"=?,"home_score"=?,"last"=?,"round_id"=?,"spectators"=?,"match_id"=?,"status"=? where "id"=?
Hibernate: update "matchh" set "away_id"=?,"away_formation_id"=?,"away_score"=?,"date"=?,"finish"=?,"home_id"=?,"home_formation_id"=?,"home_score"=?,"last"=?,"round_id"=?,"spectators"=?,"match_id"=?,"status"=? where "id"=?
Hibernate: update "matchh" set "away_id"=?,"away_formation_id"=?,"away_score"=?,"date"=?,"finish"=?,"home_id"=?,"home_formation_id"=?,"home_score"=?,"last"=?,"round_id"=?,"spectators"=?,"match_id"=?,"status"=? where "id"=?
Hibernate: update "matchh" set "away_id"=?,"away_formation_id"=?,"away_score"=?,"date"=?,"finish"=?,"home_id"=?,"home_formation_id"=?,"home_score"=?,"last"=?,"round_id"=?,"spectators"=?,"match_id"=?,"status"=? where "id"=?
Hibernate: update "matchh" set "away_id"=?,"away_formation_id"=?,"away_score"=?,"date"=?,"finish"=?,"home_id"=?,"home_formation_id"=?,"home_score"=?,"last"=?,"round_id"=?,"spectators"=?,"match_id"=?,"status"=? where "id"=?
Hibernate: update "matchh" set "away_id"=?,"away_formation_id"=?,"away_score"=?,"date"=?,"finish"=?,"home_id"=?,"home_formation_id"=?,"home_score"=?,"last"=?,"round_id"=?,"spectators"=?,"match_id"=?,"status"=? where "id"=?
Hibernate: update "matchh" set "away_id"=?,"away_formation_id"=?,"away_score"=?,"date"=?,"finish"=?,"home_id"=?,"home_formation_id"=?,"home_score"=?,"last"=?,"round_id"=?,"spectators"=?,"match_id"=?,"status"=? where "id"=?
Hibernate: update "matchh" set "away_id"=?,"away_formation_id"=?,"away_score"=?,"date"=?,"finish"=?,"home_id"=?,"home_formation_id"=?,"home_score"=?,"last"=?,"round_id"=?,"spectators"=?,"match_id"=?,"status"=? where "id"=?
Hibernate: update "matchh" set "away_id"=?,"away_formation_id"=?,"away_score"=?,"date"=?,"finish"=?,"home_id"=?,"home_formation_id"=?,"home_score"=?,"last"=?,"round_id"=?,"spectators"=?,"match_id"=?,"status"=? where "id"=?
Hibernate: update "matchh" set "away_id"=?,"away_formation_id"=?,"away_score"=?,"date"=?,"finish"=?,"home_id"=?,"home_formation_id"=?,"home_score"=?,"last"=?,"round_id"=?,"spectators"=?,"match_id"=?,"status"=? where "id"=?
Hibernate: update "matchh" set "away_id"=?,"away_formation_id"=?,"away_score"=?,"date"=?,"finish"=?,"home_id"=?,"home_formation_id"=?,"home_score"=?,"last"=?,"round_id"=?,"spectators"=?,"match_id"=?,"status"=? where "id"=?
Hibernate: update "matchh" set "away_id"=?,"away_formation_id"=?,"away_score"=?,"date"=?,"finish"=?,"home_id"=?,"home_formation_id"=?,"home_score"=?,"last"=?,"round_id"=?,"spectators"=?,"match_id"=?,"status"=? where "id"=?
Hibernate: update "matchh" set "away_id"=?,"away_formation_id"=?,"away_score"=?,"date"=?,"finish"=?,"home_id"=?,"home_formation_id"=?,"home_score"=?,"last"=?,"round_id"=?,"spectators"=?,"match_id"=?,"status"=? where "id"=?
Hibernate: update "matchh" set "away_id"=?,"away_formation_id"=?,"away_score"=?,"date"=?,"finish"=?,"home_id"=?,"home_formation_id"=?,"home_score"=?,"last"=?,"round_id"=?,"spectators"=?,"match_id"=?,"status"=? where "id"=?
Hibernate: update "matchh" set "away_id"=?,"away_formation_id"=?,"away_score"=?,"date"=?,"finish"=?,"home_id"=?,"home_formation_id"=?,"home_score"=?,"last"=?,"round_id"=?,"spectators"=?,"match_id"=?,"status"=? where "id"=?
Hibernate: update "matchh" set "away_id"=?,"away_formation_id"=?,"away_score"=?,"date"=?,"finish"=?,"home_id"=?,"home_formation_id"=?,"home_score"=?,"last"=?,"round_id"=?,"spectators"=?,"match_id"=?,"status"=? where "id"=?
Hibernate: update "matchh" set "away_id"=?,"away_formation_id"=?,"away_score"=?,"date"=?,"finish"=?,"home_id"=?,"home_formation_id"=?,"home_score"=?,"last"=?,"round_id"=?,"spectators"=?,"match_id"=?,"status"=? where "id"=?
Hibernate: update "matchh" set "away_id"=?,"away_formation_id"=?,"away_score"=?,"date"=?,"finish"=?,"home_id"=?,"home_formation_id"=?,"home_score"=?,"last"=?,"round_id"=?,"spectators"=?,"match_id"=?,"status"=? where "id"=?
Hibernate: update "matchh" set "away_id"=?,"away_formation_id"=?,"away_score"=?,"date"=?,"finish"=?,"home_id"=?,"home_formation_id"=?,"home_score"=?,"last"=?,"round_id"=?,"spectators"=?,"match_id"=?,"status"=? where "id"=?
Hibernate: update "matchh" set "away_id"=?,"away_formation_id"=?,"away_score"=?,"date"=?,"finish"=?,"home_id"=?,"home_formation_id"=?,"home_score"=?,"last"=?,"round_id"=?,"spectators"=?,"match_id"=?,"status"=? where "id"=?
Hibernate: update "matchh" set "away_id"=?,"away_formation_id"=?,"away_score"=?,"date"=?,"finish"=?,"home_id"=?,"home_formation_id"=?,"home_score"=?,"last"=?,"round_id"=?,"spectators"=?,"match_id"=?,"status"=? where "id"=?
Hibernate: update "matchh" set "away_id"=?,"away_formation_id"=?,"away_score"=?,"date"=?,"finish"=?,"home_id"=?,"home_formation_id"=?,"home_score"=?,"last"=?,"round_id"=?,"spectators"=?,"match_id"=?,"status"=? where "id"=?
Hibernate: update "matchh" set "away_id"=?,"away_formation_id"=?,"away_score"=?,"date"=?,"finish"=?,"home_id"=?,"home_formation_id"=?,"home_score"=?,"last"=?,"round_id"=?,"spectators"=?,"match_id"=?,"status"=? where "id"=?
Hibernate: update "matchh" set "away_id"=?,"away_formation_id"=?,"away_score"=?,"date"=?,"finish"=?,"home_id"=?,"home_formation_id"=?,"home_score"=?,"last"=?,"round_id"=?,"spectators"=?,"match_id"=?,"status"=? where "id"=?
Hibernate: update "matchh" set "away_id"=?,"away_formation_id"=?,"away_score"=?,"date"=?,"finish"=?,"home_id"=?,"home_formation_id"=?,"home_score"=?,"last"=?,"round_id"=?,"spectators"=?,"match_id"=?,"status"=? where "id"=?
Hibernate: update "matchh" set "away_id"=?,"away_formation_id"=?,"away_score"=?,"date"=?,"finish"=?,"home_id"=?,"home_formation_id"=?,"home_score"=?,"last"=?,"round_id"=?,"spectators"=?,"match_id"=?,"status"=? where "id"=?
Hibernate: update "matchh" set "away_id"=?,"away_formation_id"=?,"away_score"=?,"date"=?,"finish"=?,"home_id"=?,"home_formation_id"=?,"home_score"=?,"last"=?,"round_id"=?,"spectators"=?,"match_id"=?,"status"=? where "id"=?
Hibernate: update "matchh" set "away_id"=?,"away_formation_id"=?,"away_score"=?,"date"=?,"finish"=?,"home_id"=?,"home_formation_id"=?,"home_score"=?,"last"=?,"round_id"=?,"spectators"=?,"match_id"=?,"status"=? where "id"=?
Hibernate: update "matchh" set "away_id"=?,"away_formation_id"=?,"away_score"=?,"date"=?,"finish"=?,"home_id"=?,"home_formation_id"=?,"home_score"=?,"last"=?,"round_id"=?,"spectators"=?,"match_id"=?,"status"=? where "id"=?
Hibernate: update "matchh" set "away_id"=?,"away_formation_id"=?,"away_score"=?,"date"=?,"finish"=?,"home_id"=?,"home_formation_id"=?,"home_score"=?,"last"=?,"round_id"=?,"spectators"=?,"match_id"=?,"status"=? where "id"=?
Hibernate: update "matchh" set "away_id"=?,"away_formation_id"=?,"away_score"=?,"date"=?,"finish"=?,"home_id"=?,"home_formation_id"=?,"home_score"=?,"last"=?,"round_id"=?,"spectators"=?,"match_id"=?,"status"=? where "id"=?
Hibernate: update "matchh" set "away_id"=?,"away_formation_id"=?,"away_score"=?,"date"=?,"finish"=?,"home_id"=?,"home_formation_id"=?,"home_score"=?,"last"=?,"round_id"=?,"spectators"=?,"match_id"=?,"status"=? where "id"=?
Hibernate: update "matchh" set "away_id"=?,"away_formation_id"=?,"away_score"=?,"date"=?,"finish"=?,"home_id"=?,"home_formation_id"=?,"home_score"=?,"last"=?,"round_id"=?,"spectators"=?,"match_id"=?,"status"=? where "id"=?
Hibernate: update "matchh" set "away_id"=?,"away_formation_id"=?,"away_score"=?,"date"=?,"finish"=?,"home_id"=?,"home_formation_id"=?,"home_score"=?,"last"=?,"round_id"=?,"spectators"=?,"match_id"=?,"status"=? where "id"=?
Hibernate: update "matchh" set "away_id"=?,"away_formation_id"=?,"away_score"=?,"date"=?,"finish"=?,"home_id"=?,"home_formation_id"=?,"home_score"=?,"last"=?,"round_id"=?,"spectators"=?,"match_id"=?,"status"=? where "id"=?
Hibernate: update "matchh" set "away_id"=?,"away_formation_id"=?,"away_score"=?,"date"=?,"finish"=?,"home_id"=?,"home_formation_id"=?,"home_score"=?,"last"=?,"round_id"=?,"spectators"=?,"match_id"=?,"status"=? where "id"=?
Hibernate: update "matchh" set "away_id"=?,"away_formation_id"=?,"away_score"=?,"date"=?,"finish"=?,"home_id"=?,"home_formation_id"=?,"home_score"=?,"last"=?,"round_id"=?,"spectators"=?,"match_id"=?,"status"=? where "id"=?
Hibernate: update "matchh" set "away_id"=?,"away_formation_id"=?,"away_score"=?,"date"=?,"finish"=?,"home_id"=?,"home_formation_id"=?,"home_score"=?,"last"=?,"round_id"=?,"spectators"=?,"match_id"=?,"status"=? where "id"=?
Hibernate: update "matchh" set "away_id"=?,"away_formation_id"=?,"away_score"=?,"date"=?,"finish"=?,"home_id"=?,"home_formation_id"=?,"home_score"=?,"last"=?,"round_id"=?,"spectators"=?,"match_id"=?,"status"=? where "id"=?
Hibernate: update "matchh" set "away_id"=?,"away_formation_id"=?,"away_score"=?,"date"=?,"finish"=?,"home_id"=?,"home_formation_id"=?,"home_score"=?,"last"=?,"round_id"=?,"spectators"=?,"match_id"=?,"status"=? where "id"=?
Hibernate: update "matchh" set "away_id"=?,"away_formation_id"=?,"away_score"=?,"date"=?,"finish"=?,"home_id"=?,"home_formation_id"=?,"home_score"=?,"last"=?,"round_id"=?,"spectators"=?,"match_id"=?,"status"=? where "id"=?
Hibernate: update "ranking" set "club_id"=?,"drawn"=?,"goal_against"=?,"goals_for"=?,"lost"=?,"played"=?,"points"=?,"season_id"=?,"won"=? where "id"=?
Hibernate: update "ranking" set "club_id"=?,"drawn"=?,"goal_against"=?,"goals_for"=?,"lost"=?,"played"=?,"points"=?,"season_id"=?,"won"=? where "id"=?
Hibernate: update "ranking" set "club_id"=?,"drawn"=?,"goal_against"=?,"goals_for"=?,"lost"=?,"played"=?,"points"=?,"season_id"=?,"won"=? where "id"=?
Hibernate: update "ranking" set "club_id"=?,"drawn"=?,"goal_against"=?,"goals_for"=?,"lost"=?,"played"=?,"points"=?,"season_id"=?,"won"=? where "id"=?
Hibernate: update "ranking" set "club_id"=?,"drawn"=?,"goal_against"=?,"goals_for"=?,"lost"=?,"played"=?,"points"=?,"season_id"=?,"won"=? where "id"=?
Hibernate: update "ranking" set "club_id"=?,"drawn"=?,"goal_against"=?,"goals_for"=?,"lost"=?,"played"=?,"points"=?,"season_id"=?,"won"=? where "id"=?
Hibernate: update "ranking" set "club_id"=?,"drawn"=?,"goal_against"=?,"goals_for"=?,"lost"=?,"played"=?,"points"=?,"season_id"=?,"won"=? where "id"=?
Hibernate: update "ranking" set "club_id"=?,"drawn"=?,"goal_against"=?,"goals_for"=?,"lost"=?,"played"=?,"points"=?,"season_id"=?,"won"=? where "id"=?
Hibernate: update "ranking" set "club_id"=?,"drawn"=?,"goal_against"=?,"goals_for"=?,"lost"=?,"played"=?,"points"=?,"season_id"=?,"won"=? where "id"=?
Hibernate: update "ranking" set "club_id"=?,"drawn"=?,"goal_against"=?,"goals_for"=?,"lost"=?,"played"=?,"points"=?,"season_id"=?,"won"=? where "id"=?
Hibernate: update "matchh" set "away_id"=?,"away_formation_id"=?,"away_score"=?,"date"=?,"finish"=?,"home_id"=?,"home_formation_id"=?,"home_score"=?,"last"=?,"round_id"=?,"spectators"=?,"match_id"=?,"status"=? where "id"=?
Hibernate: update "matchh" set "away_id"=?,"away_formation_id"=?,"away_score"=?,"date"=?,"finish"=?,"home_id"=?,"home_formation_id"=?,"home_score"=?,"last"=?,"round_id"=?,"spectators"=?,"match_id"=?,"status"=? where "id"=?
Hibernate: update "matchh" set "away_id"=?,"away_formation_id"=?,"away_score"=?,"date"=?,"finish"=?,"home_id"=?,"home_formation_id"=?,"home_score"=?,"last"=?,"round_id"=?,"spectators"=?,"match_id"=?,"status"=? where "id"=?
Hibernate: update "matchh" set "away_id"=?,"away_formation_id"=?,"away_score"=?,"date"=?,"finish"=?,"home_id"=?,"home_formation_id"=?,"home_score"=?,"last"=?,"round_id"=?,"spectators"=?,"match_id"=?,"status"=? where "id"=?
Hibernate: update "matchh" set "away_id"=?,"away_formation_id"=?,"away_score"=?,"date"=?,"finish"=?,"home_id"=?,"home_formation_id"=?,"home_score"=?,"last"=?,"round_id"=?,"spectators"=?,"match_id"=?,"status"=? where "id"=?
Hibernate: update "matchh" set "away_id"=?,"away_formation_id"=?,"away_score"=?,"date"=?,"finish"=?,"home_id"=?,"home_formation_id"=?,"home_score"=?,"last"=?,"round_id"=?,"spectators"=?,"match_id"=?,"status"=? where "id"=?
Hibernate: update "matchh" set "away_id"=?,"away_formation_id"=?,"away_score"=?,"date"=?,"finish"=?,"home_id"=?,"home_formation_id"=?,"home_score"=?,"last"=?,"round_id"=?,"spectators"=?,"match_id"=?,"status"=? where "id"=?
Hibernate: update "matchh" set "away_id"=?,"away_formation_id"=?,"away_score"=?,"date"=?,"finish"=?,"home_id"=?,"home_formation_id"=?,"home_score"=?,"last"=?,"round_id"=?,"spectators"=?,"match_id"=?,"status"=? where "id"=?
Hibernate: update "matchh" set "away_id"=?,"away_formation_id"=?,"away_score"=?,"date"=?,"finish"=?,"home_id"=?,"home_formation_id"=?,"home_score"=?,"last"=?,"round_id"=?,"spectators"=?,"match_id"=?,"status"=? where "id"=?
Hibernate: update "matchh" set "away_id"=?,"away_formation_id"=?,"away_score"=?,"date"=?,"finish"=?,"home_id"=?,"home_formation_id"=?,"home_score"=?,"last"=?,"round_id"=?,"spectators"=?,"match_id"=?,"status"=? where "id"=?
Hibernate: update "matchh" set "away_id"=?,"away_formation_id"=?,"away_score"=?,"date"=?,"finish"=?,"home_id"=?,"home_formation_id"=?,"home_score"=?,"last"=?,"round_id"=?,"spectators"=?,"match_id"=?,"status"=? where "id"=?
Hibernate: update "matchh" set "away_id"=?,"away_formation_id"=?,"away_score"=?,"date"=?,"finish"=?,"home_id"=?,"home_formation_id"=?,"home_score"=?,"last"=?,"round_id"=?,"spectators"=?,"match_id"=?,"status"=? where "id"=?
Hibernate: update "matchh" set "away_id"=?,"away_formation_id"=?,"away_score"=?,"date"=?,"finish"=?,"home_id"=?,"home_formation_id"=?,"home_score"=?,"last"=?,"round_id"=?,"spectators"=?,"match_id"=?,"status"=? where "id"=?
Hibernate: update "matchh" set "away_id"=?,"away_formation_id"=?,"away_score"=?,"date"=?,"finish"=?,"home_id"=?,"home_formation_id"=?,"home_score"=?,"last"=?,"round_id"=?,"spectators"=?,"match_id"=?,"status"=? where "id"=?
Hibernate: update "matchh" set "away_id"=?,"away_formation_id"=?,"away_score"=?,"date"=?,"finish"=?,"home_id"=?,"home_formation_id"=?,"home_score"=?,"last"=?,"round_id"=?,"spectators"=?,"match_id"=?,"status"=? where "id"=?
Hibernate: update "matchh" set "away_id"=?,"away_formation_id"=?,"away_score"=?,"date"=?,"finish"=?,"home_id"=?,"home_formation_id"=?,"home_score"=?,"last"=?,"round_id"=?,"spectators"=?,"match_id"=?,"status"=? where "id"=?
Hibernate: update "matchh" set "away_id"=?,"away_formation_id"=?,"away_score"=?,"date"=?,"finish"=?,"home_id"=?,"home_formation_id"=?,"home_score"=?,"last"=?,"round_id"=?,"spectators"=?,"match_id"=?,"status"=? where "id"=?
Hibernate: update "matchh" set "away_id"=?,"away_formation_id"=?,"away_score"=?,"date"=?,"finish"=?,"home_id"=?,"home_formation_id"=?,"home_score"=?,"last"=?,"round_id"=?,"spectators"=?,"match_id"=?,"status"=? where "id"=?
Hibernate: update "matchh" set "away_id"=?,"away_formation_id"=?,"away_score"=?,"date"=?,"finish"=?,"home_id"=?,"home_formation_id"=?,"home_score"=?,"last"=?,"round_id"=?,"spectators"=?,"match_id"=?,"status"=? where "id"=?
Hibernate: update "matchh" set "away_id"=?,"away_formation_id"=?,"away_score"=?,"date"=?,"finish"=?,"home_id"=?,"home_formation_id"=?,"home_score"=?,"last"=?,"round_id"=?,"spectators"=?,"match_id"=?,"status"=? where "id"=?
Hibernate: update "matchh" set "away_id"=?,"away_formation_id"=?,"away_score"=?,"date"=?,"finish"=?,"home_id"=?,"home_formation_id"=?,"home_score"=?,"last"=?,"round_id"=?,"spectators"=?,"match_id"=?,"status"=? where "id"=?
Hibernate: update "matchh" set "away_id"=?,"away_formation_id"=?,"away_score"=?,"date"=?,"finish"=?,"home_id"=?,"home_formation_id"=?,"home_score"=?,"last"=?,"round_id"=?,"spectators"=?,"match_id"=?,"status"=? where "id"=?
Hibernate: update "matchh" set "away_id"=?,"away_formation_id"=?,"away_score"=?,"date"=?,"finish"=?,"home_id"=?,"home_formation_id"=?,"home_score"=?,"last"=?,"round_id"=?,"spectators"=?,"match_id"=?,"status"=? where "id"=?
Hibernate: update "matchh" set "away_id"=?,"away_formation_id"=?,"away_score"=?,"date"=?,"finish"=?,"home_id"=?,"home_formation_id"=?,"home_score"=?,"last"=?,"round_id"=?,"spectators"=?,"match_id"=?,"status"=? where "id"=?
Hibernate: update "matchh" set "away_id"=?,"away_formation_id"=?,"away_score"=?,"date"=?,"finish"=?,"home_id"=?,"home_formation_id"=?,"home_score"=?,"last"=?,"round_id"=?,"spectators"=?,"match_id"=?,"status"=? where "id"=?
Hibernate: update "matchh" set "away_id"=?,"away_formation_id"=?,"away_score"=?,"date"=?,"finish"=?,"home_id"=?,"home_formation_id"=?,"home_score"=?,"last"=?,"round_id"=?,"spectators"=?,"match_id"=?,"status"=? where "id"=?
Hibernate: update "matchh" set "away_id"=?,"away_formation_id"=?,"away_score"=?,"date"=?,"finish"=?,"home_id"=?,"home_formation_id"=?,"home_score"=?,"last"=?,"round_id"=?,"spectators"=?,"match_id"=?,"status"=? where "id"=?
Hibernate: update "matchh" set "away_id"=?,"away_formation_id"=?,"away_score"=?,"date"=?,"finish"=?,"home_id"=?,"home_formation_id"=?,"home_score"=?,"last"=?,"round_id"=?,"spectators"=?,"match_id"=?,"status"=? where "id"=?
Hibernate: update "matchh" set "away_id"=?,"away_formation_id"=?,"away_score"=?,"date"=?,"finish"=?,"home_id"=?,"home_formation_id"=?,"home_score"=?,"last"=?,"round_id"=?,"spectators"=?,"match_id"=?,"status"=? where "id"=?
Hibernate: update "matchh" set "away_id"=?,"away_formation_id"=?,"away_score"=?,"date"=?,"finish"=?,"home_id"=?,"home_formation_id"=?,"home_score"=?,"last"=?,"round_id"=?,"spectators"=?,"match_id"=?,"status"=? where "id"=?
Hibernate: update "matchh" set "away_id"=?,"away_formation_id"=?,"away_score"=?,"date"=?,"finish"=?,"home_id"=?,"home_formation_id"=?,"home_score"=?,"last"=?,"round_id"=?,"spectators"=?,"match_id"=?,"status"=? where "id"=?
Hibernate: update "matchh" set "away_id"=?,"away_formation_id"=?,"away_score"=?,"date"=?,"finish"=?,"home_id"=?,"home_formation_id"=?,"home_score"=?,"last"=?,"round_id"=?,"spectators"=?,"match_id"=?,"status"=? where "id"=?
Hibernate: update "matchh" set "away_id"=?,"away_formation_id"=?,"away_score"=?,"date"=?,"finish"=?,"home_id"=?,"home_formation_id"=?,"home_score"=?,"last"=?,"round_id"=?,"spectators"=?,"match_id"=?,"status"=? where "id"=?
Hibernate: update "matchh" set "away_id"=?,"away_formation_id"=?,"away_score"=?,"date"=?,"finish"=?,"home_id"=?,"home_formation_id"=?,"home_score"=?,"last"=?,"round_id"=?,"spectators"=?,"match_id"=?,"status"=? where "id"=?
Hibernate: update "matchh" set "away_id"=?,"away_formation_id"=?,"away_score"=?,"date"=?,"finish"=?,"home_id"=?,"home_formation_id"=?,"home_score"=?,"last"=?,"round_id"=?,"spectators"=?,"match_id"=?,"status"=? where "id"=?
Hibernate: update "matchh" set "away_id"=?,"away_formation_id"=?,"away_score"=?,"date"=?,"finish"=?,"home_id"=?,"home_formation_id"=?,"home_score"=?,"last"=?,"round_id"=?,"spectators"=?,"match_id"=?,"status"=? where "id"=?
Hibernate: update "matchh" set "away_id"=?,"away_formation_id"=?,"away_score"=?,"date"=?,"finish"=?,"home_id"=?,"home_formation_id"=?,"home_score"=?,"last"=?,"round_id"=?,"spectators"=?,"match_id"=?,"status"=? where "id"=?
Hibernate: update "matchh" set "away_id"=?,"away_formation_id"=?,"away_score"=?,"date"=?,"finish"=?,"home_id"=?,"home_formation_id"=?,"home_score"=?,"last"=?,"round_id"=?,"spectators"=?,"match_id"=?,"status"=? where "id"=?
Hibernate: update "matchh" set "away_id"=?,"away_formation_id"=?,"away_score"=?,"date"=?,"finish"=?,"home_id"=?,"home_formation_id"=?,"home_score"=?,"last"=?,"round_id"=?,"spectators"=?,"match_id"=?,"status"=? where "id"=?
Hibernate: update "matchh" set "away_id"=?,"away_formation_id"=?,"away_score"=?,"date"=?,"finish"=?,"home_id"=?,"home_formation_id"=?,"home_score"=?,"last"=?,"round_id"=?,"spectators"=?,"match_id"=?,"status"=? where "id"=?
Hibernate: update "matchh" set "away_id"=?,"away_formation_id"=?,"away_score"=?,"date"=?,"finish"=?,"home_id"=?,"home_formation_id"=?,"home_score"=?,"last"=?,"round_id"=?,"spectators"=?,"match_id"=?,"status"=? where "id"=?
Hibernate: update "matchh" set "away_id"=?,"away_formation_id"=?,"away_score"=?,"date"=?,"finish"=?,"home_id"=?,"home_formation_id"=?,"home_score"=?,"last"=?,"round_id"=?,"spectators"=?,"match_id"=?,"status"=? where "id"=?
Hibernate: update "matchh" set "away_id"=?,"away_formation_id"=?,"away_score"=?,"date"=?,"finish"=?,"home_id"=?,"home_formation_id"=?,"home_score"=?,"last"=?,"round_id"=?,"spectators"=?,"match_id"=?,"status"=? where "id"=?
Hibernate: update "matchh" set "away_id"=?,"away_formation_id"=?,"away_score"=?,"date"=?,"finish"=?,"home_id"=?,"home_formation_id"=?,"home_score"=?,"last"=?,"round_id"=?,"spectators"=?,"match_id"=?,"status"=? where "id"=?
Hibernate: update "matchh" set "away_id"=?,"away_formation_id"=?,"away_score"=?,"date"=?,"finish"=?,"home_id"=?,"home_formation_id"=?,"home_score"=?,"last"=?,"round_id"=?,"spectators"=?,"match_id"=?,"status"=? where "id"=?
Hibernate: update "matchh" set "away_id"=?,"away_formation_id"=?,"away_score"=?,"date"=?,"finish"=?,"home_id"=?,"home_formation_id"=?,"home_score"=?,"last"=?,"round_id"=?,"spectators"=?,"match_id"=?,"status"=? where "id"=?
Hibernate: update "matchh" set "away_id"=?,"away_formation_id"=?,"away_score"=?,"date"=?,"finish"=?,"home_id"=?,"home_formation_id"=?,"home_score"=?,"last"=?,"round_id"=?,"spectators"=?,"match_id"=?,"status"=? where "id"=?
Hibernate: update "matchh" set "away_id"=?,"away_formation_id"=?,"away_score"=?,"date"=?,"finish"=?,"home_id"=?,"home_formation_id"=?,"home_score"=?,"last"=?,"round_id"=?,"spectators"=?,"match_id"=?,"status"=? where "id"=?
Hibernate: update "matchh" set "away_id"=?,"away_formation_id"=?,"away_score"=?,"date"=?,"finish"=?,"home_id"=?,"home_formation_id"=?,"home_score"=?,"last"=?,"round_id"=?,"spectators"=?,"match_id"=?,"status"=? where "id"=?
Hibernate: update "matchh" set "away_id"=?,"away_formation_id"=?,"away_score"=?,"date"=?,"finish"=?,"home_id"=?,"home_formation_id"=?,"home_score"=?,"last"=?,"round_id"=?,"spectators"=?,"match_id"=?,"status"=? where "id"=?
Hibernate: update "matchh" set "away_id"=?,"away_formation_id"=?,"away_score"=?,"date"=?,"finish"=?,"home_id"=?,"home_formation_id"=?,"home_score"=?,"last"=?,"round_id"=?,"spectators"=?,"match_id"=?,"status"=? where "id"=?
Hibernate: update "matchh" set "away_id"=?,"away_formation_id"=?,"away_score"=?,"date"=?,"finish"=?,"home_id"=?,"home_formation_id"=?,"home_score"=?,"last"=?,"round_id"=?,"spectators"=?,"match_id"=?,"status"=? where "id"=?
Hibernate: update "matchh" set "away_id"=?,"away_formation_id"=?,"away_score"=?,"date"=?,"finish"=?,"home_id"=?,"home_formation_id"=?,"home_score"=?,"last"=?,"round_id"=?,"spectators"=?,"match_id"=?,"status"=? where "id"=?
Hibernate: update "matchh" set "away_id"=?,"away_formation_id"=?,"away_score"=?,"date"=?,"finish"=?,"home_id"=?,"home_formation_id"=?,"home_score"=?,"last"=?,"round_id"=?,"spectators"=?,"match_id"=?,"status"=? where "id"=?
Hibernate: update "matchh" set "away_id"=?,"away_formation_id"=?,"away_score"=?,"date"=?,"finish"=?,"home_id"=?,"home_formation_id"=?,"home_score"=?,"last"=?,"round_id"=?,"spectators"=?,"match_id"=?,"status"=? where "id"=?
Hibernate: update "matchh" set "away_id"=?,"away_formation_id"=?,"away_score"=?,"date"=?,"finish"=?,"home_id"=?,"home_formation_id"=?,"home_score"=?,"last"=?,"round_id"=?,"spectators"=?,"match_id"=?,"status"=? where "id"=?
Hibernate: update "matchh" set "away_id"=?,"away_formation_id"=?,"away_score"=?,"date"=?,"finish"=?,"home_id"=?,"home_formation_id"=?,"home_score"=?,"last"=?,"round_id"=?,"spectators"=?,"match_id"=?,"status"=? where "id"=?
Hibernate: update "matchh" set "away_id"=?,"away_formation_id"=?,"away_score"=?,"date"=?,"finish"=?,"home_id"=?,"home_formation_id"=?,"home_score"=?,"last"=?,"round_id"=?,"spectators"=?,"match_id"=?,"status"=? where "id"=?
Hibernate: update "matchh" set "away_id"=?,"away_formation_id"=?,"away_score"=?,"date"=?,"finish"=?,"home_id"=?,"home_formation_id"=?,"home_score"=?,"last"=?,"round_id"=?,"spectators"=?,"match_id"=?,"status"=? where "id"=?
Hibernate: update "matchh" set "away_id"=?,"away_formation_id"=?,"away_score"=?,"date"=?,"finish"=?,"home_id"=?,"home_formation_id"=?,"home_score"=?,"last"=?,"round_id"=?,"spectators"=?,"match_id"=?,"status"=? where "id"=?
Hibernate: update "matchh" set "away_id"=?,"away_formation_id"=?,"away_score"=?,"date"=?,"finish"=?,"home_id"=?,"home_formation_id"=?,"home_score"=?,"last"=?,"round_id"=?,"spectators"=?,"match_id"=?,"status"=? where "id"=?
Hibernate: update "matchh" set "away_id"=?,"away_formation_id"=?,"away_score"=?,"date"=?,"finish"=?,"home_id"=?,"home_formation_id"=?,"home_score"=?,"last"=?,"round_id"=?,"spectators"=?,"match_id"=?,"status"=? where "id"=?
Hibernate: update "matchh" set "away_id"=?,"away_formation_id"=?,"away_score"=?,"date"=?,"finish"=?,"home_id"=?,"home_formation_id"=?,"home_score"=?,"last"=?,"round_id"=?,"spectators"=?,"match_id"=?,"status"=? where "id"=?
Hibernate: update "matchh" set "away_id"=?,"away_formation_id"=?,"away_score"=?,"date"=?,"finish"=?,"home_id"=?,"home_formation_id"=?,"home_score"=?,"last"=?,"round_id"=?,"spectators"=?,"match_id"=?,"status"=? where "id"=?
Hibernate: update "matchh" set "away_id"=?,"away_formation_id"=?,"away_score"=?,"date"=?,"finish"=?,"home_id"=?,"home_formation_id"=?,"home_score"=?,"last"=?,"round_id"=?,"spectators"=?,"match_id"=?,"status"=? where "id"=?
Hibernate: update "matchh" set "away_id"=?,"away_formation_id"=?,"away_score"=?,"date"=?,"finish"=?,"home_id"=?,"home_formation_id"=?,"home_score"=?,"last"=?,"round_id"=?,"spectators"=?,"match_id"=?,"status"=? where "id"=?
Hibernate: update "matchh" set "away_id"=?,"away_formation_id"=?,"away_score"=?,"date"=?,"finish"=?,"home_id"=?,"home_formation_id"=?,"home_score"=?,"last"=?,"round_id"=?,"spectators"=?,"match_id"=?,"status"=? where "id"=?
Hibernate: update "matchh" set "away_id"=?,"away_formation_id"=?,"away_score"=?,"date"=?,"finish"=?,"home_id"=?,"home_formation_id"=?,"home_score"=?,"last"=?,"round_id"=?,"spectators"=?,"match_id"=?,"status"=? where "id"=?
Hibernate: update "matchh" set "away_id"=?,"away_formation_id"=?,"away_score"=?,"date"=?,"finish"=?,"home_id"=?,"home_formation_id"=?,"home_score"=?,"last"=?,"round_id"=?,"spectators"=?,"match_id"=?,"status"=? where "id"=?
Hibernate: update "matchh" set "away_id"=?,"away_formation_id"=?,"away_score"=?,"date"=?,"finish"=?,"home_id"=?,"home_formation_id"=?,"home_score"=?,"last"=?,"round_id"=?,"spectators"=?,"match_id"=?,"status"=? where "id"=?
Hibernate: update "matchh" set "away_id"=?,"away_formation_id"=?,"away_score"=?,"date"=?,"finish"=?,"home_id"=?,"home_formation_id"=?,"home_score"=?,"last"=?,"round_id"=?,"spectators"=?,"match_id"=?,"status"=? where "id"=?
Hibernate: update "matchh" set "away_id"=?,"away_formation_id"=?,"away_score"=?,"date"=?,"finish"=?,"home_id"=?,"home_formation_id"=?,"home_score"=?,"last"=?,"round_id"=?,"spectators"=?,"match_id"=?,"status"=? where "id"=?
Hibernate: update "matchh" set "away_id"=?,"away_formation_id"=?,"away_score"=?,"date"=?,"finish"=?,"home_id"=?,"home_formation_id"=?,"home_score"=?,"last"=?,"round_id"=?,"spectators"=?,"match_id"=?,"status"=? where "id"=?
Hibernate: update "matchh" set "away_id"=?,"away_formation_id"=?,"away_score"=?,"date"=?,"finish"=?,"home_id"=?,"home_formation_id"=?,"home_score"=?,"last"=?,"round_id"=?,"spectators"=?,"match_id"=?,"status"=? where "id"=?
Hibernate: update "matchh" set "away_id"=?,"away_formation_id"=?,"away_score"=?,"date"=?,"finish"=?,"home_id"=?,"home_formation_id"=?,"home_score"=?,"last"=?,"round_id"=?,"spectators"=?,"match_id"=?,"status"=? where "id"=?
Hibernate: update "matchh" set "away_id"=?,"away_formation_id"=?,"away_score"=?,"date"=?,"finish"=?,"home_id"=?,"home_formation_id"=?,"home_score"=?,"last"=?,"round_id"=?,"spectators"=?,"match_id"=?,"status"=? where "id"=?
Hibernate: update "matchh" set "away_id"=?,"away_formation_id"=?,"away_score"=?,"date"=?,"finish"=?,"home_id"=?,"home_formation_id"=?,"home_score"=?,"last"=?,"round_id"=?,"spectators"=?,"match_id"=?,"status"=? where "id"=?
Hibernate: update "matchh" set "away_id"=?,"away_formation_id"=?,"away_score"=?,"date"=?,"finish"=?,"home_id"=?,"home_formation_id"=?,"home_score"=?,"last"=?,"round_id"=?,"spectators"=?,"match_id"=?,"status"=? where "id"=?
Hibernate: update "matchh" set "away_id"=?,"away_formation_id"=?,"away_score"=?,"date"=?,"finish"=?,"home_id"=?,"home_formation_id"=?,"home_score"=?,"last"=?,"round_id"=?,"spectators"=?,"match_id"=?,"status"=? where "id"=?
Hibernate: update "matchh" set "away_id"=?,"away_formation_id"=?,"away_score"=?,"date"=?,"finish"=?,"home_id"=?,"home_formation_id"=?,"home_score"=?,"last"=?,"round_id"=?,"spectators"=?,"match_id"=?,"status"=? where "id"=?
Hibernate: update "matchh" set "away_id"=?,"away_formation_id"=?,"away_score"=?,"date"=?,"finish"=?,"home_id"=?,"home_formation_id"=?,"home_score"=?,"last"=?,"round_id"=?,"spectators"=?,"match_id"=?,"status"=? where "id"=?
Hibernate: update "matchh" set "away_id"=?,"away_formation_id"=?,"away_score"=?,"date"=?,"finish"=?,"home_id"=?,"home_formation_id"=?,"home_score"=?,"last"=?,"round_id"=?,"spectators"=?,"match_id"=?,"status"=? where "id"=?
Hibernate: update "matchh" set "away_id"=?,"away_formation_id"=?,"away_score"=?,"date"=?,"finish"=?,"home_id"=?,"home_formation_id"=?,"home_score"=?,"last"=?,"round_id"=?,"spectators"=?,"match_id"=?,"status"=? where "id"=?
Hibernate: update "matchh" set "away_id"=?,"away_formation_id"=?,"away_score"=?,"date"=?,"finish"=?,"home_id"=?,"home_formation_id"=?,"home_score"=?,"last"=?,"round_id"=?,"spectators"=?,"match_id"=?,"status"=? where "id"=?
Hibernate: update "matchh" set "away_id"=?,"away_formation_id"=?,"away_score"=?,"date"=?,"finish"=?,"home_id"=?,"home_formation_id"=?,"home_score"=?,"last"=?,"round_id"=?,"spectators"=?,"match_id"=?,"status"=? where "id"=?
Hibernate: update "matchh" set "away_id"=?,"away_formation_id"=?,"away_score"=?,"date"=?,"finish"=?,"home_id"=?,"home_formation_id"=?,"home_score"=?,"last"=?,"round_id"=?,"spectators"=?,"match_id"=?,"status"=? where "id"=?
Hibernate: update "matchh" set "away_id"=?,"away_formation_id"=?,"away_score"=?,"date"=?,"finish"=?,"home_id"=?,"home_formation_id"=?,"home_score"=?,"last"=?,"round_id"=?,"spectators"=?,"match_id"=?,"status"=? where "id"=?
Hibernate: update "matchh" set "away_id"=?,"away_formation_id"=?,"away_score"=?,"date"=?,"finish"=?,"home_id"=?,"home_formation_id"=?,"home_score"=?,"last"=?,"round_id"=?,"spectators"=?,"match_id"=?,"status"=? where "id"=?
Hibernate: update "matchh" set "away_id"=?,"away_formation_id"=?,"away_score"=?,"date"=?,"finish"=?,"home_id"=?,"home_formation_id"=?,"home_score"=?,"last"=?,"round_id"=?,"spectators"=?,"match_id"=?,"status"=? where "id"=?
Hibernate: update "matchh" set "away_id"=?,"away_formation_id"=?,"away_score"=?,"date"=?,"finish"=?,"home_id"=?,"home_formation_id"=?,"home_score"=?,"last"=?,"round_id"=?,"spectators"=?,"match_id"=?,"status"=? where "id"=?
Hibernate: update "ranking" set "club_id"=?,"drawn"=?,"goal_against"=?,"goals_for"=?,"lost"=?,"played"=?,"points"=?,"season_id"=?,"won"=? where "id"=?
Hibernate: update "ranking" set "club_id"=?,"drawn"=?,"goal_against"=?,"goals_for"=?,"lost"=?,"played"=?,"points"=?,"season_id"=?,"won"=? where "id"=?
Hibernate: update "ranking" set "club_id"=?,"drawn"=?,"goal_against"=?,"goals_for"=?,"lost"=?,"played"=?,"points"=?,"season_id"=?,"won"=? where "id"=?
Hibernate: update "ranking" set "club_id"=?,"drawn"=?,"goal_against"=?,"goals_for"=?,"lost"=?,"played"=?,"points"=?,"season_id"=?,"won"=? where "id"=?
Hibernate: update "ranking" set "club_id"=?,"drawn"=?,"goal_against"=?,"goals_for"=?,"lost"=?,"played"=?,"points"=?,"season_id"=?,"won"=? where "id"=?
Hibernate: update "ranking" set "club_id"=?,"drawn"=?,"goal_against"=?,"goals_for"=?,"lost"=?,"played"=?,"points"=?,"season_id"=?,"won"=? where "id"=?
Hibernate: update "ranking" set "club_id"=?,"drawn"=?,"goal_against"=?,"goals_for"=?,"lost"=?,"played"=?,"points"=?,"season_id"=?,"won"=? where "id"=?
Hibernate: update "ranking" set "club_id"=?,"drawn"=?,"goal_against"=?,"goals_for"=?,"lost"=?,"played"=?,"points"=?,"season_id"=?,"won"=? where "id"=?
Hibernate: update "ranking" set "club_id"=?,"drawn"=?,"goal_against"=?,"goals_for"=?,"lost"=?,"played"=?,"points"=?,"season_id"=?,"won"=? where "id"=?
Hibernate: update "ranking" set "club_id"=?,"drawn"=?,"goal_against"=?,"goals_for"=?,"lost"=?,"played"=?,"points"=?,"season_id"=?,"won"=? where "id"=?
Hibernate: update "matchh" set "away_id"=?,"away_formation_id"=?,"away_score"=?,"date"=?,"finish"=?,"home_id"=?,"home_formation_id"=?,"home_score"=?,"last"=?,"round_id"=?,"spectators"=?,"match_id"=?,"status"=? where "id"=?
Hibernate: update "matchh" set "away_id"=?,"away_formation_id"=?,"away_score"=?,"date"=?,"finish"=?,"home_id"=?,"home_formation_id"=?,"home_score"=?,"last"=?,"round_id"=?,"spectators"=?,"match_id"=?,"status"=? where "id"=?
Hibernate: update "matchh" set "away_id"=?,"away_formation_id"=?,"away_score"=?,"date"=?,"finish"=?,"home_id"=?,"home_formation_id"=?,"home_score"=?,"last"=?,"round_id"=?,"spectators"=?,"match_id"=?,"status"=? where "id"=?
Hibernate: update "matchh" set "away_id"=?,"away_formation_id"=?,"away_score"=?,"date"=?,"finish"=?,"home_id"=?,"home_formation_id"=?,"home_score"=?,"last"=?,"round_id"=?,"spectators"=?,"match_id"=?,"status"=? where "id"=?
Hibernate: update "matchh" set "away_id"=?,"away_formation_id"=?,"away_score"=?,"date"=?,"finish"=?,"home_id"=?,"home_formation_id"=?,"home_score"=?,"last"=?,"round_id"=?,"spectators"=?,"match_id"=?,"status"=? where "id"=?
Hibernate: update "matchh" set "away_id"=?,"away_formation_id"=?,"away_score"=?,"date"=?,"finish"=?,"home_id"=?,"home_formation_id"=?,"home_score"=?,"last"=?,"round_id"=?,"spectators"=?,"match_id"=?,"status"=? where "id"=?
Hibernate: update "matchh" set "away_id"=?,"away_formation_id"=?,"away_score"=?,"date"=?,"finish"=?,"home_id"=?,"home_formation_id"=?,"home_score"=?,"last"=?,"round_id"=?,"spectators"=?,"match_id"=?,"status"=? where "id"=?
Hibernate: update "matchh" set "away_id"=?,"away_formation_id"=?,"away_score"=?,"date"=?,"finish"=?,"home_id"=?,"home_formation_id"=?,"home_score"=?,"last"=?,"round_id"=?,"spectators"=?,"match_id"=?,"status"=? where "id"=?
Hibernate: update "matchh" set "away_id"=?,"away_formation_id"=?,"away_score"=?,"date"=?,"finish"=?,"home_id"=?,"home_formation_id"=?,"home_score"=?,"last"=?,"round_id"=?,"spectators"=?,"match_id"=?,"status"=? where "id"=?
Hibernate: update "matchh" set "away_id"=?,"away_formation_id"=?,"away_score"=?,"date"=?,"finish"=?,"home_id"=?,"home_formation_id"=?,"home_score"=?,"last"=?,"round_id"=?,"spectators"=?,"match_id"=?,"status"=? where "id"=?
Hibernate: update "matchh" set "away_id"=?,"away_formation_id"=?,"away_score"=?,"date"=?,"finish"=?,"home_id"=?,"home_formation_id"=?,"home_score"=?,"last"=?,"round_id"=?,"spectators"=?,"match_id"=?,"status"=? where "id"=?
Hibernate: update "matchh" set "away_id"=?,"away_formation_id"=?,"away_score"=?,"date"=?,"finish"=?,"home_id"=?,"home_formation_id"=?,"home_score"=?,"last"=?,"round_id"=?,"spectators"=?,"match_id"=?,"status"=? where "id"=?
Hibernate: update "matchh" set "away_id"=?,"away_formation_id"=?,"away_score"=?,"date"=?,"finish"=?,"home_id"=?,"home_formation_id"=?,"home_score"=?,"last"=?,"round_id"=?,"spectators"=?,"match_id"=?,"status"=? where "id"=?
Hibernate: update "matchh" set "away_id"=?,"away_formation_id"=?,"away_score"=?,"date"=?,"finish"=?,"home_id"=?,"home_formation_id"=?,"home_score"=?,"last"=?,"round_id"=?,"spectators"=?,"match_id"=?,"status"=? where "id"=?
Hibernate: update "matchh" set "away_id"=?,"away_formation_id"=?,"away_score"=?,"date"=?,"finish"=?,"home_id"=?,"home_formation_id"=?,"home_score"=?,"last"=?,"round_id"=?,"spectators"=?,"match_id"=?,"status"=? where "id"=?
Hibernate: update "matchh" set "away_id"=?,"away_formation_id"=?,"away_score"=?,"date"=?,"finish"=?,"home_id"=?,"home_formation_id"=?,"home_score"=?,"last"=?,"round_id"=?,"spectators"=?,"match_id"=?,"status"=? where "id"=?
Hibernate: update "matchh" set "away_id"=?,"away_formation_id"=?,"away_score"=?,"date"=?,"finish"=?,"home_id"=?,"home_formation_id"=?,"home_score"=?,"last"=?,"round_id"=?,"spectators"=?,"match_id"=?,"status"=? where "id"=?
Hibernate: update "matchh" set "away_id"=?,"away_formation_id"=?,"away_score"=?,"date"=?,"finish"=?,"home_id"=?,"home_formation_id"=?,"home_score"=?,"last"=?,"round_id"=?,"spectators"=?,"match_id"=?,"status"=? where "id"=?
Hibernate: update "matchh" set "away_id"=?,"away_formation_id"=?,"away_score"=?,"date"=?,"finish"=?,"home_id"=?,"home_formation_id"=?,"home_score"=?,"last"=?,"round_id"=?,"spectators"=?,"match_id"=?,"status"=? where "id"=?
Hibernate: update "matchh" set "away_id"=?,"away_formation_id"=?,"away_score"=?,"date"=?,"finish"=?,"home_id"=?,"home_formation_id"=?,"home_score"=?,"last"=?,"round_id"=?,"spectators"=?,"match_id"=?,"status"=? where "id"=?
Hibernate: update "matchh" set "away_id"=?,"away_formation_id"=?,"away_score"=?,"date"=?,"finish"=?,"home_id"=?,"home_formation_id"=?,"home_score"=?,"last"=?,"round_id"=?,"spectators"=?,"match_id"=?,"status"=? where "id"=?
Hibernate: update "matchh" set "away_id"=?,"away_formation_id"=?,"away_score"=?,"date"=?,"finish"=?,"home_id"=?,"home_formation_id"=?,"home_score"=?,"last"=?,"round_id"=?,"spectators"=?,"match_id"=?,"status"=? where "id"=?
Hibernate: update "matchh" set "away_id"=?,"away_formation_id"=?,"away_score"=?,"date"=?,"finish"=?,"home_id"=?,"home_formation_id"=?,"home_score"=?,"last"=?,"round_id"=?,"spectators"=?,"match_id"=?,"status"=? where "id"=?
Hibernate: update "matchh" set "away_id"=?,"away_formation_id"=?,"away_score"=?,"date"=?,"finish"=?,"home_id"=?,"home_formation_id"=?,"home_score"=?,"last"=?,"round_id"=?,"spectators"=?,"match_id"=?,"status"=? where "id"=?
Hibernate: update "matchh" set "away_id"=?,"away_formation_id"=?,"away_score"=?,"date"=?,"finish"=?,"home_id"=?,"home_formation_id"=?,"home_score"=?,"last"=?,"round_id"=?,"spectators"=?,"match_id"=?,"status"=? where "id"=?
Hibernate: update "matchh" set "away_id"=?,"away_formation_id"=?,"away_score"=?,"date"=?,"finish"=?,"home_id"=?,"home_formation_id"=?,"home_score"=?,"last"=?,"round_id"=?,"spectators"=?,"match_id"=?,"status"=? where "id"=?
Hibernate: update "matchh" set "away_id"=?,"away_formation_id"=?,"away_score"=?,"date"=?,"finish"=?,"home_id"=?,"home_formation_id"=?,"home_score"=?,"last"=?,"round_id"=?,"spectators"=?,"match_id"=?,"status"=? where "id"=?
Hibernate: update "matchh" set "away_id"=?,"away_formation_id"=?,"away_score"=?,"date"=?,"finish"=?,"home_id"=?,"home_formation_id"=?,"home_score"=?,"last"=?,"round_id"=?,"spectators"=?,"match_id"=?,"status"=? where "id"=?
Hibernate: update "matchh" set "away_id"=?,"away_formation_id"=?,"away_score"=?,"date"=?,"finish"=?,"home_id"=?,"home_formation_id"=?,"home_score"=?,"last"=?,"round_id"=?,"spectators"=?,"match_id"=?,"status"=? where "id"=?
Hibernate: update "matchh" set "away_id"=?,"away_formation_id"=?,"away_score"=?,"date"=?,"finish"=?,"home_id"=?,"home_formation_id"=?,"home_score"=?,"last"=?,"round_id"=?,"spectators"=?,"match_id"=?,"status"=? where "id"=?
Hibernate: update "matchh" set "away_id"=?,"away_formation_id"=?,"away_score"=?,"date"=?,"finish"=?,"home_id"=?,"home_formation_id"=?,"home_score"=?,"last"=?,"round_id"=?,"spectators"=?,"match_id"=?,"status"=? where "id"=?
Hibernate: update "matchh" set "away_id"=?,"away_formation_id"=?,"away_score"=?,"date"=?,"finish"=?,"home_id"=?,"home_formation_id"=?,"home_score"=?,"last"=?,"round_id"=?,"spectators"=?,"match_id"=?,"status"=? where "id"=?
Hibernate: update "matchh" set "away_id"=?,"away_formation_id"=?,"away_score"=?,"date"=?,"finish"=?,"home_id"=?,"home_formation_id"=?,"home_score"=?,"last"=?,"round_id"=?,"spectators"=?,"match_id"=?,"status"=? where "id"=?
Hibernate: update "matchh" set "away_id"=?,"away_formation_id"=?,"away_score"=?,"date"=?,"finish"=?,"home_id"=?,"home_formation_id"=?,"home_score"=?,"last"=?,"round_id"=?,"spectators"=?,"match_id"=?,"status"=? where "id"=?
Hibernate: update "matchh" set "away_id"=?,"away_formation_id"=?,"away_score"=?,"date"=?,"finish"=?,"home_id"=?,"home_formation_id"=?,"home_score"=?,"last"=?,"round_id"=?,"spectators"=?,"match_id"=?,"status"=? where "id"=?
Hibernate: update "matchh" set "away_id"=?,"away_formation_id"=?,"away_score"=?,"date"=?,"finish"=?,"home_id"=?,"home_formation_id"=?,"home_score"=?,"last"=?,"round_id"=?,"spectators"=?,"match_id"=?,"status"=? where "id"=?
Hibernate: update "matchh" set "away_id"=?,"away_formation_id"=?,"away_score"=?,"date"=?,"finish"=?,"home_id"=?,"home_formation_id"=?,"home_score"=?,"last"=?,"round_id"=?,"spectators"=?,"match_id"=?,"status"=? where "id"=?
Hibernate: update "matchh" set "away_id"=?,"away_formation_id"=?,"away_score"=?,"date"=?,"finish"=?,"home_id"=?,"home_formation_id"=?,"home_score"=?,"last"=?,"round_id"=?,"spectators"=?,"match_id"=?,"status"=? where "id"=?
Hibernate: update "matchh" set "away_id"=?,"away_formation_id"=?,"away_score"=?,"date"=?,"finish"=?,"home_id"=?,"home_formation_id"=?,"home_score"=?,"last"=?,"round_id"=?,"spectators"=?,"match_id"=?,"status"=? where "id"=?
Hibernate: update "matchh" set "away_id"=?,"away_formation_id"=?,"away_score"=?,"date"=?,"finish"=?,"home_id"=?,"home_formation_id"=?,"home_score"=?,"last"=?,"round_id"=?,"spectators"=?,"match_id"=?,"status"=? where "id"=?
Hibernate: update "matchh" set "away_id"=?,"away_formation_id"=?,"away_score"=?,"date"=?,"finish"=?,"home_id"=?,"home_formation_id"=?,"home_score"=?,"last"=?,"round_id"=?,"spectators"=?,"match_id"=?,"status"=? where "id"=?
Hibernate: update "matchh" set "away_id"=?,"away_formation_id"=?,"away_score"=?,"date"=?,"finish"=?,"home_id"=?,"home_formation_id"=?,"home_score"=?,"last"=?,"round_id"=?,"spectators"=?,"match_id"=?,"status"=? where "id"=?
Hibernate: update "matchh" set "away_id"=?,"away_formation_id"=?,"away_score"=?,"date"=?,"finish"=?,"home_id"=?,"home_formation_id"=?,"home_score"=?,"last"=?,"round_id"=?,"spectators"=?,"match_id"=?,"status"=? where "id"=?
Hibernate: update "matchh" set "away_id"=?,"away_formation_id"=?,"away_score"=?,"date"=?,"finish"=?,"home_id"=?,"home_formation_id"=?,"home_score"=?,"last"=?,"round_id"=?,"spectators"=?,"match_id"=?,"status"=? where "id"=?
Hibernate: update "matchh" set "away_id"=?,"away_formation_id"=?,"away_score"=?,"date"=?,"finish"=?,"home_id"=?,"home_formation_id"=?,"home_score"=?,"last"=?,"round_id"=?,"spectators"=?,"match_id"=?,"status"=? where "id"=?
Hibernate: update "matchh" set "away_id"=?,"away_formation_id"=?,"away_score"=?,"date"=?,"finish"=?,"home_id"=?,"home_formation_id"=?,"home_score"=?,"last"=?,"round_id"=?,"spectators"=?,"match_id"=?,"status"=? where "id"=?
Hibernate: update "matchh" set "away_id"=?,"away_formation_id"=?,"away_score"=?,"date"=?,"finish"=?,"home_id"=?,"home_formation_id"=?,"home_score"=?,"last"=?,"round_id"=?,"spectators"=?,"match_id"=?,"status"=? where "id"=?
Hibernate: update "matchh" set "away_id"=?,"away_formation_id"=?,"away_score"=?,"date"=?,"finish"=?,"home_id"=?,"home_formation_id"=?,"home_score"=?,"last"=?,"round_id"=?,"spectators"=?,"match_id"=?,"status"=? where "id"=?
Hibernate: update "matchh" set "away_id"=?,"away_formation_id"=?,"away_score"=?,"date"=?,"finish"=?,"home_id"=?,"home_formation_id"=?,"home_score"=?,"last"=?,"round_id"=?,"spectators"=?,"match_id"=?,"status"=? where "id"=?
Hibernate: update "matchh" set "away_id"=?,"away_formation_id"=?,"away_score"=?,"date"=?,"finish"=?,"home_id"=?,"home_formation_id"=?,"home_score"=?,"last"=?,"round_id"=?,"spectators"=?,"match_id"=?,"status"=? where "id"=?
Hibernate: update "matchh" set "away_id"=?,"away_formation_id"=?,"away_score"=?,"date"=?,"finish"=?,"home_id"=?,"home_formation_id"=?,"home_score"=?,"last"=?,"round_id"=?,"spectators"=?,"match_id"=?,"status"=? where "id"=?
Hibernate: update "matchh" set "away_id"=?,"away_formation_id"=?,"away_score"=?,"date"=?,"finish"=?,"home_id"=?,"home_formation_id"=?,"home_score"=?,"last"=?,"round_id"=?,"spectators"=?,"match_id"=?,"status"=? where "id"=?
Hibernate: update "matchh" set "away_id"=?,"away_formation_id"=?,"away_score"=?,"date"=?,"finish"=?,"home_id"=?,"home_formation_id"=?,"home_score"=?,"last"=?,"round_id"=?,"spectators"=?,"match_id"=?,"status"=? where "id"=?
Hibernate: update "matchh" set "away_id"=?,"away_formation_id"=?,"away_score"=?,"date"=?,"finish"=?,"home_id"=?,"home_formation_id"=?,"home_score"=?,"last"=?,"round_id"=?,"spectators"=?,"match_id"=?,"status"=? where "id"=?
Hibernate: update "matchh" set "away_id"=?,"away_formation_id"=?,"away_score"=?,"date"=?,"finish"=?,"home_id"=?,"home_formation_id"=?,"home_score"=?,"last"=?,"round_id"=?,"spectators"=?,"match_id"=?,"status"=? where "id"=?
Hibernate: update "matchh" set "away_id"=?,"away_formation_id"=?,"away_score"=?,"date"=?,"finish"=?,"home_id"=?,"home_formation_id"=?,"home_score"=?,"last"=?,"round_id"=?,"spectators"=?,"match_id"=?,"status"=? where "id"=?
Hibernate: update "matchh" set "away_id"=?,"away_formation_id"=?,"away_score"=?,"date"=?,"finish"=?,"home_id"=?,"home_formation_id"=?,"home_score"=?,"last"=?,"round_id"=?,"spectators"=?,"match_id"=?,"status"=? where "id"=?
Hibernate: update "matchh" set "away_id"=?,"away_formation_id"=?,"away_score"=?,"date"=?,"finish"=?,"home_id"=?,"home_formation_id"=?,"home_score"=?,"last"=?,"round_id"=?,"spectators"=?,"match_id"=?,"status"=? where "id"=?
Hibernate: update "matchh" set "away_id"=?,"away_formation_id"=?,"away_score"=?,"date"=?,"finish"=?,"home_id"=?,"home_formation_id"=?,"home_score"=?,"last"=?,"round_id"=?,"spectators"=?,"match_id"=?,"status"=? where "id"=?
Hibernate: update "matchh" set "away_id"=?,"away_formation_id"=?,"away_score"=?,"date"=?,"finish"=?,"home_id"=?,"home_formation_id"=?,"home_score"=?,"last"=?,"round_id"=?,"spectators"=?,"match_id"=?,"status"=? where "id"=?
Hibernate: update "matchh" set "away_id"=?,"away_formation_id"=?,"away_score"=?,"date"=?,"finish"=?,"home_id"=?,"home_formation_id"=?,"home_score"=?,"last"=?,"round_id"=?,"spectators"=?,"match_id"=?,"status"=? where "id"=?
Hibernate: update "matchh" set "away_id"=?,"away_formation_id"=?,"away_score"=?,"date"=?,"finish"=?,"home_id"=?,"home_formation_id"=?,"home_score"=?,"last"=?,"round_id"=?,"spectators"=?,"match_id"=?,"status"=? where "id"=?
Hibernate: update "matchh" set "away_id"=?,"away_formation_id"=?,"away_score"=?,"date"=?,"finish"=?,"home_id"=?,"home_formation_id"=?,"home_score"=?,"last"=?,"round_id"=?,"spectators"=?,"match_id"=?,"status"=? where "id"=?
Hibernate: update "matchh" set "away_id"=?,"away_formation_id"=?,"away_score"=?,"date"=?,"finish"=?,"home_id"=?,"home_formation_id"=?,"home_score"=?,"last"=?,"round_id"=?,"spectators"=?,"match_id"=?,"status"=? where "id"=?
Hibernate: update "matchh" set "away_id"=?,"away_formation_id"=?,"away_score"=?,"date"=?,"finish"=?,"home_id"=?,"home_formation_id"=?,"home_score"=?,"last"=?,"round_id"=?,"spectators"=?,"match_id"=?,"status"=? where "id"=?
Hibernate: update "matchh" set "away_id"=?,"away_formation_id"=?,"away_score"=?,"date"=?,"finish"=?,"home_id"=?,"home_formation_id"=?,"home_score"=?,"last"=?,"round_id"=?,"spectators"=?,"match_id"=?,"status"=? where "id"=?
Hibernate: update "matchh" set "away_id"=?,"away_formation_id"=?,"away_score"=?,"date"=?,"finish"=?,"home_id"=?,"home_formation_id"=?,"home_score"=?,"last"=?,"round_id"=?,"spectators"=?,"match_id"=?,"status"=? where "id"=?
Hibernate: update "matchh" set "away_id"=?,"away_formation_id"=?,"away_score"=?,"date"=?,"finish"=?,"home_id"=?,"home_formation_id"=?,"home_score"=?,"last"=?,"round_id"=?,"spectators"=?,"match_id"=?,"status"=? where "id"=?
Hibernate: update "matchh" set "away_id"=?,"away_formation_id"=?,"away_score"=?,"date"=?,"finish"=?,"home_id"=?,"home_formation_id"=?,"home_score"=?,"last"=?,"round_id"=?,"spectators"=?,"match_id"=?,"status"=? where "id"=?
Hibernate: update "matchh" set "away_id"=?,"away_formation_id"=?,"away_score"=?,"date"=?,"finish"=?,"home_id"=?,"home_formation_id"=?,"home_score"=?,"last"=?,"round_id"=?,"spectators"=?,"match_id"=?,"status"=? where "id"=?
Hibernate: update "matchh" set "away_id"=?,"away_formation_id"=?,"away_score"=?,"date"=?,"finish"=?,"home_id"=?,"home_formation_id"=?,"home_score"=?,"last"=?,"round_id"=?,"spectators"=?,"match_id"=?,"status"=? where "id"=?
Hibernate: update "matchh" set "away_id"=?,"away_formation_id"=?,"away_score"=?,"date"=?,"finish"=?,"home_id"=?,"home_formation_id"=?,"home_score"=?,"last"=?,"round_id"=?,"spectators"=?,"match_id"=?,"status"=? where "id"=?
Hibernate: update "matchh" set "away_id"=?,"away_formation_id"=?,"away_score"=?,"date"=?,"finish"=?,"home_id"=?,"home_formation_id"=?,"home_score"=?,"last"=?,"round_id"=?,"spectators"=?,"match_id"=?,"status"=? where "id"=?
Hibernate: update "matchh" set "away_id"=?,"away_formation_id"=?,"away_score"=?,"date"=?,"finish"=?,"home_id"=?,"home_formation_id"=?,"home_score"=?,"last"=?,"round_id"=?,"spectators"=?,"match_id"=?,"status"=? where "id"=?
Hibernate: update "matchh" set "away_id"=?,"away_formation_id"=?,"away_score"=?,"date"=?,"finish"=?,"home_id"=?,"home_formation_id"=?,"home_score"=?,"last"=?,"round_id"=?,"spectators"=?,"match_id"=?,"status"=? where "id"=?
Hibernate: update "matchh" set "away_id"=?,"away_formation_id"=?,"away_score"=?,"date"=?,"finish"=?,"home_id"=?,"home_formation_id"=?,"home_score"=?,"last"=?,"round_id"=?,"spectators"=?,"match_id"=?,"status"=? where "id"=?
Hibernate: update "matchh" set "away_id"=?,"away_formation_id"=?,"away_score"=?,"date"=?,"finish"=?,"home_id"=?,"home_formation_id"=?,"home_score"=?,"last"=?,"round_id"=?,"spectators"=?,"match_id"=?,"status"=? where "id"=?
Hibernate: update "matchh" set "away_id"=?,"away_formation_id"=?,"away_score"=?,"date"=?,"finish"=?,"home_id"=?,"home_formation_id"=?,"home_score"=?,"last"=?,"round_id"=?,"spectators"=?,"match_id"=?,"status"=? where "id"=?
Hibernate: update "matchh" set "away_id"=?,"away_formation_id"=?,"away_score"=?,"date"=?,"finish"=?,"home_id"=?,"home_formation_id"=?,"home_score"=?,"last"=?,"round_id"=?,"spectators"=?,"match_id"=?,"status"=? where "id"=?
Hibernate: update "matchh" set "away_id"=?,"away_formation_id"=?,"away_score"=?,"date"=?,"finish"=?,"home_id"=?,"home_formation_id"=?,"home_score"=?,"last"=?,"round_id"=?,"spectators"=?,"match_id"=?,"status"=? where "id"=?
Hibernate: update "matchh" set "away_id"=?,"away_formation_id"=?,"away_score"=?,"date"=?,"finish"=?,"home_id"=?,"home_formation_id"=?,"home_score"=?,"last"=?,"round_id"=?,"spectators"=?,"match_id"=?,"status"=? where "id"=?
Hibernate: update "matchh" set "away_id"=?,"away_formation_id"=?,"away_score"=?,"date"=?,"finish"=?,"home_id"=?,"home_formation_id"=?,"home_score"=?,"last"=?,"round_id"=?,"spectators"=?,"match_id"=?,"status"=? where "id"=?
Hibernate: update "matchh" set "away_id"=?,"away_formation_id"=?,"away_score"=?,"date"=?,"finish"=?,"home_id"=?,"home_formation_id"=?,"home_score"=?,"last"=?,"round_id"=?,"spectators"=?,"match_id"=?,"status"=? where "id"=?
Hibernate: update "matchh" set "away_id"=?,"away_formation_id"=?,"away_score"=?,"date"=?,"finish"=?,"home_id"=?,"home_formation_id"=?,"home_score"=?,"last"=?,"round_id"=?,"spectators"=?,"match_id"=?,"status"=? where "id"=?
Hibernate: update "matchh" set "away_id"=?,"away_formation_id"=?,"away_score"=?,"date"=?,"finish"=?,"home_id"=?,"home_formation_id"=?,"home_score"=?,"last"=?,"round_id"=?,"spectators"=?,"match_id"=?,"status"=? where "id"=?
Hibernate: update "matchh" set "away_id"=?,"away_formation_id"=?,"away_score"=?,"date"=?,"finish"=?,"home_id"=?,"home_formation_id"=?,"home_score"=?,"last"=?,"round_id"=?,"spectators"=?,"match_id"=?,"status"=? where "id"=?
Hibernate: update "matchh" set "away_id"=?,"away_formation_id"=?,"away_score"=?,"date"=?,"finish"=?,"home_id"=?,"home_formation_id"=?,"home_score"=?,"last"=?,"round_id"=?,"spectators"=?,"match_id"=?,"status"=? where "id"=?
Hibernate: update "matchh" set "away_id"=?,"away_formation_id"=?,"away_score"=?,"date"=?,"finish"=?,"home_id"=?,"home_formation_id"=?,"home_score"=?,"last"=?,"round_id"=?,"spectators"=?,"match_id"=?,"status"=? where "id"=?
Hibernate: update "matchh" set "away_id"=?,"away_formation_id"=?,"away_score"=?,"date"=?,"finish"=?,"home_id"=?,"home_formation_id"=?,"home_score"=?,"last"=?,"round_id"=?,"spectators"=?,"match_id"=?,"status"=? where "id"=?
Hibernate: update "matchh" set "away_id"=?,"away_formation_id"=?,"away_score"=?,"date"=?,"finish"=?,"home_id"=?,"home_formation_id"=?,"home_score"=?,"last"=?,"round_id"=?,"spectators"=?,"match_id"=?,"status"=? where "id"=?
Hibernate: select u1_0."id" from "user" u1_0 where u1_0."username"=? fetch first ? rows only
2026-02-18T06:20:48.929Z  INFO 1843 --- [           main] com.lollito.fm.service.UserService       : request RegistrationRequest [name=null, surname=null, username=lollito, email=ciao, emailConfirm=null, countryId=1, clubName=Roma]
Hibernate: select u1_0."id" from "user" u1_0 where u1_0."username"=? fetch first ? rows only
Hibernate: select c1_0."id",c1_0."create_league",c1_0."flag_url",c1_0."name" from "country" c1_0 where c1_0."id"=?
Hibernate: select s1_0."id",s1_0."crnt_date",s1_0."name",s1_0."owner_id" from "server" s1_0
Hibernate: select c1_0."id",c1_0."city",c1_0."finance_id",c1_0."foundation",c1_0."league_id",c1_0."logourl",c1_0."medical_center_id",c1_0."name",c1_0."stadium_id",c1_0."team_id",c1_0."training_facility_id",c1_0."under18_id",c1_0."youth_academy_id" from "club" c1_0 left join "league" l1_0 on l1_0."id"=c1_0."league_id" left join "server" s1_0 on s1_0."id"=l1_0."server_id" left join "country" c2_0 on c2_0."id"=l1_0."country_id" left join "user" u1_0 on c1_0."id"=u1_0."club_id" where s1_0."id"=? and c2_0."id"=? and u1_0."id" is null fetch first ? rows only
Hibernate: select u1_0."id",u1_0."account_locked_until",u1_0."activation_token",u1_0."active",u1_0."admin_role",u1_0."ban_reason",u1_0."banned_by",u1_0."banned_until",u1_0."club_id",u1_0."country_id",u1_0."country",u1_0."created_by",u1_0."created_date",u1_0."date_of_birth",u1_0."email",u1_0."email_verification_token",u1_0."email_verification_token_expiry",u1_0."experience",u1_0."failed_login_attempts",u1_0."first_name",u1_0."is_active",u1_0."is_banned",u1_0."is_verified",u1_0."last_login_date",u1_0."last_login_ip",u1_0."last_modified_by",u1_0."last_modified_date",u1_0."last_name",mp1_0."id",mp1_0."current_xp",mp1_0."level",mp1_0."talent_points",up1_0."manager_profile_id",up1_0."perk",u1_0."name",u1_0."password",u1_0."password_changed_date",u1_0."password_reset_token",u1_0."password_reset_token_expiry",u1_0."phone_number",u1_0."preferred_language",u1_0."server_id",u1_0."surname",u1_0."timezone",u1_0."username" from "user" u1_0 left join "manager_profile" mp1_0 on u1_0."id"=mp1_0."user_id" left join "manager_unlocked_perks" up1_0 on mp1_0."id"=up1_0."manager_profile_id" where u1_0."club_id"=?
Hibernate: select c1_0."id",c1_0."city",f1_0."id",f1_0."balance",f1_0."debt",f1_0."facility_maintenance",f1_0."last_updated",f1_0."loan_interest",f1_0."matchday_revenue",f1_0."merchandise_revenue",f1_0."monthly_budget",f1_0."net_worth",f1_0."operational_costs",f1_0."player_salaries",f1_0."prize_money_revenue",f1_0."profit_margin",f1_0."season_budget",f1_0."sponsorship_revenue",f1_0."staff_salaries",f1_0."total_expenses",f1_0."total_revenue",f1_0."transfer_expenses",f1_0."transfer_revenue",f1_0."tv_rights_revenue",r1_0."finance_id",r1_0."id",r1_0."cash_flow",r1_0."comparison_data",r1_0."expense_breakdown",r1_0."generated_date",r1_0."income_breakdown",r1_0."net_profit",r1_0."recommendations",r1_0."report_period_end",r1_0."report_period_start",r1_0."report_summary",r1_0."report_type",r1_0."total_expenses",r1_0."total_income",c1_0."foundation",c1_0."league_id",c1_0."logourl",mc1_0."id",mc1_0."construction_cost",mc1_0."diagnostic_equipment",mc1_0."fitness_maintenance_bonus",mc1_0."has_cryotherapy",mc1_0."has_hyperbaric_chamber",mc1_0."has_mri_scanner",mc1_0."has_physiotherapy",mc1_0."has_sports_science",mc1_0."injury_prevention_bonus",mc1_0."last_upgrade_date",mc1_0."maintenance_cost",mc1_0."name",mc1_0."next_maintenance_date",mc1_0."number_of_doctors",mc1_0."number_of_physiotherapists",mc1_0."number_of_sports_scientists",mc1_0."overall_quality",mc1_0."preventive_care_level",mc1_0."recovery_speed_bonus",mc1_0."rehabilitation_facilities",mc1_0."surgical_capabilities",mc1_0."upgrade_value",c1_0."name",s1_0."id",s1_0."accessibility_level",s1_0."atmosphere_multiplier",s1_0."base_capacity",s1_0."capacity",s1_0."construction_cost",s1_0."facilities_quality",s1_0."grandstand_est",s1_0."grandstand_nord",s1_0."grandstand_sud",s1_0."grandstand_west",s1_0."has_media_center",s1_0."has_megastore",s1_0."has_museum",s1_0."has_roof",s1_0."has_undersoil_heating",s1_0."has_vip_boxes",s1_0."last_upgrade_date",s1_0."maintenance_cost",s1_0."name",s1_0."next_maintenance_date",s1_0."pitch_quality",s1_0."revenue_multiplier",s1_0."security_level",s1_0."upgrade_value",t1_0."id",ctp1_0."id",ctp1_0."friday_focus",ctp1_0."intensity",ctp1_0."last_updated",ctp1_0."monday_focus",ctp1_0."rest_on_weekends",ctp1_0."saturday_focus",ctp1_0."sunday_focus",ctp1_0."thursday_focus",ctp1_0."tuesday_focus",ctp1_0."wednesday_focus",f2_0."id",f2_0."have_ball",f2_0."mentality",f2_0."module_id",f2_0."substitution_strategy",tf1_0."id",tf1_0."analysis_room_quality",tf1_0."construction_cost",tf1_0."gym_quality",tf1_0."has_altitude_training",tf1_0."has_hydrotherapy",tf1_0."has_indoor_facilities",tf1_0."has_nutrition_center",tf1_0."has_video_analysis",tf1_0."last_upgrade_date",tf1_0."maintenance_cost",tf1_0."medical_facility_quality",tf1_0."mental_training_bonus",tf1_0."name",tf1_0."next_maintenance_date",tf1_0."number_of_pitches",tf1_0."overall_quality",tf1_0."physical_training_bonus",tf1_0."pitch_quality",tf1_0."tactical_training_bonus",tf1_0."technical_training_bonus",tf1_0."upgrade_value",u1_0."id",ctp2_0."id",ctp2_0."friday_focus",ctp2_0."intensity",ctp2_0."last_updated",ctp2_0."monday_focus",ctp2_0."rest_on_weekends",ctp2_0."saturday_focus",ctp2_0."sunday_focus",ctp2_0."thursday_focus",ctp2_0."tuesday_focus",ctp2_0."wednesday_focus",f3_0."id",f3_0."have_ball",f3_0."mentality",f3_0."module_id",f3_0."substitution_strategy",ya1_0."id",ya1_0."coaching_quality",ya1_0."construction_cost",ya1_0."development_speed_bonus",ya1_0."education_quality",ya1_0."facilities_quality",ya1_0."has_education_center",ya1_0."has_partnership_programs",ya1_0."has_residential_facilities",ya1_0."has_scouting_network",ya1_0."last_upgrade_date",ya1_0."maintenance_cost",ya1_0."max_youth_players",ya1_0."name",ya1_0."next_maintenance_date",ya1_0."number_of_coaches",ya1_0."number_of_educators",ya1_0."number_of_pitches",ya1_0."number_of_scouts",ya1_0."overall_quality",ya1_0."retention_bonus",ya1_0."scouting_network",ya1_0."talent_generation_bonus",ya1_0."upgrade_value" from "club" c1_0 left join "finance" f1_0 on f1_0."id"=c1_0."finance_id" left join "financial_report" r1_0 on f1_0."id"=r1_0."finance_id" left join "medical_center" mc1_0 on mc1_0."id"=c1_0."medical_center_id" left join "stadium" s1_0 on s1_0."id"=c1_0."stadium_id" left join "team" t1_0 on t1_0."id"=c1_0."team_id" left join "training_plan" ctp1_0 on t1_0."id"=ctp1_0."team_id" left join "formation" f2_0 on f2_0."id"=t1_0."formation_id" left join "training_facility" tf1_0 on tf1_0."id"=c1_0."training_facility_id" left join "team" u1_0 on u1_0."id"=c1_0."under18_id" left join "training_plan" ctp2_0 on u1_0."id"=ctp2_0."team_id" left join "formation" f3_0 on f3_0."id"=u1_0."formation_id" left join "youth_academy" ya1_0 on ya1_0."id"=c1_0."youth_academy_id" where c1_0."id"=?
Hibernate: select c1_0."id",c1_0."city",c1_0."finance_id",c1_0."foundation",c1_0."league_id",c1_0."logourl",c1_0."medical_center_id",c1_0."name",c1_0."stadium_id",c1_0."team_id",c1_0."training_facility_id",c1_0."under18_id",c1_0."youth_academy_id" from "club" c1_0 where c1_0."under18_id"=?
Hibernate: select u1_0."id",u1_0."account_locked_until",u1_0."activation_token",u1_0."active",u1_0."admin_role",u1_0."ban_reason",u1_0."banned_by",u1_0."banned_until",u1_0."club_id",u1_0."country_id",u1_0."country",u1_0."created_by",u1_0."created_date",u1_0."date_of_birth",u1_0."email",u1_0."email_verification_token",u1_0."email_verification_token_expiry",u1_0."experience",u1_0."failed_login_attempts",u1_0."first_name",u1_0."is_active",u1_0."is_banned",u1_0."is_verified",u1_0."last_login_date",u1_0."last_login_ip",u1_0."last_modified_by",u1_0."last_modified_date",u1_0."last_name",mp1_0."id",mp1_0."current_xp",mp1_0."level",mp1_0."talent_points",up1_0."manager_profile_id",up1_0."perk",u1_0."name",u1_0."password",u1_0."password_changed_date",u1_0."password_reset_token",u1_0."password_reset_token_expiry",u1_0."phone_number",u1_0."preferred_language",u1_0."server_id",u1_0."surname",u1_0."timezone",u1_0."username" from "user" u1_0 left join "manager_profile" mp1_0 on u1_0."id"=mp1_0."user_id" left join "manager_unlocked_perks" up1_0 on mp1_0."id"=up1_0."manager_profile_id" where u1_0."club_id"=?
Hibernate: select th1_0."team_id",th1_0."id",th1_0."applied_bonus",th1_0."effectiveness_multiplier",th1_0."end_date",th1_0."focus",th1_0."intensity",th1_0."start_date",th1_0."status" from "training_session" th1_0 where th1_0."team_id"=?
Hibernate: select p1_0."team_id",p1_0."id",p1_0."birth",cs1_0."id",cs1_0."clubs_played",cs1_0."cup_titles",cs1_0."first_goal",cs1_0."first_professional_match",cs1_0."highest_season_rating",cs1_0."highest_transfer_value",cs1_0."international_caps",cs1_0."international_goals",cs1_0."league_titles",cs1_0."longest_goal_streak",cs1_0."milestone100goals",cs1_0."milestone100matches",cs1_0."most_assists_in_season",cs1_0."most_goals_in_season",cs1_0."total_assists",cs1_0."total_clean_sheets",cs1_0."total_goals",cs1_0."total_matches_played",cs1_0."total_red_cards",cs1_0."total_transfer_value",cs1_0."total_yellow_cards",p1_0."cndtion",cc1_0."id",cc1_0."automatic_extension_conditions",cc1_0."automatic_extension_years",cc1_0."club_id",cc1_0."end_date",cc1_0."has_release_clause",cc1_0."last_negotiation_date",cc1_0."loyalty_bonus",cc1_0."negotiation_attempts",cc1_0."player_id",cc1_0."release_clause",cc1_0."signing_bonus",cc1_0."start_date",cc1_0."status",cc1_0."weekly_salary",p1_0."defending",p1_0."goalkeeping",p1_0."moral",p1_0."name",p1_0."on_sale",p1_0."original_team_id",p1_0."passing",p1_0."playmaking",p1_0."potential",p1_0."preferred_foot",p1_0."role",p1_0."salary",p1_0."scoring",p1_0."set_pieces",p1_0."stamina",p1_0."surname",p1_0."winger" from "player" p1_0 left join "player_career_stats" cs1_0 on p1_0."id"=cs1_0."player_id" left join "contract" cc1_0 on p1_0."id"=cc1_0."player_id" where p1_0."team_id"=?
Hibernate: select s1_0."club_id",s1_0."id",s1_0."ability",s1_0."birth",s1_0."contract_end",s1_0."contract_start",s1_0."description",s1_0."experience",s1_0."injury_prevention_bonus",s1_0."monthly_salary",s1_0."motivation_bonus",s1_0."name",s1_0."nationality_id",s1_0."recovery_bonus",s1_0."reputation",s1_0."role",s1_0."scouting_bonus",s1_0."specialization",s1_0."status",s1_0."surname",s1_0."training_bonus" from "staff" s1_0 where s1_0."club_id"=?
Hibernate: select s1_0."club_id",s1_0."id",s1_0."ability",s1_0."contract_end",s1_0."experience",s1_0."monthly_salary",s1_0."name",s1_0."reputation",s1_0."region_id",s1_0."specialization",s1_0."status",s1_0."surname" from "scout" s1_0 where s1_0."club_id"=?
Hibernate: select t1_0."finance_id",t1_0."id",t1_0."amount",t1_0."category",t1_0."description",t1_0."effective_date",t1_0."is_recurring",t1_0."notes",t1_0."recurring_months",t1_0."reference",t1_0."season_id",t1_0."status",t1_0."transaction_date",t1_0."type" from "financial_transaction" t1_0 where t1_0."finance_id"=?
Hibernate: select s1_0."finance_id",s1_0."id",s1_0."amount",s1_0."expiration_date",s1_0."sponsor_id" from "sponsorship" s1_0 where s1_0."finance_id"=?
Hibernate: update "club" set "city"=?,"finance_id"=?,"foundation"=?,"league_id"=?,"logourl"=?,"medical_center_id"=?,"name"=?,"stadium_id"=?,"team_id"=?,"training_facility_id"=?,"under18_id"=?,"youth_academy_id"=? where "id"=?
Hibernate: select r1_0."id",r1_0."name" from "role" r1_0 where r1_0."name"=?
Hibernate: insert into "news" ("date","text","id") values (?,?,default)
Hibernate: insert into "user" ("account_locked_until","activation_token","active","admin_role","ban_reason","banned_by","banned_until","club_id","country_id","country","created_by","created_date","date_of_birth","email","email_verification_token","email_verification_token_expiry","experience","failed_login_attempts","first_name","is_active","is_banned","is_verified","last_login_date","last_login_ip","last_modified_by","last_modified_date","last_name","name","password","password_changed_date","password_reset_token","password_reset_token_expiry","phone_number","preferred_language","server_id","surname","timezone","username","id") values (?,?,?,?,?,?,?,?,?,?,?,?,?,?,?,?,?,?,?,?,?,?,?,?,?,?,?,?,?,?,?,?,?,?,?,?,?,?,default)
Hibernate: insert into "user_roles" ("user_id","roles_id") values (?,?)
2026-02-18T06:20:49.129Z  INFO 1843 --- [           main] com.lollito.fm.DatabaseLoader            : Database Loaded
2026-02-18T06:20:49.131Z  WARN 1843 --- [           main] o.s.core.events.SpringDocAppInitializer  : SpringDoc /v3/api-docs endpoint is enabled by default. To disable it in production, set the property 'springdoc.api-docs.enabled=false'
2026-02-18T06:20:49.131Z  WARN 1843 --- [           main] o.s.core.events.SpringDocAppInitializer  : SpringDoc /swagger-ui.html endpoint is enabled by default. To disable it in production, set the property 'springdoc.swagger-ui.enabled=false'
Mockito is currently self-attaching to enable the inline-mock-maker. This will no longer work in future releases of the JDK. Please add Mockito as an agent to your build as described in Mockito's documentation: https://javadoc.io/doc/org.mockito/mockito-core/latest/org.mockito/org/mockito/Mockito.html#0.3
OpenJDK 64-Bit Server VM warning: Sharing is only supported for boot loader classes because bootstrap classpath has been appended
WARNING: A Java agent has been loaded dynamically (/home/jules/.m2/repository/net/bytebuddy/byte-buddy-agent/1.17.8/byte-buddy-agent-1.17.8.jar)
WARNING: If a serviceability tool is in use, please run with -XX:+EnableDynamicAgentLoading to hide this warning
WARNING: If a serviceability tool is not in use, please run with -Djdk.instrument.traceUsage for more information
WARNING: Dynamic loading of agents will be disallowed by default in a future release
Hibernate: select count(*) from "module" m1_0
Hibernate: select m1_0."id",m1_0."cd",m1_0."fw",m1_0."mf",m1_0."name",m1_0."wb",m1_0."wng" from "module" m1_0
Hibernate: insert into "country" ("create_league","flag_url","name","id") values (?,?,?,default)
Hibernate: insert into "league" ("country_id","season_id","euro_cup","minor_league_id","name","promotion","relegation","server_id","id") values (?,?,?,?,?,?,?,?,default)
Hibernate: insert into "season" ("is_current","end_year","league_id","name","next_round_number","start_year","id") values (?,?,?,?,?,?,default)
Hibernate: insert into "round" ("last","number","season_id","id") values (?,?,?,default)
Hibernate: insert into "club" ("city","finance_id","foundation","league_id","logourl","medical_center_id","name","stadium_id","team_id","training_facility_id","under18_id","youth_academy_id","id") values (?,?,?,?,?,?,?,?,?,?,?,?,default)
Hibernate: insert into "stadium" ("accessibility_level","atmosphere_multiplier","base_capacity","capacity","construction_cost","facilities_quality","grandstand_est","grandstand_nord","grandstand_sud","grandstand_west","has_media_center","has_megastore","has_museum","has_roof","has_undersoil_heating","has_vip_boxes","last_upgrade_date","maintenance_cost","name","next_maintenance_date","pitch_quality","revenue_multiplier","security_level","upgrade_value","id") values (?,?,?,?,?,?,?,?,?,?,?,?,?,?,?,?,?,?,?,?,?,?,?,?,default)
Hibernate: insert into "formation" ("have_ball","mentality","module_id","substitution_strategy","id") values (?,?,?,?,default)
Hibernate: insert into "team" ("formation_id","id") values (?,default)
Hibernate: insert into "player" ("birth","cndtion","defending","goalkeeping","moral","name","on_sale","original_team_id","passing","playmaking","potential","preferred_foot","role","salary","scoring","set_pieces","stamina","surname","team_id","winger","id") values (?,?,?,?,?,?,?,?,?,?,?,?,?,?,?,?,?,?,?,?,default)
Hibernate: insert into "player" ("birth","cndtion","defending","goalkeeping","moral","name","on_sale","original_team_id","passing","playmaking","potential","preferred_foot","role","salary","scoring","set_pieces","stamina","surname","team_id","winger","id") values (?,?,?,?,?,?,?,?,?,?,?,?,?,?,?,?,?,?,?,?,default)
Hibernate: insert into "player" ("birth","cndtion","defending","goalkeeping","moral","name","on_sale","original_team_id","passing","playmaking","potential","preferred_foot","role","salary","scoring","set_pieces","stamina","surname","team_id","winger","id") values (?,?,?,?,?,?,?,?,?,?,?,?,?,?,?,?,?,?,?,?,default)
Hibernate: insert into "player" ("birth","cndtion","defending","goalkeeping","moral","name","on_sale","original_team_id","passing","playmaking","potential","preferred_foot","role","salary","scoring","set_pieces","stamina","surname","team_id","winger","id") values (?,?,?,?,?,?,?,?,?,?,?,?,?,?,?,?,?,?,?,?,default)
Hibernate: insert into "player" ("birth","cndtion","defending","goalkeeping","moral","name","on_sale","original_team_id","passing","playmaking","potential","preferred_foot","role","salary","scoring","set_pieces","stamina","surname","team_id","winger","id") values (?,?,?,?,?,?,?,?,?,?,?,?,?,?,?,?,?,?,?,?,default)
Hibernate: insert into "player" ("birth","cndtion","defending","goalkeeping","moral","name","on_sale","original_team_id","passing","playmaking","potential","preferred_foot","role","salary","scoring","set_pieces","stamina","surname","team_id","winger","id") values (?,?,?,?,?,?,?,?,?,?,?,?,?,?,?,?,?,?,?,?,default)
Hibernate: insert into "player" ("birth","cndtion","defending","goalkeeping","moral","name","on_sale","original_team_id","passing","playmaking","potential","preferred_foot","role","salary","scoring","set_pieces","stamina","surname","team_id","winger","id") values (?,?,?,?,?,?,?,?,?,?,?,?,?,?,?,?,?,?,?,?,default)
Hibernate: insert into "player" ("birth","cndtion","defending","goalkeeping","moral","name","on_sale","original_team_id","passing","playmaking","potential","preferred_foot","role","salary","scoring","set_pieces","stamina","surname","team_id","winger","id") values (?,?,?,?,?,?,?,?,?,?,?,?,?,?,?,?,?,?,?,?,default)
Hibernate: insert into "player" ("birth","cndtion","defending","goalkeeping","moral","name","on_sale","original_team_id","passing","playmaking","potential","preferred_foot","role","salary","scoring","set_pieces","stamina","surname","team_id","winger","id") values (?,?,?,?,?,?,?,?,?,?,?,?,?,?,?,?,?,?,?,?,default)
Hibernate: insert into "player" ("birth","cndtion","defending","goalkeeping","moral","name","on_sale","original_team_id","passing","playmaking","potential","preferred_foot","role","salary","scoring","set_pieces","stamina","surname","team_id","winger","id") values (?,?,?,?,?,?,?,?,?,?,?,?,?,?,?,?,?,?,?,?,default)
Hibernate: insert into "player" ("birth","cndtion","defending","goalkeeping","moral","name","on_sale","original_team_id","passing","playmaking","potential","preferred_foot","role","salary","scoring","set_pieces","stamina","surname","team_id","winger","id") values (?,?,?,?,?,?,?,?,?,?,?,?,?,?,?,?,?,?,?,?,default)
Hibernate: insert into "club" ("city","finance_id","foundation","league_id","logourl","medical_center_id","name","stadium_id","team_id","training_facility_id","under18_id","youth_academy_id","id") values (?,?,?,?,?,?,?,?,?,?,?,?,default)
Hibernate: insert into "stadium" ("accessibility_level","atmosphere_multiplier","base_capacity","capacity","construction_cost","facilities_quality","grandstand_est","grandstand_nord","grandstand_sud","grandstand_west","has_media_center","has_megastore","has_museum","has_roof","has_undersoil_heating","has_vip_boxes","last_upgrade_date","maintenance_cost","name","next_maintenance_date","pitch_quality","revenue_multiplier","security_level","upgrade_value","id") values (?,?,?,?,?,?,?,?,?,?,?,?,?,?,?,?,?,?,?,?,?,?,?,?,default)
Hibernate: insert into "formation" ("have_ball","mentality","module_id","substitution_strategy","id") values (?,?,?,?,default)
Hibernate: insert into "team" ("formation_id","id") values (?,default)
Hibernate: insert into "player" ("birth","cndtion","defending","goalkeeping","moral","name","on_sale","original_team_id","passing","playmaking","potential","preferred_foot","role","salary","scoring","set_pieces","stamina","surname","team_id","winger","id") values (?,?,?,?,?,?,?,?,?,?,?,?,?,?,?,?,?,?,?,?,default)
Hibernate: insert into "player" ("birth","cndtion","defending","goalkeeping","moral","name","on_sale","original_team_id","passing","playmaking","potential","preferred_foot","role","salary","scoring","set_pieces","stamina","surname","team_id","winger","id") values (?,?,?,?,?,?,?,?,?,?,?,?,?,?,?,?,?,?,?,?,default)
Hibernate: insert into "player" ("birth","cndtion","defending","goalkeeping","moral","name","on_sale","original_team_id","passing","playmaking","potential","preferred_foot","role","salary","scoring","set_pieces","stamina","surname","team_id","winger","id") values (?,?,?,?,?,?,?,?,?,?,?,?,?,?,?,?,?,?,?,?,default)
Hibernate: insert into "player" ("birth","cndtion","defending","goalkeeping","moral","name","on_sale","original_team_id","passing","playmaking","potential","preferred_foot","role","salary","scoring","set_pieces","stamina","surname","team_id","winger","id") values (?,?,?,?,?,?,?,?,?,?,?,?,?,?,?,?,?,?,?,?,default)
Hibernate: insert into "player" ("birth","cndtion","defending","goalkeeping","moral","name","on_sale","original_team_id","passing","playmaking","potential","preferred_foot","role","salary","scoring","set_pieces","stamina","surname","team_id","winger","id") values (?,?,?,?,?,?,?,?,?,?,?,?,?,?,?,?,?,?,?,?,default)
Hibernate: insert into "player" ("birth","cndtion","defending","goalkeeping","moral","name","on_sale","original_team_id","passing","playmaking","potential","preferred_foot","role","salary","scoring","set_pieces","stamina","surname","team_id","winger","id") values (?,?,?,?,?,?,?,?,?,?,?,?,?,?,?,?,?,?,?,?,default)
Hibernate: insert into "player" ("birth","cndtion","defending","goalkeeping","moral","name","on_sale","original_team_id","passing","playmaking","potential","preferred_foot","role","salary","scoring","set_pieces","stamina","surname","team_id","winger","id") values (?,?,?,?,?,?,?,?,?,?,?,?,?,?,?,?,?,?,?,?,default)
Hibernate: insert into "player" ("birth","cndtion","defending","goalkeeping","moral","name","on_sale","original_team_id","passing","playmaking","potential","preferred_foot","role","salary","scoring","set_pieces","stamina","surname","team_id","winger","id") values (?,?,?,?,?,?,?,?,?,?,?,?,?,?,?,?,?,?,?,?,default)
Hibernate: insert into "player" ("birth","cndtion","defending","goalkeeping","moral","name","on_sale","original_team_id","passing","playmaking","potential","preferred_foot","role","salary","scoring","set_pieces","stamina","surname","team_id","winger","id") values (?,?,?,?,?,?,?,?,?,?,?,?,?,?,?,?,?,?,?,?,default)
Hibernate: insert into "player" ("birth","cndtion","defending","goalkeeping","moral","name","on_sale","original_team_id","passing","playmaking","potential","preferred_foot","role","salary","scoring","set_pieces","stamina","surname","team_id","winger","id") values (?,?,?,?,?,?,?,?,?,?,?,?,?,?,?,?,?,?,?,?,default)
Hibernate: insert into "player" ("birth","cndtion","defending","goalkeeping","moral","name","on_sale","original_team_id","passing","playmaking","potential","preferred_foot","role","salary","scoring","set_pieces","stamina","surname","team_id","winger","id") values (?,?,?,?,?,?,?,?,?,?,?,?,?,?,?,?,?,?,?,?,default)
Hibernate: insert into "club" ("city","finance_id","foundation","league_id","logourl","medical_center_id","name","stadium_id","team_id","training_facility_id","under18_id","youth_academy_id","id") values (?,?,?,?,?,?,?,?,?,?,?,?,default)
Hibernate: insert into "stadium" ("accessibility_level","atmosphere_multiplier","base_capacity","capacity","construction_cost","facilities_quality","grandstand_est","grandstand_nord","grandstand_sud","grandstand_west","has_media_center","has_megastore","has_museum","has_roof","has_undersoil_heating","has_vip_boxes","last_upgrade_date","maintenance_cost","name","next_maintenance_date","pitch_quality","revenue_multiplier","security_level","upgrade_value","id") values (?,?,?,?,?,?,?,?,?,?,?,?,?,?,?,?,?,?,?,?,?,?,?,?,default)
Hibernate: insert into "formation" ("have_ball","mentality","module_id","substitution_strategy","id") values (?,?,?,?,default)
Hibernate: insert into "team" ("formation_id","id") values (?,default)
Hibernate: insert into "player" ("birth","cndtion","defending","goalkeeping","moral","name","on_sale","original_team_id","passing","playmaking","potential","preferred_foot","role","salary","scoring","set_pieces","stamina","surname","team_id","winger","id") values (?,?,?,?,?,?,?,?,?,?,?,?,?,?,?,?,?,?,?,?,default)
Hibernate: insert into "player" ("birth","cndtion","defending","goalkeeping","moral","name","on_sale","original_team_id","passing","playmaking","potential","preferred_foot","role","salary","scoring","set_pieces","stamina","surname","team_id","winger","id") values (?,?,?,?,?,?,?,?,?,?,?,?,?,?,?,?,?,?,?,?,default)
Hibernate: insert into "player" ("birth","cndtion","defending","goalkeeping","moral","name","on_sale","original_team_id","passing","playmaking","potential","preferred_foot","role","salary","scoring","set_pieces","stamina","surname","team_id","winger","id") values (?,?,?,?,?,?,?,?,?,?,?,?,?,?,?,?,?,?,?,?,default)
Hibernate: insert into "player" ("birth","cndtion","defending","goalkeeping","moral","name","on_sale","original_team_id","passing","playmaking","potential","preferred_foot","role","salary","scoring","set_pieces","stamina","surname","team_id","winger","id") values (?,?,?,?,?,?,?,?,?,?,?,?,?,?,?,?,?,?,?,?,default)
Hibernate: insert into "player" ("birth","cndtion","defending","goalkeeping","moral","name","on_sale","original_team_id","passing","playmaking","potential","preferred_foot","role","salary","scoring","set_pieces","stamina","surname","team_id","winger","id") values (?,?,?,?,?,?,?,?,?,?,?,?,?,?,?,?,?,?,?,?,default)
Hibernate: insert into "player" ("birth","cndtion","defending","goalkeeping","moral","name","on_sale","original_team_id","passing","playmaking","potential","preferred_foot","role","salary","scoring","set_pieces","stamina","surname","team_id","winger","id") values (?,?,?,?,?,?,?,?,?,?,?,?,?,?,?,?,?,?,?,?,default)
Hibernate: insert into "player" ("birth","cndtion","defending","goalkeeping","moral","name","on_sale","original_team_id","passing","playmaking","potential","preferred_foot","role","salary","scoring","set_pieces","stamina","surname","team_id","winger","id") values (?,?,?,?,?,?,?,?,?,?,?,?,?,?,?,?,?,?,?,?,default)
Hibernate: insert into "player" ("birth","cndtion","defending","goalkeeping","moral","name","on_sale","original_team_id","passing","playmaking","potential","preferred_foot","role","salary","scoring","set_pieces","stamina","surname","team_id","winger","id") values (?,?,?,?,?,?,?,?,?,?,?,?,?,?,?,?,?,?,?,?,default)
Hibernate: insert into "player" ("birth","cndtion","defending","goalkeeping","moral","name","on_sale","original_team_id","passing","playmaking","potential","preferred_foot","role","salary","scoring","set_pieces","stamina","surname","team_id","winger","id") values (?,?,?,?,?,?,?,?,?,?,?,?,?,?,?,?,?,?,?,?,default)
Hibernate: insert into "player" ("birth","cndtion","defending","goalkeeping","moral","name","on_sale","original_team_id","passing","playmaking","potential","preferred_foot","role","salary","scoring","set_pieces","stamina","surname","team_id","winger","id") values (?,?,?,?,?,?,?,?,?,?,?,?,?,?,?,?,?,?,?,?,default)
Hibernate: insert into "player" ("birth","cndtion","defending","goalkeeping","moral","name","on_sale","original_team_id","passing","playmaking","potential","preferred_foot","role","salary","scoring","set_pieces","stamina","surname","team_id","winger","id") values (?,?,?,?,?,?,?,?,?,?,?,?,?,?,?,?,?,?,?,?,default)
Hibernate: insert into "club" ("city","finance_id","foundation","league_id","logourl","medical_center_id","name","stadium_id","team_id","training_facility_id","under18_id","youth_academy_id","id") values (?,?,?,?,?,?,?,?,?,?,?,?,default)
Hibernate: insert into "stadium" ("accessibility_level","atmosphere_multiplier","base_capacity","capacity","construction_cost","facilities_quality","grandstand_est","grandstand_nord","grandstand_sud","grandstand_west","has_media_center","has_megastore","has_museum","has_roof","has_undersoil_heating","has_vip_boxes","last_upgrade_date","maintenance_cost","name","next_maintenance_date","pitch_quality","revenue_multiplier","security_level","upgrade_value","id") values (?,?,?,?,?,?,?,?,?,?,?,?,?,?,?,?,?,?,?,?,?,?,?,?,default)
Hibernate: insert into "formation" ("have_ball","mentality","module_id","substitution_strategy","id") values (?,?,?,?,default)
Hibernate: insert into "team" ("formation_id","id") values (?,default)
Hibernate: insert into "player" ("birth","cndtion","defending","goalkeeping","moral","name","on_sale","original_team_id","passing","playmaking","potential","preferred_foot","role","salary","scoring","set_pieces","stamina","surname","team_id","winger","id") values (?,?,?,?,?,?,?,?,?,?,?,?,?,?,?,?,?,?,?,?,default)
Hibernate: insert into "player" ("birth","cndtion","defending","goalkeeping","moral","name","on_sale","original_team_id","passing","playmaking","potential","preferred_foot","role","salary","scoring","set_pieces","stamina","surname","team_id","winger","id") values (?,?,?,?,?,?,?,?,?,?,?,?,?,?,?,?,?,?,?,?,default)
Hibernate: insert into "player" ("birth","cndtion","defending","goalkeeping","moral","name","on_sale","original_team_id","passing","playmaking","potential","preferred_foot","role","salary","scoring","set_pieces","stamina","surname","team_id","winger","id") values (?,?,?,?,?,?,?,?,?,?,?,?,?,?,?,?,?,?,?,?,default)
Hibernate: insert into "player" ("birth","cndtion","defending","goalkeeping","moral","name","on_sale","original_team_id","passing","playmaking","potential","preferred_foot","role","salary","scoring","set_pieces","stamina","surname","team_id","winger","id") values (?,?,?,?,?,?,?,?,?,?,?,?,?,?,?,?,?,?,?,?,default)
Hibernate: insert into "player" ("birth","cndtion","defending","goalkeeping","moral","name","on_sale","original_team_id","passing","playmaking","potential","preferred_foot","role","salary","scoring","set_pieces","stamina","surname","team_id","winger","id") values (?,?,?,?,?,?,?,?,?,?,?,?,?,?,?,?,?,?,?,?,default)
Hibernate: insert into "player" ("birth","cndtion","defending","goalkeeping","moral","name","on_sale","original_team_id","passing","playmaking","potential","preferred_foot","role","salary","scoring","set_pieces","stamina","surname","team_id","winger","id") values (?,?,?,?,?,?,?,?,?,?,?,?,?,?,?,?,?,?,?,?,default)
Hibernate: insert into "player" ("birth","cndtion","defending","goalkeeping","moral","name","on_sale","original_team_id","passing","playmaking","potential","preferred_foot","role","salary","scoring","set_pieces","stamina","surname","team_id","winger","id") values (?,?,?,?,?,?,?,?,?,?,?,?,?,?,?,?,?,?,?,?,default)
Hibernate: insert into "player" ("birth","cndtion","defending","goalkeeping","moral","name","on_sale","original_team_id","passing","playmaking","potential","preferred_foot","role","salary","scoring","set_pieces","stamina","surname","team_id","winger","id") values (?,?,?,?,?,?,?,?,?,?,?,?,?,?,?,?,?,?,?,?,default)
Hibernate: insert into "player" ("birth","cndtion","defending","goalkeeping","moral","name","on_sale","original_team_id","passing","playmaking","potential","preferred_foot","role","salary","scoring","set_pieces","stamina","surname","team_id","winger","id") values (?,?,?,?,?,?,?,?,?,?,?,?,?,?,?,?,?,?,?,?,default)
Hibernate: insert into "player" ("birth","cndtion","defending","goalkeeping","moral","name","on_sale","original_team_id","passing","playmaking","potential","preferred_foot","role","salary","scoring","set_pieces","stamina","surname","team_id","winger","id") values (?,?,?,?,?,?,?,?,?,?,?,?,?,?,?,?,?,?,?,?,default)
Hibernate: insert into "player" ("birth","cndtion","defending","goalkeeping","moral","name","on_sale","original_team_id","passing","playmaking","potential","preferred_foot","role","salary","scoring","set_pieces","stamina","surname","team_id","winger","id") values (?,?,?,?,?,?,?,?,?,?,?,?,?,?,?,?,?,?,?,?,default)
Hibernate: insert into "club" ("city","finance_id","foundation","league_id","logourl","medical_center_id","name","stadium_id","team_id","training_facility_id","under18_id","youth_academy_id","id") values (?,?,?,?,?,?,?,?,?,?,?,?,default)
Hibernate: insert into "stadium" ("accessibility_level","atmosphere_multiplier","base_capacity","capacity","construction_cost","facilities_quality","grandstand_est","grandstand_nord","grandstand_sud","grandstand_west","has_media_center","has_megastore","has_museum","has_roof","has_undersoil_heating","has_vip_boxes","last_upgrade_date","maintenance_cost","name","next_maintenance_date","pitch_quality","revenue_multiplier","security_level","upgrade_value","id") values (?,?,?,?,?,?,?,?,?,?,?,?,?,?,?,?,?,?,?,?,?,?,?,?,default)
Hibernate: insert into "formation" ("have_ball","mentality","module_id","substitution_strategy","id") values (?,?,?,?,default)
Hibernate: insert into "team" ("formation_id","id") values (?,default)
Hibernate: insert into "player" ("birth","cndtion","defending","goalkeeping","moral","name","on_sale","original_team_id","passing","playmaking","potential","preferred_foot","role","salary","scoring","set_pieces","stamina","surname","team_id","winger","id") values (?,?,?,?,?,?,?,?,?,?,?,?,?,?,?,?,?,?,?,?,default)
Hibernate: insert into "player" ("birth","cndtion","defending","goalkeeping","moral","name","on_sale","original_team_id","passing","playmaking","potential","preferred_foot","role","salary","scoring","set_pieces","stamina","surname","team_id","winger","id") values (?,?,?,?,?,?,?,?,?,?,?,?,?,?,?,?,?,?,?,?,default)
Hibernate: insert into "player" ("birth","cndtion","defending","goalkeeping","moral","name","on_sale","original_team_id","passing","playmaking","potential","preferred_foot","role","salary","scoring","set_pieces","stamina","surname","team_id","winger","id") values (?,?,?,?,?,?,?,?,?,?,?,?,?,?,?,?,?,?,?,?,default)
Hibernate: insert into "player" ("birth","cndtion","defending","goalkeeping","moral","name","on_sale","original_team_id","passing","playmaking","potential","preferred_foot","role","salary","scoring","set_pieces","stamina","surname","team_id","winger","id") values (?,?,?,?,?,?,?,?,?,?,?,?,?,?,?,?,?,?,?,?,default)
Hibernate: insert into "player" ("birth","cndtion","defending","goalkeeping","moral","name","on_sale","original_team_id","passing","playmaking","potential","preferred_foot","role","salary","scoring","set_pieces","stamina","surname","team_id","winger","id") values (?,?,?,?,?,?,?,?,?,?,?,?,?,?,?,?,?,?,?,?,default)
Hibernate: insert into "player" ("birth","cndtion","defending","goalkeeping","moral","name","on_sale","original_team_id","passing","playmaking","potential","preferred_foot","role","salary","scoring","set_pieces","stamina","surname","team_id","winger","id") values (?,?,?,?,?,?,?,?,?,?,?,?,?,?,?,?,?,?,?,?,default)
Hibernate: insert into "player" ("birth","cndtion","defending","goalkeeping","moral","name","on_sale","original_team_id","passing","playmaking","potential","preferred_foot","role","salary","scoring","set_pieces","stamina","surname","team_id","winger","id") values (?,?,?,?,?,?,?,?,?,?,?,?,?,?,?,?,?,?,?,?,default)
Hibernate: insert into "player" ("birth","cndtion","defending","goalkeeping","moral","name","on_sale","original_team_id","passing","playmaking","potential","preferred_foot","role","salary","scoring","set_pieces","stamina","surname","team_id","winger","id") values (?,?,?,?,?,?,?,?,?,?,?,?,?,?,?,?,?,?,?,?,default)
Hibernate: insert into "player" ("birth","cndtion","defending","goalkeeping","moral","name","on_sale","original_team_id","passing","playmaking","potential","preferred_foot","role","salary","scoring","set_pieces","stamina","surname","team_id","winger","id") values (?,?,?,?,?,?,?,?,?,?,?,?,?,?,?,?,?,?,?,?,default)
Hibernate: insert into "player" ("birth","cndtion","defending","goalkeeping","moral","name","on_sale","original_team_id","passing","playmaking","potential","preferred_foot","role","salary","scoring","set_pieces","stamina","surname","team_id","winger","id") values (?,?,?,?,?,?,?,?,?,?,?,?,?,?,?,?,?,?,?,?,default)
Hibernate: insert into "player" ("birth","cndtion","defending","goalkeeping","moral","name","on_sale","original_team_id","passing","playmaking","potential","preferred_foot","role","salary","scoring","set_pieces","stamina","surname","team_id","winger","id") values (?,?,?,?,?,?,?,?,?,?,?,?,?,?,?,?,?,?,?,?,default)
Hibernate: insert into "club" ("city","finance_id","foundation","league_id","logourl","medical_center_id","name","stadium_id","team_id","training_facility_id","under18_id","youth_academy_id","id") values (?,?,?,?,?,?,?,?,?,?,?,?,default)
Hibernate: insert into "stadium" ("accessibility_level","atmosphere_multiplier","base_capacity","capacity","construction_cost","facilities_quality","grandstand_est","grandstand_nord","grandstand_sud","grandstand_west","has_media_center","has_megastore","has_museum","has_roof","has_undersoil_heating","has_vip_boxes","last_upgrade_date","maintenance_cost","name","next_maintenance_date","pitch_quality","revenue_multiplier","security_level","upgrade_value","id") values (?,?,?,?,?,?,?,?,?,?,?,?,?,?,?,?,?,?,?,?,?,?,?,?,default)
Hibernate: insert into "formation" ("have_ball","mentality","module_id","substitution_strategy","id") values (?,?,?,?,default)
Hibernate: insert into "team" ("formation_id","id") values (?,default)
Hibernate: insert into "player" ("birth","cndtion","defending","goalkeeping","moral","name","on_sale","original_team_id","passing","playmaking","potential","preferred_foot","role","salary","scoring","set_pieces","stamina","surname","team_id","winger","id") values (?,?,?,?,?,?,?,?,?,?,?,?,?,?,?,?,?,?,?,?,default)
Hibernate: insert into "player" ("birth","cndtion","defending","goalkeeping","moral","name","on_sale","original_team_id","passing","playmaking","potential","preferred_foot","role","salary","scoring","set_pieces","stamina","surname","team_id","winger","id") values (?,?,?,?,?,?,?,?,?,?,?,?,?,?,?,?,?,?,?,?,default)
Hibernate: insert into "player" ("birth","cndtion","defending","goalkeeping","moral","name","on_sale","original_team_id","passing","playmaking","potential","preferred_foot","role","salary","scoring","set_pieces","stamina","surname","team_id","winger","id") values (?,?,?,?,?,?,?,?,?,?,?,?,?,?,?,?,?,?,?,?,default)
Hibernate: insert into "player" ("birth","cndtion","defending","goalkeeping","moral","name","on_sale","original_team_id","passing","playmaking","potential","preferred_foot","role","salary","scoring","set_pieces","stamina","surname","team_id","winger","id") values (?,?,?,?,?,?,?,?,?,?,?,?,?,?,?,?,?,?,?,?,default)
Hibernate: insert into "player" ("birth","cndtion","defending","goalkeeping","moral","name","on_sale","original_team_id","passing","playmaking","potential","preferred_foot","role","salary","scoring","set_pieces","stamina","surname","team_id","winger","id") values (?,?,?,?,?,?,?,?,?,?,?,?,?,?,?,?,?,?,?,?,default)
Hibernate: insert into "player" ("birth","cndtion","defending","goalkeeping","moral","name","on_sale","original_team_id","passing","playmaking","potential","preferred_foot","role","salary","scoring","set_pieces","stamina","surname","team_id","winger","id") values (?,?,?,?,?,?,?,?,?,?,?,?,?,?,?,?,?,?,?,?,default)
Hibernate: insert into "player" ("birth","cndtion","defending","goalkeeping","moral","name","on_sale","original_team_id","passing","playmaking","potential","preferred_foot","role","salary","scoring","set_pieces","stamina","surname","team_id","winger","id") values (?,?,?,?,?,?,?,?,?,?,?,?,?,?,?,?,?,?,?,?,default)
Hibernate: insert into "player" ("birth","cndtion","defending","goalkeeping","moral","name","on_sale","original_team_id","passing","playmaking","potential","preferred_foot","role","salary","scoring","set_pieces","stamina","surname","team_id","winger","id") values (?,?,?,?,?,?,?,?,?,?,?,?,?,?,?,?,?,?,?,?,default)
Hibernate: insert into "player" ("birth","cndtion","defending","goalkeeping","moral","name","on_sale","original_team_id","passing","playmaking","potential","preferred_foot","role","salary","scoring","set_pieces","stamina","surname","team_id","winger","id") values (?,?,?,?,?,?,?,?,?,?,?,?,?,?,?,?,?,?,?,?,default)
Hibernate: insert into "player" ("birth","cndtion","defending","goalkeeping","moral","name","on_sale","original_team_id","passing","playmaking","potential","preferred_foot","role","salary","scoring","set_pieces","stamina","surname","team_id","winger","id") values (?,?,?,?,?,?,?,?,?,?,?,?,?,?,?,?,?,?,?,?,default)
Hibernate: insert into "player" ("birth","cndtion","defending","goalkeeping","moral","name","on_sale","original_team_id","passing","playmaking","potential","preferred_foot","role","salary","scoring","set_pieces","stamina","surname","team_id","winger","id") values (?,?,?,?,?,?,?,?,?,?,?,?,?,?,?,?,?,?,?,?,default)
Hibernate: insert into "club" ("city","finance_id","foundation","league_id","logourl","medical_center_id","name","stadium_id","team_id","training_facility_id","under18_id","youth_academy_id","id") values (?,?,?,?,?,?,?,?,?,?,?,?,default)
Hibernate: insert into "stadium" ("accessibility_level","atmosphere_multiplier","base_capacity","capacity","construction_cost","facilities_quality","grandstand_est","grandstand_nord","grandstand_sud","grandstand_west","has_media_center","has_megastore","has_museum","has_roof","has_undersoil_heating","has_vip_boxes","last_upgrade_date","maintenance_cost","name","next_maintenance_date","pitch_quality","revenue_multiplier","security_level","upgrade_value","id") values (?,?,?,?,?,?,?,?,?,?,?,?,?,?,?,?,?,?,?,?,?,?,?,?,default)
Hibernate: insert into "formation" ("have_ball","mentality","module_id","substitution_strategy","id") values (?,?,?,?,default)
Hibernate: insert into "team" ("formation_id","id") values (?,default)
Hibernate: insert into "player" ("birth","cndtion","defending","goalkeeping","moral","name","on_sale","original_team_id","passing","playmaking","potential","preferred_foot","role","salary","scoring","set_pieces","stamina","surname","team_id","winger","id") values (?,?,?,?,?,?,?,?,?,?,?,?,?,?,?,?,?,?,?,?,default)
Hibernate: insert into "player" ("birth","cndtion","defending","goalkeeping","moral","name","on_sale","original_team_id","passing","playmaking","potential","preferred_foot","role","salary","scoring","set_pieces","stamina","surname","team_id","winger","id") values (?,?,?,?,?,?,?,?,?,?,?,?,?,?,?,?,?,?,?,?,default)
Hibernate: insert into "player" ("birth","cndtion","defending","goalkeeping","moral","name","on_sale","original_team_id","passing","playmaking","potential","preferred_foot","role","salary","scoring","set_pieces","stamina","surname","team_id","winger","id") values (?,?,?,?,?,?,?,?,?,?,?,?,?,?,?,?,?,?,?,?,default)
Hibernate: insert into "player" ("birth","cndtion","defending","goalkeeping","moral","name","on_sale","original_team_id","passing","playmaking","potential","preferred_foot","role","salary","scoring","set_pieces","stamina","surname","team_id","winger","id") values (?,?,?,?,?,?,?,?,?,?,?,?,?,?,?,?,?,?,?,?,default)
Hibernate: insert into "player" ("birth","cndtion","defending","goalkeeping","moral","name","on_sale","original_team_id","passing","playmaking","potential","preferred_foot","role","salary","scoring","set_pieces","stamina","surname","team_id","winger","id") values (?,?,?,?,?,?,?,?,?,?,?,?,?,?,?,?,?,?,?,?,default)
Hibernate: insert into "player" ("birth","cndtion","defending","goalkeeping","moral","name","on_sale","original_team_id","passing","playmaking","potential","preferred_foot","role","salary","scoring","set_pieces","stamina","surname","team_id","winger","id") values (?,?,?,?,?,?,?,?,?,?,?,?,?,?,?,?,?,?,?,?,default)
Hibernate: insert into "player" ("birth","cndtion","defending","goalkeeping","moral","name","on_sale","original_team_id","passing","playmaking","potential","preferred_foot","role","salary","scoring","set_pieces","stamina","surname","team_id","winger","id") values (?,?,?,?,?,?,?,?,?,?,?,?,?,?,?,?,?,?,?,?,default)
Hibernate: insert into "player" ("birth","cndtion","defending","goalkeeping","moral","name","on_sale","original_team_id","passing","playmaking","potential","preferred_foot","role","salary","scoring","set_pieces","stamina","surname","team_id","winger","id") values (?,?,?,?,?,?,?,?,?,?,?,?,?,?,?,?,?,?,?,?,default)
Hibernate: insert into "player" ("birth","cndtion","defending","goalkeeping","moral","name","on_sale","original_team_id","passing","playmaking","potential","preferred_foot","role","salary","scoring","set_pieces","stamina","surname","team_id","winger","id") values (?,?,?,?,?,?,?,?,?,?,?,?,?,?,?,?,?,?,?,?,default)
Hibernate: insert into "player" ("birth","cndtion","defending","goalkeeping","moral","name","on_sale","original_team_id","passing","playmaking","potential","preferred_foot","role","salary","scoring","set_pieces","stamina","surname","team_id","winger","id") values (?,?,?,?,?,?,?,?,?,?,?,?,?,?,?,?,?,?,?,?,default)
Hibernate: insert into "player" ("birth","cndtion","defending","goalkeeping","moral","name","on_sale","original_team_id","passing","playmaking","potential","preferred_foot","role","salary","scoring","set_pieces","stamina","surname","team_id","winger","id") values (?,?,?,?,?,?,?,?,?,?,?,?,?,?,?,?,?,?,?,?,default)
Hibernate: insert into "club" ("city","finance_id","foundation","league_id","logourl","medical_center_id","name","stadium_id","team_id","training_facility_id","under18_id","youth_academy_id","id") values (?,?,?,?,?,?,?,?,?,?,?,?,default)
Hibernate: insert into "stadium" ("accessibility_level","atmosphere_multiplier","base_capacity","capacity","construction_cost","facilities_quality","grandstand_est","grandstand_nord","grandstand_sud","grandstand_west","has_media_center","has_megastore","has_museum","has_roof","has_undersoil_heating","has_vip_boxes","last_upgrade_date","maintenance_cost","name","next_maintenance_date","pitch_quality","revenue_multiplier","security_level","upgrade_value","id") values (?,?,?,?,?,?,?,?,?,?,?,?,?,?,?,?,?,?,?,?,?,?,?,?,default)
Hibernate: insert into "formation" ("have_ball","mentality","module_id","substitution_strategy","id") values (?,?,?,?,default)
Hibernate: insert into "team" ("formation_id","id") values (?,default)
Hibernate: insert into "player" ("birth","cndtion","defending","goalkeeping","moral","name","on_sale","original_team_id","passing","playmaking","potential","preferred_foot","role","salary","scoring","set_pieces","stamina","surname","team_id","winger","id") values (?,?,?,?,?,?,?,?,?,?,?,?,?,?,?,?,?,?,?,?,default)
Hibernate: insert into "player" ("birth","cndtion","defending","goalkeeping","moral","name","on_sale","original_team_id","passing","playmaking","potential","preferred_foot","role","salary","scoring","set_pieces","stamina","surname","team_id","winger","id") values (?,?,?,?,?,?,?,?,?,?,?,?,?,?,?,?,?,?,?,?,default)
Hibernate: insert into "player" ("birth","cndtion","defending","goalkeeping","moral","name","on_sale","original_team_id","passing","playmaking","potential","preferred_foot","role","salary","scoring","set_pieces","stamina","surname","team_id","winger","id") values (?,?,?,?,?,?,?,?,?,?,?,?,?,?,?,?,?,?,?,?,default)
Hibernate: insert into "player" ("birth","cndtion","defending","goalkeeping","moral","name","on_sale","original_team_id","passing","playmaking","potential","preferred_foot","role","salary","scoring","set_pieces","stamina","surname","team_id","winger","id") values (?,?,?,?,?,?,?,?,?,?,?,?,?,?,?,?,?,?,?,?,default)
Hibernate: insert into "player" ("birth","cndtion","defending","goalkeeping","moral","name","on_sale","original_team_id","passing","playmaking","potential","preferred_foot","role","salary","scoring","set_pieces","stamina","surname","team_id","winger","id") values (?,?,?,?,?,?,?,?,?,?,?,?,?,?,?,?,?,?,?,?,default)
Hibernate: insert into "player" ("birth","cndtion","defending","goalkeeping","moral","name","on_sale","original_team_id","passing","playmaking","potential","preferred_foot","role","salary","scoring","set_pieces","stamina","surname","team_id","winger","id") values (?,?,?,?,?,?,?,?,?,?,?,?,?,?,?,?,?,?,?,?,default)
Hibernate: insert into "player" ("birth","cndtion","defending","goalkeeping","moral","name","on_sale","original_team_id","passing","playmaking","potential","preferred_foot","role","salary","scoring","set_pieces","stamina","surname","team_id","winger","id") values (?,?,?,?,?,?,?,?,?,?,?,?,?,?,?,?,?,?,?,?,default)
Hibernate: insert into "player" ("birth","cndtion","defending","goalkeeping","moral","name","on_sale","original_team_id","passing","playmaking","potential","preferred_foot","role","salary","scoring","set_pieces","stamina","surname","team_id","winger","id") values (?,?,?,?,?,?,?,?,?,?,?,?,?,?,?,?,?,?,?,?,default)
Hibernate: insert into "player" ("birth","cndtion","defending","goalkeeping","moral","name","on_sale","original_team_id","passing","playmaking","potential","preferred_foot","role","salary","scoring","set_pieces","stamina","surname","team_id","winger","id") values (?,?,?,?,?,?,?,?,?,?,?,?,?,?,?,?,?,?,?,?,default)
Hibernate: insert into "player" ("birth","cndtion","defending","goalkeeping","moral","name","on_sale","original_team_id","passing","playmaking","potential","preferred_foot","role","salary","scoring","set_pieces","stamina","surname","team_id","winger","id") values (?,?,?,?,?,?,?,?,?,?,?,?,?,?,?,?,?,?,?,?,default)
Hibernate: insert into "player" ("birth","cndtion","defending","goalkeeping","moral","name","on_sale","original_team_id","passing","playmaking","potential","preferred_foot","role","salary","scoring","set_pieces","stamina","surname","team_id","winger","id") values (?,?,?,?,?,?,?,?,?,?,?,?,?,?,?,?,?,?,?,?,default)
Hibernate: insert into "club" ("city","finance_id","foundation","league_id","logourl","medical_center_id","name","stadium_id","team_id","training_facility_id","under18_id","youth_academy_id","id") values (?,?,?,?,?,?,?,?,?,?,?,?,default)
Hibernate: insert into "stadium" ("accessibility_level","atmosphere_multiplier","base_capacity","capacity","construction_cost","facilities_quality","grandstand_est","grandstand_nord","grandstand_sud","grandstand_west","has_media_center","has_megastore","has_museum","has_roof","has_undersoil_heating","has_vip_boxes","last_upgrade_date","maintenance_cost","name","next_maintenance_date","pitch_quality","revenue_multiplier","security_level","upgrade_value","id") values (?,?,?,?,?,?,?,?,?,?,?,?,?,?,?,?,?,?,?,?,?,?,?,?,default)
Hibernate: insert into "formation" ("have_ball","mentality","module_id","substitution_strategy","id") values (?,?,?,?,default)
Hibernate: insert into "team" ("formation_id","id") values (?,default)
Hibernate: insert into "player" ("birth","cndtion","defending","goalkeeping","moral","name","on_sale","original_team_id","passing","playmaking","potential","preferred_foot","role","salary","scoring","set_pieces","stamina","surname","team_id","winger","id") values (?,?,?,?,?,?,?,?,?,?,?,?,?,?,?,?,?,?,?,?,default)
Hibernate: insert into "player" ("birth","cndtion","defending","goalkeeping","moral","name","on_sale","original_team_id","passing","playmaking","potential","preferred_foot","role","salary","scoring","set_pieces","stamina","surname","team_id","winger","id") values (?,?,?,?,?,?,?,?,?,?,?,?,?,?,?,?,?,?,?,?,default)
Hibernate: insert into "player" ("birth","cndtion","defending","goalkeeping","moral","name","on_sale","original_team_id","passing","playmaking","potential","preferred_foot","role","salary","scoring","set_pieces","stamina","surname","team_id","winger","id") values (?,?,?,?,?,?,?,?,?,?,?,?,?,?,?,?,?,?,?,?,default)
Hibernate: insert into "player" ("birth","cndtion","defending","goalkeeping","moral","name","on_sale","original_team_id","passing","playmaking","potential","preferred_foot","role","salary","scoring","set_pieces","stamina","surname","team_id","winger","id") values (?,?,?,?,?,?,?,?,?,?,?,?,?,?,?,?,?,?,?,?,default)
Hibernate: insert into "player" ("birth","cndtion","defending","goalkeeping","moral","name","on_sale","original_team_id","passing","playmaking","potential","preferred_foot","role","salary","scoring","set_pieces","stamina","surname","team_id","winger","id") values (?,?,?,?,?,?,?,?,?,?,?,?,?,?,?,?,?,?,?,?,default)
Hibernate: insert into "player" ("birth","cndtion","defending","goalkeeping","moral","name","on_sale","original_team_id","passing","playmaking","potential","preferred_foot","role","salary","scoring","set_pieces","stamina","surname","team_id","winger","id") values (?,?,?,?,?,?,?,?,?,?,?,?,?,?,?,?,?,?,?,?,default)
Hibernate: insert into "player" ("birth","cndtion","defending","goalkeeping","moral","name","on_sale","original_team_id","passing","playmaking","potential","preferred_foot","role","salary","scoring","set_pieces","stamina","surname","team_id","winger","id") values (?,?,?,?,?,?,?,?,?,?,?,?,?,?,?,?,?,?,?,?,default)
Hibernate: insert into "player" ("birth","cndtion","defending","goalkeeping","moral","name","on_sale","original_team_id","passing","playmaking","potential","preferred_foot","role","salary","scoring","set_pieces","stamina","surname","team_id","winger","id") values (?,?,?,?,?,?,?,?,?,?,?,?,?,?,?,?,?,?,?,?,default)
Hibernate: insert into "player" ("birth","cndtion","defending","goalkeeping","moral","name","on_sale","original_team_id","passing","playmaking","potential","preferred_foot","role","salary","scoring","set_pieces","stamina","surname","team_id","winger","id") values (?,?,?,?,?,?,?,?,?,?,?,?,?,?,?,?,?,?,?,?,default)
Hibernate: insert into "player" ("birth","cndtion","defending","goalkeeping","moral","name","on_sale","original_team_id","passing","playmaking","potential","preferred_foot","role","salary","scoring","set_pieces","stamina","surname","team_id","winger","id") values (?,?,?,?,?,?,?,?,?,?,?,?,?,?,?,?,?,?,?,?,default)
Hibernate: insert into "player" ("birth","cndtion","defending","goalkeeping","moral","name","on_sale","original_team_id","passing","playmaking","potential","preferred_foot","role","salary","scoring","set_pieces","stamina","surname","team_id","winger","id") values (?,?,?,?,?,?,?,?,?,?,?,?,?,?,?,?,?,?,?,?,default)
Hibernate: insert into "club" ("city","finance_id","foundation","league_id","logourl","medical_center_id","name","stadium_id","team_id","training_facility_id","under18_id","youth_academy_id","id") values (?,?,?,?,?,?,?,?,?,?,?,?,default)
Hibernate: insert into "stadium" ("accessibility_level","atmosphere_multiplier","base_capacity","capacity","construction_cost","facilities_quality","grandstand_est","grandstand_nord","grandstand_sud","grandstand_west","has_media_center","has_megastore","has_museum","has_roof","has_undersoil_heating","has_vip_boxes","last_upgrade_date","maintenance_cost","name","next_maintenance_date","pitch_quality","revenue_multiplier","security_level","upgrade_value","id") values (?,?,?,?,?,?,?,?,?,?,?,?,?,?,?,?,?,?,?,?,?,?,?,?,default)
Hibernate: insert into "formation" ("have_ball","mentality","module_id","substitution_strategy","id") values (?,?,?,?,default)
Hibernate: insert into "team" ("formation_id","id") values (?,default)
Hibernate: insert into "player" ("birth","cndtion","defending","goalkeeping","moral","name","on_sale","original_team_id","passing","playmaking","potential","preferred_foot","role","salary","scoring","set_pieces","stamina","surname","team_id","winger","id") values (?,?,?,?,?,?,?,?,?,?,?,?,?,?,?,?,?,?,?,?,default)
Hibernate: insert into "player" ("birth","cndtion","defending","goalkeeping","moral","name","on_sale","original_team_id","passing","playmaking","potential","preferred_foot","role","salary","scoring","set_pieces","stamina","surname","team_id","winger","id") values (?,?,?,?,?,?,?,?,?,?,?,?,?,?,?,?,?,?,?,?,default)
Hibernate: insert into "player" ("birth","cndtion","defending","goalkeeping","moral","name","on_sale","original_team_id","passing","playmaking","potential","preferred_foot","role","salary","scoring","set_pieces","stamina","surname","team_id","winger","id") values (?,?,?,?,?,?,?,?,?,?,?,?,?,?,?,?,?,?,?,?,default)
Hibernate: insert into "player" ("birth","cndtion","defending","goalkeeping","moral","name","on_sale","original_team_id","passing","playmaking","potential","preferred_foot","role","salary","scoring","set_pieces","stamina","surname","team_id","winger","id") values (?,?,?,?,?,?,?,?,?,?,?,?,?,?,?,?,?,?,?,?,default)
Hibernate: insert into "player" ("birth","cndtion","defending","goalkeeping","moral","name","on_sale","original_team_id","passing","playmaking","potential","preferred_foot","role","salary","scoring","set_pieces","stamina","surname","team_id","winger","id") values (?,?,?,?,?,?,?,?,?,?,?,?,?,?,?,?,?,?,?,?,default)
Hibernate: insert into "player" ("birth","cndtion","defending","goalkeeping","moral","name","on_sale","original_team_id","passing","playmaking","potential","preferred_foot","role","salary","scoring","set_pieces","stamina","surname","team_id","winger","id") values (?,?,?,?,?,?,?,?,?,?,?,?,?,?,?,?,?,?,?,?,default)
Hibernate: insert into "player" ("birth","cndtion","defending","goalkeeping","moral","name","on_sale","original_team_id","passing","playmaking","potential","preferred_foot","role","salary","scoring","set_pieces","stamina","surname","team_id","winger","id") values (?,?,?,?,?,?,?,?,?,?,?,?,?,?,?,?,?,?,?,?,default)
Hibernate: insert into "player" ("birth","cndtion","defending","goalkeeping","moral","name","on_sale","original_team_id","passing","playmaking","potential","preferred_foot","role","salary","scoring","set_pieces","stamina","surname","team_id","winger","id") values (?,?,?,?,?,?,?,?,?,?,?,?,?,?,?,?,?,?,?,?,default)
Hibernate: insert into "player" ("birth","cndtion","defending","goalkeeping","moral","name","on_sale","original_team_id","passing","playmaking","potential","preferred_foot","role","salary","scoring","set_pieces","stamina","surname","team_id","winger","id") values (?,?,?,?,?,?,?,?,?,?,?,?,?,?,?,?,?,?,?,?,default)
Hibernate: insert into "player" ("birth","cndtion","defending","goalkeeping","moral","name","on_sale","original_team_id","passing","playmaking","potential","preferred_foot","role","salary","scoring","set_pieces","stamina","surname","team_id","winger","id") values (?,?,?,?,?,?,?,?,?,?,?,?,?,?,?,?,?,?,?,?,default)
Hibernate: insert into "player" ("birth","cndtion","defending","goalkeeping","moral","name","on_sale","original_team_id","passing","playmaking","potential","preferred_foot","role","salary","scoring","set_pieces","stamina","surname","team_id","winger","id") values (?,?,?,?,?,?,?,?,?,?,?,?,?,?,?,?,?,?,?,?,default)
Hibernate: insert into "club" ("city","finance_id","foundation","league_id","logourl","medical_center_id","name","stadium_id","team_id","training_facility_id","under18_id","youth_academy_id","id") values (?,?,?,?,?,?,?,?,?,?,?,?,default)
Hibernate: insert into "stadium" ("accessibility_level","atmosphere_multiplier","base_capacity","capacity","construction_cost","facilities_quality","grandstand_est","grandstand_nord","grandstand_sud","grandstand_west","has_media_center","has_megastore","has_museum","has_roof","has_undersoil_heating","has_vip_boxes","last_upgrade_date","maintenance_cost","name","next_maintenance_date","pitch_quality","revenue_multiplier","security_level","upgrade_value","id") values (?,?,?,?,?,?,?,?,?,?,?,?,?,?,?,?,?,?,?,?,?,?,?,?,default)
Hibernate: insert into "formation" ("have_ball","mentality","module_id","substitution_strategy","id") values (?,?,?,?,default)
Hibernate: insert into "team" ("formation_id","id") values (?,default)
Hibernate: insert into "player" ("birth","cndtion","defending","goalkeeping","moral","name","on_sale","original_team_id","passing","playmaking","potential","preferred_foot","role","salary","scoring","set_pieces","stamina","surname","team_id","winger","id") values (?,?,?,?,?,?,?,?,?,?,?,?,?,?,?,?,?,?,?,?,default)
Hibernate: insert into "player" ("birth","cndtion","defending","goalkeeping","moral","name","on_sale","original_team_id","passing","playmaking","potential","preferred_foot","role","salary","scoring","set_pieces","stamina","surname","team_id","winger","id") values (?,?,?,?,?,?,?,?,?,?,?,?,?,?,?,?,?,?,?,?,default)
Hibernate: insert into "player" ("birth","cndtion","defending","goalkeeping","moral","name","on_sale","original_team_id","passing","playmaking","potential","preferred_foot","role","salary","scoring","set_pieces","stamina","surname","team_id","winger","id") values (?,?,?,?,?,?,?,?,?,?,?,?,?,?,?,?,?,?,?,?,default)
Hibernate: insert into "player" ("birth","cndtion","defending","goalkeeping","moral","name","on_sale","original_team_id","passing","playmaking","potential","preferred_foot","role","salary","scoring","set_pieces","stamina","surname","team_id","winger","id") values (?,?,?,?,?,?,?,?,?,?,?,?,?,?,?,?,?,?,?,?,default)
Hibernate: insert into "player" ("birth","cndtion","defending","goalkeeping","moral","name","on_sale","original_team_id","passing","playmaking","potential","preferred_foot","role","salary","scoring","set_pieces","stamina","surname","team_id","winger","id") values (?,?,?,?,?,?,?,?,?,?,?,?,?,?,?,?,?,?,?,?,default)
Hibernate: insert into "player" ("birth","cndtion","defending","goalkeeping","moral","name","on_sale","original_team_id","passing","playmaking","potential","preferred_foot","role","salary","scoring","set_pieces","stamina","surname","team_id","winger","id") values (?,?,?,?,?,?,?,?,?,?,?,?,?,?,?,?,?,?,?,?,default)
Hibernate: insert into "player" ("birth","cndtion","defending","goalkeeping","moral","name","on_sale","original_team_id","passing","playmaking","potential","preferred_foot","role","salary","scoring","set_pieces","stamina","surname","team_id","winger","id") values (?,?,?,?,?,?,?,?,?,?,?,?,?,?,?,?,?,?,?,?,default)
Hibernate: insert into "player" ("birth","cndtion","defending","goalkeeping","moral","name","on_sale","original_team_id","passing","playmaking","potential","preferred_foot","role","salary","scoring","set_pieces","stamina","surname","team_id","winger","id") values (?,?,?,?,?,?,?,?,?,?,?,?,?,?,?,?,?,?,?,?,default)
Hibernate: insert into "player" ("birth","cndtion","defending","goalkeeping","moral","name","on_sale","original_team_id","passing","playmaking","potential","preferred_foot","role","salary","scoring","set_pieces","stamina","surname","team_id","winger","id") values (?,?,?,?,?,?,?,?,?,?,?,?,?,?,?,?,?,?,?,?,default)
Hibernate: insert into "player" ("birth","cndtion","defending","goalkeeping","moral","name","on_sale","original_team_id","passing","playmaking","potential","preferred_foot","role","salary","scoring","set_pieces","stamina","surname","team_id","winger","id") values (?,?,?,?,?,?,?,?,?,?,?,?,?,?,?,?,?,?,?,?,default)
Hibernate: insert into "player" ("birth","cndtion","defending","goalkeeping","moral","name","on_sale","original_team_id","passing","playmaking","potential","preferred_foot","role","salary","scoring","set_pieces","stamina","surname","team_id","winger","id") values (?,?,?,?,?,?,?,?,?,?,?,?,?,?,?,?,?,?,?,?,default)
Hibernate: insert into "club" ("city","finance_id","foundation","league_id","logourl","medical_center_id","name","stadium_id","team_id","training_facility_id","under18_id","youth_academy_id","id") values (?,?,?,?,?,?,?,?,?,?,?,?,default)
Hibernate: insert into "stadium" ("accessibility_level","atmosphere_multiplier","base_capacity","capacity","construction_cost","facilities_quality","grandstand_est","grandstand_nord","grandstand_sud","grandstand_west","has_media_center","has_megastore","has_museum","has_roof","has_undersoil_heating","has_vip_boxes","last_upgrade_date","maintenance_cost","name","next_maintenance_date","pitch_quality","revenue_multiplier","security_level","upgrade_value","id") values (?,?,?,?,?,?,?,?,?,?,?,?,?,?,?,?,?,?,?,?,?,?,?,?,default)
Hibernate: insert into "formation" ("have_ball","mentality","module_id","substitution_strategy","id") values (?,?,?,?,default)
Hibernate: insert into "team" ("formation_id","id") values (?,default)
Hibernate: insert into "player" ("birth","cndtion","defending","goalkeeping","moral","name","on_sale","original_team_id","passing","playmaking","potential","preferred_foot","role","salary","scoring","set_pieces","stamina","surname","team_id","winger","id") values (?,?,?,?,?,?,?,?,?,?,?,?,?,?,?,?,?,?,?,?,default)
Hibernate: insert into "player" ("birth","cndtion","defending","goalkeeping","moral","name","on_sale","original_team_id","passing","playmaking","potential","preferred_foot","role","salary","scoring","set_pieces","stamina","surname","team_id","winger","id") values (?,?,?,?,?,?,?,?,?,?,?,?,?,?,?,?,?,?,?,?,default)
Hibernate: insert into "player" ("birth","cndtion","defending","goalkeeping","moral","name","on_sale","original_team_id","passing","playmaking","potential","preferred_foot","role","salary","scoring","set_pieces","stamina","surname","team_id","winger","id") values (?,?,?,?,?,?,?,?,?,?,?,?,?,?,?,?,?,?,?,?,default)
Hibernate: insert into "player" ("birth","cndtion","defending","goalkeeping","moral","name","on_sale","original_team_id","passing","playmaking","potential","preferred_foot","role","salary","scoring","set_pieces","stamina","surname","team_id","winger","id") values (?,?,?,?,?,?,?,?,?,?,?,?,?,?,?,?,?,?,?,?,default)
Hibernate: insert into "player" ("birth","cndtion","defending","goalkeeping","moral","name","on_sale","original_team_id","passing","playmaking","potential","preferred_foot","role","salary","scoring","set_pieces","stamina","surname","team_id","winger","id") values (?,?,?,?,?,?,?,?,?,?,?,?,?,?,?,?,?,?,?,?,default)
Hibernate: insert into "player" ("birth","cndtion","defending","goalkeeping","moral","name","on_sale","original_team_id","passing","playmaking","potential","preferred_foot","role","salary","scoring","set_pieces","stamina","surname","team_id","winger","id") values (?,?,?,?,?,?,?,?,?,?,?,?,?,?,?,?,?,?,?,?,default)
Hibernate: insert into "player" ("birth","cndtion","defending","goalkeeping","moral","name","on_sale","original_team_id","passing","playmaking","potential","preferred_foot","role","salary","scoring","set_pieces","stamina","surname","team_id","winger","id") values (?,?,?,?,?,?,?,?,?,?,?,?,?,?,?,?,?,?,?,?,default)
Hibernate: insert into "player" ("birth","cndtion","defending","goalkeeping","moral","name","on_sale","original_team_id","passing","playmaking","potential","preferred_foot","role","salary","scoring","set_pieces","stamina","surname","team_id","winger","id") values (?,?,?,?,?,?,?,?,?,?,?,?,?,?,?,?,?,?,?,?,default)
Hibernate: insert into "player" ("birth","cndtion","defending","goalkeeping","moral","name","on_sale","original_team_id","passing","playmaking","potential","preferred_foot","role","salary","scoring","set_pieces","stamina","surname","team_id","winger","id") values (?,?,?,?,?,?,?,?,?,?,?,?,?,?,?,?,?,?,?,?,default)
Hibernate: insert into "player" ("birth","cndtion","defending","goalkeeping","moral","name","on_sale","original_team_id","passing","playmaking","potential","preferred_foot","role","salary","scoring","set_pieces","stamina","surname","team_id","winger","id") values (?,?,?,?,?,?,?,?,?,?,?,?,?,?,?,?,?,?,?,?,default)
Hibernate: insert into "player" ("birth","cndtion","defending","goalkeeping","moral","name","on_sale","original_team_id","passing","playmaking","potential","preferred_foot","role","salary","scoring","set_pieces","stamina","surname","team_id","winger","id") values (?,?,?,?,?,?,?,?,?,?,?,?,?,?,?,?,?,?,?,?,default)
Hibernate: insert into "club" ("city","finance_id","foundation","league_id","logourl","medical_center_id","name","stadium_id","team_id","training_facility_id","under18_id","youth_academy_id","id") values (?,?,?,?,?,?,?,?,?,?,?,?,default)
Hibernate: insert into "stadium" ("accessibility_level","atmosphere_multiplier","base_capacity","capacity","construction_cost","facilities_quality","grandstand_est","grandstand_nord","grandstand_sud","grandstand_west","has_media_center","has_megastore","has_museum","has_roof","has_undersoil_heating","has_vip_boxes","last_upgrade_date","maintenance_cost","name","next_maintenance_date","pitch_quality","revenue_multiplier","security_level","upgrade_value","id") values (?,?,?,?,?,?,?,?,?,?,?,?,?,?,?,?,?,?,?,?,?,?,?,?,default)
Hibernate: insert into "formation" ("have_ball","mentality","module_id","substitution_strategy","id") values (?,?,?,?,default)
Hibernate: insert into "team" ("formation_id","id") values (?,default)
Hibernate: insert into "player" ("birth","cndtion","defending","goalkeeping","moral","name","on_sale","original_team_id","passing","playmaking","potential","preferred_foot","role","salary","scoring","set_pieces","stamina","surname","team_id","winger","id") values (?,?,?,?,?,?,?,?,?,?,?,?,?,?,?,?,?,?,?,?,default)
Hibernate: insert into "player" ("birth","cndtion","defending","goalkeeping","moral","name","on_sale","original_team_id","passing","playmaking","potential","preferred_foot","role","salary","scoring","set_pieces","stamina","surname","team_id","winger","id") values (?,?,?,?,?,?,?,?,?,?,?,?,?,?,?,?,?,?,?,?,default)
Hibernate: insert into "player" ("birth","cndtion","defending","goalkeeping","moral","name","on_sale","original_team_id","passing","playmaking","potential","preferred_foot","role","salary","scoring","set_pieces","stamina","surname","team_id","winger","id") values (?,?,?,?,?,?,?,?,?,?,?,?,?,?,?,?,?,?,?,?,default)
Hibernate: insert into "player" ("birth","cndtion","defending","goalkeeping","moral","name","on_sale","original_team_id","passing","playmaking","potential","preferred_foot","role","salary","scoring","set_pieces","stamina","surname","team_id","winger","id") values (?,?,?,?,?,?,?,?,?,?,?,?,?,?,?,?,?,?,?,?,default)
Hibernate: insert into "player" ("birth","cndtion","defending","goalkeeping","moral","name","on_sale","original_team_id","passing","playmaking","potential","preferred_foot","role","salary","scoring","set_pieces","stamina","surname","team_id","winger","id") values (?,?,?,?,?,?,?,?,?,?,?,?,?,?,?,?,?,?,?,?,default)
Hibernate: insert into "player" ("birth","cndtion","defending","goalkeeping","moral","name","on_sale","original_team_id","passing","playmaking","potential","preferred_foot","role","salary","scoring","set_pieces","stamina","surname","team_id","winger","id") values (?,?,?,?,?,?,?,?,?,?,?,?,?,?,?,?,?,?,?,?,default)
Hibernate: insert into "player" ("birth","cndtion","defending","goalkeeping","moral","name","on_sale","original_team_id","passing","playmaking","potential","preferred_foot","role","salary","scoring","set_pieces","stamina","surname","team_id","winger","id") values (?,?,?,?,?,?,?,?,?,?,?,?,?,?,?,?,?,?,?,?,default)
Hibernate: insert into "player" ("birth","cndtion","defending","goalkeeping","moral","name","on_sale","original_team_id","passing","playmaking","potential","preferred_foot","role","salary","scoring","set_pieces","stamina","surname","team_id","winger","id") values (?,?,?,?,?,?,?,?,?,?,?,?,?,?,?,?,?,?,?,?,default)
Hibernate: insert into "player" ("birth","cndtion","defending","goalkeeping","moral","name","on_sale","original_team_id","passing","playmaking","potential","preferred_foot","role","salary","scoring","set_pieces","stamina","surname","team_id","winger","id") values (?,?,?,?,?,?,?,?,?,?,?,?,?,?,?,?,?,?,?,?,default)
Hibernate: insert into "player" ("birth","cndtion","defending","goalkeeping","moral","name","on_sale","original_team_id","passing","playmaking","potential","preferred_foot","role","salary","scoring","set_pieces","stamina","surname","team_id","winger","id") values (?,?,?,?,?,?,?,?,?,?,?,?,?,?,?,?,?,?,?,?,default)
Hibernate: insert into "player" ("birth","cndtion","defending","goalkeeping","moral","name","on_sale","original_team_id","passing","playmaking","potential","preferred_foot","role","salary","scoring","set_pieces","stamina","surname","team_id","winger","id") values (?,?,?,?,?,?,?,?,?,?,?,?,?,?,?,?,?,?,?,?,default)
Hibernate: insert into "club" ("city","finance_id","foundation","league_id","logourl","medical_center_id","name","stadium_id","team_id","training_facility_id","under18_id","youth_academy_id","id") values (?,?,?,?,?,?,?,?,?,?,?,?,default)
Hibernate: insert into "stadium" ("accessibility_level","atmosphere_multiplier","base_capacity","capacity","construction_cost","facilities_quality","grandstand_est","grandstand_nord","grandstand_sud","grandstand_west","has_media_center","has_megastore","has_museum","has_roof","has_undersoil_heating","has_vip_boxes","last_upgrade_date","maintenance_cost","name","next_maintenance_date","pitch_quality","revenue_multiplier","security_level","upgrade_value","id") values (?,?,?,?,?,?,?,?,?,?,?,?,?,?,?,?,?,?,?,?,?,?,?,?,default)
Hibernate: insert into "formation" ("have_ball","mentality","module_id","substitution_strategy","id") values (?,?,?,?,default)
Hibernate: insert into "team" ("formation_id","id") values (?,default)
Hibernate: insert into "player" ("birth","cndtion","defending","goalkeeping","moral","name","on_sale","original_team_id","passing","playmaking","potential","preferred_foot","role","salary","scoring","set_pieces","stamina","surname","team_id","winger","id") values (?,?,?,?,?,?,?,?,?,?,?,?,?,?,?,?,?,?,?,?,default)
Hibernate: insert into "player" ("birth","cndtion","defending","goalkeeping","moral","name","on_sale","original_team_id","passing","playmaking","potential","preferred_foot","role","salary","scoring","set_pieces","stamina","surname","team_id","winger","id") values (?,?,?,?,?,?,?,?,?,?,?,?,?,?,?,?,?,?,?,?,default)
Hibernate: insert into "player" ("birth","cndtion","defending","goalkeeping","moral","name","on_sale","original_team_id","passing","playmaking","potential","preferred_foot","role","salary","scoring","set_pieces","stamina","surname","team_id","winger","id") values (?,?,?,?,?,?,?,?,?,?,?,?,?,?,?,?,?,?,?,?,default)
Hibernate: insert into "player" ("birth","cndtion","defending","goalkeeping","moral","name","on_sale","original_team_id","passing","playmaking","potential","preferred_foot","role","salary","scoring","set_pieces","stamina","surname","team_id","winger","id") values (?,?,?,?,?,?,?,?,?,?,?,?,?,?,?,?,?,?,?,?,default)
Hibernate: insert into "player" ("birth","cndtion","defending","goalkeeping","moral","name","on_sale","original_team_id","passing","playmaking","potential","preferred_foot","role","salary","scoring","set_pieces","stamina","surname","team_id","winger","id") values (?,?,?,?,?,?,?,?,?,?,?,?,?,?,?,?,?,?,?,?,default)
Hibernate: insert into "player" ("birth","cndtion","defending","goalkeeping","moral","name","on_sale","original_team_id","passing","playmaking","potential","preferred_foot","role","salary","scoring","set_pieces","stamina","surname","team_id","winger","id") values (?,?,?,?,?,?,?,?,?,?,?,?,?,?,?,?,?,?,?,?,default)
Hibernate: insert into "player" ("birth","cndtion","defending","goalkeeping","moral","name","on_sale","original_team_id","passing","playmaking","potential","preferred_foot","role","salary","scoring","set_pieces","stamina","surname","team_id","winger","id") values (?,?,?,?,?,?,?,?,?,?,?,?,?,?,?,?,?,?,?,?,default)
Hibernate: insert into "player" ("birth","cndtion","defending","goalkeeping","moral","name","on_sale","original_team_id","passing","playmaking","potential","preferred_foot","role","salary","scoring","set_pieces","stamina","surname","team_id","winger","id") values (?,?,?,?,?,?,?,?,?,?,?,?,?,?,?,?,?,?,?,?,default)
Hibernate: insert into "player" ("birth","cndtion","defending","goalkeeping","moral","name","on_sale","original_team_id","passing","playmaking","potential","preferred_foot","role","salary","scoring","set_pieces","stamina","surname","team_id","winger","id") values (?,?,?,?,?,?,?,?,?,?,?,?,?,?,?,?,?,?,?,?,default)
Hibernate: insert into "player" ("birth","cndtion","defending","goalkeeping","moral","name","on_sale","original_team_id","passing","playmaking","potential","preferred_foot","role","salary","scoring","set_pieces","stamina","surname","team_id","winger","id") values (?,?,?,?,?,?,?,?,?,?,?,?,?,?,?,?,?,?,?,?,default)
Hibernate: insert into "player" ("birth","cndtion","defending","goalkeeping","moral","name","on_sale","original_team_id","passing","playmaking","potential","preferred_foot","role","salary","scoring","set_pieces","stamina","surname","team_id","winger","id") values (?,?,?,?,?,?,?,?,?,?,?,?,?,?,?,?,?,?,?,?,default)
Hibernate: insert into "club" ("city","finance_id","foundation","league_id","logourl","medical_center_id","name","stadium_id","team_id","training_facility_id","under18_id","youth_academy_id","id") values (?,?,?,?,?,?,?,?,?,?,?,?,default)
Hibernate: insert into "stadium" ("accessibility_level","atmosphere_multiplier","base_capacity","capacity","construction_cost","facilities_quality","grandstand_est","grandstand_nord","grandstand_sud","grandstand_west","has_media_center","has_megastore","has_museum","has_roof","has_undersoil_heating","has_vip_boxes","last_upgrade_date","maintenance_cost","name","next_maintenance_date","pitch_quality","revenue_multiplier","security_level","upgrade_value","id") values (?,?,?,?,?,?,?,?,?,?,?,?,?,?,?,?,?,?,?,?,?,?,?,?,default)
Hibernate: insert into "formation" ("have_ball","mentality","module_id","substitution_strategy","id") values (?,?,?,?,default)
Hibernate: insert into "team" ("formation_id","id") values (?,default)
Hibernate: insert into "player" ("birth","cndtion","defending","goalkeeping","moral","name","on_sale","original_team_id","passing","playmaking","potential","preferred_foot","role","salary","scoring","set_pieces","stamina","surname","team_id","winger","id") values (?,?,?,?,?,?,?,?,?,?,?,?,?,?,?,?,?,?,?,?,default)
Hibernate: insert into "player" ("birth","cndtion","defending","goalkeeping","moral","name","on_sale","original_team_id","passing","playmaking","potential","preferred_foot","role","salary","scoring","set_pieces","stamina","surname","team_id","winger","id") values (?,?,?,?,?,?,?,?,?,?,?,?,?,?,?,?,?,?,?,?,default)
Hibernate: insert into "player" ("birth","cndtion","defending","goalkeeping","moral","name","on_sale","original_team_id","passing","playmaking","potential","preferred_foot","role","salary","scoring","set_pieces","stamina","surname","team_id","winger","id") values (?,?,?,?,?,?,?,?,?,?,?,?,?,?,?,?,?,?,?,?,default)
Hibernate: insert into "player" ("birth","cndtion","defending","goalkeeping","moral","name","on_sale","original_team_id","passing","playmaking","potential","preferred_foot","role","salary","scoring","set_pieces","stamina","surname","team_id","winger","id") values (?,?,?,?,?,?,?,?,?,?,?,?,?,?,?,?,?,?,?,?,default)
Hibernate: insert into "player" ("birth","cndtion","defending","goalkeeping","moral","name","on_sale","original_team_id","passing","playmaking","potential","preferred_foot","role","salary","scoring","set_pieces","stamina","surname","team_id","winger","id") values (?,?,?,?,?,?,?,?,?,?,?,?,?,?,?,?,?,?,?,?,default)
Hibernate: insert into "player" ("birth","cndtion","defending","goalkeeping","moral","name","on_sale","original_team_id","passing","playmaking","potential","preferred_foot","role","salary","scoring","set_pieces","stamina","surname","team_id","winger","id") values (?,?,?,?,?,?,?,?,?,?,?,?,?,?,?,?,?,?,?,?,default)
Hibernate: insert into "player" ("birth","cndtion","defending","goalkeeping","moral","name","on_sale","original_team_id","passing","playmaking","potential","preferred_foot","role","salary","scoring","set_pieces","stamina","surname","team_id","winger","id") values (?,?,?,?,?,?,?,?,?,?,?,?,?,?,?,?,?,?,?,?,default)
Hibernate: insert into "player" ("birth","cndtion","defending","goalkeeping","moral","name","on_sale","original_team_id","passing","playmaking","potential","preferred_foot","role","salary","scoring","set_pieces","stamina","surname","team_id","winger","id") values (?,?,?,?,?,?,?,?,?,?,?,?,?,?,?,?,?,?,?,?,default)
Hibernate: insert into "player" ("birth","cndtion","defending","goalkeeping","moral","name","on_sale","original_team_id","passing","playmaking","potential","preferred_foot","role","salary","scoring","set_pieces","stamina","surname","team_id","winger","id") values (?,?,?,?,?,?,?,?,?,?,?,?,?,?,?,?,?,?,?,?,default)
Hibernate: insert into "player" ("birth","cndtion","defending","goalkeeping","moral","name","on_sale","original_team_id","passing","playmaking","potential","preferred_foot","role","salary","scoring","set_pieces","stamina","surname","team_id","winger","id") values (?,?,?,?,?,?,?,?,?,?,?,?,?,?,?,?,?,?,?,?,default)
Hibernate: insert into "player" ("birth","cndtion","defending","goalkeeping","moral","name","on_sale","original_team_id","passing","playmaking","potential","preferred_foot","role","salary","scoring","set_pieces","stamina","surname","team_id","winger","id") values (?,?,?,?,?,?,?,?,?,?,?,?,?,?,?,?,?,?,?,?,default)
Hibernate: insert into "club" ("city","finance_id","foundation","league_id","logourl","medical_center_id","name","stadium_id","team_id","training_facility_id","under18_id","youth_academy_id","id") values (?,?,?,?,?,?,?,?,?,?,?,?,default)
Hibernate: insert into "stadium" ("accessibility_level","atmosphere_multiplier","base_capacity","capacity","construction_cost","facilities_quality","grandstand_est","grandstand_nord","grandstand_sud","grandstand_west","has_media_center","has_megastore","has_museum","has_roof","has_undersoil_heating","has_vip_boxes","last_upgrade_date","maintenance_cost","name","next_maintenance_date","pitch_quality","revenue_multiplier","security_level","upgrade_value","id") values (?,?,?,?,?,?,?,?,?,?,?,?,?,?,?,?,?,?,?,?,?,?,?,?,default)
Hibernate: insert into "formation" ("have_ball","mentality","module_id","substitution_strategy","id") values (?,?,?,?,default)
Hibernate: insert into "team" ("formation_id","id") values (?,default)
Hibernate: insert into "player" ("birth","cndtion","defending","goalkeeping","moral","name","on_sale","original_team_id","passing","playmaking","potential","preferred_foot","role","salary","scoring","set_pieces","stamina","surname","team_id","winger","id") values (?,?,?,?,?,?,?,?,?,?,?,?,?,?,?,?,?,?,?,?,default)
Hibernate: insert into "player" ("birth","cndtion","defending","goalkeeping","moral","name","on_sale","original_team_id","passing","playmaking","potential","preferred_foot","role","salary","scoring","set_pieces","stamina","surname","team_id","winger","id") values (?,?,?,?,?,?,?,?,?,?,?,?,?,?,?,?,?,?,?,?,default)
Hibernate: insert into "player" ("birth","cndtion","defending","goalkeeping","moral","name","on_sale","original_team_id","passing","playmaking","potential","preferred_foot","role","salary","scoring","set_pieces","stamina","surname","team_id","winger","id") values (?,?,?,?,?,?,?,?,?,?,?,?,?,?,?,?,?,?,?,?,default)
Hibernate: insert into "player" ("birth","cndtion","defending","goalkeeping","moral","name","on_sale","original_team_id","passing","playmaking","potential","preferred_foot","role","salary","scoring","set_pieces","stamina","surname","team_id","winger","id") values (?,?,?,?,?,?,?,?,?,?,?,?,?,?,?,?,?,?,?,?,default)
Hibernate: insert into "player" ("birth","cndtion","defending","goalkeeping","moral","name","on_sale","original_team_id","passing","playmaking","potential","preferred_foot","role","salary","scoring","set_pieces","stamina","surname","team_id","winger","id") values (?,?,?,?,?,?,?,?,?,?,?,?,?,?,?,?,?,?,?,?,default)
Hibernate: insert into "player" ("birth","cndtion","defending","goalkeeping","moral","name","on_sale","original_team_id","passing","playmaking","potential","preferred_foot","role","salary","scoring","set_pieces","stamina","surname","team_id","winger","id") values (?,?,?,?,?,?,?,?,?,?,?,?,?,?,?,?,?,?,?,?,default)
Hibernate: insert into "player" ("birth","cndtion","defending","goalkeeping","moral","name","on_sale","original_team_id","passing","playmaking","potential","preferred_foot","role","salary","scoring","set_pieces","stamina","surname","team_id","winger","id") values (?,?,?,?,?,?,?,?,?,?,?,?,?,?,?,?,?,?,?,?,default)
Hibernate: insert into "player" ("birth","cndtion","defending","goalkeeping","moral","name","on_sale","original_team_id","passing","playmaking","potential","preferred_foot","role","salary","scoring","set_pieces","stamina","surname","team_id","winger","id") values (?,?,?,?,?,?,?,?,?,?,?,?,?,?,?,?,?,?,?,?,default)
Hibernate: insert into "player" ("birth","cndtion","defending","goalkeeping","moral","name","on_sale","original_team_id","passing","playmaking","potential","preferred_foot","role","salary","scoring","set_pieces","stamina","surname","team_id","winger","id") values (?,?,?,?,?,?,?,?,?,?,?,?,?,?,?,?,?,?,?,?,default)
Hibernate: insert into "player" ("birth","cndtion","defending","goalkeeping","moral","name","on_sale","original_team_id","passing","playmaking","potential","preferred_foot","role","salary","scoring","set_pieces","stamina","surname","team_id","winger","id") values (?,?,?,?,?,?,?,?,?,?,?,?,?,?,?,?,?,?,?,?,default)
Hibernate: insert into "player" ("birth","cndtion","defending","goalkeeping","moral","name","on_sale","original_team_id","passing","playmaking","potential","preferred_foot","role","salary","scoring","set_pieces","stamina","surname","team_id","winger","id") values (?,?,?,?,?,?,?,?,?,?,?,?,?,?,?,?,?,?,?,?,default)
Hibernate: insert into "club" ("city","finance_id","foundation","league_id","logourl","medical_center_id","name","stadium_id","team_id","training_facility_id","under18_id","youth_academy_id","id") values (?,?,?,?,?,?,?,?,?,?,?,?,default)
Hibernate: insert into "stadium" ("accessibility_level","atmosphere_multiplier","base_capacity","capacity","construction_cost","facilities_quality","grandstand_est","grandstand_nord","grandstand_sud","grandstand_west","has_media_center","has_megastore","has_museum","has_roof","has_undersoil_heating","has_vip_boxes","last_upgrade_date","maintenance_cost","name","next_maintenance_date","pitch_quality","revenue_multiplier","security_level","upgrade_value","id") values (?,?,?,?,?,?,?,?,?,?,?,?,?,?,?,?,?,?,?,?,?,?,?,?,default)
Hibernate: insert into "formation" ("have_ball","mentality","module_id","substitution_strategy","id") values (?,?,?,?,default)
Hibernate: insert into "team" ("formation_id","id") values (?,default)
Hibernate: insert into "player" ("birth","cndtion","defending","goalkeeping","moral","name","on_sale","original_team_id","passing","playmaking","potential","preferred_foot","role","salary","scoring","set_pieces","stamina","surname","team_id","winger","id") values (?,?,?,?,?,?,?,?,?,?,?,?,?,?,?,?,?,?,?,?,default)
Hibernate: insert into "player" ("birth","cndtion","defending","goalkeeping","moral","name","on_sale","original_team_id","passing","playmaking","potential","preferred_foot","role","salary","scoring","set_pieces","stamina","surname","team_id","winger","id") values (?,?,?,?,?,?,?,?,?,?,?,?,?,?,?,?,?,?,?,?,default)
Hibernate: insert into "player" ("birth","cndtion","defending","goalkeeping","moral","name","on_sale","original_team_id","passing","playmaking","potential","preferred_foot","role","salary","scoring","set_pieces","stamina","surname","team_id","winger","id") values (?,?,?,?,?,?,?,?,?,?,?,?,?,?,?,?,?,?,?,?,default)
Hibernate: insert into "player" ("birth","cndtion","defending","goalkeeping","moral","name","on_sale","original_team_id","passing","playmaking","potential","preferred_foot","role","salary","scoring","set_pieces","stamina","surname","team_id","winger","id") values (?,?,?,?,?,?,?,?,?,?,?,?,?,?,?,?,?,?,?,?,default)
Hibernate: insert into "player" ("birth","cndtion","defending","goalkeeping","moral","name","on_sale","original_team_id","passing","playmaking","potential","preferred_foot","role","salary","scoring","set_pieces","stamina","surname","team_id","winger","id") values (?,?,?,?,?,?,?,?,?,?,?,?,?,?,?,?,?,?,?,?,default)
Hibernate: insert into "player" ("birth","cndtion","defending","goalkeeping","moral","name","on_sale","original_team_id","passing","playmaking","potential","preferred_foot","role","salary","scoring","set_pieces","stamina","surname","team_id","winger","id") values (?,?,?,?,?,?,?,?,?,?,?,?,?,?,?,?,?,?,?,?,default)
Hibernate: insert into "player" ("birth","cndtion","defending","goalkeeping","moral","name","on_sale","original_team_id","passing","playmaking","potential","preferred_foot","role","salary","scoring","set_pieces","stamina","surname","team_id","winger","id") values (?,?,?,?,?,?,?,?,?,?,?,?,?,?,?,?,?,?,?,?,default)
Hibernate: insert into "player" ("birth","cndtion","defending","goalkeeping","moral","name","on_sale","original_team_id","passing","playmaking","potential","preferred_foot","role","salary","scoring","set_pieces","stamina","surname","team_id","winger","id") values (?,?,?,?,?,?,?,?,?,?,?,?,?,?,?,?,?,?,?,?,default)
Hibernate: insert into "player" ("birth","cndtion","defending","goalkeeping","moral","name","on_sale","original_team_id","passing","playmaking","potential","preferred_foot","role","salary","scoring","set_pieces","stamina","surname","team_id","winger","id") values (?,?,?,?,?,?,?,?,?,?,?,?,?,?,?,?,?,?,?,?,default)
Hibernate: insert into "player" ("birth","cndtion","defending","goalkeeping","moral","name","on_sale","original_team_id","passing","playmaking","potential","preferred_foot","role","salary","scoring","set_pieces","stamina","surname","team_id","winger","id") values (?,?,?,?,?,?,?,?,?,?,?,?,?,?,?,?,?,?,?,?,default)
Hibernate: insert into "player" ("birth","cndtion","defending","goalkeeping","moral","name","on_sale","original_team_id","passing","playmaking","potential","preferred_foot","role","salary","scoring","set_pieces","stamina","surname","team_id","winger","id") values (?,?,?,?,?,?,?,?,?,?,?,?,?,?,?,?,?,?,?,?,default)
Hibernate: insert into "club" ("city","finance_id","foundation","league_id","logourl","medical_center_id","name","stadium_id","team_id","training_facility_id","under18_id","youth_academy_id","id") values (?,?,?,?,?,?,?,?,?,?,?,?,default)
Hibernate: insert into "stadium" ("accessibility_level","atmosphere_multiplier","base_capacity","capacity","construction_cost","facilities_quality","grandstand_est","grandstand_nord","grandstand_sud","grandstand_west","has_media_center","has_megastore","has_museum","has_roof","has_undersoil_heating","has_vip_boxes","last_upgrade_date","maintenance_cost","name","next_maintenance_date","pitch_quality","revenue_multiplier","security_level","upgrade_value","id") values (?,?,?,?,?,?,?,?,?,?,?,?,?,?,?,?,?,?,?,?,?,?,?,?,default)
Hibernate: insert into "formation" ("have_ball","mentality","module_id","substitution_strategy","id") values (?,?,?,?,default)
Hibernate: insert into "team" ("formation_id","id") values (?,default)
Hibernate: insert into "player" ("birth","cndtion","defending","goalkeeping","moral","name","on_sale","original_team_id","passing","playmaking","potential","preferred_foot","role","salary","scoring","set_pieces","stamina","surname","team_id","winger","id") values (?,?,?,?,?,?,?,?,?,?,?,?,?,?,?,?,?,?,?,?,default)
Hibernate: insert into "player" ("birth","cndtion","defending","goalkeeping","moral","name","on_sale","original_team_id","passing","playmaking","potential","preferred_foot","role","salary","scoring","set_pieces","stamina","surname","team_id","winger","id") values (?,?,?,?,?,?,?,?,?,?,?,?,?,?,?,?,?,?,?,?,default)
Hibernate: insert into "player" ("birth","cndtion","defending","goalkeeping","moral","name","on_sale","original_team_id","passing","playmaking","potential","preferred_foot","role","salary","scoring","set_pieces","stamina","surname","team_id","winger","id") values (?,?,?,?,?,?,?,?,?,?,?,?,?,?,?,?,?,?,?,?,default)
Hibernate: insert into "player" ("birth","cndtion","defending","goalkeeping","moral","name","on_sale","original_team_id","passing","playmaking","potential","preferred_foot","role","salary","scoring","set_pieces","stamina","surname","team_id","winger","id") values (?,?,?,?,?,?,?,?,?,?,?,?,?,?,?,?,?,?,?,?,default)
Hibernate: insert into "player" ("birth","cndtion","defending","goalkeeping","moral","name","on_sale","original_team_id","passing","playmaking","potential","preferred_foot","role","salary","scoring","set_pieces","stamina","surname","team_id","winger","id") values (?,?,?,?,?,?,?,?,?,?,?,?,?,?,?,?,?,?,?,?,default)
Hibernate: insert into "player" ("birth","cndtion","defending","goalkeeping","moral","name","on_sale","original_team_id","passing","playmaking","potential","preferred_foot","role","salary","scoring","set_pieces","stamina","surname","team_id","winger","id") values (?,?,?,?,?,?,?,?,?,?,?,?,?,?,?,?,?,?,?,?,default)
Hibernate: insert into "player" ("birth","cndtion","defending","goalkeeping","moral","name","on_sale","original_team_id","passing","playmaking","potential","preferred_foot","role","salary","scoring","set_pieces","stamina","surname","team_id","winger","id") values (?,?,?,?,?,?,?,?,?,?,?,?,?,?,?,?,?,?,?,?,default)
Hibernate: insert into "player" ("birth","cndtion","defending","goalkeeping","moral","name","on_sale","original_team_id","passing","playmaking","potential","preferred_foot","role","salary","scoring","set_pieces","stamina","surname","team_id","winger","id") values (?,?,?,?,?,?,?,?,?,?,?,?,?,?,?,?,?,?,?,?,default)
Hibernate: insert into "player" ("birth","cndtion","defending","goalkeeping","moral","name","on_sale","original_team_id","passing","playmaking","potential","preferred_foot","role","salary","scoring","set_pieces","stamina","surname","team_id","winger","id") values (?,?,?,?,?,?,?,?,?,?,?,?,?,?,?,?,?,?,?,?,default)
Hibernate: insert into "player" ("birth","cndtion","defending","goalkeeping","moral","name","on_sale","original_team_id","passing","playmaking","potential","preferred_foot","role","salary","scoring","set_pieces","stamina","surname","team_id","winger","id") values (?,?,?,?,?,?,?,?,?,?,?,?,?,?,?,?,?,?,?,?,default)
Hibernate: insert into "player" ("birth","cndtion","defending","goalkeeping","moral","name","on_sale","original_team_id","passing","playmaking","potential","preferred_foot","role","salary","scoring","set_pieces","stamina","surname","team_id","winger","id") values (?,?,?,?,?,?,?,?,?,?,?,?,?,?,?,?,?,?,?,?,default)
Hibernate: insert into "club" ("city","finance_id","foundation","league_id","logourl","medical_center_id","name","stadium_id","team_id","training_facility_id","under18_id","youth_academy_id","id") values (?,?,?,?,?,?,?,?,?,?,?,?,default)
Hibernate: insert into "stadium" ("accessibility_level","atmosphere_multiplier","base_capacity","capacity","construction_cost","facilities_quality","grandstand_est","grandstand_nord","grandstand_sud","grandstand_west","has_media_center","has_megastore","has_museum","has_roof","has_undersoil_heating","has_vip_boxes","last_upgrade_date","maintenance_cost","name","next_maintenance_date","pitch_quality","revenue_multiplier","security_level","upgrade_value","id") values (?,?,?,?,?,?,?,?,?,?,?,?,?,?,?,?,?,?,?,?,?,?,?,?,default)
Hibernate: insert into "formation" ("have_ball","mentality","module_id","substitution_strategy","id") values (?,?,?,?,default)
Hibernate: insert into "team" ("formation_id","id") values (?,default)
Hibernate: insert into "player" ("birth","cndtion","defending","goalkeeping","moral","name","on_sale","original_team_id","passing","playmaking","potential","preferred_foot","role","salary","scoring","set_pieces","stamina","surname","team_id","winger","id") values (?,?,?,?,?,?,?,?,?,?,?,?,?,?,?,?,?,?,?,?,default)
Hibernate: insert into "player" ("birth","cndtion","defending","goalkeeping","moral","name","on_sale","original_team_id","passing","playmaking","potential","preferred_foot","role","salary","scoring","set_pieces","stamina","surname","team_id","winger","id") values (?,?,?,?,?,?,?,?,?,?,?,?,?,?,?,?,?,?,?,?,default)
Hibernate: insert into "player" ("birth","cndtion","defending","goalkeeping","moral","name","on_sale","original_team_id","passing","playmaking","potential","preferred_foot","role","salary","scoring","set_pieces","stamina","surname","team_id","winger","id") values (?,?,?,?,?,?,?,?,?,?,?,?,?,?,?,?,?,?,?,?,default)
Hibernate: insert into "player" ("birth","cndtion","defending","goalkeeping","moral","name","on_sale","original_team_id","passing","playmaking","potential","preferred_foot","role","salary","scoring","set_pieces","stamina","surname","team_id","winger","id") values (?,?,?,?,?,?,?,?,?,?,?,?,?,?,?,?,?,?,?,?,default)
Hibernate: insert into "player" ("birth","cndtion","defending","goalkeeping","moral","name","on_sale","original_team_id","passing","playmaking","potential","preferred_foot","role","salary","scoring","set_pieces","stamina","surname","team_id","winger","id") values (?,?,?,?,?,?,?,?,?,?,?,?,?,?,?,?,?,?,?,?,default)
Hibernate: insert into "player" ("birth","cndtion","defending","goalkeeping","moral","name","on_sale","original_team_id","passing","playmaking","potential","preferred_foot","role","salary","scoring","set_pieces","stamina","surname","team_id","winger","id") values (?,?,?,?,?,?,?,?,?,?,?,?,?,?,?,?,?,?,?,?,default)
Hibernate: insert into "player" ("birth","cndtion","defending","goalkeeping","moral","name","on_sale","original_team_id","passing","playmaking","potential","preferred_foot","role","salary","scoring","set_pieces","stamina","surname","team_id","winger","id") values (?,?,?,?,?,?,?,?,?,?,?,?,?,?,?,?,?,?,?,?,default)
Hibernate: insert into "player" ("birth","cndtion","defending","goalkeeping","moral","name","on_sale","original_team_id","passing","playmaking","potential","preferred_foot","role","salary","scoring","set_pieces","stamina","surname","team_id","winger","id") values (?,?,?,?,?,?,?,?,?,?,?,?,?,?,?,?,?,?,?,?,default)
Hibernate: insert into "player" ("birth","cndtion","defending","goalkeeping","moral","name","on_sale","original_team_id","passing","playmaking","potential","preferred_foot","role","salary","scoring","set_pieces","stamina","surname","team_id","winger","id") values (?,?,?,?,?,?,?,?,?,?,?,?,?,?,?,?,?,?,?,?,default)
Hibernate: insert into "player" ("birth","cndtion","defending","goalkeeping","moral","name","on_sale","original_team_id","passing","playmaking","potential","preferred_foot","role","salary","scoring","set_pieces","stamina","surname","team_id","winger","id") values (?,?,?,?,?,?,?,?,?,?,?,?,?,?,?,?,?,?,?,?,default)
Hibernate: insert into "player" ("birth","cndtion","defending","goalkeeping","moral","name","on_sale","original_team_id","passing","playmaking","potential","preferred_foot","role","salary","scoring","set_pieces","stamina","surname","team_id","winger","id") values (?,?,?,?,?,?,?,?,?,?,?,?,?,?,?,?,?,?,?,?,default)
Hibernate: insert into "club" ("city","finance_id","foundation","league_id","logourl","medical_center_id","name","stadium_id","team_id","training_facility_id","under18_id","youth_academy_id","id") values (?,?,?,?,?,?,?,?,?,?,?,?,default)
Hibernate: insert into "stadium" ("accessibility_level","atmosphere_multiplier","base_capacity","capacity","construction_cost","facilities_quality","grandstand_est","grandstand_nord","grandstand_sud","grandstand_west","has_media_center","has_megastore","has_museum","has_roof","has_undersoil_heating","has_vip_boxes","last_upgrade_date","maintenance_cost","name","next_maintenance_date","pitch_quality","revenue_multiplier","security_level","upgrade_value","id") values (?,?,?,?,?,?,?,?,?,?,?,?,?,?,?,?,?,?,?,?,?,?,?,?,default)
Hibernate: insert into "formation" ("have_ball","mentality","module_id","substitution_strategy","id") values (?,?,?,?,default)
Hibernate: insert into "team" ("formation_id","id") values (?,default)
Hibernate: insert into "player" ("birth","cndtion","defending","goalkeeping","moral","name","on_sale","original_team_id","passing","playmaking","potential","preferred_foot","role","salary","scoring","set_pieces","stamina","surname","team_id","winger","id") values (?,?,?,?,?,?,?,?,?,?,?,?,?,?,?,?,?,?,?,?,default)
Hibernate: insert into "player" ("birth","cndtion","defending","goalkeeping","moral","name","on_sale","original_team_id","passing","playmaking","potential","preferred_foot","role","salary","scoring","set_pieces","stamina","surname","team_id","winger","id") values (?,?,?,?,?,?,?,?,?,?,?,?,?,?,?,?,?,?,?,?,default)
Hibernate: insert into "player" ("birth","cndtion","defending","goalkeeping","moral","name","on_sale","original_team_id","passing","playmaking","potential","preferred_foot","role","salary","scoring","set_pieces","stamina","surname","team_id","winger","id") values (?,?,?,?,?,?,?,?,?,?,?,?,?,?,?,?,?,?,?,?,default)
Hibernate: insert into "player" ("birth","cndtion","defending","goalkeeping","moral","name","on_sale","original_team_id","passing","playmaking","potential","preferred_foot","role","salary","scoring","set_pieces","stamina","surname","team_id","winger","id") values (?,?,?,?,?,?,?,?,?,?,?,?,?,?,?,?,?,?,?,?,default)
Hibernate: insert into "player" ("birth","cndtion","defending","goalkeeping","moral","name","on_sale","original_team_id","passing","playmaking","potential","preferred_foot","role","salary","scoring","set_pieces","stamina","surname","team_id","winger","id") values (?,?,?,?,?,?,?,?,?,?,?,?,?,?,?,?,?,?,?,?,default)
Hibernate: insert into "player" ("birth","cndtion","defending","goalkeeping","moral","name","on_sale","original_team_id","passing","playmaking","potential","preferred_foot","role","salary","scoring","set_pieces","stamina","surname","team_id","winger","id") values (?,?,?,?,?,?,?,?,?,?,?,?,?,?,?,?,?,?,?,?,default)
Hibernate: insert into "player" ("birth","cndtion","defending","goalkeeping","moral","name","on_sale","original_team_id","passing","playmaking","potential","preferred_foot","role","salary","scoring","set_pieces","stamina","surname","team_id","winger","id") values (?,?,?,?,?,?,?,?,?,?,?,?,?,?,?,?,?,?,?,?,default)
Hibernate: insert into "player" ("birth","cndtion","defending","goalkeeping","moral","name","on_sale","original_team_id","passing","playmaking","potential","preferred_foot","role","salary","scoring","set_pieces","stamina","surname","team_id","winger","id") values (?,?,?,?,?,?,?,?,?,?,?,?,?,?,?,?,?,?,?,?,default)
Hibernate: insert into "player" ("birth","cndtion","defending","goalkeeping","moral","name","on_sale","original_team_id","passing","playmaking","potential","preferred_foot","role","salary","scoring","set_pieces","stamina","surname","team_id","winger","id") values (?,?,?,?,?,?,?,?,?,?,?,?,?,?,?,?,?,?,?,?,default)
Hibernate: insert into "player" ("birth","cndtion","defending","goalkeeping","moral","name","on_sale","original_team_id","passing","playmaking","potential","preferred_foot","role","salary","scoring","set_pieces","stamina","surname","team_id","winger","id") values (?,?,?,?,?,?,?,?,?,?,?,?,?,?,?,?,?,?,?,?,default)
Hibernate: insert into "player" ("birth","cndtion","defending","goalkeeping","moral","name","on_sale","original_team_id","passing","playmaking","potential","preferred_foot","role","salary","scoring","set_pieces","stamina","surname","team_id","winger","id") values (?,?,?,?,?,?,?,?,?,?,?,?,?,?,?,?,?,?,?,?,default)
Hibernate: insert into "matchh" ("away_id","away_formation_id","away_score","date","finish","home_id","home_formation_id","home_score","last","round_id","spectators","match_id","status","id") values (?,?,?,?,?,?,?,?,?,?,?,?,?,default)
Hibernate: insert into "matchh" ("away_id","away_formation_id","away_score","date","finish","home_id","home_formation_id","home_score","last","round_id","spectators","match_id","status","id") values (?,?,?,?,?,?,?,?,?,?,?,?,?,default)
Hibernate: insert into "matchh" ("away_id","away_formation_id","away_score","date","finish","home_id","home_formation_id","home_score","last","round_id","spectators","match_id","status","id") values (?,?,?,?,?,?,?,?,?,?,?,?,?,default)
Hibernate: insert into "matchh" ("away_id","away_formation_id","away_score","date","finish","home_id","home_formation_id","home_score","last","round_id","spectators","match_id","status","id") values (?,?,?,?,?,?,?,?,?,?,?,?,?,default)
Hibernate: insert into "matchh" ("away_id","away_formation_id","away_score","date","finish","home_id","home_formation_id","home_score","last","round_id","spectators","match_id","status","id") values (?,?,?,?,?,?,?,?,?,?,?,?,?,default)
Hibernate: insert into "matchh" ("away_id","away_formation_id","away_score","date","finish","home_id","home_formation_id","home_score","last","round_id","spectators","match_id","status","id") values (?,?,?,?,?,?,?,?,?,?,?,?,?,default)
Hibernate: insert into "matchh" ("away_id","away_formation_id","away_score","date","finish","home_id","home_formation_id","home_score","last","round_id","spectators","match_id","status","id") values (?,?,?,?,?,?,?,?,?,?,?,?,?,default)
Hibernate: insert into "matchh" ("away_id","away_formation_id","away_score","date","finish","home_id","home_formation_id","home_score","last","round_id","spectators","match_id","status","id") values (?,?,?,?,?,?,?,?,?,?,?,?,?,default)
Hibernate: insert into "matchh" ("away_id","away_formation_id","away_score","date","finish","home_id","home_formation_id","home_score","last","round_id","spectators","match_id","status","id") values (?,?,?,?,?,?,?,?,?,?,?,?,?,default)
Hibernate: insert into "matchh" ("away_id","away_formation_id","away_score","date","finish","home_id","home_formation_id","home_score","last","round_id","spectators","match_id","status","id") values (?,?,?,?,?,?,?,?,?,?,?,?,?,default)
Hibernate: update "league" set "country_id"=?,"season_id"=?,"euro_cup"=?,"minor_league_id"=?,"name"=?,"promotion"=?,"relegation"=?,"server_id"=? where "id"=?
Hibernate: update "club" set "city"=?,"finance_id"=?,"foundation"=?,"league_id"=?,"logourl"=?,"medical_center_id"=?,"name"=?,"stadium_id"=?,"team_id"=?,"training_facility_id"=?,"under18_id"=?,"youth_academy_id"=? where "id"=?
Hibernate: update "club" set "city"=?,"finance_id"=?,"foundation"=?,"league_id"=?,"logourl"=?,"medical_center_id"=?,"name"=?,"stadium_id"=?,"team_id"=?,"training_facility_id"=?,"under18_id"=?,"youth_academy_id"=? where "id"=?
Hibernate: update "club" set "city"=?,"finance_id"=?,"foundation"=?,"league_id"=?,"logourl"=?,"medical_center_id"=?,"name"=?,"stadium_id"=?,"team_id"=?,"training_facility_id"=?,"under18_id"=?,"youth_academy_id"=? where "id"=?
Hibernate: update "club" set "city"=?,"finance_id"=?,"foundation"=?,"league_id"=?,"logourl"=?,"medical_center_id"=?,"name"=?,"stadium_id"=?,"team_id"=?,"training_facility_id"=?,"under18_id"=?,"youth_academy_id"=? where "id"=?
Hibernate: update "club" set "city"=?,"finance_id"=?,"foundation"=?,"league_id"=?,"logourl"=?,"medical_center_id"=?,"name"=?,"stadium_id"=?,"team_id"=?,"training_facility_id"=?,"under18_id"=?,"youth_academy_id"=? where "id"=?
Hibernate: update "club" set "city"=?,"finance_id"=?,"foundation"=?,"league_id"=?,"logourl"=?,"medical_center_id"=?,"name"=?,"stadium_id"=?,"team_id"=?,"training_facility_id"=?,"under18_id"=?,"youth_academy_id"=? where "id"=?
Hibernate: update "club" set "city"=?,"finance_id"=?,"foundation"=?,"league_id"=?,"logourl"=?,"medical_center_id"=?,"name"=?,"stadium_id"=?,"team_id"=?,"training_facility_id"=?,"under18_id"=?,"youth_academy_id"=? where "id"=?
Hibernate: update "club" set "city"=?,"finance_id"=?,"foundation"=?,"league_id"=?,"logourl"=?,"medical_center_id"=?,"name"=?,"stadium_id"=?,"team_id"=?,"training_facility_id"=?,"under18_id"=?,"youth_academy_id"=? where "id"=?
Hibernate: update "club" set "city"=?,"finance_id"=?,"foundation"=?,"league_id"=?,"logourl"=?,"medical_center_id"=?,"name"=?,"stadium_id"=?,"team_id"=?,"training_facility_id"=?,"under18_id"=?,"youth_academy_id"=? where "id"=?
Hibernate: update "club" set "city"=?,"finance_id"=?,"foundation"=?,"league_id"=?,"logourl"=?,"medical_center_id"=?,"name"=?,"stadium_id"=?,"team_id"=?,"training_facility_id"=?,"under18_id"=?,"youth_academy_id"=? where "id"=?
Hibernate: update "club" set "city"=?,"finance_id"=?,"foundation"=?,"league_id"=?,"logourl"=?,"medical_center_id"=?,"name"=?,"stadium_id"=?,"team_id"=?,"training_facility_id"=?,"under18_id"=?,"youth_academy_id"=? where "id"=?
Hibernate: update "club" set "city"=?,"finance_id"=?,"foundation"=?,"league_id"=?,"logourl"=?,"medical_center_id"=?,"name"=?,"stadium_id"=?,"team_id"=?,"training_facility_id"=?,"under18_id"=?,"youth_academy_id"=? where "id"=?
Hibernate: update "club" set "city"=?,"finance_id"=?,"foundation"=?,"league_id"=?,"logourl"=?,"medical_center_id"=?,"name"=?,"stadium_id"=?,"team_id"=?,"training_facility_id"=?,"under18_id"=?,"youth_academy_id"=? where "id"=?
Hibernate: update "club" set "city"=?,"finance_id"=?,"foundation"=?,"league_id"=?,"logourl"=?,"medical_center_id"=?,"name"=?,"stadium_id"=?,"team_id"=?,"training_facility_id"=?,"under18_id"=?,"youth_academy_id"=? where "id"=?
Hibernate: update "club" set "city"=?,"finance_id"=?,"foundation"=?,"league_id"=?,"logourl"=?,"medical_center_id"=?,"name"=?,"stadium_id"=?,"team_id"=?,"training_facility_id"=?,"under18_id"=?,"youth_academy_id"=? where "id"=?
Hibernate: update "club" set "city"=?,"finance_id"=?,"foundation"=?,"league_id"=?,"logourl"=?,"medical_center_id"=?,"name"=?,"stadium_id"=?,"team_id"=?,"training_facility_id"=?,"under18_id"=?,"youth_academy_id"=? where "id"=?
Hibernate: update "club" set "city"=?,"finance_id"=?,"foundation"=?,"league_id"=?,"logourl"=?,"medical_center_id"=?,"name"=?,"stadium_id"=?,"team_id"=?,"training_facility_id"=?,"under18_id"=?,"youth_academy_id"=? where "id"=?
Hibernate: update "club" set "city"=?,"finance_id"=?,"foundation"=?,"league_id"=?,"logourl"=?,"medical_center_id"=?,"name"=?,"stadium_id"=?,"team_id"=?,"training_facility_id"=?,"under18_id"=?,"youth_academy_id"=? where "id"=?
Hibernate: update "club" set "city"=?,"finance_id"=?,"foundation"=?,"league_id"=?,"logourl"=?,"medical_center_id"=?,"name"=?,"stadium_id"=?,"team_id"=?,"training_facility_id"=?,"under18_id"=?,"youth_academy_id"=? where "id"=?
Hibernate: update "club" set "city"=?,"finance_id"=?,"foundation"=?,"league_id"=?,"logourl"=?,"medical_center_id"=?,"name"=?,"stadium_id"=?,"team_id"=?,"training_facility_id"=?,"under18_id"=?,"youth_academy_id"=? where "id"=?
Hibernate: insert into "formation_player" ("formation_id","idx","player_id") values (?,?,?)
Hibernate: insert into "formation_player" ("formation_id","idx","player_id") values (?,?,?)
Hibernate: insert into "formation_player" ("formation_id","idx","player_id") values (?,?,?)
Hibernate: insert into "formation_player" ("formation_id","idx","player_id") values (?,?,?)
Hibernate: insert into "formation_player" ("formation_id","idx","player_id") values (?,?,?)
Hibernate: insert into "formation_player" ("formation_id","idx","player_id") values (?,?,?)
Hibernate: insert into "formation_player" ("formation_id","idx","player_id") values (?,?,?)
Hibernate: insert into "formation_player" ("formation_id","idx","player_id") values (?,?,?)
Hibernate: insert into "formation_player" ("formation_id","idx","player_id") values (?,?,?)
Hibernate: insert into "formation_player" ("formation_id","idx","player_id") values (?,?,?)
Hibernate: insert into "formation_player" ("formation_id","idx","player_id") values (?,?,?)
Hibernate: insert into "formation_player" ("formation_id","idx","player_id") values (?,?,?)
Hibernate: insert into "formation_player" ("formation_id","idx","player_id") values (?,?,?)
Hibernate: insert into "formation_player" ("formation_id","idx","player_id") values (?,?,?)
Hibernate: insert into "formation_player" ("formation_id","idx","player_id") values (?,?,?)
Hibernate: insert into "formation_player" ("formation_id","idx","player_id") values (?,?,?)
Hibernate: insert into "formation_player" ("formation_id","idx","player_id") values (?,?,?)
Hibernate: insert into "formation_player" ("formation_id","idx","player_id") values (?,?,?)
Hibernate: insert into "formation_player" ("formation_id","idx","player_id") values (?,?,?)
Hibernate: insert into "formation_player" ("formation_id","idx","player_id") values (?,?,?)
Hibernate: insert into "formation_player" ("formation_id","idx","player_id") values (?,?,?)
Hibernate: insert into "formation_player" ("formation_id","idx","player_id") values (?,?,?)
Hibernate: insert into "formation_player" ("formation_id","idx","player_id") values (?,?,?)
Hibernate: insert into "formation_player" ("formation_id","idx","player_id") values (?,?,?)
Hibernate: insert into "formation_player" ("formation_id","idx","player_id") values (?,?,?)
Hibernate: insert into "formation_player" ("formation_id","idx","player_id") values (?,?,?)
Hibernate: insert into "formation_player" ("formation_id","idx","player_id") values (?,?,?)
Hibernate: insert into "formation_player" ("formation_id","idx","player_id") values (?,?,?)
Hibernate: insert into "formation_player" ("formation_id","idx","player_id") values (?,?,?)
Hibernate: insert into "formation_player" ("formation_id","idx","player_id") values (?,?,?)
Hibernate: insert into "formation_player" ("formation_id","idx","player_id") values (?,?,?)
Hibernate: insert into "formation_player" ("formation_id","idx","player_id") values (?,?,?)
Hibernate: insert into "formation_player" ("formation_id","idx","player_id") values (?,?,?)
Hibernate: insert into "formation_player" ("formation_id","idx","player_id") values (?,?,?)
Hibernate: insert into "formation_player" ("formation_id","idx","player_id") values (?,?,?)
Hibernate: insert into "formation_player" ("formation_id","idx","player_id") values (?,?,?)
Hibernate: insert into "formation_player" ("formation_id","idx","player_id") values (?,?,?)
Hibernate: insert into "formation_player" ("formation_id","idx","player_id") values (?,?,?)
Hibernate: insert into "formation_player" ("formation_id","idx","player_id") values (?,?,?)
Hibernate: insert into "formation_player" ("formation_id","idx","player_id") values (?,?,?)
Hibernate: insert into "formation_player" ("formation_id","idx","player_id") values (?,?,?)
Hibernate: insert into "formation_player" ("formation_id","idx","player_id") values (?,?,?)
Hibernate: insert into "formation_player" ("formation_id","idx","player_id") values (?,?,?)
Hibernate: insert into "formation_player" ("formation_id","idx","player_id") values (?,?,?)
Hibernate: insert into "formation_player" ("formation_id","idx","player_id") values (?,?,?)
Hibernate: insert into "formation_player" ("formation_id","idx","player_id") values (?,?,?)
Hibernate: insert into "formation_player" ("formation_id","idx","player_id") values (?,?,?)
Hibernate: insert into "formation_player" ("formation_id","idx","player_id") values (?,?,?)
Hibernate: insert into "formation_player" ("formation_id","idx","player_id") values (?,?,?)
Hibernate: insert into "formation_player" ("formation_id","idx","player_id") values (?,?,?)
Hibernate: insert into "formation_player" ("formation_id","idx","player_id") values (?,?,?)
Hibernate: insert into "formation_player" ("formation_id","idx","player_id") values (?,?,?)
Hibernate: insert into "formation_player" ("formation_id","idx","player_id") values (?,?,?)
Hibernate: insert into "formation_player" ("formation_id","idx","player_id") values (?,?,?)
Hibernate: insert into "formation_player" ("formation_id","idx","player_id") values (?,?,?)
Hibernate: insert into "formation_player" ("formation_id","idx","player_id") values (?,?,?)
Hibernate: insert into "formation_player" ("formation_id","idx","player_id") values (?,?,?)
Hibernate: insert into "formation_player" ("formation_id","idx","player_id") values (?,?,?)
Hibernate: insert into "formation_player" ("formation_id","idx","player_id") values (?,?,?)
Hibernate: insert into "formation_player" ("formation_id","idx","player_id") values (?,?,?)
Hibernate: insert into "formation_player" ("formation_id","idx","player_id") values (?,?,?)
Hibernate: insert into "formation_player" ("formation_id","idx","player_id") values (?,?,?)
Hibernate: insert into "formation_player" ("formation_id","idx","player_id") values (?,?,?)
Hibernate: insert into "formation_player" ("formation_id","idx","player_id") values (?,?,?)
Hibernate: insert into "formation_player" ("formation_id","idx","player_id") values (?,?,?)
Hibernate: insert into "formation_player" ("formation_id","idx","player_id") values (?,?,?)
Hibernate: insert into "formation_player" ("formation_id","idx","player_id") values (?,?,?)
Hibernate: insert into "formation_player" ("formation_id","idx","player_id") values (?,?,?)
Hibernate: insert into "formation_player" ("formation_id","idx","player_id") values (?,?,?)
Hibernate: insert into "formation_player" ("formation_id","idx","player_id") values (?,?,?)
Hibernate: insert into "formation_player" ("formation_id","idx","player_id") values (?,?,?)
Hibernate: insert into "formation_player" ("formation_id","idx","player_id") values (?,?,?)
Hibernate: insert into "formation_player" ("formation_id","idx","player_id") values (?,?,?)
Hibernate: insert into "formation_player" ("formation_id","idx","player_id") values (?,?,?)
Hibernate: insert into "formation_player" ("formation_id","idx","player_id") values (?,?,?)
Hibernate: insert into "formation_player" ("formation_id","idx","player_id") values (?,?,?)
Hibernate: insert into "formation_player" ("formation_id","idx","player_id") values (?,?,?)
Hibernate: insert into "formation_player" ("formation_id","idx","player_id") values (?,?,?)
Hibernate: insert into "formation_player" ("formation_id","idx","player_id") values (?,?,?)
Hibernate: insert into "formation_player" ("formation_id","idx","player_id") values (?,?,?)
Hibernate: insert into "formation_player" ("formation_id","idx","player_id") values (?,?,?)
Hibernate: insert into "formation_player" ("formation_id","idx","player_id") values (?,?,?)
Hibernate: insert into "formation_player" ("formation_id","idx","player_id") values (?,?,?)
Hibernate: insert into "formation_player" ("formation_id","idx","player_id") values (?,?,?)
Hibernate: insert into "formation_player" ("formation_id","idx","player_id") values (?,?,?)
Hibernate: insert into "formation_player" ("formation_id","idx","player_id") values (?,?,?)
Hibernate: insert into "formation_player" ("formation_id","idx","player_id") values (?,?,?)
Hibernate: insert into "formation_player" ("formation_id","idx","player_id") values (?,?,?)
Hibernate: insert into "formation_player" ("formation_id","idx","player_id") values (?,?,?)
Hibernate: insert into "formation_player" ("formation_id","idx","player_id") values (?,?,?)
Hibernate: insert into "formation_player" ("formation_id","idx","player_id") values (?,?,?)
Hibernate: insert into "formation_player" ("formation_id","idx","player_id") values (?,?,?)
Hibernate: insert into "formation_player" ("formation_id","idx","player_id") values (?,?,?)
Hibernate: insert into "formation_player" ("formation_id","idx","player_id") values (?,?,?)
Hibernate: insert into "formation_player" ("formation_id","idx","player_id") values (?,?,?)
Hibernate: insert into "formation_player" ("formation_id","idx","player_id") values (?,?,?)
Hibernate: insert into "formation_player" ("formation_id","idx","player_id") values (?,?,?)
Hibernate: insert into "formation_player" ("formation_id","idx","player_id") values (?,?,?)
Hibernate: insert into "formation_player" ("formation_id","idx","player_id") values (?,?,?)
Hibernate: insert into "formation_player" ("formation_id","idx","player_id") values (?,?,?)
Hibernate: insert into "formation_player" ("formation_id","idx","player_id") values (?,?,?)
Hibernate: insert into "formation_player" ("formation_id","idx","player_id") values (?,?,?)
Hibernate: insert into "formation_player" ("formation_id","idx","player_id") values (?,?,?)
Hibernate: insert into "formation_player" ("formation_id","idx","player_id") values (?,?,?)
Hibernate: insert into "formation_player" ("formation_id","idx","player_id") values (?,?,?)
Hibernate: insert into "formation_player" ("formation_id","idx","player_id") values (?,?,?)
Hibernate: insert into "formation_player" ("formation_id","idx","player_id") values (?,?,?)
Hibernate: insert into "formation_player" ("formation_id","idx","player_id") values (?,?,?)
Hibernate: insert into "formation_player" ("formation_id","idx","player_id") values (?,?,?)
Hibernate: insert into "formation_player" ("formation_id","idx","player_id") values (?,?,?)
Hibernate: insert into "formation_player" ("formation_id","idx","player_id") values (?,?,?)
Hibernate: insert into "formation_player" ("formation_id","idx","player_id") values (?,?,?)
Hibernate: insert into "formation_player" ("formation_id","idx","player_id") values (?,?,?)
Hibernate: insert into "formation_player" ("formation_id","idx","player_id") values (?,?,?)
Hibernate: insert into "formation_player" ("formation_id","idx","player_id") values (?,?,?)
Hibernate: insert into "formation_player" ("formation_id","idx","player_id") values (?,?,?)
Hibernate: insert into "formation_player" ("formation_id","idx","player_id") values (?,?,?)
Hibernate: insert into "formation_player" ("formation_id","idx","player_id") values (?,?,?)
Hibernate: insert into "formation_player" ("formation_id","idx","player_id") values (?,?,?)
Hibernate: insert into "formation_player" ("formation_id","idx","player_id") values (?,?,?)
Hibernate: insert into "formation_player" ("formation_id","idx","player_id") values (?,?,?)
Hibernate: insert into "formation_player" ("formation_id","idx","player_id") values (?,?,?)
Hibernate: insert into "formation_player" ("formation_id","idx","player_id") values (?,?,?)
Hibernate: insert into "formation_player" ("formation_id","idx","player_id") values (?,?,?)
Hibernate: insert into "formation_player" ("formation_id","idx","player_id") values (?,?,?)
Hibernate: insert into "formation_player" ("formation_id","idx","player_id") values (?,?,?)
Hibernate: insert into "formation_player" ("formation_id","idx","player_id") values (?,?,?)
Hibernate: insert into "formation_player" ("formation_id","idx","player_id") values (?,?,?)
Hibernate: insert into "formation_player" ("formation_id","idx","player_id") values (?,?,?)
Hibernate: insert into "formation_player" ("formation_id","idx","player_id") values (?,?,?)
Hibernate: insert into "formation_player" ("formation_id","idx","player_id") values (?,?,?)
Hibernate: insert into "formation_player" ("formation_id","idx","player_id") values (?,?,?)
Hibernate: insert into "formation_player" ("formation_id","idx","player_id") values (?,?,?)
Hibernate: insert into "formation_player" ("formation_id","idx","player_id") values (?,?,?)
Hibernate: insert into "formation_player" ("formation_id","idx","player_id") values (?,?,?)
Hibernate: insert into "formation_player" ("formation_id","idx","player_id") values (?,?,?)
Hibernate: insert into "formation_player" ("formation_id","idx","player_id") values (?,?,?)
Hibernate: insert into "formation_player" ("formation_id","idx","player_id") values (?,?,?)
Hibernate: insert into "formation_player" ("formation_id","idx","player_id") values (?,?,?)
Hibernate: insert into "formation_player" ("formation_id","idx","player_id") values (?,?,?)
Hibernate: insert into "formation_player" ("formation_id","idx","player_id") values (?,?,?)
Hibernate: insert into "formation_player" ("formation_id","idx","player_id") values (?,?,?)
Hibernate: insert into "formation_player" ("formation_id","idx","player_id") values (?,?,?)
Hibernate: insert into "formation_player" ("formation_id","idx","player_id") values (?,?,?)
Hibernate: insert into "formation_player" ("formation_id","idx","player_id") values (?,?,?)
Hibernate: insert into "formation_player" ("formation_id","idx","player_id") values (?,?,?)
Hibernate: insert into "formation_player" ("formation_id","idx","player_id") values (?,?,?)
Hibernate: insert into "formation_player" ("formation_id","idx","player_id") values (?,?,?)
Hibernate: insert into "formation_player" ("formation_id","idx","player_id") values (?,?,?)
Hibernate: insert into "formation_player" ("formation_id","idx","player_id") values (?,?,?)
Hibernate: insert into "formation_player" ("formation_id","idx","player_id") values (?,?,?)
Hibernate: insert into "formation_player" ("formation_id","idx","player_id") values (?,?,?)
Hibernate: insert into "formation_player" ("formation_id","idx","player_id") values (?,?,?)
Hibernate: insert into "formation_player" ("formation_id","idx","player_id") values (?,?,?)
Hibernate: insert into "formation_player" ("formation_id","idx","player_id") values (?,?,?)
Hibernate: insert into "formation_player" ("formation_id","idx","player_id") values (?,?,?)
Hibernate: insert into "formation_player" ("formation_id","idx","player_id") values (?,?,?)
Hibernate: insert into "formation_player" ("formation_id","idx","player_id") values (?,?,?)
Hibernate: insert into "formation_player" ("formation_id","idx","player_id") values (?,?,?)
Hibernate: insert into "formation_player" ("formation_id","idx","player_id") values (?,?,?)
Hibernate: insert into "formation_player" ("formation_id","idx","player_id") values (?,?,?)
Hibernate: insert into "formation_player" ("formation_id","idx","player_id") values (?,?,?)
Hibernate: insert into "formation_player" ("formation_id","idx","player_id") values (?,?,?)
Hibernate: insert into "formation_player" ("formation_id","idx","player_id") values (?,?,?)
Hibernate: insert into "formation_player" ("formation_id","idx","player_id") values (?,?,?)
Hibernate: insert into "formation_player" ("formation_id","idx","player_id") values (?,?,?)
Hibernate: insert into "formation_player" ("formation_id","idx","player_id") values (?,?,?)
Hibernate: insert into "formation_player" ("formation_id","idx","player_id") values (?,?,?)
Hibernate: insert into "formation_player" ("formation_id","idx","player_id") values (?,?,?)
Hibernate: insert into "formation_player" ("formation_id","idx","player_id") values (?,?,?)
Hibernate: insert into "formation_player" ("formation_id","idx","player_id") values (?,?,?)
Hibernate: insert into "formation_player" ("formation_id","idx","player_id") values (?,?,?)
Hibernate: insert into "formation_player" ("formation_id","idx","player_id") values (?,?,?)
Hibernate: insert into "formation_player" ("formation_id","idx","player_id") values (?,?,?)
Hibernate: insert into "formation_player" ("formation_id","idx","player_id") values (?,?,?)
Hibernate: insert into "formation_player" ("formation_id","idx","player_id") values (?,?,?)
Hibernate: insert into "formation_player" ("formation_id","idx","player_id") values (?,?,?)
Hibernate: insert into "formation_player" ("formation_id","idx","player_id") values (?,?,?)
Hibernate: insert into "formation_player" ("formation_id","idx","player_id") values (?,?,?)
Hibernate: insert into "formation_player" ("formation_id","idx","player_id") values (?,?,?)
Hibernate: insert into "formation_player" ("formation_id","idx","player_id") values (?,?,?)
Hibernate: insert into "formation_player" ("formation_id","idx","player_id") values (?,?,?)
Hibernate: insert into "formation_player" ("formation_id","idx","player_id") values (?,?,?)
Hibernate: insert into "formation_player" ("formation_id","idx","player_id") values (?,?,?)
Hibernate: insert into "formation_player" ("formation_id","idx","player_id") values (?,?,?)
Hibernate: insert into "formation_player" ("formation_id","idx","player_id") values (?,?,?)
Hibernate: insert into "formation_player" ("formation_id","idx","player_id") values (?,?,?)
Hibernate: insert into "formation_player" ("formation_id","idx","player_id") values (?,?,?)
Hibernate: insert into "formation_player" ("formation_id","idx","player_id") values (?,?,?)
Hibernate: insert into "formation_player" ("formation_id","idx","player_id") values (?,?,?)
Hibernate: insert into "formation_player" ("formation_id","idx","player_id") values (?,?,?)
Hibernate: insert into "formation_player" ("formation_id","idx","player_id") values (?,?,?)
Hibernate: insert into "formation_player" ("formation_id","idx","player_id") values (?,?,?)
Hibernate: insert into "formation_player" ("formation_id","idx","player_id") values (?,?,?)
Hibernate: insert into "formation_player" ("formation_id","idx","player_id") values (?,?,?)
Hibernate: insert into "formation_player" ("formation_id","idx","player_id") values (?,?,?)
Hibernate: insert into "formation_player" ("formation_id","idx","player_id") values (?,?,?)
Hibernate: insert into "formation_player" ("formation_id","idx","player_id") values (?,?,?)
Hibernate: insert into "formation_player" ("formation_id","idx","player_id") values (?,?,?)
Hibernate: insert into "formation_player" ("formation_id","idx","player_id") values (?,?,?)
Hibernate: insert into "formation_player" ("formation_id","idx","player_id") values (?,?,?)
Hibernate: insert into "formation_player" ("formation_id","idx","player_id") values (?,?,?)
Hibernate: insert into "formation_player" ("formation_id","idx","player_id") values (?,?,?)
Hibernate: insert into "formation_player" ("formation_id","idx","player_id") values (?,?,?)
Hibernate: insert into "formation_player" ("formation_id","idx","player_id") values (?,?,?)
Hibernate: insert into "formation_player" ("formation_id","idx","player_id") values (?,?,?)
Hibernate: insert into "formation_player" ("formation_id","idx","player_id") values (?,?,?)
Hibernate: insert into "formation_player" ("formation_id","idx","player_id") values (?,?,?)
Hibernate: insert into "formation_player" ("formation_id","idx","player_id") values (?,?,?)
Hibernate: insert into "formation_player" ("formation_id","idx","player_id") values (?,?,?)
Hibernate: insert into "formation_player" ("formation_id","idx","player_id") values (?,?,?)
Hibernate: insert into "formation_player" ("formation_id","idx","player_id") values (?,?,?)
Hibernate: insert into "formation_player" ("formation_id","idx","player_id") values (?,?,?)
Hibernate: insert into "formation_player" ("formation_id","idx","player_id") values (?,?,?)
Hibernate: insert into "formation_player" ("formation_id","idx","player_id") values (?,?,?)
Hibernate: insert into "formation_player" ("formation_id","idx","player_id") values (?,?,?)
Hibernate: insert into "formation_player" ("formation_id","idx","player_id") values (?,?,?)
Hibernate: insert into "formation_player" ("formation_id","idx","player_id") values (?,?,?)
Hibernate: insert into "formation_player" ("formation_id","idx","player_id") values (?,?,?)
Hibernate: insert into "formation_player" ("formation_id","idx","player_id") values (?,?,?)
Hibernate: select m1_0."id",m1_0."away_id",m1_0."away_formation_id",m1_0."away_score",m1_0."date",m1_0."finish",m1_0."home_id",m1_0."home_formation_id",m1_0."home_score",m1_0."last",m1_0."round_id",m1_0."spectators",m1_0."match_id",m1_0."status" from "matchh" m1_0 where m1_0."id" in (?,?,?,?,?,?,?,?,?,?)
Hibernate: select c1_0."id",c1_0."city",c1_0."finance_id",c1_0."foundation",c1_0."league_id",c1_0."logourl",c1_0."medical_center_id",c1_0."name",c1_0."stadium_id",c1_0."team_id",c1_0."training_facility_id",c1_0."under18_id",c1_0."youth_academy_id" from "club" c1_0 where c1_0."id"=?
Hibernate: select u1_0."id",u1_0."account_locked_until",u1_0."activation_token",u1_0."active",u1_0."admin_role",u1_0."ban_reason",u1_0."banned_by",u1_0."banned_until",u1_0."club_id",u1_0."country_id",u1_0."country",u1_0."created_by",u1_0."created_date",u1_0."date_of_birth",u1_0."email",u1_0."email_verification_token",u1_0."email_verification_token_expiry",u1_0."experience",u1_0."failed_login_attempts",u1_0."first_name",u1_0."is_active",u1_0."is_banned",u1_0."is_verified",u1_0."last_login_date",u1_0."last_login_ip",u1_0."last_modified_by",u1_0."last_modified_date",u1_0."last_name",mp1_0."id",mp1_0."current_xp",mp1_0."level",mp1_0."talent_points",up1_0."manager_profile_id",up1_0."perk",u1_0."name",u1_0."password",u1_0."password_changed_date",u1_0."password_reset_token",u1_0."password_reset_token_expiry",u1_0."phone_number",u1_0."preferred_language",u1_0."server_id",u1_0."surname",u1_0."timezone",u1_0."username" from "user" u1_0 left join "manager_profile" mp1_0 on u1_0."id"=mp1_0."user_id" left join "manager_unlocked_perks" up1_0 on mp1_0."id"=up1_0."manager_profile_id" where u1_0."club_id"=?
Hibernate: select s1_0."id",s1_0."accessibility_level",s1_0."atmosphere_multiplier",s1_0."base_capacity",s1_0."capacity",c1_0."id",c1_0."city",c1_0."finance_id",c1_0."foundation",c1_0."league_id",c1_0."logourl",c1_0."medical_center_id",c1_0."name",c1_0."team_id",c1_0."training_facility_id",c1_0."under18_id",c1_0."youth_academy_id",s1_0."construction_cost",s1_0."facilities_quality",s1_0."grandstand_est",s1_0."grandstand_nord",s1_0."grandstand_sud",s1_0."grandstand_west",s1_0."has_media_center",s1_0."has_megastore",s1_0."has_museum",s1_0."has_roof",s1_0."has_undersoil_heating",s1_0."has_vip_boxes",s1_0."last_upgrade_date",s1_0."maintenance_cost",s1_0."name",s1_0."next_maintenance_date",s1_0."pitch_quality",s1_0."revenue_multiplier",s1_0."security_level",s1_0."upgrade_value" from "stadium" s1_0 left join "club" c1_0 on s1_0."id"=c1_0."stadium_id" where s1_0."id"=?
Hibernate: select t1_0."id",ctp1_0."id",ctp1_0."friday_focus",ctp1_0."intensity",ctp1_0."last_updated",ctp1_0."monday_focus",ctp1_0."rest_on_weekends",ctp1_0."saturday_focus",ctp1_0."sunday_focus",ctp1_0."thursday_focus",ctp1_0."tuesday_focus",ctp1_0."wednesday_focus",t1_0."formation_id" from "team" t1_0 left join "training_plan" ctp1_0 on t1_0."id"=ctp1_0."team_id" where t1_0."id"=?
Hibernate: select c1_0."id",c1_0."city",c1_0."finance_id",c1_0."foundation",c1_0."league_id",c1_0."logourl",c1_0."medical_center_id",c1_0."name",c1_0."stadium_id",c1_0."team_id",c1_0."training_facility_id",c1_0."under18_id",c1_0."youth_academy_id" from "club" c1_0 where c1_0."under18_id"=?
Hibernate: select p1_0."team_id",p1_0."id",p1_0."birth",cs1_0."id",cs1_0."clubs_played",cs1_0."cup_titles",cs1_0."first_goal",cs1_0."first_professional_match",cs1_0."highest_season_rating",cs1_0."highest_transfer_value",cs1_0."international_caps",cs1_0."international_goals",cs1_0."league_titles",cs1_0."longest_goal_streak",cs1_0."milestone100goals",cs1_0."milestone100matches",cs1_0."most_assists_in_season",cs1_0."most_goals_in_season",cs1_0."total_assists",cs1_0."total_clean_sheets",cs1_0."total_goals",cs1_0."total_matches_played",cs1_0."total_red_cards",cs1_0."total_transfer_value",cs1_0."total_yellow_cards",p1_0."cndtion",cc1_0."id",cc1_0."automatic_extension_conditions",cc1_0."automatic_extension_years",cc1_0."club_id",cc1_0."end_date",cc1_0."has_release_clause",cc1_0."last_negotiation_date",cc1_0."loyalty_bonus",cc1_0."negotiation_attempts",cc1_0."player_id",cc1_0."release_clause",cc1_0."signing_bonus",cc1_0."start_date",cc1_0."status",cc1_0."weekly_salary",p1_0."defending",p1_0."goalkeeping",p1_0."moral",p1_0."name",p1_0."on_sale",p1_0."original_team_id",p1_0."passing",p1_0."playmaking",p1_0."potential",p1_0."preferred_foot",p1_0."role",p1_0."salary",p1_0."scoring",p1_0."set_pieces",p1_0."stamina",p1_0."surname",p1_0."winger" from "player" p1_0 left join "player_career_stats" cs1_0 on p1_0."id"=cs1_0."player_id" left join "contract" cc1_0 on p1_0."id"=cc1_0."player_id" where p1_0."team_id"=?
Hibernate: select m1_0."id",m1_0."cd",m1_0."fw",m1_0."mf",m1_0."name",m1_0."wb",m1_0."wng" from "module" m1_0
Hibernate: select f1_0."id",f1_0."have_ball",f1_0."mentality",f1_0."module_id",f1_0."substitution_strategy" from "formation" f1_0 where f1_0."id"=?
Hibernate: select c1_0."id",c1_0."city",c1_0."finance_id",c1_0."foundation",c1_0."league_id",c1_0."logourl",c1_0."medical_center_id",c1_0."name",c1_0."stadium_id",c1_0."team_id",c1_0."training_facility_id",c1_0."under18_id",c1_0."youth_academy_id" from "club" c1_0 where c1_0."id"=?
Hibernate: select u1_0."id",u1_0."account_locked_until",u1_0."activation_token",u1_0."active",u1_0."admin_role",u1_0."ban_reason",u1_0."banned_by",u1_0."banned_until",u1_0."club_id",u1_0."country_id",u1_0."country",u1_0."created_by",u1_0."created_date",u1_0."date_of_birth",u1_0."email",u1_0."email_verification_token",u1_0."email_verification_token_expiry",u1_0."experience",u1_0."failed_login_attempts",u1_0."first_name",u1_0."is_active",u1_0."is_banned",u1_0."is_verified",u1_0."last_login_date",u1_0."last_login_ip",u1_0."last_modified_by",u1_0."last_modified_date",u1_0."last_name",mp1_0."id",mp1_0."current_xp",mp1_0."level",mp1_0."talent_points",up1_0."manager_profile_id",up1_0."perk",u1_0."name",u1_0."password",u1_0."password_changed_date",u1_0."password_reset_token",u1_0."password_reset_token_expiry",u1_0."phone_number",u1_0."preferred_language",u1_0."server_id",u1_0."surname",u1_0."timezone",u1_0."username" from "user" u1_0 left join "manager_profile" mp1_0 on u1_0."id"=mp1_0."user_id" left join "manager_unlocked_perks" up1_0 on mp1_0."id"=up1_0."manager_profile_id" where u1_0."club_id"=?
Hibernate: select t1_0."id",ctp1_0."id",ctp1_0."friday_focus",ctp1_0."intensity",ctp1_0."last_updated",ctp1_0."monday_focus",ctp1_0."rest_on_weekends",ctp1_0."saturday_focus",ctp1_0."sunday_focus",ctp1_0."thursday_focus",ctp1_0."tuesday_focus",ctp1_0."wednesday_focus",t1_0."formation_id" from "team" t1_0 left join "training_plan" ctp1_0 on t1_0."id"=ctp1_0."team_id" where t1_0."id"=?
Hibernate: select c1_0."id",c1_0."city",c1_0."finance_id",c1_0."foundation",c1_0."league_id",c1_0."logourl",c1_0."medical_center_id",c1_0."name",c1_0."stadium_id",c1_0."team_id",c1_0."training_facility_id",c1_0."under18_id",c1_0."youth_academy_id" from "club" c1_0 where c1_0."under18_id"=?
Hibernate: select p1_0."team_id",p1_0."id",p1_0."birth",cs1_0."id",cs1_0."clubs_played",cs1_0."cup_titles",cs1_0."first_goal",cs1_0."first_professional_match",cs1_0."highest_season_rating",cs1_0."highest_transfer_value",cs1_0."international_caps",cs1_0."international_goals",cs1_0."league_titles",cs1_0."longest_goal_streak",cs1_0."milestone100goals",cs1_0."milestone100matches",cs1_0."most_assists_in_season",cs1_0."most_goals_in_season",cs1_0."total_assists",cs1_0."total_clean_sheets",cs1_0."total_goals",cs1_0."total_matches_played",cs1_0."total_red_cards",cs1_0."total_transfer_value",cs1_0."total_yellow_cards",p1_0."cndtion",cc1_0."id",cc1_0."automatic_extension_conditions",cc1_0."automatic_extension_years",cc1_0."club_id",cc1_0."end_date",cc1_0."has_release_clause",cc1_0."last_negotiation_date",cc1_0."loyalty_bonus",cc1_0."negotiation_attempts",cc1_0."player_id",cc1_0."release_clause",cc1_0."signing_bonus",cc1_0."start_date",cc1_0."status",cc1_0."weekly_salary",p1_0."defending",p1_0."goalkeeping",p1_0."moral",p1_0."name",p1_0."on_sale",p1_0."original_team_id",p1_0."passing",p1_0."playmaking",p1_0."potential",p1_0."preferred_foot",p1_0."role",p1_0."salary",p1_0."scoring",p1_0."set_pieces",p1_0."stamina",p1_0."surname",p1_0."winger" from "player" p1_0 left join "player_career_stats" cs1_0 on p1_0."id"=cs1_0."player_id" left join "contract" cc1_0 on p1_0."id"=cc1_0."player_id" where p1_0."team_id"=?
Hibernate: select m1_0."id",m1_0."cd",m1_0."fw",m1_0."mf",m1_0."name",m1_0."wb",m1_0."wng" from "module" m1_0
Hibernate: select f1_0."id",f1_0."have_ball",f1_0."mentality",f1_0."module_id",f1_0."substitution_strategy" from "formation" f1_0 where f1_0."id"=?
Hibernate: select s1_0."formation_id",s1_1."id",s1_1."birth",cs1_0."id",cs1_0."clubs_played",cs1_0."cup_titles",cs1_0."first_goal",cs1_0."first_professional_match",cs1_0."highest_season_rating",cs1_0."highest_transfer_value",cs1_0."international_caps",cs1_0."international_goals",cs1_0."league_titles",cs1_0."longest_goal_streak",cs1_0."milestone100goals",cs1_0."milestone100matches",cs1_0."most_assists_in_season",cs1_0."most_goals_in_season",cs1_0."total_assists",cs1_0."total_clean_sheets",cs1_0."total_goals",cs1_0."total_matches_played",cs1_0."total_red_cards",cs1_0."total_transfer_value",cs1_0."total_yellow_cards",s1_1."cndtion",cc1_0."id",cc1_0."automatic_extension_conditions",cc1_0."automatic_extension_years",cc1_0."club_id",cc1_0."end_date",cc1_0."has_release_clause",cc1_0."last_negotiation_date",cc1_0."loyalty_bonus",cc1_0."negotiation_attempts",cc1_0."player_id",cc1_0."release_clause",cc1_0."signing_bonus",cc1_0."start_date",cc1_0."status",cc1_0."weekly_salary",s1_1."defending",s1_1."goalkeeping",s1_1."moral",s1_1."name",s1_1."on_sale",s1_1."original_team_id",s1_1."passing",s1_1."playmaking",s1_1."potential",s1_1."preferred_foot",s1_1."role",s1_1."salary",s1_1."scoring",s1_1."set_pieces",s1_1."stamina",s1_1."surname",s1_1."team_id",s1_1."winger" from "formation_substitutes" s1_0 join "player" s1_1 on s1_1."id"=s1_0."player_id" left join "player_career_stats" cs1_0 on s1_1."id"=cs1_0."player_id" left join "contract" cc1_0 on s1_1."id"=cc1_0."player_id" where s1_0."formation_id"=?
Hibernate: select s1_0."formation_id",s1_1."id",s1_1."birth",cs1_0."id",cs1_0."clubs_played",cs1_0."cup_titles",cs1_0."first_goal",cs1_0."first_professional_match",cs1_0."highest_season_rating",cs1_0."highest_transfer_value",cs1_0."international_caps",cs1_0."international_goals",cs1_0."league_titles",cs1_0."longest_goal_streak",cs1_0."milestone100goals",cs1_0."milestone100matches",cs1_0."most_assists_in_season",cs1_0."most_goals_in_season",cs1_0."total_assists",cs1_0."total_clean_sheets",cs1_0."total_goals",cs1_0."total_matches_played",cs1_0."total_red_cards",cs1_0."total_transfer_value",cs1_0."total_yellow_cards",s1_1."cndtion",cc1_0."id",cc1_0."automatic_extension_conditions",cc1_0."automatic_extension_years",cc1_0."club_id",cc1_0."end_date",cc1_0."has_release_clause",cc1_0."last_negotiation_date",cc1_0."loyalty_bonus",cc1_0."negotiation_attempts",cc1_0."player_id",cc1_0."release_clause",cc1_0."signing_bonus",cc1_0."start_date",cc1_0."status",cc1_0."weekly_salary",s1_1."defending",s1_1."goalkeeping",s1_1."moral",s1_1."name",s1_1."on_sale",s1_1."original_team_id",s1_1."passing",s1_1."playmaking",s1_1."potential",s1_1."preferred_foot",s1_1."role",s1_1."salary",s1_1."scoring",s1_1."set_pieces",s1_1."stamina",s1_1."surname",s1_1."team_id",s1_1."winger" from "formation_substitutes" s1_0 join "player" s1_1 on s1_1."id"=s1_0."player_id" left join "player_career_stats" cs1_0 on s1_1."id"=cs1_0."player_id" left join "contract" cc1_0 on s1_1."id"=cc1_0."player_id" where s1_0."formation_id"=?
Hibernate: select s1_0."club_id",s1_0."id",s1_0."ability",s1_0."birth",s1_0."contract_end",s1_0."contract_start",s1_0."description",s1_0."experience",s1_0."injury_prevention_bonus",s1_0."monthly_salary",s1_0."motivation_bonus",s1_0."name",s1_0."nationality_id",s1_0."recovery_bonus",s1_0."reputation",s1_0."role",s1_0."scouting_bonus",s1_0."specialization",s1_0."status",s1_0."surname",s1_0."training_bonus" from "staff" s1_0 where s1_0."club_id"=?
Hibernate: select s1_0."club_id",s1_0."id",s1_0."ability",s1_0."birth",s1_0."contract_end",s1_0."contract_start",s1_0."description",s1_0."experience",s1_0."injury_prevention_bonus",s1_0."monthly_salary",s1_0."motivation_bonus",s1_0."name",s1_0."nationality_id",s1_0."recovery_bonus",s1_0."reputation",s1_0."role",s1_0."scouting_bonus",s1_0."specialization",s1_0."status",s1_0."surname",s1_0."training_bonus" from "staff" s1_0 where s1_0."club_id"=?
Hibernate: select i1_0."player_id",i1_0."id",i1_0."actual_recovery_date",i1_0."description",i1_0."expected_recovery_date",i1_0."injury_date",i1_0."performance_impact",i1_0."severity",i1_0."status",i1_0."type" from "injury" i1_0 where i1_0."player_id"=?
Hibernate: select i1_0."player_id",i1_0."id",i1_0."actual_recovery_date",i1_0."description",i1_0."expected_recovery_date",i1_0."injury_date",i1_0."performance_impact",i1_0."severity",i1_0."status",i1_0."type" from "injury" i1_0 where i1_0."player_id"=?
Hibernate: select i1_0."player_id",i1_0."id",i1_0."actual_recovery_date",i1_0."description",i1_0."expected_recovery_date",i1_0."injury_date",i1_0."performance_impact",i1_0."severity",i1_0."status",i1_0."type" from "injury" i1_0 where i1_0."player_id"=?
Hibernate: select i1_0."player_id",i1_0."id",i1_0."actual_recovery_date",i1_0."description",i1_0."expected_recovery_date",i1_0."injury_date",i1_0."performance_impact",i1_0."severity",i1_0."status",i1_0."type" from "injury" i1_0 where i1_0."player_id"=?
Hibernate: select i1_0."player_id",i1_0."id",i1_0."actual_recovery_date",i1_0."description",i1_0."expected_recovery_date",i1_0."injury_date",i1_0."performance_impact",i1_0."severity",i1_0."status",i1_0."type" from "injury" i1_0 where i1_0."player_id"=?
Hibernate: select i1_0."player_id",i1_0."id",i1_0."actual_recovery_date",i1_0."description",i1_0."expected_recovery_date",i1_0."injury_date",i1_0."performance_impact",i1_0."severity",i1_0."status",i1_0."type" from "injury" i1_0 where i1_0."player_id"=?
Hibernate: select i1_0."player_id",i1_0."id",i1_0."actual_recovery_date",i1_0."description",i1_0."expected_recovery_date",i1_0."injury_date",i1_0."performance_impact",i1_0."severity",i1_0."status",i1_0."type" from "injury" i1_0 where i1_0."player_id"=?
Hibernate: select i1_0."player_id",i1_0."id",i1_0."actual_recovery_date",i1_0."description",i1_0."expected_recovery_date",i1_0."injury_date",i1_0."performance_impact",i1_0."severity",i1_0."status",i1_0."type" from "injury" i1_0 where i1_0."player_id"=?
Hibernate: select i1_0."player_id",i1_0."id",i1_0."actual_recovery_date",i1_0."description",i1_0."expected_recovery_date",i1_0."injury_date",i1_0."performance_impact",i1_0."severity",i1_0."status",i1_0."type" from "injury" i1_0 where i1_0."player_id"=?
Hibernate: select i1_0."player_id",i1_0."id",i1_0."actual_recovery_date",i1_0."description",i1_0."expected_recovery_date",i1_0."injury_date",i1_0."performance_impact",i1_0."severity",i1_0."status",i1_0."type" from "injury" i1_0 where i1_0."player_id"=?
Hibernate: select i1_0."player_id",i1_0."id",i1_0."actual_recovery_date",i1_0."description",i1_0."expected_recovery_date",i1_0."injury_date",i1_0."performance_impact",i1_0."severity",i1_0."status",i1_0."type" from "injury" i1_0 where i1_0."player_id"=?
Hibernate: select i1_0."player_id",i1_0."id",i1_0."actual_recovery_date",i1_0."description",i1_0."expected_recovery_date",i1_0."injury_date",i1_0."performance_impact",i1_0."severity",i1_0."status",i1_0."type" from "injury" i1_0 where i1_0."player_id"=?
Hibernate: select i1_0."player_id",i1_0."id",i1_0."actual_recovery_date",i1_0."description",i1_0."expected_recovery_date",i1_0."injury_date",i1_0."performance_impact",i1_0."severity",i1_0."status",i1_0."type" from "injury" i1_0 where i1_0."player_id"=?
Hibernate: select i1_0."player_id",i1_0."id",i1_0."actual_recovery_date",i1_0."description",i1_0."expected_recovery_date",i1_0."injury_date",i1_0."performance_impact",i1_0."severity",i1_0."status",i1_0."type" from "injury" i1_0 where i1_0."player_id"=?
Hibernate: select i1_0."player_id",i1_0."id",i1_0."actual_recovery_date",i1_0."description",i1_0."expected_recovery_date",i1_0."injury_date",i1_0."performance_impact",i1_0."severity",i1_0."status",i1_0."type" from "injury" i1_0 where i1_0."player_id"=?
Hibernate: select i1_0."player_id",i1_0."id",i1_0."actual_recovery_date",i1_0."description",i1_0."expected_recovery_date",i1_0."injury_date",i1_0."performance_impact",i1_0."severity",i1_0."status",i1_0."type" from "injury" i1_0 where i1_0."player_id"=?
Hibernate: select i1_0."player_id",i1_0."id",i1_0."actual_recovery_date",i1_0."description",i1_0."expected_recovery_date",i1_0."injury_date",i1_0."performance_impact",i1_0."severity",i1_0."status",i1_0."type" from "injury" i1_0 where i1_0."player_id"=?
Hibernate: select i1_0."player_id",i1_0."id",i1_0."actual_recovery_date",i1_0."description",i1_0."expected_recovery_date",i1_0."injury_date",i1_0."performance_impact",i1_0."severity",i1_0."status",i1_0."type" from "injury" i1_0 where i1_0."player_id"=?
Hibernate: select i1_0."player_id",i1_0."id",i1_0."actual_recovery_date",i1_0."description",i1_0."expected_recovery_date",i1_0."injury_date",i1_0."performance_impact",i1_0."severity",i1_0."status",i1_0."type" from "injury" i1_0 where i1_0."player_id"=?
Hibernate: select i1_0."player_id",i1_0."id",i1_0."actual_recovery_date",i1_0."description",i1_0."expected_recovery_date",i1_0."injury_date",i1_0."performance_impact",i1_0."severity",i1_0."status",i1_0."type" from "injury" i1_0 where i1_0."player_id"=?
Hibernate: select i1_0."player_id",i1_0."id",i1_0."actual_recovery_date",i1_0."description",i1_0."expected_recovery_date",i1_0."injury_date",i1_0."performance_impact",i1_0."severity",i1_0."status",i1_0."type" from "injury" i1_0 where i1_0."player_id"=?
Hibernate: select i1_0."player_id",i1_0."id",i1_0."actual_recovery_date",i1_0."description",i1_0."expected_recovery_date",i1_0."injury_date",i1_0."performance_impact",i1_0."severity",i1_0."status",i1_0."type" from "injury" i1_0 where i1_0."player_id"=?
Hibernate: select c1_0."id",c1_0."city",c1_0."finance_id",c1_0."foundation",c1_0."league_id",c1_0."logourl",c1_0."medical_center_id",c1_0."name",c1_0."stadium_id",c1_0."team_id",c1_0."training_facility_id",c1_0."under18_id",c1_0."youth_academy_id" from "club" c1_0 where c1_0."id"=?
Hibernate: select u1_0."id",u1_0."account_locked_until",u1_0."activation_token",u1_0."active",u1_0."admin_role",u1_0."ban_reason",u1_0."banned_by",u1_0."banned_until",u1_0."club_id",u1_0."country_id",u1_0."country",u1_0."created_by",u1_0."created_date",u1_0."date_of_birth",u1_0."email",u1_0."email_verification_token",u1_0."email_verification_token_expiry",u1_0."experience",u1_0."failed_login_attempts",u1_0."first_name",u1_0."is_active",u1_0."is_banned",u1_0."is_verified",u1_0."last_login_date",u1_0."last_login_ip",u1_0."last_modified_by",u1_0."last_modified_date",u1_0."last_name",mp1_0."id",mp1_0."current_xp",mp1_0."level",mp1_0."talent_points",up1_0."manager_profile_id",up1_0."perk",u1_0."name",u1_0."password",u1_0."password_changed_date",u1_0."password_reset_token",u1_0."password_reset_token_expiry",u1_0."phone_number",u1_0."preferred_language",u1_0."server_id",u1_0."surname",u1_0."timezone",u1_0."username" from "user" u1_0 left join "manager_profile" mp1_0 on u1_0."id"=mp1_0."user_id" left join "manager_unlocked_perks" up1_0 on mp1_0."id"=up1_0."manager_profile_id" where u1_0."club_id"=?
Hibernate: select s1_0."id",s1_0."accessibility_level",s1_0."atmosphere_multiplier",s1_0."base_capacity",s1_0."capacity",c1_0."id",c1_0."city",c1_0."finance_id",c1_0."foundation",c1_0."league_id",c1_0."logourl",c1_0."medical_center_id",c1_0."name",c1_0."team_id",c1_0."training_facility_id",c1_0."under18_id",c1_0."youth_academy_id",s1_0."construction_cost",s1_0."facilities_quality",s1_0."grandstand_est",s1_0."grandstand_nord",s1_0."grandstand_sud",s1_0."grandstand_west",s1_0."has_media_center",s1_0."has_megastore",s1_0."has_museum",s1_0."has_roof",s1_0."has_undersoil_heating",s1_0."has_vip_boxes",s1_0."last_upgrade_date",s1_0."maintenance_cost",s1_0."name",s1_0."next_maintenance_date",s1_0."pitch_quality",s1_0."revenue_multiplier",s1_0."security_level",s1_0."upgrade_value" from "stadium" s1_0 left join "club" c1_0 on s1_0."id"=c1_0."stadium_id" where s1_0."id"=?
Hibernate: select t1_0."id",ctp1_0."id",ctp1_0."friday_focus",ctp1_0."intensity",ctp1_0."last_updated",ctp1_0."monday_focus",ctp1_0."rest_on_weekends",ctp1_0."saturday_focus",ctp1_0."sunday_focus",ctp1_0."thursday_focus",ctp1_0."tuesday_focus",ctp1_0."wednesday_focus",t1_0."formation_id" from "team" t1_0 left join "training_plan" ctp1_0 on t1_0."id"=ctp1_0."team_id" where t1_0."id"=?
Hibernate: select c1_0."id",c1_0."city",c1_0."finance_id",c1_0."foundation",c1_0."league_id",c1_0."logourl",c1_0."medical_center_id",c1_0."name",c1_0."stadium_id",c1_0."team_id",c1_0."training_facility_id",c1_0."under18_id",c1_0."youth_academy_id" from "club" c1_0 where c1_0."under18_id"=?
Hibernate: select p1_0."team_id",p1_0."id",p1_0."birth",cs1_0."id",cs1_0."clubs_played",cs1_0."cup_titles",cs1_0."first_goal",cs1_0."first_professional_match",cs1_0."highest_season_rating",cs1_0."highest_transfer_value",cs1_0."international_caps",cs1_0."international_goals",cs1_0."league_titles",cs1_0."longest_goal_streak",cs1_0."milestone100goals",cs1_0."milestone100matches",cs1_0."most_assists_in_season",cs1_0."most_goals_in_season",cs1_0."total_assists",cs1_0."total_clean_sheets",cs1_0."total_goals",cs1_0."total_matches_played",cs1_0."total_red_cards",cs1_0."total_transfer_value",cs1_0."total_yellow_cards",p1_0."cndtion",cc1_0."id",cc1_0."automatic_extension_conditions",cc1_0."automatic_extension_years",cc1_0."club_id",cc1_0."end_date",cc1_0."has_release_clause",cc1_0."last_negotiation_date",cc1_0."loyalty_bonus",cc1_0."negotiation_attempts",cc1_0."player_id",cc1_0."release_clause",cc1_0."signing_bonus",cc1_0."start_date",cc1_0."status",cc1_0."weekly_salary",p1_0."defending",p1_0."goalkeeping",p1_0."moral",p1_0."name",p1_0."on_sale",p1_0."original_team_id",p1_0."passing",p1_0."playmaking",p1_0."potential",p1_0."preferred_foot",p1_0."role",p1_0."salary",p1_0."scoring",p1_0."set_pieces",p1_0."stamina",p1_0."surname",p1_0."winger" from "player" p1_0 left join "player_career_stats" cs1_0 on p1_0."id"=cs1_0."player_id" left join "contract" cc1_0 on p1_0."id"=cc1_0."player_id" where p1_0."team_id"=?
Hibernate: insert into "formation" ("have_ball","mentality","module_id","substitution_strategy","id") values (?,?,?,?,default)
Hibernate: insert into "event_history" ("away_score","event","home_score","match_id","minute","type","uuid","id") values (?,?,?,?,?,?,?,default)
Hibernate: insert into "event_history" ("away_score","event","home_score","match_id","minute","type","uuid","id") values (?,?,?,?,?,?,?,default)
Hibernate: insert into "event_history" ("away_score","event","home_score","match_id","minute","type","uuid","id") values (?,?,?,?,?,?,?,default)
Hibernate: insert into "event_history" ("away_score","event","home_score","match_id","minute","type","uuid","id") values (?,?,?,?,?,?,?,default)
Hibernate: insert into "event_history" ("away_score","event","home_score","match_id","minute","type","uuid","id") values (?,?,?,?,?,?,?,default)
Hibernate: insert into "formation" ("have_ball","mentality","module_id","substitution_strategy","id") values (?,?,?,?,default)
Hibernate: insert into "match_player_stats" ("assists","completed_passes","goals","goals_conceded","match_id","minutes_played","mvp","passes","penalties_saved","player_id","position","rating","red_cards","saves","shots","shots_on_target","started","tackles","yellow_cards","id") values (?,?,?,?,?,?,?,?,?,?,?,?,?,?,?,?,?,?,?,default)
Hibernate: insert into "match_player_stats" ("assists","completed_passes","goals","goals_conceded","match_id","minutes_played","mvp","passes","penalties_saved","player_id","position","rating","red_cards","saves","shots","shots_on_target","started","tackles","yellow_cards","id") values (?,?,?,?,?,?,?,?,?,?,?,?,?,?,?,?,?,?,?,default)
Hibernate: insert into "match_player_stats" ("assists","completed_passes","goals","goals_conceded","match_id","minutes_played","mvp","passes","penalties_saved","player_id","position","rating","red_cards","saves","shots","shots_on_target","started","tackles","yellow_cards","id") values (?,?,?,?,?,?,?,?,?,?,?,?,?,?,?,?,?,?,?,default)
Hibernate: insert into "match_player_stats" ("assists","completed_passes","goals","goals_conceded","match_id","minutes_played","mvp","passes","penalties_saved","player_id","position","rating","red_cards","saves","shots","shots_on_target","started","tackles","yellow_cards","id") values (?,?,?,?,?,?,?,?,?,?,?,?,?,?,?,?,?,?,?,default)
Hibernate: insert into "match_player_stats" ("assists","completed_passes","goals","goals_conceded","match_id","minutes_played","mvp","passes","penalties_saved","player_id","position","rating","red_cards","saves","shots","shots_on_target","started","tackles","yellow_cards","id") values (?,?,?,?,?,?,?,?,?,?,?,?,?,?,?,?,?,?,?,default)
Hibernate: insert into "match_player_stats" ("assists","completed_passes","goals","goals_conceded","match_id","minutes_played","mvp","passes","penalties_saved","player_id","position","rating","red_cards","saves","shots","shots_on_target","started","tackles","yellow_cards","id") values (?,?,?,?,?,?,?,?,?,?,?,?,?,?,?,?,?,?,?,default)
Hibernate: insert into "match_player_stats" ("assists","completed_passes","goals","goals_conceded","match_id","minutes_played","mvp","passes","penalties_saved","player_id","position","rating","red_cards","saves","shots","shots_on_target","started","tackles","yellow_cards","id") values (?,?,?,?,?,?,?,?,?,?,?,?,?,?,?,?,?,?,?,default)
Hibernate: insert into "match_player_stats" ("assists","completed_passes","goals","goals_conceded","match_id","minutes_played","mvp","passes","penalties_saved","player_id","position","rating","red_cards","saves","shots","shots_on_target","started","tackles","yellow_cards","id") values (?,?,?,?,?,?,?,?,?,?,?,?,?,?,?,?,?,?,?,default)
Hibernate: insert into "match_player_stats" ("assists","completed_passes","goals","goals_conceded","match_id","minutes_played","mvp","passes","penalties_saved","player_id","position","rating","red_cards","saves","shots","shots_on_target","started","tackles","yellow_cards","id") values (?,?,?,?,?,?,?,?,?,?,?,?,?,?,?,?,?,?,?,default)
Hibernate: insert into "match_player_stats" ("assists","completed_passes","goals","goals_conceded","match_id","minutes_played","mvp","passes","penalties_saved","player_id","position","rating","red_cards","saves","shots","shots_on_target","started","tackles","yellow_cards","id") values (?,?,?,?,?,?,?,?,?,?,?,?,?,?,?,?,?,?,?,default)
Hibernate: insert into "match_player_stats" ("assists","completed_passes","goals","goals_conceded","match_id","minutes_played","mvp","passes","penalties_saved","player_id","position","rating","red_cards","saves","shots","shots_on_target","started","tackles","yellow_cards","id") values (?,?,?,?,?,?,?,?,?,?,?,?,?,?,?,?,?,?,?,default)
Hibernate: insert into "match_player_stats" ("assists","completed_passes","goals","goals_conceded","match_id","minutes_played","mvp","passes","penalties_saved","player_id","position","rating","red_cards","saves","shots","shots_on_target","started","tackles","yellow_cards","id") values (?,?,?,?,?,?,?,?,?,?,?,?,?,?,?,?,?,?,?,default)
Hibernate: insert into "match_player_stats" ("assists","completed_passes","goals","goals_conceded","match_id","minutes_played","mvp","passes","penalties_saved","player_id","position","rating","red_cards","saves","shots","shots_on_target","started","tackles","yellow_cards","id") values (?,?,?,?,?,?,?,?,?,?,?,?,?,?,?,?,?,?,?,default)
Hibernate: insert into "match_player_stats" ("assists","completed_passes","goals","goals_conceded","match_id","minutes_played","mvp","passes","penalties_saved","player_id","position","rating","red_cards","saves","shots","shots_on_target","started","tackles","yellow_cards","id") values (?,?,?,?,?,?,?,?,?,?,?,?,?,?,?,?,?,?,?,default)
Hibernate: insert into "match_player_stats" ("assists","completed_passes","goals","goals_conceded","match_id","minutes_played","mvp","passes","penalties_saved","player_id","position","rating","red_cards","saves","shots","shots_on_target","started","tackles","yellow_cards","id") values (?,?,?,?,?,?,?,?,?,?,?,?,?,?,?,?,?,?,?,default)
Hibernate: insert into "match_player_stats" ("assists","completed_passes","goals","goals_conceded","match_id","minutes_played","mvp","passes","penalties_saved","player_id","position","rating","red_cards","saves","shots","shots_on_target","started","tackles","yellow_cards","id") values (?,?,?,?,?,?,?,?,?,?,?,?,?,?,?,?,?,?,?,default)
Hibernate: insert into "match_player_stats" ("assists","completed_passes","goals","goals_conceded","match_id","minutes_played","mvp","passes","penalties_saved","player_id","position","rating","red_cards","saves","shots","shots_on_target","started","tackles","yellow_cards","id") values (?,?,?,?,?,?,?,?,?,?,?,?,?,?,?,?,?,?,?,default)
Hibernate: insert into "match_player_stats" ("assists","completed_passes","goals","goals_conceded","match_id","minutes_played","mvp","passes","penalties_saved","player_id","position","rating","red_cards","saves","shots","shots_on_target","started","tackles","yellow_cards","id") values (?,?,?,?,?,?,?,?,?,?,?,?,?,?,?,?,?,?,?,default)
Hibernate: insert into "match_player_stats" ("assists","completed_passes","goals","goals_conceded","match_id","minutes_played","mvp","passes","penalties_saved","player_id","position","rating","red_cards","saves","shots","shots_on_target","started","tackles","yellow_cards","id") values (?,?,?,?,?,?,?,?,?,?,?,?,?,?,?,?,?,?,?,default)
Hibernate: insert into "match_player_stats" ("assists","completed_passes","goals","goals_conceded","match_id","minutes_played","mvp","passes","penalties_saved","player_id","position","rating","red_cards","saves","shots","shots_on_target","started","tackles","yellow_cards","id") values (?,?,?,?,?,?,?,?,?,?,?,?,?,?,?,?,?,?,?,default)
Hibernate: insert into "match_player_stats" ("assists","completed_passes","goals","goals_conceded","match_id","minutes_played","mvp","passes","penalties_saved","player_id","position","rating","red_cards","saves","shots","shots_on_target","started","tackles","yellow_cards","id") values (?,?,?,?,?,?,?,?,?,?,?,?,?,?,?,?,?,?,?,default)
Hibernate: insert into "match_player_stats" ("assists","completed_passes","goals","goals_conceded","match_id","minutes_played","mvp","passes","penalties_saved","player_id","position","rating","red_cards","saves","shots","shots_on_target","started","tackles","yellow_cards","id") values (?,?,?,?,?,?,?,?,?,?,?,?,?,?,?,?,?,?,?,default)
Hibernate: insert into "stats" ("away_completed_passes","away_fouls","away_interceptions","away_on_target","away_passes","away_possession","away_shots","away_tackles","away_yellow_cards","home_completed_passes","home_fouls","home_interceptions","home_on_target","home_passes","home_possession","home_shots","home_tackles","home_yellow_cards","id") values (?,?,?,?,?,?,?,?,?,?,?,?,?,?,?,?,?,?,default)
Hibernate: select m1_0."id",m1_0."cd",m1_0."fw",m1_0."mf",m1_0."name",m1_0."wb",m1_0."wng" from "module" m1_0
Hibernate: select f1_0."id",f1_0."have_ball",f1_0."mentality",f1_0."module_id",f1_0."substitution_strategy" from "formation" f1_0 where f1_0."id"=?
Hibernate: select c1_0."id",c1_0."city",c1_0."finance_id",c1_0."foundation",c1_0."league_id",c1_0."logourl",c1_0."medical_center_id",c1_0."name",c1_0."stadium_id",c1_0."team_id",c1_0."training_facility_id",c1_0."under18_id",c1_0."youth_academy_id" from "club" c1_0 where c1_0."id"=?
Hibernate: select u1_0."id",u1_0."account_locked_until",u1_0."activation_token",u1_0."active",u1_0."admin_role",u1_0."ban_reason",u1_0."banned_by",u1_0."banned_until",u1_0."club_id",u1_0."country_id",u1_0."country",u1_0."created_by",u1_0."created_date",u1_0."date_of_birth",u1_0."email",u1_0."email_verification_token",u1_0."email_verification_token_expiry",u1_0."experience",u1_0."failed_login_attempts",u1_0."first_name",u1_0."is_active",u1_0."is_banned",u1_0."is_verified",u1_0."last_login_date",u1_0."last_login_ip",u1_0."last_modified_by",u1_0."last_modified_date",u1_0."last_name",mp1_0."id",mp1_0."current_xp",mp1_0."level",mp1_0."talent_points",up1_0."manager_profile_id",up1_0."perk",u1_0."name",u1_0."password",u1_0."password_changed_date",u1_0."password_reset_token",u1_0."password_reset_token_expiry",u1_0."phone_number",u1_0."preferred_language",u1_0."server_id",u1_0."surname",u1_0."timezone",u1_0."username" from "user" u1_0 left join "manager_profile" mp1_0 on u1_0."id"=mp1_0."user_id" left join "manager_unlocked_perks" up1_0 on mp1_0."id"=up1_0."manager_profile_id" where u1_0."club_id"=?
Hibernate: select t1_0."id",ctp1_0."id",ctp1_0."friday_focus",ctp1_0."intensity",ctp1_0."last_updated",ctp1_0."monday_focus",ctp1_0."rest_on_weekends",ctp1_0."saturday_focus",ctp1_0."sunday_focus",ctp1_0."thursday_focus",ctp1_0."tuesday_focus",ctp1_0."wednesday_focus",t1_0."formation_id" from "team" t1_0 left join "training_plan" ctp1_0 on t1_0."id"=ctp1_0."team_id" where t1_0."id"=?
Hibernate: select c1_0."id",c1_0."city",c1_0."finance_id",c1_0."foundation",c1_0."league_id",c1_0."logourl",c1_0."medical_center_id",c1_0."name",c1_0."stadium_id",c1_0."team_id",c1_0."training_facility_id",c1_0."under18_id",c1_0."youth_academy_id" from "club" c1_0 where c1_0."under18_id"=?
Hibernate: select p1_0."team_id",p1_0."id",p1_0."birth",cs1_0."id",cs1_0."clubs_played",cs1_0."cup_titles",cs1_0."first_goal",cs1_0."first_professional_match",cs1_0."highest_season_rating",cs1_0."highest_transfer_value",cs1_0."international_caps",cs1_0."international_goals",cs1_0."league_titles",cs1_0."longest_goal_streak",cs1_0."milestone100goals",cs1_0."milestone100matches",cs1_0."most_assists_in_season",cs1_0."most_goals_in_season",cs1_0."total_assists",cs1_0."total_clean_sheets",cs1_0."total_goals",cs1_0."total_matches_played",cs1_0."total_red_cards",cs1_0."total_transfer_value",cs1_0."total_yellow_cards",p1_0."cndtion",cc1_0."id",cc1_0."automatic_extension_conditions",cc1_0."automatic_extension_years",cc1_0."club_id",cc1_0."end_date",cc1_0."has_release_clause",cc1_0."last_negotiation_date",cc1_0."loyalty_bonus",cc1_0."negotiation_attempts",cc1_0."player_id",cc1_0."release_clause",cc1_0."signing_bonus",cc1_0."start_date",cc1_0."status",cc1_0."weekly_salary",p1_0."defending",p1_0."goalkeeping",p1_0."moral",p1_0."name",p1_0."on_sale",p1_0."original_team_id",p1_0."passing",p1_0."playmaking",p1_0."potential",p1_0."preferred_foot",p1_0."role",p1_0."salary",p1_0."scoring",p1_0."set_pieces",p1_0."stamina",p1_0."surname",p1_0."winger" from "player" p1_0 left join "player_career_stats" cs1_0 on p1_0."id"=cs1_0."player_id" left join "contract" cc1_0 on p1_0."id"=cc1_0."player_id" where p1_0."team_id"=?
Hibernate: select m1_0."id",m1_0."cd",m1_0."fw",m1_0."mf",m1_0."name",m1_0."wb",m1_0."wng" from "module" m1_0
Hibernate: select f1_0."id",f1_0."have_ball",f1_0."mentality",f1_0."module_id",f1_0."substitution_strategy" from "formation" f1_0 where f1_0."id"=?
Hibernate: select s1_0."formation_id",s1_1."id",s1_1."birth",cs1_0."id",cs1_0."clubs_played",cs1_0."cup_titles",cs1_0."first_goal",cs1_0."first_professional_match",cs1_0."highest_season_rating",cs1_0."highest_transfer_value",cs1_0."international_caps",cs1_0."international_goals",cs1_0."league_titles",cs1_0."longest_goal_streak",cs1_0."milestone100goals",cs1_0."milestone100matches",cs1_0."most_assists_in_season",cs1_0."most_goals_in_season",cs1_0."total_assists",cs1_0."total_clean_sheets",cs1_0."total_goals",cs1_0."total_matches_played",cs1_0."total_red_cards",cs1_0."total_transfer_value",cs1_0."total_yellow_cards",s1_1."cndtion",cc1_0."id",cc1_0."automatic_extension_conditions",cc1_0."automatic_extension_years",cc1_0."club_id",cc1_0."end_date",cc1_0."has_release_clause",cc1_0."last_negotiation_date",cc1_0."loyalty_bonus",cc1_0."negotiation_attempts",cc1_0."player_id",cc1_0."release_clause",cc1_0."signing_bonus",cc1_0."start_date",cc1_0."status",cc1_0."weekly_salary",s1_1."defending",s1_1."goalkeeping",s1_1."moral",s1_1."name",s1_1."on_sale",s1_1."original_team_id",s1_1."passing",s1_1."playmaking",s1_1."potential",s1_1."preferred_foot",s1_1."role",s1_1."salary",s1_1."scoring",s1_1."set_pieces",s1_1."stamina",s1_1."surname",s1_1."team_id",s1_1."winger" from "formation_substitutes" s1_0 join "player" s1_1 on s1_1."id"=s1_0."player_id" left join "player_career_stats" cs1_0 on s1_1."id"=cs1_0."player_id" left join "contract" cc1_0 on s1_1."id"=cc1_0."player_id" where s1_0."formation_id"=?
Hibernate: select s1_0."formation_id",s1_1."id",s1_1."birth",cs1_0."id",cs1_0."clubs_played",cs1_0."cup_titles",cs1_0."first_goal",cs1_0."first_professional_match",cs1_0."highest_season_rating",cs1_0."highest_transfer_value",cs1_0."international_caps",cs1_0."international_goals",cs1_0."league_titles",cs1_0."longest_goal_streak",cs1_0."milestone100goals",cs1_0."milestone100matches",cs1_0."most_assists_in_season",cs1_0."most_goals_in_season",cs1_0."total_assists",cs1_0."total_clean_sheets",cs1_0."total_goals",cs1_0."total_matches_played",cs1_0."total_red_cards",cs1_0."total_transfer_value",cs1_0."total_yellow_cards",s1_1."cndtion",cc1_0."id",cc1_0."automatic_extension_conditions",cc1_0."automatic_extension_years",cc1_0."club_id",cc1_0."end_date",cc1_0."has_release_clause",cc1_0."last_negotiation_date",cc1_0."loyalty_bonus",cc1_0."negotiation_attempts",cc1_0."player_id",cc1_0."release_clause",cc1_0."signing_bonus",cc1_0."start_date",cc1_0."status",cc1_0."weekly_salary",s1_1."defending",s1_1."goalkeeping",s1_1."moral",s1_1."name",s1_1."on_sale",s1_1."original_team_id",s1_1."passing",s1_1."playmaking",s1_1."potential",s1_1."preferred_foot",s1_1."role",s1_1."salary",s1_1."scoring",s1_1."set_pieces",s1_1."stamina",s1_1."surname",s1_1."team_id",s1_1."winger" from "formation_substitutes" s1_0 join "player" s1_1 on s1_1."id"=s1_0."player_id" left join "player_career_stats" cs1_0 on s1_1."id"=cs1_0."player_id" left join "contract" cc1_0 on s1_1."id"=cc1_0."player_id" where s1_0."formation_id"=?
Hibernate: select s1_0."club_id",s1_0."id",s1_0."ability",s1_0."birth",s1_0."contract_end",s1_0."contract_start",s1_0."description",s1_0."experience",s1_0."injury_prevention_bonus",s1_0."monthly_salary",s1_0."motivation_bonus",s1_0."name",s1_0."nationality_id",s1_0."recovery_bonus",s1_0."reputation",s1_0."role",s1_0."scouting_bonus",s1_0."specialization",s1_0."status",s1_0."surname",s1_0."training_bonus" from "staff" s1_0 where s1_0."club_id"=?
Hibernate: select s1_0."club_id",s1_0."id",s1_0."ability",s1_0."birth",s1_0."contract_end",s1_0."contract_start",s1_0."description",s1_0."experience",s1_0."injury_prevention_bonus",s1_0."monthly_salary",s1_0."motivation_bonus",s1_0."name",s1_0."nationality_id",s1_0."recovery_bonus",s1_0."reputation",s1_0."role",s1_0."scouting_bonus",s1_0."specialization",s1_0."status",s1_0."surname",s1_0."training_bonus" from "staff" s1_0 where s1_0."club_id"=?
Hibernate: select i1_0."player_id",i1_0."id",i1_0."actual_recovery_date",i1_0."description",i1_0."expected_recovery_date",i1_0."injury_date",i1_0."performance_impact",i1_0."severity",i1_0."status",i1_0."type" from "injury" i1_0 where i1_0."player_id"=?
Hibernate: select i1_0."player_id",i1_0."id",i1_0."actual_recovery_date",i1_0."description",i1_0."expected_recovery_date",i1_0."injury_date",i1_0."performance_impact",i1_0."severity",i1_0."status",i1_0."type" from "injury" i1_0 where i1_0."player_id"=?
Hibernate: select i1_0."player_id",i1_0."id",i1_0."actual_recovery_date",i1_0."description",i1_0."expected_recovery_date",i1_0."injury_date",i1_0."performance_impact",i1_0."severity",i1_0."status",i1_0."type" from "injury" i1_0 where i1_0."player_id"=?
Hibernate: select i1_0."player_id",i1_0."id",i1_0."actual_recovery_date",i1_0."description",i1_0."expected_recovery_date",i1_0."injury_date",i1_0."performance_impact",i1_0."severity",i1_0."status",i1_0."type" from "injury" i1_0 where i1_0."player_id"=?
Hibernate: select i1_0."player_id",i1_0."id",i1_0."actual_recovery_date",i1_0."description",i1_0."expected_recovery_date",i1_0."injury_date",i1_0."performance_impact",i1_0."severity",i1_0."status",i1_0."type" from "injury" i1_0 where i1_0."player_id"=?
Hibernate: select i1_0."player_id",i1_0."id",i1_0."actual_recovery_date",i1_0."description",i1_0."expected_recovery_date",i1_0."injury_date",i1_0."performance_impact",i1_0."severity",i1_0."status",i1_0."type" from "injury" i1_0 where i1_0."player_id"=?
Hibernate: select i1_0."player_id",i1_0."id",i1_0."actual_recovery_date",i1_0."description",i1_0."expected_recovery_date",i1_0."injury_date",i1_0."performance_impact",i1_0."severity",i1_0."status",i1_0."type" from "injury" i1_0 where i1_0."player_id"=?
Hibernate: select i1_0."player_id",i1_0."id",i1_0."actual_recovery_date",i1_0."description",i1_0."expected_recovery_date",i1_0."injury_date",i1_0."performance_impact",i1_0."severity",i1_0."status",i1_0."type" from "injury" i1_0 where i1_0."player_id"=?
Hibernate: select i1_0."player_id",i1_0."id",i1_0."actual_recovery_date",i1_0."description",i1_0."expected_recovery_date",i1_0."injury_date",i1_0."performance_impact",i1_0."severity",i1_0."status",i1_0."type" from "injury" i1_0 where i1_0."player_id"=?
Hibernate: select i1_0."player_id",i1_0."id",i1_0."actual_recovery_date",i1_0."description",i1_0."expected_recovery_date",i1_0."injury_date",i1_0."performance_impact",i1_0."severity",i1_0."status",i1_0."type" from "injury" i1_0 where i1_0."player_id"=?
Hibernate: select i1_0."player_id",i1_0."id",i1_0."actual_recovery_date",i1_0."description",i1_0."expected_recovery_date",i1_0."injury_date",i1_0."performance_impact",i1_0."severity",i1_0."status",i1_0."type" from "injury" i1_0 where i1_0."player_id"=?
Hibernate: select i1_0."player_id",i1_0."id",i1_0."actual_recovery_date",i1_0."description",i1_0."expected_recovery_date",i1_0."injury_date",i1_0."performance_impact",i1_0."severity",i1_0."status",i1_0."type" from "injury" i1_0 where i1_0."player_id"=?
Hibernate: select i1_0."player_id",i1_0."id",i1_0."actual_recovery_date",i1_0."description",i1_0."expected_recovery_date",i1_0."injury_date",i1_0."performance_impact",i1_0."severity",i1_0."status",i1_0."type" from "injury" i1_0 where i1_0."player_id"=?
Hibernate: select i1_0."player_id",i1_0."id",i1_0."actual_recovery_date",i1_0."description",i1_0."expected_recovery_date",i1_0."injury_date",i1_0."performance_impact",i1_0."severity",i1_0."status",i1_0."type" from "injury" i1_0 where i1_0."player_id"=?
Hibernate: select i1_0."player_id",i1_0."id",i1_0."actual_recovery_date",i1_0."description",i1_0."expected_recovery_date",i1_0."injury_date",i1_0."performance_impact",i1_0."severity",i1_0."status",i1_0."type" from "injury" i1_0 where i1_0."player_id"=?
Hibernate: select i1_0."player_id",i1_0."id",i1_0."actual_recovery_date",i1_0."description",i1_0."expected_recovery_date",i1_0."injury_date",i1_0."performance_impact",i1_0."severity",i1_0."status",i1_0."type" from "injury" i1_0 where i1_0."player_id"=?
Hibernate: select i1_0."player_id",i1_0."id",i1_0."actual_recovery_date",i1_0."description",i1_0."expected_recovery_date",i1_0."injury_date",i1_0."performance_impact",i1_0."severity",i1_0."status",i1_0."type" from "injury" i1_0 where i1_0."player_id"=?
Hibernate: select i1_0."player_id",i1_0."id",i1_0."actual_recovery_date",i1_0."description",i1_0."expected_recovery_date",i1_0."injury_date",i1_0."performance_impact",i1_0."severity",i1_0."status",i1_0."type" from "injury" i1_0 where i1_0."player_id"=?
Hibernate: select i1_0."player_id",i1_0."id",i1_0."actual_recovery_date",i1_0."description",i1_0."expected_recovery_date",i1_0."injury_date",i1_0."performance_impact",i1_0."severity",i1_0."status",i1_0."type" from "injury" i1_0 where i1_0."player_id"=?
Hibernate: select i1_0."player_id",i1_0."id",i1_0."actual_recovery_date",i1_0."description",i1_0."expected_recovery_date",i1_0."injury_date",i1_0."performance_impact",i1_0."severity",i1_0."status",i1_0."type" from "injury" i1_0 where i1_0."player_id"=?
Hibernate: select i1_0."player_id",i1_0."id",i1_0."actual_recovery_date",i1_0."description",i1_0."expected_recovery_date",i1_0."injury_date",i1_0."performance_impact",i1_0."severity",i1_0."status",i1_0."type" from "injury" i1_0 where i1_0."player_id"=?
Hibernate: select i1_0."player_id",i1_0."id",i1_0."actual_recovery_date",i1_0."description",i1_0."expected_recovery_date",i1_0."injury_date",i1_0."performance_impact",i1_0."severity",i1_0."status",i1_0."type" from "injury" i1_0 where i1_0."player_id"=?
Hibernate: select c1_0."id",c1_0."city",c1_0."finance_id",c1_0."foundation",c1_0."league_id",c1_0."logourl",c1_0."medical_center_id",c1_0."name",c1_0."stadium_id",c1_0."team_id",c1_0."training_facility_id",c1_0."under18_id",c1_0."youth_academy_id" from "club" c1_0 where c1_0."id"=?
Hibernate: select u1_0."id",u1_0."account_locked_until",u1_0."activation_token",u1_0."active",u1_0."admin_role",u1_0."ban_reason",u1_0."banned_by",u1_0."banned_until",u1_0."club_id",u1_0."country_id",u1_0."country",u1_0."created_by",u1_0."created_date",u1_0."date_of_birth",u1_0."email",u1_0."email_verification_token",u1_0."email_verification_token_expiry",u1_0."experience",u1_0."failed_login_attempts",u1_0."first_name",u1_0."is_active",u1_0."is_banned",u1_0."is_verified",u1_0."last_login_date",u1_0."last_login_ip",u1_0."last_modified_by",u1_0."last_modified_date",u1_0."last_name",mp1_0."id",mp1_0."current_xp",mp1_0."level",mp1_0."talent_points",up1_0."manager_profile_id",up1_0."perk",u1_0."name",u1_0."password",u1_0."password_changed_date",u1_0."password_reset_token",u1_0."password_reset_token_expiry",u1_0."phone_number",u1_0."preferred_language",u1_0."server_id",u1_0."surname",u1_0."timezone",u1_0."username" from "user" u1_0 left join "manager_profile" mp1_0 on u1_0."id"=mp1_0."user_id" left join "manager_unlocked_perks" up1_0 on mp1_0."id"=up1_0."manager_profile_id" where u1_0."club_id"=?
Hibernate: select s1_0."id",s1_0."accessibility_level",s1_0."atmosphere_multiplier",s1_0."base_capacity",s1_0."capacity",c1_0."id",c1_0."city",c1_0."finance_id",c1_0."foundation",c1_0."league_id",c1_0."logourl",c1_0."medical_center_id",c1_0."name",c1_0."team_id",c1_0."training_facility_id",c1_0."under18_id",c1_0."youth_academy_id",s1_0."construction_cost",s1_0."facilities_quality",s1_0."grandstand_est",s1_0."grandstand_nord",s1_0."grandstand_sud",s1_0."grandstand_west",s1_0."has_media_center",s1_0."has_megastore",s1_0."has_museum",s1_0."has_roof",s1_0."has_undersoil_heating",s1_0."has_vip_boxes",s1_0."last_upgrade_date",s1_0."maintenance_cost",s1_0."name",s1_0."next_maintenance_date",s1_0."pitch_quality",s1_0."revenue_multiplier",s1_0."security_level",s1_0."upgrade_value" from "stadium" s1_0 left join "club" c1_0 on s1_0."id"=c1_0."stadium_id" where s1_0."id"=?
Hibernate: select t1_0."id",ctp1_0."id",ctp1_0."friday_focus",ctp1_0."intensity",ctp1_0."last_updated",ctp1_0."monday_focus",ctp1_0."rest_on_weekends",ctp1_0."saturday_focus",ctp1_0."sunday_focus",ctp1_0."thursday_focus",ctp1_0."tuesday_focus",ctp1_0."wednesday_focus",t1_0."formation_id" from "team" t1_0 left join "training_plan" ctp1_0 on t1_0."id"=ctp1_0."team_id" where t1_0."id"=?
Hibernate: select c1_0."id",c1_0."city",c1_0."finance_id",c1_0."foundation",c1_0."league_id",c1_0."logourl",c1_0."medical_center_id",c1_0."name",c1_0."stadium_id",c1_0."team_id",c1_0."training_facility_id",c1_0."under18_id",c1_0."youth_academy_id" from "club" c1_0 where c1_0."under18_id"=?
Hibernate: select p1_0."team_id",p1_0."id",p1_0."birth",cs1_0."id",cs1_0."clubs_played",cs1_0."cup_titles",cs1_0."first_goal",cs1_0."first_professional_match",cs1_0."highest_season_rating",cs1_0."highest_transfer_value",cs1_0."international_caps",cs1_0."international_goals",cs1_0."league_titles",cs1_0."longest_goal_streak",cs1_0."milestone100goals",cs1_0."milestone100matches",cs1_0."most_assists_in_season",cs1_0."most_goals_in_season",cs1_0."total_assists",cs1_0."total_clean_sheets",cs1_0."total_goals",cs1_0."total_matches_played",cs1_0."total_red_cards",cs1_0."total_transfer_value",cs1_0."total_yellow_cards",p1_0."cndtion",cc1_0."id",cc1_0."automatic_extension_conditions",cc1_0."automatic_extension_years",cc1_0."club_id",cc1_0."end_date",cc1_0."has_release_clause",cc1_0."last_negotiation_date",cc1_0."loyalty_bonus",cc1_0."negotiation_attempts",cc1_0."player_id",cc1_0."release_clause",cc1_0."signing_bonus",cc1_0."start_date",cc1_0."status",cc1_0."weekly_salary",p1_0."defending",p1_0."goalkeeping",p1_0."moral",p1_0."name",p1_0."on_sale",p1_0."original_team_id",p1_0."passing",p1_0."playmaking",p1_0."potential",p1_0."preferred_foot",p1_0."role",p1_0."salary",p1_0."scoring",p1_0."set_pieces",p1_0."stamina",p1_0."surname",p1_0."winger" from "player" p1_0 left join "player_career_stats" cs1_0 on p1_0."id"=cs1_0."player_id" left join "contract" cc1_0 on p1_0."id"=cc1_0."player_id" where p1_0."team_id"=?
Hibernate: insert into "formation" ("have_ball","mentality","module_id","substitution_strategy","id") values (?,?,?,?,default)
Hibernate: insert into "event_history" ("away_score","event","home_score","match_id","minute","type","uuid","id") values (?,?,?,?,?,?,?,default)
Hibernate: insert into "event_history" ("away_score","event","home_score","match_id","minute","type","uuid","id") values (?,?,?,?,?,?,?,default)
Hibernate: insert into "event_history" ("away_score","event","home_score","match_id","minute","type","uuid","id") values (?,?,?,?,?,?,?,default)
Hibernate: insert into "event_history" ("away_score","event","home_score","match_id","minute","type","uuid","id") values (?,?,?,?,?,?,?,default)
Hibernate: insert into "formation" ("have_ball","mentality","module_id","substitution_strategy","id") values (?,?,?,?,default)
Hibernate: insert into "match_player_stats" ("assists","completed_passes","goals","goals_conceded","match_id","minutes_played","mvp","passes","penalties_saved","player_id","position","rating","red_cards","saves","shots","shots_on_target","started","tackles","yellow_cards","id") values (?,?,?,?,?,?,?,?,?,?,?,?,?,?,?,?,?,?,?,default)
Hibernate: insert into "match_player_stats" ("assists","completed_passes","goals","goals_conceded","match_id","minutes_played","mvp","passes","penalties_saved","player_id","position","rating","red_cards","saves","shots","shots_on_target","started","tackles","yellow_cards","id") values (?,?,?,?,?,?,?,?,?,?,?,?,?,?,?,?,?,?,?,default)
Hibernate: insert into "match_player_stats" ("assists","completed_passes","goals","goals_conceded","match_id","minutes_played","mvp","passes","penalties_saved","player_id","position","rating","red_cards","saves","shots","shots_on_target","started","tackles","yellow_cards","id") values (?,?,?,?,?,?,?,?,?,?,?,?,?,?,?,?,?,?,?,default)
Hibernate: insert into "match_player_stats" ("assists","completed_passes","goals","goals_conceded","match_id","minutes_played","mvp","passes","penalties_saved","player_id","position","rating","red_cards","saves","shots","shots_on_target","started","tackles","yellow_cards","id") values (?,?,?,?,?,?,?,?,?,?,?,?,?,?,?,?,?,?,?,default)
Hibernate: insert into "match_player_stats" ("assists","completed_passes","goals","goals_conceded","match_id","minutes_played","mvp","passes","penalties_saved","player_id","position","rating","red_cards","saves","shots","shots_on_target","started","tackles","yellow_cards","id") values (?,?,?,?,?,?,?,?,?,?,?,?,?,?,?,?,?,?,?,default)
Hibernate: insert into "match_player_stats" ("assists","completed_passes","goals","goals_conceded","match_id","minutes_played","mvp","passes","penalties_saved","player_id","position","rating","red_cards","saves","shots","shots_on_target","started","tackles","yellow_cards","id") values (?,?,?,?,?,?,?,?,?,?,?,?,?,?,?,?,?,?,?,default)
Hibernate: insert into "match_player_stats" ("assists","completed_passes","goals","goals_conceded","match_id","minutes_played","mvp","passes","penalties_saved","player_id","position","rating","red_cards","saves","shots","shots_on_target","started","tackles","yellow_cards","id") values (?,?,?,?,?,?,?,?,?,?,?,?,?,?,?,?,?,?,?,default)
Hibernate: insert into "match_player_stats" ("assists","completed_passes","goals","goals_conceded","match_id","minutes_played","mvp","passes","penalties_saved","player_id","position","rating","red_cards","saves","shots","shots_on_target","started","tackles","yellow_cards","id") values (?,?,?,?,?,?,?,?,?,?,?,?,?,?,?,?,?,?,?,default)
Hibernate: insert into "match_player_stats" ("assists","completed_passes","goals","goals_conceded","match_id","minutes_played","mvp","passes","penalties_saved","player_id","position","rating","red_cards","saves","shots","shots_on_target","started","tackles","yellow_cards","id") values (?,?,?,?,?,?,?,?,?,?,?,?,?,?,?,?,?,?,?,default)
Hibernate: insert into "match_player_stats" ("assists","completed_passes","goals","goals_conceded","match_id","minutes_played","mvp","passes","penalties_saved","player_id","position","rating","red_cards","saves","shots","shots_on_target","started","tackles","yellow_cards","id") values (?,?,?,?,?,?,?,?,?,?,?,?,?,?,?,?,?,?,?,default)
Hibernate: insert into "match_player_stats" ("assists","completed_passes","goals","goals_conceded","match_id","minutes_played","mvp","passes","penalties_saved","player_id","position","rating","red_cards","saves","shots","shots_on_target","started","tackles","yellow_cards","id") values (?,?,?,?,?,?,?,?,?,?,?,?,?,?,?,?,?,?,?,default)
Hibernate: insert into "match_player_stats" ("assists","completed_passes","goals","goals_conceded","match_id","minutes_played","mvp","passes","penalties_saved","player_id","position","rating","red_cards","saves","shots","shots_on_target","started","tackles","yellow_cards","id") values (?,?,?,?,?,?,?,?,?,?,?,?,?,?,?,?,?,?,?,default)
Hibernate: insert into "match_player_stats" ("assists","completed_passes","goals","goals_conceded","match_id","minutes_played","mvp","passes","penalties_saved","player_id","position","rating","red_cards","saves","shots","shots_on_target","started","tackles","yellow_cards","id") values (?,?,?,?,?,?,?,?,?,?,?,?,?,?,?,?,?,?,?,default)
Hibernate: insert into "match_player_stats" ("assists","completed_passes","goals","goals_conceded","match_id","minutes_played","mvp","passes","penalties_saved","player_id","position","rating","red_cards","saves","shots","shots_on_target","started","tackles","yellow_cards","id") values (?,?,?,?,?,?,?,?,?,?,?,?,?,?,?,?,?,?,?,default)
Hibernate: insert into "match_player_stats" ("assists","completed_passes","goals","goals_conceded","match_id","minutes_played","mvp","passes","penalties_saved","player_id","position","rating","red_cards","saves","shots","shots_on_target","started","tackles","yellow_cards","id") values (?,?,?,?,?,?,?,?,?,?,?,?,?,?,?,?,?,?,?,default)
Hibernate: insert into "match_player_stats" ("assists","completed_passes","goals","goals_conceded","match_id","minutes_played","mvp","passes","penalties_saved","player_id","position","rating","red_cards","saves","shots","shots_on_target","started","tackles","yellow_cards","id") values (?,?,?,?,?,?,?,?,?,?,?,?,?,?,?,?,?,?,?,default)
Hibernate: insert into "match_player_stats" ("assists","completed_passes","goals","goals_conceded","match_id","minutes_played","mvp","passes","penalties_saved","player_id","position","rating","red_cards","saves","shots","shots_on_target","started","tackles","yellow_cards","id") values (?,?,?,?,?,?,?,?,?,?,?,?,?,?,?,?,?,?,?,default)
Hibernate: insert into "match_player_stats" ("assists","completed_passes","goals","goals_conceded","match_id","minutes_played","mvp","passes","penalties_saved","player_id","position","rating","red_cards","saves","shots","shots_on_target","started","tackles","yellow_cards","id") values (?,?,?,?,?,?,?,?,?,?,?,?,?,?,?,?,?,?,?,default)
Hibernate: insert into "match_player_stats" ("assists","completed_passes","goals","goals_conceded","match_id","minutes_played","mvp","passes","penalties_saved","player_id","position","rating","red_cards","saves","shots","shots_on_target","started","tackles","yellow_cards","id") values (?,?,?,?,?,?,?,?,?,?,?,?,?,?,?,?,?,?,?,default)
Hibernate: insert into "match_player_stats" ("assists","completed_passes","goals","goals_conceded","match_id","minutes_played","mvp","passes","penalties_saved","player_id","position","rating","red_cards","saves","shots","shots_on_target","started","tackles","yellow_cards","id") values (?,?,?,?,?,?,?,?,?,?,?,?,?,?,?,?,?,?,?,default)
Hibernate: insert into "match_player_stats" ("assists","completed_passes","goals","goals_conceded","match_id","minutes_played","mvp","passes","penalties_saved","player_id","position","rating","red_cards","saves","shots","shots_on_target","started","tackles","yellow_cards","id") values (?,?,?,?,?,?,?,?,?,?,?,?,?,?,?,?,?,?,?,default)
Hibernate: insert into "match_player_stats" ("assists","completed_passes","goals","goals_conceded","match_id","minutes_played","mvp","passes","penalties_saved","player_id","position","rating","red_cards","saves","shots","shots_on_target","started","tackles","yellow_cards","id") values (?,?,?,?,?,?,?,?,?,?,?,?,?,?,?,?,?,?,?,default)
Hibernate: insert into "stats" ("away_completed_passes","away_fouls","away_interceptions","away_on_target","away_passes","away_possession","away_shots","away_tackles","away_yellow_cards","home_completed_passes","home_fouls","home_interceptions","home_on_target","home_passes","home_possession","home_shots","home_tackles","home_yellow_cards","id") values (?,?,?,?,?,?,?,?,?,?,?,?,?,?,?,?,?,?,default)
Hibernate: select m1_0."id",m1_0."cd",m1_0."fw",m1_0."mf",m1_0."name",m1_0."wb",m1_0."wng" from "module" m1_0
Hibernate: select f1_0."id",f1_0."have_ball",f1_0."mentality",f1_0."module_id",f1_0."substitution_strategy" from "formation" f1_0 where f1_0."id"=?
Hibernate: select c1_0."id",c1_0."city",c1_0."finance_id",c1_0."foundation",c1_0."league_id",c1_0."logourl",c1_0."medical_center_id",c1_0."name",c1_0."stadium_id",c1_0."team_id",c1_0."training_facility_id",c1_0."under18_id",c1_0."youth_academy_id" from "club" c1_0 where c1_0."id"=?
Hibernate: select u1_0."id",u1_0."account_locked_until",u1_0."activation_token",u1_0."active",u1_0."admin_role",u1_0."ban_reason",u1_0."banned_by",u1_0."banned_until",u1_0."club_id",u1_0."country_id",u1_0."country",u1_0."created_by",u1_0."created_date",u1_0."date_of_birth",u1_0."email",u1_0."email_verification_token",u1_0."email_verification_token_expiry",u1_0."experience",u1_0."failed_login_attempts",u1_0."first_name",u1_0."is_active",u1_0."is_banned",u1_0."is_verified",u1_0."last_login_date",u1_0."last_login_ip",u1_0."last_modified_by",u1_0."last_modified_date",u1_0."last_name",mp1_0."id",mp1_0."current_xp",mp1_0."level",mp1_0."talent_points",up1_0."manager_profile_id",up1_0."perk",u1_0."name",u1_0."password",u1_0."password_changed_date",u1_0."password_reset_token",u1_0."password_reset_token_expiry",u1_0."phone_number",u1_0."preferred_language",u1_0."server_id",u1_0."surname",u1_0."timezone",u1_0."username" from "user" u1_0 left join "manager_profile" mp1_0 on u1_0."id"=mp1_0."user_id" left join "manager_unlocked_perks" up1_0 on mp1_0."id"=up1_0."manager_profile_id" where u1_0."club_id"=?
Hibernate: select t1_0."id",ctp1_0."id",ctp1_0."friday_focus",ctp1_0."intensity",ctp1_0."last_updated",ctp1_0."monday_focus",ctp1_0."rest_on_weekends",ctp1_0."saturday_focus",ctp1_0."sunday_focus",ctp1_0."thursday_focus",ctp1_0."tuesday_focus",ctp1_0."wednesday_focus",t1_0."formation_id" from "team" t1_0 left join "training_plan" ctp1_0 on t1_0."id"=ctp1_0."team_id" where t1_0."id"=?
Hibernate: select c1_0."id",c1_0."city",c1_0."finance_id",c1_0."foundation",c1_0."league_id",c1_0."logourl",c1_0."medical_center_id",c1_0."name",c1_0."stadium_id",c1_0."team_id",c1_0."training_facility_id",c1_0."under18_id",c1_0."youth_academy_id" from "club" c1_0 where c1_0."under18_id"=?
Hibernate: select p1_0."team_id",p1_0."id",p1_0."birth",cs1_0."id",cs1_0."clubs_played",cs1_0."cup_titles",cs1_0."first_goal",cs1_0."first_professional_match",cs1_0."highest_season_rating",cs1_0."highest_transfer_value",cs1_0."international_caps",cs1_0."international_goals",cs1_0."league_titles",cs1_0."longest_goal_streak",cs1_0."milestone100goals",cs1_0."milestone100matches",cs1_0."most_assists_in_season",cs1_0."most_goals_in_season",cs1_0."total_assists",cs1_0."total_clean_sheets",cs1_0."total_goals",cs1_0."total_matches_played",cs1_0."total_red_cards",cs1_0."total_transfer_value",cs1_0."total_yellow_cards",p1_0."cndtion",cc1_0."id",cc1_0."automatic_extension_conditions",cc1_0."automatic_extension_years",cc1_0."club_id",cc1_0."end_date",cc1_0."has_release_clause",cc1_0."last_negotiation_date",cc1_0."loyalty_bonus",cc1_0."negotiation_attempts",cc1_0."player_id",cc1_0."release_clause",cc1_0."signing_bonus",cc1_0."start_date",cc1_0."status",cc1_0."weekly_salary",p1_0."defending",p1_0."goalkeeping",p1_0."moral",p1_0."name",p1_0."on_sale",p1_0."original_team_id",p1_0."passing",p1_0."playmaking",p1_0."potential",p1_0."preferred_foot",p1_0."role",p1_0."salary",p1_0."scoring",p1_0."set_pieces",p1_0."stamina",p1_0."surname",p1_0."winger" from "player" p1_0 left join "player_career_stats" cs1_0 on p1_0."id"=cs1_0."player_id" left join "contract" cc1_0 on p1_0."id"=cc1_0."player_id" where p1_0."team_id"=?
Hibernate: select m1_0."id",m1_0."cd",m1_0."fw",m1_0."mf",m1_0."name",m1_0."wb",m1_0."wng" from "module" m1_0
Hibernate: select f1_0."id",f1_0."have_ball",f1_0."mentality",f1_0."module_id",f1_0."substitution_strategy" from "formation" f1_0 where f1_0."id"=?
Hibernate: select s1_0."formation_id",s1_1."id",s1_1."birth",cs1_0."id",cs1_0."clubs_played",cs1_0."cup_titles",cs1_0."first_goal",cs1_0."first_professional_match",cs1_0."highest_season_rating",cs1_0."highest_transfer_value",cs1_0."international_caps",cs1_0."international_goals",cs1_0."league_titles",cs1_0."longest_goal_streak",cs1_0."milestone100goals",cs1_0."milestone100matches",cs1_0."most_assists_in_season",cs1_0."most_goals_in_season",cs1_0."total_assists",cs1_0."total_clean_sheets",cs1_0."total_goals",cs1_0."total_matches_played",cs1_0."total_red_cards",cs1_0."total_transfer_value",cs1_0."total_yellow_cards",s1_1."cndtion",cc1_0."id",cc1_0."automatic_extension_conditions",cc1_0."automatic_extension_years",cc1_0."club_id",cc1_0."end_date",cc1_0."has_release_clause",cc1_0."last_negotiation_date",cc1_0."loyalty_bonus",cc1_0."negotiation_attempts",cc1_0."player_id",cc1_0."release_clause",cc1_0."signing_bonus",cc1_0."start_date",cc1_0."status",cc1_0."weekly_salary",s1_1."defending",s1_1."goalkeeping",s1_1."moral",s1_1."name",s1_1."on_sale",s1_1."original_team_id",s1_1."passing",s1_1."playmaking",s1_1."potential",s1_1."preferred_foot",s1_1."role",s1_1."salary",s1_1."scoring",s1_1."set_pieces",s1_1."stamina",s1_1."surname",s1_1."team_id",s1_1."winger" from "formation_substitutes" s1_0 join "player" s1_1 on s1_1."id"=s1_0."player_id" left join "player_career_stats" cs1_0 on s1_1."id"=cs1_0."player_id" left join "contract" cc1_0 on s1_1."id"=cc1_0."player_id" where s1_0."formation_id"=?
Hibernate: select s1_0."formation_id",s1_1."id",s1_1."birth",cs1_0."id",cs1_0."clubs_played",cs1_0."cup_titles",cs1_0."first_goal",cs1_0."first_professional_match",cs1_0."highest_season_rating",cs1_0."highest_transfer_value",cs1_0."international_caps",cs1_0."international_goals",cs1_0."league_titles",cs1_0."longest_goal_streak",cs1_0."milestone100goals",cs1_0."milestone100matches",cs1_0."most_assists_in_season",cs1_0."most_goals_in_season",cs1_0."total_assists",cs1_0."total_clean_sheets",cs1_0."total_goals",cs1_0."total_matches_played",cs1_0."total_red_cards",cs1_0."total_transfer_value",cs1_0."total_yellow_cards",s1_1."cndtion",cc1_0."id",cc1_0."automatic_extension_conditions",cc1_0."automatic_extension_years",cc1_0."club_id",cc1_0."end_date",cc1_0."has_release_clause",cc1_0."last_negotiation_date",cc1_0."loyalty_bonus",cc1_0."negotiation_attempts",cc1_0."player_id",cc1_0."release_clause",cc1_0."signing_bonus",cc1_0."start_date",cc1_0."status",cc1_0."weekly_salary",s1_1."defending",s1_1."goalkeeping",s1_1."moral",s1_1."name",s1_1."on_sale",s1_1."original_team_id",s1_1."passing",s1_1."playmaking",s1_1."potential",s1_1."preferred_foot",s1_1."role",s1_1."salary",s1_1."scoring",s1_1."set_pieces",s1_1."stamina",s1_1."surname",s1_1."team_id",s1_1."winger" from "formation_substitutes" s1_0 join "player" s1_1 on s1_1."id"=s1_0."player_id" left join "player_career_stats" cs1_0 on s1_1."id"=cs1_0."player_id" left join "contract" cc1_0 on s1_1."id"=cc1_0."player_id" where s1_0."formation_id"=?
Hibernate: select s1_0."club_id",s1_0."id",s1_0."ability",s1_0."birth",s1_0."contract_end",s1_0."contract_start",s1_0."description",s1_0."experience",s1_0."injury_prevention_bonus",s1_0."monthly_salary",s1_0."motivation_bonus",s1_0."name",s1_0."nationality_id",s1_0."recovery_bonus",s1_0."reputation",s1_0."role",s1_0."scouting_bonus",s1_0."specialization",s1_0."status",s1_0."surname",s1_0."training_bonus" from "staff" s1_0 where s1_0."club_id"=?
Hibernate: select s1_0."club_id",s1_0."id",s1_0."ability",s1_0."birth",s1_0."contract_end",s1_0."contract_start",s1_0."description",s1_0."experience",s1_0."injury_prevention_bonus",s1_0."monthly_salary",s1_0."motivation_bonus",s1_0."name",s1_0."nationality_id",s1_0."recovery_bonus",s1_0."reputation",s1_0."role",s1_0."scouting_bonus",s1_0."specialization",s1_0."status",s1_0."surname",s1_0."training_bonus" from "staff" s1_0 where s1_0."club_id"=?
Hibernate: select i1_0."player_id",i1_0."id",i1_0."actual_recovery_date",i1_0."description",i1_0."expected_recovery_date",i1_0."injury_date",i1_0."performance_impact",i1_0."severity",i1_0."status",i1_0."type" from "injury" i1_0 where i1_0."player_id"=?
Hibernate: select i1_0."player_id",i1_0."id",i1_0."actual_recovery_date",i1_0."description",i1_0."expected_recovery_date",i1_0."injury_date",i1_0."performance_impact",i1_0."severity",i1_0."status",i1_0."type" from "injury" i1_0 where i1_0."player_id"=?
Hibernate: select i1_0."player_id",i1_0."id",i1_0."actual_recovery_date",i1_0."description",i1_0."expected_recovery_date",i1_0."injury_date",i1_0."performance_impact",i1_0."severity",i1_0."status",i1_0."type" from "injury" i1_0 where i1_0."player_id"=?
Hibernate: select i1_0."player_id",i1_0."id",i1_0."actual_recovery_date",i1_0."description",i1_0."expected_recovery_date",i1_0."injury_date",i1_0."performance_impact",i1_0."severity",i1_0."status",i1_0."type" from "injury" i1_0 where i1_0."player_id"=?
Hibernate: select i1_0."player_id",i1_0."id",i1_0."actual_recovery_date",i1_0."description",i1_0."expected_recovery_date",i1_0."injury_date",i1_0."performance_impact",i1_0."severity",i1_0."status",i1_0."type" from "injury" i1_0 where i1_0."player_id"=?
Hibernate: select i1_0."player_id",i1_0."id",i1_0."actual_recovery_date",i1_0."description",i1_0."expected_recovery_date",i1_0."injury_date",i1_0."performance_impact",i1_0."severity",i1_0."status",i1_0."type" from "injury" i1_0 where i1_0."player_id"=?
Hibernate: select i1_0."player_id",i1_0."id",i1_0."actual_recovery_date",i1_0."description",i1_0."expected_recovery_date",i1_0."injury_date",i1_0."performance_impact",i1_0."severity",i1_0."status",i1_0."type" from "injury" i1_0 where i1_0."player_id"=?
Hibernate: select i1_0."player_id",i1_0."id",i1_0."actual_recovery_date",i1_0."description",i1_0."expected_recovery_date",i1_0."injury_date",i1_0."performance_impact",i1_0."severity",i1_0."status",i1_0."type" from "injury" i1_0 where i1_0."player_id"=?
Hibernate: select i1_0."player_id",i1_0."id",i1_0."actual_recovery_date",i1_0."description",i1_0."expected_recovery_date",i1_0."injury_date",i1_0."performance_impact",i1_0."severity",i1_0."status",i1_0."type" from "injury" i1_0 where i1_0."player_id"=?
Hibernate: select i1_0."player_id",i1_0."id",i1_0."actual_recovery_date",i1_0."description",i1_0."expected_recovery_date",i1_0."injury_date",i1_0."performance_impact",i1_0."severity",i1_0."status",i1_0."type" from "injury" i1_0 where i1_0."player_id"=?
Hibernate: select i1_0."player_id",i1_0."id",i1_0."actual_recovery_date",i1_0."description",i1_0."expected_recovery_date",i1_0."injury_date",i1_0."performance_impact",i1_0."severity",i1_0."status",i1_0."type" from "injury" i1_0 where i1_0."player_id"=?
Hibernate: select i1_0."player_id",i1_0."id",i1_0."actual_recovery_date",i1_0."description",i1_0."expected_recovery_date",i1_0."injury_date",i1_0."performance_impact",i1_0."severity",i1_0."status",i1_0."type" from "injury" i1_0 where i1_0."player_id"=?
Hibernate: select i1_0."player_id",i1_0."id",i1_0."actual_recovery_date",i1_0."description",i1_0."expected_recovery_date",i1_0."injury_date",i1_0."performance_impact",i1_0."severity",i1_0."status",i1_0."type" from "injury" i1_0 where i1_0."player_id"=?
Hibernate: select i1_0."player_id",i1_0."id",i1_0."actual_recovery_date",i1_0."description",i1_0."expected_recovery_date",i1_0."injury_date",i1_0."performance_impact",i1_0."severity",i1_0."status",i1_0."type" from "injury" i1_0 where i1_0."player_id"=?
Hibernate: select i1_0."player_id",i1_0."id",i1_0."actual_recovery_date",i1_0."description",i1_0."expected_recovery_date",i1_0."injury_date",i1_0."performance_impact",i1_0."severity",i1_0."status",i1_0."type" from "injury" i1_0 where i1_0."player_id"=?
Hibernate: select i1_0."player_id",i1_0."id",i1_0."actual_recovery_date",i1_0."description",i1_0."expected_recovery_date",i1_0."injury_date",i1_0."performance_impact",i1_0."severity",i1_0."status",i1_0."type" from "injury" i1_0 where i1_0."player_id"=?
Hibernate: select i1_0."player_id",i1_0."id",i1_0."actual_recovery_date",i1_0."description",i1_0."expected_recovery_date",i1_0."injury_date",i1_0."performance_impact",i1_0."severity",i1_0."status",i1_0."type" from "injury" i1_0 where i1_0."player_id"=?
Hibernate: select i1_0."player_id",i1_0."id",i1_0."actual_recovery_date",i1_0."description",i1_0."expected_recovery_date",i1_0."injury_date",i1_0."performance_impact",i1_0."severity",i1_0."status",i1_0."type" from "injury" i1_0 where i1_0."player_id"=?
Hibernate: select i1_0."player_id",i1_0."id",i1_0."actual_recovery_date",i1_0."description",i1_0."expected_recovery_date",i1_0."injury_date",i1_0."performance_impact",i1_0."severity",i1_0."status",i1_0."type" from "injury" i1_0 where i1_0."player_id"=?
Hibernate: select i1_0."player_id",i1_0."id",i1_0."actual_recovery_date",i1_0."description",i1_0."expected_recovery_date",i1_0."injury_date",i1_0."performance_impact",i1_0."severity",i1_0."status",i1_0."type" from "injury" i1_0 where i1_0."player_id"=?
Hibernate: select i1_0."player_id",i1_0."id",i1_0."actual_recovery_date",i1_0."description",i1_0."expected_recovery_date",i1_0."injury_date",i1_0."performance_impact",i1_0."severity",i1_0."status",i1_0."type" from "injury" i1_0 where i1_0."player_id"=?
Hibernate: select i1_0."player_id",i1_0."id",i1_0."actual_recovery_date",i1_0."description",i1_0."expected_recovery_date",i1_0."injury_date",i1_0."performance_impact",i1_0."severity",i1_0."status",i1_0."type" from "injury" i1_0 where i1_0."player_id"=?
Hibernate: select c1_0."id",c1_0."city",c1_0."finance_id",c1_0."foundation",c1_0."league_id",c1_0."logourl",c1_0."medical_center_id",c1_0."name",c1_0."stadium_id",c1_0."team_id",c1_0."training_facility_id",c1_0."under18_id",c1_0."youth_academy_id" from "club" c1_0 where c1_0."id"=?
Hibernate: select u1_0."id",u1_0."account_locked_until",u1_0."activation_token",u1_0."active",u1_0."admin_role",u1_0."ban_reason",u1_0."banned_by",u1_0."banned_until",u1_0."club_id",u1_0."country_id",u1_0."country",u1_0."created_by",u1_0."created_date",u1_0."date_of_birth",u1_0."email",u1_0."email_verification_token",u1_0."email_verification_token_expiry",u1_0."experience",u1_0."failed_login_attempts",u1_0."first_name",u1_0."is_active",u1_0."is_banned",u1_0."is_verified",u1_0."last_login_date",u1_0."last_login_ip",u1_0."last_modified_by",u1_0."last_modified_date",u1_0."last_name",mp1_0."id",mp1_0."current_xp",mp1_0."level",mp1_0."talent_points",up1_0."manager_profile_id",up1_0."perk",u1_0."name",u1_0."password",u1_0."password_changed_date",u1_0."password_reset_token",u1_0."password_reset_token_expiry",u1_0."phone_number",u1_0."preferred_language",u1_0."server_id",u1_0."surname",u1_0."timezone",u1_0."username" from "user" u1_0 left join "manager_profile" mp1_0 on u1_0."id"=mp1_0."user_id" left join "manager_unlocked_perks" up1_0 on mp1_0."id"=up1_0."manager_profile_id" where u1_0."club_id"=?
Hibernate: select s1_0."id",s1_0."accessibility_level",s1_0."atmosphere_multiplier",s1_0."base_capacity",s1_0."capacity",c1_0."id",c1_0."city",c1_0."finance_id",c1_0."foundation",c1_0."league_id",c1_0."logourl",c1_0."medical_center_id",c1_0."name",c1_0."team_id",c1_0."training_facility_id",c1_0."under18_id",c1_0."youth_academy_id",s1_0."construction_cost",s1_0."facilities_quality",s1_0."grandstand_est",s1_0."grandstand_nord",s1_0."grandstand_sud",s1_0."grandstand_west",s1_0."has_media_center",s1_0."has_megastore",s1_0."has_museum",s1_0."has_roof",s1_0."has_undersoil_heating",s1_0."has_vip_boxes",s1_0."last_upgrade_date",s1_0."maintenance_cost",s1_0."name",s1_0."next_maintenance_date",s1_0."pitch_quality",s1_0."revenue_multiplier",s1_0."security_level",s1_0."upgrade_value" from "stadium" s1_0 left join "club" c1_0 on s1_0."id"=c1_0."stadium_id" where s1_0."id"=?
Hibernate: select t1_0."id",ctp1_0."id",ctp1_0."friday_focus",ctp1_0."intensity",ctp1_0."last_updated",ctp1_0."monday_focus",ctp1_0."rest_on_weekends",ctp1_0."saturday_focus",ctp1_0."sunday_focus",ctp1_0."thursday_focus",ctp1_0."tuesday_focus",ctp1_0."wednesday_focus",t1_0."formation_id" from "team" t1_0 left join "training_plan" ctp1_0 on t1_0."id"=ctp1_0."team_id" where t1_0."id"=?
Hibernate: select c1_0."id",c1_0."city",c1_0."finance_id",c1_0."foundation",c1_0."league_id",c1_0."logourl",c1_0."medical_center_id",c1_0."name",c1_0."stadium_id",c1_0."team_id",c1_0."training_facility_id",c1_0."under18_id",c1_0."youth_academy_id" from "club" c1_0 where c1_0."under18_id"=?
Hibernate: select p1_0."team_id",p1_0."id",p1_0."birth",cs1_0."id",cs1_0."clubs_played",cs1_0."cup_titles",cs1_0."first_goal",cs1_0."first_professional_match",cs1_0."highest_season_rating",cs1_0."highest_transfer_value",cs1_0."international_caps",cs1_0."international_goals",cs1_0."league_titles",cs1_0."longest_goal_streak",cs1_0."milestone100goals",cs1_0."milestone100matches",cs1_0."most_assists_in_season",cs1_0."most_goals_in_season",cs1_0."total_assists",cs1_0."total_clean_sheets",cs1_0."total_goals",cs1_0."total_matches_played",cs1_0."total_red_cards",cs1_0."total_transfer_value",cs1_0."total_yellow_cards",p1_0."cndtion",cc1_0."id",cc1_0."automatic_extension_conditions",cc1_0."automatic_extension_years",cc1_0."club_id",cc1_0."end_date",cc1_0."has_release_clause",cc1_0."last_negotiation_date",cc1_0."loyalty_bonus",cc1_0."negotiation_attempts",cc1_0."player_id",cc1_0."release_clause",cc1_0."signing_bonus",cc1_0."start_date",cc1_0."status",cc1_0."weekly_salary",p1_0."defending",p1_0."goalkeeping",p1_0."moral",p1_0."name",p1_0."on_sale",p1_0."original_team_id",p1_0."passing",p1_0."playmaking",p1_0."potential",p1_0."preferred_foot",p1_0."role",p1_0."salary",p1_0."scoring",p1_0."set_pieces",p1_0."stamina",p1_0."surname",p1_0."winger" from "player" p1_0 left join "player_career_stats" cs1_0 on p1_0."id"=cs1_0."player_id" left join "contract" cc1_0 on p1_0."id"=cc1_0."player_id" where p1_0."team_id"=?
Hibernate: insert into "formation" ("have_ball","mentality","module_id","substitution_strategy","id") values (?,?,?,?,default)
Hibernate: insert into "event_history" ("away_score","event","home_score","match_id","minute","type","uuid","id") values (?,?,?,?,?,?,?,default)
Hibernate: insert into "event_history" ("away_score","event","home_score","match_id","minute","type","uuid","id") values (?,?,?,?,?,?,?,default)
Hibernate: insert into "event_history" ("away_score","event","home_score","match_id","minute","type","uuid","id") values (?,?,?,?,?,?,?,default)
Hibernate: insert into "event_history" ("away_score","event","home_score","match_id","minute","type","uuid","id") values (?,?,?,?,?,?,?,default)
Hibernate: insert into "event_history" ("away_score","event","home_score","match_id","minute","type","uuid","id") values (?,?,?,?,?,?,?,default)
Hibernate: insert into "event_history" ("away_score","event","home_score","match_id","minute","type","uuid","id") values (?,?,?,?,?,?,?,default)
Hibernate: insert into "event_history" ("away_score","event","home_score","match_id","minute","type","uuid","id") values (?,?,?,?,?,?,?,default)
Hibernate: insert into "event_history" ("away_score","event","home_score","match_id","minute","type","uuid","id") values (?,?,?,?,?,?,?,default)
Hibernate: insert into "event_history" ("away_score","event","home_score","match_id","minute","type","uuid","id") values (?,?,?,?,?,?,?,default)
Hibernate: insert into "event_history" ("away_score","event","home_score","match_id","minute","type","uuid","id") values (?,?,?,?,?,?,?,default)
Hibernate: insert into "event_history" ("away_score","event","home_score","match_id","minute","type","uuid","id") values (?,?,?,?,?,?,?,default)
Hibernate: insert into "formation" ("have_ball","mentality","module_id","substitution_strategy","id") values (?,?,?,?,default)
Hibernate: insert into "match_player_stats" ("assists","completed_passes","goals","goals_conceded","match_id","minutes_played","mvp","passes","penalties_saved","player_id","position","rating","red_cards","saves","shots","shots_on_target","started","tackles","yellow_cards","id") values (?,?,?,?,?,?,?,?,?,?,?,?,?,?,?,?,?,?,?,default)
Hibernate: insert into "match_player_stats" ("assists","completed_passes","goals","goals_conceded","match_id","minutes_played","mvp","passes","penalties_saved","player_id","position","rating","red_cards","saves","shots","shots_on_target","started","tackles","yellow_cards","id") values (?,?,?,?,?,?,?,?,?,?,?,?,?,?,?,?,?,?,?,default)
Hibernate: insert into "match_player_stats" ("assists","completed_passes","goals","goals_conceded","match_id","minutes_played","mvp","passes","penalties_saved","player_id","position","rating","red_cards","saves","shots","shots_on_target","started","tackles","yellow_cards","id") values (?,?,?,?,?,?,?,?,?,?,?,?,?,?,?,?,?,?,?,default)
Hibernate: insert into "match_player_stats" ("assists","completed_passes","goals","goals_conceded","match_id","minutes_played","mvp","passes","penalties_saved","player_id","position","rating","red_cards","saves","shots","shots_on_target","started","tackles","yellow_cards","id") values (?,?,?,?,?,?,?,?,?,?,?,?,?,?,?,?,?,?,?,default)
Hibernate: insert into "match_player_stats" ("assists","completed_passes","goals","goals_conceded","match_id","minutes_played","mvp","passes","penalties_saved","player_id","position","rating","red_cards","saves","shots","shots_on_target","started","tackles","yellow_cards","id") values (?,?,?,?,?,?,?,?,?,?,?,?,?,?,?,?,?,?,?,default)
Hibernate: insert into "match_player_stats" ("assists","completed_passes","goals","goals_conceded","match_id","minutes_played","mvp","passes","penalties_saved","player_id","position","rating","red_cards","saves","shots","shots_on_target","started","tackles","yellow_cards","id") values (?,?,?,?,?,?,?,?,?,?,?,?,?,?,?,?,?,?,?,default)
Hibernate: insert into "match_player_stats" ("assists","completed_passes","goals","goals_conceded","match_id","minutes_played","mvp","passes","penalties_saved","player_id","position","rating","red_cards","saves","shots","shots_on_target","started","tackles","yellow_cards","id") values (?,?,?,?,?,?,?,?,?,?,?,?,?,?,?,?,?,?,?,default)
Hibernate: insert into "match_player_stats" ("assists","completed_passes","goals","goals_conceded","match_id","minutes_played","mvp","passes","penalties_saved","player_id","position","rating","red_cards","saves","shots","shots_on_target","started","tackles","yellow_cards","id") values (?,?,?,?,?,?,?,?,?,?,?,?,?,?,?,?,?,?,?,default)
Hibernate: insert into "match_player_stats" ("assists","completed_passes","goals","goals_conceded","match_id","minutes_played","mvp","passes","penalties_saved","player_id","position","rating","red_cards","saves","shots","shots_on_target","started","tackles","yellow_cards","id") values (?,?,?,?,?,?,?,?,?,?,?,?,?,?,?,?,?,?,?,default)
Hibernate: insert into "match_player_stats" ("assists","completed_passes","goals","goals_conceded","match_id","minutes_played","mvp","passes","penalties_saved","player_id","position","rating","red_cards","saves","shots","shots_on_target","started","tackles","yellow_cards","id") values (?,?,?,?,?,?,?,?,?,?,?,?,?,?,?,?,?,?,?,default)
Hibernate: insert into "match_player_stats" ("assists","completed_passes","goals","goals_conceded","match_id","minutes_played","mvp","passes","penalties_saved","player_id","position","rating","red_cards","saves","shots","shots_on_target","started","tackles","yellow_cards","id") values (?,?,?,?,?,?,?,?,?,?,?,?,?,?,?,?,?,?,?,default)
Hibernate: insert into "match_player_stats" ("assists","completed_passes","goals","goals_conceded","match_id","minutes_played","mvp","passes","penalties_saved","player_id","position","rating","red_cards","saves","shots","shots_on_target","started","tackles","yellow_cards","id") values (?,?,?,?,?,?,?,?,?,?,?,?,?,?,?,?,?,?,?,default)
Hibernate: insert into "match_player_stats" ("assists","completed_passes","goals","goals_conceded","match_id","minutes_played","mvp","passes","penalties_saved","player_id","position","rating","red_cards","saves","shots","shots_on_target","started","tackles","yellow_cards","id") values (?,?,?,?,?,?,?,?,?,?,?,?,?,?,?,?,?,?,?,default)
Hibernate: insert into "match_player_stats" ("assists","completed_passes","goals","goals_conceded","match_id","minutes_played","mvp","passes","penalties_saved","player_id","position","rating","red_cards","saves","shots","shots_on_target","started","tackles","yellow_cards","id") values (?,?,?,?,?,?,?,?,?,?,?,?,?,?,?,?,?,?,?,default)
Hibernate: insert into "match_player_stats" ("assists","completed_passes","goals","goals_conceded","match_id","minutes_played","mvp","passes","penalties_saved","player_id","position","rating","red_cards","saves","shots","shots_on_target","started","tackles","yellow_cards","id") values (?,?,?,?,?,?,?,?,?,?,?,?,?,?,?,?,?,?,?,default)
Hibernate: insert into "match_player_stats" ("assists","completed_passes","goals","goals_conceded","match_id","minutes_played","mvp","passes","penalties_saved","player_id","position","rating","red_cards","saves","shots","shots_on_target","started","tackles","yellow_cards","id") values (?,?,?,?,?,?,?,?,?,?,?,?,?,?,?,?,?,?,?,default)
Hibernate: insert into "match_player_stats" ("assists","completed_passes","goals","goals_conceded","match_id","minutes_played","mvp","passes","penalties_saved","player_id","position","rating","red_cards","saves","shots","shots_on_target","started","tackles","yellow_cards","id") values (?,?,?,?,?,?,?,?,?,?,?,?,?,?,?,?,?,?,?,default)
Hibernate: insert into "match_player_stats" ("assists","completed_passes","goals","goals_conceded","match_id","minutes_played","mvp","passes","penalties_saved","player_id","position","rating","red_cards","saves","shots","shots_on_target","started","tackles","yellow_cards","id") values (?,?,?,?,?,?,?,?,?,?,?,?,?,?,?,?,?,?,?,default)
Hibernate: insert into "match_player_stats" ("assists","completed_passes","goals","goals_conceded","match_id","minutes_played","mvp","passes","penalties_saved","player_id","position","rating","red_cards","saves","shots","shots_on_target","started","tackles","yellow_cards","id") values (?,?,?,?,?,?,?,?,?,?,?,?,?,?,?,?,?,?,?,default)
Hibernate: insert into "match_player_stats" ("assists","completed_passes","goals","goals_conceded","match_id","minutes_played","mvp","passes","penalties_saved","player_id","position","rating","red_cards","saves","shots","shots_on_target","started","tackles","yellow_cards","id") values (?,?,?,?,?,?,?,?,?,?,?,?,?,?,?,?,?,?,?,default)
Hibernate: insert into "match_player_stats" ("assists","completed_passes","goals","goals_conceded","match_id","minutes_played","mvp","passes","penalties_saved","player_id","position","rating","red_cards","saves","shots","shots_on_target","started","tackles","yellow_cards","id") values (?,?,?,?,?,?,?,?,?,?,?,?,?,?,?,?,?,?,?,default)
Hibernate: insert into "match_player_stats" ("assists","completed_passes","goals","goals_conceded","match_id","minutes_played","mvp","passes","penalties_saved","player_id","position","rating","red_cards","saves","shots","shots_on_target","started","tackles","yellow_cards","id") values (?,?,?,?,?,?,?,?,?,?,?,?,?,?,?,?,?,?,?,default)
Hibernate: insert into "stats" ("away_completed_passes","away_fouls","away_interceptions","away_on_target","away_passes","away_possession","away_shots","away_tackles","away_yellow_cards","home_completed_passes","home_fouls","home_interceptions","home_on_target","home_passes","home_possession","home_shots","home_tackles","home_yellow_cards","id") values (?,?,?,?,?,?,?,?,?,?,?,?,?,?,?,?,?,?,default)
Hibernate: select m1_0."id",m1_0."cd",m1_0."fw",m1_0."mf",m1_0."name",m1_0."wb",m1_0."wng" from "module" m1_0
Hibernate: select f1_0."id",f1_0."have_ball",f1_0."mentality",f1_0."module_id",f1_0."substitution_strategy" from "formation" f1_0 where f1_0."id"=?
Hibernate: select c1_0."id",c1_0."city",c1_0."finance_id",c1_0."foundation",c1_0."league_id",c1_0."logourl",c1_0."medical_center_id",c1_0."name",c1_0."stadium_id",c1_0."team_id",c1_0."training_facility_id",c1_0."under18_id",c1_0."youth_academy_id" from "club" c1_0 where c1_0."id"=?
Hibernate: select u1_0."id",u1_0."account_locked_until",u1_0."activation_token",u1_0."active",u1_0."admin_role",u1_0."ban_reason",u1_0."banned_by",u1_0."banned_until",u1_0."club_id",u1_0."country_id",u1_0."country",u1_0."created_by",u1_0."created_date",u1_0."date_of_birth",u1_0."email",u1_0."email_verification_token",u1_0."email_verification_token_expiry",u1_0."experience",u1_0."failed_login_attempts",u1_0."first_name",u1_0."is_active",u1_0."is_banned",u1_0."is_verified",u1_0."last_login_date",u1_0."last_login_ip",u1_0."last_modified_by",u1_0."last_modified_date",u1_0."last_name",mp1_0."id",mp1_0."current_xp",mp1_0."level",mp1_0."talent_points",up1_0."manager_profile_id",up1_0."perk",u1_0."name",u1_0."password",u1_0."password_changed_date",u1_0."password_reset_token",u1_0."password_reset_token_expiry",u1_0."phone_number",u1_0."preferred_language",u1_0."server_id",u1_0."surname",u1_0."timezone",u1_0."username" from "user" u1_0 left join "manager_profile" mp1_0 on u1_0."id"=mp1_0."user_id" left join "manager_unlocked_perks" up1_0 on mp1_0."id"=up1_0."manager_profile_id" where u1_0."club_id"=?
Hibernate: select t1_0."id",ctp1_0."id",ctp1_0."friday_focus",ctp1_0."intensity",ctp1_0."last_updated",ctp1_0."monday_focus",ctp1_0."rest_on_weekends",ctp1_0."saturday_focus",ctp1_0."sunday_focus",ctp1_0."thursday_focus",ctp1_0."tuesday_focus",ctp1_0."wednesday_focus",t1_0."formation_id" from "team" t1_0 left join "training_plan" ctp1_0 on t1_0."id"=ctp1_0."team_id" where t1_0."id"=?
Hibernate: select c1_0."id",c1_0."city",c1_0."finance_id",c1_0."foundation",c1_0."league_id",c1_0."logourl",c1_0."medical_center_id",c1_0."name",c1_0."stadium_id",c1_0."team_id",c1_0."training_facility_id",c1_0."under18_id",c1_0."youth_academy_id" from "club" c1_0 where c1_0."under18_id"=?
Hibernate: select p1_0."team_id",p1_0."id",p1_0."birth",cs1_0."id",cs1_0."clubs_played",cs1_0."cup_titles",cs1_0."first_goal",cs1_0."first_professional_match",cs1_0."highest_season_rating",cs1_0."highest_transfer_value",cs1_0."international_caps",cs1_0."international_goals",cs1_0."league_titles",cs1_0."longest_goal_streak",cs1_0."milestone100goals",cs1_0."milestone100matches",cs1_0."most_assists_in_season",cs1_0."most_goals_in_season",cs1_0."total_assists",cs1_0."total_clean_sheets",cs1_0."total_goals",cs1_0."total_matches_played",cs1_0."total_red_cards",cs1_0."total_transfer_value",cs1_0."total_yellow_cards",p1_0."cndtion",cc1_0."id",cc1_0."automatic_extension_conditions",cc1_0."automatic_extension_years",cc1_0."club_id",cc1_0."end_date",cc1_0."has_release_clause",cc1_0."last_negotiation_date",cc1_0."loyalty_bonus",cc1_0."negotiation_attempts",cc1_0."player_id",cc1_0."release_clause",cc1_0."signing_bonus",cc1_0."start_date",cc1_0."status",cc1_0."weekly_salary",p1_0."defending",p1_0."goalkeeping",p1_0."moral",p1_0."name",p1_0."on_sale",p1_0."original_team_id",p1_0."passing",p1_0."playmaking",p1_0."potential",p1_0."preferred_foot",p1_0."role",p1_0."salary",p1_0."scoring",p1_0."set_pieces",p1_0."stamina",p1_0."surname",p1_0."winger" from "player" p1_0 left join "player_career_stats" cs1_0 on p1_0."id"=cs1_0."player_id" left join "contract" cc1_0 on p1_0."id"=cc1_0."player_id" where p1_0."team_id"=?
Hibernate: select m1_0."id",m1_0."cd",m1_0."fw",m1_0."mf",m1_0."name",m1_0."wb",m1_0."wng" from "module" m1_0
Hibernate: select f1_0."id",f1_0."have_ball",f1_0."mentality",f1_0."module_id",f1_0."substitution_strategy" from "formation" f1_0 where f1_0."id"=?
Hibernate: select s1_0."formation_id",s1_1."id",s1_1."birth",cs1_0."id",cs1_0."clubs_played",cs1_0."cup_titles",cs1_0."first_goal",cs1_0."first_professional_match",cs1_0."highest_season_rating",cs1_0."highest_transfer_value",cs1_0."international_caps",cs1_0."international_goals",cs1_0."league_titles",cs1_0."longest_goal_streak",cs1_0."milestone100goals",cs1_0."milestone100matches",cs1_0."most_assists_in_season",cs1_0."most_goals_in_season",cs1_0."total_assists",cs1_0."total_clean_sheets",cs1_0."total_goals",cs1_0."total_matches_played",cs1_0."total_red_cards",cs1_0."total_transfer_value",cs1_0."total_yellow_cards",s1_1."cndtion",cc1_0."id",cc1_0."automatic_extension_conditions",cc1_0."automatic_extension_years",cc1_0."club_id",cc1_0."end_date",cc1_0."has_release_clause",cc1_0."last_negotiation_date",cc1_0."loyalty_bonus",cc1_0."negotiation_attempts",cc1_0."player_id",cc1_0."release_clause",cc1_0."signing_bonus",cc1_0."start_date",cc1_0."status",cc1_0."weekly_salary",s1_1."defending",s1_1."goalkeeping",s1_1."moral",s1_1."name",s1_1."on_sale",s1_1."original_team_id",s1_1."passing",s1_1."playmaking",s1_1."potential",s1_1."preferred_foot",s1_1."role",s1_1."salary",s1_1."scoring",s1_1."set_pieces",s1_1."stamina",s1_1."surname",s1_1."team_id",s1_1."winger" from "formation_substitutes" s1_0 join "player" s1_1 on s1_1."id"=s1_0."player_id" left join "player_career_stats" cs1_0 on s1_1."id"=cs1_0."player_id" left join "contract" cc1_0 on s1_1."id"=cc1_0."player_id" where s1_0."formation_id"=?
Hibernate: select s1_0."formation_id",s1_1."id",s1_1."birth",cs1_0."id",cs1_0."clubs_played",cs1_0."cup_titles",cs1_0."first_goal",cs1_0."first_professional_match",cs1_0."highest_season_rating",cs1_0."highest_transfer_value",cs1_0."international_caps",cs1_0."international_goals",cs1_0."league_titles",cs1_0."longest_goal_streak",cs1_0."milestone100goals",cs1_0."milestone100matches",cs1_0."most_assists_in_season",cs1_0."most_goals_in_season",cs1_0."total_assists",cs1_0."total_clean_sheets",cs1_0."total_goals",cs1_0."total_matches_played",cs1_0."total_red_cards",cs1_0."total_transfer_value",cs1_0."total_yellow_cards",s1_1."cndtion",cc1_0."id",cc1_0."automatic_extension_conditions",cc1_0."automatic_extension_years",cc1_0."club_id",cc1_0."end_date",cc1_0."has_release_clause",cc1_0."last_negotiation_date",cc1_0."loyalty_bonus",cc1_0."negotiation_attempts",cc1_0."player_id",cc1_0."release_clause",cc1_0."signing_bonus",cc1_0."start_date",cc1_0."status",cc1_0."weekly_salary",s1_1."defending",s1_1."goalkeeping",s1_1."moral",s1_1."name",s1_1."on_sale",s1_1."original_team_id",s1_1."passing",s1_1."playmaking",s1_1."potential",s1_1."preferred_foot",s1_1."role",s1_1."salary",s1_1."scoring",s1_1."set_pieces",s1_1."stamina",s1_1."surname",s1_1."team_id",s1_1."winger" from "formation_substitutes" s1_0 join "player" s1_1 on s1_1."id"=s1_0."player_id" left join "player_career_stats" cs1_0 on s1_1."id"=cs1_0."player_id" left join "contract" cc1_0 on s1_1."id"=cc1_0."player_id" where s1_0."formation_id"=?
Hibernate: select s1_0."club_id",s1_0."id",s1_0."ability",s1_0."birth",s1_0."contract_end",s1_0."contract_start",s1_0."description",s1_0."experience",s1_0."injury_prevention_bonus",s1_0."monthly_salary",s1_0."motivation_bonus",s1_0."name",s1_0."nationality_id",s1_0."recovery_bonus",s1_0."reputation",s1_0."role",s1_0."scouting_bonus",s1_0."specialization",s1_0."status",s1_0."surname",s1_0."training_bonus" from "staff" s1_0 where s1_0."club_id"=?
Hibernate: select s1_0."club_id",s1_0."id",s1_0."ability",s1_0."birth",s1_0."contract_end",s1_0."contract_start",s1_0."description",s1_0."experience",s1_0."injury_prevention_bonus",s1_0."monthly_salary",s1_0."motivation_bonus",s1_0."name",s1_0."nationality_id",s1_0."recovery_bonus",s1_0."reputation",s1_0."role",s1_0."scouting_bonus",s1_0."specialization",s1_0."status",s1_0."surname",s1_0."training_bonus" from "staff" s1_0 where s1_0."club_id"=?
Hibernate: select i1_0."player_id",i1_0."id",i1_0."actual_recovery_date",i1_0."description",i1_0."expected_recovery_date",i1_0."injury_date",i1_0."performance_impact",i1_0."severity",i1_0."status",i1_0."type" from "injury" i1_0 where i1_0."player_id"=?
Hibernate: select i1_0."player_id",i1_0."id",i1_0."actual_recovery_date",i1_0."description",i1_0."expected_recovery_date",i1_0."injury_date",i1_0."performance_impact",i1_0."severity",i1_0."status",i1_0."type" from "injury" i1_0 where i1_0."player_id"=?
Hibernate: select i1_0."player_id",i1_0."id",i1_0."actual_recovery_date",i1_0."description",i1_0."expected_recovery_date",i1_0."injury_date",i1_0."performance_impact",i1_0."severity",i1_0."status",i1_0."type" from "injury" i1_0 where i1_0."player_id"=?
Hibernate: select i1_0."player_id",i1_0."id",i1_0."actual_recovery_date",i1_0."description",i1_0."expected_recovery_date",i1_0."injury_date",i1_0."performance_impact",i1_0."severity",i1_0."status",i1_0."type" from "injury" i1_0 where i1_0."player_id"=?
Hibernate: select i1_0."player_id",i1_0."id",i1_0."actual_recovery_date",i1_0."description",i1_0."expected_recovery_date",i1_0."injury_date",i1_0."performance_impact",i1_0."severity",i1_0."status",i1_0."type" from "injury" i1_0 where i1_0."player_id"=?
Hibernate: select i1_0."player_id",i1_0."id",i1_0."actual_recovery_date",i1_0."description",i1_0."expected_recovery_date",i1_0."injury_date",i1_0."performance_impact",i1_0."severity",i1_0."status",i1_0."type" from "injury" i1_0 where i1_0."player_id"=?
Hibernate: select i1_0."player_id",i1_0."id",i1_0."actual_recovery_date",i1_0."description",i1_0."expected_recovery_date",i1_0."injury_date",i1_0."performance_impact",i1_0."severity",i1_0."status",i1_0."type" from "injury" i1_0 where i1_0."player_id"=?
Hibernate: select i1_0."player_id",i1_0."id",i1_0."actual_recovery_date",i1_0."description",i1_0."expected_recovery_date",i1_0."injury_date",i1_0."performance_impact",i1_0."severity",i1_0."status",i1_0."type" from "injury" i1_0 where i1_0."player_id"=?
Hibernate: select i1_0."player_id",i1_0."id",i1_0."actual_recovery_date",i1_0."description",i1_0."expected_recovery_date",i1_0."injury_date",i1_0."performance_impact",i1_0."severity",i1_0."status",i1_0."type" from "injury" i1_0 where i1_0."player_id"=?
Hibernate: select i1_0."player_id",i1_0."id",i1_0."actual_recovery_date",i1_0."description",i1_0."expected_recovery_date",i1_0."injury_date",i1_0."performance_impact",i1_0."severity",i1_0."status",i1_0."type" from "injury" i1_0 where i1_0."player_id"=?
Hibernate: select i1_0."player_id",i1_0."id",i1_0."actual_recovery_date",i1_0."description",i1_0."expected_recovery_date",i1_0."injury_date",i1_0."performance_impact",i1_0."severity",i1_0."status",i1_0."type" from "injury" i1_0 where i1_0."player_id"=?
Hibernate: select i1_0."player_id",i1_0."id",i1_0."actual_recovery_date",i1_0."description",i1_0."expected_recovery_date",i1_0."injury_date",i1_0."performance_impact",i1_0."severity",i1_0."status",i1_0."type" from "injury" i1_0 where i1_0."player_id"=?
Hibernate: select i1_0."player_id",i1_0."id",i1_0."actual_recovery_date",i1_0."description",i1_0."expected_recovery_date",i1_0."injury_date",i1_0."performance_impact",i1_0."severity",i1_0."status",i1_0."type" from "injury" i1_0 where i1_0."player_id"=?
Hibernate: select i1_0."player_id",i1_0."id",i1_0."actual_recovery_date",i1_0."description",i1_0."expected_recovery_date",i1_0."injury_date",i1_0."performance_impact",i1_0."severity",i1_0."status",i1_0."type" from "injury" i1_0 where i1_0."player_id"=?
Hibernate: select i1_0."player_id",i1_0."id",i1_0."actual_recovery_date",i1_0."description",i1_0."expected_recovery_date",i1_0."injury_date",i1_0."performance_impact",i1_0."severity",i1_0."status",i1_0."type" from "injury" i1_0 where i1_0."player_id"=?
Hibernate: select i1_0."player_id",i1_0."id",i1_0."actual_recovery_date",i1_0."description",i1_0."expected_recovery_date",i1_0."injury_date",i1_0."performance_impact",i1_0."severity",i1_0."status",i1_0."type" from "injury" i1_0 where i1_0."player_id"=?
Hibernate: select i1_0."player_id",i1_0."id",i1_0."actual_recovery_date",i1_0."description",i1_0."expected_recovery_date",i1_0."injury_date",i1_0."performance_impact",i1_0."severity",i1_0."status",i1_0."type" from "injury" i1_0 where i1_0."player_id"=?
Hibernate: select i1_0."player_id",i1_0."id",i1_0."actual_recovery_date",i1_0."description",i1_0."expected_recovery_date",i1_0."injury_date",i1_0."performance_impact",i1_0."severity",i1_0."status",i1_0."type" from "injury" i1_0 where i1_0."player_id"=?
Hibernate: select i1_0."player_id",i1_0."id",i1_0."actual_recovery_date",i1_0."description",i1_0."expected_recovery_date",i1_0."injury_date",i1_0."performance_impact",i1_0."severity",i1_0."status",i1_0."type" from "injury" i1_0 where i1_0."player_id"=?
Hibernate: insert into "injury" ("actual_recovery_date","description","expected_recovery_date","injury_date","performance_impact","player_id","severity","status","type","id") values (?,?,?,?,?,?,?,?,?,default)
Hibernate: select i1_0."player_id",i1_0."id",i1_0."actual_recovery_date",i1_0."description",i1_0."expected_recovery_date",i1_0."injury_date",i1_0."performance_impact",i1_0."severity",i1_0."status",i1_0."type" from "injury" i1_0 where i1_0."player_id"=?
Hibernate: select i1_0."player_id",i1_0."id",i1_0."actual_recovery_date",i1_0."description",i1_0."expected_recovery_date",i1_0."injury_date",i1_0."performance_impact",i1_0."severity",i1_0."status",i1_0."type" from "injury" i1_0 where i1_0."player_id"=?
Hibernate: select i1_0."player_id",i1_0."id",i1_0."actual_recovery_date",i1_0."description",i1_0."expected_recovery_date",i1_0."injury_date",i1_0."performance_impact",i1_0."severity",i1_0."status",i1_0."type" from "injury" i1_0 where i1_0."player_id"=?
Hibernate: select c1_0."id",c1_0."city",c1_0."finance_id",c1_0."foundation",c1_0."league_id",c1_0."logourl",c1_0."medical_center_id",c1_0."name",c1_0."stadium_id",c1_0."team_id",c1_0."training_facility_id",c1_0."under18_id",c1_0."youth_academy_id" from "club" c1_0 where c1_0."id"=?
Hibernate: select u1_0."id",u1_0."account_locked_until",u1_0."activation_token",u1_0."active",u1_0."admin_role",u1_0."ban_reason",u1_0."banned_by",u1_0."banned_until",u1_0."club_id",u1_0."country_id",u1_0."country",u1_0."created_by",u1_0."created_date",u1_0."date_of_birth",u1_0."email",u1_0."email_verification_token",u1_0."email_verification_token_expiry",u1_0."experience",u1_0."failed_login_attempts",u1_0."first_name",u1_0."is_active",u1_0."is_banned",u1_0."is_verified",u1_0."last_login_date",u1_0."last_login_ip",u1_0."last_modified_by",u1_0."last_modified_date",u1_0."last_name",mp1_0."id",mp1_0."current_xp",mp1_0."level",mp1_0."talent_points",up1_0."manager_profile_id",up1_0."perk",u1_0."name",u1_0."password",u1_0."password_changed_date",u1_0."password_reset_token",u1_0."password_reset_token_expiry",u1_0."phone_number",u1_0."preferred_language",u1_0."server_id",u1_0."surname",u1_0."timezone",u1_0."username" from "user" u1_0 left join "manager_profile" mp1_0 on u1_0."id"=mp1_0."user_id" left join "manager_unlocked_perks" up1_0 on mp1_0."id"=up1_0."manager_profile_id" where u1_0."club_id"=?
Hibernate: select s1_0."id",s1_0."accessibility_level",s1_0."atmosphere_multiplier",s1_0."base_capacity",s1_0."capacity",c1_0."id",c1_0."city",c1_0."finance_id",c1_0."foundation",c1_0."league_id",c1_0."logourl",c1_0."medical_center_id",c1_0."name",c1_0."team_id",c1_0."training_facility_id",c1_0."under18_id",c1_0."youth_academy_id",s1_0."construction_cost",s1_0."facilities_quality",s1_0."grandstand_est",s1_0."grandstand_nord",s1_0."grandstand_sud",s1_0."grandstand_west",s1_0."has_media_center",s1_0."has_megastore",s1_0."has_museum",s1_0."has_roof",s1_0."has_undersoil_heating",s1_0."has_vip_boxes",s1_0."last_upgrade_date",s1_0."maintenance_cost",s1_0."name",s1_0."next_maintenance_date",s1_0."pitch_quality",s1_0."revenue_multiplier",s1_0."security_level",s1_0."upgrade_value" from "stadium" s1_0 left join "club" c1_0 on s1_0."id"=c1_0."stadium_id" where s1_0."id"=?
Hibernate: select t1_0."id",ctp1_0."id",ctp1_0."friday_focus",ctp1_0."intensity",ctp1_0."last_updated",ctp1_0."monday_focus",ctp1_0."rest_on_weekends",ctp1_0."saturday_focus",ctp1_0."sunday_focus",ctp1_0."thursday_focus",ctp1_0."tuesday_focus",ctp1_0."wednesday_focus",t1_0."formation_id" from "team" t1_0 left join "training_plan" ctp1_0 on t1_0."id"=ctp1_0."team_id" where t1_0."id"=?
Hibernate: select c1_0."id",c1_0."city",c1_0."finance_id",c1_0."foundation",c1_0."league_id",c1_0."logourl",c1_0."medical_center_id",c1_0."name",c1_0."stadium_id",c1_0."team_id",c1_0."training_facility_id",c1_0."under18_id",c1_0."youth_academy_id" from "club" c1_0 where c1_0."under18_id"=?
Hibernate: select p1_0."team_id",p1_0."id",p1_0."birth",cs1_0."id",cs1_0."clubs_played",cs1_0."cup_titles",cs1_0."first_goal",cs1_0."first_professional_match",cs1_0."highest_season_rating",cs1_0."highest_transfer_value",cs1_0."international_caps",cs1_0."international_goals",cs1_0."league_titles",cs1_0."longest_goal_streak",cs1_0."milestone100goals",cs1_0."milestone100matches",cs1_0."most_assists_in_season",cs1_0."most_goals_in_season",cs1_0."total_assists",cs1_0."total_clean_sheets",cs1_0."total_goals",cs1_0."total_matches_played",cs1_0."total_red_cards",cs1_0."total_transfer_value",cs1_0."total_yellow_cards",p1_0."cndtion",cc1_0."id",cc1_0."automatic_extension_conditions",cc1_0."automatic_extension_years",cc1_0."club_id",cc1_0."end_date",cc1_0."has_release_clause",cc1_0."last_negotiation_date",cc1_0."loyalty_bonus",cc1_0."negotiation_attempts",cc1_0."player_id",cc1_0."release_clause",cc1_0."signing_bonus",cc1_0."start_date",cc1_0."status",cc1_0."weekly_salary",p1_0."defending",p1_0."goalkeeping",p1_0."moral",p1_0."name",p1_0."on_sale",p1_0."original_team_id",p1_0."passing",p1_0."playmaking",p1_0."potential",p1_0."preferred_foot",p1_0."role",p1_0."salary",p1_0."scoring",p1_0."set_pieces",p1_0."stamina",p1_0."surname",p1_0."winger" from "player" p1_0 left join "player_career_stats" cs1_0 on p1_0."id"=cs1_0."player_id" left join "contract" cc1_0 on p1_0."id"=cc1_0."player_id" where p1_0."team_id"=?
Hibernate: insert into "formation" ("have_ball","mentality","module_id","substitution_strategy","id") values (?,?,?,?,default)
Hibernate: insert into "event_history" ("away_score","event","home_score","match_id","minute","type","uuid","id") values (?,?,?,?,?,?,?,default)
Hibernate: insert into "event_history" ("away_score","event","home_score","match_id","minute","type","uuid","id") values (?,?,?,?,?,?,?,default)
Hibernate: insert into "event_history" ("away_score","event","home_score","match_id","minute","type","uuid","id") values (?,?,?,?,?,?,?,default)
Hibernate: insert into "event_history" ("away_score","event","home_score","match_id","minute","type","uuid","id") values (?,?,?,?,?,?,?,default)
Hibernate: insert into "event_history" ("away_score","event","home_score","match_id","minute","type","uuid","id") values (?,?,?,?,?,?,?,default)
Hibernate: insert into "event_history" ("away_score","event","home_score","match_id","minute","type","uuid","id") values (?,?,?,?,?,?,?,default)
Hibernate: insert into "event_history" ("away_score","event","home_score","match_id","minute","type","uuid","id") values (?,?,?,?,?,?,?,default)
Hibernate: insert into "event_history" ("away_score","event","home_score","match_id","minute","type","uuid","id") values (?,?,?,?,?,?,?,default)
Hibernate: insert into "event_history" ("away_score","event","home_score","match_id","minute","type","uuid","id") values (?,?,?,?,?,?,?,default)
Hibernate: insert into "event_history" ("away_score","event","home_score","match_id","minute","type","uuid","id") values (?,?,?,?,?,?,?,default)
Hibernate: insert into "formation" ("have_ball","mentality","module_id","substitution_strategy","id") values (?,?,?,?,default)
Hibernate: insert into "match_player_stats" ("assists","completed_passes","goals","goals_conceded","match_id","minutes_played","mvp","passes","penalties_saved","player_id","position","rating","red_cards","saves","shots","shots_on_target","started","tackles","yellow_cards","id") values (?,?,?,?,?,?,?,?,?,?,?,?,?,?,?,?,?,?,?,default)
Hibernate: insert into "match_player_stats" ("assists","completed_passes","goals","goals_conceded","match_id","minutes_played","mvp","passes","penalties_saved","player_id","position","rating","red_cards","saves","shots","shots_on_target","started","tackles","yellow_cards","id") values (?,?,?,?,?,?,?,?,?,?,?,?,?,?,?,?,?,?,?,default)
Hibernate: insert into "match_player_stats" ("assists","completed_passes","goals","goals_conceded","match_id","minutes_played","mvp","passes","penalties_saved","player_id","position","rating","red_cards","saves","shots","shots_on_target","started","tackles","yellow_cards","id") values (?,?,?,?,?,?,?,?,?,?,?,?,?,?,?,?,?,?,?,default)
Hibernate: insert into "match_player_stats" ("assists","completed_passes","goals","goals_conceded","match_id","minutes_played","mvp","passes","penalties_saved","player_id","position","rating","red_cards","saves","shots","shots_on_target","started","tackles","yellow_cards","id") values (?,?,?,?,?,?,?,?,?,?,?,?,?,?,?,?,?,?,?,default)
Hibernate: insert into "match_player_stats" ("assists","completed_passes","goals","goals_conceded","match_id","minutes_played","mvp","passes","penalties_saved","player_id","position","rating","red_cards","saves","shots","shots_on_target","started","tackles","yellow_cards","id") values (?,?,?,?,?,?,?,?,?,?,?,?,?,?,?,?,?,?,?,default)
Hibernate: insert into "match_player_stats" ("assists","completed_passes","goals","goals_conceded","match_id","minutes_played","mvp","passes","penalties_saved","player_id","position","rating","red_cards","saves","shots","shots_on_target","started","tackles","yellow_cards","id") values (?,?,?,?,?,?,?,?,?,?,?,?,?,?,?,?,?,?,?,default)
Hibernate: insert into "match_player_stats" ("assists","completed_passes","goals","goals_conceded","match_id","minutes_played","mvp","passes","penalties_saved","player_id","position","rating","red_cards","saves","shots","shots_on_target","started","tackles","yellow_cards","id") values (?,?,?,?,?,?,?,?,?,?,?,?,?,?,?,?,?,?,?,default)
Hibernate: insert into "match_player_stats" ("assists","completed_passes","goals","goals_conceded","match_id","minutes_played","mvp","passes","penalties_saved","player_id","position","rating","red_cards","saves","shots","shots_on_target","started","tackles","yellow_cards","id") values (?,?,?,?,?,?,?,?,?,?,?,?,?,?,?,?,?,?,?,default)
Hibernate: insert into "match_player_stats" ("assists","completed_passes","goals","goals_conceded","match_id","minutes_played","mvp","passes","penalties_saved","player_id","position","rating","red_cards","saves","shots","shots_on_target","started","tackles","yellow_cards","id") values (?,?,?,?,?,?,?,?,?,?,?,?,?,?,?,?,?,?,?,default)
Hibernate: insert into "match_player_stats" ("assists","completed_passes","goals","goals_conceded","match_id","minutes_played","mvp","passes","penalties_saved","player_id","position","rating","red_cards","saves","shots","shots_on_target","started","tackles","yellow_cards","id") values (?,?,?,?,?,?,?,?,?,?,?,?,?,?,?,?,?,?,?,default)
Hibernate: insert into "match_player_stats" ("assists","completed_passes","goals","goals_conceded","match_id","minutes_played","mvp","passes","penalties_saved","player_id","position","rating","red_cards","saves","shots","shots_on_target","started","tackles","yellow_cards","id") values (?,?,?,?,?,?,?,?,?,?,?,?,?,?,?,?,?,?,?,default)
Hibernate: insert into "match_player_stats" ("assists","completed_passes","goals","goals_conceded","match_id","minutes_played","mvp","passes","penalties_saved","player_id","position","rating","red_cards","saves","shots","shots_on_target","started","tackles","yellow_cards","id") values (?,?,?,?,?,?,?,?,?,?,?,?,?,?,?,?,?,?,?,default)
Hibernate: insert into "match_player_stats" ("assists","completed_passes","goals","goals_conceded","match_id","minutes_played","mvp","passes","penalties_saved","player_id","position","rating","red_cards","saves","shots","shots_on_target","started","tackles","yellow_cards","id") values (?,?,?,?,?,?,?,?,?,?,?,?,?,?,?,?,?,?,?,default)
Hibernate: insert into "match_player_stats" ("assists","completed_passes","goals","goals_conceded","match_id","minutes_played","mvp","passes","penalties_saved","player_id","position","rating","red_cards","saves","shots","shots_on_target","started","tackles","yellow_cards","id") values (?,?,?,?,?,?,?,?,?,?,?,?,?,?,?,?,?,?,?,default)
Hibernate: insert into "match_player_stats" ("assists","completed_passes","goals","goals_conceded","match_id","minutes_played","mvp","passes","penalties_saved","player_id","position","rating","red_cards","saves","shots","shots_on_target","started","tackles","yellow_cards","id") values (?,?,?,?,?,?,?,?,?,?,?,?,?,?,?,?,?,?,?,default)
Hibernate: insert into "match_player_stats" ("assists","completed_passes","goals","goals_conceded","match_id","minutes_played","mvp","passes","penalties_saved","player_id","position","rating","red_cards","saves","shots","shots_on_target","started","tackles","yellow_cards","id") values (?,?,?,?,?,?,?,?,?,?,?,?,?,?,?,?,?,?,?,default)
Hibernate: insert into "match_player_stats" ("assists","completed_passes","goals","goals_conceded","match_id","minutes_played","mvp","passes","penalties_saved","player_id","position","rating","red_cards","saves","shots","shots_on_target","started","tackles","yellow_cards","id") values (?,?,?,?,?,?,?,?,?,?,?,?,?,?,?,?,?,?,?,default)
Hibernate: insert into "match_player_stats" ("assists","completed_passes","goals","goals_conceded","match_id","minutes_played","mvp","passes","penalties_saved","player_id","position","rating","red_cards","saves","shots","shots_on_target","started","tackles","yellow_cards","id") values (?,?,?,?,?,?,?,?,?,?,?,?,?,?,?,?,?,?,?,default)
Hibernate: insert into "match_player_stats" ("assists","completed_passes","goals","goals_conceded","match_id","minutes_played","mvp","passes","penalties_saved","player_id","position","rating","red_cards","saves","shots","shots_on_target","started","tackles","yellow_cards","id") values (?,?,?,?,?,?,?,?,?,?,?,?,?,?,?,?,?,?,?,default)
Hibernate: insert into "match_player_stats" ("assists","completed_passes","goals","goals_conceded","match_id","minutes_played","mvp","passes","penalties_saved","player_id","position","rating","red_cards","saves","shots","shots_on_target","started","tackles","yellow_cards","id") values (?,?,?,?,?,?,?,?,?,?,?,?,?,?,?,?,?,?,?,default)
Hibernate: insert into "match_player_stats" ("assists","completed_passes","goals","goals_conceded","match_id","minutes_played","mvp","passes","penalties_saved","player_id","position","rating","red_cards","saves","shots","shots_on_target","started","tackles","yellow_cards","id") values (?,?,?,?,?,?,?,?,?,?,?,?,?,?,?,?,?,?,?,default)
Hibernate: insert into "match_player_stats" ("assists","completed_passes","goals","goals_conceded","match_id","minutes_played","mvp","passes","penalties_saved","player_id","position","rating","red_cards","saves","shots","shots_on_target","started","tackles","yellow_cards","id") values (?,?,?,?,?,?,?,?,?,?,?,?,?,?,?,?,?,?,?,default)
Hibernate: insert into "stats" ("away_completed_passes","away_fouls","away_interceptions","away_on_target","away_passes","away_possession","away_shots","away_tackles","away_yellow_cards","home_completed_passes","home_fouls","home_interceptions","home_on_target","home_passes","home_possession","home_shots","home_tackles","home_yellow_cards","id") values (?,?,?,?,?,?,?,?,?,?,?,?,?,?,?,?,?,?,default)
Hibernate: select m1_0."id",m1_0."cd",m1_0."fw",m1_0."mf",m1_0."name",m1_0."wb",m1_0."wng" from "module" m1_0
Hibernate: select f1_0."id",f1_0."have_ball",f1_0."mentality",f1_0."module_id",f1_0."substitution_strategy" from "formation" f1_0 where f1_0."id"=?
Hibernate: select c1_0."id",c1_0."city",c1_0."finance_id",c1_0."foundation",c1_0."league_id",c1_0."logourl",c1_0."medical_center_id",c1_0."name",c1_0."stadium_id",c1_0."team_id",c1_0."training_facility_id",c1_0."under18_id",c1_0."youth_academy_id" from "club" c1_0 where c1_0."id"=?
Hibernate: select u1_0."id",u1_0."account_locked_until",u1_0."activation_token",u1_0."active",u1_0."admin_role",u1_0."ban_reason",u1_0."banned_by",u1_0."banned_until",u1_0."club_id",u1_0."country_id",u1_0."country",u1_0."created_by",u1_0."created_date",u1_0."date_of_birth",u1_0."email",u1_0."email_verification_token",u1_0."email_verification_token_expiry",u1_0."experience",u1_0."failed_login_attempts",u1_0."first_name",u1_0."is_active",u1_0."is_banned",u1_0."is_verified",u1_0."last_login_date",u1_0."last_login_ip",u1_0."last_modified_by",u1_0."last_modified_date",u1_0."last_name",mp1_0."id",mp1_0."current_xp",mp1_0."level",mp1_0."talent_points",up1_0."manager_profile_id",up1_0."perk",u1_0."name",u1_0."password",u1_0."password_changed_date",u1_0."password_reset_token",u1_0."password_reset_token_expiry",u1_0."phone_number",u1_0."preferred_language",u1_0."server_id",u1_0."surname",u1_0."timezone",u1_0."username" from "user" u1_0 left join "manager_profile" mp1_0 on u1_0."id"=mp1_0."user_id" left join "manager_unlocked_perks" up1_0 on mp1_0."id"=up1_0."manager_profile_id" where u1_0."club_id"=?
Hibernate: select t1_0."id",ctp1_0."id",ctp1_0."friday_focus",ctp1_0."intensity",ctp1_0."last_updated",ctp1_0."monday_focus",ctp1_0."rest_on_weekends",ctp1_0."saturday_focus",ctp1_0."sunday_focus",ctp1_0."thursday_focus",ctp1_0."tuesday_focus",ctp1_0."wednesday_focus",t1_0."formation_id" from "team" t1_0 left join "training_plan" ctp1_0 on t1_0."id"=ctp1_0."team_id" where t1_0."id"=?
Hibernate: select c1_0."id",c1_0."city",c1_0."finance_id",c1_0."foundation",c1_0."league_id",c1_0."logourl",c1_0."medical_center_id",c1_0."name",c1_0."stadium_id",c1_0."team_id",c1_0."training_facility_id",c1_0."under18_id",c1_0."youth_academy_id" from "club" c1_0 where c1_0."under18_id"=?
Hibernate: select p1_0."team_id",p1_0."id",p1_0."birth",cs1_0."id",cs1_0."clubs_played",cs1_0."cup_titles",cs1_0."first_goal",cs1_0."first_professional_match",cs1_0."highest_season_rating",cs1_0."highest_transfer_value",cs1_0."international_caps",cs1_0."international_goals",cs1_0."league_titles",cs1_0."longest_goal_streak",cs1_0."milestone100goals",cs1_0."milestone100matches",cs1_0."most_assists_in_season",cs1_0."most_goals_in_season",cs1_0."total_assists",cs1_0."total_clean_sheets",cs1_0."total_goals",cs1_0."total_matches_played",cs1_0."total_red_cards",cs1_0."total_transfer_value",cs1_0."total_yellow_cards",p1_0."cndtion",cc1_0."id",cc1_0."automatic_extension_conditions",cc1_0."automatic_extension_years",cc1_0."club_id",cc1_0."end_date",cc1_0."has_release_clause",cc1_0."last_negotiation_date",cc1_0."loyalty_bonus",cc1_0."negotiation_attempts",cc1_0."player_id",cc1_0."release_clause",cc1_0."signing_bonus",cc1_0."start_date",cc1_0."status",cc1_0."weekly_salary",p1_0."defending",p1_0."goalkeeping",p1_0."moral",p1_0."name",p1_0."on_sale",p1_0."original_team_id",p1_0."passing",p1_0."playmaking",p1_0."potential",p1_0."preferred_foot",p1_0."role",p1_0."salary",p1_0."scoring",p1_0."set_pieces",p1_0."stamina",p1_0."surname",p1_0."winger" from "player" p1_0 left join "player_career_stats" cs1_0 on p1_0."id"=cs1_0."player_id" left join "contract" cc1_0 on p1_0."id"=cc1_0."player_id" where p1_0."team_id"=?
Hibernate: select m1_0."id",m1_0."cd",m1_0."fw",m1_0."mf",m1_0."name",m1_0."wb",m1_0."wng" from "module" m1_0
Hibernate: select f1_0."id",f1_0."have_ball",f1_0."mentality",f1_0."module_id",f1_0."substitution_strategy" from "formation" f1_0 where f1_0."id"=?
Hibernate: select s1_0."formation_id",s1_1."id",s1_1."birth",cs1_0."id",cs1_0."clubs_played",cs1_0."cup_titles",cs1_0."first_goal",cs1_0."first_professional_match",cs1_0."highest_season_rating",cs1_0."highest_transfer_value",cs1_0."international_caps",cs1_0."international_goals",cs1_0."league_titles",cs1_0."longest_goal_streak",cs1_0."milestone100goals",cs1_0."milestone100matches",cs1_0."most_assists_in_season",cs1_0."most_goals_in_season",cs1_0."total_assists",cs1_0."total_clean_sheets",cs1_0."total_goals",cs1_0."total_matches_played",cs1_0."total_red_cards",cs1_0."total_transfer_value",cs1_0."total_yellow_cards",s1_1."cndtion",cc1_0."id",cc1_0."automatic_extension_conditions",cc1_0."automatic_extension_years",cc1_0."club_id",cc1_0."end_date",cc1_0."has_release_clause",cc1_0."last_negotiation_date",cc1_0."loyalty_bonus",cc1_0."negotiation_attempts",cc1_0."player_id",cc1_0."release_clause",cc1_0."signing_bonus",cc1_0."start_date",cc1_0."status",cc1_0."weekly_salary",s1_1."defending",s1_1."goalkeeping",s1_1."moral",s1_1."name",s1_1."on_sale",s1_1."original_team_id",s1_1."passing",s1_1."playmaking",s1_1."potential",s1_1."preferred_foot",s1_1."role",s1_1."salary",s1_1."scoring",s1_1."set_pieces",s1_1."stamina",s1_1."surname",s1_1."team_id",s1_1."winger" from "formation_substitutes" s1_0 join "player" s1_1 on s1_1."id"=s1_0."player_id" left join "player_career_stats" cs1_0 on s1_1."id"=cs1_0."player_id" left join "contract" cc1_0 on s1_1."id"=cc1_0."player_id" where s1_0."formation_id"=?
Hibernate: select s1_0."formation_id",s1_1."id",s1_1."birth",cs1_0."id",cs1_0."clubs_played",cs1_0."cup_titles",cs1_0."first_goal",cs1_0."first_professional_match",cs1_0."highest_season_rating",cs1_0."highest_transfer_value",cs1_0."international_caps",cs1_0."international_goals",cs1_0."league_titles",cs1_0."longest_goal_streak",cs1_0."milestone100goals",cs1_0."milestone100matches",cs1_0."most_assists_in_season",cs1_0."most_goals_in_season",cs1_0."total_assists",cs1_0."total_clean_sheets",cs1_0."total_goals",cs1_0."total_matches_played",cs1_0."total_red_cards",cs1_0."total_transfer_value",cs1_0."total_yellow_cards",s1_1."cndtion",cc1_0."id",cc1_0."automatic_extension_conditions",cc1_0."automatic_extension_years",cc1_0."club_id",cc1_0."end_date",cc1_0."has_release_clause",cc1_0."last_negotiation_date",cc1_0."loyalty_bonus",cc1_0."negotiation_attempts",cc1_0."player_id",cc1_0."release_clause",cc1_0."signing_bonus",cc1_0."start_date",cc1_0."status",cc1_0."weekly_salary",s1_1."defending",s1_1."goalkeeping",s1_1."moral",s1_1."name",s1_1."on_sale",s1_1."original_team_id",s1_1."passing",s1_1."playmaking",s1_1."potential",s1_1."preferred_foot",s1_1."role",s1_1."salary",s1_1."scoring",s1_1."set_pieces",s1_1."stamina",s1_1."surname",s1_1."team_id",s1_1."winger" from "formation_substitutes" s1_0 join "player" s1_1 on s1_1."id"=s1_0."player_id" left join "player_career_stats" cs1_0 on s1_1."id"=cs1_0."player_id" left join "contract" cc1_0 on s1_1."id"=cc1_0."player_id" where s1_0."formation_id"=?
Hibernate: select s1_0."club_id",s1_0."id",s1_0."ability",s1_0."birth",s1_0."contract_end",s1_0."contract_start",s1_0."description",s1_0."experience",s1_0."injury_prevention_bonus",s1_0."monthly_salary",s1_0."motivation_bonus",s1_0."name",s1_0."nationality_id",s1_0."recovery_bonus",s1_0."reputation",s1_0."role",s1_0."scouting_bonus",s1_0."specialization",s1_0."status",s1_0."surname",s1_0."training_bonus" from "staff" s1_0 where s1_0."club_id"=?
Hibernate: select s1_0."club_id",s1_0."id",s1_0."ability",s1_0."birth",s1_0."contract_end",s1_0."contract_start",s1_0."description",s1_0."experience",s1_0."injury_prevention_bonus",s1_0."monthly_salary",s1_0."motivation_bonus",s1_0."name",s1_0."nationality_id",s1_0."recovery_bonus",s1_0."reputation",s1_0."role",s1_0."scouting_bonus",s1_0."specialization",s1_0."status",s1_0."surname",s1_0."training_bonus" from "staff" s1_0 where s1_0."club_id"=?
Hibernate: select i1_0."player_id",i1_0."id",i1_0."actual_recovery_date",i1_0."description",i1_0."expected_recovery_date",i1_0."injury_date",i1_0."performance_impact",i1_0."severity",i1_0."status",i1_0."type" from "injury" i1_0 where i1_0."player_id"=?
Hibernate: select i1_0."player_id",i1_0."id",i1_0."actual_recovery_date",i1_0."description",i1_0."expected_recovery_date",i1_0."injury_date",i1_0."performance_impact",i1_0."severity",i1_0."status",i1_0."type" from "injury" i1_0 where i1_0."player_id"=?
Hibernate: select i1_0."player_id",i1_0."id",i1_0."actual_recovery_date",i1_0."description",i1_0."expected_recovery_date",i1_0."injury_date",i1_0."performance_impact",i1_0."severity",i1_0."status",i1_0."type" from "injury" i1_0 where i1_0."player_id"=?
Hibernate: select i1_0."player_id",i1_0."id",i1_0."actual_recovery_date",i1_0."description",i1_0."expected_recovery_date",i1_0."injury_date",i1_0."performance_impact",i1_0."severity",i1_0."status",i1_0."type" from "injury" i1_0 where i1_0."player_id"=?
Hibernate: select i1_0."player_id",i1_0."id",i1_0."actual_recovery_date",i1_0."description",i1_0."expected_recovery_date",i1_0."injury_date",i1_0."performance_impact",i1_0."severity",i1_0."status",i1_0."type" from "injury" i1_0 where i1_0."player_id"=?
Hibernate: select i1_0."player_id",i1_0."id",i1_0."actual_recovery_date",i1_0."description",i1_0."expected_recovery_date",i1_0."injury_date",i1_0."performance_impact",i1_0."severity",i1_0."status",i1_0."type" from "injury" i1_0 where i1_0."player_id"=?
Hibernate: select i1_0."player_id",i1_0."id",i1_0."actual_recovery_date",i1_0."description",i1_0."expected_recovery_date",i1_0."injury_date",i1_0."performance_impact",i1_0."severity",i1_0."status",i1_0."type" from "injury" i1_0 where i1_0."player_id"=?
Hibernate: select i1_0."player_id",i1_0."id",i1_0."actual_recovery_date",i1_0."description",i1_0."expected_recovery_date",i1_0."injury_date",i1_0."performance_impact",i1_0."severity",i1_0."status",i1_0."type" from "injury" i1_0 where i1_0."player_id"=?
Hibernate: select i1_0."player_id",i1_0."id",i1_0."actual_recovery_date",i1_0."description",i1_0."expected_recovery_date",i1_0."injury_date",i1_0."performance_impact",i1_0."severity",i1_0."status",i1_0."type" from "injury" i1_0 where i1_0."player_id"=?
Hibernate: select i1_0."player_id",i1_0."id",i1_0."actual_recovery_date",i1_0."description",i1_0."expected_recovery_date",i1_0."injury_date",i1_0."performance_impact",i1_0."severity",i1_0."status",i1_0."type" from "injury" i1_0 where i1_0."player_id"=?
Hibernate: select i1_0."player_id",i1_0."id",i1_0."actual_recovery_date",i1_0."description",i1_0."expected_recovery_date",i1_0."injury_date",i1_0."performance_impact",i1_0."severity",i1_0."status",i1_0."type" from "injury" i1_0 where i1_0."player_id"=?
Hibernate: select i1_0."player_id",i1_0."id",i1_0."actual_recovery_date",i1_0."description",i1_0."expected_recovery_date",i1_0."injury_date",i1_0."performance_impact",i1_0."severity",i1_0."status",i1_0."type" from "injury" i1_0 where i1_0."player_id"=?
Hibernate: select i1_0."player_id",i1_0."id",i1_0."actual_recovery_date",i1_0."description",i1_0."expected_recovery_date",i1_0."injury_date",i1_0."performance_impact",i1_0."severity",i1_0."status",i1_0."type" from "injury" i1_0 where i1_0."player_id"=?
Hibernate: select i1_0."player_id",i1_0."id",i1_0."actual_recovery_date",i1_0."description",i1_0."expected_recovery_date",i1_0."injury_date",i1_0."performance_impact",i1_0."severity",i1_0."status",i1_0."type" from "injury" i1_0 where i1_0."player_id"=?
Hibernate: select i1_0."player_id",i1_0."id",i1_0."actual_recovery_date",i1_0."description",i1_0."expected_recovery_date",i1_0."injury_date",i1_0."performance_impact",i1_0."severity",i1_0."status",i1_0."type" from "injury" i1_0 where i1_0."player_id"=?
Hibernate: select i1_0."player_id",i1_0."id",i1_0."actual_recovery_date",i1_0."description",i1_0."expected_recovery_date",i1_0."injury_date",i1_0."performance_impact",i1_0."severity",i1_0."status",i1_0."type" from "injury" i1_0 where i1_0."player_id"=?
Hibernate: insert into "injury" ("actual_recovery_date","description","expected_recovery_date","injury_date","performance_impact","player_id","severity","status","type","id") values (?,?,?,?,?,?,?,?,?,default)
Hibernate: select i1_0."player_id",i1_0."id",i1_0."actual_recovery_date",i1_0."description",i1_0."expected_recovery_date",i1_0."injury_date",i1_0."performance_impact",i1_0."severity",i1_0."status",i1_0."type" from "injury" i1_0 where i1_0."player_id"=?
Hibernate: select i1_0."player_id",i1_0."id",i1_0."actual_recovery_date",i1_0."description",i1_0."expected_recovery_date",i1_0."injury_date",i1_0."performance_impact",i1_0."severity",i1_0."status",i1_0."type" from "injury" i1_0 where i1_0."player_id"=?
Hibernate: select i1_0."player_id",i1_0."id",i1_0."actual_recovery_date",i1_0."description",i1_0."expected_recovery_date",i1_0."injury_date",i1_0."performance_impact",i1_0."severity",i1_0."status",i1_0."type" from "injury" i1_0 where i1_0."player_id"=?
Hibernate: select i1_0."player_id",i1_0."id",i1_0."actual_recovery_date",i1_0."description",i1_0."expected_recovery_date",i1_0."injury_date",i1_0."performance_impact",i1_0."severity",i1_0."status",i1_0."type" from "injury" i1_0 where i1_0."player_id"=?
Hibernate: select i1_0."player_id",i1_0."id",i1_0."actual_recovery_date",i1_0."description",i1_0."expected_recovery_date",i1_0."injury_date",i1_0."performance_impact",i1_0."severity",i1_0."status",i1_0."type" from "injury" i1_0 where i1_0."player_id"=?
Hibernate: select i1_0."player_id",i1_0."id",i1_0."actual_recovery_date",i1_0."description",i1_0."expected_recovery_date",i1_0."injury_date",i1_0."performance_impact",i1_0."severity",i1_0."status",i1_0."type" from "injury" i1_0 where i1_0."player_id"=?
Hibernate: select c1_0."id",c1_0."city",c1_0."finance_id",c1_0."foundation",c1_0."league_id",c1_0."logourl",c1_0."medical_center_id",c1_0."name",c1_0."stadium_id",c1_0."team_id",c1_0."training_facility_id",c1_0."under18_id",c1_0."youth_academy_id" from "club" c1_0 where c1_0."id"=?
Hibernate: select u1_0."id",u1_0."account_locked_until",u1_0."activation_token",u1_0."active",u1_0."admin_role",u1_0."ban_reason",u1_0."banned_by",u1_0."banned_until",u1_0."club_id",u1_0."country_id",u1_0."country",u1_0."created_by",u1_0."created_date",u1_0."date_of_birth",u1_0."email",u1_0."email_verification_token",u1_0."email_verification_token_expiry",u1_0."experience",u1_0."failed_login_attempts",u1_0."first_name",u1_0."is_active",u1_0."is_banned",u1_0."is_verified",u1_0."last_login_date",u1_0."last_login_ip",u1_0."last_modified_by",u1_0."last_modified_date",u1_0."last_name",mp1_0."id",mp1_0."current_xp",mp1_0."level",mp1_0."talent_points",up1_0."manager_profile_id",up1_0."perk",u1_0."name",u1_0."password",u1_0."password_changed_date",u1_0."password_reset_token",u1_0."password_reset_token_expiry",u1_0."phone_number",u1_0."preferred_language",u1_0."server_id",u1_0."surname",u1_0."timezone",u1_0."username" from "user" u1_0 left join "manager_profile" mp1_0 on u1_0."id"=mp1_0."user_id" left join "manager_unlocked_perks" up1_0 on mp1_0."id"=up1_0."manager_profile_id" where u1_0."club_id"=?
Hibernate: select s1_0."id",s1_0."accessibility_level",s1_0."atmosphere_multiplier",s1_0."base_capacity",s1_0."capacity",c1_0."id",c1_0."city",c1_0."finance_id",c1_0."foundation",c1_0."league_id",c1_0."logourl",c1_0."medical_center_id",c1_0."name",c1_0."team_id",c1_0."training_facility_id",c1_0."under18_id",c1_0."youth_academy_id",s1_0."construction_cost",s1_0."facilities_quality",s1_0."grandstand_est",s1_0."grandstand_nord",s1_0."grandstand_sud",s1_0."grandstand_west",s1_0."has_media_center",s1_0."has_megastore",s1_0."has_museum",s1_0."has_roof",s1_0."has_undersoil_heating",s1_0."has_vip_boxes",s1_0."last_upgrade_date",s1_0."maintenance_cost",s1_0."name",s1_0."next_maintenance_date",s1_0."pitch_quality",s1_0."revenue_multiplier",s1_0."security_level",s1_0."upgrade_value" from "stadium" s1_0 left join "club" c1_0 on s1_0."id"=c1_0."stadium_id" where s1_0."id"=?
Hibernate: select t1_0."id",ctp1_0."id",ctp1_0."friday_focus",ctp1_0."intensity",ctp1_0."last_updated",ctp1_0."monday_focus",ctp1_0."rest_on_weekends",ctp1_0."saturday_focus",ctp1_0."sunday_focus",ctp1_0."thursday_focus",ctp1_0."tuesday_focus",ctp1_0."wednesday_focus",t1_0."formation_id" from "team" t1_0 left join "training_plan" ctp1_0 on t1_0."id"=ctp1_0."team_id" where t1_0."id"=?
Hibernate: select c1_0."id",c1_0."city",c1_0."finance_id",c1_0."foundation",c1_0."league_id",c1_0."logourl",c1_0."medical_center_id",c1_0."name",c1_0."stadium_id",c1_0."team_id",c1_0."training_facility_id",c1_0."under18_id",c1_0."youth_academy_id" from "club" c1_0 where c1_0."under18_id"=?
Hibernate: select p1_0."team_id",p1_0."id",p1_0."birth",cs1_0."id",cs1_0."clubs_played",cs1_0."cup_titles",cs1_0."first_goal",cs1_0."first_professional_match",cs1_0."highest_season_rating",cs1_0."highest_transfer_value",cs1_0."international_caps",cs1_0."international_goals",cs1_0."league_titles",cs1_0."longest_goal_streak",cs1_0."milestone100goals",cs1_0."milestone100matches",cs1_0."most_assists_in_season",cs1_0."most_goals_in_season",cs1_0."total_assists",cs1_0."total_clean_sheets",cs1_0."total_goals",cs1_0."total_matches_played",cs1_0."total_red_cards",cs1_0."total_transfer_value",cs1_0."total_yellow_cards",p1_0."cndtion",cc1_0."id",cc1_0."automatic_extension_conditions",cc1_0."automatic_extension_years",cc1_0."club_id",cc1_0."end_date",cc1_0."has_release_clause",cc1_0."last_negotiation_date",cc1_0."loyalty_bonus",cc1_0."negotiation_attempts",cc1_0."player_id",cc1_0."release_clause",cc1_0."signing_bonus",cc1_0."start_date",cc1_0."status",cc1_0."weekly_salary",p1_0."defending",p1_0."goalkeeping",p1_0."moral",p1_0."name",p1_0."on_sale",p1_0."original_team_id",p1_0."passing",p1_0."playmaking",p1_0."potential",p1_0."preferred_foot",p1_0."role",p1_0."salary",p1_0."scoring",p1_0."set_pieces",p1_0."stamina",p1_0."surname",p1_0."winger" from "player" p1_0 left join "player_career_stats" cs1_0 on p1_0."id"=cs1_0."player_id" left join "contract" cc1_0 on p1_0."id"=cc1_0."player_id" where p1_0."team_id"=?
Hibernate: insert into "formation" ("have_ball","mentality","module_id","substitution_strategy","id") values (?,?,?,?,default)
Hibernate: insert into "event_history" ("away_score","event","home_score","match_id","minute","type","uuid","id") values (?,?,?,?,?,?,?,default)
Hibernate: insert into "event_history" ("away_score","event","home_score","match_id","minute","type","uuid","id") values (?,?,?,?,?,?,?,default)
Hibernate: insert into "event_history" ("away_score","event","home_score","match_id","minute","type","uuid","id") values (?,?,?,?,?,?,?,default)
Hibernate: insert into "event_history" ("away_score","event","home_score","match_id","minute","type","uuid","id") values (?,?,?,?,?,?,?,default)
Hibernate: insert into "event_history" ("away_score","event","home_score","match_id","minute","type","uuid","id") values (?,?,?,?,?,?,?,default)
Hibernate: insert into "event_history" ("away_score","event","home_score","match_id","minute","type","uuid","id") values (?,?,?,?,?,?,?,default)
Hibernate: insert into "event_history" ("away_score","event","home_score","match_id","minute","type","uuid","id") values (?,?,?,?,?,?,?,default)
Hibernate: insert into "event_history" ("away_score","event","home_score","match_id","minute","type","uuid","id") values (?,?,?,?,?,?,?,default)
Hibernate: insert into "event_history" ("away_score","event","home_score","match_id","minute","type","uuid","id") values (?,?,?,?,?,?,?,default)
Hibernate: insert into "event_history" ("away_score","event","home_score","match_id","minute","type","uuid","id") values (?,?,?,?,?,?,?,default)
Hibernate: insert into "formation" ("have_ball","mentality","module_id","substitution_strategy","id") values (?,?,?,?,default)
Hibernate: insert into "match_player_stats" ("assists","completed_passes","goals","goals_conceded","match_id","minutes_played","mvp","passes","penalties_saved","player_id","position","rating","red_cards","saves","shots","shots_on_target","started","tackles","yellow_cards","id") values (?,?,?,?,?,?,?,?,?,?,?,?,?,?,?,?,?,?,?,default)
Hibernate: insert into "match_player_stats" ("assists","completed_passes","goals","goals_conceded","match_id","minutes_played","mvp","passes","penalties_saved","player_id","position","rating","red_cards","saves","shots","shots_on_target","started","tackles","yellow_cards","id") values (?,?,?,?,?,?,?,?,?,?,?,?,?,?,?,?,?,?,?,default)
Hibernate: insert into "match_player_stats" ("assists","completed_passes","goals","goals_conceded","match_id","minutes_played","mvp","passes","penalties_saved","player_id","position","rating","red_cards","saves","shots","shots_on_target","started","tackles","yellow_cards","id") values (?,?,?,?,?,?,?,?,?,?,?,?,?,?,?,?,?,?,?,default)
Hibernate: insert into "match_player_stats" ("assists","completed_passes","goals","goals_conceded","match_id","minutes_played","mvp","passes","penalties_saved","player_id","position","rating","red_cards","saves","shots","shots_on_target","started","tackles","yellow_cards","id") values (?,?,?,?,?,?,?,?,?,?,?,?,?,?,?,?,?,?,?,default)
Hibernate: insert into "match_player_stats" ("assists","completed_passes","goals","goals_conceded","match_id","minutes_played","mvp","passes","penalties_saved","player_id","position","rating","red_cards","saves","shots","shots_on_target","started","tackles","yellow_cards","id") values (?,?,?,?,?,?,?,?,?,?,?,?,?,?,?,?,?,?,?,default)
Hibernate: insert into "match_player_stats" ("assists","completed_passes","goals","goals_conceded","match_id","minutes_played","mvp","passes","penalties_saved","player_id","position","rating","red_cards","saves","shots","shots_on_target","started","tackles","yellow_cards","id") values (?,?,?,?,?,?,?,?,?,?,?,?,?,?,?,?,?,?,?,default)
Hibernate: insert into "match_player_stats" ("assists","completed_passes","goals","goals_conceded","match_id","minutes_played","mvp","passes","penalties_saved","player_id","position","rating","red_cards","saves","shots","shots_on_target","started","tackles","yellow_cards","id") values (?,?,?,?,?,?,?,?,?,?,?,?,?,?,?,?,?,?,?,default)
Hibernate: insert into "match_player_stats" ("assists","completed_passes","goals","goals_conceded","match_id","minutes_played","mvp","passes","penalties_saved","player_id","position","rating","red_cards","saves","shots","shots_on_target","started","tackles","yellow_cards","id") values (?,?,?,?,?,?,?,?,?,?,?,?,?,?,?,?,?,?,?,default)
Hibernate: insert into "match_player_stats" ("assists","completed_passes","goals","goals_conceded","match_id","minutes_played","mvp","passes","penalties_saved","player_id","position","rating","red_cards","saves","shots","shots_on_target","started","tackles","yellow_cards","id") values (?,?,?,?,?,?,?,?,?,?,?,?,?,?,?,?,?,?,?,default)
Hibernate: insert into "match_player_stats" ("assists","completed_passes","goals","goals_conceded","match_id","minutes_played","mvp","passes","penalties_saved","player_id","position","rating","red_cards","saves","shots","shots_on_target","started","tackles","yellow_cards","id") values (?,?,?,?,?,?,?,?,?,?,?,?,?,?,?,?,?,?,?,default)
Hibernate: insert into "match_player_stats" ("assists","completed_passes","goals","goals_conceded","match_id","minutes_played","mvp","passes","penalties_saved","player_id","position","rating","red_cards","saves","shots","shots_on_target","started","tackles","yellow_cards","id") values (?,?,?,?,?,?,?,?,?,?,?,?,?,?,?,?,?,?,?,default)
Hibernate: insert into "match_player_stats" ("assists","completed_passes","goals","goals_conceded","match_id","minutes_played","mvp","passes","penalties_saved","player_id","position","rating","red_cards","saves","shots","shots_on_target","started","tackles","yellow_cards","id") values (?,?,?,?,?,?,?,?,?,?,?,?,?,?,?,?,?,?,?,default)
Hibernate: insert into "match_player_stats" ("assists","completed_passes","goals","goals_conceded","match_id","minutes_played","mvp","passes","penalties_saved","player_id","position","rating","red_cards","saves","shots","shots_on_target","started","tackles","yellow_cards","id") values (?,?,?,?,?,?,?,?,?,?,?,?,?,?,?,?,?,?,?,default)
Hibernate: insert into "match_player_stats" ("assists","completed_passes","goals","goals_conceded","match_id","minutes_played","mvp","passes","penalties_saved","player_id","position","rating","red_cards","saves","shots","shots_on_target","started","tackles","yellow_cards","id") values (?,?,?,?,?,?,?,?,?,?,?,?,?,?,?,?,?,?,?,default)
Hibernate: insert into "match_player_stats" ("assists","completed_passes","goals","goals_conceded","match_id","minutes_played","mvp","passes","penalties_saved","player_id","position","rating","red_cards","saves","shots","shots_on_target","started","tackles","yellow_cards","id") values (?,?,?,?,?,?,?,?,?,?,?,?,?,?,?,?,?,?,?,default)
Hibernate: insert into "match_player_stats" ("assists","completed_passes","goals","goals_conceded","match_id","minutes_played","mvp","passes","penalties_saved","player_id","position","rating","red_cards","saves","shots","shots_on_target","started","tackles","yellow_cards","id") values (?,?,?,?,?,?,?,?,?,?,?,?,?,?,?,?,?,?,?,default)
Hibernate: insert into "match_player_stats" ("assists","completed_passes","goals","goals_conceded","match_id","minutes_played","mvp","passes","penalties_saved","player_id","position","rating","red_cards","saves","shots","shots_on_target","started","tackles","yellow_cards","id") values (?,?,?,?,?,?,?,?,?,?,?,?,?,?,?,?,?,?,?,default)
Hibernate: insert into "match_player_stats" ("assists","completed_passes","goals","goals_conceded","match_id","minutes_played","mvp","passes","penalties_saved","player_id","position","rating","red_cards","saves","shots","shots_on_target","started","tackles","yellow_cards","id") values (?,?,?,?,?,?,?,?,?,?,?,?,?,?,?,?,?,?,?,default)
Hibernate: insert into "match_player_stats" ("assists","completed_passes","goals","goals_conceded","match_id","minutes_played","mvp","passes","penalties_saved","player_id","position","rating","red_cards","saves","shots","shots_on_target","started","tackles","yellow_cards","id") values (?,?,?,?,?,?,?,?,?,?,?,?,?,?,?,?,?,?,?,default)
Hibernate: insert into "match_player_stats" ("assists","completed_passes","goals","goals_conceded","match_id","minutes_played","mvp","passes","penalties_saved","player_id","position","rating","red_cards","saves","shots","shots_on_target","started","tackles","yellow_cards","id") values (?,?,?,?,?,?,?,?,?,?,?,?,?,?,?,?,?,?,?,default)
Hibernate: insert into "match_player_stats" ("assists","completed_passes","goals","goals_conceded","match_id","minutes_played","mvp","passes","penalties_saved","player_id","position","rating","red_cards","saves","shots","shots_on_target","started","tackles","yellow_cards","id") values (?,?,?,?,?,?,?,?,?,?,?,?,?,?,?,?,?,?,?,default)
Hibernate: insert into "match_player_stats" ("assists","completed_passes","goals","goals_conceded","match_id","minutes_played","mvp","passes","penalties_saved","player_id","position","rating","red_cards","saves","shots","shots_on_target","started","tackles","yellow_cards","id") values (?,?,?,?,?,?,?,?,?,?,?,?,?,?,?,?,?,?,?,default)
Hibernate: insert into "stats" ("away_completed_passes","away_fouls","away_interceptions","away_on_target","away_passes","away_possession","away_shots","away_tackles","away_yellow_cards","home_completed_passes","home_fouls","home_interceptions","home_on_target","home_passes","home_possession","home_shots","home_tackles","home_yellow_cards","id") values (?,?,?,?,?,?,?,?,?,?,?,?,?,?,?,?,?,?,default)
Hibernate: select m1_0."id",m1_0."cd",m1_0."fw",m1_0."mf",m1_0."name",m1_0."wb",m1_0."wng" from "module" m1_0
Hibernate: select f1_0."id",f1_0."have_ball",f1_0."mentality",f1_0."module_id",f1_0."substitution_strategy" from "formation" f1_0 where f1_0."id"=?
Hibernate: select c1_0."id",c1_0."city",c1_0."finance_id",c1_0."foundation",c1_0."league_id",c1_0."logourl",c1_0."medical_center_id",c1_0."name",c1_0."stadium_id",c1_0."team_id",c1_0."training_facility_id",c1_0."under18_id",c1_0."youth_academy_id" from "club" c1_0 where c1_0."id"=?
Hibernate: select u1_0."id",u1_0."account_locked_until",u1_0."activation_token",u1_0."active",u1_0."admin_role",u1_0."ban_reason",u1_0."banned_by",u1_0."banned_until",u1_0."club_id",u1_0."country_id",u1_0."country",u1_0."created_by",u1_0."created_date",u1_0."date_of_birth",u1_0."email",u1_0."email_verification_token",u1_0."email_verification_token_expiry",u1_0."experience",u1_0."failed_login_attempts",u1_0."first_name",u1_0."is_active",u1_0."is_banned",u1_0."is_verified",u1_0."last_login_date",u1_0."last_login_ip",u1_0."last_modified_by",u1_0."last_modified_date",u1_0."last_name",mp1_0."id",mp1_0."current_xp",mp1_0."level",mp1_0."talent_points",up1_0."manager_profile_id",up1_0."perk",u1_0."name",u1_0."password",u1_0."password_changed_date",u1_0."password_reset_token",u1_0."password_reset_token_expiry",u1_0."phone_number",u1_0."preferred_language",u1_0."server_id",u1_0."surname",u1_0."timezone",u1_0."username" from "user" u1_0 left join "manager_profile" mp1_0 on u1_0."id"=mp1_0."user_id" left join "manager_unlocked_perks" up1_0 on mp1_0."id"=up1_0."manager_profile_id" where u1_0."club_id"=?
Hibernate: select t1_0."id",ctp1_0."id",ctp1_0."friday_focus",ctp1_0."intensity",ctp1_0."last_updated",ctp1_0."monday_focus",ctp1_0."rest_on_weekends",ctp1_0."saturday_focus",ctp1_0."sunday_focus",ctp1_0."thursday_focus",ctp1_0."tuesday_focus",ctp1_0."wednesday_focus",t1_0."formation_id" from "team" t1_0 left join "training_plan" ctp1_0 on t1_0."id"=ctp1_0."team_id" where t1_0."id"=?
Hibernate: select c1_0."id",c1_0."city",c1_0."finance_id",c1_0."foundation",c1_0."league_id",c1_0."logourl",c1_0."medical_center_id",c1_0."name",c1_0."stadium_id",c1_0."team_id",c1_0."training_facility_id",c1_0."under18_id",c1_0."youth_academy_id" from "club" c1_0 where c1_0."under18_id"=?
Hibernate: select p1_0."team_id",p1_0."id",p1_0."birth",cs1_0."id",cs1_0."clubs_played",cs1_0."cup_titles",cs1_0."first_goal",cs1_0."first_professional_match",cs1_0."highest_season_rating",cs1_0."highest_transfer_value",cs1_0."international_caps",cs1_0."international_goals",cs1_0."league_titles",cs1_0."longest_goal_streak",cs1_0."milestone100goals",cs1_0."milestone100matches",cs1_0."most_assists_in_season",cs1_0."most_goals_in_season",cs1_0."total_assists",cs1_0."total_clean_sheets",cs1_0."total_goals",cs1_0."total_matches_played",cs1_0."total_red_cards",cs1_0."total_transfer_value",cs1_0."total_yellow_cards",p1_0."cndtion",cc1_0."id",cc1_0."automatic_extension_conditions",cc1_0."automatic_extension_years",cc1_0."club_id",cc1_0."end_date",cc1_0."has_release_clause",cc1_0."last_negotiation_date",cc1_0."loyalty_bonus",cc1_0."negotiation_attempts",cc1_0."player_id",cc1_0."release_clause",cc1_0."signing_bonus",cc1_0."start_date",cc1_0."status",cc1_0."weekly_salary",p1_0."defending",p1_0."goalkeeping",p1_0."moral",p1_0."name",p1_0."on_sale",p1_0."original_team_id",p1_0."passing",p1_0."playmaking",p1_0."potential",p1_0."preferred_foot",p1_0."role",p1_0."salary",p1_0."scoring",p1_0."set_pieces",p1_0."stamina",p1_0."surname",p1_0."winger" from "player" p1_0 left join "player_career_stats" cs1_0 on p1_0."id"=cs1_0."player_id" left join "contract" cc1_0 on p1_0."id"=cc1_0."player_id" where p1_0."team_id"=?
Hibernate: select m1_0."id",m1_0."cd",m1_0."fw",m1_0."mf",m1_0."name",m1_0."wb",m1_0."wng" from "module" m1_0
Hibernate: select f1_0."id",f1_0."have_ball",f1_0."mentality",f1_0."module_id",f1_0."substitution_strategy" from "formation" f1_0 where f1_0."id"=?
Hibernate: select s1_0."formation_id",s1_1."id",s1_1."birth",cs1_0."id",cs1_0."clubs_played",cs1_0."cup_titles",cs1_0."first_goal",cs1_0."first_professional_match",cs1_0."highest_season_rating",cs1_0."highest_transfer_value",cs1_0."international_caps",cs1_0."international_goals",cs1_0."league_titles",cs1_0."longest_goal_streak",cs1_0."milestone100goals",cs1_0."milestone100matches",cs1_0."most_assists_in_season",cs1_0."most_goals_in_season",cs1_0."total_assists",cs1_0."total_clean_sheets",cs1_0."total_goals",cs1_0."total_matches_played",cs1_0."total_red_cards",cs1_0."total_transfer_value",cs1_0."total_yellow_cards",s1_1."cndtion",cc1_0."id",cc1_0."automatic_extension_conditions",cc1_0."automatic_extension_years",cc1_0."club_id",cc1_0."end_date",cc1_0."has_release_clause",cc1_0."last_negotiation_date",cc1_0."loyalty_bonus",cc1_0."negotiation_attempts",cc1_0."player_id",cc1_0."release_clause",cc1_0."signing_bonus",cc1_0."start_date",cc1_0."status",cc1_0."weekly_salary",s1_1."defending",s1_1."goalkeeping",s1_1."moral",s1_1."name",s1_1."on_sale",s1_1."original_team_id",s1_1."passing",s1_1."playmaking",s1_1."potential",s1_1."preferred_foot",s1_1."role",s1_1."salary",s1_1."scoring",s1_1."set_pieces",s1_1."stamina",s1_1."surname",s1_1."team_id",s1_1."winger" from "formation_substitutes" s1_0 join "player" s1_1 on s1_1."id"=s1_0."player_id" left join "player_career_stats" cs1_0 on s1_1."id"=cs1_0."player_id" left join "contract" cc1_0 on s1_1."id"=cc1_0."player_id" where s1_0."formation_id"=?
Hibernate: select s1_0."formation_id",s1_1."id",s1_1."birth",cs1_0."id",cs1_0."clubs_played",cs1_0."cup_titles",cs1_0."first_goal",cs1_0."first_professional_match",cs1_0."highest_season_rating",cs1_0."highest_transfer_value",cs1_0."international_caps",cs1_0."international_goals",cs1_0."league_titles",cs1_0."longest_goal_streak",cs1_0."milestone100goals",cs1_0."milestone100matches",cs1_0."most_assists_in_season",cs1_0."most_goals_in_season",cs1_0."total_assists",cs1_0."total_clean_sheets",cs1_0."total_goals",cs1_0."total_matches_played",cs1_0."total_red_cards",cs1_0."total_transfer_value",cs1_0."total_yellow_cards",s1_1."cndtion",cc1_0."id",cc1_0."automatic_extension_conditions",cc1_0."automatic_extension_years",cc1_0."club_id",cc1_0."end_date",cc1_0."has_release_clause",cc1_0."last_negotiation_date",cc1_0."loyalty_bonus",cc1_0."negotiation_attempts",cc1_0."player_id",cc1_0."release_clause",cc1_0."signing_bonus",cc1_0."start_date",cc1_0."status",cc1_0."weekly_salary",s1_1."defending",s1_1."goalkeeping",s1_1."moral",s1_1."name",s1_1."on_sale",s1_1."original_team_id",s1_1."passing",s1_1."playmaking",s1_1."potential",s1_1."preferred_foot",s1_1."role",s1_1."salary",s1_1."scoring",s1_1."set_pieces",s1_1."stamina",s1_1."surname",s1_1."team_id",s1_1."winger" from "formation_substitutes" s1_0 join "player" s1_1 on s1_1."id"=s1_0."player_id" left join "player_career_stats" cs1_0 on s1_1."id"=cs1_0."player_id" left join "contract" cc1_0 on s1_1."id"=cc1_0."player_id" where s1_0."formation_id"=?
Hibernate: select s1_0."club_id",s1_0."id",s1_0."ability",s1_0."birth",s1_0."contract_end",s1_0."contract_start",s1_0."description",s1_0."experience",s1_0."injury_prevention_bonus",s1_0."monthly_salary",s1_0."motivation_bonus",s1_0."name",s1_0."nationality_id",s1_0."recovery_bonus",s1_0."reputation",s1_0."role",s1_0."scouting_bonus",s1_0."specialization",s1_0."status",s1_0."surname",s1_0."training_bonus" from "staff" s1_0 where s1_0."club_id"=?
Hibernate: select s1_0."club_id",s1_0."id",s1_0."ability",s1_0."birth",s1_0."contract_end",s1_0."contract_start",s1_0."description",s1_0."experience",s1_0."injury_prevention_bonus",s1_0."monthly_salary",s1_0."motivation_bonus",s1_0."name",s1_0."nationality_id",s1_0."recovery_bonus",s1_0."reputation",s1_0."role",s1_0."scouting_bonus",s1_0."specialization",s1_0."status",s1_0."surname",s1_0."training_bonus" from "staff" s1_0 where s1_0."club_id"=?
Hibernate: select i1_0."player_id",i1_0."id",i1_0."actual_recovery_date",i1_0."description",i1_0."expected_recovery_date",i1_0."injury_date",i1_0."performance_impact",i1_0."severity",i1_0."status",i1_0."type" from "injury" i1_0 where i1_0."player_id"=?
Hibernate: select i1_0."player_id",i1_0."id",i1_0."actual_recovery_date",i1_0."description",i1_0."expected_recovery_date",i1_0."injury_date",i1_0."performance_impact",i1_0."severity",i1_0."status",i1_0."type" from "injury" i1_0 where i1_0."player_id"=?
Hibernate: select i1_0."player_id",i1_0."id",i1_0."actual_recovery_date",i1_0."description",i1_0."expected_recovery_date",i1_0."injury_date",i1_0."performance_impact",i1_0."severity",i1_0."status",i1_0."type" from "injury" i1_0 where i1_0."player_id"=?
Hibernate: select i1_0."player_id",i1_0."id",i1_0."actual_recovery_date",i1_0."description",i1_0."expected_recovery_date",i1_0."injury_date",i1_0."performance_impact",i1_0."severity",i1_0."status",i1_0."type" from "injury" i1_0 where i1_0."player_id"=?
Hibernate: select i1_0."player_id",i1_0."id",i1_0."actual_recovery_date",i1_0."description",i1_0."expected_recovery_date",i1_0."injury_date",i1_0."performance_impact",i1_0."severity",i1_0."status",i1_0."type" from "injury" i1_0 where i1_0."player_id"=?
Hibernate: select i1_0."player_id",i1_0."id",i1_0."actual_recovery_date",i1_0."description",i1_0."expected_recovery_date",i1_0."injury_date",i1_0."performance_impact",i1_0."severity",i1_0."status",i1_0."type" from "injury" i1_0 where i1_0."player_id"=?
Hibernate: select i1_0."player_id",i1_0."id",i1_0."actual_recovery_date",i1_0."description",i1_0."expected_recovery_date",i1_0."injury_date",i1_0."performance_impact",i1_0."severity",i1_0."status",i1_0."type" from "injury" i1_0 where i1_0."player_id"=?
Hibernate: select i1_0."player_id",i1_0."id",i1_0."actual_recovery_date",i1_0."description",i1_0."expected_recovery_date",i1_0."injury_date",i1_0."performance_impact",i1_0."severity",i1_0."status",i1_0."type" from "injury" i1_0 where i1_0."player_id"=?
Hibernate: select i1_0."player_id",i1_0."id",i1_0."actual_recovery_date",i1_0."description",i1_0."expected_recovery_date",i1_0."injury_date",i1_0."performance_impact",i1_0."severity",i1_0."status",i1_0."type" from "injury" i1_0 where i1_0."player_id"=?
Hibernate: select i1_0."player_id",i1_0."id",i1_0."actual_recovery_date",i1_0."description",i1_0."expected_recovery_date",i1_0."injury_date",i1_0."performance_impact",i1_0."severity",i1_0."status",i1_0."type" from "injury" i1_0 where i1_0."player_id"=?
Hibernate: select i1_0."player_id",i1_0."id",i1_0."actual_recovery_date",i1_0."description",i1_0."expected_recovery_date",i1_0."injury_date",i1_0."performance_impact",i1_0."severity",i1_0."status",i1_0."type" from "injury" i1_0 where i1_0."player_id"=?
Hibernate: select i1_0."player_id",i1_0."id",i1_0."actual_recovery_date",i1_0."description",i1_0."expected_recovery_date",i1_0."injury_date",i1_0."performance_impact",i1_0."severity",i1_0."status",i1_0."type" from "injury" i1_0 where i1_0."player_id"=?
Hibernate: select i1_0."player_id",i1_0."id",i1_0."actual_recovery_date",i1_0."description",i1_0."expected_recovery_date",i1_0."injury_date",i1_0."performance_impact",i1_0."severity",i1_0."status",i1_0."type" from "injury" i1_0 where i1_0."player_id"=?
Hibernate: select i1_0."player_id",i1_0."id",i1_0."actual_recovery_date",i1_0."description",i1_0."expected_recovery_date",i1_0."injury_date",i1_0."performance_impact",i1_0."severity",i1_0."status",i1_0."type" from "injury" i1_0 where i1_0."player_id"=?
Hibernate: select i1_0."player_id",i1_0."id",i1_0."actual_recovery_date",i1_0."description",i1_0."expected_recovery_date",i1_0."injury_date",i1_0."performance_impact",i1_0."severity",i1_0."status",i1_0."type" from "injury" i1_0 where i1_0."player_id"=?
Hibernate: select i1_0."player_id",i1_0."id",i1_0."actual_recovery_date",i1_0."description",i1_0."expected_recovery_date",i1_0."injury_date",i1_0."performance_impact",i1_0."severity",i1_0."status",i1_0."type" from "injury" i1_0 where i1_0."player_id"=?
Hibernate: select i1_0."player_id",i1_0."id",i1_0."actual_recovery_date",i1_0."description",i1_0."expected_recovery_date",i1_0."injury_date",i1_0."performance_impact",i1_0."severity",i1_0."status",i1_0."type" from "injury" i1_0 where i1_0."player_id"=?
Hibernate: select i1_0."player_id",i1_0."id",i1_0."actual_recovery_date",i1_0."description",i1_0."expected_recovery_date",i1_0."injury_date",i1_0."performance_impact",i1_0."severity",i1_0."status",i1_0."type" from "injury" i1_0 where i1_0."player_id"=?
Hibernate: select i1_0."player_id",i1_0."id",i1_0."actual_recovery_date",i1_0."description",i1_0."expected_recovery_date",i1_0."injury_date",i1_0."performance_impact",i1_0."severity",i1_0."status",i1_0."type" from "injury" i1_0 where i1_0."player_id"=?
Hibernate: select i1_0."player_id",i1_0."id",i1_0."actual_recovery_date",i1_0."description",i1_0."expected_recovery_date",i1_0."injury_date",i1_0."performance_impact",i1_0."severity",i1_0."status",i1_0."type" from "injury" i1_0 where i1_0."player_id"=?
Hibernate: select i1_0."player_id",i1_0."id",i1_0."actual_recovery_date",i1_0."description",i1_0."expected_recovery_date",i1_0."injury_date",i1_0."performance_impact",i1_0."severity",i1_0."status",i1_0."type" from "injury" i1_0 where i1_0."player_id"=?
Hibernate: select i1_0."player_id",i1_0."id",i1_0."actual_recovery_date",i1_0."description",i1_0."expected_recovery_date",i1_0."injury_date",i1_0."performance_impact",i1_0."severity",i1_0."status",i1_0."type" from "injury" i1_0 where i1_0."player_id"=?
Hibernate: select c1_0."id",c1_0."city",c1_0."finance_id",c1_0."foundation",c1_0."league_id",c1_0."logourl",c1_0."medical_center_id",c1_0."name",c1_0."stadium_id",c1_0."team_id",c1_0."training_facility_id",c1_0."under18_id",c1_0."youth_academy_id" from "club" c1_0 where c1_0."id"=?
Hibernate: select u1_0."id",u1_0."account_locked_until",u1_0."activation_token",u1_0."active",u1_0."admin_role",u1_0."ban_reason",u1_0."banned_by",u1_0."banned_until",u1_0."club_id",u1_0."country_id",u1_0."country",u1_0."created_by",u1_0."created_date",u1_0."date_of_birth",u1_0."email",u1_0."email_verification_token",u1_0."email_verification_token_expiry",u1_0."experience",u1_0."failed_login_attempts",u1_0."first_name",u1_0."is_active",u1_0."is_banned",u1_0."is_verified",u1_0."last_login_date",u1_0."last_login_ip",u1_0."last_modified_by",u1_0."last_modified_date",u1_0."last_name",mp1_0."id",mp1_0."current_xp",mp1_0."level",mp1_0."talent_points",up1_0."manager_profile_id",up1_0."perk",u1_0."name",u1_0."password",u1_0."password_changed_date",u1_0."password_reset_token",u1_0."password_reset_token_expiry",u1_0."phone_number",u1_0."preferred_language",u1_0."server_id",u1_0."surname",u1_0."timezone",u1_0."username" from "user" u1_0 left join "manager_profile" mp1_0 on u1_0."id"=mp1_0."user_id" left join "manager_unlocked_perks" up1_0 on mp1_0."id"=up1_0."manager_profile_id" where u1_0."club_id"=?
Hibernate: select s1_0."id",s1_0."accessibility_level",s1_0."atmosphere_multiplier",s1_0."base_capacity",s1_0."capacity",c1_0."id",c1_0."city",c1_0."finance_id",c1_0."foundation",c1_0."league_id",c1_0."logourl",c1_0."medical_center_id",c1_0."name",c1_0."team_id",c1_0."training_facility_id",c1_0."under18_id",c1_0."youth_academy_id",s1_0."construction_cost",s1_0."facilities_quality",s1_0."grandstand_est",s1_0."grandstand_nord",s1_0."grandstand_sud",s1_0."grandstand_west",s1_0."has_media_center",s1_0."has_megastore",s1_0."has_museum",s1_0."has_roof",s1_0."has_undersoil_heating",s1_0."has_vip_boxes",s1_0."last_upgrade_date",s1_0."maintenance_cost",s1_0."name",s1_0."next_maintenance_date",s1_0."pitch_quality",s1_0."revenue_multiplier",s1_0."security_level",s1_0."upgrade_value" from "stadium" s1_0 left join "club" c1_0 on s1_0."id"=c1_0."stadium_id" where s1_0."id"=?
Hibernate: select t1_0."id",ctp1_0."id",ctp1_0."friday_focus",ctp1_0."intensity",ctp1_0."last_updated",ctp1_0."monday_focus",ctp1_0."rest_on_weekends",ctp1_0."saturday_focus",ctp1_0."sunday_focus",ctp1_0."thursday_focus",ctp1_0."tuesday_focus",ctp1_0."wednesday_focus",t1_0."formation_id" from "team" t1_0 left join "training_plan" ctp1_0 on t1_0."id"=ctp1_0."team_id" where t1_0."id"=?
Hibernate: select c1_0."id",c1_0."city",c1_0."finance_id",c1_0."foundation",c1_0."league_id",c1_0."logourl",c1_0."medical_center_id",c1_0."name",c1_0."stadium_id",c1_0."team_id",c1_0."training_facility_id",c1_0."under18_id",c1_0."youth_academy_id" from "club" c1_0 where c1_0."under18_id"=?
Hibernate: select p1_0."team_id",p1_0."id",p1_0."birth",cs1_0."id",cs1_0."clubs_played",cs1_0."cup_titles",cs1_0."first_goal",cs1_0."first_professional_match",cs1_0."highest_season_rating",cs1_0."highest_transfer_value",cs1_0."international_caps",cs1_0."international_goals",cs1_0."league_titles",cs1_0."longest_goal_streak",cs1_0."milestone100goals",cs1_0."milestone100matches",cs1_0."most_assists_in_season",cs1_0."most_goals_in_season",cs1_0."total_assists",cs1_0."total_clean_sheets",cs1_0."total_goals",cs1_0."total_matches_played",cs1_0."total_red_cards",cs1_0."total_transfer_value",cs1_0."total_yellow_cards",p1_0."cndtion",cc1_0."id",cc1_0."automatic_extension_conditions",cc1_0."automatic_extension_years",cc1_0."club_id",cc1_0."end_date",cc1_0."has_release_clause",cc1_0."last_negotiation_date",cc1_0."loyalty_bonus",cc1_0."negotiation_attempts",cc1_0."player_id",cc1_0."release_clause",cc1_0."signing_bonus",cc1_0."start_date",cc1_0."status",cc1_0."weekly_salary",p1_0."defending",p1_0."goalkeeping",p1_0."moral",p1_0."name",p1_0."on_sale",p1_0."original_team_id",p1_0."passing",p1_0."playmaking",p1_0."potential",p1_0."preferred_foot",p1_0."role",p1_0."salary",p1_0."scoring",p1_0."set_pieces",p1_0."stamina",p1_0."surname",p1_0."winger" from "player" p1_0 left join "player_career_stats" cs1_0 on p1_0."id"=cs1_0."player_id" left join "contract" cc1_0 on p1_0."id"=cc1_0."player_id" where p1_0."team_id"=?
Hibernate: insert into "formation" ("have_ball","mentality","module_id","substitution_strategy","id") values (?,?,?,?,default)
Hibernate: insert into "event_history" ("away_score","event","home_score","match_id","minute","type","uuid","id") values (?,?,?,?,?,?,?,default)
Hibernate: insert into "event_history" ("away_score","event","home_score","match_id","minute","type","uuid","id") values (?,?,?,?,?,?,?,default)
Hibernate: insert into "event_history" ("away_score","event","home_score","match_id","minute","type","uuid","id") values (?,?,?,?,?,?,?,default)
Hibernate: insert into "event_history" ("away_score","event","home_score","match_id","minute","type","uuid","id") values (?,?,?,?,?,?,?,default)
Hibernate: insert into "event_history" ("away_score","event","home_score","match_id","minute","type","uuid","id") values (?,?,?,?,?,?,?,default)
Hibernate: insert into "event_history" ("away_score","event","home_score","match_id","minute","type","uuid","id") values (?,?,?,?,?,?,?,default)
Hibernate: insert into "event_history" ("away_score","event","home_score","match_id","minute","type","uuid","id") values (?,?,?,?,?,?,?,default)
Hibernate: insert into "event_history" ("away_score","event","home_score","match_id","minute","type","uuid","id") values (?,?,?,?,?,?,?,default)
Hibernate: insert into "event_history" ("away_score","event","home_score","match_id","minute","type","uuid","id") values (?,?,?,?,?,?,?,default)
Hibernate: insert into "event_history" ("away_score","event","home_score","match_id","minute","type","uuid","id") values (?,?,?,?,?,?,?,default)
Hibernate: insert into "event_history" ("away_score","event","home_score","match_id","minute","type","uuid","id") values (?,?,?,?,?,?,?,default)
Hibernate: insert into "event_history" ("away_score","event","home_score","match_id","minute","type","uuid","id") values (?,?,?,?,?,?,?,default)
Hibernate: insert into "event_history" ("away_score","event","home_score","match_id","minute","type","uuid","id") values (?,?,?,?,?,?,?,default)
Hibernate: insert into "event_history" ("away_score","event","home_score","match_id","minute","type","uuid","id") values (?,?,?,?,?,?,?,default)
Hibernate: insert into "formation" ("have_ball","mentality","module_id","substitution_strategy","id") values (?,?,?,?,default)
Hibernate: insert into "match_player_stats" ("assists","completed_passes","goals","goals_conceded","match_id","minutes_played","mvp","passes","penalties_saved","player_id","position","rating","red_cards","saves","shots","shots_on_target","started","tackles","yellow_cards","id") values (?,?,?,?,?,?,?,?,?,?,?,?,?,?,?,?,?,?,?,default)
Hibernate: insert into "match_player_stats" ("assists","completed_passes","goals","goals_conceded","match_id","minutes_played","mvp","passes","penalties_saved","player_id","position","rating","red_cards","saves","shots","shots_on_target","started","tackles","yellow_cards","id") values (?,?,?,?,?,?,?,?,?,?,?,?,?,?,?,?,?,?,?,default)
Hibernate: insert into "match_player_stats" ("assists","completed_passes","goals","goals_conceded","match_id","minutes_played","mvp","passes","penalties_saved","player_id","position","rating","red_cards","saves","shots","shots_on_target","started","tackles","yellow_cards","id") values (?,?,?,?,?,?,?,?,?,?,?,?,?,?,?,?,?,?,?,default)
Hibernate: insert into "match_player_stats" ("assists","completed_passes","goals","goals_conceded","match_id","minutes_played","mvp","passes","penalties_saved","player_id","position","rating","red_cards","saves","shots","shots_on_target","started","tackles","yellow_cards","id") values (?,?,?,?,?,?,?,?,?,?,?,?,?,?,?,?,?,?,?,default)
Hibernate: insert into "match_player_stats" ("assists","completed_passes","goals","goals_conceded","match_id","minutes_played","mvp","passes","penalties_saved","player_id","position","rating","red_cards","saves","shots","shots_on_target","started","tackles","yellow_cards","id") values (?,?,?,?,?,?,?,?,?,?,?,?,?,?,?,?,?,?,?,default)
Hibernate: insert into "match_player_stats" ("assists","completed_passes","goals","goals_conceded","match_id","minutes_played","mvp","passes","penalties_saved","player_id","position","rating","red_cards","saves","shots","shots_on_target","started","tackles","yellow_cards","id") values (?,?,?,?,?,?,?,?,?,?,?,?,?,?,?,?,?,?,?,default)
Hibernate: insert into "match_player_stats" ("assists","completed_passes","goals","goals_conceded","match_id","minutes_played","mvp","passes","penalties_saved","player_id","position","rating","red_cards","saves","shots","shots_on_target","started","tackles","yellow_cards","id") values (?,?,?,?,?,?,?,?,?,?,?,?,?,?,?,?,?,?,?,default)
Hibernate: insert into "match_player_stats" ("assists","completed_passes","goals","goals_conceded","match_id","minutes_played","mvp","passes","penalties_saved","player_id","position","rating","red_cards","saves","shots","shots_on_target","started","tackles","yellow_cards","id") values (?,?,?,?,?,?,?,?,?,?,?,?,?,?,?,?,?,?,?,default)
Hibernate: insert into "match_player_stats" ("assists","completed_passes","goals","goals_conceded","match_id","minutes_played","mvp","passes","penalties_saved","player_id","position","rating","red_cards","saves","shots","shots_on_target","started","tackles","yellow_cards","id") values (?,?,?,?,?,?,?,?,?,?,?,?,?,?,?,?,?,?,?,default)
Hibernate: insert into "match_player_stats" ("assists","completed_passes","goals","goals_conceded","match_id","minutes_played","mvp","passes","penalties_saved","player_id","position","rating","red_cards","saves","shots","shots_on_target","started","tackles","yellow_cards","id") values (?,?,?,?,?,?,?,?,?,?,?,?,?,?,?,?,?,?,?,default)
Hibernate: insert into "match_player_stats" ("assists","completed_passes","goals","goals_conceded","match_id","minutes_played","mvp","passes","penalties_saved","player_id","position","rating","red_cards","saves","shots","shots_on_target","started","tackles","yellow_cards","id") values (?,?,?,?,?,?,?,?,?,?,?,?,?,?,?,?,?,?,?,default)
Hibernate: insert into "match_player_stats" ("assists","completed_passes","goals","goals_conceded","match_id","minutes_played","mvp","passes","penalties_saved","player_id","position","rating","red_cards","saves","shots","shots_on_target","started","tackles","yellow_cards","id") values (?,?,?,?,?,?,?,?,?,?,?,?,?,?,?,?,?,?,?,default)
Hibernate: insert into "match_player_stats" ("assists","completed_passes","goals","goals_conceded","match_id","minutes_played","mvp","passes","penalties_saved","player_id","position","rating","red_cards","saves","shots","shots_on_target","started","tackles","yellow_cards","id") values (?,?,?,?,?,?,?,?,?,?,?,?,?,?,?,?,?,?,?,default)
Hibernate: insert into "match_player_stats" ("assists","completed_passes","goals","goals_conceded","match_id","minutes_played","mvp","passes","penalties_saved","player_id","position","rating","red_cards","saves","shots","shots_on_target","started","tackles","yellow_cards","id") values (?,?,?,?,?,?,?,?,?,?,?,?,?,?,?,?,?,?,?,default)
Hibernate: insert into "match_player_stats" ("assists","completed_passes","goals","goals_conceded","match_id","minutes_played","mvp","passes","penalties_saved","player_id","position","rating","red_cards","saves","shots","shots_on_target","started","tackles","yellow_cards","id") values (?,?,?,?,?,?,?,?,?,?,?,?,?,?,?,?,?,?,?,default)
Hibernate: insert into "match_player_stats" ("assists","completed_passes","goals","goals_conceded","match_id","minutes_played","mvp","passes","penalties_saved","player_id","position","rating","red_cards","saves","shots","shots_on_target","started","tackles","yellow_cards","id") values (?,?,?,?,?,?,?,?,?,?,?,?,?,?,?,?,?,?,?,default)
Hibernate: insert into "match_player_stats" ("assists","completed_passes","goals","goals_conceded","match_id","minutes_played","mvp","passes","penalties_saved","player_id","position","rating","red_cards","saves","shots","shots_on_target","started","tackles","yellow_cards","id") values (?,?,?,?,?,?,?,?,?,?,?,?,?,?,?,?,?,?,?,default)
Hibernate: insert into "match_player_stats" ("assists","completed_passes","goals","goals_conceded","match_id","minutes_played","mvp","passes","penalties_saved","player_id","position","rating","red_cards","saves","shots","shots_on_target","started","tackles","yellow_cards","id") values (?,?,?,?,?,?,?,?,?,?,?,?,?,?,?,?,?,?,?,default)
Hibernate: insert into "match_player_stats" ("assists","completed_passes","goals","goals_conceded","match_id","minutes_played","mvp","passes","penalties_saved","player_id","position","rating","red_cards","saves","shots","shots_on_target","started","tackles","yellow_cards","id") values (?,?,?,?,?,?,?,?,?,?,?,?,?,?,?,?,?,?,?,default)
Hibernate: insert into "match_player_stats" ("assists","completed_passes","goals","goals_conceded","match_id","minutes_played","mvp","passes","penalties_saved","player_id","position","rating","red_cards","saves","shots","shots_on_target","started","tackles","yellow_cards","id") values (?,?,?,?,?,?,?,?,?,?,?,?,?,?,?,?,?,?,?,default)
Hibernate: insert into "match_player_stats" ("assists","completed_passes","goals","goals_conceded","match_id","minutes_played","mvp","passes","penalties_saved","player_id","position","rating","red_cards","saves","shots","shots_on_target","started","tackles","yellow_cards","id") values (?,?,?,?,?,?,?,?,?,?,?,?,?,?,?,?,?,?,?,default)
Hibernate: insert into "match_player_stats" ("assists","completed_passes","goals","goals_conceded","match_id","minutes_played","mvp","passes","penalties_saved","player_id","position","rating","red_cards","saves","shots","shots_on_target","started","tackles","yellow_cards","id") values (?,?,?,?,?,?,?,?,?,?,?,?,?,?,?,?,?,?,?,default)
Hibernate: insert into "stats" ("away_completed_passes","away_fouls","away_interceptions","away_on_target","away_passes","away_possession","away_shots","away_tackles","away_yellow_cards","home_completed_passes","home_fouls","home_interceptions","home_on_target","home_passes","home_possession","home_shots","home_tackles","home_yellow_cards","id") values (?,?,?,?,?,?,?,?,?,?,?,?,?,?,?,?,?,?,default)
Hibernate: select m1_0."id",m1_0."cd",m1_0."fw",m1_0."mf",m1_0."name",m1_0."wb",m1_0."wng" from "module" m1_0
Hibernate: select f1_0."id",f1_0."have_ball",f1_0."mentality",f1_0."module_id",f1_0."substitution_strategy" from "formation" f1_0 where f1_0."id"=?
Hibernate: select c1_0."id",c1_0."city",c1_0."finance_id",c1_0."foundation",c1_0."league_id",c1_0."logourl",c1_0."medical_center_id",c1_0."name",c1_0."stadium_id",c1_0."team_id",c1_0."training_facility_id",c1_0."under18_id",c1_0."youth_academy_id" from "club" c1_0 where c1_0."id"=?
Hibernate: select u1_0."id",u1_0."account_locked_until",u1_0."activation_token",u1_0."active",u1_0."admin_role",u1_0."ban_reason",u1_0."banned_by",u1_0."banned_until",u1_0."club_id",u1_0."country_id",u1_0."country",u1_0."created_by",u1_0."created_date",u1_0."date_of_birth",u1_0."email",u1_0."email_verification_token",u1_0."email_verification_token_expiry",u1_0."experience",u1_0."failed_login_attempts",u1_0."first_name",u1_0."is_active",u1_0."is_banned",u1_0."is_verified",u1_0."last_login_date",u1_0."last_login_ip",u1_0."last_modified_by",u1_0."last_modified_date",u1_0."last_name",mp1_0."id",mp1_0."current_xp",mp1_0."level",mp1_0."talent_points",up1_0."manager_profile_id",up1_0."perk",u1_0."name",u1_0."password",u1_0."password_changed_date",u1_0."password_reset_token",u1_0."password_reset_token_expiry",u1_0."phone_number",u1_0."preferred_language",u1_0."server_id",u1_0."surname",u1_0."timezone",u1_0."username" from "user" u1_0 left join "manager_profile" mp1_0 on u1_0."id"=mp1_0."user_id" left join "manager_unlocked_perks" up1_0 on mp1_0."id"=up1_0."manager_profile_id" where u1_0."club_id"=?
Hibernate: select t1_0."id",ctp1_0."id",ctp1_0."friday_focus",ctp1_0."intensity",ctp1_0."last_updated",ctp1_0."monday_focus",ctp1_0."rest_on_weekends",ctp1_0."saturday_focus",ctp1_0."sunday_focus",ctp1_0."thursday_focus",ctp1_0."tuesday_focus",ctp1_0."wednesday_focus",t1_0."formation_id" from "team" t1_0 left join "training_plan" ctp1_0 on t1_0."id"=ctp1_0."team_id" where t1_0."id"=?
Hibernate: select c1_0."id",c1_0."city",c1_0."finance_id",c1_0."foundation",c1_0."league_id",c1_0."logourl",c1_0."medical_center_id",c1_0."name",c1_0."stadium_id",c1_0."team_id",c1_0."training_facility_id",c1_0."under18_id",c1_0."youth_academy_id" from "club" c1_0 where c1_0."under18_id"=?
Hibernate: select p1_0."team_id",p1_0."id",p1_0."birth",cs1_0."id",cs1_0."clubs_played",cs1_0."cup_titles",cs1_0."first_goal",cs1_0."first_professional_match",cs1_0."highest_season_rating",cs1_0."highest_transfer_value",cs1_0."international_caps",cs1_0."international_goals",cs1_0."league_titles",cs1_0."longest_goal_streak",cs1_0."milestone100goals",cs1_0."milestone100matches",cs1_0."most_assists_in_season",cs1_0."most_goals_in_season",cs1_0."total_assists",cs1_0."total_clean_sheets",cs1_0."total_goals",cs1_0."total_matches_played",cs1_0."total_red_cards",cs1_0."total_transfer_value",cs1_0."total_yellow_cards",p1_0."cndtion",cc1_0."id",cc1_0."automatic_extension_conditions",cc1_0."automatic_extension_years",cc1_0."club_id",cc1_0."end_date",cc1_0."has_release_clause",cc1_0."last_negotiation_date",cc1_0."loyalty_bonus",cc1_0."negotiation_attempts",cc1_0."player_id",cc1_0."release_clause",cc1_0."signing_bonus",cc1_0."start_date",cc1_0."status",cc1_0."weekly_salary",p1_0."defending",p1_0."goalkeeping",p1_0."moral",p1_0."name",p1_0."on_sale",p1_0."original_team_id",p1_0."passing",p1_0."playmaking",p1_0."potential",p1_0."preferred_foot",p1_0."role",p1_0."salary",p1_0."scoring",p1_0."set_pieces",p1_0."stamina",p1_0."surname",p1_0."winger" from "player" p1_0 left join "player_career_stats" cs1_0 on p1_0."id"=cs1_0."player_id" left join "contract" cc1_0 on p1_0."id"=cc1_0."player_id" where p1_0."team_id"=?
Hibernate: select m1_0."id",m1_0."cd",m1_0."fw",m1_0."mf",m1_0."name",m1_0."wb",m1_0."wng" from "module" m1_0
Hibernate: select f1_0."id",f1_0."have_ball",f1_0."mentality",f1_0."module_id",f1_0."substitution_strategy" from "formation" f1_0 where f1_0."id"=?
Hibernate: select s1_0."formation_id",s1_1."id",s1_1."birth",cs1_0."id",cs1_0."clubs_played",cs1_0."cup_titles",cs1_0."first_goal",cs1_0."first_professional_match",cs1_0."highest_season_rating",cs1_0."highest_transfer_value",cs1_0."international_caps",cs1_0."international_goals",cs1_0."league_titles",cs1_0."longest_goal_streak",cs1_0."milestone100goals",cs1_0."milestone100matches",cs1_0."most_assists_in_season",cs1_0."most_goals_in_season",cs1_0."total_assists",cs1_0."total_clean_sheets",cs1_0."total_goals",cs1_0."total_matches_played",cs1_0."total_red_cards",cs1_0."total_transfer_value",cs1_0."total_yellow_cards",s1_1."cndtion",cc1_0."id",cc1_0."automatic_extension_conditions",cc1_0."automatic_extension_years",cc1_0."club_id",cc1_0."end_date",cc1_0."has_release_clause",cc1_0."last_negotiation_date",cc1_0."loyalty_bonus",cc1_0."negotiation_attempts",cc1_0."player_id",cc1_0."release_clause",cc1_0."signing_bonus",cc1_0."start_date",cc1_0."status",cc1_0."weekly_salary",s1_1."defending",s1_1."goalkeeping",s1_1."moral",s1_1."name",s1_1."on_sale",s1_1."original_team_id",s1_1."passing",s1_1."playmaking",s1_1."potential",s1_1."preferred_foot",s1_1."role",s1_1."salary",s1_1."scoring",s1_1."set_pieces",s1_1."stamina",s1_1."surname",s1_1."team_id",s1_1."winger" from "formation_substitutes" s1_0 join "player" s1_1 on s1_1."id"=s1_0."player_id" left join "player_career_stats" cs1_0 on s1_1."id"=cs1_0."player_id" left join "contract" cc1_0 on s1_1."id"=cc1_0."player_id" where s1_0."formation_id"=?
Hibernate: select s1_0."formation_id",s1_1."id",s1_1."birth",cs1_0."id",cs1_0."clubs_played",cs1_0."cup_titles",cs1_0."first_goal",cs1_0."first_professional_match",cs1_0."highest_season_rating",cs1_0."highest_transfer_value",cs1_0."international_caps",cs1_0."international_goals",cs1_0."league_titles",cs1_0."longest_goal_streak",cs1_0."milestone100goals",cs1_0."milestone100matches",cs1_0."most_assists_in_season",cs1_0."most_goals_in_season",cs1_0."total_assists",cs1_0."total_clean_sheets",cs1_0."total_goals",cs1_0."total_matches_played",cs1_0."total_red_cards",cs1_0."total_transfer_value",cs1_0."total_yellow_cards",s1_1."cndtion",cc1_0."id",cc1_0."automatic_extension_conditions",cc1_0."automatic_extension_years",cc1_0."club_id",cc1_0."end_date",cc1_0."has_release_clause",cc1_0."last_negotiation_date",cc1_0."loyalty_bonus",cc1_0."negotiation_attempts",cc1_0."player_id",cc1_0."release_clause",cc1_0."signing_bonus",cc1_0."start_date",cc1_0."status",cc1_0."weekly_salary",s1_1."defending",s1_1."goalkeeping",s1_1."moral",s1_1."name",s1_1."on_sale",s1_1."original_team_id",s1_1."passing",s1_1."playmaking",s1_1."potential",s1_1."preferred_foot",s1_1."role",s1_1."salary",s1_1."scoring",s1_1."set_pieces",s1_1."stamina",s1_1."surname",s1_1."team_id",s1_1."winger" from "formation_substitutes" s1_0 join "player" s1_1 on s1_1."id"=s1_0."player_id" left join "player_career_stats" cs1_0 on s1_1."id"=cs1_0."player_id" left join "contract" cc1_0 on s1_1."id"=cc1_0."player_id" where s1_0."formation_id"=?
Hibernate: select s1_0."club_id",s1_0."id",s1_0."ability",s1_0."birth",s1_0."contract_end",s1_0."contract_start",s1_0."description",s1_0."experience",s1_0."injury_prevention_bonus",s1_0."monthly_salary",s1_0."motivation_bonus",s1_0."name",s1_0."nationality_id",s1_0."recovery_bonus",s1_0."reputation",s1_0."role",s1_0."scouting_bonus",s1_0."specialization",s1_0."status",s1_0."surname",s1_0."training_bonus" from "staff" s1_0 where s1_0."club_id"=?
Hibernate: select s1_0."club_id",s1_0."id",s1_0."ability",s1_0."birth",s1_0."contract_end",s1_0."contract_start",s1_0."description",s1_0."experience",s1_0."injury_prevention_bonus",s1_0."monthly_salary",s1_0."motivation_bonus",s1_0."name",s1_0."nationality_id",s1_0."recovery_bonus",s1_0."reputation",s1_0."role",s1_0."scouting_bonus",s1_0."specialization",s1_0."status",s1_0."surname",s1_0."training_bonus" from "staff" s1_0 where s1_0."club_id"=?
Hibernate: select i1_0."player_id",i1_0."id",i1_0."actual_recovery_date",i1_0."description",i1_0."expected_recovery_date",i1_0."injury_date",i1_0."performance_impact",i1_0."severity",i1_0."status",i1_0."type" from "injury" i1_0 where i1_0."player_id"=?
Hibernate: select i1_0."player_id",i1_0."id",i1_0."actual_recovery_date",i1_0."description",i1_0."expected_recovery_date",i1_0."injury_date",i1_0."performance_impact",i1_0."severity",i1_0."status",i1_0."type" from "injury" i1_0 where i1_0."player_id"=?
Hibernate: select i1_0."player_id",i1_0."id",i1_0."actual_recovery_date",i1_0."description",i1_0."expected_recovery_date",i1_0."injury_date",i1_0."performance_impact",i1_0."severity",i1_0."status",i1_0."type" from "injury" i1_0 where i1_0."player_id"=?
Hibernate: select i1_0."player_id",i1_0."id",i1_0."actual_recovery_date",i1_0."description",i1_0."expected_recovery_date",i1_0."injury_date",i1_0."performance_impact",i1_0."severity",i1_0."status",i1_0."type" from "injury" i1_0 where i1_0."player_id"=?
Hibernate: select i1_0."player_id",i1_0."id",i1_0."actual_recovery_date",i1_0."description",i1_0."expected_recovery_date",i1_0."injury_date",i1_0."performance_impact",i1_0."severity",i1_0."status",i1_0."type" from "injury" i1_0 where i1_0."player_id"=?
Hibernate: select i1_0."player_id",i1_0."id",i1_0."actual_recovery_date",i1_0."description",i1_0."expected_recovery_date",i1_0."injury_date",i1_0."performance_impact",i1_0."severity",i1_0."status",i1_0."type" from "injury" i1_0 where i1_0."player_id"=?
Hibernate: select i1_0."player_id",i1_0."id",i1_0."actual_recovery_date",i1_0."description",i1_0."expected_recovery_date",i1_0."injury_date",i1_0."performance_impact",i1_0."severity",i1_0."status",i1_0."type" from "injury" i1_0 where i1_0."player_id"=?
Hibernate: select i1_0."player_id",i1_0."id",i1_0."actual_recovery_date",i1_0."description",i1_0."expected_recovery_date",i1_0."injury_date",i1_0."performance_impact",i1_0."severity",i1_0."status",i1_0."type" from "injury" i1_0 where i1_0."player_id"=?
Hibernate: select i1_0."player_id",i1_0."id",i1_0."actual_recovery_date",i1_0."description",i1_0."expected_recovery_date",i1_0."injury_date",i1_0."performance_impact",i1_0."severity",i1_0."status",i1_0."type" from "injury" i1_0 where i1_0."player_id"=?
Hibernate: select i1_0."player_id",i1_0."id",i1_0."actual_recovery_date",i1_0."description",i1_0."expected_recovery_date",i1_0."injury_date",i1_0."performance_impact",i1_0."severity",i1_0."status",i1_0."type" from "injury" i1_0 where i1_0."player_id"=?
Hibernate: select i1_0."player_id",i1_0."id",i1_0."actual_recovery_date",i1_0."description",i1_0."expected_recovery_date",i1_0."injury_date",i1_0."performance_impact",i1_0."severity",i1_0."status",i1_0."type" from "injury" i1_0 where i1_0."player_id"=?
Hibernate: select i1_0."player_id",i1_0."id",i1_0."actual_recovery_date",i1_0."description",i1_0."expected_recovery_date",i1_0."injury_date",i1_0."performance_impact",i1_0."severity",i1_0."status",i1_0."type" from "injury" i1_0 where i1_0."player_id"=?
Hibernate: select i1_0."player_id",i1_0."id",i1_0."actual_recovery_date",i1_0."description",i1_0."expected_recovery_date",i1_0."injury_date",i1_0."performance_impact",i1_0."severity",i1_0."status",i1_0."type" from "injury" i1_0 where i1_0."player_id"=?
Hibernate: select i1_0."player_id",i1_0."id",i1_0."actual_recovery_date",i1_0."description",i1_0."expected_recovery_date",i1_0."injury_date",i1_0."performance_impact",i1_0."severity",i1_0."status",i1_0."type" from "injury" i1_0 where i1_0."player_id"=?
Hibernate: select i1_0."player_id",i1_0."id",i1_0."actual_recovery_date",i1_0."description",i1_0."expected_recovery_date",i1_0."injury_date",i1_0."performance_impact",i1_0."severity",i1_0."status",i1_0."type" from "injury" i1_0 where i1_0."player_id"=?
Hibernate: select i1_0."player_id",i1_0."id",i1_0."actual_recovery_date",i1_0."description",i1_0."expected_recovery_date",i1_0."injury_date",i1_0."performance_impact",i1_0."severity",i1_0."status",i1_0."type" from "injury" i1_0 where i1_0."player_id"=?
Hibernate: select i1_0."player_id",i1_0."id",i1_0."actual_recovery_date",i1_0."description",i1_0."expected_recovery_date",i1_0."injury_date",i1_0."performance_impact",i1_0."severity",i1_0."status",i1_0."type" from "injury" i1_0 where i1_0."player_id"=?
Hibernate: select i1_0."player_id",i1_0."id",i1_0."actual_recovery_date",i1_0."description",i1_0."expected_recovery_date",i1_0."injury_date",i1_0."performance_impact",i1_0."severity",i1_0."status",i1_0."type" from "injury" i1_0 where i1_0."player_id"=?
Hibernate: select i1_0."player_id",i1_0."id",i1_0."actual_recovery_date",i1_0."description",i1_0."expected_recovery_date",i1_0."injury_date",i1_0."performance_impact",i1_0."severity",i1_0."status",i1_0."type" from "injury" i1_0 where i1_0."player_id"=?
Hibernate: select i1_0."player_id",i1_0."id",i1_0."actual_recovery_date",i1_0."description",i1_0."expected_recovery_date",i1_0."injury_date",i1_0."performance_impact",i1_0."severity",i1_0."status",i1_0."type" from "injury" i1_0 where i1_0."player_id"=?
Hibernate: select i1_0."player_id",i1_0."id",i1_0."actual_recovery_date",i1_0."description",i1_0."expected_recovery_date",i1_0."injury_date",i1_0."performance_impact",i1_0."severity",i1_0."status",i1_0."type" from "injury" i1_0 where i1_0."player_id"=?
Hibernate: select i1_0."player_id",i1_0."id",i1_0."actual_recovery_date",i1_0."description",i1_0."expected_recovery_date",i1_0."injury_date",i1_0."performance_impact",i1_0."severity",i1_0."status",i1_0."type" from "injury" i1_0 where i1_0."player_id"=?
Hibernate: select c1_0."id",c1_0."city",c1_0."finance_id",c1_0."foundation",c1_0."league_id",c1_0."logourl",c1_0."medical_center_id",c1_0."name",c1_0."stadium_id",c1_0."team_id",c1_0."training_facility_id",c1_0."under18_id",c1_0."youth_academy_id" from "club" c1_0 where c1_0."id"=?
Hibernate: select u1_0."id",u1_0."account_locked_until",u1_0."activation_token",u1_0."active",u1_0."admin_role",u1_0."ban_reason",u1_0."banned_by",u1_0."banned_until",u1_0."club_id",u1_0."country_id",u1_0."country",u1_0."created_by",u1_0."created_date",u1_0."date_of_birth",u1_0."email",u1_0."email_verification_token",u1_0."email_verification_token_expiry",u1_0."experience",u1_0."failed_login_attempts",u1_0."first_name",u1_0."is_active",u1_0."is_banned",u1_0."is_verified",u1_0."last_login_date",u1_0."last_login_ip",u1_0."last_modified_by",u1_0."last_modified_date",u1_0."last_name",mp1_0."id",mp1_0."current_xp",mp1_0."level",mp1_0."talent_points",up1_0."manager_profile_id",up1_0."perk",u1_0."name",u1_0."password",u1_0."password_changed_date",u1_0."password_reset_token",u1_0."password_reset_token_expiry",u1_0."phone_number",u1_0."preferred_language",u1_0."server_id",u1_0."surname",u1_0."timezone",u1_0."username" from "user" u1_0 left join "manager_profile" mp1_0 on u1_0."id"=mp1_0."user_id" left join "manager_unlocked_perks" up1_0 on mp1_0."id"=up1_0."manager_profile_id" where u1_0."club_id"=?
Hibernate: select s1_0."id",s1_0."accessibility_level",s1_0."atmosphere_multiplier",s1_0."base_capacity",s1_0."capacity",c1_0."id",c1_0."city",c1_0."finance_id",c1_0."foundation",c1_0."league_id",c1_0."logourl",c1_0."medical_center_id",c1_0."name",c1_0."team_id",c1_0."training_facility_id",c1_0."under18_id",c1_0."youth_academy_id",s1_0."construction_cost",s1_0."facilities_quality",s1_0."grandstand_est",s1_0."grandstand_nord",s1_0."grandstand_sud",s1_0."grandstand_west",s1_0."has_media_center",s1_0."has_megastore",s1_0."has_museum",s1_0."has_roof",s1_0."has_undersoil_heating",s1_0."has_vip_boxes",s1_0."last_upgrade_date",s1_0."maintenance_cost",s1_0."name",s1_0."next_maintenance_date",s1_0."pitch_quality",s1_0."revenue_multiplier",s1_0."security_level",s1_0."upgrade_value" from "stadium" s1_0 left join "club" c1_0 on s1_0."id"=c1_0."stadium_id" where s1_0."id"=?
Hibernate: select t1_0."id",ctp1_0."id",ctp1_0."friday_focus",ctp1_0."intensity",ctp1_0."last_updated",ctp1_0."monday_focus",ctp1_0."rest_on_weekends",ctp1_0."saturday_focus",ctp1_0."sunday_focus",ctp1_0."thursday_focus",ctp1_0."tuesday_focus",ctp1_0."wednesday_focus",t1_0."formation_id" from "team" t1_0 left join "training_plan" ctp1_0 on t1_0."id"=ctp1_0."team_id" where t1_0."id"=?
Hibernate: select c1_0."id",c1_0."city",c1_0."finance_id",c1_0."foundation",c1_0."league_id",c1_0."logourl",c1_0."medical_center_id",c1_0."name",c1_0."stadium_id",c1_0."team_id",c1_0."training_facility_id",c1_0."under18_id",c1_0."youth_academy_id" from "club" c1_0 where c1_0."under18_id"=?
Hibernate: select p1_0."team_id",p1_0."id",p1_0."birth",cs1_0."id",cs1_0."clubs_played",cs1_0."cup_titles",cs1_0."first_goal",cs1_0."first_professional_match",cs1_0."highest_season_rating",cs1_0."highest_transfer_value",cs1_0."international_caps",cs1_0."international_goals",cs1_0."league_titles",cs1_0."longest_goal_streak",cs1_0."milestone100goals",cs1_0."milestone100matches",cs1_0."most_assists_in_season",cs1_0."most_goals_in_season",cs1_0."total_assists",cs1_0."total_clean_sheets",cs1_0."total_goals",cs1_0."total_matches_played",cs1_0."total_red_cards",cs1_0."total_transfer_value",cs1_0."total_yellow_cards",p1_0."cndtion",cc1_0."id",cc1_0."automatic_extension_conditions",cc1_0."automatic_extension_years",cc1_0."club_id",cc1_0."end_date",cc1_0."has_release_clause",cc1_0."last_negotiation_date",cc1_0."loyalty_bonus",cc1_0."negotiation_attempts",cc1_0."player_id",cc1_0."release_clause",cc1_0."signing_bonus",cc1_0."start_date",cc1_0."status",cc1_0."weekly_salary",p1_0."defending",p1_0."goalkeeping",p1_0."moral",p1_0."name",p1_0."on_sale",p1_0."original_team_id",p1_0."passing",p1_0."playmaking",p1_0."potential",p1_0."preferred_foot",p1_0."role",p1_0."salary",p1_0."scoring",p1_0."set_pieces",p1_0."stamina",p1_0."surname",p1_0."winger" from "player" p1_0 left join "player_career_stats" cs1_0 on p1_0."id"=cs1_0."player_id" left join "contract" cc1_0 on p1_0."id"=cc1_0."player_id" where p1_0."team_id"=?
Hibernate: insert into "formation" ("have_ball","mentality","module_id","substitution_strategy","id") values (?,?,?,?,default)
Hibernate: insert into "event_history" ("away_score","event","home_score","match_id","minute","type","uuid","id") values (?,?,?,?,?,?,?,default)
Hibernate: insert into "event_history" ("away_score","event","home_score","match_id","minute","type","uuid","id") values (?,?,?,?,?,?,?,default)
Hibernate: insert into "event_history" ("away_score","event","home_score","match_id","minute","type","uuid","id") values (?,?,?,?,?,?,?,default)
Hibernate: insert into "event_history" ("away_score","event","home_score","match_id","minute","type","uuid","id") values (?,?,?,?,?,?,?,default)
Hibernate: insert into "event_history" ("away_score","event","home_score","match_id","minute","type","uuid","id") values (?,?,?,?,?,?,?,default)
Hibernate: insert into "event_history" ("away_score","event","home_score","match_id","minute","type","uuid","id") values (?,?,?,?,?,?,?,default)
Hibernate: insert into "event_history" ("away_score","event","home_score","match_id","minute","type","uuid","id") values (?,?,?,?,?,?,?,default)
Hibernate: insert into "event_history" ("away_score","event","home_score","match_id","minute","type","uuid","id") values (?,?,?,?,?,?,?,default)
Hibernate: insert into "event_history" ("away_score","event","home_score","match_id","minute","type","uuid","id") values (?,?,?,?,?,?,?,default)
Hibernate: insert into "formation" ("have_ball","mentality","module_id","substitution_strategy","id") values (?,?,?,?,default)
Hibernate: insert into "match_player_stats" ("assists","completed_passes","goals","goals_conceded","match_id","minutes_played","mvp","passes","penalties_saved","player_id","position","rating","red_cards","saves","shots","shots_on_target","started","tackles","yellow_cards","id") values (?,?,?,?,?,?,?,?,?,?,?,?,?,?,?,?,?,?,?,default)
Hibernate: insert into "match_player_stats" ("assists","completed_passes","goals","goals_conceded","match_id","minutes_played","mvp","passes","penalties_saved","player_id","position","rating","red_cards","saves","shots","shots_on_target","started","tackles","yellow_cards","id") values (?,?,?,?,?,?,?,?,?,?,?,?,?,?,?,?,?,?,?,default)
Hibernate: insert into "match_player_stats" ("assists","completed_passes","goals","goals_conceded","match_id","minutes_played","mvp","passes","penalties_saved","player_id","position","rating","red_cards","saves","shots","shots_on_target","started","tackles","yellow_cards","id") values (?,?,?,?,?,?,?,?,?,?,?,?,?,?,?,?,?,?,?,default)
Hibernate: insert into "match_player_stats" ("assists","completed_passes","goals","goals_conceded","match_id","minutes_played","mvp","passes","penalties_saved","player_id","position","rating","red_cards","saves","shots","shots_on_target","started","tackles","yellow_cards","id") values (?,?,?,?,?,?,?,?,?,?,?,?,?,?,?,?,?,?,?,default)
Hibernate: insert into "match_player_stats" ("assists","completed_passes","goals","goals_conceded","match_id","minutes_played","mvp","passes","penalties_saved","player_id","position","rating","red_cards","saves","shots","shots_on_target","started","tackles","yellow_cards","id") values (?,?,?,?,?,?,?,?,?,?,?,?,?,?,?,?,?,?,?,default)
Hibernate: insert into "match_player_stats" ("assists","completed_passes","goals","goals_conceded","match_id","minutes_played","mvp","passes","penalties_saved","player_id","position","rating","red_cards","saves","shots","shots_on_target","started","tackles","yellow_cards","id") values (?,?,?,?,?,?,?,?,?,?,?,?,?,?,?,?,?,?,?,default)
Hibernate: insert into "match_player_stats" ("assists","completed_passes","goals","goals_conceded","match_id","minutes_played","mvp","passes","penalties_saved","player_id","position","rating","red_cards","saves","shots","shots_on_target","started","tackles","yellow_cards","id") values (?,?,?,?,?,?,?,?,?,?,?,?,?,?,?,?,?,?,?,default)
Hibernate: insert into "match_player_stats" ("assists","completed_passes","goals","goals_conceded","match_id","minutes_played","mvp","passes","penalties_saved","player_id","position","rating","red_cards","saves","shots","shots_on_target","started","tackles","yellow_cards","id") values (?,?,?,?,?,?,?,?,?,?,?,?,?,?,?,?,?,?,?,default)
Hibernate: insert into "match_player_stats" ("assists","completed_passes","goals","goals_conceded","match_id","minutes_played","mvp","passes","penalties_saved","player_id","position","rating","red_cards","saves","shots","shots_on_target","started","tackles","yellow_cards","id") values (?,?,?,?,?,?,?,?,?,?,?,?,?,?,?,?,?,?,?,default)
Hibernate: insert into "match_player_stats" ("assists","completed_passes","goals","goals_conceded","match_id","minutes_played","mvp","passes","penalties_saved","player_id","position","rating","red_cards","saves","shots","shots_on_target","started","tackles","yellow_cards","id") values (?,?,?,?,?,?,?,?,?,?,?,?,?,?,?,?,?,?,?,default)
Hibernate: insert into "match_player_stats" ("assists","completed_passes","goals","goals_conceded","match_id","minutes_played","mvp","passes","penalties_saved","player_id","position","rating","red_cards","saves","shots","shots_on_target","started","tackles","yellow_cards","id") values (?,?,?,?,?,?,?,?,?,?,?,?,?,?,?,?,?,?,?,default)
Hibernate: insert into "match_player_stats" ("assists","completed_passes","goals","goals_conceded","match_id","minutes_played","mvp","passes","penalties_saved","player_id","position","rating","red_cards","saves","shots","shots_on_target","started","tackles","yellow_cards","id") values (?,?,?,?,?,?,?,?,?,?,?,?,?,?,?,?,?,?,?,default)
Hibernate: insert into "match_player_stats" ("assists","completed_passes","goals","goals_conceded","match_id","minutes_played","mvp","passes","penalties_saved","player_id","position","rating","red_cards","saves","shots","shots_on_target","started","tackles","yellow_cards","id") values (?,?,?,?,?,?,?,?,?,?,?,?,?,?,?,?,?,?,?,default)
Hibernate: insert into "match_player_stats" ("assists","completed_passes","goals","goals_conceded","match_id","minutes_played","mvp","passes","penalties_saved","player_id","position","rating","red_cards","saves","shots","shots_on_target","started","tackles","yellow_cards","id") values (?,?,?,?,?,?,?,?,?,?,?,?,?,?,?,?,?,?,?,default)
Hibernate: insert into "match_player_stats" ("assists","completed_passes","goals","goals_conceded","match_id","minutes_played","mvp","passes","penalties_saved","player_id","position","rating","red_cards","saves","shots","shots_on_target","started","tackles","yellow_cards","id") values (?,?,?,?,?,?,?,?,?,?,?,?,?,?,?,?,?,?,?,default)
Hibernate: insert into "match_player_stats" ("assists","completed_passes","goals","goals_conceded","match_id","minutes_played","mvp","passes","penalties_saved","player_id","position","rating","red_cards","saves","shots","shots_on_target","started","tackles","yellow_cards","id") values (?,?,?,?,?,?,?,?,?,?,?,?,?,?,?,?,?,?,?,default)
Hibernate: insert into "match_player_stats" ("assists","completed_passes","goals","goals_conceded","match_id","minutes_played","mvp","passes","penalties_saved","player_id","position","rating","red_cards","saves","shots","shots_on_target","started","tackles","yellow_cards","id") values (?,?,?,?,?,?,?,?,?,?,?,?,?,?,?,?,?,?,?,default)
Hibernate: insert into "match_player_stats" ("assists","completed_passes","goals","goals_conceded","match_id","minutes_played","mvp","passes","penalties_saved","player_id","position","rating","red_cards","saves","shots","shots_on_target","started","tackles","yellow_cards","id") values (?,?,?,?,?,?,?,?,?,?,?,?,?,?,?,?,?,?,?,default)
Hibernate: insert into "match_player_stats" ("assists","completed_passes","goals","goals_conceded","match_id","minutes_played","mvp","passes","penalties_saved","player_id","position","rating","red_cards","saves","shots","shots_on_target","started","tackles","yellow_cards","id") values (?,?,?,?,?,?,?,?,?,?,?,?,?,?,?,?,?,?,?,default)
Hibernate: insert into "match_player_stats" ("assists","completed_passes","goals","goals_conceded","match_id","minutes_played","mvp","passes","penalties_saved","player_id","position","rating","red_cards","saves","shots","shots_on_target","started","tackles","yellow_cards","id") values (?,?,?,?,?,?,?,?,?,?,?,?,?,?,?,?,?,?,?,default)
Hibernate: insert into "match_player_stats" ("assists","completed_passes","goals","goals_conceded","match_id","minutes_played","mvp","passes","penalties_saved","player_id","position","rating","red_cards","saves","shots","shots_on_target","started","tackles","yellow_cards","id") values (?,?,?,?,?,?,?,?,?,?,?,?,?,?,?,?,?,?,?,default)
Hibernate: insert into "match_player_stats" ("assists","completed_passes","goals","goals_conceded","match_id","minutes_played","mvp","passes","penalties_saved","player_id","position","rating","red_cards","saves","shots","shots_on_target","started","tackles","yellow_cards","id") values (?,?,?,?,?,?,?,?,?,?,?,?,?,?,?,?,?,?,?,default)
Hibernate: insert into "stats" ("away_completed_passes","away_fouls","away_interceptions","away_on_target","away_passes","away_possession","away_shots","away_tackles","away_yellow_cards","home_completed_passes","home_fouls","home_interceptions","home_on_target","home_passes","home_possession","home_shots","home_tackles","home_yellow_cards","id") values (?,?,?,?,?,?,?,?,?,?,?,?,?,?,?,?,?,?,default)
Hibernate: select m1_0."id",m1_0."cd",m1_0."fw",m1_0."mf",m1_0."name",m1_0."wb",m1_0."wng" from "module" m1_0
Hibernate: select f1_0."id",f1_0."have_ball",f1_0."mentality",f1_0."module_id",f1_0."substitution_strategy" from "formation" f1_0 where f1_0."id"=?
Hibernate: select c1_0."id",c1_0."city",c1_0."finance_id",c1_0."foundation",c1_0."league_id",c1_0."logourl",c1_0."medical_center_id",c1_0."name",c1_0."stadium_id",c1_0."team_id",c1_0."training_facility_id",c1_0."under18_id",c1_0."youth_academy_id" from "club" c1_0 where c1_0."id"=?
Hibernate: select u1_0."id",u1_0."account_locked_until",u1_0."activation_token",u1_0."active",u1_0."admin_role",u1_0."ban_reason",u1_0."banned_by",u1_0."banned_until",u1_0."club_id",u1_0."country_id",u1_0."country",u1_0."created_by",u1_0."created_date",u1_0."date_of_birth",u1_0."email",u1_0."email_verification_token",u1_0."email_verification_token_expiry",u1_0."experience",u1_0."failed_login_attempts",u1_0."first_name",u1_0."is_active",u1_0."is_banned",u1_0."is_verified",u1_0."last_login_date",u1_0."last_login_ip",u1_0."last_modified_by",u1_0."last_modified_date",u1_0."last_name",mp1_0."id",mp1_0."current_xp",mp1_0."level",mp1_0."talent_points",up1_0."manager_profile_id",up1_0."perk",u1_0."name",u1_0."password",u1_0."password_changed_date",u1_0."password_reset_token",u1_0."password_reset_token_expiry",u1_0."phone_number",u1_0."preferred_language",u1_0."server_id",u1_0."surname",u1_0."timezone",u1_0."username" from "user" u1_0 left join "manager_profile" mp1_0 on u1_0."id"=mp1_0."user_id" left join "manager_unlocked_perks" up1_0 on mp1_0."id"=up1_0."manager_profile_id" where u1_0."club_id"=?
Hibernate: select t1_0."id",ctp1_0."id",ctp1_0."friday_focus",ctp1_0."intensity",ctp1_0."last_updated",ctp1_0."monday_focus",ctp1_0."rest_on_weekends",ctp1_0."saturday_focus",ctp1_0."sunday_focus",ctp1_0."thursday_focus",ctp1_0."tuesday_focus",ctp1_0."wednesday_focus",t1_0."formation_id" from "team" t1_0 left join "training_plan" ctp1_0 on t1_0."id"=ctp1_0."team_id" where t1_0."id"=?
Hibernate: select c1_0."id",c1_0."city",c1_0."finance_id",c1_0."foundation",c1_0."league_id",c1_0."logourl",c1_0."medical_center_id",c1_0."name",c1_0."stadium_id",c1_0."team_id",c1_0."training_facility_id",c1_0."under18_id",c1_0."youth_academy_id" from "club" c1_0 where c1_0."under18_id"=?
Hibernate: select p1_0."team_id",p1_0."id",p1_0."birth",cs1_0."id",cs1_0."clubs_played",cs1_0."cup_titles",cs1_0."first_goal",cs1_0."first_professional_match",cs1_0."highest_season_rating",cs1_0."highest_transfer_value",cs1_0."international_caps",cs1_0."international_goals",cs1_0."league_titles",cs1_0."longest_goal_streak",cs1_0."milestone100goals",cs1_0."milestone100matches",cs1_0."most_assists_in_season",cs1_0."most_goals_in_season",cs1_0."total_assists",cs1_0."total_clean_sheets",cs1_0."total_goals",cs1_0."total_matches_played",cs1_0."total_red_cards",cs1_0."total_transfer_value",cs1_0."total_yellow_cards",p1_0."cndtion",cc1_0."id",cc1_0."automatic_extension_conditions",cc1_0."automatic_extension_years",cc1_0."club_id",cc1_0."end_date",cc1_0."has_release_clause",cc1_0."last_negotiation_date",cc1_0."loyalty_bonus",cc1_0."negotiation_attempts",cc1_0."player_id",cc1_0."release_clause",cc1_0."signing_bonus",cc1_0."start_date",cc1_0."status",cc1_0."weekly_salary",p1_0."defending",p1_0."goalkeeping",p1_0."moral",p1_0."name",p1_0."on_sale",p1_0."original_team_id",p1_0."passing",p1_0."playmaking",p1_0."potential",p1_0."preferred_foot",p1_0."role",p1_0."salary",p1_0."scoring",p1_0."set_pieces",p1_0."stamina",p1_0."surname",p1_0."winger" from "player" p1_0 left join "player_career_stats" cs1_0 on p1_0."id"=cs1_0."player_id" left join "contract" cc1_0 on p1_0."id"=cc1_0."player_id" where p1_0."team_id"=?
Hibernate: select m1_0."id",m1_0."cd",m1_0."fw",m1_0."mf",m1_0."name",m1_0."wb",m1_0."wng" from "module" m1_0
Hibernate: select f1_0."id",f1_0."have_ball",f1_0."mentality",f1_0."module_id",f1_0."substitution_strategy" from "formation" f1_0 where f1_0."id"=?
Hibernate: select s1_0."formation_id",s1_1."id",s1_1."birth",cs1_0."id",cs1_0."clubs_played",cs1_0."cup_titles",cs1_0."first_goal",cs1_0."first_professional_match",cs1_0."highest_season_rating",cs1_0."highest_transfer_value",cs1_0."international_caps",cs1_0."international_goals",cs1_0."league_titles",cs1_0."longest_goal_streak",cs1_0."milestone100goals",cs1_0."milestone100matches",cs1_0."most_assists_in_season",cs1_0."most_goals_in_season",cs1_0."total_assists",cs1_0."total_clean_sheets",cs1_0."total_goals",cs1_0."total_matches_played",cs1_0."total_red_cards",cs1_0."total_transfer_value",cs1_0."total_yellow_cards",s1_1."cndtion",cc1_0."id",cc1_0."automatic_extension_conditions",cc1_0."automatic_extension_years",cc1_0."club_id",cc1_0."end_date",cc1_0."has_release_clause",cc1_0."last_negotiation_date",cc1_0."loyalty_bonus",cc1_0."negotiation_attempts",cc1_0."player_id",cc1_0."release_clause",cc1_0."signing_bonus",cc1_0."start_date",cc1_0."status",cc1_0."weekly_salary",s1_1."defending",s1_1."goalkeeping",s1_1."moral",s1_1."name",s1_1."on_sale",s1_1."original_team_id",s1_1."passing",s1_1."playmaking",s1_1."potential",s1_1."preferred_foot",s1_1."role",s1_1."salary",s1_1."scoring",s1_1."set_pieces",s1_1."stamina",s1_1."surname",s1_1."team_id",s1_1."winger" from "formation_substitutes" s1_0 join "player" s1_1 on s1_1."id"=s1_0."player_id" left join "player_career_stats" cs1_0 on s1_1."id"=cs1_0."player_id" left join "contract" cc1_0 on s1_1."id"=cc1_0."player_id" where s1_0."formation_id"=?
Hibernate: select s1_0."formation_id",s1_1."id",s1_1."birth",cs1_0."id",cs1_0."clubs_played",cs1_0."cup_titles",cs1_0."first_goal",cs1_0."first_professional_match",cs1_0."highest_season_rating",cs1_0."highest_transfer_value",cs1_0."international_caps",cs1_0."international_goals",cs1_0."league_titles",cs1_0."longest_goal_streak",cs1_0."milestone100goals",cs1_0."milestone100matches",cs1_0."most_assists_in_season",cs1_0."most_goals_in_season",cs1_0."total_assists",cs1_0."total_clean_sheets",cs1_0."total_goals",cs1_0."total_matches_played",cs1_0."total_red_cards",cs1_0."total_transfer_value",cs1_0."total_yellow_cards",s1_1."cndtion",cc1_0."id",cc1_0."automatic_extension_conditions",cc1_0."automatic_extension_years",cc1_0."club_id",cc1_0."end_date",cc1_0."has_release_clause",cc1_0."last_negotiation_date",cc1_0."loyalty_bonus",cc1_0."negotiation_attempts",cc1_0."player_id",cc1_0."release_clause",cc1_0."signing_bonus",cc1_0."start_date",cc1_0."status",cc1_0."weekly_salary",s1_1."defending",s1_1."goalkeeping",s1_1."moral",s1_1."name",s1_1."on_sale",s1_1."original_team_id",s1_1."passing",s1_1."playmaking",s1_1."potential",s1_1."preferred_foot",s1_1."role",s1_1."salary",s1_1."scoring",s1_1."set_pieces",s1_1."stamina",s1_1."surname",s1_1."team_id",s1_1."winger" from "formation_substitutes" s1_0 join "player" s1_1 on s1_1."id"=s1_0."player_id" left join "player_career_stats" cs1_0 on s1_1."id"=cs1_0."player_id" left join "contract" cc1_0 on s1_1."id"=cc1_0."player_id" where s1_0."formation_id"=?
Hibernate: select s1_0."club_id",s1_0."id",s1_0."ability",s1_0."birth",s1_0."contract_end",s1_0."contract_start",s1_0."description",s1_0."experience",s1_0."injury_prevention_bonus",s1_0."monthly_salary",s1_0."motivation_bonus",s1_0."name",s1_0."nationality_id",s1_0."recovery_bonus",s1_0."reputation",s1_0."role",s1_0."scouting_bonus",s1_0."specialization",s1_0."status",s1_0."surname",s1_0."training_bonus" from "staff" s1_0 where s1_0."club_id"=?
Hibernate: select s1_0."club_id",s1_0."id",s1_0."ability",s1_0."birth",s1_0."contract_end",s1_0."contract_start",s1_0."description",s1_0."experience",s1_0."injury_prevention_bonus",s1_0."monthly_salary",s1_0."motivation_bonus",s1_0."name",s1_0."nationality_id",s1_0."recovery_bonus",s1_0."reputation",s1_0."role",s1_0."scouting_bonus",s1_0."specialization",s1_0."status",s1_0."surname",s1_0."training_bonus" from "staff" s1_0 where s1_0."club_id"=?
Hibernate: select i1_0."player_id",i1_0."id",i1_0."actual_recovery_date",i1_0."description",i1_0."expected_recovery_date",i1_0."injury_date",i1_0."performance_impact",i1_0."severity",i1_0."status",i1_0."type" from "injury" i1_0 where i1_0."player_id"=?
Hibernate: select i1_0."player_id",i1_0."id",i1_0."actual_recovery_date",i1_0."description",i1_0."expected_recovery_date",i1_0."injury_date",i1_0."performance_impact",i1_0."severity",i1_0."status",i1_0."type" from "injury" i1_0 where i1_0."player_id"=?
Hibernate: select i1_0."player_id",i1_0."id",i1_0."actual_recovery_date",i1_0."description",i1_0."expected_recovery_date",i1_0."injury_date",i1_0."performance_impact",i1_0."severity",i1_0."status",i1_0."type" from "injury" i1_0 where i1_0."player_id"=?
Hibernate: select i1_0."player_id",i1_0."id",i1_0."actual_recovery_date",i1_0."description",i1_0."expected_recovery_date",i1_0."injury_date",i1_0."performance_impact",i1_0."severity",i1_0."status",i1_0."type" from "injury" i1_0 where i1_0."player_id"=?
Hibernate: select i1_0."player_id",i1_0."id",i1_0."actual_recovery_date",i1_0."description",i1_0."expected_recovery_date",i1_0."injury_date",i1_0."performance_impact",i1_0."severity",i1_0."status",i1_0."type" from "injury" i1_0 where i1_0."player_id"=?
Hibernate: select i1_0."player_id",i1_0."id",i1_0."actual_recovery_date",i1_0."description",i1_0."expected_recovery_date",i1_0."injury_date",i1_0."performance_impact",i1_0."severity",i1_0."status",i1_0."type" from "injury" i1_0 where i1_0."player_id"=?
Hibernate: select i1_0."player_id",i1_0."id",i1_0."actual_recovery_date",i1_0."description",i1_0."expected_recovery_date",i1_0."injury_date",i1_0."performance_impact",i1_0."severity",i1_0."status",i1_0."type" from "injury" i1_0 where i1_0."player_id"=?
Hibernate: select i1_0."player_id",i1_0."id",i1_0."actual_recovery_date",i1_0."description",i1_0."expected_recovery_date",i1_0."injury_date",i1_0."performance_impact",i1_0."severity",i1_0."status",i1_0."type" from "injury" i1_0 where i1_0."player_id"=?
Hibernate: select i1_0."player_id",i1_0."id",i1_0."actual_recovery_date",i1_0."description",i1_0."expected_recovery_date",i1_0."injury_date",i1_0."performance_impact",i1_0."severity",i1_0."status",i1_0."type" from "injury" i1_0 where i1_0."player_id"=?
Hibernate: select i1_0."player_id",i1_0."id",i1_0."actual_recovery_date",i1_0."description",i1_0."expected_recovery_date",i1_0."injury_date",i1_0."performance_impact",i1_0."severity",i1_0."status",i1_0."type" from "injury" i1_0 where i1_0."player_id"=?
Hibernate: select i1_0."player_id",i1_0."id",i1_0."actual_recovery_date",i1_0."description",i1_0."expected_recovery_date",i1_0."injury_date",i1_0."performance_impact",i1_0."severity",i1_0."status",i1_0."type" from "injury" i1_0 where i1_0."player_id"=?
Hibernate: insert into "injury" ("actual_recovery_date","description","expected_recovery_date","injury_date","performance_impact","player_id","severity","status","type","id") values (?,?,?,?,?,?,?,?,?,default)
Hibernate: select i1_0."player_id",i1_0."id",i1_0."actual_recovery_date",i1_0."description",i1_0."expected_recovery_date",i1_0."injury_date",i1_0."performance_impact",i1_0."severity",i1_0."status",i1_0."type" from "injury" i1_0 where i1_0."player_id"=?
Hibernate: select i1_0."player_id",i1_0."id",i1_0."actual_recovery_date",i1_0."description",i1_0."expected_recovery_date",i1_0."injury_date",i1_0."performance_impact",i1_0."severity",i1_0."status",i1_0."type" from "injury" i1_0 where i1_0."player_id"=?
Hibernate: select i1_0."player_id",i1_0."id",i1_0."actual_recovery_date",i1_0."description",i1_0."expected_recovery_date",i1_0."injury_date",i1_0."performance_impact",i1_0."severity",i1_0."status",i1_0."type" from "injury" i1_0 where i1_0."player_id"=?
Hibernate: select i1_0."player_id",i1_0."id",i1_0."actual_recovery_date",i1_0."description",i1_0."expected_recovery_date",i1_0."injury_date",i1_0."performance_impact",i1_0."severity",i1_0."status",i1_0."type" from "injury" i1_0 where i1_0."player_id"=?
Hibernate: select i1_0."player_id",i1_0."id",i1_0."actual_recovery_date",i1_0."description",i1_0."expected_recovery_date",i1_0."injury_date",i1_0."performance_impact",i1_0."severity",i1_0."status",i1_0."type" from "injury" i1_0 where i1_0."player_id"=?
Hibernate: select i1_0."player_id",i1_0."id",i1_0."actual_recovery_date",i1_0."description",i1_0."expected_recovery_date",i1_0."injury_date",i1_0."performance_impact",i1_0."severity",i1_0."status",i1_0."type" from "injury" i1_0 where i1_0."player_id"=?
Hibernate: select i1_0."player_id",i1_0."id",i1_0."actual_recovery_date",i1_0."description",i1_0."expected_recovery_date",i1_0."injury_date",i1_0."performance_impact",i1_0."severity",i1_0."status",i1_0."type" from "injury" i1_0 where i1_0."player_id"=?
Hibernate: select i1_0."player_id",i1_0."id",i1_0."actual_recovery_date",i1_0."description",i1_0."expected_recovery_date",i1_0."injury_date",i1_0."performance_impact",i1_0."severity",i1_0."status",i1_0."type" from "injury" i1_0 where i1_0."player_id"=?
Hibernate: select i1_0."player_id",i1_0."id",i1_0."actual_recovery_date",i1_0."description",i1_0."expected_recovery_date",i1_0."injury_date",i1_0."performance_impact",i1_0."severity",i1_0."status",i1_0."type" from "injury" i1_0 where i1_0."player_id"=?
Hibernate: select i1_0."player_id",i1_0."id",i1_0."actual_recovery_date",i1_0."description",i1_0."expected_recovery_date",i1_0."injury_date",i1_0."performance_impact",i1_0."severity",i1_0."status",i1_0."type" from "injury" i1_0 where i1_0."player_id"=?
Hibernate: select i1_0."player_id",i1_0."id",i1_0."actual_recovery_date",i1_0."description",i1_0."expected_recovery_date",i1_0."injury_date",i1_0."performance_impact",i1_0."severity",i1_0."status",i1_0."type" from "injury" i1_0 where i1_0."player_id"=?
Hibernate: select c1_0."id",c1_0."city",c1_0."finance_id",c1_0."foundation",c1_0."league_id",c1_0."logourl",c1_0."medical_center_id",c1_0."name",c1_0."stadium_id",c1_0."team_id",c1_0."training_facility_id",c1_0."under18_id",c1_0."youth_academy_id" from "club" c1_0 where c1_0."id"=?
Hibernate: select u1_0."id",u1_0."account_locked_until",u1_0."activation_token",u1_0."active",u1_0."admin_role",u1_0."ban_reason",u1_0."banned_by",u1_0."banned_until",u1_0."club_id",u1_0."country_id",u1_0."country",u1_0."created_by",u1_0."created_date",u1_0."date_of_birth",u1_0."email",u1_0."email_verification_token",u1_0."email_verification_token_expiry",u1_0."experience",u1_0."failed_login_attempts",u1_0."first_name",u1_0."is_active",u1_0."is_banned",u1_0."is_verified",u1_0."last_login_date",u1_0."last_login_ip",u1_0."last_modified_by",u1_0."last_modified_date",u1_0."last_name",mp1_0."id",mp1_0."current_xp",mp1_0."level",mp1_0."talent_points",up1_0."manager_profile_id",up1_0."perk",u1_0."name",u1_0."password",u1_0."password_changed_date",u1_0."password_reset_token",u1_0."password_reset_token_expiry",u1_0."phone_number",u1_0."preferred_language",u1_0."server_id",u1_0."surname",u1_0."timezone",u1_0."username" from "user" u1_0 left join "manager_profile" mp1_0 on u1_0."id"=mp1_0."user_id" left join "manager_unlocked_perks" up1_0 on mp1_0."id"=up1_0."manager_profile_id" where u1_0."club_id"=?
Hibernate: select s1_0."id",s1_0."accessibility_level",s1_0."atmosphere_multiplier",s1_0."base_capacity",s1_0."capacity",c1_0."id",c1_0."city",c1_0."finance_id",c1_0."foundation",c1_0."league_id",c1_0."logourl",c1_0."medical_center_id",c1_0."name",c1_0."team_id",c1_0."training_facility_id",c1_0."under18_id",c1_0."youth_academy_id",s1_0."construction_cost",s1_0."facilities_quality",s1_0."grandstand_est",s1_0."grandstand_nord",s1_0."grandstand_sud",s1_0."grandstand_west",s1_0."has_media_center",s1_0."has_megastore",s1_0."has_museum",s1_0."has_roof",s1_0."has_undersoil_heating",s1_0."has_vip_boxes",s1_0."last_upgrade_date",s1_0."maintenance_cost",s1_0."name",s1_0."next_maintenance_date",s1_0."pitch_quality",s1_0."revenue_multiplier",s1_0."security_level",s1_0."upgrade_value" from "stadium" s1_0 left join "club" c1_0 on s1_0."id"=c1_0."stadium_id" where s1_0."id"=?
Hibernate: select t1_0."id",ctp1_0."id",ctp1_0."friday_focus",ctp1_0."intensity",ctp1_0."last_updated",ctp1_0."monday_focus",ctp1_0."rest_on_weekends",ctp1_0."saturday_focus",ctp1_0."sunday_focus",ctp1_0."thursday_focus",ctp1_0."tuesday_focus",ctp1_0."wednesday_focus",t1_0."formation_id" from "team" t1_0 left join "training_plan" ctp1_0 on t1_0."id"=ctp1_0."team_id" where t1_0."id"=?
Hibernate: select c1_0."id",c1_0."city",c1_0."finance_id",c1_0."foundation",c1_0."league_id",c1_0."logourl",c1_0."medical_center_id",c1_0."name",c1_0."stadium_id",c1_0."team_id",c1_0."training_facility_id",c1_0."under18_id",c1_0."youth_academy_id" from "club" c1_0 where c1_0."under18_id"=?
Hibernate: select p1_0."team_id",p1_0."id",p1_0."birth",cs1_0."id",cs1_0."clubs_played",cs1_0."cup_titles",cs1_0."first_goal",cs1_0."first_professional_match",cs1_0."highest_season_rating",cs1_0."highest_transfer_value",cs1_0."international_caps",cs1_0."international_goals",cs1_0."league_titles",cs1_0."longest_goal_streak",cs1_0."milestone100goals",cs1_0."milestone100matches",cs1_0."most_assists_in_season",cs1_0."most_goals_in_season",cs1_0."total_assists",cs1_0."total_clean_sheets",cs1_0."total_goals",cs1_0."total_matches_played",cs1_0."total_red_cards",cs1_0."total_transfer_value",cs1_0."total_yellow_cards",p1_0."cndtion",cc1_0."id",cc1_0."automatic_extension_conditions",cc1_0."automatic_extension_years",cc1_0."club_id",cc1_0."end_date",cc1_0."has_release_clause",cc1_0."last_negotiation_date",cc1_0."loyalty_bonus",cc1_0."negotiation_attempts",cc1_0."player_id",cc1_0."release_clause",cc1_0."signing_bonus",cc1_0."start_date",cc1_0."status",cc1_0."weekly_salary",p1_0."defending",p1_0."goalkeeping",p1_0."moral",p1_0."name",p1_0."on_sale",p1_0."original_team_id",p1_0."passing",p1_0."playmaking",p1_0."potential",p1_0."preferred_foot",p1_0."role",p1_0."salary",p1_0."scoring",p1_0."set_pieces",p1_0."stamina",p1_0."surname",p1_0."winger" from "player" p1_0 left join "player_career_stats" cs1_0 on p1_0."id"=cs1_0."player_id" left join "contract" cc1_0 on p1_0."id"=cc1_0."player_id" where p1_0."team_id"=?
Hibernate: insert into "formation" ("have_ball","mentality","module_id","substitution_strategy","id") values (?,?,?,?,default)
Hibernate: insert into "event_history" ("away_score","event","home_score","match_id","minute","type","uuid","id") values (?,?,?,?,?,?,?,default)
Hibernate: insert into "event_history" ("away_score","event","home_score","match_id","minute","type","uuid","id") values (?,?,?,?,?,?,?,default)
Hibernate: insert into "event_history" ("away_score","event","home_score","match_id","minute","type","uuid","id") values (?,?,?,?,?,?,?,default)
Hibernate: insert into "event_history" ("away_score","event","home_score","match_id","minute","type","uuid","id") values (?,?,?,?,?,?,?,default)
Hibernate: insert into "event_history" ("away_score","event","home_score","match_id","minute","type","uuid","id") values (?,?,?,?,?,?,?,default)
Hibernate: insert into "event_history" ("away_score","event","home_score","match_id","minute","type","uuid","id") values (?,?,?,?,?,?,?,default)
Hibernate: insert into "event_history" ("away_score","event","home_score","match_id","minute","type","uuid","id") values (?,?,?,?,?,?,?,default)
Hibernate: insert into "event_history" ("away_score","event","home_score","match_id","minute","type","uuid","id") values (?,?,?,?,?,?,?,default)
Hibernate: insert into "event_history" ("away_score","event","home_score","match_id","minute","type","uuid","id") values (?,?,?,?,?,?,?,default)
Hibernate: insert into "event_history" ("away_score","event","home_score","match_id","minute","type","uuid","id") values (?,?,?,?,?,?,?,default)
Hibernate: insert into "event_history" ("away_score","event","home_score","match_id","minute","type","uuid","id") values (?,?,?,?,?,?,?,default)
Hibernate: insert into "formation" ("have_ball","mentality","module_id","substitution_strategy","id") values (?,?,?,?,default)
Hibernate: insert into "match_player_stats" ("assists","completed_passes","goals","goals_conceded","match_id","minutes_played","mvp","passes","penalties_saved","player_id","position","rating","red_cards","saves","shots","shots_on_target","started","tackles","yellow_cards","id") values (?,?,?,?,?,?,?,?,?,?,?,?,?,?,?,?,?,?,?,default)
Hibernate: insert into "match_player_stats" ("assists","completed_passes","goals","goals_conceded","match_id","minutes_played","mvp","passes","penalties_saved","player_id","position","rating","red_cards","saves","shots","shots_on_target","started","tackles","yellow_cards","id") values (?,?,?,?,?,?,?,?,?,?,?,?,?,?,?,?,?,?,?,default)
Hibernate: insert into "match_player_stats" ("assists","completed_passes","goals","goals_conceded","match_id","minutes_played","mvp","passes","penalties_saved","player_id","position","rating","red_cards","saves","shots","shots_on_target","started","tackles","yellow_cards","id") values (?,?,?,?,?,?,?,?,?,?,?,?,?,?,?,?,?,?,?,default)
Hibernate: insert into "match_player_stats" ("assists","completed_passes","goals","goals_conceded","match_id","minutes_played","mvp","passes","penalties_saved","player_id","position","rating","red_cards","saves","shots","shots_on_target","started","tackles","yellow_cards","id") values (?,?,?,?,?,?,?,?,?,?,?,?,?,?,?,?,?,?,?,default)
Hibernate: insert into "match_player_stats" ("assists","completed_passes","goals","goals_conceded","match_id","minutes_played","mvp","passes","penalties_saved","player_id","position","rating","red_cards","saves","shots","shots_on_target","started","tackles","yellow_cards","id") values (?,?,?,?,?,?,?,?,?,?,?,?,?,?,?,?,?,?,?,default)
Hibernate: insert into "match_player_stats" ("assists","completed_passes","goals","goals_conceded","match_id","minutes_played","mvp","passes","penalties_saved","player_id","position","rating","red_cards","saves","shots","shots_on_target","started","tackles","yellow_cards","id") values (?,?,?,?,?,?,?,?,?,?,?,?,?,?,?,?,?,?,?,default)
Hibernate: insert into "match_player_stats" ("assists","completed_passes","goals","goals_conceded","match_id","minutes_played","mvp","passes","penalties_saved","player_id","position","rating","red_cards","saves","shots","shots_on_target","started","tackles","yellow_cards","id") values (?,?,?,?,?,?,?,?,?,?,?,?,?,?,?,?,?,?,?,default)
Hibernate: insert into "match_player_stats" ("assists","completed_passes","goals","goals_conceded","match_id","minutes_played","mvp","passes","penalties_saved","player_id","position","rating","red_cards","saves","shots","shots_on_target","started","tackles","yellow_cards","id") values (?,?,?,?,?,?,?,?,?,?,?,?,?,?,?,?,?,?,?,default)
Hibernate: insert into "match_player_stats" ("assists","completed_passes","goals","goals_conceded","match_id","minutes_played","mvp","passes","penalties_saved","player_id","position","rating","red_cards","saves","shots","shots_on_target","started","tackles","yellow_cards","id") values (?,?,?,?,?,?,?,?,?,?,?,?,?,?,?,?,?,?,?,default)
Hibernate: insert into "match_player_stats" ("assists","completed_passes","goals","goals_conceded","match_id","minutes_played","mvp","passes","penalties_saved","player_id","position","rating","red_cards","saves","shots","shots_on_target","started","tackles","yellow_cards","id") values (?,?,?,?,?,?,?,?,?,?,?,?,?,?,?,?,?,?,?,default)
Hibernate: insert into "match_player_stats" ("assists","completed_passes","goals","goals_conceded","match_id","minutes_played","mvp","passes","penalties_saved","player_id","position","rating","red_cards","saves","shots","shots_on_target","started","tackles","yellow_cards","id") values (?,?,?,?,?,?,?,?,?,?,?,?,?,?,?,?,?,?,?,default)
Hibernate: insert into "match_player_stats" ("assists","completed_passes","goals","goals_conceded","match_id","minutes_played","mvp","passes","penalties_saved","player_id","position","rating","red_cards","saves","shots","shots_on_target","started","tackles","yellow_cards","id") values (?,?,?,?,?,?,?,?,?,?,?,?,?,?,?,?,?,?,?,default)
Hibernate: insert into "match_player_stats" ("assists","completed_passes","goals","goals_conceded","match_id","minutes_played","mvp","passes","penalties_saved","player_id","position","rating","red_cards","saves","shots","shots_on_target","started","tackles","yellow_cards","id") values (?,?,?,?,?,?,?,?,?,?,?,?,?,?,?,?,?,?,?,default)
Hibernate: insert into "match_player_stats" ("assists","completed_passes","goals","goals_conceded","match_id","minutes_played","mvp","passes","penalties_saved","player_id","position","rating","red_cards","saves","shots","shots_on_target","started","tackles","yellow_cards","id") values (?,?,?,?,?,?,?,?,?,?,?,?,?,?,?,?,?,?,?,default)
Hibernate: insert into "match_player_stats" ("assists","completed_passes","goals","goals_conceded","match_id","minutes_played","mvp","passes","penalties_saved","player_id","position","rating","red_cards","saves","shots","shots_on_target","started","tackles","yellow_cards","id") values (?,?,?,?,?,?,?,?,?,?,?,?,?,?,?,?,?,?,?,default)
Hibernate: insert into "match_player_stats" ("assists","completed_passes","goals","goals_conceded","match_id","minutes_played","mvp","passes","penalties_saved","player_id","position","rating","red_cards","saves","shots","shots_on_target","started","tackles","yellow_cards","id") values (?,?,?,?,?,?,?,?,?,?,?,?,?,?,?,?,?,?,?,default)
Hibernate: insert into "match_player_stats" ("assists","completed_passes","goals","goals_conceded","match_id","minutes_played","mvp","passes","penalties_saved","player_id","position","rating","red_cards","saves","shots","shots_on_target","started","tackles","yellow_cards","id") values (?,?,?,?,?,?,?,?,?,?,?,?,?,?,?,?,?,?,?,default)
Hibernate: insert into "match_player_stats" ("assists","completed_passes","goals","goals_conceded","match_id","minutes_played","mvp","passes","penalties_saved","player_id","position","rating","red_cards","saves","shots","shots_on_target","started","tackles","yellow_cards","id") values (?,?,?,?,?,?,?,?,?,?,?,?,?,?,?,?,?,?,?,default)
Hibernate: insert into "match_player_stats" ("assists","completed_passes","goals","goals_conceded","match_id","minutes_played","mvp","passes","penalties_saved","player_id","position","rating","red_cards","saves","shots","shots_on_target","started","tackles","yellow_cards","id") values (?,?,?,?,?,?,?,?,?,?,?,?,?,?,?,?,?,?,?,default)
Hibernate: insert into "match_player_stats" ("assists","completed_passes","goals","goals_conceded","match_id","minutes_played","mvp","passes","penalties_saved","player_id","position","rating","red_cards","saves","shots","shots_on_target","started","tackles","yellow_cards","id") values (?,?,?,?,?,?,?,?,?,?,?,?,?,?,?,?,?,?,?,default)
Hibernate: insert into "match_player_stats" ("assists","completed_passes","goals","goals_conceded","match_id","minutes_played","mvp","passes","penalties_saved","player_id","position","rating","red_cards","saves","shots","shots_on_target","started","tackles","yellow_cards","id") values (?,?,?,?,?,?,?,?,?,?,?,?,?,?,?,?,?,?,?,default)
Hibernate: insert into "match_player_stats" ("assists","completed_passes","goals","goals_conceded","match_id","minutes_played","mvp","passes","penalties_saved","player_id","position","rating","red_cards","saves","shots","shots_on_target","started","tackles","yellow_cards","id") values (?,?,?,?,?,?,?,?,?,?,?,?,?,?,?,?,?,?,?,default)
Hibernate: insert into "stats" ("away_completed_passes","away_fouls","away_interceptions","away_on_target","away_passes","away_possession","away_shots","away_tackles","away_yellow_cards","home_completed_passes","home_fouls","home_interceptions","home_on_target","home_passes","home_possession","home_shots","home_tackles","home_yellow_cards","id") values (?,?,?,?,?,?,?,?,?,?,?,?,?,?,?,?,?,?,default)
Hibernate: select m1_0."id",m1_0."cd",m1_0."fw",m1_0."mf",m1_0."name",m1_0."wb",m1_0."wng" from "module" m1_0
Hibernate: select f1_0."id",f1_0."have_ball",f1_0."mentality",f1_0."module_id",f1_0."substitution_strategy" from "formation" f1_0 where f1_0."id"=?
Hibernate: select c1_0."id",c1_0."city",c1_0."finance_id",c1_0."foundation",c1_0."league_id",c1_0."logourl",c1_0."medical_center_id",c1_0."name",c1_0."stadium_id",c1_0."team_id",c1_0."training_facility_id",c1_0."under18_id",c1_0."youth_academy_id" from "club" c1_0 where c1_0."id"=?
Hibernate: select u1_0."id",u1_0."account_locked_until",u1_0."activation_token",u1_0."active",u1_0."admin_role",u1_0."ban_reason",u1_0."banned_by",u1_0."banned_until",u1_0."club_id",u1_0."country_id",u1_0."country",u1_0."created_by",u1_0."created_date",u1_0."date_of_birth",u1_0."email",u1_0."email_verification_token",u1_0."email_verification_token_expiry",u1_0."experience",u1_0."failed_login_attempts",u1_0."first_name",u1_0."is_active",u1_0."is_banned",u1_0."is_verified",u1_0."last_login_date",u1_0."last_login_ip",u1_0."last_modified_by",u1_0."last_modified_date",u1_0."last_name",mp1_0."id",mp1_0."current_xp",mp1_0."level",mp1_0."talent_points",up1_0."manager_profile_id",up1_0."perk",u1_0."name",u1_0."password",u1_0."password_changed_date",u1_0."password_reset_token",u1_0."password_reset_token_expiry",u1_0."phone_number",u1_0."preferred_language",u1_0."server_id",u1_0."surname",u1_0."timezone",u1_0."username" from "user" u1_0 left join "manager_profile" mp1_0 on u1_0."id"=mp1_0."user_id" left join "manager_unlocked_perks" up1_0 on mp1_0."id"=up1_0."manager_profile_id" where u1_0."club_id"=?
Hibernate: select t1_0."id",ctp1_0."id",ctp1_0."friday_focus",ctp1_0."intensity",ctp1_0."last_updated",ctp1_0."monday_focus",ctp1_0."rest_on_weekends",ctp1_0."saturday_focus",ctp1_0."sunday_focus",ctp1_0."thursday_focus",ctp1_0."tuesday_focus",ctp1_0."wednesday_focus",t1_0."formation_id" from "team" t1_0 left join "training_plan" ctp1_0 on t1_0."id"=ctp1_0."team_id" where t1_0."id"=?
Hibernate: select c1_0."id",c1_0."city",c1_0."finance_id",c1_0."foundation",c1_0."league_id",c1_0."logourl",c1_0."medical_center_id",c1_0."name",c1_0."stadium_id",c1_0."team_id",c1_0."training_facility_id",c1_0."under18_id",c1_0."youth_academy_id" from "club" c1_0 where c1_0."under18_id"=?
Hibernate: select p1_0."team_id",p1_0."id",p1_0."birth",cs1_0."id",cs1_0."clubs_played",cs1_0."cup_titles",cs1_0."first_goal",cs1_0."first_professional_match",cs1_0."highest_season_rating",cs1_0."highest_transfer_value",cs1_0."international_caps",cs1_0."international_goals",cs1_0."league_titles",cs1_0."longest_goal_streak",cs1_0."milestone100goals",cs1_0."milestone100matches",cs1_0."most_assists_in_season",cs1_0."most_goals_in_season",cs1_0."total_assists",cs1_0."total_clean_sheets",cs1_0."total_goals",cs1_0."total_matches_played",cs1_0."total_red_cards",cs1_0."total_transfer_value",cs1_0."total_yellow_cards",p1_0."cndtion",cc1_0."id",cc1_0."automatic_extension_conditions",cc1_0."automatic_extension_years",cc1_0."club_id",cc1_0."end_date",cc1_0."has_release_clause",cc1_0."last_negotiation_date",cc1_0."loyalty_bonus",cc1_0."negotiation_attempts",cc1_0."player_id",cc1_0."release_clause",cc1_0."signing_bonus",cc1_0."start_date",cc1_0."status",cc1_0."weekly_salary",p1_0."defending",p1_0."goalkeeping",p1_0."moral",p1_0."name",p1_0."on_sale",p1_0."original_team_id",p1_0."passing",p1_0."playmaking",p1_0."potential",p1_0."preferred_foot",p1_0."role",p1_0."salary",p1_0."scoring",p1_0."set_pieces",p1_0."stamina",p1_0."surname",p1_0."winger" from "player" p1_0 left join "player_career_stats" cs1_0 on p1_0."id"=cs1_0."player_id" left join "contract" cc1_0 on p1_0."id"=cc1_0."player_id" where p1_0."team_id"=?
Hibernate: select m1_0."id",m1_0."cd",m1_0."fw",m1_0."mf",m1_0."name",m1_0."wb",m1_0."wng" from "module" m1_0
Hibernate: select f1_0."id",f1_0."have_ball",f1_0."mentality",f1_0."module_id",f1_0."substitution_strategy" from "formation" f1_0 where f1_0."id"=?
Hibernate: select s1_0."formation_id",s1_1."id",s1_1."birth",cs1_0."id",cs1_0."clubs_played",cs1_0."cup_titles",cs1_0."first_goal",cs1_0."first_professional_match",cs1_0."highest_season_rating",cs1_0."highest_transfer_value",cs1_0."international_caps",cs1_0."international_goals",cs1_0."league_titles",cs1_0."longest_goal_streak",cs1_0."milestone100goals",cs1_0."milestone100matches",cs1_0."most_assists_in_season",cs1_0."most_goals_in_season",cs1_0."total_assists",cs1_0."total_clean_sheets",cs1_0."total_goals",cs1_0."total_matches_played",cs1_0."total_red_cards",cs1_0."total_transfer_value",cs1_0."total_yellow_cards",s1_1."cndtion",cc1_0."id",cc1_0."automatic_extension_conditions",cc1_0."automatic_extension_years",cc1_0."club_id",cc1_0."end_date",cc1_0."has_release_clause",cc1_0."last_negotiation_date",cc1_0."loyalty_bonus",cc1_0."negotiation_attempts",cc1_0."player_id",cc1_0."release_clause",cc1_0."signing_bonus",cc1_0."start_date",cc1_0."status",cc1_0."weekly_salary",s1_1."defending",s1_1."goalkeeping",s1_1."moral",s1_1."name",s1_1."on_sale",s1_1."original_team_id",s1_1."passing",s1_1."playmaking",s1_1."potential",s1_1."preferred_foot",s1_1."role",s1_1."salary",s1_1."scoring",s1_1."set_pieces",s1_1."stamina",s1_1."surname",s1_1."team_id",s1_1."winger" from "formation_substitutes" s1_0 join "player" s1_1 on s1_1."id"=s1_0."player_id" left join "player_career_stats" cs1_0 on s1_1."id"=cs1_0."player_id" left join "contract" cc1_0 on s1_1."id"=cc1_0."player_id" where s1_0."formation_id"=?
Hibernate: select s1_0."formation_id",s1_1."id",s1_1."birth",cs1_0."id",cs1_0."clubs_played",cs1_0."cup_titles",cs1_0."first_goal",cs1_0."first_professional_match",cs1_0."highest_season_rating",cs1_0."highest_transfer_value",cs1_0."international_caps",cs1_0."international_goals",cs1_0."league_titles",cs1_0."longest_goal_streak",cs1_0."milestone100goals",cs1_0."milestone100matches",cs1_0."most_assists_in_season",cs1_0."most_goals_in_season",cs1_0."total_assists",cs1_0."total_clean_sheets",cs1_0."total_goals",cs1_0."total_matches_played",cs1_0."total_red_cards",cs1_0."total_transfer_value",cs1_0."total_yellow_cards",s1_1."cndtion",cc1_0."id",cc1_0."automatic_extension_conditions",cc1_0."automatic_extension_years",cc1_0."club_id",cc1_0."end_date",cc1_0."has_release_clause",cc1_0."last_negotiation_date",cc1_0."loyalty_bonus",cc1_0."negotiation_attempts",cc1_0."player_id",cc1_0."release_clause",cc1_0."signing_bonus",cc1_0."start_date",cc1_0."status",cc1_0."weekly_salary",s1_1."defending",s1_1."goalkeeping",s1_1."moral",s1_1."name",s1_1."on_sale",s1_1."original_team_id",s1_1."passing",s1_1."playmaking",s1_1."potential",s1_1."preferred_foot",s1_1."role",s1_1."salary",s1_1."scoring",s1_1."set_pieces",s1_1."stamina",s1_1."surname",s1_1."team_id",s1_1."winger" from "formation_substitutes" s1_0 join "player" s1_1 on s1_1."id"=s1_0."player_id" left join "player_career_stats" cs1_0 on s1_1."id"=cs1_0."player_id" left join "contract" cc1_0 on s1_1."id"=cc1_0."player_id" where s1_0."formation_id"=?
Hibernate: select s1_0."club_id",s1_0."id",s1_0."ability",s1_0."birth",s1_0."contract_end",s1_0."contract_start",s1_0."description",s1_0."experience",s1_0."injury_prevention_bonus",s1_0."monthly_salary",s1_0."motivation_bonus",s1_0."name",s1_0."nationality_id",s1_0."recovery_bonus",s1_0."reputation",s1_0."role",s1_0."scouting_bonus",s1_0."specialization",s1_0."status",s1_0."surname",s1_0."training_bonus" from "staff" s1_0 where s1_0."club_id"=?
Hibernate: select s1_0."club_id",s1_0."id",s1_0."ability",s1_0."birth",s1_0."contract_end",s1_0."contract_start",s1_0."description",s1_0."experience",s1_0."injury_prevention_bonus",s1_0."monthly_salary",s1_0."motivation_bonus",s1_0."name",s1_0."nationality_id",s1_0."recovery_bonus",s1_0."reputation",s1_0."role",s1_0."scouting_bonus",s1_0."specialization",s1_0."status",s1_0."surname",s1_0."training_bonus" from "staff" s1_0 where s1_0."club_id"=?
Hibernate: select i1_0."player_id",i1_0."id",i1_0."actual_recovery_date",i1_0."description",i1_0."expected_recovery_date",i1_0."injury_date",i1_0."performance_impact",i1_0."severity",i1_0."status",i1_0."type" from "injury" i1_0 where i1_0."player_id"=?
Hibernate: select i1_0."player_id",i1_0."id",i1_0."actual_recovery_date",i1_0."description",i1_0."expected_recovery_date",i1_0."injury_date",i1_0."performance_impact",i1_0."severity",i1_0."status",i1_0."type" from "injury" i1_0 where i1_0."player_id"=?
Hibernate: select i1_0."player_id",i1_0."id",i1_0."actual_recovery_date",i1_0."description",i1_0."expected_recovery_date",i1_0."injury_date",i1_0."performance_impact",i1_0."severity",i1_0."status",i1_0."type" from "injury" i1_0 where i1_0."player_id"=?
Hibernate: select i1_0."player_id",i1_0."id",i1_0."actual_recovery_date",i1_0."description",i1_0."expected_recovery_date",i1_0."injury_date",i1_0."performance_impact",i1_0."severity",i1_0."status",i1_0."type" from "injury" i1_0 where i1_0."player_id"=?
Hibernate: select i1_0."player_id",i1_0."id",i1_0."actual_recovery_date",i1_0."description",i1_0."expected_recovery_date",i1_0."injury_date",i1_0."performance_impact",i1_0."severity",i1_0."status",i1_0."type" from "injury" i1_0 where i1_0."player_id"=?
Hibernate: select i1_0."player_id",i1_0."id",i1_0."actual_recovery_date",i1_0."description",i1_0."expected_recovery_date",i1_0."injury_date",i1_0."performance_impact",i1_0."severity",i1_0."status",i1_0."type" from "injury" i1_0 where i1_0."player_id"=?
Hibernate: select i1_0."player_id",i1_0."id",i1_0."actual_recovery_date",i1_0."description",i1_0."expected_recovery_date",i1_0."injury_date",i1_0."performance_impact",i1_0."severity",i1_0."status",i1_0."type" from "injury" i1_0 where i1_0."player_id"=?
Hibernate: select i1_0."player_id",i1_0."id",i1_0."actual_recovery_date",i1_0."description",i1_0."expected_recovery_date",i1_0."injury_date",i1_0."performance_impact",i1_0."severity",i1_0."status",i1_0."type" from "injury" i1_0 where i1_0."player_id"=?
Hibernate: select i1_0."player_id",i1_0."id",i1_0."actual_recovery_date",i1_0."description",i1_0."expected_recovery_date",i1_0."injury_date",i1_0."performance_impact",i1_0."severity",i1_0."status",i1_0."type" from "injury" i1_0 where i1_0."player_id"=?
Hibernate: select i1_0."player_id",i1_0."id",i1_0."actual_recovery_date",i1_0."description",i1_0."expected_recovery_date",i1_0."injury_date",i1_0."performance_impact",i1_0."severity",i1_0."status",i1_0."type" from "injury" i1_0 where i1_0."player_id"=?
Hibernate: select i1_0."player_id",i1_0."id",i1_0."actual_recovery_date",i1_0."description",i1_0."expected_recovery_date",i1_0."injury_date",i1_0."performance_impact",i1_0."severity",i1_0."status",i1_0."type" from "injury" i1_0 where i1_0."player_id"=?
Hibernate: select i1_0."player_id",i1_0."id",i1_0."actual_recovery_date",i1_0."description",i1_0."expected_recovery_date",i1_0."injury_date",i1_0."performance_impact",i1_0."severity",i1_0."status",i1_0."type" from "injury" i1_0 where i1_0."player_id"=?
Hibernate: select i1_0."player_id",i1_0."id",i1_0."actual_recovery_date",i1_0."description",i1_0."expected_recovery_date",i1_0."injury_date",i1_0."performance_impact",i1_0."severity",i1_0."status",i1_0."type" from "injury" i1_0 where i1_0."player_id"=?
Hibernate: select i1_0."player_id",i1_0."id",i1_0."actual_recovery_date",i1_0."description",i1_0."expected_recovery_date",i1_0."injury_date",i1_0."performance_impact",i1_0."severity",i1_0."status",i1_0."type" from "injury" i1_0 where i1_0."player_id"=?
Hibernate: select i1_0."player_id",i1_0."id",i1_0."actual_recovery_date",i1_0."description",i1_0."expected_recovery_date",i1_0."injury_date",i1_0."performance_impact",i1_0."severity",i1_0."status",i1_0."type" from "injury" i1_0 where i1_0."player_id"=?
Hibernate: select i1_0."player_id",i1_0."id",i1_0."actual_recovery_date",i1_0."description",i1_0."expected_recovery_date",i1_0."injury_date",i1_0."performance_impact",i1_0."severity",i1_0."status",i1_0."type" from "injury" i1_0 where i1_0."player_id"=?
Hibernate: select i1_0."player_id",i1_0."id",i1_0."actual_recovery_date",i1_0."description",i1_0."expected_recovery_date",i1_0."injury_date",i1_0."performance_impact",i1_0."severity",i1_0."status",i1_0."type" from "injury" i1_0 where i1_0."player_id"=?
Hibernate: select i1_0."player_id",i1_0."id",i1_0."actual_recovery_date",i1_0."description",i1_0."expected_recovery_date",i1_0."injury_date",i1_0."performance_impact",i1_0."severity",i1_0."status",i1_0."type" from "injury" i1_0 where i1_0."player_id"=?
Hibernate: select i1_0."player_id",i1_0."id",i1_0."actual_recovery_date",i1_0."description",i1_0."expected_recovery_date",i1_0."injury_date",i1_0."performance_impact",i1_0."severity",i1_0."status",i1_0."type" from "injury" i1_0 where i1_0."player_id"=?
Hibernate: select i1_0."player_id",i1_0."id",i1_0."actual_recovery_date",i1_0."description",i1_0."expected_recovery_date",i1_0."injury_date",i1_0."performance_impact",i1_0."severity",i1_0."status",i1_0."type" from "injury" i1_0 where i1_0."player_id"=?
Hibernate: select i1_0."player_id",i1_0."id",i1_0."actual_recovery_date",i1_0."description",i1_0."expected_recovery_date",i1_0."injury_date",i1_0."performance_impact",i1_0."severity",i1_0."status",i1_0."type" from "injury" i1_0 where i1_0."player_id"=?
Hibernate: select i1_0."player_id",i1_0."id",i1_0."actual_recovery_date",i1_0."description",i1_0."expected_recovery_date",i1_0."injury_date",i1_0."performance_impact",i1_0."severity",i1_0."status",i1_0."type" from "injury" i1_0 where i1_0."player_id"=?
Hibernate: select c1_0."id",c1_0."city",c1_0."finance_id",c1_0."foundation",c1_0."league_id",c1_0."logourl",c1_0."medical_center_id",c1_0."name",c1_0."stadium_id",c1_0."team_id",c1_0."training_facility_id",c1_0."under18_id",c1_0."youth_academy_id" from "club" c1_0 where c1_0."id"=?
Hibernate: select u1_0."id",u1_0."account_locked_until",u1_0."activation_token",u1_0."active",u1_0."admin_role",u1_0."ban_reason",u1_0."banned_by",u1_0."banned_until",u1_0."club_id",u1_0."country_id",u1_0."country",u1_0."created_by",u1_0."created_date",u1_0."date_of_birth",u1_0."email",u1_0."email_verification_token",u1_0."email_verification_token_expiry",u1_0."experience",u1_0."failed_login_attempts",u1_0."first_name",u1_0."is_active",u1_0."is_banned",u1_0."is_verified",u1_0."last_login_date",u1_0."last_login_ip",u1_0."last_modified_by",u1_0."last_modified_date",u1_0."last_name",mp1_0."id",mp1_0."current_xp",mp1_0."level",mp1_0."talent_points",up1_0."manager_profile_id",up1_0."perk",u1_0."name",u1_0."password",u1_0."password_changed_date",u1_0."password_reset_token",u1_0."password_reset_token_expiry",u1_0."phone_number",u1_0."preferred_language",u1_0."server_id",u1_0."surname",u1_0."timezone",u1_0."username" from "user" u1_0 left join "manager_profile" mp1_0 on u1_0."id"=mp1_0."user_id" left join "manager_unlocked_perks" up1_0 on mp1_0."id"=up1_0."manager_profile_id" where u1_0."club_id"=?
Hibernate: select s1_0."id",s1_0."accessibility_level",s1_0."atmosphere_multiplier",s1_0."base_capacity",s1_0."capacity",c1_0."id",c1_0."city",c1_0."finance_id",c1_0."foundation",c1_0."league_id",c1_0."logourl",c1_0."medical_center_id",c1_0."name",c1_0."team_id",c1_0."training_facility_id",c1_0."under18_id",c1_0."youth_academy_id",s1_0."construction_cost",s1_0."facilities_quality",s1_0."grandstand_est",s1_0."grandstand_nord",s1_0."grandstand_sud",s1_0."grandstand_west",s1_0."has_media_center",s1_0."has_megastore",s1_0."has_museum",s1_0."has_roof",s1_0."has_undersoil_heating",s1_0."has_vip_boxes",s1_0."last_upgrade_date",s1_0."maintenance_cost",s1_0."name",s1_0."next_maintenance_date",s1_0."pitch_quality",s1_0."revenue_multiplier",s1_0."security_level",s1_0."upgrade_value" from "stadium" s1_0 left join "club" c1_0 on s1_0."id"=c1_0."stadium_id" where s1_0."id"=?
Hibernate: select t1_0."id",ctp1_0."id",ctp1_0."friday_focus",ctp1_0."intensity",ctp1_0."last_updated",ctp1_0."monday_focus",ctp1_0."rest_on_weekends",ctp1_0."saturday_focus",ctp1_0."sunday_focus",ctp1_0."thursday_focus",ctp1_0."tuesday_focus",ctp1_0."wednesday_focus",t1_0."formation_id" from "team" t1_0 left join "training_plan" ctp1_0 on t1_0."id"=ctp1_0."team_id" where t1_0."id"=?
Hibernate: select c1_0."id",c1_0."city",c1_0."finance_id",c1_0."foundation",c1_0."league_id",c1_0."logourl",c1_0."medical_center_id",c1_0."name",c1_0."stadium_id",c1_0."team_id",c1_0."training_facility_id",c1_0."under18_id",c1_0."youth_academy_id" from "club" c1_0 where c1_0."under18_id"=?
Hibernate: select p1_0."team_id",p1_0."id",p1_0."birth",cs1_0."id",cs1_0."clubs_played",cs1_0."cup_titles",cs1_0."first_goal",cs1_0."first_professional_match",cs1_0."highest_season_rating",cs1_0."highest_transfer_value",cs1_0."international_caps",cs1_0."international_goals",cs1_0."league_titles",cs1_0."longest_goal_streak",cs1_0."milestone100goals",cs1_0."milestone100matches",cs1_0."most_assists_in_season",cs1_0."most_goals_in_season",cs1_0."total_assists",cs1_0."total_clean_sheets",cs1_0."total_goals",cs1_0."total_matches_played",cs1_0."total_red_cards",cs1_0."total_transfer_value",cs1_0."total_yellow_cards",p1_0."cndtion",cc1_0."id",cc1_0."automatic_extension_conditions",cc1_0."automatic_extension_years",cc1_0."club_id",cc1_0."end_date",cc1_0."has_release_clause",cc1_0."last_negotiation_date",cc1_0."loyalty_bonus",cc1_0."negotiation_attempts",cc1_0."player_id",cc1_0."release_clause",cc1_0."signing_bonus",cc1_0."start_date",cc1_0."status",cc1_0."weekly_salary",p1_0."defending",p1_0."goalkeeping",p1_0."moral",p1_0."name",p1_0."on_sale",p1_0."original_team_id",p1_0."passing",p1_0."playmaking",p1_0."potential",p1_0."preferred_foot",p1_0."role",p1_0."salary",p1_0."scoring",p1_0."set_pieces",p1_0."stamina",p1_0."surname",p1_0."winger" from "player" p1_0 left join "player_career_stats" cs1_0 on p1_0."id"=cs1_0."player_id" left join "contract" cc1_0 on p1_0."id"=cc1_0."player_id" where p1_0."team_id"=?
Hibernate: insert into "formation" ("have_ball","mentality","module_id","substitution_strategy","id") values (?,?,?,?,default)
Hibernate: insert into "event_history" ("away_score","event","home_score","match_id","minute","type","uuid","id") values (?,?,?,?,?,?,?,default)
Hibernate: insert into "event_history" ("away_score","event","home_score","match_id","minute","type","uuid","id") values (?,?,?,?,?,?,?,default)
Hibernate: insert into "event_history" ("away_score","event","home_score","match_id","minute","type","uuid","id") values (?,?,?,?,?,?,?,default)
Hibernate: insert into "event_history" ("away_score","event","home_score","match_id","minute","type","uuid","id") values (?,?,?,?,?,?,?,default)
Hibernate: insert into "event_history" ("away_score","event","home_score","match_id","minute","type","uuid","id") values (?,?,?,?,?,?,?,default)
Hibernate: insert into "event_history" ("away_score","event","home_score","match_id","minute","type","uuid","id") values (?,?,?,?,?,?,?,default)
Hibernate: insert into "event_history" ("away_score","event","home_score","match_id","minute","type","uuid","id") values (?,?,?,?,?,?,?,default)
Hibernate: insert into "event_history" ("away_score","event","home_score","match_id","minute","type","uuid","id") values (?,?,?,?,?,?,?,default)
Hibernate: insert into "event_history" ("away_score","event","home_score","match_id","minute","type","uuid","id") values (?,?,?,?,?,?,?,default)
Hibernate: insert into "event_history" ("away_score","event","home_score","match_id","minute","type","uuid","id") values (?,?,?,?,?,?,?,default)
Hibernate: insert into "formation" ("have_ball","mentality","module_id","substitution_strategy","id") values (?,?,?,?,default)
Hibernate: insert into "match_player_stats" ("assists","completed_passes","goals","goals_conceded","match_id","minutes_played","mvp","passes","penalties_saved","player_id","position","rating","red_cards","saves","shots","shots_on_target","started","tackles","yellow_cards","id") values (?,?,?,?,?,?,?,?,?,?,?,?,?,?,?,?,?,?,?,default)
Hibernate: insert into "match_player_stats" ("assists","completed_passes","goals","goals_conceded","match_id","minutes_played","mvp","passes","penalties_saved","player_id","position","rating","red_cards","saves","shots","shots_on_target","started","tackles","yellow_cards","id") values (?,?,?,?,?,?,?,?,?,?,?,?,?,?,?,?,?,?,?,default)
Hibernate: insert into "match_player_stats" ("assists","completed_passes","goals","goals_conceded","match_id","minutes_played","mvp","passes","penalties_saved","player_id","position","rating","red_cards","saves","shots","shots_on_target","started","tackles","yellow_cards","id") values (?,?,?,?,?,?,?,?,?,?,?,?,?,?,?,?,?,?,?,default)
Hibernate: insert into "match_player_stats" ("assists","completed_passes","goals","goals_conceded","match_id","minutes_played","mvp","passes","penalties_saved","player_id","position","rating","red_cards","saves","shots","shots_on_target","started","tackles","yellow_cards","id") values (?,?,?,?,?,?,?,?,?,?,?,?,?,?,?,?,?,?,?,default)
Hibernate: insert into "match_player_stats" ("assists","completed_passes","goals","goals_conceded","match_id","minutes_played","mvp","passes","penalties_saved","player_id","position","rating","red_cards","saves","shots","shots_on_target","started","tackles","yellow_cards","id") values (?,?,?,?,?,?,?,?,?,?,?,?,?,?,?,?,?,?,?,default)
Hibernate: insert into "match_player_stats" ("assists","completed_passes","goals","goals_conceded","match_id","minutes_played","mvp","passes","penalties_saved","player_id","position","rating","red_cards","saves","shots","shots_on_target","started","tackles","yellow_cards","id") values (?,?,?,?,?,?,?,?,?,?,?,?,?,?,?,?,?,?,?,default)
Hibernate: insert into "match_player_stats" ("assists","completed_passes","goals","goals_conceded","match_id","minutes_played","mvp","passes","penalties_saved","player_id","position","rating","red_cards","saves","shots","shots_on_target","started","tackles","yellow_cards","id") values (?,?,?,?,?,?,?,?,?,?,?,?,?,?,?,?,?,?,?,default)
Hibernate: insert into "match_player_stats" ("assists","completed_passes","goals","goals_conceded","match_id","minutes_played","mvp","passes","penalties_saved","player_id","position","rating","red_cards","saves","shots","shots_on_target","started","tackles","yellow_cards","id") values (?,?,?,?,?,?,?,?,?,?,?,?,?,?,?,?,?,?,?,default)
Hibernate: insert into "match_player_stats" ("assists","completed_passes","goals","goals_conceded","match_id","minutes_played","mvp","passes","penalties_saved","player_id","position","rating","red_cards","saves","shots","shots_on_target","started","tackles","yellow_cards","id") values (?,?,?,?,?,?,?,?,?,?,?,?,?,?,?,?,?,?,?,default)
Hibernate: insert into "match_player_stats" ("assists","completed_passes","goals","goals_conceded","match_id","minutes_played","mvp","passes","penalties_saved","player_id","position","rating","red_cards","saves","shots","shots_on_target","started","tackles","yellow_cards","id") values (?,?,?,?,?,?,?,?,?,?,?,?,?,?,?,?,?,?,?,default)
Hibernate: insert into "match_player_stats" ("assists","completed_passes","goals","goals_conceded","match_id","minutes_played","mvp","passes","penalties_saved","player_id","position","rating","red_cards","saves","shots","shots_on_target","started","tackles","yellow_cards","id") values (?,?,?,?,?,?,?,?,?,?,?,?,?,?,?,?,?,?,?,default)
Hibernate: insert into "match_player_stats" ("assists","completed_passes","goals","goals_conceded","match_id","minutes_played","mvp","passes","penalties_saved","player_id","position","rating","red_cards","saves","shots","shots_on_target","started","tackles","yellow_cards","id") values (?,?,?,?,?,?,?,?,?,?,?,?,?,?,?,?,?,?,?,default)
Hibernate: insert into "match_player_stats" ("assists","completed_passes","goals","goals_conceded","match_id","minutes_played","mvp","passes","penalties_saved","player_id","position","rating","red_cards","saves","shots","shots_on_target","started","tackles","yellow_cards","id") values (?,?,?,?,?,?,?,?,?,?,?,?,?,?,?,?,?,?,?,default)
Hibernate: insert into "match_player_stats" ("assists","completed_passes","goals","goals_conceded","match_id","minutes_played","mvp","passes","penalties_saved","player_id","position","rating","red_cards","saves","shots","shots_on_target","started","tackles","yellow_cards","id") values (?,?,?,?,?,?,?,?,?,?,?,?,?,?,?,?,?,?,?,default)
Hibernate: insert into "match_player_stats" ("assists","completed_passes","goals","goals_conceded","match_id","minutes_played","mvp","passes","penalties_saved","player_id","position","rating","red_cards","saves","shots","shots_on_target","started","tackles","yellow_cards","id") values (?,?,?,?,?,?,?,?,?,?,?,?,?,?,?,?,?,?,?,default)
Hibernate: insert into "match_player_stats" ("assists","completed_passes","goals","goals_conceded","match_id","minutes_played","mvp","passes","penalties_saved","player_id","position","rating","red_cards","saves","shots","shots_on_target","started","tackles","yellow_cards","id") values (?,?,?,?,?,?,?,?,?,?,?,?,?,?,?,?,?,?,?,default)
Hibernate: insert into "match_player_stats" ("assists","completed_passes","goals","goals_conceded","match_id","minutes_played","mvp","passes","penalties_saved","player_id","position","rating","red_cards","saves","shots","shots_on_target","started","tackles","yellow_cards","id") values (?,?,?,?,?,?,?,?,?,?,?,?,?,?,?,?,?,?,?,default)
Hibernate: insert into "match_player_stats" ("assists","completed_passes","goals","goals_conceded","match_id","minutes_played","mvp","passes","penalties_saved","player_id","position","rating","red_cards","saves","shots","shots_on_target","started","tackles","yellow_cards","id") values (?,?,?,?,?,?,?,?,?,?,?,?,?,?,?,?,?,?,?,default)
Hibernate: insert into "match_player_stats" ("assists","completed_passes","goals","goals_conceded","match_id","minutes_played","mvp","passes","penalties_saved","player_id","position","rating","red_cards","saves","shots","shots_on_target","started","tackles","yellow_cards","id") values (?,?,?,?,?,?,?,?,?,?,?,?,?,?,?,?,?,?,?,default)
Hibernate: insert into "match_player_stats" ("assists","completed_passes","goals","goals_conceded","match_id","minutes_played","mvp","passes","penalties_saved","player_id","position","rating","red_cards","saves","shots","shots_on_target","started","tackles","yellow_cards","id") values (?,?,?,?,?,?,?,?,?,?,?,?,?,?,?,?,?,?,?,default)
Hibernate: insert into "match_player_stats" ("assists","completed_passes","goals","goals_conceded","match_id","minutes_played","mvp","passes","penalties_saved","player_id","position","rating","red_cards","saves","shots","shots_on_target","started","tackles","yellow_cards","id") values (?,?,?,?,?,?,?,?,?,?,?,?,?,?,?,?,?,?,?,default)
Hibernate: insert into "match_player_stats" ("assists","completed_passes","goals","goals_conceded","match_id","minutes_played","mvp","passes","penalties_saved","player_id","position","rating","red_cards","saves","shots","shots_on_target","started","tackles","yellow_cards","id") values (?,?,?,?,?,?,?,?,?,?,?,?,?,?,?,?,?,?,?,default)
Hibernate: insert into "stats" ("away_completed_passes","away_fouls","away_interceptions","away_on_target","away_passes","away_possession","away_shots","away_tackles","away_yellow_cards","home_completed_passes","home_fouls","home_interceptions","home_on_target","home_passes","home_possession","home_shots","home_tackles","home_yellow_cards","id") values (?,?,?,?,?,?,?,?,?,?,?,?,?,?,?,?,?,?,default)
Hibernate: select m1_0."id",m1_0."cd",m1_0."fw",m1_0."mf",m1_0."name",m1_0."wb",m1_0."wng" from "module" m1_0
Hibernate: select f1_0."id",f1_0."have_ball",f1_0."mentality",f1_0."module_id",f1_0."substitution_strategy" from "formation" f1_0 where f1_0."id"=?
Hibernate: select c1_0."id",c1_0."city",c1_0."finance_id",c1_0."foundation",c1_0."league_id",c1_0."logourl",c1_0."medical_center_id",c1_0."name",c1_0."stadium_id",c1_0."team_id",c1_0."training_facility_id",c1_0."under18_id",c1_0."youth_academy_id" from "club" c1_0 where c1_0."id"=?
Hibernate: select u1_0."id",u1_0."account_locked_until",u1_0."activation_token",u1_0."active",u1_0."admin_role",u1_0."ban_reason",u1_0."banned_by",u1_0."banned_until",u1_0."club_id",u1_0."country_id",u1_0."country",u1_0."created_by",u1_0."created_date",u1_0."date_of_birth",u1_0."email",u1_0."email_verification_token",u1_0."email_verification_token_expiry",u1_0."experience",u1_0."failed_login_attempts",u1_0."first_name",u1_0."is_active",u1_0."is_banned",u1_0."is_verified",u1_0."last_login_date",u1_0."last_login_ip",u1_0."last_modified_by",u1_0."last_modified_date",u1_0."last_name",mp1_0."id",mp1_0."current_xp",mp1_0."level",mp1_0."talent_points",up1_0."manager_profile_id",up1_0."perk",u1_0."name",u1_0."password",u1_0."password_changed_date",u1_0."password_reset_token",u1_0."password_reset_token_expiry",u1_0."phone_number",u1_0."preferred_language",u1_0."server_id",u1_0."surname",u1_0."timezone",u1_0."username" from "user" u1_0 left join "manager_profile" mp1_0 on u1_0."id"=mp1_0."user_id" left join "manager_unlocked_perks" up1_0 on mp1_0."id"=up1_0."manager_profile_id" where u1_0."club_id"=?
Hibernate: select t1_0."id",ctp1_0."id",ctp1_0."friday_focus",ctp1_0."intensity",ctp1_0."last_updated",ctp1_0."monday_focus",ctp1_0."rest_on_weekends",ctp1_0."saturday_focus",ctp1_0."sunday_focus",ctp1_0."thursday_focus",ctp1_0."tuesday_focus",ctp1_0."wednesday_focus",t1_0."formation_id" from "team" t1_0 left join "training_plan" ctp1_0 on t1_0."id"=ctp1_0."team_id" where t1_0."id"=?
Hibernate: select c1_0."id",c1_0."city",c1_0."finance_id",c1_0."foundation",c1_0."league_id",c1_0."logourl",c1_0."medical_center_id",c1_0."name",c1_0."stadium_id",c1_0."team_id",c1_0."training_facility_id",c1_0."under18_id",c1_0."youth_academy_id" from "club" c1_0 where c1_0."under18_id"=?
Hibernate: select p1_0."team_id",p1_0."id",p1_0."birth",cs1_0."id",cs1_0."clubs_played",cs1_0."cup_titles",cs1_0."first_goal",cs1_0."first_professional_match",cs1_0."highest_season_rating",cs1_0."highest_transfer_value",cs1_0."international_caps",cs1_0."international_goals",cs1_0."league_titles",cs1_0."longest_goal_streak",cs1_0."milestone100goals",cs1_0."milestone100matches",cs1_0."most_assists_in_season",cs1_0."most_goals_in_season",cs1_0."total_assists",cs1_0."total_clean_sheets",cs1_0."total_goals",cs1_0."total_matches_played",cs1_0."total_red_cards",cs1_0."total_transfer_value",cs1_0."total_yellow_cards",p1_0."cndtion",cc1_0."id",cc1_0."automatic_extension_conditions",cc1_0."automatic_extension_years",cc1_0."club_id",cc1_0."end_date",cc1_0."has_release_clause",cc1_0."last_negotiation_date",cc1_0."loyalty_bonus",cc1_0."negotiation_attempts",cc1_0."player_id",cc1_0."release_clause",cc1_0."signing_bonus",cc1_0."start_date",cc1_0."status",cc1_0."weekly_salary",p1_0."defending",p1_0."goalkeeping",p1_0."moral",p1_0."name",p1_0."on_sale",p1_0."original_team_id",p1_0."passing",p1_0."playmaking",p1_0."potential",p1_0."preferred_foot",p1_0."role",p1_0."salary",p1_0."scoring",p1_0."set_pieces",p1_0."stamina",p1_0."surname",p1_0."winger" from "player" p1_0 left join "player_career_stats" cs1_0 on p1_0."id"=cs1_0."player_id" left join "contract" cc1_0 on p1_0."id"=cc1_0."player_id" where p1_0."team_id"=?
Hibernate: select m1_0."id",m1_0."cd",m1_0."fw",m1_0."mf",m1_0."name",m1_0."wb",m1_0."wng" from "module" m1_0
Hibernate: select f1_0."id",f1_0."have_ball",f1_0."mentality",f1_0."module_id",f1_0."substitution_strategy" from "formation" f1_0 where f1_0."id"=?
Hibernate: select s1_0."formation_id",s1_1."id",s1_1."birth",cs1_0."id",cs1_0."clubs_played",cs1_0."cup_titles",cs1_0."first_goal",cs1_0."first_professional_match",cs1_0."highest_season_rating",cs1_0."highest_transfer_value",cs1_0."international_caps",cs1_0."international_goals",cs1_0."league_titles",cs1_0."longest_goal_streak",cs1_0."milestone100goals",cs1_0."milestone100matches",cs1_0."most_assists_in_season",cs1_0."most_goals_in_season",cs1_0."total_assists",cs1_0."total_clean_sheets",cs1_0."total_goals",cs1_0."total_matches_played",cs1_0."total_red_cards",cs1_0."total_transfer_value",cs1_0."total_yellow_cards",s1_1."cndtion",cc1_0."id",cc1_0."automatic_extension_conditions",cc1_0."automatic_extension_years",cc1_0."club_id",cc1_0."end_date",cc1_0."has_release_clause",cc1_0."last_negotiation_date",cc1_0."loyalty_bonus",cc1_0."negotiation_attempts",cc1_0."player_id",cc1_0."release_clause",cc1_0."signing_bonus",cc1_0."start_date",cc1_0."status",cc1_0."weekly_salary",s1_1."defending",s1_1."goalkeeping",s1_1."moral",s1_1."name",s1_1."on_sale",s1_1."original_team_id",s1_1."passing",s1_1."playmaking",s1_1."potential",s1_1."preferred_foot",s1_1."role",s1_1."salary",s1_1."scoring",s1_1."set_pieces",s1_1."stamina",s1_1."surname",s1_1."team_id",s1_1."winger" from "formation_substitutes" s1_0 join "player" s1_1 on s1_1."id"=s1_0."player_id" left join "player_career_stats" cs1_0 on s1_1."id"=cs1_0."player_id" left join "contract" cc1_0 on s1_1."id"=cc1_0."player_id" where s1_0."formation_id"=?
Hibernate: select s1_0."formation_id",s1_1."id",s1_1."birth",cs1_0."id",cs1_0."clubs_played",cs1_0."cup_titles",cs1_0."first_goal",cs1_0."first_professional_match",cs1_0."highest_season_rating",cs1_0."highest_transfer_value",cs1_0."international_caps",cs1_0."international_goals",cs1_0."league_titles",cs1_0."longest_goal_streak",cs1_0."milestone100goals",cs1_0."milestone100matches",cs1_0."most_assists_in_season",cs1_0."most_goals_in_season",cs1_0."total_assists",cs1_0."total_clean_sheets",cs1_0."total_goals",cs1_0."total_matches_played",cs1_0."total_red_cards",cs1_0."total_transfer_value",cs1_0."total_yellow_cards",s1_1."cndtion",cc1_0."id",cc1_0."automatic_extension_conditions",cc1_0."automatic_extension_years",cc1_0."club_id",cc1_0."end_date",cc1_0."has_release_clause",cc1_0."last_negotiation_date",cc1_0."loyalty_bonus",cc1_0."negotiation_attempts",cc1_0."player_id",cc1_0."release_clause",cc1_0."signing_bonus",cc1_0."start_date",cc1_0."status",cc1_0."weekly_salary",s1_1."defending",s1_1."goalkeeping",s1_1."moral",s1_1."name",s1_1."on_sale",s1_1."original_team_id",s1_1."passing",s1_1."playmaking",s1_1."potential",s1_1."preferred_foot",s1_1."role",s1_1."salary",s1_1."scoring",s1_1."set_pieces",s1_1."stamina",s1_1."surname",s1_1."team_id",s1_1."winger" from "formation_substitutes" s1_0 join "player" s1_1 on s1_1."id"=s1_0."player_id" left join "player_career_stats" cs1_0 on s1_1."id"=cs1_0."player_id" left join "contract" cc1_0 on s1_1."id"=cc1_0."player_id" where s1_0."formation_id"=?
Hibernate: select s1_0."club_id",s1_0."id",s1_0."ability",s1_0."birth",s1_0."contract_end",s1_0."contract_start",s1_0."description",s1_0."experience",s1_0."injury_prevention_bonus",s1_0."monthly_salary",s1_0."motivation_bonus",s1_0."name",s1_0."nationality_id",s1_0."recovery_bonus",s1_0."reputation",s1_0."role",s1_0."scouting_bonus",s1_0."specialization",s1_0."status",s1_0."surname",s1_0."training_bonus" from "staff" s1_0 where s1_0."club_id"=?
Hibernate: select s1_0."club_id",s1_0."id",s1_0."ability",s1_0."birth",s1_0."contract_end",s1_0."contract_start",s1_0."description",s1_0."experience",s1_0."injury_prevention_bonus",s1_0."monthly_salary",s1_0."motivation_bonus",s1_0."name",s1_0."nationality_id",s1_0."recovery_bonus",s1_0."reputation",s1_0."role",s1_0."scouting_bonus",s1_0."specialization",s1_0."status",s1_0."surname",s1_0."training_bonus" from "staff" s1_0 where s1_0."club_id"=?
Hibernate: select i1_0."player_id",i1_0."id",i1_0."actual_recovery_date",i1_0."description",i1_0."expected_recovery_date",i1_0."injury_date",i1_0."performance_impact",i1_0."severity",i1_0."status",i1_0."type" from "injury" i1_0 where i1_0."player_id"=?
Hibernate: select i1_0."player_id",i1_0."id",i1_0."actual_recovery_date",i1_0."description",i1_0."expected_recovery_date",i1_0."injury_date",i1_0."performance_impact",i1_0."severity",i1_0."status",i1_0."type" from "injury" i1_0 where i1_0."player_id"=?
Hibernate: select i1_0."player_id",i1_0."id",i1_0."actual_recovery_date",i1_0."description",i1_0."expected_recovery_date",i1_0."injury_date",i1_0."performance_impact",i1_0."severity",i1_0."status",i1_0."type" from "injury" i1_0 where i1_0."player_id"=?
Hibernate: select i1_0."player_id",i1_0."id",i1_0."actual_recovery_date",i1_0."description",i1_0."expected_recovery_date",i1_0."injury_date",i1_0."performance_impact",i1_0."severity",i1_0."status",i1_0."type" from "injury" i1_0 where i1_0."player_id"=?
Hibernate: select i1_0."player_id",i1_0."id",i1_0."actual_recovery_date",i1_0."description",i1_0."expected_recovery_date",i1_0."injury_date",i1_0."performance_impact",i1_0."severity",i1_0."status",i1_0."type" from "injury" i1_0 where i1_0."player_id"=?
Hibernate: select i1_0."player_id",i1_0."id",i1_0."actual_recovery_date",i1_0."description",i1_0."expected_recovery_date",i1_0."injury_date",i1_0."performance_impact",i1_0."severity",i1_0."status",i1_0."type" from "injury" i1_0 where i1_0."player_id"=?
Hibernate: select i1_0."player_id",i1_0."id",i1_0."actual_recovery_date",i1_0."description",i1_0."expected_recovery_date",i1_0."injury_date",i1_0."performance_impact",i1_0."severity",i1_0."status",i1_0."type" from "injury" i1_0 where i1_0."player_id"=?
Hibernate: select i1_0."player_id",i1_0."id",i1_0."actual_recovery_date",i1_0."description",i1_0."expected_recovery_date",i1_0."injury_date",i1_0."performance_impact",i1_0."severity",i1_0."status",i1_0."type" from "injury" i1_0 where i1_0."player_id"=?
Hibernate: select i1_0."player_id",i1_0."id",i1_0."actual_recovery_date",i1_0."description",i1_0."expected_recovery_date",i1_0."injury_date",i1_0."performance_impact",i1_0."severity",i1_0."status",i1_0."type" from "injury" i1_0 where i1_0."player_id"=?
Hibernate: select i1_0."player_id",i1_0."id",i1_0."actual_recovery_date",i1_0."description",i1_0."expected_recovery_date",i1_0."injury_date",i1_0."performance_impact",i1_0."severity",i1_0."status",i1_0."type" from "injury" i1_0 where i1_0."player_id"=?
Hibernate: select i1_0."player_id",i1_0."id",i1_0."actual_recovery_date",i1_0."description",i1_0."expected_recovery_date",i1_0."injury_date",i1_0."performance_impact",i1_0."severity",i1_0."status",i1_0."type" from "injury" i1_0 where i1_0."player_id"=?
Hibernate: select i1_0."player_id",i1_0."id",i1_0."actual_recovery_date",i1_0."description",i1_0."expected_recovery_date",i1_0."injury_date",i1_0."performance_impact",i1_0."severity",i1_0."status",i1_0."type" from "injury" i1_0 where i1_0."player_id"=?
Hibernate: select i1_0."player_id",i1_0."id",i1_0."actual_recovery_date",i1_0."description",i1_0."expected_recovery_date",i1_0."injury_date",i1_0."performance_impact",i1_0."severity",i1_0."status",i1_0."type" from "injury" i1_0 where i1_0."player_id"=?
Hibernate: select i1_0."player_id",i1_0."id",i1_0."actual_recovery_date",i1_0."description",i1_0."expected_recovery_date",i1_0."injury_date",i1_0."performance_impact",i1_0."severity",i1_0."status",i1_0."type" from "injury" i1_0 where i1_0."player_id"=?
Hibernate: select i1_0."player_id",i1_0."id",i1_0."actual_recovery_date",i1_0."description",i1_0."expected_recovery_date",i1_0."injury_date",i1_0."performance_impact",i1_0."severity",i1_0."status",i1_0."type" from "injury" i1_0 where i1_0."player_id"=?
Hibernate: select i1_0."player_id",i1_0."id",i1_0."actual_recovery_date",i1_0."description",i1_0."expected_recovery_date",i1_0."injury_date",i1_0."performance_impact",i1_0."severity",i1_0."status",i1_0."type" from "injury" i1_0 where i1_0."player_id"=?
Hibernate: select i1_0."player_id",i1_0."id",i1_0."actual_recovery_date",i1_0."description",i1_0."expected_recovery_date",i1_0."injury_date",i1_0."performance_impact",i1_0."severity",i1_0."status",i1_0."type" from "injury" i1_0 where i1_0."player_id"=?
Hibernate: select i1_0."player_id",i1_0."id",i1_0."actual_recovery_date",i1_0."description",i1_0."expected_recovery_date",i1_0."injury_date",i1_0."performance_impact",i1_0."severity",i1_0."status",i1_0."type" from "injury" i1_0 where i1_0."player_id"=?
Hibernate: select i1_0."player_id",i1_0."id",i1_0."actual_recovery_date",i1_0."description",i1_0."expected_recovery_date",i1_0."injury_date",i1_0."performance_impact",i1_0."severity",i1_0."status",i1_0."type" from "injury" i1_0 where i1_0."player_id"=?
Hibernate: select i1_0."player_id",i1_0."id",i1_0."actual_recovery_date",i1_0."description",i1_0."expected_recovery_date",i1_0."injury_date",i1_0."performance_impact",i1_0."severity",i1_0."status",i1_0."type" from "injury" i1_0 where i1_0."player_id"=?
Hibernate: select i1_0."player_id",i1_0."id",i1_0."actual_recovery_date",i1_0."description",i1_0."expected_recovery_date",i1_0."injury_date",i1_0."performance_impact",i1_0."severity",i1_0."status",i1_0."type" from "injury" i1_0 where i1_0."player_id"=?
Hibernate: select i1_0."player_id",i1_0."id",i1_0."actual_recovery_date",i1_0."description",i1_0."expected_recovery_date",i1_0."injury_date",i1_0."performance_impact",i1_0."severity",i1_0."status",i1_0."type" from "injury" i1_0 where i1_0."player_id"=?
Hibernate: insert into "formation" ("have_ball","mentality","module_id","substitution_strategy","id") values (?,?,?,?,default)
Hibernate: insert into "event_history" ("away_score","event","home_score","match_id","minute","type","uuid","id") values (?,?,?,?,?,?,?,default)
Hibernate: insert into "event_history" ("away_score","event","home_score","match_id","minute","type","uuid","id") values (?,?,?,?,?,?,?,default)
Hibernate: insert into "event_history" ("away_score","event","home_score","match_id","minute","type","uuid","id") values (?,?,?,?,?,?,?,default)
Hibernate: insert into "event_history" ("away_score","event","home_score","match_id","minute","type","uuid","id") values (?,?,?,?,?,?,?,default)
Hibernate: insert into "event_history" ("away_score","event","home_score","match_id","minute","type","uuid","id") values (?,?,?,?,?,?,?,default)
Hibernate: insert into "event_history" ("away_score","event","home_score","match_id","minute","type","uuid","id") values (?,?,?,?,?,?,?,default)
Hibernate: insert into "event_history" ("away_score","event","home_score","match_id","minute","type","uuid","id") values (?,?,?,?,?,?,?,default)
Hibernate: insert into "event_history" ("away_score","event","home_score","match_id","minute","type","uuid","id") values (?,?,?,?,?,?,?,default)
Hibernate: insert into "formation" ("have_ball","mentality","module_id","substitution_strategy","id") values (?,?,?,?,default)
Hibernate: insert into "match_player_stats" ("assists","completed_passes","goals","goals_conceded","match_id","minutes_played","mvp","passes","penalties_saved","player_id","position","rating","red_cards","saves","shots","shots_on_target","started","tackles","yellow_cards","id") values (?,?,?,?,?,?,?,?,?,?,?,?,?,?,?,?,?,?,?,default)
Hibernate: insert into "match_player_stats" ("assists","completed_passes","goals","goals_conceded","match_id","minutes_played","mvp","passes","penalties_saved","player_id","position","rating","red_cards","saves","shots","shots_on_target","started","tackles","yellow_cards","id") values (?,?,?,?,?,?,?,?,?,?,?,?,?,?,?,?,?,?,?,default)
Hibernate: insert into "match_player_stats" ("assists","completed_passes","goals","goals_conceded","match_id","minutes_played","mvp","passes","penalties_saved","player_id","position","rating","red_cards","saves","shots","shots_on_target","started","tackles","yellow_cards","id") values (?,?,?,?,?,?,?,?,?,?,?,?,?,?,?,?,?,?,?,default)
Hibernate: insert into "match_player_stats" ("assists","completed_passes","goals","goals_conceded","match_id","minutes_played","mvp","passes","penalties_saved","player_id","position","rating","red_cards","saves","shots","shots_on_target","started","tackles","yellow_cards","id") values (?,?,?,?,?,?,?,?,?,?,?,?,?,?,?,?,?,?,?,default)
Hibernate: insert into "match_player_stats" ("assists","completed_passes","goals","goals_conceded","match_id","minutes_played","mvp","passes","penalties_saved","player_id","position","rating","red_cards","saves","shots","shots_on_target","started","tackles","yellow_cards","id") values (?,?,?,?,?,?,?,?,?,?,?,?,?,?,?,?,?,?,?,default)
Hibernate: insert into "match_player_stats" ("assists","completed_passes","goals","goals_conceded","match_id","minutes_played","mvp","passes","penalties_saved","player_id","position","rating","red_cards","saves","shots","shots_on_target","started","tackles","yellow_cards","id") values (?,?,?,?,?,?,?,?,?,?,?,?,?,?,?,?,?,?,?,default)
Hibernate: insert into "match_player_stats" ("assists","completed_passes","goals","goals_conceded","match_id","minutes_played","mvp","passes","penalties_saved","player_id","position","rating","red_cards","saves","shots","shots_on_target","started","tackles","yellow_cards","id") values (?,?,?,?,?,?,?,?,?,?,?,?,?,?,?,?,?,?,?,default)
Hibernate: insert into "match_player_stats" ("assists","completed_passes","goals","goals_conceded","match_id","minutes_played","mvp","passes","penalties_saved","player_id","position","rating","red_cards","saves","shots","shots_on_target","started","tackles","yellow_cards","id") values (?,?,?,?,?,?,?,?,?,?,?,?,?,?,?,?,?,?,?,default)
Hibernate: insert into "match_player_stats" ("assists","completed_passes","goals","goals_conceded","match_id","minutes_played","mvp","passes","penalties_saved","player_id","position","rating","red_cards","saves","shots","shots_on_target","started","tackles","yellow_cards","id") values (?,?,?,?,?,?,?,?,?,?,?,?,?,?,?,?,?,?,?,default)
Hibernate: insert into "match_player_stats" ("assists","completed_passes","goals","goals_conceded","match_id","minutes_played","mvp","passes","penalties_saved","player_id","position","rating","red_cards","saves","shots","shots_on_target","started","tackles","yellow_cards","id") values (?,?,?,?,?,?,?,?,?,?,?,?,?,?,?,?,?,?,?,default)
Hibernate: insert into "match_player_stats" ("assists","completed_passes","goals","goals_conceded","match_id","minutes_played","mvp","passes","penalties_saved","player_id","position","rating","red_cards","saves","shots","shots_on_target","started","tackles","yellow_cards","id") values (?,?,?,?,?,?,?,?,?,?,?,?,?,?,?,?,?,?,?,default)
Hibernate: insert into "match_player_stats" ("assists","completed_passes","goals","goals_conceded","match_id","minutes_played","mvp","passes","penalties_saved","player_id","position","rating","red_cards","saves","shots","shots_on_target","started","tackles","yellow_cards","id") values (?,?,?,?,?,?,?,?,?,?,?,?,?,?,?,?,?,?,?,default)
Hibernate: insert into "match_player_stats" ("assists","completed_passes","goals","goals_conceded","match_id","minutes_played","mvp","passes","penalties_saved","player_id","position","rating","red_cards","saves","shots","shots_on_target","started","tackles","yellow_cards","id") values (?,?,?,?,?,?,?,?,?,?,?,?,?,?,?,?,?,?,?,default)
Hibernate: insert into "match_player_stats" ("assists","completed_passes","goals","goals_conceded","match_id","minutes_played","mvp","passes","penalties_saved","player_id","position","rating","red_cards","saves","shots","shots_on_target","started","tackles","yellow_cards","id") values (?,?,?,?,?,?,?,?,?,?,?,?,?,?,?,?,?,?,?,default)
Hibernate: insert into "match_player_stats" ("assists","completed_passes","goals","goals_conceded","match_id","minutes_played","mvp","passes","penalties_saved","player_id","position","rating","red_cards","saves","shots","shots_on_target","started","tackles","yellow_cards","id") values (?,?,?,?,?,?,?,?,?,?,?,?,?,?,?,?,?,?,?,default)
Hibernate: insert into "match_player_stats" ("assists","completed_passes","goals","goals_conceded","match_id","minutes_played","mvp","passes","penalties_saved","player_id","position","rating","red_cards","saves","shots","shots_on_target","started","tackles","yellow_cards","id") values (?,?,?,?,?,?,?,?,?,?,?,?,?,?,?,?,?,?,?,default)
Hibernate: insert into "match_player_stats" ("assists","completed_passes","goals","goals_conceded","match_id","minutes_played","mvp","passes","penalties_saved","player_id","position","rating","red_cards","saves","shots","shots_on_target","started","tackles","yellow_cards","id") values (?,?,?,?,?,?,?,?,?,?,?,?,?,?,?,?,?,?,?,default)
Hibernate: insert into "match_player_stats" ("assists","completed_passes","goals","goals_conceded","match_id","minutes_played","mvp","passes","penalties_saved","player_id","position","rating","red_cards","saves","shots","shots_on_target","started","tackles","yellow_cards","id") values (?,?,?,?,?,?,?,?,?,?,?,?,?,?,?,?,?,?,?,default)
Hibernate: insert into "match_player_stats" ("assists","completed_passes","goals","goals_conceded","match_id","minutes_played","mvp","passes","penalties_saved","player_id","position","rating","red_cards","saves","shots","shots_on_target","started","tackles","yellow_cards","id") values (?,?,?,?,?,?,?,?,?,?,?,?,?,?,?,?,?,?,?,default)
Hibernate: insert into "match_player_stats" ("assists","completed_passes","goals","goals_conceded","match_id","minutes_played","mvp","passes","penalties_saved","player_id","position","rating","red_cards","saves","shots","shots_on_target","started","tackles","yellow_cards","id") values (?,?,?,?,?,?,?,?,?,?,?,?,?,?,?,?,?,?,?,default)
Hibernate: insert into "match_player_stats" ("assists","completed_passes","goals","goals_conceded","match_id","minutes_played","mvp","passes","penalties_saved","player_id","position","rating","red_cards","saves","shots","shots_on_target","started","tackles","yellow_cards","id") values (?,?,?,?,?,?,?,?,?,?,?,?,?,?,?,?,?,?,?,default)
Hibernate: insert into "match_player_stats" ("assists","completed_passes","goals","goals_conceded","match_id","minutes_played","mvp","passes","penalties_saved","player_id","position","rating","red_cards","saves","shots","shots_on_target","started","tackles","yellow_cards","id") values (?,?,?,?,?,?,?,?,?,?,?,?,?,?,?,?,?,?,?,default)
Hibernate: insert into "stats" ("away_completed_passes","away_fouls","away_interceptions","away_on_target","away_passes","away_possession","away_shots","away_tackles","away_yellow_cards","home_completed_passes","home_fouls","home_interceptions","home_on_target","home_passes","home_possession","home_shots","home_tackles","home_yellow_cards","id") values (?,?,?,?,?,?,?,?,?,?,?,?,?,?,?,?,?,?,default)
Hibernate: select s1_0."id",s1_0."is_current",s1_0."end_year",s1_0."league_id",s1_0."name",s1_0."next_round_number",s1_0."start_year" from "season" s1_0 where s1_0."is_current"
Hibernate: select pss1_0."id",pss1_0."assists",pss1_0."average_condition",pss1_0."average_morale",pss1_0."average_rating",pss1_0."clean_sheets",pss1_0."club_id",pss1_0."fouls_committed",pss1_0."fouls_received",pss1_0."goals",pss1_0."goals_conceded",pss1_0."highest_rating",pss1_0."injury_count",pss1_0."injury_days",pss1_0."interceptions",pss1_0."league_id",pss1_0."lowest_rating",pss1_0."man_of_the_match_awards",pss1_0."matches_played",pss1_0."matches_started",pss1_0."minutes_played",pss1_0."passes",pss1_0."passes_completed",pss1_0."penalties_saved",pss1_0."player_id",pss1_0."red_cards",pss1_0."saves",pss1_0."season_id",pss1_0."shots",pss1_0."shots_on_target",pss1_0."substitutions_in",pss1_0."substitutions_out",pss1_0."tackles",pss1_0."yellow_cards" from "player_season_stats" pss1_0 where pss1_0."season_id"=? and pss1_0."player_id" in (?,?,?,?,?,?,?,?,?,?,?,?,?,?,?,?,?,?,?,?,?,?,?,?,?,?,?,?,?,?,?,?,?,?,?,?,?,?,?,?,?,?,?,?,?,?,?,?,?,?,?,?,?,?,?,?,?,?,?,?,?,?,?,?,?,?,?,?,?,?,?,?,?,?,?,?,?,?,?,?,?,?,?,?,?,?,?,?,?,?,?,?,?,?,?,?,?,?,?,?,?,?,?,?,?,?,?,?,?,?,?,?,?,?,?,?,?,?,?,?,?,?,?,?,?,?,?,?,?,?,?,?,?,?,?,?,?,?,?,?,?,?,?,?,?,?,?,?,?,?,?,?,?,?,?,?,?,?,?,?,?,?,?,?,?,?,?,?,?,?,?,?,?,?,?,?,?,?,?,?,?,?,?,?,?,?,?,?,?,?,?,?,?,?,?,?,?,?,?,?,?,?,?,?,?,?,?,?,?,?,?,?,?,?,?,?,?,?,?,?)
Hibernate: select pcs1_0."id",pcs1_0."clubs_played",pcs1_0."cup_titles",pcs1_0."first_goal",pcs1_0."first_professional_match",pcs1_0."highest_season_rating",pcs1_0."highest_transfer_value",pcs1_0."international_caps",pcs1_0."international_goals",pcs1_0."league_titles",pcs1_0."longest_goal_streak",pcs1_0."milestone100goals",pcs1_0."milestone100matches",pcs1_0."most_assists_in_season",pcs1_0."most_goals_in_season",pcs1_0."player_id",pcs1_0."total_assists",pcs1_0."total_clean_sheets",pcs1_0."total_goals",pcs1_0."total_matches_played",pcs1_0."total_red_cards",pcs1_0."total_transfer_value",pcs1_0."total_yellow_cards" from "player_career_stats" pcs1_0 where pcs1_0."player_id" in (?,?,?,?,?,?,?,?,?,?,?,?,?,?,?,?,?,?,?,?,?,?,?,?,?,?,?,?,?,?,?,?,?,?,?,?,?,?,?,?,?,?,?,?,?,?,?,?,?,?,?,?,?,?,?,?,?,?,?,?,?,?,?,?,?,?,?,?,?,?,?,?,?,?,?,?,?,?,?,?,?,?,?,?,?,?,?,?,?,?,?,?,?,?,?,?,?,?,?,?,?,?,?,?,?,?,?,?,?,?,?,?,?,?,?,?,?,?,?,?,?,?,?,?,?,?,?,?,?,?,?,?,?,?,?,?,?,?,?,?,?,?,?,?,?,?,?,?,?,?,?,?,?,?,?,?,?,?,?,?,?,?,?,?,?,?,?,?,?,?,?,?,?,?,?,?,?,?,?,?,?,?,?,?,?,?,?,?,?,?,?,?,?,?,?,?,?,?,?,?,?,?,?,?,?,?,?,?,?,?,?,?,?,?,?,?,?,?,?,?)
Hibernate: select c1_0."id",c1_0."city",c1_0."finance_id",c1_0."foundation",c1_0."league_id",c1_0."logourl",c1_0."medical_center_id",c1_0."name",c1_0."stadium_id",c1_0."team_id",c1_0."training_facility_id",c1_0."under18_id",c1_0."youth_academy_id" from "club" c1_0 where c1_0."team_id"=?
Hibernate: insert into "player_career_stats" ("clubs_played","cup_titles","first_goal","first_professional_match","highest_season_rating","highest_transfer_value","international_caps","international_goals","league_titles","longest_goal_streak","milestone100goals","milestone100matches","most_assists_in_season","most_goals_in_season","player_id","total_assists","total_clean_sheets","total_goals","total_matches_played","total_red_cards","total_transfer_value","total_yellow_cards","id") values (?,?,?,?,?,?,?,?,?,?,?,?,?,?,?,?,?,?,?,?,?,?,default)
Hibernate: select pss1_0."id",pss1_0."assists",pss1_0."average_condition",pss1_0."average_morale",pss1_0."average_rating",pss1_0."clean_sheets",pss1_0."club_id",pss1_0."fouls_committed",pss1_0."fouls_received",pss1_0."goals",pss1_0."goals_conceded",pss1_0."highest_rating",pss1_0."injury_count",pss1_0."injury_days",pss1_0."interceptions",pss1_0."league_id",pss1_0."lowest_rating",pss1_0."man_of_the_match_awards",pss1_0."matches_played",pss1_0."matches_started",pss1_0."minutes_played",pss1_0."passes",pss1_0."passes_completed",pss1_0."penalties_saved",pss1_0."player_id",pss1_0."red_cards",pss1_0."saves",pss1_0."season_id",pss1_0."shots",pss1_0."shots_on_target",pss1_0."substitutions_in",pss1_0."substitutions_out",pss1_0."tackles",pss1_0."yellow_cards" from "player_season_stats" pss1_0 where pss1_0."player_id"=?
Hibernate: select s1_0."id",s1_0."is_current",s1_0."end_year",s1_0."league_id",s1_0."name",s1_0."next_round_number",s1_0."start_year" from "season" s1_0 where s1_0."is_current"
Hibernate: select c1_0."id",c1_0."city",c1_0."finance_id",c1_0."foundation",c1_0."league_id",c1_0."logourl",c1_0."medical_center_id",c1_0."name",c1_0."stadium_id",c1_0."team_id",c1_0."training_facility_id",c1_0."under18_id",c1_0."youth_academy_id" from "club" c1_0 where c1_0."team_id"=?
Hibernate: insert into "player_achievement" ("additional_data","club_id","date_achieved","description","player_id","season_id","title","type","id") values (?,?,?,?,?,?,?,?,default)
Hibernate: select c1_0."id",c1_0."city",c1_0."finance_id",c1_0."foundation",c1_0."league_id",c1_0."logourl",c1_0."medical_center_id",c1_0."name",c1_0."stadium_id",c1_0."team_id",c1_0."training_facility_id",c1_0."under18_id",c1_0."youth_academy_id" from "club" c1_0 where c1_0."team_id"=?
Hibernate: insert into "player_career_stats" ("clubs_played","cup_titles","first_goal","first_professional_match","highest_season_rating","highest_transfer_value","international_caps","international_goals","league_titles","longest_goal_streak","milestone100goals","milestone100matches","most_assists_in_season","most_goals_in_season","player_id","total_assists","total_clean_sheets","total_goals","total_matches_played","total_red_cards","total_transfer_value","total_yellow_cards","id") values (?,?,?,?,?,?,?,?,?,?,?,?,?,?,?,?,?,?,?,?,?,?,default)
Hibernate: select pss1_0."id",pss1_0."assists",pss1_0."average_condition",pss1_0."average_morale",pss1_0."average_rating",pss1_0."clean_sheets",pss1_0."club_id",pss1_0."fouls_committed",pss1_0."fouls_received",pss1_0."goals",pss1_0."goals_conceded",pss1_0."highest_rating",pss1_0."injury_count",pss1_0."injury_days",pss1_0."interceptions",pss1_0."league_id",pss1_0."lowest_rating",pss1_0."man_of_the_match_awards",pss1_0."matches_played",pss1_0."matches_started",pss1_0."minutes_played",pss1_0."passes",pss1_0."passes_completed",pss1_0."penalties_saved",pss1_0."player_id",pss1_0."red_cards",pss1_0."saves",pss1_0."season_id",pss1_0."shots",pss1_0."shots_on_target",pss1_0."substitutions_in",pss1_0."substitutions_out",pss1_0."tackles",pss1_0."yellow_cards" from "player_season_stats" pss1_0 where pss1_0."player_id"=?
Hibernate: select c1_0."id",c1_0."city",c1_0."finance_id",c1_0."foundation",c1_0."league_id",c1_0."logourl",c1_0."medical_center_id",c1_0."name",c1_0."stadium_id",c1_0."team_id",c1_0."training_facility_id",c1_0."under18_id",c1_0."youth_academy_id" from "club" c1_0 where c1_0."team_id"=?
Hibernate: insert into "player_career_stats" ("clubs_played","cup_titles","first_goal","first_professional_match","highest_season_rating","highest_transfer_value","international_caps","international_goals","league_titles","longest_goal_streak","milestone100goals","milestone100matches","most_assists_in_season","most_goals_in_season","player_id","total_assists","total_clean_sheets","total_goals","total_matches_played","total_red_cards","total_transfer_value","total_yellow_cards","id") values (?,?,?,?,?,?,?,?,?,?,?,?,?,?,?,?,?,?,?,?,?,?,default)
Hibernate: select pss1_0."id",pss1_0."assists",pss1_0."average_condition",pss1_0."average_morale",pss1_0."average_rating",pss1_0."clean_sheets",pss1_0."club_id",pss1_0."fouls_committed",pss1_0."fouls_received",pss1_0."goals",pss1_0."goals_conceded",pss1_0."highest_rating",pss1_0."injury_count",pss1_0."injury_days",pss1_0."interceptions",pss1_0."league_id",pss1_0."lowest_rating",pss1_0."man_of_the_match_awards",pss1_0."matches_played",pss1_0."matches_started",pss1_0."minutes_played",pss1_0."passes",pss1_0."passes_completed",pss1_0."penalties_saved",pss1_0."player_id",pss1_0."red_cards",pss1_0."saves",pss1_0."season_id",pss1_0."shots",pss1_0."shots_on_target",pss1_0."substitutions_in",pss1_0."substitutions_out",pss1_0."tackles",pss1_0."yellow_cards" from "player_season_stats" pss1_0 where pss1_0."player_id"=?
Hibernate: select c1_0."id",c1_0."city",c1_0."finance_id",c1_0."foundation",c1_0."league_id",c1_0."logourl",c1_0."medical_center_id",c1_0."name",c1_0."stadium_id",c1_0."team_id",c1_0."training_facility_id",c1_0."under18_id",c1_0."youth_academy_id" from "club" c1_0 where c1_0."team_id"=?
Hibernate: insert into "player_career_stats" ("clubs_played","cup_titles","first_goal","first_professional_match","highest_season_rating","highest_transfer_value","international_caps","international_goals","league_titles","longest_goal_streak","milestone100goals","milestone100matches","most_assists_in_season","most_goals_in_season","player_id","total_assists","total_clean_sheets","total_goals","total_matches_played","total_red_cards","total_transfer_value","total_yellow_cards","id") values (?,?,?,?,?,?,?,?,?,?,?,?,?,?,?,?,?,?,?,?,?,?,default)
Hibernate: select pss1_0."id",pss1_0."assists",pss1_0."average_condition",pss1_0."average_morale",pss1_0."average_rating",pss1_0."clean_sheets",pss1_0."club_id",pss1_0."fouls_committed",pss1_0."fouls_received",pss1_0."goals",pss1_0."goals_conceded",pss1_0."highest_rating",pss1_0."injury_count",pss1_0."injury_days",pss1_0."interceptions",pss1_0."league_id",pss1_0."lowest_rating",pss1_0."man_of_the_match_awards",pss1_0."matches_played",pss1_0."matches_started",pss1_0."minutes_played",pss1_0."passes",pss1_0."passes_completed",pss1_0."penalties_saved",pss1_0."player_id",pss1_0."red_cards",pss1_0."saves",pss1_0."season_id",pss1_0."shots",pss1_0."shots_on_target",pss1_0."substitutions_in",pss1_0."substitutions_out",pss1_0."tackles",pss1_0."yellow_cards" from "player_season_stats" pss1_0 where pss1_0."player_id"=?
Hibernate: select c1_0."id",c1_0."city",c1_0."finance_id",c1_0."foundation",c1_0."league_id",c1_0."logourl",c1_0."medical_center_id",c1_0."name",c1_0."stadium_id",c1_0."team_id",c1_0."training_facility_id",c1_0."under18_id",c1_0."youth_academy_id" from "club" c1_0 where c1_0."team_id"=?
Hibernate: insert into "player_career_stats" ("clubs_played","cup_titles","first_goal","first_professional_match","highest_season_rating","highest_transfer_value","international_caps","international_goals","league_titles","longest_goal_streak","milestone100goals","milestone100matches","most_assists_in_season","most_goals_in_season","player_id","total_assists","total_clean_sheets","total_goals","total_matches_played","total_red_cards","total_transfer_value","total_yellow_cards","id") values (?,?,?,?,?,?,?,?,?,?,?,?,?,?,?,?,?,?,?,?,?,?,default)
Hibernate: select pss1_0."id",pss1_0."assists",pss1_0."average_condition",pss1_0."average_morale",pss1_0."average_rating",pss1_0."clean_sheets",pss1_0."club_id",pss1_0."fouls_committed",pss1_0."fouls_received",pss1_0."goals",pss1_0."goals_conceded",pss1_0."highest_rating",pss1_0."injury_count",pss1_0."injury_days",pss1_0."interceptions",pss1_0."league_id",pss1_0."lowest_rating",pss1_0."man_of_the_match_awards",pss1_0."matches_played",pss1_0."matches_started",pss1_0."minutes_played",pss1_0."passes",pss1_0."passes_completed",pss1_0."penalties_saved",pss1_0."player_id",pss1_0."red_cards",pss1_0."saves",pss1_0."season_id",pss1_0."shots",pss1_0."shots_on_target",pss1_0."substitutions_in",pss1_0."substitutions_out",pss1_0."tackles",pss1_0."yellow_cards" from "player_season_stats" pss1_0 where pss1_0."player_id"=?
Hibernate: select c1_0."id",c1_0."city",c1_0."finance_id",c1_0."foundation",c1_0."league_id",c1_0."logourl",c1_0."medical_center_id",c1_0."name",c1_0."stadium_id",c1_0."team_id",c1_0."training_facility_id",c1_0."under18_id",c1_0."youth_academy_id" from "club" c1_0 where c1_0."team_id"=?
Hibernate: insert into "player_career_stats" ("clubs_played","cup_titles","first_goal","first_professional_match","highest_season_rating","highest_transfer_value","international_caps","international_goals","league_titles","longest_goal_streak","milestone100goals","milestone100matches","most_assists_in_season","most_goals_in_season","player_id","total_assists","total_clean_sheets","total_goals","total_matches_played","total_red_cards","total_transfer_value","total_yellow_cards","id") values (?,?,?,?,?,?,?,?,?,?,?,?,?,?,?,?,?,?,?,?,?,?,default)
Hibernate: select pss1_0."id",pss1_0."assists",pss1_0."average_condition",pss1_0."average_morale",pss1_0."average_rating",pss1_0."clean_sheets",pss1_0."club_id",pss1_0."fouls_committed",pss1_0."fouls_received",pss1_0."goals",pss1_0."goals_conceded",pss1_0."highest_rating",pss1_0."injury_count",pss1_0."injury_days",pss1_0."interceptions",pss1_0."league_id",pss1_0."lowest_rating",pss1_0."man_of_the_match_awards",pss1_0."matches_played",pss1_0."matches_started",pss1_0."minutes_played",pss1_0."passes",pss1_0."passes_completed",pss1_0."penalties_saved",pss1_0."player_id",pss1_0."red_cards",pss1_0."saves",pss1_0."season_id",pss1_0."shots",pss1_0."shots_on_target",pss1_0."substitutions_in",pss1_0."substitutions_out",pss1_0."tackles",pss1_0."yellow_cards" from "player_season_stats" pss1_0 where pss1_0."player_id"=?
Hibernate: select c1_0."id",c1_0."city",c1_0."finance_id",c1_0."foundation",c1_0."league_id",c1_0."logourl",c1_0."medical_center_id",c1_0."name",c1_0."stadium_id",c1_0."team_id",c1_0."training_facility_id",c1_0."under18_id",c1_0."youth_academy_id" from "club" c1_0 where c1_0."team_id"=?
Hibernate: insert into "player_career_stats" ("clubs_played","cup_titles","first_goal","first_professional_match","highest_season_rating","highest_transfer_value","international_caps","international_goals","league_titles","longest_goal_streak","milestone100goals","milestone100matches","most_assists_in_season","most_goals_in_season","player_id","total_assists","total_clean_sheets","total_goals","total_matches_played","total_red_cards","total_transfer_value","total_yellow_cards","id") values (?,?,?,?,?,?,?,?,?,?,?,?,?,?,?,?,?,?,?,?,?,?,default)
Hibernate: select pss1_0."id",pss1_0."assists",pss1_0."average_condition",pss1_0."average_morale",pss1_0."average_rating",pss1_0."clean_sheets",pss1_0."club_id",pss1_0."fouls_committed",pss1_0."fouls_received",pss1_0."goals",pss1_0."goals_conceded",pss1_0."highest_rating",pss1_0."injury_count",pss1_0."injury_days",pss1_0."interceptions",pss1_0."league_id",pss1_0."lowest_rating",pss1_0."man_of_the_match_awards",pss1_0."matches_played",pss1_0."matches_started",pss1_0."minutes_played",pss1_0."passes",pss1_0."passes_completed",pss1_0."penalties_saved",pss1_0."player_id",pss1_0."red_cards",pss1_0."saves",pss1_0."season_id",pss1_0."shots",pss1_0."shots_on_target",pss1_0."substitutions_in",pss1_0."substitutions_out",pss1_0."tackles",pss1_0."yellow_cards" from "player_season_stats" pss1_0 where pss1_0."player_id"=?
Hibernate: select c1_0."id",c1_0."city",c1_0."finance_id",c1_0."foundation",c1_0."league_id",c1_0."logourl",c1_0."medical_center_id",c1_0."name",c1_0."stadium_id",c1_0."team_id",c1_0."training_facility_id",c1_0."under18_id",c1_0."youth_academy_id" from "club" c1_0 where c1_0."team_id"=?
Hibernate: insert into "player_career_stats" ("clubs_played","cup_titles","first_goal","first_professional_match","highest_season_rating","highest_transfer_value","international_caps","international_goals","league_titles","longest_goal_streak","milestone100goals","milestone100matches","most_assists_in_season","most_goals_in_season","player_id","total_assists","total_clean_sheets","total_goals","total_matches_played","total_red_cards","total_transfer_value","total_yellow_cards","id") values (?,?,?,?,?,?,?,?,?,?,?,?,?,?,?,?,?,?,?,?,?,?,default)
Hibernate: select pss1_0."id",pss1_0."assists",pss1_0."average_condition",pss1_0."average_morale",pss1_0."average_rating",pss1_0."clean_sheets",pss1_0."club_id",pss1_0."fouls_committed",pss1_0."fouls_received",pss1_0."goals",pss1_0."goals_conceded",pss1_0."highest_rating",pss1_0."injury_count",pss1_0."injury_days",pss1_0."interceptions",pss1_0."league_id",pss1_0."lowest_rating",pss1_0."man_of_the_match_awards",pss1_0."matches_played",pss1_0."matches_started",pss1_0."minutes_played",pss1_0."passes",pss1_0."passes_completed",pss1_0."penalties_saved",pss1_0."player_id",pss1_0."red_cards",pss1_0."saves",pss1_0."season_id",pss1_0."shots",pss1_0."shots_on_target",pss1_0."substitutions_in",pss1_0."substitutions_out",pss1_0."tackles",pss1_0."yellow_cards" from "player_season_stats" pss1_0 where pss1_0."player_id"=?
Hibernate: select c1_0."id",c1_0."city",c1_0."finance_id",c1_0."foundation",c1_0."league_id",c1_0."logourl",c1_0."medical_center_id",c1_0."name",c1_0."stadium_id",c1_0."team_id",c1_0."training_facility_id",c1_0."under18_id",c1_0."youth_academy_id" from "club" c1_0 where c1_0."team_id"=?
Hibernate: insert into "player_career_stats" ("clubs_played","cup_titles","first_goal","first_professional_match","highest_season_rating","highest_transfer_value","international_caps","international_goals","league_titles","longest_goal_streak","milestone100goals","milestone100matches","most_assists_in_season","most_goals_in_season","player_id","total_assists","total_clean_sheets","total_goals","total_matches_played","total_red_cards","total_transfer_value","total_yellow_cards","id") values (?,?,?,?,?,?,?,?,?,?,?,?,?,?,?,?,?,?,?,?,?,?,default)
Hibernate: select pss1_0."id",pss1_0."assists",pss1_0."average_condition",pss1_0."average_morale",pss1_0."average_rating",pss1_0."clean_sheets",pss1_0."club_id",pss1_0."fouls_committed",pss1_0."fouls_received",pss1_0."goals",pss1_0."goals_conceded",pss1_0."highest_rating",pss1_0."injury_count",pss1_0."injury_days",pss1_0."interceptions",pss1_0."league_id",pss1_0."lowest_rating",pss1_0."man_of_the_match_awards",pss1_0."matches_played",pss1_0."matches_started",pss1_0."minutes_played",pss1_0."passes",pss1_0."passes_completed",pss1_0."penalties_saved",pss1_0."player_id",pss1_0."red_cards",pss1_0."saves",pss1_0."season_id",pss1_0."shots",pss1_0."shots_on_target",pss1_0."substitutions_in",pss1_0."substitutions_out",pss1_0."tackles",pss1_0."yellow_cards" from "player_season_stats" pss1_0 where pss1_0."player_id"=?
Hibernate: select c1_0."id",c1_0."city",c1_0."finance_id",c1_0."foundation",c1_0."league_id",c1_0."logourl",c1_0."medical_center_id",c1_0."name",c1_0."stadium_id",c1_0."team_id",c1_0."training_facility_id",c1_0."under18_id",c1_0."youth_academy_id" from "club" c1_0 where c1_0."team_id"=?
Hibernate: insert into "player_career_stats" ("clubs_played","cup_titles","first_goal","first_professional_match","highest_season_rating","highest_transfer_value","international_caps","international_goals","league_titles","longest_goal_streak","milestone100goals","milestone100matches","most_assists_in_season","most_goals_in_season","player_id","total_assists","total_clean_sheets","total_goals","total_matches_played","total_red_cards","total_transfer_value","total_yellow_cards","id") values (?,?,?,?,?,?,?,?,?,?,?,?,?,?,?,?,?,?,?,?,?,?,default)
Hibernate: select pss1_0."id",pss1_0."assists",pss1_0."average_condition",pss1_0."average_morale",pss1_0."average_rating",pss1_0."clean_sheets",pss1_0."club_id",pss1_0."fouls_committed",pss1_0."fouls_received",pss1_0."goals",pss1_0."goals_conceded",pss1_0."highest_rating",pss1_0."injury_count",pss1_0."injury_days",pss1_0."interceptions",pss1_0."league_id",pss1_0."lowest_rating",pss1_0."man_of_the_match_awards",pss1_0."matches_played",pss1_0."matches_started",pss1_0."minutes_played",pss1_0."passes",pss1_0."passes_completed",pss1_0."penalties_saved",pss1_0."player_id",pss1_0."red_cards",pss1_0."saves",pss1_0."season_id",pss1_0."shots",pss1_0."shots_on_target",pss1_0."substitutions_in",pss1_0."substitutions_out",pss1_0."tackles",pss1_0."yellow_cards" from "player_season_stats" pss1_0 where pss1_0."player_id"=?
Hibernate: select c1_0."id",c1_0."city",c1_0."finance_id",c1_0."foundation",c1_0."league_id",c1_0."logourl",c1_0."medical_center_id",c1_0."name",c1_0."stadium_id",c1_0."team_id",c1_0."training_facility_id",c1_0."under18_id",c1_0."youth_academy_id" from "club" c1_0 where c1_0."team_id"=?
Hibernate: insert into "player_career_stats" ("clubs_played","cup_titles","first_goal","first_professional_match","highest_season_rating","highest_transfer_value","international_caps","international_goals","league_titles","longest_goal_streak","milestone100goals","milestone100matches","most_assists_in_season","most_goals_in_season","player_id","total_assists","total_clean_sheets","total_goals","total_matches_played","total_red_cards","total_transfer_value","total_yellow_cards","id") values (?,?,?,?,?,?,?,?,?,?,?,?,?,?,?,?,?,?,?,?,?,?,default)
Hibernate: select pss1_0."id",pss1_0."assists",pss1_0."average_condition",pss1_0."average_morale",pss1_0."average_rating",pss1_0."clean_sheets",pss1_0."club_id",pss1_0."fouls_committed",pss1_0."fouls_received",pss1_0."goals",pss1_0."goals_conceded",pss1_0."highest_rating",pss1_0."injury_count",pss1_0."injury_days",pss1_0."interceptions",pss1_0."league_id",pss1_0."lowest_rating",pss1_0."man_of_the_match_awards",pss1_0."matches_played",pss1_0."matches_started",pss1_0."minutes_played",pss1_0."passes",pss1_0."passes_completed",pss1_0."penalties_saved",pss1_0."player_id",pss1_0."red_cards",pss1_0."saves",pss1_0."season_id",pss1_0."shots",pss1_0."shots_on_target",pss1_0."substitutions_in",pss1_0."substitutions_out",pss1_0."tackles",pss1_0."yellow_cards" from "player_season_stats" pss1_0 where pss1_0."player_id"=?
Hibernate: select c1_0."id",c1_0."city",c1_0."finance_id",c1_0."foundation",c1_0."league_id",c1_0."logourl",c1_0."medical_center_id",c1_0."name",c1_0."stadium_id",c1_0."team_id",c1_0."training_facility_id",c1_0."under18_id",c1_0."youth_academy_id" from "club" c1_0 where c1_0."team_id"=?
Hibernate: insert into "player_career_stats" ("clubs_played","cup_titles","first_goal","first_professional_match","highest_season_rating","highest_transfer_value","international_caps","international_goals","league_titles","longest_goal_streak","milestone100goals","milestone100matches","most_assists_in_season","most_goals_in_season","player_id","total_assists","total_clean_sheets","total_goals","total_matches_played","total_red_cards","total_transfer_value","total_yellow_cards","id") values (?,?,?,?,?,?,?,?,?,?,?,?,?,?,?,?,?,?,?,?,?,?,default)
Hibernate: select pss1_0."id",pss1_0."assists",pss1_0."average_condition",pss1_0."average_morale",pss1_0."average_rating",pss1_0."clean_sheets",pss1_0."club_id",pss1_0."fouls_committed",pss1_0."fouls_received",pss1_0."goals",pss1_0."goals_conceded",pss1_0."highest_rating",pss1_0."injury_count",pss1_0."injury_days",pss1_0."interceptions",pss1_0."league_id",pss1_0."lowest_rating",pss1_0."man_of_the_match_awards",pss1_0."matches_played",pss1_0."matches_started",pss1_0."minutes_played",pss1_0."passes",pss1_0."passes_completed",pss1_0."penalties_saved",pss1_0."player_id",pss1_0."red_cards",pss1_0."saves",pss1_0."season_id",pss1_0."shots",pss1_0."shots_on_target",pss1_0."substitutions_in",pss1_0."substitutions_out",pss1_0."tackles",pss1_0."yellow_cards" from "player_season_stats" pss1_0 where pss1_0."player_id"=?
Hibernate: select c1_0."id",c1_0."city",c1_0."finance_id",c1_0."foundation",c1_0."league_id",c1_0."logourl",c1_0."medical_center_id",c1_0."name",c1_0."stadium_id",c1_0."team_id",c1_0."training_facility_id",c1_0."under18_id",c1_0."youth_academy_id" from "club" c1_0 where c1_0."team_id"=?
Hibernate: insert into "player_career_stats" ("clubs_played","cup_titles","first_goal","first_professional_match","highest_season_rating","highest_transfer_value","international_caps","international_goals","league_titles","longest_goal_streak","milestone100goals","milestone100matches","most_assists_in_season","most_goals_in_season","player_id","total_assists","total_clean_sheets","total_goals","total_matches_played","total_red_cards","total_transfer_value","total_yellow_cards","id") values (?,?,?,?,?,?,?,?,?,?,?,?,?,?,?,?,?,?,?,?,?,?,default)
Hibernate: select pss1_0."id",pss1_0."assists",pss1_0."average_condition",pss1_0."average_morale",pss1_0."average_rating",pss1_0."clean_sheets",pss1_0."club_id",pss1_0."fouls_committed",pss1_0."fouls_received",pss1_0."goals",pss1_0."goals_conceded",pss1_0."highest_rating",pss1_0."injury_count",pss1_0."injury_days",pss1_0."interceptions",pss1_0."league_id",pss1_0."lowest_rating",pss1_0."man_of_the_match_awards",pss1_0."matches_played",pss1_0."matches_started",pss1_0."minutes_played",pss1_0."passes",pss1_0."passes_completed",pss1_0."penalties_saved",pss1_0."player_id",pss1_0."red_cards",pss1_0."saves",pss1_0."season_id",pss1_0."shots",pss1_0."shots_on_target",pss1_0."substitutions_in",pss1_0."substitutions_out",pss1_0."tackles",pss1_0."yellow_cards" from "player_season_stats" pss1_0 where pss1_0."player_id"=?
Hibernate: select c1_0."id",c1_0."city",c1_0."finance_id",c1_0."foundation",c1_0."league_id",c1_0."logourl",c1_0."medical_center_id",c1_0."name",c1_0."stadium_id",c1_0."team_id",c1_0."training_facility_id",c1_0."under18_id",c1_0."youth_academy_id" from "club" c1_0 where c1_0."team_id"=?
Hibernate: insert into "player_career_stats" ("clubs_played","cup_titles","first_goal","first_professional_match","highest_season_rating","highest_transfer_value","international_caps","international_goals","league_titles","longest_goal_streak","milestone100goals","milestone100matches","most_assists_in_season","most_goals_in_season","player_id","total_assists","total_clean_sheets","total_goals","total_matches_played","total_red_cards","total_transfer_value","total_yellow_cards","id") values (?,?,?,?,?,?,?,?,?,?,?,?,?,?,?,?,?,?,?,?,?,?,default)
Hibernate: select pss1_0."id",pss1_0."assists",pss1_0."average_condition",pss1_0."average_morale",pss1_0."average_rating",pss1_0."clean_sheets",pss1_0."club_id",pss1_0."fouls_committed",pss1_0."fouls_received",pss1_0."goals",pss1_0."goals_conceded",pss1_0."highest_rating",pss1_0."injury_count",pss1_0."injury_days",pss1_0."interceptions",pss1_0."league_id",pss1_0."lowest_rating",pss1_0."man_of_the_match_awards",pss1_0."matches_played",pss1_0."matches_started",pss1_0."minutes_played",pss1_0."passes",pss1_0."passes_completed",pss1_0."penalties_saved",pss1_0."player_id",pss1_0."red_cards",pss1_0."saves",pss1_0."season_id",pss1_0."shots",pss1_0."shots_on_target",pss1_0."substitutions_in",pss1_0."substitutions_out",pss1_0."tackles",pss1_0."yellow_cards" from "player_season_stats" pss1_0 where pss1_0."player_id"=?
Hibernate: select c1_0."id",c1_0."city",c1_0."finance_id",c1_0."foundation",c1_0."league_id",c1_0."logourl",c1_0."medical_center_id",c1_0."name",c1_0."stadium_id",c1_0."team_id",c1_0."training_facility_id",c1_0."under18_id",c1_0."youth_academy_id" from "club" c1_0 where c1_0."team_id"=?
Hibernate: insert into "player_career_stats" ("clubs_played","cup_titles","first_goal","first_professional_match","highest_season_rating","highest_transfer_value","international_caps","international_goals","league_titles","longest_goal_streak","milestone100goals","milestone100matches","most_assists_in_season","most_goals_in_season","player_id","total_assists","total_clean_sheets","total_goals","total_matches_played","total_red_cards","total_transfer_value","total_yellow_cards","id") values (?,?,?,?,?,?,?,?,?,?,?,?,?,?,?,?,?,?,?,?,?,?,default)
Hibernate: select pss1_0."id",pss1_0."assists",pss1_0."average_condition",pss1_0."average_morale",pss1_0."average_rating",pss1_0."clean_sheets",pss1_0."club_id",pss1_0."fouls_committed",pss1_0."fouls_received",pss1_0."goals",pss1_0."goals_conceded",pss1_0."highest_rating",pss1_0."injury_count",pss1_0."injury_days",pss1_0."interceptions",pss1_0."league_id",pss1_0."lowest_rating",pss1_0."man_of_the_match_awards",pss1_0."matches_played",pss1_0."matches_started",pss1_0."minutes_played",pss1_0."passes",pss1_0."passes_completed",pss1_0."penalties_saved",pss1_0."player_id",pss1_0."red_cards",pss1_0."saves",pss1_0."season_id",pss1_0."shots",pss1_0."shots_on_target",pss1_0."substitutions_in",pss1_0."substitutions_out",pss1_0."tackles",pss1_0."yellow_cards" from "player_season_stats" pss1_0 where pss1_0."player_id"=?
Hibernate: select c1_0."id",c1_0."city",c1_0."finance_id",c1_0."foundation",c1_0."league_id",c1_0."logourl",c1_0."medical_center_id",c1_0."name",c1_0."stadium_id",c1_0."team_id",c1_0."training_facility_id",c1_0."under18_id",c1_0."youth_academy_id" from "club" c1_0 where c1_0."team_id"=?
Hibernate: insert into "player_career_stats" ("clubs_played","cup_titles","first_goal","first_professional_match","highest_season_rating","highest_transfer_value","international_caps","international_goals","league_titles","longest_goal_streak","milestone100goals","milestone100matches","most_assists_in_season","most_goals_in_season","player_id","total_assists","total_clean_sheets","total_goals","total_matches_played","total_red_cards","total_transfer_value","total_yellow_cards","id") values (?,?,?,?,?,?,?,?,?,?,?,?,?,?,?,?,?,?,?,?,?,?,default)
Hibernate: select pss1_0."id",pss1_0."assists",pss1_0."average_condition",pss1_0."average_morale",pss1_0."average_rating",pss1_0."clean_sheets",pss1_0."club_id",pss1_0."fouls_committed",pss1_0."fouls_received",pss1_0."goals",pss1_0."goals_conceded",pss1_0."highest_rating",pss1_0."injury_count",pss1_0."injury_days",pss1_0."interceptions",pss1_0."league_id",pss1_0."lowest_rating",pss1_0."man_of_the_match_awards",pss1_0."matches_played",pss1_0."matches_started",pss1_0."minutes_played",pss1_0."passes",pss1_0."passes_completed",pss1_0."penalties_saved",pss1_0."player_id",pss1_0."red_cards",pss1_0."saves",pss1_0."season_id",pss1_0."shots",pss1_0."shots_on_target",pss1_0."substitutions_in",pss1_0."substitutions_out",pss1_0."tackles",pss1_0."yellow_cards" from "player_season_stats" pss1_0 where pss1_0."player_id"=?
Hibernate: select c1_0."id",c1_0."city",c1_0."finance_id",c1_0."foundation",c1_0."league_id",c1_0."logourl",c1_0."medical_center_id",c1_0."name",c1_0."stadium_id",c1_0."team_id",c1_0."training_facility_id",c1_0."under18_id",c1_0."youth_academy_id" from "club" c1_0 where c1_0."team_id"=?
Hibernate: insert into "player_career_stats" ("clubs_played","cup_titles","first_goal","first_professional_match","highest_season_rating","highest_transfer_value","international_caps","international_goals","league_titles","longest_goal_streak","milestone100goals","milestone100matches","most_assists_in_season","most_goals_in_season","player_id","total_assists","total_clean_sheets","total_goals","total_matches_played","total_red_cards","total_transfer_value","total_yellow_cards","id") values (?,?,?,?,?,?,?,?,?,?,?,?,?,?,?,?,?,?,?,?,?,?,default)
Hibernate: select pss1_0."id",pss1_0."assists",pss1_0."average_condition",pss1_0."average_morale",pss1_0."average_rating",pss1_0."clean_sheets",pss1_0."club_id",pss1_0."fouls_committed",pss1_0."fouls_received",pss1_0."goals",pss1_0."goals_conceded",pss1_0."highest_rating",pss1_0."injury_count",pss1_0."injury_days",pss1_0."interceptions",pss1_0."league_id",pss1_0."lowest_rating",pss1_0."man_of_the_match_awards",pss1_0."matches_played",pss1_0."matches_started",pss1_0."minutes_played",pss1_0."passes",pss1_0."passes_completed",pss1_0."penalties_saved",pss1_0."player_id",pss1_0."red_cards",pss1_0."saves",pss1_0."season_id",pss1_0."shots",pss1_0."shots_on_target",pss1_0."substitutions_in",pss1_0."substitutions_out",pss1_0."tackles",pss1_0."yellow_cards" from "player_season_stats" pss1_0 where pss1_0."player_id"=?
Hibernate: select c1_0."id",c1_0."city",c1_0."finance_id",c1_0."foundation",c1_0."league_id",c1_0."logourl",c1_0."medical_center_id",c1_0."name",c1_0."stadium_id",c1_0."team_id",c1_0."training_facility_id",c1_0."under18_id",c1_0."youth_academy_id" from "club" c1_0 where c1_0."team_id"=?
Hibernate: insert into "player_career_stats" ("clubs_played","cup_titles","first_goal","first_professional_match","highest_season_rating","highest_transfer_value","international_caps","international_goals","league_titles","longest_goal_streak","milestone100goals","milestone100matches","most_assists_in_season","most_goals_in_season","player_id","total_assists","total_clean_sheets","total_goals","total_matches_played","total_red_cards","total_transfer_value","total_yellow_cards","id") values (?,?,?,?,?,?,?,?,?,?,?,?,?,?,?,?,?,?,?,?,?,?,default)
Hibernate: select pss1_0."id",pss1_0."assists",pss1_0."average_condition",pss1_0."average_morale",pss1_0."average_rating",pss1_0."clean_sheets",pss1_0."club_id",pss1_0."fouls_committed",pss1_0."fouls_received",pss1_0."goals",pss1_0."goals_conceded",pss1_0."highest_rating",pss1_0."injury_count",pss1_0."injury_days",pss1_0."interceptions",pss1_0."league_id",pss1_0."lowest_rating",pss1_0."man_of_the_match_awards",pss1_0."matches_played",pss1_0."matches_started",pss1_0."minutes_played",pss1_0."passes",pss1_0."passes_completed",pss1_0."penalties_saved",pss1_0."player_id",pss1_0."red_cards",pss1_0."saves",pss1_0."season_id",pss1_0."shots",pss1_0."shots_on_target",pss1_0."substitutions_in",pss1_0."substitutions_out",pss1_0."tackles",pss1_0."yellow_cards" from "player_season_stats" pss1_0 where pss1_0."player_id"=?
Hibernate: select c1_0."id",c1_0."city",c1_0."finance_id",c1_0."foundation",c1_0."league_id",c1_0."logourl",c1_0."medical_center_id",c1_0."name",c1_0."stadium_id",c1_0."team_id",c1_0."training_facility_id",c1_0."under18_id",c1_0."youth_academy_id" from "club" c1_0 where c1_0."team_id"=?
Hibernate: insert into "player_career_stats" ("clubs_played","cup_titles","first_goal","first_professional_match","highest_season_rating","highest_transfer_value","international_caps","international_goals","league_titles","longest_goal_streak","milestone100goals","milestone100matches","most_assists_in_season","most_goals_in_season","player_id","total_assists","total_clean_sheets","total_goals","total_matches_played","total_red_cards","total_transfer_value","total_yellow_cards","id") values (?,?,?,?,?,?,?,?,?,?,?,?,?,?,?,?,?,?,?,?,?,?,default)
Hibernate: select pss1_0."id",pss1_0."assists",pss1_0."average_condition",pss1_0."average_morale",pss1_0."average_rating",pss1_0."clean_sheets",pss1_0."club_id",pss1_0."fouls_committed",pss1_0."fouls_received",pss1_0."goals",pss1_0."goals_conceded",pss1_0."highest_rating",pss1_0."injury_count",pss1_0."injury_days",pss1_0."interceptions",pss1_0."league_id",pss1_0."lowest_rating",pss1_0."man_of_the_match_awards",pss1_0."matches_played",pss1_0."matches_started",pss1_0."minutes_played",pss1_0."passes",pss1_0."passes_completed",pss1_0."penalties_saved",pss1_0."player_id",pss1_0."red_cards",pss1_0."saves",pss1_0."season_id",pss1_0."shots",pss1_0."shots_on_target",pss1_0."substitutions_in",pss1_0."substitutions_out",pss1_0."tackles",pss1_0."yellow_cards" from "player_season_stats" pss1_0 where pss1_0."player_id"=?
Hibernate: select c1_0."id",c1_0."city",c1_0."finance_id",c1_0."foundation",c1_0."league_id",c1_0."logourl",c1_0."medical_center_id",c1_0."name",c1_0."stadium_id",c1_0."team_id",c1_0."training_facility_id",c1_0."under18_id",c1_0."youth_academy_id" from "club" c1_0 where c1_0."team_id"=?
Hibernate: insert into "player_career_stats" ("clubs_played","cup_titles","first_goal","first_professional_match","highest_season_rating","highest_transfer_value","international_caps","international_goals","league_titles","longest_goal_streak","milestone100goals","milestone100matches","most_assists_in_season","most_goals_in_season","player_id","total_assists","total_clean_sheets","total_goals","total_matches_played","total_red_cards","total_transfer_value","total_yellow_cards","id") values (?,?,?,?,?,?,?,?,?,?,?,?,?,?,?,?,?,?,?,?,?,?,default)
Hibernate: select pss1_0."id",pss1_0."assists",pss1_0."average_condition",pss1_0."average_morale",pss1_0."average_rating",pss1_0."clean_sheets",pss1_0."club_id",pss1_0."fouls_committed",pss1_0."fouls_received",pss1_0."goals",pss1_0."goals_conceded",pss1_0."highest_rating",pss1_0."injury_count",pss1_0."injury_days",pss1_0."interceptions",pss1_0."league_id",pss1_0."lowest_rating",pss1_0."man_of_the_match_awards",pss1_0."matches_played",pss1_0."matches_started",pss1_0."minutes_played",pss1_0."passes",pss1_0."passes_completed",pss1_0."penalties_saved",pss1_0."player_id",pss1_0."red_cards",pss1_0."saves",pss1_0."season_id",pss1_0."shots",pss1_0."shots_on_target",pss1_0."substitutions_in",pss1_0."substitutions_out",pss1_0."tackles",pss1_0."yellow_cards" from "player_season_stats" pss1_0 where pss1_0."player_id"=?
Hibernate: select c1_0."id",c1_0."city",c1_0."finance_id",c1_0."foundation",c1_0."league_id",c1_0."logourl",c1_0."medical_center_id",c1_0."name",c1_0."stadium_id",c1_0."team_id",c1_0."training_facility_id",c1_0."under18_id",c1_0."youth_academy_id" from "club" c1_0 where c1_0."team_id"=?
Hibernate: insert into "player_career_stats" ("clubs_played","cup_titles","first_goal","first_professional_match","highest_season_rating","highest_transfer_value","international_caps","international_goals","league_titles","longest_goal_streak","milestone100goals","milestone100matches","most_assists_in_season","most_goals_in_season","player_id","total_assists","total_clean_sheets","total_goals","total_matches_played","total_red_cards","total_transfer_value","total_yellow_cards","id") values (?,?,?,?,?,?,?,?,?,?,?,?,?,?,?,?,?,?,?,?,?,?,default)
Hibernate: select pss1_0."id",pss1_0."assists",pss1_0."average_condition",pss1_0."average_morale",pss1_0."average_rating",pss1_0."clean_sheets",pss1_0."club_id",pss1_0."fouls_committed",pss1_0."fouls_received",pss1_0."goals",pss1_0."goals_conceded",pss1_0."highest_rating",pss1_0."injury_count",pss1_0."injury_days",pss1_0."interceptions",pss1_0."league_id",pss1_0."lowest_rating",pss1_0."man_of_the_match_awards",pss1_0."matches_played",pss1_0."matches_started",pss1_0."minutes_played",pss1_0."passes",pss1_0."passes_completed",pss1_0."penalties_saved",pss1_0."player_id",pss1_0."red_cards",pss1_0."saves",pss1_0."season_id",pss1_0."shots",pss1_0."shots_on_target",pss1_0."substitutions_in",pss1_0."substitutions_out",pss1_0."tackles",pss1_0."yellow_cards" from "player_season_stats" pss1_0 where pss1_0."player_id"=?
Hibernate: select c1_0."id",c1_0."city",c1_0."finance_id",c1_0."foundation",c1_0."league_id",c1_0."logourl",c1_0."medical_center_id",c1_0."name",c1_0."stadium_id",c1_0."team_id",c1_0."training_facility_id",c1_0."under18_id",c1_0."youth_academy_id" from "club" c1_0 where c1_0."team_id"=?
Hibernate: insert into "player_career_stats" ("clubs_played","cup_titles","first_goal","first_professional_match","highest_season_rating","highest_transfer_value","international_caps","international_goals","league_titles","longest_goal_streak","milestone100goals","milestone100matches","most_assists_in_season","most_goals_in_season","player_id","total_assists","total_clean_sheets","total_goals","total_matches_played","total_red_cards","total_transfer_value","total_yellow_cards","id") values (?,?,?,?,?,?,?,?,?,?,?,?,?,?,?,?,?,?,?,?,?,?,default)
Hibernate: select pss1_0."id",pss1_0."assists",pss1_0."average_condition",pss1_0."average_morale",pss1_0."average_rating",pss1_0."clean_sheets",pss1_0."club_id",pss1_0."fouls_committed",pss1_0."fouls_received",pss1_0."goals",pss1_0."goals_conceded",pss1_0."highest_rating",pss1_0."injury_count",pss1_0."injury_days",pss1_0."interceptions",pss1_0."league_id",pss1_0."lowest_rating",pss1_0."man_of_the_match_awards",pss1_0."matches_played",pss1_0."matches_started",pss1_0."minutes_played",pss1_0."passes",pss1_0."passes_completed",pss1_0."penalties_saved",pss1_0."player_id",pss1_0."red_cards",pss1_0."saves",pss1_0."season_id",pss1_0."shots",pss1_0."shots_on_target",pss1_0."substitutions_in",pss1_0."substitutions_out",pss1_0."tackles",pss1_0."yellow_cards" from "player_season_stats" pss1_0 where pss1_0."player_id"=?
Hibernate: select c1_0."id",c1_0."city",c1_0."finance_id",c1_0."foundation",c1_0."league_id",c1_0."logourl",c1_0."medical_center_id",c1_0."name",c1_0."stadium_id",c1_0."team_id",c1_0."training_facility_id",c1_0."under18_id",c1_0."youth_academy_id" from "club" c1_0 where c1_0."team_id"=?
Hibernate: insert into "player_career_stats" ("clubs_played","cup_titles","first_goal","first_professional_match","highest_season_rating","highest_transfer_value","international_caps","international_goals","league_titles","longest_goal_streak","milestone100goals","milestone100matches","most_assists_in_season","most_goals_in_season","player_id","total_assists","total_clean_sheets","total_goals","total_matches_played","total_red_cards","total_transfer_value","total_yellow_cards","id") values (?,?,?,?,?,?,?,?,?,?,?,?,?,?,?,?,?,?,?,?,?,?,default)
Hibernate: select pss1_0."id",pss1_0."assists",pss1_0."average_condition",pss1_0."average_morale",pss1_0."average_rating",pss1_0."clean_sheets",pss1_0."club_id",pss1_0."fouls_committed",pss1_0."fouls_received",pss1_0."goals",pss1_0."goals_conceded",pss1_0."highest_rating",pss1_0."injury_count",pss1_0."injury_days",pss1_0."interceptions",pss1_0."league_id",pss1_0."lowest_rating",pss1_0."man_of_the_match_awards",pss1_0."matches_played",pss1_0."matches_started",pss1_0."minutes_played",pss1_0."passes",pss1_0."passes_completed",pss1_0."penalties_saved",pss1_0."player_id",pss1_0."red_cards",pss1_0."saves",pss1_0."season_id",pss1_0."shots",pss1_0."shots_on_target",pss1_0."substitutions_in",pss1_0."substitutions_out",pss1_0."tackles",pss1_0."yellow_cards" from "player_season_stats" pss1_0 where pss1_0."player_id"=?
Hibernate: select c1_0."id",c1_0."city",c1_0."finance_id",c1_0."foundation",c1_0."league_id",c1_0."logourl",c1_0."medical_center_id",c1_0."name",c1_0."stadium_id",c1_0."team_id",c1_0."training_facility_id",c1_0."under18_id",c1_0."youth_academy_id" from "club" c1_0 where c1_0."team_id"=?
Hibernate: insert into "player_career_stats" ("clubs_played","cup_titles","first_goal","first_professional_match","highest_season_rating","highest_transfer_value","international_caps","international_goals","league_titles","longest_goal_streak","milestone100goals","milestone100matches","most_assists_in_season","most_goals_in_season","player_id","total_assists","total_clean_sheets","total_goals","total_matches_played","total_red_cards","total_transfer_value","total_yellow_cards","id") values (?,?,?,?,?,?,?,?,?,?,?,?,?,?,?,?,?,?,?,?,?,?,default)
Hibernate: select pss1_0."id",pss1_0."assists",pss1_0."average_condition",pss1_0."average_morale",pss1_0."average_rating",pss1_0."clean_sheets",pss1_0."club_id",pss1_0."fouls_committed",pss1_0."fouls_received",pss1_0."goals",pss1_0."goals_conceded",pss1_0."highest_rating",pss1_0."injury_count",pss1_0."injury_days",pss1_0."interceptions",pss1_0."league_id",pss1_0."lowest_rating",pss1_0."man_of_the_match_awards",pss1_0."matches_played",pss1_0."matches_started",pss1_0."minutes_played",pss1_0."passes",pss1_0."passes_completed",pss1_0."penalties_saved",pss1_0."player_id",pss1_0."red_cards",pss1_0."saves",pss1_0."season_id",pss1_0."shots",pss1_0."shots_on_target",pss1_0."substitutions_in",pss1_0."substitutions_out",pss1_0."tackles",pss1_0."yellow_cards" from "player_season_stats" pss1_0 where pss1_0."player_id"=?
Hibernate: select c1_0."id",c1_0."city",c1_0."finance_id",c1_0."foundation",c1_0."league_id",c1_0."logourl",c1_0."medical_center_id",c1_0."name",c1_0."stadium_id",c1_0."team_id",c1_0."training_facility_id",c1_0."under18_id",c1_0."youth_academy_id" from "club" c1_0 where c1_0."team_id"=?
Hibernate: insert into "player_career_stats" ("clubs_played","cup_titles","first_goal","first_professional_match","highest_season_rating","highest_transfer_value","international_caps","international_goals","league_titles","longest_goal_streak","milestone100goals","milestone100matches","most_assists_in_season","most_goals_in_season","player_id","total_assists","total_clean_sheets","total_goals","total_matches_played","total_red_cards","total_transfer_value","total_yellow_cards","id") values (?,?,?,?,?,?,?,?,?,?,?,?,?,?,?,?,?,?,?,?,?,?,default)
Hibernate: select pss1_0."id",pss1_0."assists",pss1_0."average_condition",pss1_0."average_morale",pss1_0."average_rating",pss1_0."clean_sheets",pss1_0."club_id",pss1_0."fouls_committed",pss1_0."fouls_received",pss1_0."goals",pss1_0."goals_conceded",pss1_0."highest_rating",pss1_0."injury_count",pss1_0."injury_days",pss1_0."interceptions",pss1_0."league_id",pss1_0."lowest_rating",pss1_0."man_of_the_match_awards",pss1_0."matches_played",pss1_0."matches_started",pss1_0."minutes_played",pss1_0."passes",pss1_0."passes_completed",pss1_0."penalties_saved",pss1_0."player_id",pss1_0."red_cards",pss1_0."saves",pss1_0."season_id",pss1_0."shots",pss1_0."shots_on_target",pss1_0."substitutions_in",pss1_0."substitutions_out",pss1_0."tackles",pss1_0."yellow_cards" from "player_season_stats" pss1_0 where pss1_0."player_id"=?
Hibernate: select c1_0."id",c1_0."city",c1_0."finance_id",c1_0."foundation",c1_0."league_id",c1_0."logourl",c1_0."medical_center_id",c1_0."name",c1_0."stadium_id",c1_0."team_id",c1_0."training_facility_id",c1_0."under18_id",c1_0."youth_academy_id" from "club" c1_0 where c1_0."team_id"=?
Hibernate: insert into "player_career_stats" ("clubs_played","cup_titles","first_goal","first_professional_match","highest_season_rating","highest_transfer_value","international_caps","international_goals","league_titles","longest_goal_streak","milestone100goals","milestone100matches","most_assists_in_season","most_goals_in_season","player_id","total_assists","total_clean_sheets","total_goals","total_matches_played","total_red_cards","total_transfer_value","total_yellow_cards","id") values (?,?,?,?,?,?,?,?,?,?,?,?,?,?,?,?,?,?,?,?,?,?,default)
Hibernate: select pss1_0."id",pss1_0."assists",pss1_0."average_condition",pss1_0."average_morale",pss1_0."average_rating",pss1_0."clean_sheets",pss1_0."club_id",pss1_0."fouls_committed",pss1_0."fouls_received",pss1_0."goals",pss1_0."goals_conceded",pss1_0."highest_rating",pss1_0."injury_count",pss1_0."injury_days",pss1_0."interceptions",pss1_0."league_id",pss1_0."lowest_rating",pss1_0."man_of_the_match_awards",pss1_0."matches_played",pss1_0."matches_started",pss1_0."minutes_played",pss1_0."passes",pss1_0."passes_completed",pss1_0."penalties_saved",pss1_0."player_id",pss1_0."red_cards",pss1_0."saves",pss1_0."season_id",pss1_0."shots",pss1_0."shots_on_target",pss1_0."substitutions_in",pss1_0."substitutions_out",pss1_0."tackles",pss1_0."yellow_cards" from "player_season_stats" pss1_0 where pss1_0."player_id"=?
Hibernate: select c1_0."id",c1_0."city",c1_0."finance_id",c1_0."foundation",c1_0."league_id",c1_0."logourl",c1_0."medical_center_id",c1_0."name",c1_0."stadium_id",c1_0."team_id",c1_0."training_facility_id",c1_0."under18_id",c1_0."youth_academy_id" from "club" c1_0 where c1_0."team_id"=?
Hibernate: insert into "player_career_stats" ("clubs_played","cup_titles","first_goal","first_professional_match","highest_season_rating","highest_transfer_value","international_caps","international_goals","league_titles","longest_goal_streak","milestone100goals","milestone100matches","most_assists_in_season","most_goals_in_season","player_id","total_assists","total_clean_sheets","total_goals","total_matches_played","total_red_cards","total_transfer_value","total_yellow_cards","id") values (?,?,?,?,?,?,?,?,?,?,?,?,?,?,?,?,?,?,?,?,?,?,default)
Hibernate: select pss1_0."id",pss1_0."assists",pss1_0."average_condition",pss1_0."average_morale",pss1_0."average_rating",pss1_0."clean_sheets",pss1_0."club_id",pss1_0."fouls_committed",pss1_0."fouls_received",pss1_0."goals",pss1_0."goals_conceded",pss1_0."highest_rating",pss1_0."injury_count",pss1_0."injury_days",pss1_0."interceptions",pss1_0."league_id",pss1_0."lowest_rating",pss1_0."man_of_the_match_awards",pss1_0."matches_played",pss1_0."matches_started",pss1_0."minutes_played",pss1_0."passes",pss1_0."passes_completed",pss1_0."penalties_saved",pss1_0."player_id",pss1_0."red_cards",pss1_0."saves",pss1_0."season_id",pss1_0."shots",pss1_0."shots_on_target",pss1_0."substitutions_in",pss1_0."substitutions_out",pss1_0."tackles",pss1_0."yellow_cards" from "player_season_stats" pss1_0 where pss1_0."player_id"=?
Hibernate: select c1_0."id",c1_0."city",c1_0."finance_id",c1_0."foundation",c1_0."league_id",c1_0."logourl",c1_0."medical_center_id",c1_0."name",c1_0."stadium_id",c1_0."team_id",c1_0."training_facility_id",c1_0."under18_id",c1_0."youth_academy_id" from "club" c1_0 where c1_0."team_id"=?
Hibernate: insert into "player_career_stats" ("clubs_played","cup_titles","first_goal","first_professional_match","highest_season_rating","highest_transfer_value","international_caps","international_goals","league_titles","longest_goal_streak","milestone100goals","milestone100matches","most_assists_in_season","most_goals_in_season","player_id","total_assists","total_clean_sheets","total_goals","total_matches_played","total_red_cards","total_transfer_value","total_yellow_cards","id") values (?,?,?,?,?,?,?,?,?,?,?,?,?,?,?,?,?,?,?,?,?,?,default)
Hibernate: select pss1_0."id",pss1_0."assists",pss1_0."average_condition",pss1_0."average_morale",pss1_0."average_rating",pss1_0."clean_sheets",pss1_0."club_id",pss1_0."fouls_committed",pss1_0."fouls_received",pss1_0."goals",pss1_0."goals_conceded",pss1_0."highest_rating",pss1_0."injury_count",pss1_0."injury_days",pss1_0."interceptions",pss1_0."league_id",pss1_0."lowest_rating",pss1_0."man_of_the_match_awards",pss1_0."matches_played",pss1_0."matches_started",pss1_0."minutes_played",pss1_0."passes",pss1_0."passes_completed",pss1_0."penalties_saved",pss1_0."player_id",pss1_0."red_cards",pss1_0."saves",pss1_0."season_id",pss1_0."shots",pss1_0."shots_on_target",pss1_0."substitutions_in",pss1_0."substitutions_out",pss1_0."tackles",pss1_0."yellow_cards" from "player_season_stats" pss1_0 where pss1_0."player_id"=?
Hibernate: select s1_0."id",s1_0."is_current",s1_0."end_year",s1_0."league_id",s1_0."name",s1_0."next_round_number",s1_0."start_year" from "season" s1_0 where s1_0."is_current"
Hibernate: select c1_0."id",c1_0."city",c1_0."finance_id",c1_0."foundation",c1_0."league_id",c1_0."logourl",c1_0."medical_center_id",c1_0."name",c1_0."stadium_id",c1_0."team_id",c1_0."training_facility_id",c1_0."under18_id",c1_0."youth_academy_id" from "club" c1_0 where c1_0."team_id"=?
Hibernate: insert into "player_achievement" ("additional_data","club_id","date_achieved","description","player_id","season_id","title","type","id") values (?,?,?,?,?,?,?,?,default)
Hibernate: select c1_0."id",c1_0."city",c1_0."finance_id",c1_0."foundation",c1_0."league_id",c1_0."logourl",c1_0."medical_center_id",c1_0."name",c1_0."stadium_id",c1_0."team_id",c1_0."training_facility_id",c1_0."under18_id",c1_0."youth_academy_id" from "club" c1_0 where c1_0."team_id"=?
Hibernate: insert into "player_career_stats" ("clubs_played","cup_titles","first_goal","first_professional_match","highest_season_rating","highest_transfer_value","international_caps","international_goals","league_titles","longest_goal_streak","milestone100goals","milestone100matches","most_assists_in_season","most_goals_in_season","player_id","total_assists","total_clean_sheets","total_goals","total_matches_played","total_red_cards","total_transfer_value","total_yellow_cards","id") values (?,?,?,?,?,?,?,?,?,?,?,?,?,?,?,?,?,?,?,?,?,?,default)
Hibernate: select pss1_0."id",pss1_0."assists",pss1_0."average_condition",pss1_0."average_morale",pss1_0."average_rating",pss1_0."clean_sheets",pss1_0."club_id",pss1_0."fouls_committed",pss1_0."fouls_received",pss1_0."goals",pss1_0."goals_conceded",pss1_0."highest_rating",pss1_0."injury_count",pss1_0."injury_days",pss1_0."interceptions",pss1_0."league_id",pss1_0."lowest_rating",pss1_0."man_of_the_match_awards",pss1_0."matches_played",pss1_0."matches_started",pss1_0."minutes_played",pss1_0."passes",pss1_0."passes_completed",pss1_0."penalties_saved",pss1_0."player_id",pss1_0."red_cards",pss1_0."saves",pss1_0."season_id",pss1_0."shots",pss1_0."shots_on_target",pss1_0."substitutions_in",pss1_0."substitutions_out",pss1_0."tackles",pss1_0."yellow_cards" from "player_season_stats" pss1_0 where pss1_0."player_id"=?
Hibernate: select c1_0."id",c1_0."city",c1_0."finance_id",c1_0."foundation",c1_0."league_id",c1_0."logourl",c1_0."medical_center_id",c1_0."name",c1_0."stadium_id",c1_0."team_id",c1_0."training_facility_id",c1_0."under18_id",c1_0."youth_academy_id" from "club" c1_0 where c1_0."team_id"=?
Hibernate: insert into "player_career_stats" ("clubs_played","cup_titles","first_goal","first_professional_match","highest_season_rating","highest_transfer_value","international_caps","international_goals","league_titles","longest_goal_streak","milestone100goals","milestone100matches","most_assists_in_season","most_goals_in_season","player_id","total_assists","total_clean_sheets","total_goals","total_matches_played","total_red_cards","total_transfer_value","total_yellow_cards","id") values (?,?,?,?,?,?,?,?,?,?,?,?,?,?,?,?,?,?,?,?,?,?,default)
Hibernate: select pss1_0."id",pss1_0."assists",pss1_0."average_condition",pss1_0."average_morale",pss1_0."average_rating",pss1_0."clean_sheets",pss1_0."club_id",pss1_0."fouls_committed",pss1_0."fouls_received",pss1_0."goals",pss1_0."goals_conceded",pss1_0."highest_rating",pss1_0."injury_count",pss1_0."injury_days",pss1_0."interceptions",pss1_0."league_id",pss1_0."lowest_rating",pss1_0."man_of_the_match_awards",pss1_0."matches_played",pss1_0."matches_started",pss1_0."minutes_played",pss1_0."passes",pss1_0."passes_completed",pss1_0."penalties_saved",pss1_0."player_id",pss1_0."red_cards",pss1_0."saves",pss1_0."season_id",pss1_0."shots",pss1_0."shots_on_target",pss1_0."substitutions_in",pss1_0."substitutions_out",pss1_0."tackles",pss1_0."yellow_cards" from "player_season_stats" pss1_0 where pss1_0."player_id"=?
Hibernate: select c1_0."id",c1_0."city",c1_0."finance_id",c1_0."foundation",c1_0."league_id",c1_0."logourl",c1_0."medical_center_id",c1_0."name",c1_0."stadium_id",c1_0."team_id",c1_0."training_facility_id",c1_0."under18_id",c1_0."youth_academy_id" from "club" c1_0 where c1_0."team_id"=?
Hibernate: insert into "player_career_stats" ("clubs_played","cup_titles","first_goal","first_professional_match","highest_season_rating","highest_transfer_value","international_caps","international_goals","league_titles","longest_goal_streak","milestone100goals","milestone100matches","most_assists_in_season","most_goals_in_season","player_id","total_assists","total_clean_sheets","total_goals","total_matches_played","total_red_cards","total_transfer_value","total_yellow_cards","id") values (?,?,?,?,?,?,?,?,?,?,?,?,?,?,?,?,?,?,?,?,?,?,default)
Hibernate: select pss1_0."id",pss1_0."assists",pss1_0."average_condition",pss1_0."average_morale",pss1_0."average_rating",pss1_0."clean_sheets",pss1_0."club_id",pss1_0."fouls_committed",pss1_0."fouls_received",pss1_0."goals",pss1_0."goals_conceded",pss1_0."highest_rating",pss1_0."injury_count",pss1_0."injury_days",pss1_0."interceptions",pss1_0."league_id",pss1_0."lowest_rating",pss1_0."man_of_the_match_awards",pss1_0."matches_played",pss1_0."matches_started",pss1_0."minutes_played",pss1_0."passes",pss1_0."passes_completed",pss1_0."penalties_saved",pss1_0."player_id",pss1_0."red_cards",pss1_0."saves",pss1_0."season_id",pss1_0."shots",pss1_0."shots_on_target",pss1_0."substitutions_in",pss1_0."substitutions_out",pss1_0."tackles",pss1_0."yellow_cards" from "player_season_stats" pss1_0 where pss1_0."player_id"=?
Hibernate: select c1_0."id",c1_0."city",c1_0."finance_id",c1_0."foundation",c1_0."league_id",c1_0."logourl",c1_0."medical_center_id",c1_0."name",c1_0."stadium_id",c1_0."team_id",c1_0."training_facility_id",c1_0."under18_id",c1_0."youth_academy_id" from "club" c1_0 where c1_0."team_id"=?
Hibernate: insert into "player_career_stats" ("clubs_played","cup_titles","first_goal","first_professional_match","highest_season_rating","highest_transfer_value","international_caps","international_goals","league_titles","longest_goal_streak","milestone100goals","milestone100matches","most_assists_in_season","most_goals_in_season","player_id","total_assists","total_clean_sheets","total_goals","total_matches_played","total_red_cards","total_transfer_value","total_yellow_cards","id") values (?,?,?,?,?,?,?,?,?,?,?,?,?,?,?,?,?,?,?,?,?,?,default)
Hibernate: select pss1_0."id",pss1_0."assists",pss1_0."average_condition",pss1_0."average_morale",pss1_0."average_rating",pss1_0."clean_sheets",pss1_0."club_id",pss1_0."fouls_committed",pss1_0."fouls_received",pss1_0."goals",pss1_0."goals_conceded",pss1_0."highest_rating",pss1_0."injury_count",pss1_0."injury_days",pss1_0."interceptions",pss1_0."league_id",pss1_0."lowest_rating",pss1_0."man_of_the_match_awards",pss1_0."matches_played",pss1_0."matches_started",pss1_0."minutes_played",pss1_0."passes",pss1_0."passes_completed",pss1_0."penalties_saved",pss1_0."player_id",pss1_0."red_cards",pss1_0."saves",pss1_0."season_id",pss1_0."shots",pss1_0."shots_on_target",pss1_0."substitutions_in",pss1_0."substitutions_out",pss1_0."tackles",pss1_0."yellow_cards" from "player_season_stats" pss1_0 where pss1_0."player_id"=?
Hibernate: select c1_0."id",c1_0."city",c1_0."finance_id",c1_0."foundation",c1_0."league_id",c1_0."logourl",c1_0."medical_center_id",c1_0."name",c1_0."stadium_id",c1_0."team_id",c1_0."training_facility_id",c1_0."under18_id",c1_0."youth_academy_id" from "club" c1_0 where c1_0."team_id"=?
Hibernate: insert into "player_career_stats" ("clubs_played","cup_titles","first_goal","first_professional_match","highest_season_rating","highest_transfer_value","international_caps","international_goals","league_titles","longest_goal_streak","milestone100goals","milestone100matches","most_assists_in_season","most_goals_in_season","player_id","total_assists","total_clean_sheets","total_goals","total_matches_played","total_red_cards","total_transfer_value","total_yellow_cards","id") values (?,?,?,?,?,?,?,?,?,?,?,?,?,?,?,?,?,?,?,?,?,?,default)
Hibernate: select pss1_0."id",pss1_0."assists",pss1_0."average_condition",pss1_0."average_morale",pss1_0."average_rating",pss1_0."clean_sheets",pss1_0."club_id",pss1_0."fouls_committed",pss1_0."fouls_received",pss1_0."goals",pss1_0."goals_conceded",pss1_0."highest_rating",pss1_0."injury_count",pss1_0."injury_days",pss1_0."interceptions",pss1_0."league_id",pss1_0."lowest_rating",pss1_0."man_of_the_match_awards",pss1_0."matches_played",pss1_0."matches_started",pss1_0."minutes_played",pss1_0."passes",pss1_0."passes_completed",pss1_0."penalties_saved",pss1_0."player_id",pss1_0."red_cards",pss1_0."saves",pss1_0."season_id",pss1_0."shots",pss1_0."shots_on_target",pss1_0."substitutions_in",pss1_0."substitutions_out",pss1_0."tackles",pss1_0."yellow_cards" from "player_season_stats" pss1_0 where pss1_0."player_id"=?
Hibernate: select c1_0."id",c1_0."city",c1_0."finance_id",c1_0."foundation",c1_0."league_id",c1_0."logourl",c1_0."medical_center_id",c1_0."name",c1_0."stadium_id",c1_0."team_id",c1_0."training_facility_id",c1_0."under18_id",c1_0."youth_academy_id" from "club" c1_0 where c1_0."team_id"=?
Hibernate: insert into "player_career_stats" ("clubs_played","cup_titles","first_goal","first_professional_match","highest_season_rating","highest_transfer_value","international_caps","international_goals","league_titles","longest_goal_streak","milestone100goals","milestone100matches","most_assists_in_season","most_goals_in_season","player_id","total_assists","total_clean_sheets","total_goals","total_matches_played","total_red_cards","total_transfer_value","total_yellow_cards","id") values (?,?,?,?,?,?,?,?,?,?,?,?,?,?,?,?,?,?,?,?,?,?,default)
Hibernate: select pss1_0."id",pss1_0."assists",pss1_0."average_condition",pss1_0."average_morale",pss1_0."average_rating",pss1_0."clean_sheets",pss1_0."club_id",pss1_0."fouls_committed",pss1_0."fouls_received",pss1_0."goals",pss1_0."goals_conceded",pss1_0."highest_rating",pss1_0."injury_count",pss1_0."injury_days",pss1_0."interceptions",pss1_0."league_id",pss1_0."lowest_rating",pss1_0."man_of_the_match_awards",pss1_0."matches_played",pss1_0."matches_started",pss1_0."minutes_played",pss1_0."passes",pss1_0."passes_completed",pss1_0."penalties_saved",pss1_0."player_id",pss1_0."red_cards",pss1_0."saves",pss1_0."season_id",pss1_0."shots",pss1_0."shots_on_target",pss1_0."substitutions_in",pss1_0."substitutions_out",pss1_0."tackles",pss1_0."yellow_cards" from "player_season_stats" pss1_0 where pss1_0."player_id"=?
Hibernate: select c1_0."id",c1_0."city",c1_0."finance_id",c1_0."foundation",c1_0."league_id",c1_0."logourl",c1_0."medical_center_id",c1_0."name",c1_0."stadium_id",c1_0."team_id",c1_0."training_facility_id",c1_0."under18_id",c1_0."youth_academy_id" from "club" c1_0 where c1_0."team_id"=?
Hibernate: insert into "player_career_stats" ("clubs_played","cup_titles","first_goal","first_professional_match","highest_season_rating","highest_transfer_value","international_caps","international_goals","league_titles","longest_goal_streak","milestone100goals","milestone100matches","most_assists_in_season","most_goals_in_season","player_id","total_assists","total_clean_sheets","total_goals","total_matches_played","total_red_cards","total_transfer_value","total_yellow_cards","id") values (?,?,?,?,?,?,?,?,?,?,?,?,?,?,?,?,?,?,?,?,?,?,default)
Hibernate: select pss1_0."id",pss1_0."assists",pss1_0."average_condition",pss1_0."average_morale",pss1_0."average_rating",pss1_0."clean_sheets",pss1_0."club_id",pss1_0."fouls_committed",pss1_0."fouls_received",pss1_0."goals",pss1_0."goals_conceded",pss1_0."highest_rating",pss1_0."injury_count",pss1_0."injury_days",pss1_0."interceptions",pss1_0."league_id",pss1_0."lowest_rating",pss1_0."man_of_the_match_awards",pss1_0."matches_played",pss1_0."matches_started",pss1_0."minutes_played",pss1_0."passes",pss1_0."passes_completed",pss1_0."penalties_saved",pss1_0."player_id",pss1_0."red_cards",pss1_0."saves",pss1_0."season_id",pss1_0."shots",pss1_0."shots_on_target",pss1_0."substitutions_in",pss1_0."substitutions_out",pss1_0."tackles",pss1_0."yellow_cards" from "player_season_stats" pss1_0 where pss1_0."player_id"=?
Hibernate: select c1_0."id",c1_0."city",c1_0."finance_id",c1_0."foundation",c1_0."league_id",c1_0."logourl",c1_0."medical_center_id",c1_0."name",c1_0."stadium_id",c1_0."team_id",c1_0."training_facility_id",c1_0."under18_id",c1_0."youth_academy_id" from "club" c1_0 where c1_0."team_id"=?
Hibernate: insert into "player_career_stats" ("clubs_played","cup_titles","first_goal","first_professional_match","highest_season_rating","highest_transfer_value","international_caps","international_goals","league_titles","longest_goal_streak","milestone100goals","milestone100matches","most_assists_in_season","most_goals_in_season","player_id","total_assists","total_clean_sheets","total_goals","total_matches_played","total_red_cards","total_transfer_value","total_yellow_cards","id") values (?,?,?,?,?,?,?,?,?,?,?,?,?,?,?,?,?,?,?,?,?,?,default)
Hibernate: select pss1_0."id",pss1_0."assists",pss1_0."average_condition",pss1_0."average_morale",pss1_0."average_rating",pss1_0."clean_sheets",pss1_0."club_id",pss1_0."fouls_committed",pss1_0."fouls_received",pss1_0."goals",pss1_0."goals_conceded",pss1_0."highest_rating",pss1_0."injury_count",pss1_0."injury_days",pss1_0."interceptions",pss1_0."league_id",pss1_0."lowest_rating",pss1_0."man_of_the_match_awards",pss1_0."matches_played",pss1_0."matches_started",pss1_0."minutes_played",pss1_0."passes",pss1_0."passes_completed",pss1_0."penalties_saved",pss1_0."player_id",pss1_0."red_cards",pss1_0."saves",pss1_0."season_id",pss1_0."shots",pss1_0."shots_on_target",pss1_0."substitutions_in",pss1_0."substitutions_out",pss1_0."tackles",pss1_0."yellow_cards" from "player_season_stats" pss1_0 where pss1_0."player_id"=?
Hibernate: select c1_0."id",c1_0."city",c1_0."finance_id",c1_0."foundation",c1_0."league_id",c1_0."logourl",c1_0."medical_center_id",c1_0."name",c1_0."stadium_id",c1_0."team_id",c1_0."training_facility_id",c1_0."under18_id",c1_0."youth_academy_id" from "club" c1_0 where c1_0."team_id"=?
Hibernate: insert into "player_career_stats" ("clubs_played","cup_titles","first_goal","first_professional_match","highest_season_rating","highest_transfer_value","international_caps","international_goals","league_titles","longest_goal_streak","milestone100goals","milestone100matches","most_assists_in_season","most_goals_in_season","player_id","total_assists","total_clean_sheets","total_goals","total_matches_played","total_red_cards","total_transfer_value","total_yellow_cards","id") values (?,?,?,?,?,?,?,?,?,?,?,?,?,?,?,?,?,?,?,?,?,?,default)
Hibernate: select pss1_0."id",pss1_0."assists",pss1_0."average_condition",pss1_0."average_morale",pss1_0."average_rating",pss1_0."clean_sheets",pss1_0."club_id",pss1_0."fouls_committed",pss1_0."fouls_received",pss1_0."goals",pss1_0."goals_conceded",pss1_0."highest_rating",pss1_0."injury_count",pss1_0."injury_days",pss1_0."interceptions",pss1_0."league_id",pss1_0."lowest_rating",pss1_0."man_of_the_match_awards",pss1_0."matches_played",pss1_0."matches_started",pss1_0."minutes_played",pss1_0."passes",pss1_0."passes_completed",pss1_0."penalties_saved",pss1_0."player_id",pss1_0."red_cards",pss1_0."saves",pss1_0."season_id",pss1_0."shots",pss1_0."shots_on_target",pss1_0."substitutions_in",pss1_0."substitutions_out",pss1_0."tackles",pss1_0."yellow_cards" from "player_season_stats" pss1_0 where pss1_0."player_id"=?
Hibernate: select c1_0."id",c1_0."city",c1_0."finance_id",c1_0."foundation",c1_0."league_id",c1_0."logourl",c1_0."medical_center_id",c1_0."name",c1_0."stadium_id",c1_0."team_id",c1_0."training_facility_id",c1_0."under18_id",c1_0."youth_academy_id" from "club" c1_0 where c1_0."team_id"=?
Hibernate: insert into "player_career_stats" ("clubs_played","cup_titles","first_goal","first_professional_match","highest_season_rating","highest_transfer_value","international_caps","international_goals","league_titles","longest_goal_streak","milestone100goals","milestone100matches","most_assists_in_season","most_goals_in_season","player_id","total_assists","total_clean_sheets","total_goals","total_matches_played","total_red_cards","total_transfer_value","total_yellow_cards","id") values (?,?,?,?,?,?,?,?,?,?,?,?,?,?,?,?,?,?,?,?,?,?,default)
Hibernate: select pss1_0."id",pss1_0."assists",pss1_0."average_condition",pss1_0."average_morale",pss1_0."average_rating",pss1_0."clean_sheets",pss1_0."club_id",pss1_0."fouls_committed",pss1_0."fouls_received",pss1_0."goals",pss1_0."goals_conceded",pss1_0."highest_rating",pss1_0."injury_count",pss1_0."injury_days",pss1_0."interceptions",pss1_0."league_id",pss1_0."lowest_rating",pss1_0."man_of_the_match_awards",pss1_0."matches_played",pss1_0."matches_started",pss1_0."minutes_played",pss1_0."passes",pss1_0."passes_completed",pss1_0."penalties_saved",pss1_0."player_id",pss1_0."red_cards",pss1_0."saves",pss1_0."season_id",pss1_0."shots",pss1_0."shots_on_target",pss1_0."substitutions_in",pss1_0."substitutions_out",pss1_0."tackles",pss1_0."yellow_cards" from "player_season_stats" pss1_0 where pss1_0."player_id"=?
Hibernate: select c1_0."id",c1_0."city",c1_0."finance_id",c1_0."foundation",c1_0."league_id",c1_0."logourl",c1_0."medical_center_id",c1_0."name",c1_0."stadium_id",c1_0."team_id",c1_0."training_facility_id",c1_0."under18_id",c1_0."youth_academy_id" from "club" c1_0 where c1_0."team_id"=?
Hibernate: insert into "player_career_stats" ("clubs_played","cup_titles","first_goal","first_professional_match","highest_season_rating","highest_transfer_value","international_caps","international_goals","league_titles","longest_goal_streak","milestone100goals","milestone100matches","most_assists_in_season","most_goals_in_season","player_id","total_assists","total_clean_sheets","total_goals","total_matches_played","total_red_cards","total_transfer_value","total_yellow_cards","id") values (?,?,?,?,?,?,?,?,?,?,?,?,?,?,?,?,?,?,?,?,?,?,default)
Hibernate: select pss1_0."id",pss1_0."assists",pss1_0."average_condition",pss1_0."average_morale",pss1_0."average_rating",pss1_0."clean_sheets",pss1_0."club_id",pss1_0."fouls_committed",pss1_0."fouls_received",pss1_0."goals",pss1_0."goals_conceded",pss1_0."highest_rating",pss1_0."injury_count",pss1_0."injury_days",pss1_0."interceptions",pss1_0."league_id",pss1_0."lowest_rating",pss1_0."man_of_the_match_awards",pss1_0."matches_played",pss1_0."matches_started",pss1_0."minutes_played",pss1_0."passes",pss1_0."passes_completed",pss1_0."penalties_saved",pss1_0."player_id",pss1_0."red_cards",pss1_0."saves",pss1_0."season_id",pss1_0."shots",pss1_0."shots_on_target",pss1_0."substitutions_in",pss1_0."substitutions_out",pss1_0."tackles",pss1_0."yellow_cards" from "player_season_stats" pss1_0 where pss1_0."player_id"=?
Hibernate: select c1_0."id",c1_0."city",c1_0."finance_id",c1_0."foundation",c1_0."league_id",c1_0."logourl",c1_0."medical_center_id",c1_0."name",c1_0."stadium_id",c1_0."team_id",c1_0."training_facility_id",c1_0."under18_id",c1_0."youth_academy_id" from "club" c1_0 where c1_0."team_id"=?
Hibernate: insert into "player_career_stats" ("clubs_played","cup_titles","first_goal","first_professional_match","highest_season_rating","highest_transfer_value","international_caps","international_goals","league_titles","longest_goal_streak","milestone100goals","milestone100matches","most_assists_in_season","most_goals_in_season","player_id","total_assists","total_clean_sheets","total_goals","total_matches_played","total_red_cards","total_transfer_value","total_yellow_cards","id") values (?,?,?,?,?,?,?,?,?,?,?,?,?,?,?,?,?,?,?,?,?,?,default)
Hibernate: select pss1_0."id",pss1_0."assists",pss1_0."average_condition",pss1_0."average_morale",pss1_0."average_rating",pss1_0."clean_sheets",pss1_0."club_id",pss1_0."fouls_committed",pss1_0."fouls_received",pss1_0."goals",pss1_0."goals_conceded",pss1_0."highest_rating",pss1_0."injury_count",pss1_0."injury_days",pss1_0."interceptions",pss1_0."league_id",pss1_0."lowest_rating",pss1_0."man_of_the_match_awards",pss1_0."matches_played",pss1_0."matches_started",pss1_0."minutes_played",pss1_0."passes",pss1_0."passes_completed",pss1_0."penalties_saved",pss1_0."player_id",pss1_0."red_cards",pss1_0."saves",pss1_0."season_id",pss1_0."shots",pss1_0."shots_on_target",pss1_0."substitutions_in",pss1_0."substitutions_out",pss1_0."tackles",pss1_0."yellow_cards" from "player_season_stats" pss1_0 where pss1_0."player_id"=?
Hibernate: select c1_0."id",c1_0."city",c1_0."finance_id",c1_0."foundation",c1_0."league_id",c1_0."logourl",c1_0."medical_center_id",c1_0."name",c1_0."stadium_id",c1_0."team_id",c1_0."training_facility_id",c1_0."under18_id",c1_0."youth_academy_id" from "club" c1_0 where c1_0."team_id"=?
Hibernate: insert into "player_career_stats" ("clubs_played","cup_titles","first_goal","first_professional_match","highest_season_rating","highest_transfer_value","international_caps","international_goals","league_titles","longest_goal_streak","milestone100goals","milestone100matches","most_assists_in_season","most_goals_in_season","player_id","total_assists","total_clean_sheets","total_goals","total_matches_played","total_red_cards","total_transfer_value","total_yellow_cards","id") values (?,?,?,?,?,?,?,?,?,?,?,?,?,?,?,?,?,?,?,?,?,?,default)
Hibernate: select pss1_0."id",pss1_0."assists",pss1_0."average_condition",pss1_0."average_morale",pss1_0."average_rating",pss1_0."clean_sheets",pss1_0."club_id",pss1_0."fouls_committed",pss1_0."fouls_received",pss1_0."goals",pss1_0."goals_conceded",pss1_0."highest_rating",pss1_0."injury_count",pss1_0."injury_days",pss1_0."interceptions",pss1_0."league_id",pss1_0."lowest_rating",pss1_0."man_of_the_match_awards",pss1_0."matches_played",pss1_0."matches_started",pss1_0."minutes_played",pss1_0."passes",pss1_0."passes_completed",pss1_0."penalties_saved",pss1_0."player_id",pss1_0."red_cards",pss1_0."saves",pss1_0."season_id",pss1_0."shots",pss1_0."shots_on_target",pss1_0."substitutions_in",pss1_0."substitutions_out",pss1_0."tackles",pss1_0."yellow_cards" from "player_season_stats" pss1_0 where pss1_0."player_id"=?
Hibernate: select c1_0."id",c1_0."city",c1_0."finance_id",c1_0."foundation",c1_0."league_id",c1_0."logourl",c1_0."medical_center_id",c1_0."name",c1_0."stadium_id",c1_0."team_id",c1_0."training_facility_id",c1_0."under18_id",c1_0."youth_academy_id" from "club" c1_0 where c1_0."team_id"=?
Hibernate: insert into "player_career_stats" ("clubs_played","cup_titles","first_goal","first_professional_match","highest_season_rating","highest_transfer_value","international_caps","international_goals","league_titles","longest_goal_streak","milestone100goals","milestone100matches","most_assists_in_season","most_goals_in_season","player_id","total_assists","total_clean_sheets","total_goals","total_matches_played","total_red_cards","total_transfer_value","total_yellow_cards","id") values (?,?,?,?,?,?,?,?,?,?,?,?,?,?,?,?,?,?,?,?,?,?,default)
Hibernate: select pss1_0."id",pss1_0."assists",pss1_0."average_condition",pss1_0."average_morale",pss1_0."average_rating",pss1_0."clean_sheets",pss1_0."club_id",pss1_0."fouls_committed",pss1_0."fouls_received",pss1_0."goals",pss1_0."goals_conceded",pss1_0."highest_rating",pss1_0."injury_count",pss1_0."injury_days",pss1_0."interceptions",pss1_0."league_id",pss1_0."lowest_rating",pss1_0."man_of_the_match_awards",pss1_0."matches_played",pss1_0."matches_started",pss1_0."minutes_played",pss1_0."passes",pss1_0."passes_completed",pss1_0."penalties_saved",pss1_0."player_id",pss1_0."red_cards",pss1_0."saves",pss1_0."season_id",pss1_0."shots",pss1_0."shots_on_target",pss1_0."substitutions_in",pss1_0."substitutions_out",pss1_0."tackles",pss1_0."yellow_cards" from "player_season_stats" pss1_0 where pss1_0."player_id"=?
Hibernate: select c1_0."id",c1_0."city",c1_0."finance_id",c1_0."foundation",c1_0."league_id",c1_0."logourl",c1_0."medical_center_id",c1_0."name",c1_0."stadium_id",c1_0."team_id",c1_0."training_facility_id",c1_0."under18_id",c1_0."youth_academy_id" from "club" c1_0 where c1_0."team_id"=?
Hibernate: insert into "player_career_stats" ("clubs_played","cup_titles","first_goal","first_professional_match","highest_season_rating","highest_transfer_value","international_caps","international_goals","league_titles","longest_goal_streak","milestone100goals","milestone100matches","most_assists_in_season","most_goals_in_season","player_id","total_assists","total_clean_sheets","total_goals","total_matches_played","total_red_cards","total_transfer_value","total_yellow_cards","id") values (?,?,?,?,?,?,?,?,?,?,?,?,?,?,?,?,?,?,?,?,?,?,default)
Hibernate: select pss1_0."id",pss1_0."assists",pss1_0."average_condition",pss1_0."average_morale",pss1_0."average_rating",pss1_0."clean_sheets",pss1_0."club_id",pss1_0."fouls_committed",pss1_0."fouls_received",pss1_0."goals",pss1_0."goals_conceded",pss1_0."highest_rating",pss1_0."injury_count",pss1_0."injury_days",pss1_0."interceptions",pss1_0."league_id",pss1_0."lowest_rating",pss1_0."man_of_the_match_awards",pss1_0."matches_played",pss1_0."matches_started",pss1_0."minutes_played",pss1_0."passes",pss1_0."passes_completed",pss1_0."penalties_saved",pss1_0."player_id",pss1_0."red_cards",pss1_0."saves",pss1_0."season_id",pss1_0."shots",pss1_0."shots_on_target",pss1_0."substitutions_in",pss1_0."substitutions_out",pss1_0."tackles",pss1_0."yellow_cards" from "player_season_stats" pss1_0 where pss1_0."player_id"=?
Hibernate: select c1_0."id",c1_0."city",c1_0."finance_id",c1_0."foundation",c1_0."league_id",c1_0."logourl",c1_0."medical_center_id",c1_0."name",c1_0."stadium_id",c1_0."team_id",c1_0."training_facility_id",c1_0."under18_id",c1_0."youth_academy_id" from "club" c1_0 where c1_0."team_id"=?
Hibernate: insert into "player_career_stats" ("clubs_played","cup_titles","first_goal","first_professional_match","highest_season_rating","highest_transfer_value","international_caps","international_goals","league_titles","longest_goal_streak","milestone100goals","milestone100matches","most_assists_in_season","most_goals_in_season","player_id","total_assists","total_clean_sheets","total_goals","total_matches_played","total_red_cards","total_transfer_value","total_yellow_cards","id") values (?,?,?,?,?,?,?,?,?,?,?,?,?,?,?,?,?,?,?,?,?,?,default)
Hibernate: select pss1_0."id",pss1_0."assists",pss1_0."average_condition",pss1_0."average_morale",pss1_0."average_rating",pss1_0."clean_sheets",pss1_0."club_id",pss1_0."fouls_committed",pss1_0."fouls_received",pss1_0."goals",pss1_0."goals_conceded",pss1_0."highest_rating",pss1_0."injury_count",pss1_0."injury_days",pss1_0."interceptions",pss1_0."league_id",pss1_0."lowest_rating",pss1_0."man_of_the_match_awards",pss1_0."matches_played",pss1_0."matches_started",pss1_0."minutes_played",pss1_0."passes",pss1_0."passes_completed",pss1_0."penalties_saved",pss1_0."player_id",pss1_0."red_cards",pss1_0."saves",pss1_0."season_id",pss1_0."shots",pss1_0."shots_on_target",pss1_0."substitutions_in",pss1_0."substitutions_out",pss1_0."tackles",pss1_0."yellow_cards" from "player_season_stats" pss1_0 where pss1_0."player_id"=?
Hibernate: select c1_0."id",c1_0."city",c1_0."finance_id",c1_0."foundation",c1_0."league_id",c1_0."logourl",c1_0."medical_center_id",c1_0."name",c1_0."stadium_id",c1_0."team_id",c1_0."training_facility_id",c1_0."under18_id",c1_0."youth_academy_id" from "club" c1_0 where c1_0."team_id"=?
Hibernate: insert into "player_career_stats" ("clubs_played","cup_titles","first_goal","first_professional_match","highest_season_rating","highest_transfer_value","international_caps","international_goals","league_titles","longest_goal_streak","milestone100goals","milestone100matches","most_assists_in_season","most_goals_in_season","player_id","total_assists","total_clean_sheets","total_goals","total_matches_played","total_red_cards","total_transfer_value","total_yellow_cards","id") values (?,?,?,?,?,?,?,?,?,?,?,?,?,?,?,?,?,?,?,?,?,?,default)
Hibernate: select pss1_0."id",pss1_0."assists",pss1_0."average_condition",pss1_0."average_morale",pss1_0."average_rating",pss1_0."clean_sheets",pss1_0."club_id",pss1_0."fouls_committed",pss1_0."fouls_received",pss1_0."goals",pss1_0."goals_conceded",pss1_0."highest_rating",pss1_0."injury_count",pss1_0."injury_days",pss1_0."interceptions",pss1_0."league_id",pss1_0."lowest_rating",pss1_0."man_of_the_match_awards",pss1_0."matches_played",pss1_0."matches_started",pss1_0."minutes_played",pss1_0."passes",pss1_0."passes_completed",pss1_0."penalties_saved",pss1_0."player_id",pss1_0."red_cards",pss1_0."saves",pss1_0."season_id",pss1_0."shots",pss1_0."shots_on_target",pss1_0."substitutions_in",pss1_0."substitutions_out",pss1_0."tackles",pss1_0."yellow_cards" from "player_season_stats" pss1_0 where pss1_0."player_id"=?
Hibernate: select c1_0."id",c1_0."city",c1_0."finance_id",c1_0."foundation",c1_0."league_id",c1_0."logourl",c1_0."medical_center_id",c1_0."name",c1_0."stadium_id",c1_0."team_id",c1_0."training_facility_id",c1_0."under18_id",c1_0."youth_academy_id" from "club" c1_0 where c1_0."team_id"=?
Hibernate: insert into "player_career_stats" ("clubs_played","cup_titles","first_goal","first_professional_match","highest_season_rating","highest_transfer_value","international_caps","international_goals","league_titles","longest_goal_streak","milestone100goals","milestone100matches","most_assists_in_season","most_goals_in_season","player_id","total_assists","total_clean_sheets","total_goals","total_matches_played","total_red_cards","total_transfer_value","total_yellow_cards","id") values (?,?,?,?,?,?,?,?,?,?,?,?,?,?,?,?,?,?,?,?,?,?,default)
Hibernate: select pss1_0."id",pss1_0."assists",pss1_0."average_condition",pss1_0."average_morale",pss1_0."average_rating",pss1_0."clean_sheets",pss1_0."club_id",pss1_0."fouls_committed",pss1_0."fouls_received",pss1_0."goals",pss1_0."goals_conceded",pss1_0."highest_rating",pss1_0."injury_count",pss1_0."injury_days",pss1_0."interceptions",pss1_0."league_id",pss1_0."lowest_rating",pss1_0."man_of_the_match_awards",pss1_0."matches_played",pss1_0."matches_started",pss1_0."minutes_played",pss1_0."passes",pss1_0."passes_completed",pss1_0."penalties_saved",pss1_0."player_id",pss1_0."red_cards",pss1_0."saves",pss1_0."season_id",pss1_0."shots",pss1_0."shots_on_target",pss1_0."substitutions_in",pss1_0."substitutions_out",pss1_0."tackles",pss1_0."yellow_cards" from "player_season_stats" pss1_0 where pss1_0."player_id"=?
Hibernate: select c1_0."id",c1_0."city",c1_0."finance_id",c1_0."foundation",c1_0."league_id",c1_0."logourl",c1_0."medical_center_id",c1_0."name",c1_0."stadium_id",c1_0."team_id",c1_0."training_facility_id",c1_0."under18_id",c1_0."youth_academy_id" from "club" c1_0 where c1_0."team_id"=?
Hibernate: insert into "player_career_stats" ("clubs_played","cup_titles","first_goal","first_professional_match","highest_season_rating","highest_transfer_value","international_caps","international_goals","league_titles","longest_goal_streak","milestone100goals","milestone100matches","most_assists_in_season","most_goals_in_season","player_id","total_assists","total_clean_sheets","total_goals","total_matches_played","total_red_cards","total_transfer_value","total_yellow_cards","id") values (?,?,?,?,?,?,?,?,?,?,?,?,?,?,?,?,?,?,?,?,?,?,default)
Hibernate: select pss1_0."id",pss1_0."assists",pss1_0."average_condition",pss1_0."average_morale",pss1_0."average_rating",pss1_0."clean_sheets",pss1_0."club_id",pss1_0."fouls_committed",pss1_0."fouls_received",pss1_0."goals",pss1_0."goals_conceded",pss1_0."highest_rating",pss1_0."injury_count",pss1_0."injury_days",pss1_0."interceptions",pss1_0."league_id",pss1_0."lowest_rating",pss1_0."man_of_the_match_awards",pss1_0."matches_played",pss1_0."matches_started",pss1_0."minutes_played",pss1_0."passes",pss1_0."passes_completed",pss1_0."penalties_saved",pss1_0."player_id",pss1_0."red_cards",pss1_0."saves",pss1_0."season_id",pss1_0."shots",pss1_0."shots_on_target",pss1_0."substitutions_in",pss1_0."substitutions_out",pss1_0."tackles",pss1_0."yellow_cards" from "player_season_stats" pss1_0 where pss1_0."player_id"=?
Hibernate: select c1_0."id",c1_0."city",c1_0."finance_id",c1_0."foundation",c1_0."league_id",c1_0."logourl",c1_0."medical_center_id",c1_0."name",c1_0."stadium_id",c1_0."team_id",c1_0."training_facility_id",c1_0."under18_id",c1_0."youth_academy_id" from "club" c1_0 where c1_0."team_id"=?
Hibernate: insert into "player_career_stats" ("clubs_played","cup_titles","first_goal","first_professional_match","highest_season_rating","highest_transfer_value","international_caps","international_goals","league_titles","longest_goal_streak","milestone100goals","milestone100matches","most_assists_in_season","most_goals_in_season","player_id","total_assists","total_clean_sheets","total_goals","total_matches_played","total_red_cards","total_transfer_value","total_yellow_cards","id") values (?,?,?,?,?,?,?,?,?,?,?,?,?,?,?,?,?,?,?,?,?,?,default)
Hibernate: select pss1_0."id",pss1_0."assists",pss1_0."average_condition",pss1_0."average_morale",pss1_0."average_rating",pss1_0."clean_sheets",pss1_0."club_id",pss1_0."fouls_committed",pss1_0."fouls_received",pss1_0."goals",pss1_0."goals_conceded",pss1_0."highest_rating",pss1_0."injury_count",pss1_0."injury_days",pss1_0."interceptions",pss1_0."league_id",pss1_0."lowest_rating",pss1_0."man_of_the_match_awards",pss1_0."matches_played",pss1_0."matches_started",pss1_0."minutes_played",pss1_0."passes",pss1_0."passes_completed",pss1_0."penalties_saved",pss1_0."player_id",pss1_0."red_cards",pss1_0."saves",pss1_0."season_id",pss1_0."shots",pss1_0."shots_on_target",pss1_0."substitutions_in",pss1_0."substitutions_out",pss1_0."tackles",pss1_0."yellow_cards" from "player_season_stats" pss1_0 where pss1_0."player_id"=?
Hibernate: select c1_0."id",c1_0."city",c1_0."finance_id",c1_0."foundation",c1_0."league_id",c1_0."logourl",c1_0."medical_center_id",c1_0."name",c1_0."stadium_id",c1_0."team_id",c1_0."training_facility_id",c1_0."under18_id",c1_0."youth_academy_id" from "club" c1_0 where c1_0."team_id"=?
Hibernate: insert into "player_career_stats" ("clubs_played","cup_titles","first_goal","first_professional_match","highest_season_rating","highest_transfer_value","international_caps","international_goals","league_titles","longest_goal_streak","milestone100goals","milestone100matches","most_assists_in_season","most_goals_in_season","player_id","total_assists","total_clean_sheets","total_goals","total_matches_played","total_red_cards","total_transfer_value","total_yellow_cards","id") values (?,?,?,?,?,?,?,?,?,?,?,?,?,?,?,?,?,?,?,?,?,?,default)
Hibernate: select pss1_0."id",pss1_0."assists",pss1_0."average_condition",pss1_0."average_morale",pss1_0."average_rating",pss1_0."clean_sheets",pss1_0."club_id",pss1_0."fouls_committed",pss1_0."fouls_received",pss1_0."goals",pss1_0."goals_conceded",pss1_0."highest_rating",pss1_0."injury_count",pss1_0."injury_days",pss1_0."interceptions",pss1_0."league_id",pss1_0."lowest_rating",pss1_0."man_of_the_match_awards",pss1_0."matches_played",pss1_0."matches_started",pss1_0."minutes_played",pss1_0."passes",pss1_0."passes_completed",pss1_0."penalties_saved",pss1_0."player_id",pss1_0."red_cards",pss1_0."saves",pss1_0."season_id",pss1_0."shots",pss1_0."shots_on_target",pss1_0."substitutions_in",pss1_0."substitutions_out",pss1_0."tackles",pss1_0."yellow_cards" from "player_season_stats" pss1_0 where pss1_0."player_id"=?
Hibernate: select c1_0."id",c1_0."city",c1_0."finance_id",c1_0."foundation",c1_0."league_id",c1_0."logourl",c1_0."medical_center_id",c1_0."name",c1_0."stadium_id",c1_0."team_id",c1_0."training_facility_id",c1_0."under18_id",c1_0."youth_academy_id" from "club" c1_0 where c1_0."team_id"=?
Hibernate: insert into "player_career_stats" ("clubs_played","cup_titles","first_goal","first_professional_match","highest_season_rating","highest_transfer_value","international_caps","international_goals","league_titles","longest_goal_streak","milestone100goals","milestone100matches","most_assists_in_season","most_goals_in_season","player_id","total_assists","total_clean_sheets","total_goals","total_matches_played","total_red_cards","total_transfer_value","total_yellow_cards","id") values (?,?,?,?,?,?,?,?,?,?,?,?,?,?,?,?,?,?,?,?,?,?,default)
Hibernate: select pss1_0."id",pss1_0."assists",pss1_0."average_condition",pss1_0."average_morale",pss1_0."average_rating",pss1_0."clean_sheets",pss1_0."club_id",pss1_0."fouls_committed",pss1_0."fouls_received",pss1_0."goals",pss1_0."goals_conceded",pss1_0."highest_rating",pss1_0."injury_count",pss1_0."injury_days",pss1_0."interceptions",pss1_0."league_id",pss1_0."lowest_rating",pss1_0."man_of_the_match_awards",pss1_0."matches_played",pss1_0."matches_started",pss1_0."minutes_played",pss1_0."passes",pss1_0."passes_completed",pss1_0."penalties_saved",pss1_0."player_id",pss1_0."red_cards",pss1_0."saves",pss1_0."season_id",pss1_0."shots",pss1_0."shots_on_target",pss1_0."substitutions_in",pss1_0."substitutions_out",pss1_0."tackles",pss1_0."yellow_cards" from "player_season_stats" pss1_0 where pss1_0."player_id"=?
Hibernate: select c1_0."id",c1_0."city",c1_0."finance_id",c1_0."foundation",c1_0."league_id",c1_0."logourl",c1_0."medical_center_id",c1_0."name",c1_0."stadium_id",c1_0."team_id",c1_0."training_facility_id",c1_0."under18_id",c1_0."youth_academy_id" from "club" c1_0 where c1_0."team_id"=?
Hibernate: insert into "player_career_stats" ("clubs_played","cup_titles","first_goal","first_professional_match","highest_season_rating","highest_transfer_value","international_caps","international_goals","league_titles","longest_goal_streak","milestone100goals","milestone100matches","most_assists_in_season","most_goals_in_season","player_id","total_assists","total_clean_sheets","total_goals","total_matches_played","total_red_cards","total_transfer_value","total_yellow_cards","id") values (?,?,?,?,?,?,?,?,?,?,?,?,?,?,?,?,?,?,?,?,?,?,default)
Hibernate: select pss1_0."id",pss1_0."assists",pss1_0."average_condition",pss1_0."average_morale",pss1_0."average_rating",pss1_0."clean_sheets",pss1_0."club_id",pss1_0."fouls_committed",pss1_0."fouls_received",pss1_0."goals",pss1_0."goals_conceded",pss1_0."highest_rating",pss1_0."injury_count",pss1_0."injury_days",pss1_0."interceptions",pss1_0."league_id",pss1_0."lowest_rating",pss1_0."man_of_the_match_awards",pss1_0."matches_played",pss1_0."matches_started",pss1_0."minutes_played",pss1_0."passes",pss1_0."passes_completed",pss1_0."penalties_saved",pss1_0."player_id",pss1_0."red_cards",pss1_0."saves",pss1_0."season_id",pss1_0."shots",pss1_0."shots_on_target",pss1_0."substitutions_in",pss1_0."substitutions_out",pss1_0."tackles",pss1_0."yellow_cards" from "player_season_stats" pss1_0 where pss1_0."player_id"=?
Hibernate: select c1_0."id",c1_0."city",c1_0."finance_id",c1_0."foundation",c1_0."league_id",c1_0."logourl",c1_0."medical_center_id",c1_0."name",c1_0."stadium_id",c1_0."team_id",c1_0."training_facility_id",c1_0."under18_id",c1_0."youth_academy_id" from "club" c1_0 where c1_0."team_id"=?
Hibernate: insert into "player_career_stats" ("clubs_played","cup_titles","first_goal","first_professional_match","highest_season_rating","highest_transfer_value","international_caps","international_goals","league_titles","longest_goal_streak","milestone100goals","milestone100matches","most_assists_in_season","most_goals_in_season","player_id","total_assists","total_clean_sheets","total_goals","total_matches_played","total_red_cards","total_transfer_value","total_yellow_cards","id") values (?,?,?,?,?,?,?,?,?,?,?,?,?,?,?,?,?,?,?,?,?,?,default)
Hibernate: select pss1_0."id",pss1_0."assists",pss1_0."average_condition",pss1_0."average_morale",pss1_0."average_rating",pss1_0."clean_sheets",pss1_0."club_id",pss1_0."fouls_committed",pss1_0."fouls_received",pss1_0."goals",pss1_0."goals_conceded",pss1_0."highest_rating",pss1_0."injury_count",pss1_0."injury_days",pss1_0."interceptions",pss1_0."league_id",pss1_0."lowest_rating",pss1_0."man_of_the_match_awards",pss1_0."matches_played",pss1_0."matches_started",pss1_0."minutes_played",pss1_0."passes",pss1_0."passes_completed",pss1_0."penalties_saved",pss1_0."player_id",pss1_0."red_cards",pss1_0."saves",pss1_0."season_id",pss1_0."shots",pss1_0."shots_on_target",pss1_0."substitutions_in",pss1_0."substitutions_out",pss1_0."tackles",pss1_0."yellow_cards" from "player_season_stats" pss1_0 where pss1_0."player_id"=?
Hibernate: select c1_0."id",c1_0."city",c1_0."finance_id",c1_0."foundation",c1_0."league_id",c1_0."logourl",c1_0."medical_center_id",c1_0."name",c1_0."stadium_id",c1_0."team_id",c1_0."training_facility_id",c1_0."under18_id",c1_0."youth_academy_id" from "club" c1_0 where c1_0."team_id"=?
Hibernate: insert into "player_career_stats" ("clubs_played","cup_titles","first_goal","first_professional_match","highest_season_rating","highest_transfer_value","international_caps","international_goals","league_titles","longest_goal_streak","milestone100goals","milestone100matches","most_assists_in_season","most_goals_in_season","player_id","total_assists","total_clean_sheets","total_goals","total_matches_played","total_red_cards","total_transfer_value","total_yellow_cards","id") values (?,?,?,?,?,?,?,?,?,?,?,?,?,?,?,?,?,?,?,?,?,?,default)
Hibernate: select pss1_0."id",pss1_0."assists",pss1_0."average_condition",pss1_0."average_morale",pss1_0."average_rating",pss1_0."clean_sheets",pss1_0."club_id",pss1_0."fouls_committed",pss1_0."fouls_received",pss1_0."goals",pss1_0."goals_conceded",pss1_0."highest_rating",pss1_0."injury_count",pss1_0."injury_days",pss1_0."interceptions",pss1_0."league_id",pss1_0."lowest_rating",pss1_0."man_of_the_match_awards",pss1_0."matches_played",pss1_0."matches_started",pss1_0."minutes_played",pss1_0."passes",pss1_0."passes_completed",pss1_0."penalties_saved",pss1_0."player_id",pss1_0."red_cards",pss1_0."saves",pss1_0."season_id",pss1_0."shots",pss1_0."shots_on_target",pss1_0."substitutions_in",pss1_0."substitutions_out",pss1_0."tackles",pss1_0."yellow_cards" from "player_season_stats" pss1_0 where pss1_0."player_id"=?
Hibernate: select s1_0."id",s1_0."is_current",s1_0."end_year",s1_0."league_id",s1_0."name",s1_0."next_round_number",s1_0."start_year" from "season" s1_0 where s1_0."is_current"
Hibernate: select c1_0."id",c1_0."city",c1_0."finance_id",c1_0."foundation",c1_0."league_id",c1_0."logourl",c1_0."medical_center_id",c1_0."name",c1_0."stadium_id",c1_0."team_id",c1_0."training_facility_id",c1_0."under18_id",c1_0."youth_academy_id" from "club" c1_0 where c1_0."team_id"=?
Hibernate: insert into "player_achievement" ("additional_data","club_id","date_achieved","description","player_id","season_id","title","type","id") values (?,?,?,?,?,?,?,?,default)
Hibernate: select c1_0."id",c1_0."city",c1_0."finance_id",c1_0."foundation",c1_0."league_id",c1_0."logourl",c1_0."medical_center_id",c1_0."name",c1_0."stadium_id",c1_0."team_id",c1_0."training_facility_id",c1_0."under18_id",c1_0."youth_academy_id" from "club" c1_0 where c1_0."team_id"=?
Hibernate: insert into "player_career_stats" ("clubs_played","cup_titles","first_goal","first_professional_match","highest_season_rating","highest_transfer_value","international_caps","international_goals","league_titles","longest_goal_streak","milestone100goals","milestone100matches","most_assists_in_season","most_goals_in_season","player_id","total_assists","total_clean_sheets","total_goals","total_matches_played","total_red_cards","total_transfer_value","total_yellow_cards","id") values (?,?,?,?,?,?,?,?,?,?,?,?,?,?,?,?,?,?,?,?,?,?,default)
Hibernate: select pss1_0."id",pss1_0."assists",pss1_0."average_condition",pss1_0."average_morale",pss1_0."average_rating",pss1_0."clean_sheets",pss1_0."club_id",pss1_0."fouls_committed",pss1_0."fouls_received",pss1_0."goals",pss1_0."goals_conceded",pss1_0."highest_rating",pss1_0."injury_count",pss1_0."injury_days",pss1_0."interceptions",pss1_0."league_id",pss1_0."lowest_rating",pss1_0."man_of_the_match_awards",pss1_0."matches_played",pss1_0."matches_started",pss1_0."minutes_played",pss1_0."passes",pss1_0."passes_completed",pss1_0."penalties_saved",pss1_0."player_id",pss1_0."red_cards",pss1_0."saves",pss1_0."season_id",pss1_0."shots",pss1_0."shots_on_target",pss1_0."substitutions_in",pss1_0."substitutions_out",pss1_0."tackles",pss1_0."yellow_cards" from "player_season_stats" pss1_0 where pss1_0."player_id"=?
Hibernate: select c1_0."id",c1_0."city",c1_0."finance_id",c1_0."foundation",c1_0."league_id",c1_0."logourl",c1_0."medical_center_id",c1_0."name",c1_0."stadium_id",c1_0."team_id",c1_0."training_facility_id",c1_0."under18_id",c1_0."youth_academy_id" from "club" c1_0 where c1_0."team_id"=?
Hibernate: insert into "player_career_stats" ("clubs_played","cup_titles","first_goal","first_professional_match","highest_season_rating","highest_transfer_value","international_caps","international_goals","league_titles","longest_goal_streak","milestone100goals","milestone100matches","most_assists_in_season","most_goals_in_season","player_id","total_assists","total_clean_sheets","total_goals","total_matches_played","total_red_cards","total_transfer_value","total_yellow_cards","id") values (?,?,?,?,?,?,?,?,?,?,?,?,?,?,?,?,?,?,?,?,?,?,default)
Hibernate: select pss1_0."id",pss1_0."assists",pss1_0."average_condition",pss1_0."average_morale",pss1_0."average_rating",pss1_0."clean_sheets",pss1_0."club_id",pss1_0."fouls_committed",pss1_0."fouls_received",pss1_0."goals",pss1_0."goals_conceded",pss1_0."highest_rating",pss1_0."injury_count",pss1_0."injury_days",pss1_0."interceptions",pss1_0."league_id",pss1_0."lowest_rating",pss1_0."man_of_the_match_awards",pss1_0."matches_played",pss1_0."matches_started",pss1_0."minutes_played",pss1_0."passes",pss1_0."passes_completed",pss1_0."penalties_saved",pss1_0."player_id",pss1_0."red_cards",pss1_0."saves",pss1_0."season_id",pss1_0."shots",pss1_0."shots_on_target",pss1_0."substitutions_in",pss1_0."substitutions_out",pss1_0."tackles",pss1_0."yellow_cards" from "player_season_stats" pss1_0 where pss1_0."player_id"=?
Hibernate: select s1_0."id",s1_0."is_current",s1_0."end_year",s1_0."league_id",s1_0."name",s1_0."next_round_number",s1_0."start_year" from "season" s1_0 where s1_0."is_current"
Hibernate: select c1_0."id",c1_0."city",c1_0."finance_id",c1_0."foundation",c1_0."league_id",c1_0."logourl",c1_0."medical_center_id",c1_0."name",c1_0."stadium_id",c1_0."team_id",c1_0."training_facility_id",c1_0."under18_id",c1_0."youth_academy_id" from "club" c1_0 where c1_0."team_id"=?
Hibernate: insert into "player_achievement" ("additional_data","club_id","date_achieved","description","player_id","season_id","title","type","id") values (?,?,?,?,?,?,?,?,default)
Hibernate: select c1_0."id",c1_0."city",c1_0."finance_id",c1_0."foundation",c1_0."league_id",c1_0."logourl",c1_0."medical_center_id",c1_0."name",c1_0."stadium_id",c1_0."team_id",c1_0."training_facility_id",c1_0."under18_id",c1_0."youth_academy_id" from "club" c1_0 where c1_0."team_id"=?
Hibernate: insert into "player_career_stats" ("clubs_played","cup_titles","first_goal","first_professional_match","highest_season_rating","highest_transfer_value","international_caps","international_goals","league_titles","longest_goal_streak","milestone100goals","milestone100matches","most_assists_in_season","most_goals_in_season","player_id","total_assists","total_clean_sheets","total_goals","total_matches_played","total_red_cards","total_transfer_value","total_yellow_cards","id") values (?,?,?,?,?,?,?,?,?,?,?,?,?,?,?,?,?,?,?,?,?,?,default)
Hibernate: select pss1_0."id",pss1_0."assists",pss1_0."average_condition",pss1_0."average_morale",pss1_0."average_rating",pss1_0."clean_sheets",pss1_0."club_id",pss1_0."fouls_committed",pss1_0."fouls_received",pss1_0."goals",pss1_0."goals_conceded",pss1_0."highest_rating",pss1_0."injury_count",pss1_0."injury_days",pss1_0."interceptions",pss1_0."league_id",pss1_0."lowest_rating",pss1_0."man_of_the_match_awards",pss1_0."matches_played",pss1_0."matches_started",pss1_0."minutes_played",pss1_0."passes",pss1_0."passes_completed",pss1_0."penalties_saved",pss1_0."player_id",pss1_0."red_cards",pss1_0."saves",pss1_0."season_id",pss1_0."shots",pss1_0."shots_on_target",pss1_0."substitutions_in",pss1_0."substitutions_out",pss1_0."tackles",pss1_0."yellow_cards" from "player_season_stats" pss1_0 where pss1_0."player_id"=?
Hibernate: select c1_0."id",c1_0."city",c1_0."finance_id",c1_0."foundation",c1_0."league_id",c1_0."logourl",c1_0."medical_center_id",c1_0."name",c1_0."stadium_id",c1_0."team_id",c1_0."training_facility_id",c1_0."under18_id",c1_0."youth_academy_id" from "club" c1_0 where c1_0."team_id"=?
Hibernate: insert into "player_career_stats" ("clubs_played","cup_titles","first_goal","first_professional_match","highest_season_rating","highest_transfer_value","international_caps","international_goals","league_titles","longest_goal_streak","milestone100goals","milestone100matches","most_assists_in_season","most_goals_in_season","player_id","total_assists","total_clean_sheets","total_goals","total_matches_played","total_red_cards","total_transfer_value","total_yellow_cards","id") values (?,?,?,?,?,?,?,?,?,?,?,?,?,?,?,?,?,?,?,?,?,?,default)
Hibernate: select pss1_0."id",pss1_0."assists",pss1_0."average_condition",pss1_0."average_morale",pss1_0."average_rating",pss1_0."clean_sheets",pss1_0."club_id",pss1_0."fouls_committed",pss1_0."fouls_received",pss1_0."goals",pss1_0."goals_conceded",pss1_0."highest_rating",pss1_0."injury_count",pss1_0."injury_days",pss1_0."interceptions",pss1_0."league_id",pss1_0."lowest_rating",pss1_0."man_of_the_match_awards",pss1_0."matches_played",pss1_0."matches_started",pss1_0."minutes_played",pss1_0."passes",pss1_0."passes_completed",pss1_0."penalties_saved",pss1_0."player_id",pss1_0."red_cards",pss1_0."saves",pss1_0."season_id",pss1_0."shots",pss1_0."shots_on_target",pss1_0."substitutions_in",pss1_0."substitutions_out",pss1_0."tackles",pss1_0."yellow_cards" from "player_season_stats" pss1_0 where pss1_0."player_id"=?
Hibernate: select c1_0."id",c1_0."city",c1_0."finance_id",c1_0."foundation",c1_0."league_id",c1_0."logourl",c1_0."medical_center_id",c1_0."name",c1_0."stadium_id",c1_0."team_id",c1_0."training_facility_id",c1_0."under18_id",c1_0."youth_academy_id" from "club" c1_0 where c1_0."team_id"=?
Hibernate: insert into "player_career_stats" ("clubs_played","cup_titles","first_goal","first_professional_match","highest_season_rating","highest_transfer_value","international_caps","international_goals","league_titles","longest_goal_streak","milestone100goals","milestone100matches","most_assists_in_season","most_goals_in_season","player_id","total_assists","total_clean_sheets","total_goals","total_matches_played","total_red_cards","total_transfer_value","total_yellow_cards","id") values (?,?,?,?,?,?,?,?,?,?,?,?,?,?,?,?,?,?,?,?,?,?,default)
Hibernate: select pss1_0."id",pss1_0."assists",pss1_0."average_condition",pss1_0."average_morale",pss1_0."average_rating",pss1_0."clean_sheets",pss1_0."club_id",pss1_0."fouls_committed",pss1_0."fouls_received",pss1_0."goals",pss1_0."goals_conceded",pss1_0."highest_rating",pss1_0."injury_count",pss1_0."injury_days",pss1_0."interceptions",pss1_0."league_id",pss1_0."lowest_rating",pss1_0."man_of_the_match_awards",pss1_0."matches_played",pss1_0."matches_started",pss1_0."minutes_played",pss1_0."passes",pss1_0."passes_completed",pss1_0."penalties_saved",pss1_0."player_id",pss1_0."red_cards",pss1_0."saves",pss1_0."season_id",pss1_0."shots",pss1_0."shots_on_target",pss1_0."substitutions_in",pss1_0."substitutions_out",pss1_0."tackles",pss1_0."yellow_cards" from "player_season_stats" pss1_0 where pss1_0."player_id"=?
Hibernate: select c1_0."id",c1_0."city",c1_0."finance_id",c1_0."foundation",c1_0."league_id",c1_0."logourl",c1_0."medical_center_id",c1_0."name",c1_0."stadium_id",c1_0."team_id",c1_0."training_facility_id",c1_0."under18_id",c1_0."youth_academy_id" from "club" c1_0 where c1_0."team_id"=?
Hibernate: insert into "player_career_stats" ("clubs_played","cup_titles","first_goal","first_professional_match","highest_season_rating","highest_transfer_value","international_caps","international_goals","league_titles","longest_goal_streak","milestone100goals","milestone100matches","most_assists_in_season","most_goals_in_season","player_id","total_assists","total_clean_sheets","total_goals","total_matches_played","total_red_cards","total_transfer_value","total_yellow_cards","id") values (?,?,?,?,?,?,?,?,?,?,?,?,?,?,?,?,?,?,?,?,?,?,default)
Hibernate: select pss1_0."id",pss1_0."assists",pss1_0."average_condition",pss1_0."average_morale",pss1_0."average_rating",pss1_0."clean_sheets",pss1_0."club_id",pss1_0."fouls_committed",pss1_0."fouls_received",pss1_0."goals",pss1_0."goals_conceded",pss1_0."highest_rating",pss1_0."injury_count",pss1_0."injury_days",pss1_0."interceptions",pss1_0."league_id",pss1_0."lowest_rating",pss1_0."man_of_the_match_awards",pss1_0."matches_played",pss1_0."matches_started",pss1_0."minutes_played",pss1_0."passes",pss1_0."passes_completed",pss1_0."penalties_saved",pss1_0."player_id",pss1_0."red_cards",pss1_0."saves",pss1_0."season_id",pss1_0."shots",pss1_0."shots_on_target",pss1_0."substitutions_in",pss1_0."substitutions_out",pss1_0."tackles",pss1_0."yellow_cards" from "player_season_stats" pss1_0 where pss1_0."player_id"=?
Hibernate: select c1_0."id",c1_0."city",c1_0."finance_id",c1_0."foundation",c1_0."league_id",c1_0."logourl",c1_0."medical_center_id",c1_0."name",c1_0."stadium_id",c1_0."team_id",c1_0."training_facility_id",c1_0."under18_id",c1_0."youth_academy_id" from "club" c1_0 where c1_0."team_id"=?
Hibernate: insert into "player_career_stats" ("clubs_played","cup_titles","first_goal","first_professional_match","highest_season_rating","highest_transfer_value","international_caps","international_goals","league_titles","longest_goal_streak","milestone100goals","milestone100matches","most_assists_in_season","most_goals_in_season","player_id","total_assists","total_clean_sheets","total_goals","total_matches_played","total_red_cards","total_transfer_value","total_yellow_cards","id") values (?,?,?,?,?,?,?,?,?,?,?,?,?,?,?,?,?,?,?,?,?,?,default)
Hibernate: select pss1_0."id",pss1_0."assists",pss1_0."average_condition",pss1_0."average_morale",pss1_0."average_rating",pss1_0."clean_sheets",pss1_0."club_id",pss1_0."fouls_committed",pss1_0."fouls_received",pss1_0."goals",pss1_0."goals_conceded",pss1_0."highest_rating",pss1_0."injury_count",pss1_0."injury_days",pss1_0."interceptions",pss1_0."league_id",pss1_0."lowest_rating",pss1_0."man_of_the_match_awards",pss1_0."matches_played",pss1_0."matches_started",pss1_0."minutes_played",pss1_0."passes",pss1_0."passes_completed",pss1_0."penalties_saved",pss1_0."player_id",pss1_0."red_cards",pss1_0."saves",pss1_0."season_id",pss1_0."shots",pss1_0."shots_on_target",pss1_0."substitutions_in",pss1_0."substitutions_out",pss1_0."tackles",pss1_0."yellow_cards" from "player_season_stats" pss1_0 where pss1_0."player_id"=?
Hibernate: select s1_0."id",s1_0."is_current",s1_0."end_year",s1_0."league_id",s1_0."name",s1_0."next_round_number",s1_0."start_year" from "season" s1_0 where s1_0."is_current"
Hibernate: select c1_0."id",c1_0."city",c1_0."finance_id",c1_0."foundation",c1_0."league_id",c1_0."logourl",c1_0."medical_center_id",c1_0."name",c1_0."stadium_id",c1_0."team_id",c1_0."training_facility_id",c1_0."under18_id",c1_0."youth_academy_id" from "club" c1_0 where c1_0."team_id"=?
Hibernate: insert into "player_achievement" ("additional_data","club_id","date_achieved","description","player_id","season_id","title","type","id") values (?,?,?,?,?,?,?,?,default)
Hibernate: select c1_0."id",c1_0."city",c1_0."finance_id",c1_0."foundation",c1_0."league_id",c1_0."logourl",c1_0."medical_center_id",c1_0."name",c1_0."stadium_id",c1_0."team_id",c1_0."training_facility_id",c1_0."under18_id",c1_0."youth_academy_id" from "club" c1_0 where c1_0."team_id"=?
Hibernate: insert into "player_career_stats" ("clubs_played","cup_titles","first_goal","first_professional_match","highest_season_rating","highest_transfer_value","international_caps","international_goals","league_titles","longest_goal_streak","milestone100goals","milestone100matches","most_assists_in_season","most_goals_in_season","player_id","total_assists","total_clean_sheets","total_goals","total_matches_played","total_red_cards","total_transfer_value","total_yellow_cards","id") values (?,?,?,?,?,?,?,?,?,?,?,?,?,?,?,?,?,?,?,?,?,?,default)
Hibernate: select pss1_0."id",pss1_0."assists",pss1_0."average_condition",pss1_0."average_morale",pss1_0."average_rating",pss1_0."clean_sheets",pss1_0."club_id",pss1_0."fouls_committed",pss1_0."fouls_received",pss1_0."goals",pss1_0."goals_conceded",pss1_0."highest_rating",pss1_0."injury_count",pss1_0."injury_days",pss1_0."interceptions",pss1_0."league_id",pss1_0."lowest_rating",pss1_0."man_of_the_match_awards",pss1_0."matches_played",pss1_0."matches_started",pss1_0."minutes_played",pss1_0."passes",pss1_0."passes_completed",pss1_0."penalties_saved",pss1_0."player_id",pss1_0."red_cards",pss1_0."saves",pss1_0."season_id",pss1_0."shots",pss1_0."shots_on_target",pss1_0."substitutions_in",pss1_0."substitutions_out",pss1_0."tackles",pss1_0."yellow_cards" from "player_season_stats" pss1_0 where pss1_0."player_id"=?
Hibernate: select c1_0."id",c1_0."city",c1_0."finance_id",c1_0."foundation",c1_0."league_id",c1_0."logourl",c1_0."medical_center_id",c1_0."name",c1_0."stadium_id",c1_0."team_id",c1_0."training_facility_id",c1_0."under18_id",c1_0."youth_academy_id" from "club" c1_0 where c1_0."team_id"=?
Hibernate: insert into "player_career_stats" ("clubs_played","cup_titles","first_goal","first_professional_match","highest_season_rating","highest_transfer_value","international_caps","international_goals","league_titles","longest_goal_streak","milestone100goals","milestone100matches","most_assists_in_season","most_goals_in_season","player_id","total_assists","total_clean_sheets","total_goals","total_matches_played","total_red_cards","total_transfer_value","total_yellow_cards","id") values (?,?,?,?,?,?,?,?,?,?,?,?,?,?,?,?,?,?,?,?,?,?,default)
Hibernate: select pss1_0."id",pss1_0."assists",pss1_0."average_condition",pss1_0."average_morale",pss1_0."average_rating",pss1_0."clean_sheets",pss1_0."club_id",pss1_0."fouls_committed",pss1_0."fouls_received",pss1_0."goals",pss1_0."goals_conceded",pss1_0."highest_rating",pss1_0."injury_count",pss1_0."injury_days",pss1_0."interceptions",pss1_0."league_id",pss1_0."lowest_rating",pss1_0."man_of_the_match_awards",pss1_0."matches_played",pss1_0."matches_started",pss1_0."minutes_played",pss1_0."passes",pss1_0."passes_completed",pss1_0."penalties_saved",pss1_0."player_id",pss1_0."red_cards",pss1_0."saves",pss1_0."season_id",pss1_0."shots",pss1_0."shots_on_target",pss1_0."substitutions_in",pss1_0."substitutions_out",pss1_0."tackles",pss1_0."yellow_cards" from "player_season_stats" pss1_0 where pss1_0."player_id"=?
Hibernate: select c1_0."id",c1_0."city",c1_0."finance_id",c1_0."foundation",c1_0."league_id",c1_0."logourl",c1_0."medical_center_id",c1_0."name",c1_0."stadium_id",c1_0."team_id",c1_0."training_facility_id",c1_0."under18_id",c1_0."youth_academy_id" from "club" c1_0 where c1_0."team_id"=?
Hibernate: insert into "player_career_stats" ("clubs_played","cup_titles","first_goal","first_professional_match","highest_season_rating","highest_transfer_value","international_caps","international_goals","league_titles","longest_goal_streak","milestone100goals","milestone100matches","most_assists_in_season","most_goals_in_season","player_id","total_assists","total_clean_sheets","total_goals","total_matches_played","total_red_cards","total_transfer_value","total_yellow_cards","id") values (?,?,?,?,?,?,?,?,?,?,?,?,?,?,?,?,?,?,?,?,?,?,default)
Hibernate: select pss1_0."id",pss1_0."assists",pss1_0."average_condition",pss1_0."average_morale",pss1_0."average_rating",pss1_0."clean_sheets",pss1_0."club_id",pss1_0."fouls_committed",pss1_0."fouls_received",pss1_0."goals",pss1_0."goals_conceded",pss1_0."highest_rating",pss1_0."injury_count",pss1_0."injury_days",pss1_0."interceptions",pss1_0."league_id",pss1_0."lowest_rating",pss1_0."man_of_the_match_awards",pss1_0."matches_played",pss1_0."matches_started",pss1_0."minutes_played",pss1_0."passes",pss1_0."passes_completed",pss1_0."penalties_saved",pss1_0."player_id",pss1_0."red_cards",pss1_0."saves",pss1_0."season_id",pss1_0."shots",pss1_0."shots_on_target",pss1_0."substitutions_in",pss1_0."substitutions_out",pss1_0."tackles",pss1_0."yellow_cards" from "player_season_stats" pss1_0 where pss1_0."player_id"=?
Hibernate: select c1_0."id",c1_0."city",c1_0."finance_id",c1_0."foundation",c1_0."league_id",c1_0."logourl",c1_0."medical_center_id",c1_0."name",c1_0."stadium_id",c1_0."team_id",c1_0."training_facility_id",c1_0."under18_id",c1_0."youth_academy_id" from "club" c1_0 where c1_0."team_id"=?
Hibernate: insert into "player_career_stats" ("clubs_played","cup_titles","first_goal","first_professional_match","highest_season_rating","highest_transfer_value","international_caps","international_goals","league_titles","longest_goal_streak","milestone100goals","milestone100matches","most_assists_in_season","most_goals_in_season","player_id","total_assists","total_clean_sheets","total_goals","total_matches_played","total_red_cards","total_transfer_value","total_yellow_cards","id") values (?,?,?,?,?,?,?,?,?,?,?,?,?,?,?,?,?,?,?,?,?,?,default)
Hibernate: select pss1_0."id",pss1_0."assists",pss1_0."average_condition",pss1_0."average_morale",pss1_0."average_rating",pss1_0."clean_sheets",pss1_0."club_id",pss1_0."fouls_committed",pss1_0."fouls_received",pss1_0."goals",pss1_0."goals_conceded",pss1_0."highest_rating",pss1_0."injury_count",pss1_0."injury_days",pss1_0."interceptions",pss1_0."league_id",pss1_0."lowest_rating",pss1_0."man_of_the_match_awards",pss1_0."matches_played",pss1_0."matches_started",pss1_0."minutes_played",pss1_0."passes",pss1_0."passes_completed",pss1_0."penalties_saved",pss1_0."player_id",pss1_0."red_cards",pss1_0."saves",pss1_0."season_id",pss1_0."shots",pss1_0."shots_on_target",pss1_0."substitutions_in",pss1_0."substitutions_out",pss1_0."tackles",pss1_0."yellow_cards" from "player_season_stats" pss1_0 where pss1_0."player_id"=?
Hibernate: select c1_0."id",c1_0."city",c1_0."finance_id",c1_0."foundation",c1_0."league_id",c1_0."logourl",c1_0."medical_center_id",c1_0."name",c1_0."stadium_id",c1_0."team_id",c1_0."training_facility_id",c1_0."under18_id",c1_0."youth_academy_id" from "club" c1_0 where c1_0."team_id"=?
Hibernate: insert into "player_career_stats" ("clubs_played","cup_titles","first_goal","first_professional_match","highest_season_rating","highest_transfer_value","international_caps","international_goals","league_titles","longest_goal_streak","milestone100goals","milestone100matches","most_assists_in_season","most_goals_in_season","player_id","total_assists","total_clean_sheets","total_goals","total_matches_played","total_red_cards","total_transfer_value","total_yellow_cards","id") values (?,?,?,?,?,?,?,?,?,?,?,?,?,?,?,?,?,?,?,?,?,?,default)
Hibernate: select pss1_0."id",pss1_0."assists",pss1_0."average_condition",pss1_0."average_morale",pss1_0."average_rating",pss1_0."clean_sheets",pss1_0."club_id",pss1_0."fouls_committed",pss1_0."fouls_received",pss1_0."goals",pss1_0."goals_conceded",pss1_0."highest_rating",pss1_0."injury_count",pss1_0."injury_days",pss1_0."interceptions",pss1_0."league_id",pss1_0."lowest_rating",pss1_0."man_of_the_match_awards",pss1_0."matches_played",pss1_0."matches_started",pss1_0."minutes_played",pss1_0."passes",pss1_0."passes_completed",pss1_0."penalties_saved",pss1_0."player_id",pss1_0."red_cards",pss1_0."saves",pss1_0."season_id",pss1_0."shots",pss1_0."shots_on_target",pss1_0."substitutions_in",pss1_0."substitutions_out",pss1_0."tackles",pss1_0."yellow_cards" from "player_season_stats" pss1_0 where pss1_0."player_id"=?
Hibernate: select c1_0."id",c1_0."city",c1_0."finance_id",c1_0."foundation",c1_0."league_id",c1_0."logourl",c1_0."medical_center_id",c1_0."name",c1_0."stadium_id",c1_0."team_id",c1_0."training_facility_id",c1_0."under18_id",c1_0."youth_academy_id" from "club" c1_0 where c1_0."team_id"=?
Hibernate: insert into "player_career_stats" ("clubs_played","cup_titles","first_goal","first_professional_match","highest_season_rating","highest_transfer_value","international_caps","international_goals","league_titles","longest_goal_streak","milestone100goals","milestone100matches","most_assists_in_season","most_goals_in_season","player_id","total_assists","total_clean_sheets","total_goals","total_matches_played","total_red_cards","total_transfer_value","total_yellow_cards","id") values (?,?,?,?,?,?,?,?,?,?,?,?,?,?,?,?,?,?,?,?,?,?,default)
Hibernate: select pss1_0."id",pss1_0."assists",pss1_0."average_condition",pss1_0."average_morale",pss1_0."average_rating",pss1_0."clean_sheets",pss1_0."club_id",pss1_0."fouls_committed",pss1_0."fouls_received",pss1_0."goals",pss1_0."goals_conceded",pss1_0."highest_rating",pss1_0."injury_count",pss1_0."injury_days",pss1_0."interceptions",pss1_0."league_id",pss1_0."lowest_rating",pss1_0."man_of_the_match_awards",pss1_0."matches_played",pss1_0."matches_started",pss1_0."minutes_played",pss1_0."passes",pss1_0."passes_completed",pss1_0."penalties_saved",pss1_0."player_id",pss1_0."red_cards",pss1_0."saves",pss1_0."season_id",pss1_0."shots",pss1_0."shots_on_target",pss1_0."substitutions_in",pss1_0."substitutions_out",pss1_0."tackles",pss1_0."yellow_cards" from "player_season_stats" pss1_0 where pss1_0."player_id"=?
Hibernate: select c1_0."id",c1_0."city",c1_0."finance_id",c1_0."foundation",c1_0."league_id",c1_0."logourl",c1_0."medical_center_id",c1_0."name",c1_0."stadium_id",c1_0."team_id",c1_0."training_facility_id",c1_0."under18_id",c1_0."youth_academy_id" from "club" c1_0 where c1_0."team_id"=?
Hibernate: insert into "player_career_stats" ("clubs_played","cup_titles","first_goal","first_professional_match","highest_season_rating","highest_transfer_value","international_caps","international_goals","league_titles","longest_goal_streak","milestone100goals","milestone100matches","most_assists_in_season","most_goals_in_season","player_id","total_assists","total_clean_sheets","total_goals","total_matches_played","total_red_cards","total_transfer_value","total_yellow_cards","id") values (?,?,?,?,?,?,?,?,?,?,?,?,?,?,?,?,?,?,?,?,?,?,default)
Hibernate: select pss1_0."id",pss1_0."assists",pss1_0."average_condition",pss1_0."average_morale",pss1_0."average_rating",pss1_0."clean_sheets",pss1_0."club_id",pss1_0."fouls_committed",pss1_0."fouls_received",pss1_0."goals",pss1_0."goals_conceded",pss1_0."highest_rating",pss1_0."injury_count",pss1_0."injury_days",pss1_0."interceptions",pss1_0."league_id",pss1_0."lowest_rating",pss1_0."man_of_the_match_awards",pss1_0."matches_played",pss1_0."matches_started",pss1_0."minutes_played",pss1_0."passes",pss1_0."passes_completed",pss1_0."penalties_saved",pss1_0."player_id",pss1_0."red_cards",pss1_0."saves",pss1_0."season_id",pss1_0."shots",pss1_0."shots_on_target",pss1_0."substitutions_in",pss1_0."substitutions_out",pss1_0."tackles",pss1_0."yellow_cards" from "player_season_stats" pss1_0 where pss1_0."player_id"=?
Hibernate: select c1_0."id",c1_0."city",c1_0."finance_id",c1_0."foundation",c1_0."league_id",c1_0."logourl",c1_0."medical_center_id",c1_0."name",c1_0."stadium_id",c1_0."team_id",c1_0."training_facility_id",c1_0."under18_id",c1_0."youth_academy_id" from "club" c1_0 where c1_0."team_id"=?
Hibernate: insert into "player_career_stats" ("clubs_played","cup_titles","first_goal","first_professional_match","highest_season_rating","highest_transfer_value","international_caps","international_goals","league_titles","longest_goal_streak","milestone100goals","milestone100matches","most_assists_in_season","most_goals_in_season","player_id","total_assists","total_clean_sheets","total_goals","total_matches_played","total_red_cards","total_transfer_value","total_yellow_cards","id") values (?,?,?,?,?,?,?,?,?,?,?,?,?,?,?,?,?,?,?,?,?,?,default)
Hibernate: select pss1_0."id",pss1_0."assists",pss1_0."average_condition",pss1_0."average_morale",pss1_0."average_rating",pss1_0."clean_sheets",pss1_0."club_id",pss1_0."fouls_committed",pss1_0."fouls_received",pss1_0."goals",pss1_0."goals_conceded",pss1_0."highest_rating",pss1_0."injury_count",pss1_0."injury_days",pss1_0."interceptions",pss1_0."league_id",pss1_0."lowest_rating",pss1_0."man_of_the_match_awards",pss1_0."matches_played",pss1_0."matches_started",pss1_0."minutes_played",pss1_0."passes",pss1_0."passes_completed",pss1_0."penalties_saved",pss1_0."player_id",pss1_0."red_cards",pss1_0."saves",pss1_0."season_id",pss1_0."shots",pss1_0."shots_on_target",pss1_0."substitutions_in",pss1_0."substitutions_out",pss1_0."tackles",pss1_0."yellow_cards" from "player_season_stats" pss1_0 where pss1_0."player_id"=?
Hibernate: select c1_0."id",c1_0."city",c1_0."finance_id",c1_0."foundation",c1_0."league_id",c1_0."logourl",c1_0."medical_center_id",c1_0."name",c1_0."stadium_id",c1_0."team_id",c1_0."training_facility_id",c1_0."under18_id",c1_0."youth_academy_id" from "club" c1_0 where c1_0."team_id"=?
Hibernate: insert into "player_career_stats" ("clubs_played","cup_titles","first_goal","first_professional_match","highest_season_rating","highest_transfer_value","international_caps","international_goals","league_titles","longest_goal_streak","milestone100goals","milestone100matches","most_assists_in_season","most_goals_in_season","player_id","total_assists","total_clean_sheets","total_goals","total_matches_played","total_red_cards","total_transfer_value","total_yellow_cards","id") values (?,?,?,?,?,?,?,?,?,?,?,?,?,?,?,?,?,?,?,?,?,?,default)
Hibernate: select pss1_0."id",pss1_0."assists",pss1_0."average_condition",pss1_0."average_morale",pss1_0."average_rating",pss1_0."clean_sheets",pss1_0."club_id",pss1_0."fouls_committed",pss1_0."fouls_received",pss1_0."goals",pss1_0."goals_conceded",pss1_0."highest_rating",pss1_0."injury_count",pss1_0."injury_days",pss1_0."interceptions",pss1_0."league_id",pss1_0."lowest_rating",pss1_0."man_of_the_match_awards",pss1_0."matches_played",pss1_0."matches_started",pss1_0."minutes_played",pss1_0."passes",pss1_0."passes_completed",pss1_0."penalties_saved",pss1_0."player_id",pss1_0."red_cards",pss1_0."saves",pss1_0."season_id",pss1_0."shots",pss1_0."shots_on_target",pss1_0."substitutions_in",pss1_0."substitutions_out",pss1_0."tackles",pss1_0."yellow_cards" from "player_season_stats" pss1_0 where pss1_0."player_id"=?
Hibernate: select c1_0."id",c1_0."city",c1_0."finance_id",c1_0."foundation",c1_0."league_id",c1_0."logourl",c1_0."medical_center_id",c1_0."name",c1_0."stadium_id",c1_0."team_id",c1_0."training_facility_id",c1_0."under18_id",c1_0."youth_academy_id" from "club" c1_0 where c1_0."team_id"=?
Hibernate: insert into "player_career_stats" ("clubs_played","cup_titles","first_goal","first_professional_match","highest_season_rating","highest_transfer_value","international_caps","international_goals","league_titles","longest_goal_streak","milestone100goals","milestone100matches","most_assists_in_season","most_goals_in_season","player_id","total_assists","total_clean_sheets","total_goals","total_matches_played","total_red_cards","total_transfer_value","total_yellow_cards","id") values (?,?,?,?,?,?,?,?,?,?,?,?,?,?,?,?,?,?,?,?,?,?,default)
Hibernate: select pss1_0."id",pss1_0."assists",pss1_0."average_condition",pss1_0."average_morale",pss1_0."average_rating",pss1_0."clean_sheets",pss1_0."club_id",pss1_0."fouls_committed",pss1_0."fouls_received",pss1_0."goals",pss1_0."goals_conceded",pss1_0."highest_rating",pss1_0."injury_count",pss1_0."injury_days",pss1_0."interceptions",pss1_0."league_id",pss1_0."lowest_rating",pss1_0."man_of_the_match_awards",pss1_0."matches_played",pss1_0."matches_started",pss1_0."minutes_played",pss1_0."passes",pss1_0."passes_completed",pss1_0."penalties_saved",pss1_0."player_id",pss1_0."red_cards",pss1_0."saves",pss1_0."season_id",pss1_0."shots",pss1_0."shots_on_target",pss1_0."substitutions_in",pss1_0."substitutions_out",pss1_0."tackles",pss1_0."yellow_cards" from "player_season_stats" pss1_0 where pss1_0."player_id"=?
Hibernate: select c1_0."id",c1_0."city",c1_0."finance_id",c1_0."foundation",c1_0."league_id",c1_0."logourl",c1_0."medical_center_id",c1_0."name",c1_0."stadium_id",c1_0."team_id",c1_0."training_facility_id",c1_0."under18_id",c1_0."youth_academy_id" from "club" c1_0 where c1_0."team_id"=?
Hibernate: insert into "player_career_stats" ("clubs_played","cup_titles","first_goal","first_professional_match","highest_season_rating","highest_transfer_value","international_caps","international_goals","league_titles","longest_goal_streak","milestone100goals","milestone100matches","most_assists_in_season","most_goals_in_season","player_id","total_assists","total_clean_sheets","total_goals","total_matches_played","total_red_cards","total_transfer_value","total_yellow_cards","id") values (?,?,?,?,?,?,?,?,?,?,?,?,?,?,?,?,?,?,?,?,?,?,default)
Hibernate: select pss1_0."id",pss1_0."assists",pss1_0."average_condition",pss1_0."average_morale",pss1_0."average_rating",pss1_0."clean_sheets",pss1_0."club_id",pss1_0."fouls_committed",pss1_0."fouls_received",pss1_0."goals",pss1_0."goals_conceded",pss1_0."highest_rating",pss1_0."injury_count",pss1_0."injury_days",pss1_0."interceptions",pss1_0."league_id",pss1_0."lowest_rating",pss1_0."man_of_the_match_awards",pss1_0."matches_played",pss1_0."matches_started",pss1_0."minutes_played",pss1_0."passes",pss1_0."passes_completed",pss1_0."penalties_saved",pss1_0."player_id",pss1_0."red_cards",pss1_0."saves",pss1_0."season_id",pss1_0."shots",pss1_0."shots_on_target",pss1_0."substitutions_in",pss1_0."substitutions_out",pss1_0."tackles",pss1_0."yellow_cards" from "player_season_stats" pss1_0 where pss1_0."player_id"=?
Hibernate: select s1_0."id",s1_0."is_current",s1_0."end_year",s1_0."league_id",s1_0."name",s1_0."next_round_number",s1_0."start_year" from "season" s1_0 where s1_0."is_current"
Hibernate: select c1_0."id",c1_0."city",c1_0."finance_id",c1_0."foundation",c1_0."league_id",c1_0."logourl",c1_0."medical_center_id",c1_0."name",c1_0."stadium_id",c1_0."team_id",c1_0."training_facility_id",c1_0."under18_id",c1_0."youth_academy_id" from "club" c1_0 where c1_0."team_id"=?
Hibernate: insert into "player_achievement" ("additional_data","club_id","date_achieved","description","player_id","season_id","title","type","id") values (?,?,?,?,?,?,?,?,default)
Hibernate: select c1_0."id",c1_0."city",c1_0."finance_id",c1_0."foundation",c1_0."league_id",c1_0."logourl",c1_0."medical_center_id",c1_0."name",c1_0."stadium_id",c1_0."team_id",c1_0."training_facility_id",c1_0."under18_id",c1_0."youth_academy_id" from "club" c1_0 where c1_0."team_id"=?
Hibernate: insert into "player_career_stats" ("clubs_played","cup_titles","first_goal","first_professional_match","highest_season_rating","highest_transfer_value","international_caps","international_goals","league_titles","longest_goal_streak","milestone100goals","milestone100matches","most_assists_in_season","most_goals_in_season","player_id","total_assists","total_clean_sheets","total_goals","total_matches_played","total_red_cards","total_transfer_value","total_yellow_cards","id") values (?,?,?,?,?,?,?,?,?,?,?,?,?,?,?,?,?,?,?,?,?,?,default)
Hibernate: select pss1_0."id",pss1_0."assists",pss1_0."average_condition",pss1_0."average_morale",pss1_0."average_rating",pss1_0."clean_sheets",pss1_0."club_id",pss1_0."fouls_committed",pss1_0."fouls_received",pss1_0."goals",pss1_0."goals_conceded",pss1_0."highest_rating",pss1_0."injury_count",pss1_0."injury_days",pss1_0."interceptions",pss1_0."league_id",pss1_0."lowest_rating",pss1_0."man_of_the_match_awards",pss1_0."matches_played",pss1_0."matches_started",pss1_0."minutes_played",pss1_0."passes",pss1_0."passes_completed",pss1_0."penalties_saved",pss1_0."player_id",pss1_0."red_cards",pss1_0."saves",pss1_0."season_id",pss1_0."shots",pss1_0."shots_on_target",pss1_0."substitutions_in",pss1_0."substitutions_out",pss1_0."tackles",pss1_0."yellow_cards" from "player_season_stats" pss1_0 where pss1_0."player_id"=?
Hibernate: select s1_0."id",s1_0."is_current",s1_0."end_year",s1_0."league_id",s1_0."name",s1_0."next_round_number",s1_0."start_year" from "season" s1_0 where s1_0."is_current"
Hibernate: select c1_0."id",c1_0."city",c1_0."finance_id",c1_0."foundation",c1_0."league_id",c1_0."logourl",c1_0."medical_center_id",c1_0."name",c1_0."stadium_id",c1_0."team_id",c1_0."training_facility_id",c1_0."under18_id",c1_0."youth_academy_id" from "club" c1_0 where c1_0."team_id"=?
Hibernate: insert into "player_achievement" ("additional_data","club_id","date_achieved","description","player_id","season_id","title","type","id") values (?,?,?,?,?,?,?,?,default)
Hibernate: select c1_0."id",c1_0."city",c1_0."finance_id",c1_0."foundation",c1_0."league_id",c1_0."logourl",c1_0."medical_center_id",c1_0."name",c1_0."stadium_id",c1_0."team_id",c1_0."training_facility_id",c1_0."under18_id",c1_0."youth_academy_id" from "club" c1_0 where c1_0."team_id"=?
Hibernate: insert into "player_career_stats" ("clubs_played","cup_titles","first_goal","first_professional_match","highest_season_rating","highest_transfer_value","international_caps","international_goals","league_titles","longest_goal_streak","milestone100goals","milestone100matches","most_assists_in_season","most_goals_in_season","player_id","total_assists","total_clean_sheets","total_goals","total_matches_played","total_red_cards","total_transfer_value","total_yellow_cards","id") values (?,?,?,?,?,?,?,?,?,?,?,?,?,?,?,?,?,?,?,?,?,?,default)
Hibernate: select pss1_0."id",pss1_0."assists",pss1_0."average_condition",pss1_0."average_morale",pss1_0."average_rating",pss1_0."clean_sheets",pss1_0."club_id",pss1_0."fouls_committed",pss1_0."fouls_received",pss1_0."goals",pss1_0."goals_conceded",pss1_0."highest_rating",pss1_0."injury_count",pss1_0."injury_days",pss1_0."interceptions",pss1_0."league_id",pss1_0."lowest_rating",pss1_0."man_of_the_match_awards",pss1_0."matches_played",pss1_0."matches_started",pss1_0."minutes_played",pss1_0."passes",pss1_0."passes_completed",pss1_0."penalties_saved",pss1_0."player_id",pss1_0."red_cards",pss1_0."saves",pss1_0."season_id",pss1_0."shots",pss1_0."shots_on_target",pss1_0."substitutions_in",pss1_0."substitutions_out",pss1_0."tackles",pss1_0."yellow_cards" from "player_season_stats" pss1_0 where pss1_0."player_id"=?
Hibernate: select s1_0."id",s1_0."is_current",s1_0."end_year",s1_0."league_id",s1_0."name",s1_0."next_round_number",s1_0."start_year" from "season" s1_0 where s1_0."is_current"
Hibernate: select c1_0."id",c1_0."city",c1_0."finance_id",c1_0."foundation",c1_0."league_id",c1_0."logourl",c1_0."medical_center_id",c1_0."name",c1_0."stadium_id",c1_0."team_id",c1_0."training_facility_id",c1_0."under18_id",c1_0."youth_academy_id" from "club" c1_0 where c1_0."team_id"=?
Hibernate: insert into "player_achievement" ("additional_data","club_id","date_achieved","description","player_id","season_id","title","type","id") values (?,?,?,?,?,?,?,?,default)
Hibernate: select c1_0."id",c1_0."city",c1_0."finance_id",c1_0."foundation",c1_0."league_id",c1_0."logourl",c1_0."medical_center_id",c1_0."name",c1_0."stadium_id",c1_0."team_id",c1_0."training_facility_id",c1_0."under18_id",c1_0."youth_academy_id" from "club" c1_0 where c1_0."team_id"=?
Hibernate: insert into "player_career_stats" ("clubs_played","cup_titles","first_goal","first_professional_match","highest_season_rating","highest_transfer_value","international_caps","international_goals","league_titles","longest_goal_streak","milestone100goals","milestone100matches","most_assists_in_season","most_goals_in_season","player_id","total_assists","total_clean_sheets","total_goals","total_matches_played","total_red_cards","total_transfer_value","total_yellow_cards","id") values (?,?,?,?,?,?,?,?,?,?,?,?,?,?,?,?,?,?,?,?,?,?,default)
Hibernate: select pss1_0."id",pss1_0."assists",pss1_0."average_condition",pss1_0."average_morale",pss1_0."average_rating",pss1_0."clean_sheets",pss1_0."club_id",pss1_0."fouls_committed",pss1_0."fouls_received",pss1_0."goals",pss1_0."goals_conceded",pss1_0."highest_rating",pss1_0."injury_count",pss1_0."injury_days",pss1_0."interceptions",pss1_0."league_id",pss1_0."lowest_rating",pss1_0."man_of_the_match_awards",pss1_0."matches_played",pss1_0."matches_started",pss1_0."minutes_played",pss1_0."passes",pss1_0."passes_completed",pss1_0."penalties_saved",pss1_0."player_id",pss1_0."red_cards",pss1_0."saves",pss1_0."season_id",pss1_0."shots",pss1_0."shots_on_target",pss1_0."substitutions_in",pss1_0."substitutions_out",pss1_0."tackles",pss1_0."yellow_cards" from "player_season_stats" pss1_0 where pss1_0."player_id"=?
Hibernate: select c1_0."id",c1_0."city",c1_0."finance_id",c1_0."foundation",c1_0."league_id",c1_0."logourl",c1_0."medical_center_id",c1_0."name",c1_0."stadium_id",c1_0."team_id",c1_0."training_facility_id",c1_0."under18_id",c1_0."youth_academy_id" from "club" c1_0 where c1_0."team_id"=?
Hibernate: insert into "player_career_stats" ("clubs_played","cup_titles","first_goal","first_professional_match","highest_season_rating","highest_transfer_value","international_caps","international_goals","league_titles","longest_goal_streak","milestone100goals","milestone100matches","most_assists_in_season","most_goals_in_season","player_id","total_assists","total_clean_sheets","total_goals","total_matches_played","total_red_cards","total_transfer_value","total_yellow_cards","id") values (?,?,?,?,?,?,?,?,?,?,?,?,?,?,?,?,?,?,?,?,?,?,default)
Hibernate: select pss1_0."id",pss1_0."assists",pss1_0."average_condition",pss1_0."average_morale",pss1_0."average_rating",pss1_0."clean_sheets",pss1_0."club_id",pss1_0."fouls_committed",pss1_0."fouls_received",pss1_0."goals",pss1_0."goals_conceded",pss1_0."highest_rating",pss1_0."injury_count",pss1_0."injury_days",pss1_0."interceptions",pss1_0."league_id",pss1_0."lowest_rating",pss1_0."man_of_the_match_awards",pss1_0."matches_played",pss1_0."matches_started",pss1_0."minutes_played",pss1_0."passes",pss1_0."passes_completed",pss1_0."penalties_saved",pss1_0."player_id",pss1_0."red_cards",pss1_0."saves",pss1_0."season_id",pss1_0."shots",pss1_0."shots_on_target",pss1_0."substitutions_in",pss1_0."substitutions_out",pss1_0."tackles",pss1_0."yellow_cards" from "player_season_stats" pss1_0 where pss1_0."player_id"=?
Hibernate: select c1_0."id",c1_0."city",c1_0."finance_id",c1_0."foundation",c1_0."league_id",c1_0."logourl",c1_0."medical_center_id",c1_0."name",c1_0."stadium_id",c1_0."team_id",c1_0."training_facility_id",c1_0."under18_id",c1_0."youth_academy_id" from "club" c1_0 where c1_0."team_id"=?
Hibernate: insert into "player_career_stats" ("clubs_played","cup_titles","first_goal","first_professional_match","highest_season_rating","highest_transfer_value","international_caps","international_goals","league_titles","longest_goal_streak","milestone100goals","milestone100matches","most_assists_in_season","most_goals_in_season","player_id","total_assists","total_clean_sheets","total_goals","total_matches_played","total_red_cards","total_transfer_value","total_yellow_cards","id") values (?,?,?,?,?,?,?,?,?,?,?,?,?,?,?,?,?,?,?,?,?,?,default)
Hibernate: select pss1_0."id",pss1_0."assists",pss1_0."average_condition",pss1_0."average_morale",pss1_0."average_rating",pss1_0."clean_sheets",pss1_0."club_id",pss1_0."fouls_committed",pss1_0."fouls_received",pss1_0."goals",pss1_0."goals_conceded",pss1_0."highest_rating",pss1_0."injury_count",pss1_0."injury_days",pss1_0."interceptions",pss1_0."league_id",pss1_0."lowest_rating",pss1_0."man_of_the_match_awards",pss1_0."matches_played",pss1_0."matches_started",pss1_0."minutes_played",pss1_0."passes",pss1_0."passes_completed",pss1_0."penalties_saved",pss1_0."player_id",pss1_0."red_cards",pss1_0."saves",pss1_0."season_id",pss1_0."shots",pss1_0."shots_on_target",pss1_0."substitutions_in",pss1_0."substitutions_out",pss1_0."tackles",pss1_0."yellow_cards" from "player_season_stats" pss1_0 where pss1_0."player_id"=?
Hibernate: select c1_0."id",c1_0."city",c1_0."finance_id",c1_0."foundation",c1_0."league_id",c1_0."logourl",c1_0."medical_center_id",c1_0."name",c1_0."stadium_id",c1_0."team_id",c1_0."training_facility_id",c1_0."under18_id",c1_0."youth_academy_id" from "club" c1_0 where c1_0."team_id"=?
Hibernate: insert into "player_career_stats" ("clubs_played","cup_titles","first_goal","first_professional_match","highest_season_rating","highest_transfer_value","international_caps","international_goals","league_titles","longest_goal_streak","milestone100goals","milestone100matches","most_assists_in_season","most_goals_in_season","player_id","total_assists","total_clean_sheets","total_goals","total_matches_played","total_red_cards","total_transfer_value","total_yellow_cards","id") values (?,?,?,?,?,?,?,?,?,?,?,?,?,?,?,?,?,?,?,?,?,?,default)
Hibernate: select pss1_0."id",pss1_0."assists",pss1_0."average_condition",pss1_0."average_morale",pss1_0."average_rating",pss1_0."clean_sheets",pss1_0."club_id",pss1_0."fouls_committed",pss1_0."fouls_received",pss1_0."goals",pss1_0."goals_conceded",pss1_0."highest_rating",pss1_0."injury_count",pss1_0."injury_days",pss1_0."interceptions",pss1_0."league_id",pss1_0."lowest_rating",pss1_0."man_of_the_match_awards",pss1_0."matches_played",pss1_0."matches_started",pss1_0."minutes_played",pss1_0."passes",pss1_0."passes_completed",pss1_0."penalties_saved",pss1_0."player_id",pss1_0."red_cards",pss1_0."saves",pss1_0."season_id",pss1_0."shots",pss1_0."shots_on_target",pss1_0."substitutions_in",pss1_0."substitutions_out",pss1_0."tackles",pss1_0."yellow_cards" from "player_season_stats" pss1_0 where pss1_0."player_id"=?
Hibernate: select c1_0."id",c1_0."city",c1_0."finance_id",c1_0."foundation",c1_0."league_id",c1_0."logourl",c1_0."medical_center_id",c1_0."name",c1_0."stadium_id",c1_0."team_id",c1_0."training_facility_id",c1_0."under18_id",c1_0."youth_academy_id" from "club" c1_0 where c1_0."team_id"=?
Hibernate: insert into "player_career_stats" ("clubs_played","cup_titles","first_goal","first_professional_match","highest_season_rating","highest_transfer_value","international_caps","international_goals","league_titles","longest_goal_streak","milestone100goals","milestone100matches","most_assists_in_season","most_goals_in_season","player_id","total_assists","total_clean_sheets","total_goals","total_matches_played","total_red_cards","total_transfer_value","total_yellow_cards","id") values (?,?,?,?,?,?,?,?,?,?,?,?,?,?,?,?,?,?,?,?,?,?,default)
Hibernate: select pss1_0."id",pss1_0."assists",pss1_0."average_condition",pss1_0."average_morale",pss1_0."average_rating",pss1_0."clean_sheets",pss1_0."club_id",pss1_0."fouls_committed",pss1_0."fouls_received",pss1_0."goals",pss1_0."goals_conceded",pss1_0."highest_rating",pss1_0."injury_count",pss1_0."injury_days",pss1_0."interceptions",pss1_0."league_id",pss1_0."lowest_rating",pss1_0."man_of_the_match_awards",pss1_0."matches_played",pss1_0."matches_started",pss1_0."minutes_played",pss1_0."passes",pss1_0."passes_completed",pss1_0."penalties_saved",pss1_0."player_id",pss1_0."red_cards",pss1_0."saves",pss1_0."season_id",pss1_0."shots",pss1_0."shots_on_target",pss1_0."substitutions_in",pss1_0."substitutions_out",pss1_0."tackles",pss1_0."yellow_cards" from "player_season_stats" pss1_0 where pss1_0."player_id"=?
Hibernate: select c1_0."id",c1_0."city",c1_0."finance_id",c1_0."foundation",c1_0."league_id",c1_0."logourl",c1_0."medical_center_id",c1_0."name",c1_0."stadium_id",c1_0."team_id",c1_0."training_facility_id",c1_0."under18_id",c1_0."youth_academy_id" from "club" c1_0 where c1_0."team_id"=?
Hibernate: insert into "player_career_stats" ("clubs_played","cup_titles","first_goal","first_professional_match","highest_season_rating","highest_transfer_value","international_caps","international_goals","league_titles","longest_goal_streak","milestone100goals","milestone100matches","most_assists_in_season","most_goals_in_season","player_id","total_assists","total_clean_sheets","total_goals","total_matches_played","total_red_cards","total_transfer_value","total_yellow_cards","id") values (?,?,?,?,?,?,?,?,?,?,?,?,?,?,?,?,?,?,?,?,?,?,default)
Hibernate: select pss1_0."id",pss1_0."assists",pss1_0."average_condition",pss1_0."average_morale",pss1_0."average_rating",pss1_0."clean_sheets",pss1_0."club_id",pss1_0."fouls_committed",pss1_0."fouls_received",pss1_0."goals",pss1_0."goals_conceded",pss1_0."highest_rating",pss1_0."injury_count",pss1_0."injury_days",pss1_0."interceptions",pss1_0."league_id",pss1_0."lowest_rating",pss1_0."man_of_the_match_awards",pss1_0."matches_played",pss1_0."matches_started",pss1_0."minutes_played",pss1_0."passes",pss1_0."passes_completed",pss1_0."penalties_saved",pss1_0."player_id",pss1_0."red_cards",pss1_0."saves",pss1_0."season_id",pss1_0."shots",pss1_0."shots_on_target",pss1_0."substitutions_in",pss1_0."substitutions_out",pss1_0."tackles",pss1_0."yellow_cards" from "player_season_stats" pss1_0 where pss1_0."player_id"=?
Hibernate: select c1_0."id",c1_0."city",c1_0."finance_id",c1_0."foundation",c1_0."league_id",c1_0."logourl",c1_0."medical_center_id",c1_0."name",c1_0."stadium_id",c1_0."team_id",c1_0."training_facility_id",c1_0."under18_id",c1_0."youth_academy_id" from "club" c1_0 where c1_0."team_id"=?
Hibernate: insert into "player_career_stats" ("clubs_played","cup_titles","first_goal","first_professional_match","highest_season_rating","highest_transfer_value","international_caps","international_goals","league_titles","longest_goal_streak","milestone100goals","milestone100matches","most_assists_in_season","most_goals_in_season","player_id","total_assists","total_clean_sheets","total_goals","total_matches_played","total_red_cards","total_transfer_value","total_yellow_cards","id") values (?,?,?,?,?,?,?,?,?,?,?,?,?,?,?,?,?,?,?,?,?,?,default)
Hibernate: select pss1_0."id",pss1_0."assists",pss1_0."average_condition",pss1_0."average_morale",pss1_0."average_rating",pss1_0."clean_sheets",pss1_0."club_id",pss1_0."fouls_committed",pss1_0."fouls_received",pss1_0."goals",pss1_0."goals_conceded",pss1_0."highest_rating",pss1_0."injury_count",pss1_0."injury_days",pss1_0."interceptions",pss1_0."league_id",pss1_0."lowest_rating",pss1_0."man_of_the_match_awards",pss1_0."matches_played",pss1_0."matches_started",pss1_0."minutes_played",pss1_0."passes",pss1_0."passes_completed",pss1_0."penalties_saved",pss1_0."player_id",pss1_0."red_cards",pss1_0."saves",pss1_0."season_id",pss1_0."shots",pss1_0."shots_on_target",pss1_0."substitutions_in",pss1_0."substitutions_out",pss1_0."tackles",pss1_0."yellow_cards" from "player_season_stats" pss1_0 where pss1_0."player_id"=?
Hibernate: select c1_0."id",c1_0."city",c1_0."finance_id",c1_0."foundation",c1_0."league_id",c1_0."logourl",c1_0."medical_center_id",c1_0."name",c1_0."stadium_id",c1_0."team_id",c1_0."training_facility_id",c1_0."under18_id",c1_0."youth_academy_id" from "club" c1_0 where c1_0."team_id"=?
Hibernate: insert into "player_career_stats" ("clubs_played","cup_titles","first_goal","first_professional_match","highest_season_rating","highest_transfer_value","international_caps","international_goals","league_titles","longest_goal_streak","milestone100goals","milestone100matches","most_assists_in_season","most_goals_in_season","player_id","total_assists","total_clean_sheets","total_goals","total_matches_played","total_red_cards","total_transfer_value","total_yellow_cards","id") values (?,?,?,?,?,?,?,?,?,?,?,?,?,?,?,?,?,?,?,?,?,?,default)
Hibernate: select pss1_0."id",pss1_0."assists",pss1_0."average_condition",pss1_0."average_morale",pss1_0."average_rating",pss1_0."clean_sheets",pss1_0."club_id",pss1_0."fouls_committed",pss1_0."fouls_received",pss1_0."goals",pss1_0."goals_conceded",pss1_0."highest_rating",pss1_0."injury_count",pss1_0."injury_days",pss1_0."interceptions",pss1_0."league_id",pss1_0."lowest_rating",pss1_0."man_of_the_match_awards",pss1_0."matches_played",pss1_0."matches_started",pss1_0."minutes_played",pss1_0."passes",pss1_0."passes_completed",pss1_0."penalties_saved",pss1_0."player_id",pss1_0."red_cards",pss1_0."saves",pss1_0."season_id",pss1_0."shots",pss1_0."shots_on_target",pss1_0."substitutions_in",pss1_0."substitutions_out",pss1_0."tackles",pss1_0."yellow_cards" from "player_season_stats" pss1_0 where pss1_0."player_id"=?
Hibernate: select c1_0."id",c1_0."city",c1_0."finance_id",c1_0."foundation",c1_0."league_id",c1_0."logourl",c1_0."medical_center_id",c1_0."name",c1_0."stadium_id",c1_0."team_id",c1_0."training_facility_id",c1_0."under18_id",c1_0."youth_academy_id" from "club" c1_0 where c1_0."team_id"=?
Hibernate: insert into "player_career_stats" ("clubs_played","cup_titles","first_goal","first_professional_match","highest_season_rating","highest_transfer_value","international_caps","international_goals","league_titles","longest_goal_streak","milestone100goals","milestone100matches","most_assists_in_season","most_goals_in_season","player_id","total_assists","total_clean_sheets","total_goals","total_matches_played","total_red_cards","total_transfer_value","total_yellow_cards","id") values (?,?,?,?,?,?,?,?,?,?,?,?,?,?,?,?,?,?,?,?,?,?,default)
Hibernate: select pss1_0."id",pss1_0."assists",pss1_0."average_condition",pss1_0."average_morale",pss1_0."average_rating",pss1_0."clean_sheets",pss1_0."club_id",pss1_0."fouls_committed",pss1_0."fouls_received",pss1_0."goals",pss1_0."goals_conceded",pss1_0."highest_rating",pss1_0."injury_count",pss1_0."injury_days",pss1_0."interceptions",pss1_0."league_id",pss1_0."lowest_rating",pss1_0."man_of_the_match_awards",pss1_0."matches_played",pss1_0."matches_started",pss1_0."minutes_played",pss1_0."passes",pss1_0."passes_completed",pss1_0."penalties_saved",pss1_0."player_id",pss1_0."red_cards",pss1_0."saves",pss1_0."season_id",pss1_0."shots",pss1_0."shots_on_target",pss1_0."substitutions_in",pss1_0."substitutions_out",pss1_0."tackles",pss1_0."yellow_cards" from "player_season_stats" pss1_0 where pss1_0."player_id"=?
Hibernate: select c1_0."id",c1_0."city",c1_0."finance_id",c1_0."foundation",c1_0."league_id",c1_0."logourl",c1_0."medical_center_id",c1_0."name",c1_0."stadium_id",c1_0."team_id",c1_0."training_facility_id",c1_0."under18_id",c1_0."youth_academy_id" from "club" c1_0 where c1_0."team_id"=?
Hibernate: insert into "player_career_stats" ("clubs_played","cup_titles","first_goal","first_professional_match","highest_season_rating","highest_transfer_value","international_caps","international_goals","league_titles","longest_goal_streak","milestone100goals","milestone100matches","most_assists_in_season","most_goals_in_season","player_id","total_assists","total_clean_sheets","total_goals","total_matches_played","total_red_cards","total_transfer_value","total_yellow_cards","id") values (?,?,?,?,?,?,?,?,?,?,?,?,?,?,?,?,?,?,?,?,?,?,default)
Hibernate: select pss1_0."id",pss1_0."assists",pss1_0."average_condition",pss1_0."average_morale",pss1_0."average_rating",pss1_0."clean_sheets",pss1_0."club_id",pss1_0."fouls_committed",pss1_0."fouls_received",pss1_0."goals",pss1_0."goals_conceded",pss1_0."highest_rating",pss1_0."injury_count",pss1_0."injury_days",pss1_0."interceptions",pss1_0."league_id",pss1_0."lowest_rating",pss1_0."man_of_the_match_awards",pss1_0."matches_played",pss1_0."matches_started",pss1_0."minutes_played",pss1_0."passes",pss1_0."passes_completed",pss1_0."penalties_saved",pss1_0."player_id",pss1_0."red_cards",pss1_0."saves",pss1_0."season_id",pss1_0."shots",pss1_0."shots_on_target",pss1_0."substitutions_in",pss1_0."substitutions_out",pss1_0."tackles",pss1_0."yellow_cards" from "player_season_stats" pss1_0 where pss1_0."player_id"=?
Hibernate: select c1_0."id",c1_0."city",c1_0."finance_id",c1_0."foundation",c1_0."league_id",c1_0."logourl",c1_0."medical_center_id",c1_0."name",c1_0."stadium_id",c1_0."team_id",c1_0."training_facility_id",c1_0."under18_id",c1_0."youth_academy_id" from "club" c1_0 where c1_0."team_id"=?
Hibernate: insert into "player_career_stats" ("clubs_played","cup_titles","first_goal","first_professional_match","highest_season_rating","highest_transfer_value","international_caps","international_goals","league_titles","longest_goal_streak","milestone100goals","milestone100matches","most_assists_in_season","most_goals_in_season","player_id","total_assists","total_clean_sheets","total_goals","total_matches_played","total_red_cards","total_transfer_value","total_yellow_cards","id") values (?,?,?,?,?,?,?,?,?,?,?,?,?,?,?,?,?,?,?,?,?,?,default)
Hibernate: select pss1_0."id",pss1_0."assists",pss1_0."average_condition",pss1_0."average_morale",pss1_0."average_rating",pss1_0."clean_sheets",pss1_0."club_id",pss1_0."fouls_committed",pss1_0."fouls_received",pss1_0."goals",pss1_0."goals_conceded",pss1_0."highest_rating",pss1_0."injury_count",pss1_0."injury_days",pss1_0."interceptions",pss1_0."league_id",pss1_0."lowest_rating",pss1_0."man_of_the_match_awards",pss1_0."matches_played",pss1_0."matches_started",pss1_0."minutes_played",pss1_0."passes",pss1_0."passes_completed",pss1_0."penalties_saved",pss1_0."player_id",pss1_0."red_cards",pss1_0."saves",pss1_0."season_id",pss1_0."shots",pss1_0."shots_on_target",pss1_0."substitutions_in",pss1_0."substitutions_out",pss1_0."tackles",pss1_0."yellow_cards" from "player_season_stats" pss1_0 where pss1_0."player_id"=?
Hibernate: select c1_0."id",c1_0."city",c1_0."finance_id",c1_0."foundation",c1_0."league_id",c1_0."logourl",c1_0."medical_center_id",c1_0."name",c1_0."stadium_id",c1_0."team_id",c1_0."training_facility_id",c1_0."under18_id",c1_0."youth_academy_id" from "club" c1_0 where c1_0."team_id"=?
Hibernate: insert into "player_career_stats" ("clubs_played","cup_titles","first_goal","first_professional_match","highest_season_rating","highest_transfer_value","international_caps","international_goals","league_titles","longest_goal_streak","milestone100goals","milestone100matches","most_assists_in_season","most_goals_in_season","player_id","total_assists","total_clean_sheets","total_goals","total_matches_played","total_red_cards","total_transfer_value","total_yellow_cards","id") values (?,?,?,?,?,?,?,?,?,?,?,?,?,?,?,?,?,?,?,?,?,?,default)
Hibernate: select pss1_0."id",pss1_0."assists",pss1_0."average_condition",pss1_0."average_morale",pss1_0."average_rating",pss1_0."clean_sheets",pss1_0."club_id",pss1_0."fouls_committed",pss1_0."fouls_received",pss1_0."goals",pss1_0."goals_conceded",pss1_0."highest_rating",pss1_0."injury_count",pss1_0."injury_days",pss1_0."interceptions",pss1_0."league_id",pss1_0."lowest_rating",pss1_0."man_of_the_match_awards",pss1_0."matches_played",pss1_0."matches_started",pss1_0."minutes_played",pss1_0."passes",pss1_0."passes_completed",pss1_0."penalties_saved",pss1_0."player_id",pss1_0."red_cards",pss1_0."saves",pss1_0."season_id",pss1_0."shots",pss1_0."shots_on_target",pss1_0."substitutions_in",pss1_0."substitutions_out",pss1_0."tackles",pss1_0."yellow_cards" from "player_season_stats" pss1_0 where pss1_0."player_id"=?
Hibernate: select c1_0."id",c1_0."city",c1_0."finance_id",c1_0."foundation",c1_0."league_id",c1_0."logourl",c1_0."medical_center_id",c1_0."name",c1_0."stadium_id",c1_0."team_id",c1_0."training_facility_id",c1_0."under18_id",c1_0."youth_academy_id" from "club" c1_0 where c1_0."team_id"=?
Hibernate: insert into "player_career_stats" ("clubs_played","cup_titles","first_goal","first_professional_match","highest_season_rating","highest_transfer_value","international_caps","international_goals","league_titles","longest_goal_streak","milestone100goals","milestone100matches","most_assists_in_season","most_goals_in_season","player_id","total_assists","total_clean_sheets","total_goals","total_matches_played","total_red_cards","total_transfer_value","total_yellow_cards","id") values (?,?,?,?,?,?,?,?,?,?,?,?,?,?,?,?,?,?,?,?,?,?,default)
Hibernate: select pss1_0."id",pss1_0."assists",pss1_0."average_condition",pss1_0."average_morale",pss1_0."average_rating",pss1_0."clean_sheets",pss1_0."club_id",pss1_0."fouls_committed",pss1_0."fouls_received",pss1_0."goals",pss1_0."goals_conceded",pss1_0."highest_rating",pss1_0."injury_count",pss1_0."injury_days",pss1_0."interceptions",pss1_0."league_id",pss1_0."lowest_rating",pss1_0."man_of_the_match_awards",pss1_0."matches_played",pss1_0."matches_started",pss1_0."minutes_played",pss1_0."passes",pss1_0."passes_completed",pss1_0."penalties_saved",pss1_0."player_id",pss1_0."red_cards",pss1_0."saves",pss1_0."season_id",pss1_0."shots",pss1_0."shots_on_target",pss1_0."substitutions_in",pss1_0."substitutions_out",pss1_0."tackles",pss1_0."yellow_cards" from "player_season_stats" pss1_0 where pss1_0."player_id"=?
Hibernate: select c1_0."id",c1_0."city",c1_0."finance_id",c1_0."foundation",c1_0."league_id",c1_0."logourl",c1_0."medical_center_id",c1_0."name",c1_0."stadium_id",c1_0."team_id",c1_0."training_facility_id",c1_0."under18_id",c1_0."youth_academy_id" from "club" c1_0 where c1_0."team_id"=?
Hibernate: insert into "player_career_stats" ("clubs_played","cup_titles","first_goal","first_professional_match","highest_season_rating","highest_transfer_value","international_caps","international_goals","league_titles","longest_goal_streak","milestone100goals","milestone100matches","most_assists_in_season","most_goals_in_season","player_id","total_assists","total_clean_sheets","total_goals","total_matches_played","total_red_cards","total_transfer_value","total_yellow_cards","id") values (?,?,?,?,?,?,?,?,?,?,?,?,?,?,?,?,?,?,?,?,?,?,default)
Hibernate: select pss1_0."id",pss1_0."assists",pss1_0."average_condition",pss1_0."average_morale",pss1_0."average_rating",pss1_0."clean_sheets",pss1_0."club_id",pss1_0."fouls_committed",pss1_0."fouls_received",pss1_0."goals",pss1_0."goals_conceded",pss1_0."highest_rating",pss1_0."injury_count",pss1_0."injury_days",pss1_0."interceptions",pss1_0."league_id",pss1_0."lowest_rating",pss1_0."man_of_the_match_awards",pss1_0."matches_played",pss1_0."matches_started",pss1_0."minutes_played",pss1_0."passes",pss1_0."passes_completed",pss1_0."penalties_saved",pss1_0."player_id",pss1_0."red_cards",pss1_0."saves",pss1_0."season_id",pss1_0."shots",pss1_0."shots_on_target",pss1_0."substitutions_in",pss1_0."substitutions_out",pss1_0."tackles",pss1_0."yellow_cards" from "player_season_stats" pss1_0 where pss1_0."player_id"=?
Hibernate: select c1_0."id",c1_0."city",c1_0."finance_id",c1_0."foundation",c1_0."league_id",c1_0."logourl",c1_0."medical_center_id",c1_0."name",c1_0."stadium_id",c1_0."team_id",c1_0."training_facility_id",c1_0."under18_id",c1_0."youth_academy_id" from "club" c1_0 where c1_0."team_id"=?
Hibernate: insert into "player_career_stats" ("clubs_played","cup_titles","first_goal","first_professional_match","highest_season_rating","highest_transfer_value","international_caps","international_goals","league_titles","longest_goal_streak","milestone100goals","milestone100matches","most_assists_in_season","most_goals_in_season","player_id","total_assists","total_clean_sheets","total_goals","total_matches_played","total_red_cards","total_transfer_value","total_yellow_cards","id") values (?,?,?,?,?,?,?,?,?,?,?,?,?,?,?,?,?,?,?,?,?,?,default)
Hibernate: select pss1_0."id",pss1_0."assists",pss1_0."average_condition",pss1_0."average_morale",pss1_0."average_rating",pss1_0."clean_sheets",pss1_0."club_id",pss1_0."fouls_committed",pss1_0."fouls_received",pss1_0."goals",pss1_0."goals_conceded",pss1_0."highest_rating",pss1_0."injury_count",pss1_0."injury_days",pss1_0."interceptions",pss1_0."league_id",pss1_0."lowest_rating",pss1_0."man_of_the_match_awards",pss1_0."matches_played",pss1_0."matches_started",pss1_0."minutes_played",pss1_0."passes",pss1_0."passes_completed",pss1_0."penalties_saved",pss1_0."player_id",pss1_0."red_cards",pss1_0."saves",pss1_0."season_id",pss1_0."shots",pss1_0."shots_on_target",pss1_0."substitutions_in",pss1_0."substitutions_out",pss1_0."tackles",pss1_0."yellow_cards" from "player_season_stats" pss1_0 where pss1_0."player_id"=?
Hibernate: select c1_0."id",c1_0."city",c1_0."finance_id",c1_0."foundation",c1_0."league_id",c1_0."logourl",c1_0."medical_center_id",c1_0."name",c1_0."stadium_id",c1_0."team_id",c1_0."training_facility_id",c1_0."under18_id",c1_0."youth_academy_id" from "club" c1_0 where c1_0."team_id"=?
Hibernate: insert into "player_career_stats" ("clubs_played","cup_titles","first_goal","first_professional_match","highest_season_rating","highest_transfer_value","international_caps","international_goals","league_titles","longest_goal_streak","milestone100goals","milestone100matches","most_assists_in_season","most_goals_in_season","player_id","total_assists","total_clean_sheets","total_goals","total_matches_played","total_red_cards","total_transfer_value","total_yellow_cards","id") values (?,?,?,?,?,?,?,?,?,?,?,?,?,?,?,?,?,?,?,?,?,?,default)
Hibernate: select pss1_0."id",pss1_0."assists",pss1_0."average_condition",pss1_0."average_morale",pss1_0."average_rating",pss1_0."clean_sheets",pss1_0."club_id",pss1_0."fouls_committed",pss1_0."fouls_received",pss1_0."goals",pss1_0."goals_conceded",pss1_0."highest_rating",pss1_0."injury_count",pss1_0."injury_days",pss1_0."interceptions",pss1_0."league_id",pss1_0."lowest_rating",pss1_0."man_of_the_match_awards",pss1_0."matches_played",pss1_0."matches_started",pss1_0."minutes_played",pss1_0."passes",pss1_0."passes_completed",pss1_0."penalties_saved",pss1_0."player_id",pss1_0."red_cards",pss1_0."saves",pss1_0."season_id",pss1_0."shots",pss1_0."shots_on_target",pss1_0."substitutions_in",pss1_0."substitutions_out",pss1_0."tackles",pss1_0."yellow_cards" from "player_season_stats" pss1_0 where pss1_0."player_id"=?
Hibernate: select c1_0."id",c1_0."city",c1_0."finance_id",c1_0."foundation",c1_0."league_id",c1_0."logourl",c1_0."medical_center_id",c1_0."name",c1_0."stadium_id",c1_0."team_id",c1_0."training_facility_id",c1_0."under18_id",c1_0."youth_academy_id" from "club" c1_0 where c1_0."team_id"=?
Hibernate: insert into "player_career_stats" ("clubs_played","cup_titles","first_goal","first_professional_match","highest_season_rating","highest_transfer_value","international_caps","international_goals","league_titles","longest_goal_streak","milestone100goals","milestone100matches","most_assists_in_season","most_goals_in_season","player_id","total_assists","total_clean_sheets","total_goals","total_matches_played","total_red_cards","total_transfer_value","total_yellow_cards","id") values (?,?,?,?,?,?,?,?,?,?,?,?,?,?,?,?,?,?,?,?,?,?,default)
Hibernate: select pss1_0."id",pss1_0."assists",pss1_0."average_condition",pss1_0."average_morale",pss1_0."average_rating",pss1_0."clean_sheets",pss1_0."club_id",pss1_0."fouls_committed",pss1_0."fouls_received",pss1_0."goals",pss1_0."goals_conceded",pss1_0."highest_rating",pss1_0."injury_count",pss1_0."injury_days",pss1_0."interceptions",pss1_0."league_id",pss1_0."lowest_rating",pss1_0."man_of_the_match_awards",pss1_0."matches_played",pss1_0."matches_started",pss1_0."minutes_played",pss1_0."passes",pss1_0."passes_completed",pss1_0."penalties_saved",pss1_0."player_id",pss1_0."red_cards",pss1_0."saves",pss1_0."season_id",pss1_0."shots",pss1_0."shots_on_target",pss1_0."substitutions_in",pss1_0."substitutions_out",pss1_0."tackles",pss1_0."yellow_cards" from "player_season_stats" pss1_0 where pss1_0."player_id"=?
Hibernate: select c1_0."id",c1_0."city",c1_0."finance_id",c1_0."foundation",c1_0."league_id",c1_0."logourl",c1_0."medical_center_id",c1_0."name",c1_0."stadium_id",c1_0."team_id",c1_0."training_facility_id",c1_0."under18_id",c1_0."youth_academy_id" from "club" c1_0 where c1_0."team_id"=?
Hibernate: insert into "player_career_stats" ("clubs_played","cup_titles","first_goal","first_professional_match","highest_season_rating","highest_transfer_value","international_caps","international_goals","league_titles","longest_goal_streak","milestone100goals","milestone100matches","most_assists_in_season","most_goals_in_season","player_id","total_assists","total_clean_sheets","total_goals","total_matches_played","total_red_cards","total_transfer_value","total_yellow_cards","id") values (?,?,?,?,?,?,?,?,?,?,?,?,?,?,?,?,?,?,?,?,?,?,default)
Hibernate: select pss1_0."id",pss1_0."assists",pss1_0."average_condition",pss1_0."average_morale",pss1_0."average_rating",pss1_0."clean_sheets",pss1_0."club_id",pss1_0."fouls_committed",pss1_0."fouls_received",pss1_0."goals",pss1_0."goals_conceded",pss1_0."highest_rating",pss1_0."injury_count",pss1_0."injury_days",pss1_0."interceptions",pss1_0."league_id",pss1_0."lowest_rating",pss1_0."man_of_the_match_awards",pss1_0."matches_played",pss1_0."matches_started",pss1_0."minutes_played",pss1_0."passes",pss1_0."passes_completed",pss1_0."penalties_saved",pss1_0."player_id",pss1_0."red_cards",pss1_0."saves",pss1_0."season_id",pss1_0."shots",pss1_0."shots_on_target",pss1_0."substitutions_in",pss1_0."substitutions_out",pss1_0."tackles",pss1_0."yellow_cards" from "player_season_stats" pss1_0 where pss1_0."player_id"=?
Hibernate: select c1_0."id",c1_0."city",c1_0."finance_id",c1_0."foundation",c1_0."league_id",c1_0."logourl",c1_0."medical_center_id",c1_0."name",c1_0."stadium_id",c1_0."team_id",c1_0."training_facility_id",c1_0."under18_id",c1_0."youth_academy_id" from "club" c1_0 where c1_0."team_id"=?
Hibernate: insert into "player_career_stats" ("clubs_played","cup_titles","first_goal","first_professional_match","highest_season_rating","highest_transfer_value","international_caps","international_goals","league_titles","longest_goal_streak","milestone100goals","milestone100matches","most_assists_in_season","most_goals_in_season","player_id","total_assists","total_clean_sheets","total_goals","total_matches_played","total_red_cards","total_transfer_value","total_yellow_cards","id") values (?,?,?,?,?,?,?,?,?,?,?,?,?,?,?,?,?,?,?,?,?,?,default)
Hibernate: select pss1_0."id",pss1_0."assists",pss1_0."average_condition",pss1_0."average_morale",pss1_0."average_rating",pss1_0."clean_sheets",pss1_0."club_id",pss1_0."fouls_committed",pss1_0."fouls_received",pss1_0."goals",pss1_0."goals_conceded",pss1_0."highest_rating",pss1_0."injury_count",pss1_0."injury_days",pss1_0."interceptions",pss1_0."league_id",pss1_0."lowest_rating",pss1_0."man_of_the_match_awards",pss1_0."matches_played",pss1_0."matches_started",pss1_0."minutes_played",pss1_0."passes",pss1_0."passes_completed",pss1_0."penalties_saved",pss1_0."player_id",pss1_0."red_cards",pss1_0."saves",pss1_0."season_id",pss1_0."shots",pss1_0."shots_on_target",pss1_0."substitutions_in",pss1_0."substitutions_out",pss1_0."tackles",pss1_0."yellow_cards" from "player_season_stats" pss1_0 where pss1_0."player_id"=?
Hibernate: select s1_0."id",s1_0."is_current",s1_0."end_year",s1_0."league_id",s1_0."name",s1_0."next_round_number",s1_0."start_year" from "season" s1_0 where s1_0."is_current"
Hibernate: select c1_0."id",c1_0."city",c1_0."finance_id",c1_0."foundation",c1_0."league_id",c1_0."logourl",c1_0."medical_center_id",c1_0."name",c1_0."stadium_id",c1_0."team_id",c1_0."training_facility_id",c1_0."under18_id",c1_0."youth_academy_id" from "club" c1_0 where c1_0."team_id"=?
Hibernate: insert into "player_achievement" ("additional_data","club_id","date_achieved","description","player_id","season_id","title","type","id") values (?,?,?,?,?,?,?,?,default)
Hibernate: select c1_0."id",c1_0."city",c1_0."finance_id",c1_0."foundation",c1_0."league_id",c1_0."logourl",c1_0."medical_center_id",c1_0."name",c1_0."stadium_id",c1_0."team_id",c1_0."training_facility_id",c1_0."under18_id",c1_0."youth_academy_id" from "club" c1_0 where c1_0."team_id"=?
Hibernate: insert into "player_career_stats" ("clubs_played","cup_titles","first_goal","first_professional_match","highest_season_rating","highest_transfer_value","international_caps","international_goals","league_titles","longest_goal_streak","milestone100goals","milestone100matches","most_assists_in_season","most_goals_in_season","player_id","total_assists","total_clean_sheets","total_goals","total_matches_played","total_red_cards","total_transfer_value","total_yellow_cards","id") values (?,?,?,?,?,?,?,?,?,?,?,?,?,?,?,?,?,?,?,?,?,?,default)
Hibernate: select pss1_0."id",pss1_0."assists",pss1_0."average_condition",pss1_0."average_morale",pss1_0."average_rating",pss1_0."clean_sheets",pss1_0."club_id",pss1_0."fouls_committed",pss1_0."fouls_received",pss1_0."goals",pss1_0."goals_conceded",pss1_0."highest_rating",pss1_0."injury_count",pss1_0."injury_days",pss1_0."interceptions",pss1_0."league_id",pss1_0."lowest_rating",pss1_0."man_of_the_match_awards",pss1_0."matches_played",pss1_0."matches_started",pss1_0."minutes_played",pss1_0."passes",pss1_0."passes_completed",pss1_0."penalties_saved",pss1_0."player_id",pss1_0."red_cards",pss1_0."saves",pss1_0."season_id",pss1_0."shots",pss1_0."shots_on_target",pss1_0."substitutions_in",pss1_0."substitutions_out",pss1_0."tackles",pss1_0."yellow_cards" from "player_season_stats" pss1_0 where pss1_0."player_id"=?
Hibernate: select c1_0."id",c1_0."city",c1_0."finance_id",c1_0."foundation",c1_0."league_id",c1_0."logourl",c1_0."medical_center_id",c1_0."name",c1_0."stadium_id",c1_0."team_id",c1_0."training_facility_id",c1_0."under18_id",c1_0."youth_academy_id" from "club" c1_0 where c1_0."team_id"=?
Hibernate: insert into "player_career_stats" ("clubs_played","cup_titles","first_goal","first_professional_match","highest_season_rating","highest_transfer_value","international_caps","international_goals","league_titles","longest_goal_streak","milestone100goals","milestone100matches","most_assists_in_season","most_goals_in_season","player_id","total_assists","total_clean_sheets","total_goals","total_matches_played","total_red_cards","total_transfer_value","total_yellow_cards","id") values (?,?,?,?,?,?,?,?,?,?,?,?,?,?,?,?,?,?,?,?,?,?,default)
Hibernate: select pss1_0."id",pss1_0."assists",pss1_0."average_condition",pss1_0."average_morale",pss1_0."average_rating",pss1_0."clean_sheets",pss1_0."club_id",pss1_0."fouls_committed",pss1_0."fouls_received",pss1_0."goals",pss1_0."goals_conceded",pss1_0."highest_rating",pss1_0."injury_count",pss1_0."injury_days",pss1_0."interceptions",pss1_0."league_id",pss1_0."lowest_rating",pss1_0."man_of_the_match_awards",pss1_0."matches_played",pss1_0."matches_started",pss1_0."minutes_played",pss1_0."passes",pss1_0."passes_completed",pss1_0."penalties_saved",pss1_0."player_id",pss1_0."red_cards",pss1_0."saves",pss1_0."season_id",pss1_0."shots",pss1_0."shots_on_target",pss1_0."substitutions_in",pss1_0."substitutions_out",pss1_0."tackles",pss1_0."yellow_cards" from "player_season_stats" pss1_0 where pss1_0."player_id"=?
Hibernate: select s1_0."id",s1_0."is_current",s1_0."end_year",s1_0."league_id",s1_0."name",s1_0."next_round_number",s1_0."start_year" from "season" s1_0 where s1_0."is_current"
Hibernate: select c1_0."id",c1_0."city",c1_0."finance_id",c1_0."foundation",c1_0."league_id",c1_0."logourl",c1_0."medical_center_id",c1_0."name",c1_0."stadium_id",c1_0."team_id",c1_0."training_facility_id",c1_0."under18_id",c1_0."youth_academy_id" from "club" c1_0 where c1_0."team_id"=?
Hibernate: insert into "player_achievement" ("additional_data","club_id","date_achieved","description","player_id","season_id","title","type","id") values (?,?,?,?,?,?,?,?,default)
Hibernate: select c1_0."id",c1_0."city",c1_0."finance_id",c1_0."foundation",c1_0."league_id",c1_0."logourl",c1_0."medical_center_id",c1_0."name",c1_0."stadium_id",c1_0."team_id",c1_0."training_facility_id",c1_0."under18_id",c1_0."youth_academy_id" from "club" c1_0 where c1_0."team_id"=?
Hibernate: insert into "player_career_stats" ("clubs_played","cup_titles","first_goal","first_professional_match","highest_season_rating","highest_transfer_value","international_caps","international_goals","league_titles","longest_goal_streak","milestone100goals","milestone100matches","most_assists_in_season","most_goals_in_season","player_id","total_assists","total_clean_sheets","total_goals","total_matches_played","total_red_cards","total_transfer_value","total_yellow_cards","id") values (?,?,?,?,?,?,?,?,?,?,?,?,?,?,?,?,?,?,?,?,?,?,default)
Hibernate: select pss1_0."id",pss1_0."assists",pss1_0."average_condition",pss1_0."average_morale",pss1_0."average_rating",pss1_0."clean_sheets",pss1_0."club_id",pss1_0."fouls_committed",pss1_0."fouls_received",pss1_0."goals",pss1_0."goals_conceded",pss1_0."highest_rating",pss1_0."injury_count",pss1_0."injury_days",pss1_0."interceptions",pss1_0."league_id",pss1_0."lowest_rating",pss1_0."man_of_the_match_awards",pss1_0."matches_played",pss1_0."matches_started",pss1_0."minutes_played",pss1_0."passes",pss1_0."passes_completed",pss1_0."penalties_saved",pss1_0."player_id",pss1_0."red_cards",pss1_0."saves",pss1_0."season_id",pss1_0."shots",pss1_0."shots_on_target",pss1_0."substitutions_in",pss1_0."substitutions_out",pss1_0."tackles",pss1_0."yellow_cards" from "player_season_stats" pss1_0 where pss1_0."player_id"=?
Hibernate: select c1_0."id",c1_0."city",c1_0."finance_id",c1_0."foundation",c1_0."league_id",c1_0."logourl",c1_0."medical_center_id",c1_0."name",c1_0."stadium_id",c1_0."team_id",c1_0."training_facility_id",c1_0."under18_id",c1_0."youth_academy_id" from "club" c1_0 where c1_0."team_id"=?
Hibernate: insert into "player_career_stats" ("clubs_played","cup_titles","first_goal","first_professional_match","highest_season_rating","highest_transfer_value","international_caps","international_goals","league_titles","longest_goal_streak","milestone100goals","milestone100matches","most_assists_in_season","most_goals_in_season","player_id","total_assists","total_clean_sheets","total_goals","total_matches_played","total_red_cards","total_transfer_value","total_yellow_cards","id") values (?,?,?,?,?,?,?,?,?,?,?,?,?,?,?,?,?,?,?,?,?,?,default)
Hibernate: select pss1_0."id",pss1_0."assists",pss1_0."average_condition",pss1_0."average_morale",pss1_0."average_rating",pss1_0."clean_sheets",pss1_0."club_id",pss1_0."fouls_committed",pss1_0."fouls_received",pss1_0."goals",pss1_0."goals_conceded",pss1_0."highest_rating",pss1_0."injury_count",pss1_0."injury_days",pss1_0."interceptions",pss1_0."league_id",pss1_0."lowest_rating",pss1_0."man_of_the_match_awards",pss1_0."matches_played",pss1_0."matches_started",pss1_0."minutes_played",pss1_0."passes",pss1_0."passes_completed",pss1_0."penalties_saved",pss1_0."player_id",pss1_0."red_cards",pss1_0."saves",pss1_0."season_id",pss1_0."shots",pss1_0."shots_on_target",pss1_0."substitutions_in",pss1_0."substitutions_out",pss1_0."tackles",pss1_0."yellow_cards" from "player_season_stats" pss1_0 where pss1_0."player_id"=?
Hibernate: select c1_0."id",c1_0."city",c1_0."finance_id",c1_0."foundation",c1_0."league_id",c1_0."logourl",c1_0."medical_center_id",c1_0."name",c1_0."stadium_id",c1_0."team_id",c1_0."training_facility_id",c1_0."under18_id",c1_0."youth_academy_id" from "club" c1_0 where c1_0."team_id"=?
Hibernate: insert into "player_career_stats" ("clubs_played","cup_titles","first_goal","first_professional_match","highest_season_rating","highest_transfer_value","international_caps","international_goals","league_titles","longest_goal_streak","milestone100goals","milestone100matches","most_assists_in_season","most_goals_in_season","player_id","total_assists","total_clean_sheets","total_goals","total_matches_played","total_red_cards","total_transfer_value","total_yellow_cards","id") values (?,?,?,?,?,?,?,?,?,?,?,?,?,?,?,?,?,?,?,?,?,?,default)
Hibernate: select pss1_0."id",pss1_0."assists",pss1_0."average_condition",pss1_0."average_morale",pss1_0."average_rating",pss1_0."clean_sheets",pss1_0."club_id",pss1_0."fouls_committed",pss1_0."fouls_received",pss1_0."goals",pss1_0."goals_conceded",pss1_0."highest_rating",pss1_0."injury_count",pss1_0."injury_days",pss1_0."interceptions",pss1_0."league_id",pss1_0."lowest_rating",pss1_0."man_of_the_match_awards",pss1_0."matches_played",pss1_0."matches_started",pss1_0."minutes_played",pss1_0."passes",pss1_0."passes_completed",pss1_0."penalties_saved",pss1_0."player_id",pss1_0."red_cards",pss1_0."saves",pss1_0."season_id",pss1_0."shots",pss1_0."shots_on_target",pss1_0."substitutions_in",pss1_0."substitutions_out",pss1_0."tackles",pss1_0."yellow_cards" from "player_season_stats" pss1_0 where pss1_0."player_id"=?
Hibernate: select c1_0."id",c1_0."city",c1_0."finance_id",c1_0."foundation",c1_0."league_id",c1_0."logourl",c1_0."medical_center_id",c1_0."name",c1_0."stadium_id",c1_0."team_id",c1_0."training_facility_id",c1_0."under18_id",c1_0."youth_academy_id" from "club" c1_0 where c1_0."team_id"=?
Hibernate: insert into "player_career_stats" ("clubs_played","cup_titles","first_goal","first_professional_match","highest_season_rating","highest_transfer_value","international_caps","international_goals","league_titles","longest_goal_streak","milestone100goals","milestone100matches","most_assists_in_season","most_goals_in_season","player_id","total_assists","total_clean_sheets","total_goals","total_matches_played","total_red_cards","total_transfer_value","total_yellow_cards","id") values (?,?,?,?,?,?,?,?,?,?,?,?,?,?,?,?,?,?,?,?,?,?,default)
Hibernate: select pss1_0."id",pss1_0."assists",pss1_0."average_condition",pss1_0."average_morale",pss1_0."average_rating",pss1_0."clean_sheets",pss1_0."club_id",pss1_0."fouls_committed",pss1_0."fouls_received",pss1_0."goals",pss1_0."goals_conceded",pss1_0."highest_rating",pss1_0."injury_count",pss1_0."injury_days",pss1_0."interceptions",pss1_0."league_id",pss1_0."lowest_rating",pss1_0."man_of_the_match_awards",pss1_0."matches_played",pss1_0."matches_started",pss1_0."minutes_played",pss1_0."passes",pss1_0."passes_completed",pss1_0."penalties_saved",pss1_0."player_id",pss1_0."red_cards",pss1_0."saves",pss1_0."season_id",pss1_0."shots",pss1_0."shots_on_target",pss1_0."substitutions_in",pss1_0."substitutions_out",pss1_0."tackles",pss1_0."yellow_cards" from "player_season_stats" pss1_0 where pss1_0."player_id"=?
Hibernate: select c1_0."id",c1_0."city",c1_0."finance_id",c1_0."foundation",c1_0."league_id",c1_0."logourl",c1_0."medical_center_id",c1_0."name",c1_0."stadium_id",c1_0."team_id",c1_0."training_facility_id",c1_0."under18_id",c1_0."youth_academy_id" from "club" c1_0 where c1_0."team_id"=?
Hibernate: insert into "player_career_stats" ("clubs_played","cup_titles","first_goal","first_professional_match","highest_season_rating","highest_transfer_value","international_caps","international_goals","league_titles","longest_goal_streak","milestone100goals","milestone100matches","most_assists_in_season","most_goals_in_season","player_id","total_assists","total_clean_sheets","total_goals","total_matches_played","total_red_cards","total_transfer_value","total_yellow_cards","id") values (?,?,?,?,?,?,?,?,?,?,?,?,?,?,?,?,?,?,?,?,?,?,default)
Hibernate: select pss1_0."id",pss1_0."assists",pss1_0."average_condition",pss1_0."average_morale",pss1_0."average_rating",pss1_0."clean_sheets",pss1_0."club_id",pss1_0."fouls_committed",pss1_0."fouls_received",pss1_0."goals",pss1_0."goals_conceded",pss1_0."highest_rating",pss1_0."injury_count",pss1_0."injury_days",pss1_0."interceptions",pss1_0."league_id",pss1_0."lowest_rating",pss1_0."man_of_the_match_awards",pss1_0."matches_played",pss1_0."matches_started",pss1_0."minutes_played",pss1_0."passes",pss1_0."passes_completed",pss1_0."penalties_saved",pss1_0."player_id",pss1_0."red_cards",pss1_0."saves",pss1_0."season_id",pss1_0."shots",pss1_0."shots_on_target",pss1_0."substitutions_in",pss1_0."substitutions_out",pss1_0."tackles",pss1_0."yellow_cards" from "player_season_stats" pss1_0 where pss1_0."player_id"=?
Hibernate: select c1_0."id",c1_0."city",c1_0."finance_id",c1_0."foundation",c1_0."league_id",c1_0."logourl",c1_0."medical_center_id",c1_0."name",c1_0."stadium_id",c1_0."team_id",c1_0."training_facility_id",c1_0."under18_id",c1_0."youth_academy_id" from "club" c1_0 where c1_0."team_id"=?
Hibernate: insert into "player_career_stats" ("clubs_played","cup_titles","first_goal","first_professional_match","highest_season_rating","highest_transfer_value","international_caps","international_goals","league_titles","longest_goal_streak","milestone100goals","milestone100matches","most_assists_in_season","most_goals_in_season","player_id","total_assists","total_clean_sheets","total_goals","total_matches_played","total_red_cards","total_transfer_value","total_yellow_cards","id") values (?,?,?,?,?,?,?,?,?,?,?,?,?,?,?,?,?,?,?,?,?,?,default)
Hibernate: select pss1_0."id",pss1_0."assists",pss1_0."average_condition",pss1_0."average_morale",pss1_0."average_rating",pss1_0."clean_sheets",pss1_0."club_id",pss1_0."fouls_committed",pss1_0."fouls_received",pss1_0."goals",pss1_0."goals_conceded",pss1_0."highest_rating",pss1_0."injury_count",pss1_0."injury_days",pss1_0."interceptions",pss1_0."league_id",pss1_0."lowest_rating",pss1_0."man_of_the_match_awards",pss1_0."matches_played",pss1_0."matches_started",pss1_0."minutes_played",pss1_0."passes",pss1_0."passes_completed",pss1_0."penalties_saved",pss1_0."player_id",pss1_0."red_cards",pss1_0."saves",pss1_0."season_id",pss1_0."shots",pss1_0."shots_on_target",pss1_0."substitutions_in",pss1_0."substitutions_out",pss1_0."tackles",pss1_0."yellow_cards" from "player_season_stats" pss1_0 where pss1_0."player_id"=?
Hibernate: select c1_0."id",c1_0."city",c1_0."finance_id",c1_0."foundation",c1_0."league_id",c1_0."logourl",c1_0."medical_center_id",c1_0."name",c1_0."stadium_id",c1_0."team_id",c1_0."training_facility_id",c1_0."under18_id",c1_0."youth_academy_id" from "club" c1_0 where c1_0."team_id"=?
Hibernate: insert into "player_career_stats" ("clubs_played","cup_titles","first_goal","first_professional_match","highest_season_rating","highest_transfer_value","international_caps","international_goals","league_titles","longest_goal_streak","milestone100goals","milestone100matches","most_assists_in_season","most_goals_in_season","player_id","total_assists","total_clean_sheets","total_goals","total_matches_played","total_red_cards","total_transfer_value","total_yellow_cards","id") values (?,?,?,?,?,?,?,?,?,?,?,?,?,?,?,?,?,?,?,?,?,?,default)
Hibernate: select pss1_0."id",pss1_0."assists",pss1_0."average_condition",pss1_0."average_morale",pss1_0."average_rating",pss1_0."clean_sheets",pss1_0."club_id",pss1_0."fouls_committed",pss1_0."fouls_received",pss1_0."goals",pss1_0."goals_conceded",pss1_0."highest_rating",pss1_0."injury_count",pss1_0."injury_days",pss1_0."interceptions",pss1_0."league_id",pss1_0."lowest_rating",pss1_0."man_of_the_match_awards",pss1_0."matches_played",pss1_0."matches_started",pss1_0."minutes_played",pss1_0."passes",pss1_0."passes_completed",pss1_0."penalties_saved",pss1_0."player_id",pss1_0."red_cards",pss1_0."saves",pss1_0."season_id",pss1_0."shots",pss1_0."shots_on_target",pss1_0."substitutions_in",pss1_0."substitutions_out",pss1_0."tackles",pss1_0."yellow_cards" from "player_season_stats" pss1_0 where pss1_0."player_id"=?
Hibernate: select c1_0."id",c1_0."city",c1_0."finance_id",c1_0."foundation",c1_0."league_id",c1_0."logourl",c1_0."medical_center_id",c1_0."name",c1_0."stadium_id",c1_0."team_id",c1_0."training_facility_id",c1_0."under18_id",c1_0."youth_academy_id" from "club" c1_0 where c1_0."team_id"=?
Hibernate: insert into "player_career_stats" ("clubs_played","cup_titles","first_goal","first_professional_match","highest_season_rating","highest_transfer_value","international_caps","international_goals","league_titles","longest_goal_streak","milestone100goals","milestone100matches","most_assists_in_season","most_goals_in_season","player_id","total_assists","total_clean_sheets","total_goals","total_matches_played","total_red_cards","total_transfer_value","total_yellow_cards","id") values (?,?,?,?,?,?,?,?,?,?,?,?,?,?,?,?,?,?,?,?,?,?,default)
Hibernate: select pss1_0."id",pss1_0."assists",pss1_0."average_condition",pss1_0."average_morale",pss1_0."average_rating",pss1_0."clean_sheets",pss1_0."club_id",pss1_0."fouls_committed",pss1_0."fouls_received",pss1_0."goals",pss1_0."goals_conceded",pss1_0."highest_rating",pss1_0."injury_count",pss1_0."injury_days",pss1_0."interceptions",pss1_0."league_id",pss1_0."lowest_rating",pss1_0."man_of_the_match_awards",pss1_0."matches_played",pss1_0."matches_started",pss1_0."minutes_played",pss1_0."passes",pss1_0."passes_completed",pss1_0."penalties_saved",pss1_0."player_id",pss1_0."red_cards",pss1_0."saves",pss1_0."season_id",pss1_0."shots",pss1_0."shots_on_target",pss1_0."substitutions_in",pss1_0."substitutions_out",pss1_0."tackles",pss1_0."yellow_cards" from "player_season_stats" pss1_0 where pss1_0."player_id"=?
Hibernate: select c1_0."id",c1_0."city",c1_0."finance_id",c1_0."foundation",c1_0."league_id",c1_0."logourl",c1_0."medical_center_id",c1_0."name",c1_0."stadium_id",c1_0."team_id",c1_0."training_facility_id",c1_0."under18_id",c1_0."youth_academy_id" from "club" c1_0 where c1_0."team_id"=?
Hibernate: insert into "player_career_stats" ("clubs_played","cup_titles","first_goal","first_professional_match","highest_season_rating","highest_transfer_value","international_caps","international_goals","league_titles","longest_goal_streak","milestone100goals","milestone100matches","most_assists_in_season","most_goals_in_season","player_id","total_assists","total_clean_sheets","total_goals","total_matches_played","total_red_cards","total_transfer_value","total_yellow_cards","id") values (?,?,?,?,?,?,?,?,?,?,?,?,?,?,?,?,?,?,?,?,?,?,default)
Hibernate: select pss1_0."id",pss1_0."assists",pss1_0."average_condition",pss1_0."average_morale",pss1_0."average_rating",pss1_0."clean_sheets",pss1_0."club_id",pss1_0."fouls_committed",pss1_0."fouls_received",pss1_0."goals",pss1_0."goals_conceded",pss1_0."highest_rating",pss1_0."injury_count",pss1_0."injury_days",pss1_0."interceptions",pss1_0."league_id",pss1_0."lowest_rating",pss1_0."man_of_the_match_awards",pss1_0."matches_played",pss1_0."matches_started",pss1_0."minutes_played",pss1_0."passes",pss1_0."passes_completed",pss1_0."penalties_saved",pss1_0."player_id",pss1_0."red_cards",pss1_0."saves",pss1_0."season_id",pss1_0."shots",pss1_0."shots_on_target",pss1_0."substitutions_in",pss1_0."substitutions_out",pss1_0."tackles",pss1_0."yellow_cards" from "player_season_stats" pss1_0 where pss1_0."player_id"=?
Hibernate: select c1_0."id",c1_0."city",c1_0."finance_id",c1_0."foundation",c1_0."league_id",c1_0."logourl",c1_0."medical_center_id",c1_0."name",c1_0."stadium_id",c1_0."team_id",c1_0."training_facility_id",c1_0."under18_id",c1_0."youth_academy_id" from "club" c1_0 where c1_0."team_id"=?
Hibernate: insert into "player_career_stats" ("clubs_played","cup_titles","first_goal","first_professional_match","highest_season_rating","highest_transfer_value","international_caps","international_goals","league_titles","longest_goal_streak","milestone100goals","milestone100matches","most_assists_in_season","most_goals_in_season","player_id","total_assists","total_clean_sheets","total_goals","total_matches_played","total_red_cards","total_transfer_value","total_yellow_cards","id") values (?,?,?,?,?,?,?,?,?,?,?,?,?,?,?,?,?,?,?,?,?,?,default)
Hibernate: select pss1_0."id",pss1_0."assists",pss1_0."average_condition",pss1_0."average_morale",pss1_0."average_rating",pss1_0."clean_sheets",pss1_0."club_id",pss1_0."fouls_committed",pss1_0."fouls_received",pss1_0."goals",pss1_0."goals_conceded",pss1_0."highest_rating",pss1_0."injury_count",pss1_0."injury_days",pss1_0."interceptions",pss1_0."league_id",pss1_0."lowest_rating",pss1_0."man_of_the_match_awards",pss1_0."matches_played",pss1_0."matches_started",pss1_0."minutes_played",pss1_0."passes",pss1_0."passes_completed",pss1_0."penalties_saved",pss1_0."player_id",pss1_0."red_cards",pss1_0."saves",pss1_0."season_id",pss1_0."shots",pss1_0."shots_on_target",pss1_0."substitutions_in",pss1_0."substitutions_out",pss1_0."tackles",pss1_0."yellow_cards" from "player_season_stats" pss1_0 where pss1_0."player_id"=?
Hibernate: select c1_0."id",c1_0."city",c1_0."finance_id",c1_0."foundation",c1_0."league_id",c1_0."logourl",c1_0."medical_center_id",c1_0."name",c1_0."stadium_id",c1_0."team_id",c1_0."training_facility_id",c1_0."under18_id",c1_0."youth_academy_id" from "club" c1_0 where c1_0."team_id"=?
Hibernate: insert into "player_career_stats" ("clubs_played","cup_titles","first_goal","first_professional_match","highest_season_rating","highest_transfer_value","international_caps","international_goals","league_titles","longest_goal_streak","milestone100goals","milestone100matches","most_assists_in_season","most_goals_in_season","player_id","total_assists","total_clean_sheets","total_goals","total_matches_played","total_red_cards","total_transfer_value","total_yellow_cards","id") values (?,?,?,?,?,?,?,?,?,?,?,?,?,?,?,?,?,?,?,?,?,?,default)
Hibernate: select pss1_0."id",pss1_0."assists",pss1_0."average_condition",pss1_0."average_morale",pss1_0."average_rating",pss1_0."clean_sheets",pss1_0."club_id",pss1_0."fouls_committed",pss1_0."fouls_received",pss1_0."goals",pss1_0."goals_conceded",pss1_0."highest_rating",pss1_0."injury_count",pss1_0."injury_days",pss1_0."interceptions",pss1_0."league_id",pss1_0."lowest_rating",pss1_0."man_of_the_match_awards",pss1_0."matches_played",pss1_0."matches_started",pss1_0."minutes_played",pss1_0."passes",pss1_0."passes_completed",pss1_0."penalties_saved",pss1_0."player_id",pss1_0."red_cards",pss1_0."saves",pss1_0."season_id",pss1_0."shots",pss1_0."shots_on_target",pss1_0."substitutions_in",pss1_0."substitutions_out",pss1_0."tackles",pss1_0."yellow_cards" from "player_season_stats" pss1_0 where pss1_0."player_id"=?
Hibernate: select c1_0."id",c1_0."city",c1_0."finance_id",c1_0."foundation",c1_0."league_id",c1_0."logourl",c1_0."medical_center_id",c1_0."name",c1_0."stadium_id",c1_0."team_id",c1_0."training_facility_id",c1_0."under18_id",c1_0."youth_academy_id" from "club" c1_0 where c1_0."team_id"=?
Hibernate: insert into "player_career_stats" ("clubs_played","cup_titles","first_goal","first_professional_match","highest_season_rating","highest_transfer_value","international_caps","international_goals","league_titles","longest_goal_streak","milestone100goals","milestone100matches","most_assists_in_season","most_goals_in_season","player_id","total_assists","total_clean_sheets","total_goals","total_matches_played","total_red_cards","total_transfer_value","total_yellow_cards","id") values (?,?,?,?,?,?,?,?,?,?,?,?,?,?,?,?,?,?,?,?,?,?,default)
Hibernate: select pss1_0."id",pss1_0."assists",pss1_0."average_condition",pss1_0."average_morale",pss1_0."average_rating",pss1_0."clean_sheets",pss1_0."club_id",pss1_0."fouls_committed",pss1_0."fouls_received",pss1_0."goals",pss1_0."goals_conceded",pss1_0."highest_rating",pss1_0."injury_count",pss1_0."injury_days",pss1_0."interceptions",pss1_0."league_id",pss1_0."lowest_rating",pss1_0."man_of_the_match_awards",pss1_0."matches_played",pss1_0."matches_started",pss1_0."minutes_played",pss1_0."passes",pss1_0."passes_completed",pss1_0."penalties_saved",pss1_0."player_id",pss1_0."red_cards",pss1_0."saves",pss1_0."season_id",pss1_0."shots",pss1_0."shots_on_target",pss1_0."substitutions_in",pss1_0."substitutions_out",pss1_0."tackles",pss1_0."yellow_cards" from "player_season_stats" pss1_0 where pss1_0."player_id"=?
Hibernate: select s1_0."id",s1_0."is_current",s1_0."end_year",s1_0."league_id",s1_0."name",s1_0."next_round_number",s1_0."start_year" from "season" s1_0 where s1_0."is_current"
Hibernate: select c1_0."id",c1_0."city",c1_0."finance_id",c1_0."foundation",c1_0."league_id",c1_0."logourl",c1_0."medical_center_id",c1_0."name",c1_0."stadium_id",c1_0."team_id",c1_0."training_facility_id",c1_0."under18_id",c1_0."youth_academy_id" from "club" c1_0 where c1_0."team_id"=?
Hibernate: insert into "player_achievement" ("additional_data","club_id","date_achieved","description","player_id","season_id","title","type","id") values (?,?,?,?,?,?,?,?,default)
Hibernate: select c1_0."id",c1_0."city",c1_0."finance_id",c1_0."foundation",c1_0."league_id",c1_0."logourl",c1_0."medical_center_id",c1_0."name",c1_0."stadium_id",c1_0."team_id",c1_0."training_facility_id",c1_0."under18_id",c1_0."youth_academy_id" from "club" c1_0 where c1_0."team_id"=?
Hibernate: insert into "player_career_stats" ("clubs_played","cup_titles","first_goal","first_professional_match","highest_season_rating","highest_transfer_value","international_caps","international_goals","league_titles","longest_goal_streak","milestone100goals","milestone100matches","most_assists_in_season","most_goals_in_season","player_id","total_assists","total_clean_sheets","total_goals","total_matches_played","total_red_cards","total_transfer_value","total_yellow_cards","id") values (?,?,?,?,?,?,?,?,?,?,?,?,?,?,?,?,?,?,?,?,?,?,default)
Hibernate: select pss1_0."id",pss1_0."assists",pss1_0."average_condition",pss1_0."average_morale",pss1_0."average_rating",pss1_0."clean_sheets",pss1_0."club_id",pss1_0."fouls_committed",pss1_0."fouls_received",pss1_0."goals",pss1_0."goals_conceded",pss1_0."highest_rating",pss1_0."injury_count",pss1_0."injury_days",pss1_0."interceptions",pss1_0."league_id",pss1_0."lowest_rating",pss1_0."man_of_the_match_awards",pss1_0."matches_played",pss1_0."matches_started",pss1_0."minutes_played",pss1_0."passes",pss1_0."passes_completed",pss1_0."penalties_saved",pss1_0."player_id",pss1_0."red_cards",pss1_0."saves",pss1_0."season_id",pss1_0."shots",pss1_0."shots_on_target",pss1_0."substitutions_in",pss1_0."substitutions_out",pss1_0."tackles",pss1_0."yellow_cards" from "player_season_stats" pss1_0 where pss1_0."player_id"=?
Hibernate: select c1_0."id",c1_0."city",c1_0."finance_id",c1_0."foundation",c1_0."league_id",c1_0."logourl",c1_0."medical_center_id",c1_0."name",c1_0."stadium_id",c1_0."team_id",c1_0."training_facility_id",c1_0."under18_id",c1_0."youth_academy_id" from "club" c1_0 where c1_0."team_id"=?
Hibernate: insert into "player_career_stats" ("clubs_played","cup_titles","first_goal","first_professional_match","highest_season_rating","highest_transfer_value","international_caps","international_goals","league_titles","longest_goal_streak","milestone100goals","milestone100matches","most_assists_in_season","most_goals_in_season","player_id","total_assists","total_clean_sheets","total_goals","total_matches_played","total_red_cards","total_transfer_value","total_yellow_cards","id") values (?,?,?,?,?,?,?,?,?,?,?,?,?,?,?,?,?,?,?,?,?,?,default)
Hibernate: select pss1_0."id",pss1_0."assists",pss1_0."average_condition",pss1_0."average_morale",pss1_0."average_rating",pss1_0."clean_sheets",pss1_0."club_id",pss1_0."fouls_committed",pss1_0."fouls_received",pss1_0."goals",pss1_0."goals_conceded",pss1_0."highest_rating",pss1_0."injury_count",pss1_0."injury_days",pss1_0."interceptions",pss1_0."league_id",pss1_0."lowest_rating",pss1_0."man_of_the_match_awards",pss1_0."matches_played",pss1_0."matches_started",pss1_0."minutes_played",pss1_0."passes",pss1_0."passes_completed",pss1_0."penalties_saved",pss1_0."player_id",pss1_0."red_cards",pss1_0."saves",pss1_0."season_id",pss1_0."shots",pss1_0."shots_on_target",pss1_0."substitutions_in",pss1_0."substitutions_out",pss1_0."tackles",pss1_0."yellow_cards" from "player_season_stats" pss1_0 where pss1_0."player_id"=?
Hibernate: select c1_0."id",c1_0."city",c1_0."finance_id",c1_0."foundation",c1_0."league_id",c1_0."logourl",c1_0."medical_center_id",c1_0."name",c1_0."stadium_id",c1_0."team_id",c1_0."training_facility_id",c1_0."under18_id",c1_0."youth_academy_id" from "club" c1_0 where c1_0."team_id"=?
Hibernate: insert into "player_career_stats" ("clubs_played","cup_titles","first_goal","first_professional_match","highest_season_rating","highest_transfer_value","international_caps","international_goals","league_titles","longest_goal_streak","milestone100goals","milestone100matches","most_assists_in_season","most_goals_in_season","player_id","total_assists","total_clean_sheets","total_goals","total_matches_played","total_red_cards","total_transfer_value","total_yellow_cards","id") values (?,?,?,?,?,?,?,?,?,?,?,?,?,?,?,?,?,?,?,?,?,?,default)
Hibernate: select pss1_0."id",pss1_0."assists",pss1_0."average_condition",pss1_0."average_morale",pss1_0."average_rating",pss1_0."clean_sheets",pss1_0."club_id",pss1_0."fouls_committed",pss1_0."fouls_received",pss1_0."goals",pss1_0."goals_conceded",pss1_0."highest_rating",pss1_0."injury_count",pss1_0."injury_days",pss1_0."interceptions",pss1_0."league_id",pss1_0."lowest_rating",pss1_0."man_of_the_match_awards",pss1_0."matches_played",pss1_0."matches_started",pss1_0."minutes_played",pss1_0."passes",pss1_0."passes_completed",pss1_0."penalties_saved",pss1_0."player_id",pss1_0."red_cards",pss1_0."saves",pss1_0."season_id",pss1_0."shots",pss1_0."shots_on_target",pss1_0."substitutions_in",pss1_0."substitutions_out",pss1_0."tackles",pss1_0."yellow_cards" from "player_season_stats" pss1_0 where pss1_0."player_id"=?
Hibernate: select c1_0."id",c1_0."city",c1_0."finance_id",c1_0."foundation",c1_0."league_id",c1_0."logourl",c1_0."medical_center_id",c1_0."name",c1_0."stadium_id",c1_0."team_id",c1_0."training_facility_id",c1_0."under18_id",c1_0."youth_academy_id" from "club" c1_0 where c1_0."team_id"=?
Hibernate: insert into "player_career_stats" ("clubs_played","cup_titles","first_goal","first_professional_match","highest_season_rating","highest_transfer_value","international_caps","international_goals","league_titles","longest_goal_streak","milestone100goals","milestone100matches","most_assists_in_season","most_goals_in_season","player_id","total_assists","total_clean_sheets","total_goals","total_matches_played","total_red_cards","total_transfer_value","total_yellow_cards","id") values (?,?,?,?,?,?,?,?,?,?,?,?,?,?,?,?,?,?,?,?,?,?,default)
Hibernate: select pss1_0."id",pss1_0."assists",pss1_0."average_condition",pss1_0."average_morale",pss1_0."average_rating",pss1_0."clean_sheets",pss1_0."club_id",pss1_0."fouls_committed",pss1_0."fouls_received",pss1_0."goals",pss1_0."goals_conceded",pss1_0."highest_rating",pss1_0."injury_count",pss1_0."injury_days",pss1_0."interceptions",pss1_0."league_id",pss1_0."lowest_rating",pss1_0."man_of_the_match_awards",pss1_0."matches_played",pss1_0."matches_started",pss1_0."minutes_played",pss1_0."passes",pss1_0."passes_completed",pss1_0."penalties_saved",pss1_0."player_id",pss1_0."red_cards",pss1_0."saves",pss1_0."season_id",pss1_0."shots",pss1_0."shots_on_target",pss1_0."substitutions_in",pss1_0."substitutions_out",pss1_0."tackles",pss1_0."yellow_cards" from "player_season_stats" pss1_0 where pss1_0."player_id"=?
Hibernate: select c1_0."id",c1_0."city",c1_0."finance_id",c1_0."foundation",c1_0."league_id",c1_0."logourl",c1_0."medical_center_id",c1_0."name",c1_0."stadium_id",c1_0."team_id",c1_0."training_facility_id",c1_0."under18_id",c1_0."youth_academy_id" from "club" c1_0 where c1_0."team_id"=?
Hibernate: insert into "player_career_stats" ("clubs_played","cup_titles","first_goal","first_professional_match","highest_season_rating","highest_transfer_value","international_caps","international_goals","league_titles","longest_goal_streak","milestone100goals","milestone100matches","most_assists_in_season","most_goals_in_season","player_id","total_assists","total_clean_sheets","total_goals","total_matches_played","total_red_cards","total_transfer_value","total_yellow_cards","id") values (?,?,?,?,?,?,?,?,?,?,?,?,?,?,?,?,?,?,?,?,?,?,default)
Hibernate: select pss1_0."id",pss1_0."assists",pss1_0."average_condition",pss1_0."average_morale",pss1_0."average_rating",pss1_0."clean_sheets",pss1_0."club_id",pss1_0."fouls_committed",pss1_0."fouls_received",pss1_0."goals",pss1_0."goals_conceded",pss1_0."highest_rating",pss1_0."injury_count",pss1_0."injury_days",pss1_0."interceptions",pss1_0."league_id",pss1_0."lowest_rating",pss1_0."man_of_the_match_awards",pss1_0."matches_played",pss1_0."matches_started",pss1_0."minutes_played",pss1_0."passes",pss1_0."passes_completed",pss1_0."penalties_saved",pss1_0."player_id",pss1_0."red_cards",pss1_0."saves",pss1_0."season_id",pss1_0."shots",pss1_0."shots_on_target",pss1_0."substitutions_in",pss1_0."substitutions_out",pss1_0."tackles",pss1_0."yellow_cards" from "player_season_stats" pss1_0 where pss1_0."player_id"=?
Hibernate: select c1_0."id",c1_0."city",c1_0."finance_id",c1_0."foundation",c1_0."league_id",c1_0."logourl",c1_0."medical_center_id",c1_0."name",c1_0."stadium_id",c1_0."team_id",c1_0."training_facility_id",c1_0."under18_id",c1_0."youth_academy_id" from "club" c1_0 where c1_0."team_id"=?
Hibernate: insert into "player_career_stats" ("clubs_played","cup_titles","first_goal","first_professional_match","highest_season_rating","highest_transfer_value","international_caps","international_goals","league_titles","longest_goal_streak","milestone100goals","milestone100matches","most_assists_in_season","most_goals_in_season","player_id","total_assists","total_clean_sheets","total_goals","total_matches_played","total_red_cards","total_transfer_value","total_yellow_cards","id") values (?,?,?,?,?,?,?,?,?,?,?,?,?,?,?,?,?,?,?,?,?,?,default)
Hibernate: select pss1_0."id",pss1_0."assists",pss1_0."average_condition",pss1_0."average_morale",pss1_0."average_rating",pss1_0."clean_sheets",pss1_0."club_id",pss1_0."fouls_committed",pss1_0."fouls_received",pss1_0."goals",pss1_0."goals_conceded",pss1_0."highest_rating",pss1_0."injury_count",pss1_0."injury_days",pss1_0."interceptions",pss1_0."league_id",pss1_0."lowest_rating",pss1_0."man_of_the_match_awards",pss1_0."matches_played",pss1_0."matches_started",pss1_0."minutes_played",pss1_0."passes",pss1_0."passes_completed",pss1_0."penalties_saved",pss1_0."player_id",pss1_0."red_cards",pss1_0."saves",pss1_0."season_id",pss1_0."shots",pss1_0."shots_on_target",pss1_0."substitutions_in",pss1_0."substitutions_out",pss1_0."tackles",pss1_0."yellow_cards" from "player_season_stats" pss1_0 where pss1_0."player_id"=?
Hibernate: select c1_0."id",c1_0."city",c1_0."finance_id",c1_0."foundation",c1_0."league_id",c1_0."logourl",c1_0."medical_center_id",c1_0."name",c1_0."stadium_id",c1_0."team_id",c1_0."training_facility_id",c1_0."under18_id",c1_0."youth_academy_id" from "club" c1_0 where c1_0."team_id"=?
Hibernate: insert into "player_career_stats" ("clubs_played","cup_titles","first_goal","first_professional_match","highest_season_rating","highest_transfer_value","international_caps","international_goals","league_titles","longest_goal_streak","milestone100goals","milestone100matches","most_assists_in_season","most_goals_in_season","player_id","total_assists","total_clean_sheets","total_goals","total_matches_played","total_red_cards","total_transfer_value","total_yellow_cards","id") values (?,?,?,?,?,?,?,?,?,?,?,?,?,?,?,?,?,?,?,?,?,?,default)
Hibernate: select pss1_0."id",pss1_0."assists",pss1_0."average_condition",pss1_0."average_morale",pss1_0."average_rating",pss1_0."clean_sheets",pss1_0."club_id",pss1_0."fouls_committed",pss1_0."fouls_received",pss1_0."goals",pss1_0."goals_conceded",pss1_0."highest_rating",pss1_0."injury_count",pss1_0."injury_days",pss1_0."interceptions",pss1_0."league_id",pss1_0."lowest_rating",pss1_0."man_of_the_match_awards",pss1_0."matches_played",pss1_0."matches_started",pss1_0."minutes_played",pss1_0."passes",pss1_0."passes_completed",pss1_0."penalties_saved",pss1_0."player_id",pss1_0."red_cards",pss1_0."saves",pss1_0."season_id",pss1_0."shots",pss1_0."shots_on_target",pss1_0."substitutions_in",pss1_0."substitutions_out",pss1_0."tackles",pss1_0."yellow_cards" from "player_season_stats" pss1_0 where pss1_0."player_id"=?
Hibernate: select c1_0."id",c1_0."city",c1_0."finance_id",c1_0."foundation",c1_0."league_id",c1_0."logourl",c1_0."medical_center_id",c1_0."name",c1_0."stadium_id",c1_0."team_id",c1_0."training_facility_id",c1_0."under18_id",c1_0."youth_academy_id" from "club" c1_0 where c1_0."team_id"=?
Hibernate: insert into "player_career_stats" ("clubs_played","cup_titles","first_goal","first_professional_match","highest_season_rating","highest_transfer_value","international_caps","international_goals","league_titles","longest_goal_streak","milestone100goals","milestone100matches","most_assists_in_season","most_goals_in_season","player_id","total_assists","total_clean_sheets","total_goals","total_matches_played","total_red_cards","total_transfer_value","total_yellow_cards","id") values (?,?,?,?,?,?,?,?,?,?,?,?,?,?,?,?,?,?,?,?,?,?,default)
Hibernate: select pss1_0."id",pss1_0."assists",pss1_0."average_condition",pss1_0."average_morale",pss1_0."average_rating",pss1_0."clean_sheets",pss1_0."club_id",pss1_0."fouls_committed",pss1_0."fouls_received",pss1_0."goals",pss1_0."goals_conceded",pss1_0."highest_rating",pss1_0."injury_count",pss1_0."injury_days",pss1_0."interceptions",pss1_0."league_id",pss1_0."lowest_rating",pss1_0."man_of_the_match_awards",pss1_0."matches_played",pss1_0."matches_started",pss1_0."minutes_played",pss1_0."passes",pss1_0."passes_completed",pss1_0."penalties_saved",pss1_0."player_id",pss1_0."red_cards",pss1_0."saves",pss1_0."season_id",pss1_0."shots",pss1_0."shots_on_target",pss1_0."substitutions_in",pss1_0."substitutions_out",pss1_0."tackles",pss1_0."yellow_cards" from "player_season_stats" pss1_0 where pss1_0."player_id"=?
Hibernate: select s1_0."id",s1_0."is_current",s1_0."end_year",s1_0."league_id",s1_0."name",s1_0."next_round_number",s1_0."start_year" from "season" s1_0 where s1_0."is_current"
Hibernate: select c1_0."id",c1_0."city",c1_0."finance_id",c1_0."foundation",c1_0."league_id",c1_0."logourl",c1_0."medical_center_id",c1_0."name",c1_0."stadium_id",c1_0."team_id",c1_0."training_facility_id",c1_0."under18_id",c1_0."youth_academy_id" from "club" c1_0 where c1_0."team_id"=?
Hibernate: insert into "player_achievement" ("additional_data","club_id","date_achieved","description","player_id","season_id","title","type","id") values (?,?,?,?,?,?,?,?,default)
Hibernate: select c1_0."id",c1_0."city",c1_0."finance_id",c1_0."foundation",c1_0."league_id",c1_0."logourl",c1_0."medical_center_id",c1_0."name",c1_0."stadium_id",c1_0."team_id",c1_0."training_facility_id",c1_0."under18_id",c1_0."youth_academy_id" from "club" c1_0 where c1_0."team_id"=?
Hibernate: insert into "player_career_stats" ("clubs_played","cup_titles","first_goal","first_professional_match","highest_season_rating","highest_transfer_value","international_caps","international_goals","league_titles","longest_goal_streak","milestone100goals","milestone100matches","most_assists_in_season","most_goals_in_season","player_id","total_assists","total_clean_sheets","total_goals","total_matches_played","total_red_cards","total_transfer_value","total_yellow_cards","id") values (?,?,?,?,?,?,?,?,?,?,?,?,?,?,?,?,?,?,?,?,?,?,default)
Hibernate: select pss1_0."id",pss1_0."assists",pss1_0."average_condition",pss1_0."average_morale",pss1_0."average_rating",pss1_0."clean_sheets",pss1_0."club_id",pss1_0."fouls_committed",pss1_0."fouls_received",pss1_0."goals",pss1_0."goals_conceded",pss1_0."highest_rating",pss1_0."injury_count",pss1_0."injury_days",pss1_0."interceptions",pss1_0."league_id",pss1_0."lowest_rating",pss1_0."man_of_the_match_awards",pss1_0."matches_played",pss1_0."matches_started",pss1_0."minutes_played",pss1_0."passes",pss1_0."passes_completed",pss1_0."penalties_saved",pss1_0."player_id",pss1_0."red_cards",pss1_0."saves",pss1_0."season_id",pss1_0."shots",pss1_0."shots_on_target",pss1_0."substitutions_in",pss1_0."substitutions_out",pss1_0."tackles",pss1_0."yellow_cards" from "player_season_stats" pss1_0 where pss1_0."player_id"=?
Hibernate: select s1_0."id",s1_0."is_current",s1_0."end_year",s1_0."league_id",s1_0."name",s1_0."next_round_number",s1_0."start_year" from "season" s1_0 where s1_0."is_current"
Hibernate: select c1_0."id",c1_0."city",c1_0."finance_id",c1_0."foundation",c1_0."league_id",c1_0."logourl",c1_0."medical_center_id",c1_0."name",c1_0."stadium_id",c1_0."team_id",c1_0."training_facility_id",c1_0."under18_id",c1_0."youth_academy_id" from "club" c1_0 where c1_0."team_id"=?
Hibernate: insert into "player_achievement" ("additional_data","club_id","date_achieved","description","player_id","season_id","title","type","id") values (?,?,?,?,?,?,?,?,default)
Hibernate: select c1_0."id",c1_0."city",c1_0."finance_id",c1_0."foundation",c1_0."league_id",c1_0."logourl",c1_0."medical_center_id",c1_0."name",c1_0."stadium_id",c1_0."team_id",c1_0."training_facility_id",c1_0."under18_id",c1_0."youth_academy_id" from "club" c1_0 where c1_0."team_id"=?
Hibernate: insert into "player_career_stats" ("clubs_played","cup_titles","first_goal","first_professional_match","highest_season_rating","highest_transfer_value","international_caps","international_goals","league_titles","longest_goal_streak","milestone100goals","milestone100matches","most_assists_in_season","most_goals_in_season","player_id","total_assists","total_clean_sheets","total_goals","total_matches_played","total_red_cards","total_transfer_value","total_yellow_cards","id") values (?,?,?,?,?,?,?,?,?,?,?,?,?,?,?,?,?,?,?,?,?,?,default)
Hibernate: select pss1_0."id",pss1_0."assists",pss1_0."average_condition",pss1_0."average_morale",pss1_0."average_rating",pss1_0."clean_sheets",pss1_0."club_id",pss1_0."fouls_committed",pss1_0."fouls_received",pss1_0."goals",pss1_0."goals_conceded",pss1_0."highest_rating",pss1_0."injury_count",pss1_0."injury_days",pss1_0."interceptions",pss1_0."league_id",pss1_0."lowest_rating",pss1_0."man_of_the_match_awards",pss1_0."matches_played",pss1_0."matches_started",pss1_0."minutes_played",pss1_0."passes",pss1_0."passes_completed",pss1_0."penalties_saved",pss1_0."player_id",pss1_0."red_cards",pss1_0."saves",pss1_0."season_id",pss1_0."shots",pss1_0."shots_on_target",pss1_0."substitutions_in",pss1_0."substitutions_out",pss1_0."tackles",pss1_0."yellow_cards" from "player_season_stats" pss1_0 where pss1_0."player_id"=?
Hibernate: select s1_0."id",s1_0."is_current",s1_0."end_year",s1_0."league_id",s1_0."name",s1_0."next_round_number",s1_0."start_year" from "season" s1_0 where s1_0."is_current"
Hibernate: select c1_0."id",c1_0."city",c1_0."finance_id",c1_0."foundation",c1_0."league_id",c1_0."logourl",c1_0."medical_center_id",c1_0."name",c1_0."stadium_id",c1_0."team_id",c1_0."training_facility_id",c1_0."under18_id",c1_0."youth_academy_id" from "club" c1_0 where c1_0."team_id"=?
Hibernate: insert into "player_achievement" ("additional_data","club_id","date_achieved","description","player_id","season_id","title","type","id") values (?,?,?,?,?,?,?,?,default)
Hibernate: select c1_0."id",c1_0."city",c1_0."finance_id",c1_0."foundation",c1_0."league_id",c1_0."logourl",c1_0."medical_center_id",c1_0."name",c1_0."stadium_id",c1_0."team_id",c1_0."training_facility_id",c1_0."under18_id",c1_0."youth_academy_id" from "club" c1_0 where c1_0."team_id"=?
Hibernate: insert into "player_career_stats" ("clubs_played","cup_titles","first_goal","first_professional_match","highest_season_rating","highest_transfer_value","international_caps","international_goals","league_titles","longest_goal_streak","milestone100goals","milestone100matches","most_assists_in_season","most_goals_in_season","player_id","total_assists","total_clean_sheets","total_goals","total_matches_played","total_red_cards","total_transfer_value","total_yellow_cards","id") values (?,?,?,?,?,?,?,?,?,?,?,?,?,?,?,?,?,?,?,?,?,?,default)
Hibernate: select pss1_0."id",pss1_0."assists",pss1_0."average_condition",pss1_0."average_morale",pss1_0."average_rating",pss1_0."clean_sheets",pss1_0."club_id",pss1_0."fouls_committed",pss1_0."fouls_received",pss1_0."goals",pss1_0."goals_conceded",pss1_0."highest_rating",pss1_0."injury_count",pss1_0."injury_days",pss1_0."interceptions",pss1_0."league_id",pss1_0."lowest_rating",pss1_0."man_of_the_match_awards",pss1_0."matches_played",pss1_0."matches_started",pss1_0."minutes_played",pss1_0."passes",pss1_0."passes_completed",pss1_0."penalties_saved",pss1_0."player_id",pss1_0."red_cards",pss1_0."saves",pss1_0."season_id",pss1_0."shots",pss1_0."shots_on_target",pss1_0."substitutions_in",pss1_0."substitutions_out",pss1_0."tackles",pss1_0."yellow_cards" from "player_season_stats" pss1_0 where pss1_0."player_id"=?
Hibernate: select c1_0."id",c1_0."city",c1_0."finance_id",c1_0."foundation",c1_0."league_id",c1_0."logourl",c1_0."medical_center_id",c1_0."name",c1_0."stadium_id",c1_0."team_id",c1_0."training_facility_id",c1_0."under18_id",c1_0."youth_academy_id" from "club" c1_0 where c1_0."team_id"=?
Hibernate: insert into "player_career_stats" ("clubs_played","cup_titles","first_goal","first_professional_match","highest_season_rating","highest_transfer_value","international_caps","international_goals","league_titles","longest_goal_streak","milestone100goals","milestone100matches","most_assists_in_season","most_goals_in_season","player_id","total_assists","total_clean_sheets","total_goals","total_matches_played","total_red_cards","total_transfer_value","total_yellow_cards","id") values (?,?,?,?,?,?,?,?,?,?,?,?,?,?,?,?,?,?,?,?,?,?,default)
Hibernate: select pss1_0."id",pss1_0."assists",pss1_0."average_condition",pss1_0."average_morale",pss1_0."average_rating",pss1_0."clean_sheets",pss1_0."club_id",pss1_0."fouls_committed",pss1_0."fouls_received",pss1_0."goals",pss1_0."goals_conceded",pss1_0."highest_rating",pss1_0."injury_count",pss1_0."injury_days",pss1_0."interceptions",pss1_0."league_id",pss1_0."lowest_rating",pss1_0."man_of_the_match_awards",pss1_0."matches_played",pss1_0."matches_started",pss1_0."minutes_played",pss1_0."passes",pss1_0."passes_completed",pss1_0."penalties_saved",pss1_0."player_id",pss1_0."red_cards",pss1_0."saves",pss1_0."season_id",pss1_0."shots",pss1_0."shots_on_target",pss1_0."substitutions_in",pss1_0."substitutions_out",pss1_0."tackles",pss1_0."yellow_cards" from "player_season_stats" pss1_0 where pss1_0."player_id"=?
Hibernate: select s1_0."id",s1_0."is_current",s1_0."end_year",s1_0."league_id",s1_0."name",s1_0."next_round_number",s1_0."start_year" from "season" s1_0 where s1_0."is_current"
Hibernate: select c1_0."id",c1_0."city",c1_0."finance_id",c1_0."foundation",c1_0."league_id",c1_0."logourl",c1_0."medical_center_id",c1_0."name",c1_0."stadium_id",c1_0."team_id",c1_0."training_facility_id",c1_0."under18_id",c1_0."youth_academy_id" from "club" c1_0 where c1_0."team_id"=?
Hibernate: insert into "player_achievement" ("additional_data","club_id","date_achieved","description","player_id","season_id","title","type","id") values (?,?,?,?,?,?,?,?,default)
Hibernate: select c1_0."id",c1_0."city",c1_0."finance_id",c1_0."foundation",c1_0."league_id",c1_0."logourl",c1_0."medical_center_id",c1_0."name",c1_0."stadium_id",c1_0."team_id",c1_0."training_facility_id",c1_0."under18_id",c1_0."youth_academy_id" from "club" c1_0 where c1_0."team_id"=?
Hibernate: insert into "player_career_stats" ("clubs_played","cup_titles","first_goal","first_professional_match","highest_season_rating","highest_transfer_value","international_caps","international_goals","league_titles","longest_goal_streak","milestone100goals","milestone100matches","most_assists_in_season","most_goals_in_season","player_id","total_assists","total_clean_sheets","total_goals","total_matches_played","total_red_cards","total_transfer_value","total_yellow_cards","id") values (?,?,?,?,?,?,?,?,?,?,?,?,?,?,?,?,?,?,?,?,?,?,default)
Hibernate: select pss1_0."id",pss1_0."assists",pss1_0."average_condition",pss1_0."average_morale",pss1_0."average_rating",pss1_0."clean_sheets",pss1_0."club_id",pss1_0."fouls_committed",pss1_0."fouls_received",pss1_0."goals",pss1_0."goals_conceded",pss1_0."highest_rating",pss1_0."injury_count",pss1_0."injury_days",pss1_0."interceptions",pss1_0."league_id",pss1_0."lowest_rating",pss1_0."man_of_the_match_awards",pss1_0."matches_played",pss1_0."matches_started",pss1_0."minutes_played",pss1_0."passes",pss1_0."passes_completed",pss1_0."penalties_saved",pss1_0."player_id",pss1_0."red_cards",pss1_0."saves",pss1_0."season_id",pss1_0."shots",pss1_0."shots_on_target",pss1_0."substitutions_in",pss1_0."substitutions_out",pss1_0."tackles",pss1_0."yellow_cards" from "player_season_stats" pss1_0 where pss1_0."player_id"=?
Hibernate: select c1_0."id",c1_0."city",c1_0."finance_id",c1_0."foundation",c1_0."league_id",c1_0."logourl",c1_0."medical_center_id",c1_0."name",c1_0."stadium_id",c1_0."team_id",c1_0."training_facility_id",c1_0."under18_id",c1_0."youth_academy_id" from "club" c1_0 where c1_0."team_id"=?
Hibernate: insert into "player_career_stats" ("clubs_played","cup_titles","first_goal","first_professional_match","highest_season_rating","highest_transfer_value","international_caps","international_goals","league_titles","longest_goal_streak","milestone100goals","milestone100matches","most_assists_in_season","most_goals_in_season","player_id","total_assists","total_clean_sheets","total_goals","total_matches_played","total_red_cards","total_transfer_value","total_yellow_cards","id") values (?,?,?,?,?,?,?,?,?,?,?,?,?,?,?,?,?,?,?,?,?,?,default)
Hibernate: select pss1_0."id",pss1_0."assists",pss1_0."average_condition",pss1_0."average_morale",pss1_0."average_rating",pss1_0."clean_sheets",pss1_0."club_id",pss1_0."fouls_committed",pss1_0."fouls_received",pss1_0."goals",pss1_0."goals_conceded",pss1_0."highest_rating",pss1_0."injury_count",pss1_0."injury_days",pss1_0."interceptions",pss1_0."league_id",pss1_0."lowest_rating",pss1_0."man_of_the_match_awards",pss1_0."matches_played",pss1_0."matches_started",pss1_0."minutes_played",pss1_0."passes",pss1_0."passes_completed",pss1_0."penalties_saved",pss1_0."player_id",pss1_0."red_cards",pss1_0."saves",pss1_0."season_id",pss1_0."shots",pss1_0."shots_on_target",pss1_0."substitutions_in",pss1_0."substitutions_out",pss1_0."tackles",pss1_0."yellow_cards" from "player_season_stats" pss1_0 where pss1_0."player_id"=?
Hibernate: select c1_0."id",c1_0."city",c1_0."finance_id",c1_0."foundation",c1_0."league_id",c1_0."logourl",c1_0."medical_center_id",c1_0."name",c1_0."stadium_id",c1_0."team_id",c1_0."training_facility_id",c1_0."under18_id",c1_0."youth_academy_id" from "club" c1_0 where c1_0."team_id"=?
Hibernate: insert into "player_career_stats" ("clubs_played","cup_titles","first_goal","first_professional_match","highest_season_rating","highest_transfer_value","international_caps","international_goals","league_titles","longest_goal_streak","milestone100goals","milestone100matches","most_assists_in_season","most_goals_in_season","player_id","total_assists","total_clean_sheets","total_goals","total_matches_played","total_red_cards","total_transfer_value","total_yellow_cards","id") values (?,?,?,?,?,?,?,?,?,?,?,?,?,?,?,?,?,?,?,?,?,?,default)
Hibernate: select pss1_0."id",pss1_0."assists",pss1_0."average_condition",pss1_0."average_morale",pss1_0."average_rating",pss1_0."clean_sheets",pss1_0."club_id",pss1_0."fouls_committed",pss1_0."fouls_received",pss1_0."goals",pss1_0."goals_conceded",pss1_0."highest_rating",pss1_0."injury_count",pss1_0."injury_days",pss1_0."interceptions",pss1_0."league_id",pss1_0."lowest_rating",pss1_0."man_of_the_match_awards",pss1_0."matches_played",pss1_0."matches_started",pss1_0."minutes_played",pss1_0."passes",pss1_0."passes_completed",pss1_0."penalties_saved",pss1_0."player_id",pss1_0."red_cards",pss1_0."saves",pss1_0."season_id",pss1_0."shots",pss1_0."shots_on_target",pss1_0."substitutions_in",pss1_0."substitutions_out",pss1_0."tackles",pss1_0."yellow_cards" from "player_season_stats" pss1_0 where pss1_0."player_id"=?
Hibernate: select c1_0."id",c1_0."city",c1_0."finance_id",c1_0."foundation",c1_0."league_id",c1_0."logourl",c1_0."medical_center_id",c1_0."name",c1_0."stadium_id",c1_0."team_id",c1_0."training_facility_id",c1_0."under18_id",c1_0."youth_academy_id" from "club" c1_0 where c1_0."team_id"=?
Hibernate: insert into "player_career_stats" ("clubs_played","cup_titles","first_goal","first_professional_match","highest_season_rating","highest_transfer_value","international_caps","international_goals","league_titles","longest_goal_streak","milestone100goals","milestone100matches","most_assists_in_season","most_goals_in_season","player_id","total_assists","total_clean_sheets","total_goals","total_matches_played","total_red_cards","total_transfer_value","total_yellow_cards","id") values (?,?,?,?,?,?,?,?,?,?,?,?,?,?,?,?,?,?,?,?,?,?,default)
Hibernate: select pss1_0."id",pss1_0."assists",pss1_0."average_condition",pss1_0."average_morale",pss1_0."average_rating",pss1_0."clean_sheets",pss1_0."club_id",pss1_0."fouls_committed",pss1_0."fouls_received",pss1_0."goals",pss1_0."goals_conceded",pss1_0."highest_rating",pss1_0."injury_count",pss1_0."injury_days",pss1_0."interceptions",pss1_0."league_id",pss1_0."lowest_rating",pss1_0."man_of_the_match_awards",pss1_0."matches_played",pss1_0."matches_started",pss1_0."minutes_played",pss1_0."passes",pss1_0."passes_completed",pss1_0."penalties_saved",pss1_0."player_id",pss1_0."red_cards",pss1_0."saves",pss1_0."season_id",pss1_0."shots",pss1_0."shots_on_target",pss1_0."substitutions_in",pss1_0."substitutions_out",pss1_0."tackles",pss1_0."yellow_cards" from "player_season_stats" pss1_0 where pss1_0."player_id"=?
Hibernate: select c1_0."id",c1_0."city",c1_0."finance_id",c1_0."foundation",c1_0."league_id",c1_0."logourl",c1_0."medical_center_id",c1_0."name",c1_0."stadium_id",c1_0."team_id",c1_0."training_facility_id",c1_0."under18_id",c1_0."youth_academy_id" from "club" c1_0 where c1_0."team_id"=?
Hibernate: insert into "player_career_stats" ("clubs_played","cup_titles","first_goal","first_professional_match","highest_season_rating","highest_transfer_value","international_caps","international_goals","league_titles","longest_goal_streak","milestone100goals","milestone100matches","most_assists_in_season","most_goals_in_season","player_id","total_assists","total_clean_sheets","total_goals","total_matches_played","total_red_cards","total_transfer_value","total_yellow_cards","id") values (?,?,?,?,?,?,?,?,?,?,?,?,?,?,?,?,?,?,?,?,?,?,default)
Hibernate: select pss1_0."id",pss1_0."assists",pss1_0."average_condition",pss1_0."average_morale",pss1_0."average_rating",pss1_0."clean_sheets",pss1_0."club_id",pss1_0."fouls_committed",pss1_0."fouls_received",pss1_0."goals",pss1_0."goals_conceded",pss1_0."highest_rating",pss1_0."injury_count",pss1_0."injury_days",pss1_0."interceptions",pss1_0."league_id",pss1_0."lowest_rating",pss1_0."man_of_the_match_awards",pss1_0."matches_played",pss1_0."matches_started",pss1_0."minutes_played",pss1_0."passes",pss1_0."passes_completed",pss1_0."penalties_saved",pss1_0."player_id",pss1_0."red_cards",pss1_0."saves",pss1_0."season_id",pss1_0."shots",pss1_0."shots_on_target",pss1_0."substitutions_in",pss1_0."substitutions_out",pss1_0."tackles",pss1_0."yellow_cards" from "player_season_stats" pss1_0 where pss1_0."player_id"=?
Hibernate: select c1_0."id",c1_0."city",c1_0."finance_id",c1_0."foundation",c1_0."league_id",c1_0."logourl",c1_0."medical_center_id",c1_0."name",c1_0."stadium_id",c1_0."team_id",c1_0."training_facility_id",c1_0."under18_id",c1_0."youth_academy_id" from "club" c1_0 where c1_0."team_id"=?
Hibernate: insert into "player_career_stats" ("clubs_played","cup_titles","first_goal","first_professional_match","highest_season_rating","highest_transfer_value","international_caps","international_goals","league_titles","longest_goal_streak","milestone100goals","milestone100matches","most_assists_in_season","most_goals_in_season","player_id","total_assists","total_clean_sheets","total_goals","total_matches_played","total_red_cards","total_transfer_value","total_yellow_cards","id") values (?,?,?,?,?,?,?,?,?,?,?,?,?,?,?,?,?,?,?,?,?,?,default)
Hibernate: select pss1_0."id",pss1_0."assists",pss1_0."average_condition",pss1_0."average_morale",pss1_0."average_rating",pss1_0."clean_sheets",pss1_0."club_id",pss1_0."fouls_committed",pss1_0."fouls_received",pss1_0."goals",pss1_0."goals_conceded",pss1_0."highest_rating",pss1_0."injury_count",pss1_0."injury_days",pss1_0."interceptions",pss1_0."league_id",pss1_0."lowest_rating",pss1_0."man_of_the_match_awards",pss1_0."matches_played",pss1_0."matches_started",pss1_0."minutes_played",pss1_0."passes",pss1_0."passes_completed",pss1_0."penalties_saved",pss1_0."player_id",pss1_0."red_cards",pss1_0."saves",pss1_0."season_id",pss1_0."shots",pss1_0."shots_on_target",pss1_0."substitutions_in",pss1_0."substitutions_out",pss1_0."tackles",pss1_0."yellow_cards" from "player_season_stats" pss1_0 where pss1_0."player_id"=?
Hibernate: select c1_0."id",c1_0."city",c1_0."finance_id",c1_0."foundation",c1_0."league_id",c1_0."logourl",c1_0."medical_center_id",c1_0."name",c1_0."stadium_id",c1_0."team_id",c1_0."training_facility_id",c1_0."under18_id",c1_0."youth_academy_id" from "club" c1_0 where c1_0."team_id"=?
Hibernate: insert into "player_career_stats" ("clubs_played","cup_titles","first_goal","first_professional_match","highest_season_rating","highest_transfer_value","international_caps","international_goals","league_titles","longest_goal_streak","milestone100goals","milestone100matches","most_assists_in_season","most_goals_in_season","player_id","total_assists","total_clean_sheets","total_goals","total_matches_played","total_red_cards","total_transfer_value","total_yellow_cards","id") values (?,?,?,?,?,?,?,?,?,?,?,?,?,?,?,?,?,?,?,?,?,?,default)
Hibernate: select pss1_0."id",pss1_0."assists",pss1_0."average_condition",pss1_0."average_morale",pss1_0."average_rating",pss1_0."clean_sheets",pss1_0."club_id",pss1_0."fouls_committed",pss1_0."fouls_received",pss1_0."goals",pss1_0."goals_conceded",pss1_0."highest_rating",pss1_0."injury_count",pss1_0."injury_days",pss1_0."interceptions",pss1_0."league_id",pss1_0."lowest_rating",pss1_0."man_of_the_match_awards",pss1_0."matches_played",pss1_0."matches_started",pss1_0."minutes_played",pss1_0."passes",pss1_0."passes_completed",pss1_0."penalties_saved",pss1_0."player_id",pss1_0."red_cards",pss1_0."saves",pss1_0."season_id",pss1_0."shots",pss1_0."shots_on_target",pss1_0."substitutions_in",pss1_0."substitutions_out",pss1_0."tackles",pss1_0."yellow_cards" from "player_season_stats" pss1_0 where pss1_0."player_id"=?
Hibernate: select c1_0."id",c1_0."city",c1_0."finance_id",c1_0."foundation",c1_0."league_id",c1_0."logourl",c1_0."medical_center_id",c1_0."name",c1_0."stadium_id",c1_0."team_id",c1_0."training_facility_id",c1_0."under18_id",c1_0."youth_academy_id" from "club" c1_0 where c1_0."team_id"=?
Hibernate: insert into "player_career_stats" ("clubs_played","cup_titles","first_goal","first_professional_match","highest_season_rating","highest_transfer_value","international_caps","international_goals","league_titles","longest_goal_streak","milestone100goals","milestone100matches","most_assists_in_season","most_goals_in_season","player_id","total_assists","total_clean_sheets","total_goals","total_matches_played","total_red_cards","total_transfer_value","total_yellow_cards","id") values (?,?,?,?,?,?,?,?,?,?,?,?,?,?,?,?,?,?,?,?,?,?,default)
Hibernate: select pss1_0."id",pss1_0."assists",pss1_0."average_condition",pss1_0."average_morale",pss1_0."average_rating",pss1_0."clean_sheets",pss1_0."club_id",pss1_0."fouls_committed",pss1_0."fouls_received",pss1_0."goals",pss1_0."goals_conceded",pss1_0."highest_rating",pss1_0."injury_count",pss1_0."injury_days",pss1_0."interceptions",pss1_0."league_id",pss1_0."lowest_rating",pss1_0."man_of_the_match_awards",pss1_0."matches_played",pss1_0."matches_started",pss1_0."minutes_played",pss1_0."passes",pss1_0."passes_completed",pss1_0."penalties_saved",pss1_0."player_id",pss1_0."red_cards",pss1_0."saves",pss1_0."season_id",pss1_0."shots",pss1_0."shots_on_target",pss1_0."substitutions_in",pss1_0."substitutions_out",pss1_0."tackles",pss1_0."yellow_cards" from "player_season_stats" pss1_0 where pss1_0."player_id"=?
Hibernate: select c1_0."id",c1_0."city",c1_0."finance_id",c1_0."foundation",c1_0."league_id",c1_0."logourl",c1_0."medical_center_id",c1_0."name",c1_0."stadium_id",c1_0."team_id",c1_0."training_facility_id",c1_0."under18_id",c1_0."youth_academy_id" from "club" c1_0 where c1_0."team_id"=?
Hibernate: insert into "player_career_stats" ("clubs_played","cup_titles","first_goal","first_professional_match","highest_season_rating","highest_transfer_value","international_caps","international_goals","league_titles","longest_goal_streak","milestone100goals","milestone100matches","most_assists_in_season","most_goals_in_season","player_id","total_assists","total_clean_sheets","total_goals","total_matches_played","total_red_cards","total_transfer_value","total_yellow_cards","id") values (?,?,?,?,?,?,?,?,?,?,?,?,?,?,?,?,?,?,?,?,?,?,default)
Hibernate: select pss1_0."id",pss1_0."assists",pss1_0."average_condition",pss1_0."average_morale",pss1_0."average_rating",pss1_0."clean_sheets",pss1_0."club_id",pss1_0."fouls_committed",pss1_0."fouls_received",pss1_0."goals",pss1_0."goals_conceded",pss1_0."highest_rating",pss1_0."injury_count",pss1_0."injury_days",pss1_0."interceptions",pss1_0."league_id",pss1_0."lowest_rating",pss1_0."man_of_the_match_awards",pss1_0."matches_played",pss1_0."matches_started",pss1_0."minutes_played",pss1_0."passes",pss1_0."passes_completed",pss1_0."penalties_saved",pss1_0."player_id",pss1_0."red_cards",pss1_0."saves",pss1_0."season_id",pss1_0."shots",pss1_0."shots_on_target",pss1_0."substitutions_in",pss1_0."substitutions_out",pss1_0."tackles",pss1_0."yellow_cards" from "player_season_stats" pss1_0 where pss1_0."player_id"=?
Hibernate: select c1_0."id",c1_0."city",c1_0."finance_id",c1_0."foundation",c1_0."league_id",c1_0."logourl",c1_0."medical_center_id",c1_0."name",c1_0."stadium_id",c1_0."team_id",c1_0."training_facility_id",c1_0."under18_id",c1_0."youth_academy_id" from "club" c1_0 where c1_0."team_id"=?
Hibernate: insert into "player_career_stats" ("clubs_played","cup_titles","first_goal","first_professional_match","highest_season_rating","highest_transfer_value","international_caps","international_goals","league_titles","longest_goal_streak","milestone100goals","milestone100matches","most_assists_in_season","most_goals_in_season","player_id","total_assists","total_clean_sheets","total_goals","total_matches_played","total_red_cards","total_transfer_value","total_yellow_cards","id") values (?,?,?,?,?,?,?,?,?,?,?,?,?,?,?,?,?,?,?,?,?,?,default)
Hibernate: select pss1_0."id",pss1_0."assists",pss1_0."average_condition",pss1_0."average_morale",pss1_0."average_rating",pss1_0."clean_sheets",pss1_0."club_id",pss1_0."fouls_committed",pss1_0."fouls_received",pss1_0."goals",pss1_0."goals_conceded",pss1_0."highest_rating",pss1_0."injury_count",pss1_0."injury_days",pss1_0."interceptions",pss1_0."league_id",pss1_0."lowest_rating",pss1_0."man_of_the_match_awards",pss1_0."matches_played",pss1_0."matches_started",pss1_0."minutes_played",pss1_0."passes",pss1_0."passes_completed",pss1_0."penalties_saved",pss1_0."player_id",pss1_0."red_cards",pss1_0."saves",pss1_0."season_id",pss1_0."shots",pss1_0."shots_on_target",pss1_0."substitutions_in",pss1_0."substitutions_out",pss1_0."tackles",pss1_0."yellow_cards" from "player_season_stats" pss1_0 where pss1_0."player_id"=?
Hibernate: select c1_0."id",c1_0."city",c1_0."finance_id",c1_0."foundation",c1_0."league_id",c1_0."logourl",c1_0."medical_center_id",c1_0."name",c1_0."stadium_id",c1_0."team_id",c1_0."training_facility_id",c1_0."under18_id",c1_0."youth_academy_id" from "club" c1_0 where c1_0."team_id"=?
Hibernate: insert into "player_career_stats" ("clubs_played","cup_titles","first_goal","first_professional_match","highest_season_rating","highest_transfer_value","international_caps","international_goals","league_titles","longest_goal_streak","milestone100goals","milestone100matches","most_assists_in_season","most_goals_in_season","player_id","total_assists","total_clean_sheets","total_goals","total_matches_played","total_red_cards","total_transfer_value","total_yellow_cards","id") values (?,?,?,?,?,?,?,?,?,?,?,?,?,?,?,?,?,?,?,?,?,?,default)
Hibernate: select pss1_0."id",pss1_0."assists",pss1_0."average_condition",pss1_0."average_morale",pss1_0."average_rating",pss1_0."clean_sheets",pss1_0."club_id",pss1_0."fouls_committed",pss1_0."fouls_received",pss1_0."goals",pss1_0."goals_conceded",pss1_0."highest_rating",pss1_0."injury_count",pss1_0."injury_days",pss1_0."interceptions",pss1_0."league_id",pss1_0."lowest_rating",pss1_0."man_of_the_match_awards",pss1_0."matches_played",pss1_0."matches_started",pss1_0."minutes_played",pss1_0."passes",pss1_0."passes_completed",pss1_0."penalties_saved",pss1_0."player_id",pss1_0."red_cards",pss1_0."saves",pss1_0."season_id",pss1_0."shots",pss1_0."shots_on_target",pss1_0."substitutions_in",pss1_0."substitutions_out",pss1_0."tackles",pss1_0."yellow_cards" from "player_season_stats" pss1_0 where pss1_0."player_id"=?
Hibernate: select c1_0."id",c1_0."city",c1_0."finance_id",c1_0."foundation",c1_0."league_id",c1_0."logourl",c1_0."medical_center_id",c1_0."name",c1_0."stadium_id",c1_0."team_id",c1_0."training_facility_id",c1_0."under18_id",c1_0."youth_academy_id" from "club" c1_0 where c1_0."team_id"=?
Hibernate: insert into "player_career_stats" ("clubs_played","cup_titles","first_goal","first_professional_match","highest_season_rating","highest_transfer_value","international_caps","international_goals","league_titles","longest_goal_streak","milestone100goals","milestone100matches","most_assists_in_season","most_goals_in_season","player_id","total_assists","total_clean_sheets","total_goals","total_matches_played","total_red_cards","total_transfer_value","total_yellow_cards","id") values (?,?,?,?,?,?,?,?,?,?,?,?,?,?,?,?,?,?,?,?,?,?,default)
Hibernate: select pss1_0."id",pss1_0."assists",pss1_0."average_condition",pss1_0."average_morale",pss1_0."average_rating",pss1_0."clean_sheets",pss1_0."club_id",pss1_0."fouls_committed",pss1_0."fouls_received",pss1_0."goals",pss1_0."goals_conceded",pss1_0."highest_rating",pss1_0."injury_count",pss1_0."injury_days",pss1_0."interceptions",pss1_0."league_id",pss1_0."lowest_rating",pss1_0."man_of_the_match_awards",pss1_0."matches_played",pss1_0."matches_started",pss1_0."minutes_played",pss1_0."passes",pss1_0."passes_completed",pss1_0."penalties_saved",pss1_0."player_id",pss1_0."red_cards",pss1_0."saves",pss1_0."season_id",pss1_0."shots",pss1_0."shots_on_target",pss1_0."substitutions_in",pss1_0."substitutions_out",pss1_0."tackles",pss1_0."yellow_cards" from "player_season_stats" pss1_0 where pss1_0."player_id"=?
Hibernate: select c1_0."id",c1_0."city",c1_0."finance_id",c1_0."foundation",c1_0."league_id",c1_0."logourl",c1_0."medical_center_id",c1_0."name",c1_0."stadium_id",c1_0."team_id",c1_0."training_facility_id",c1_0."under18_id",c1_0."youth_academy_id" from "club" c1_0 where c1_0."team_id"=?
Hibernate: insert into "player_career_stats" ("clubs_played","cup_titles","first_goal","first_professional_match","highest_season_rating","highest_transfer_value","international_caps","international_goals","league_titles","longest_goal_streak","milestone100goals","milestone100matches","most_assists_in_season","most_goals_in_season","player_id","total_assists","total_clean_sheets","total_goals","total_matches_played","total_red_cards","total_transfer_value","total_yellow_cards","id") values (?,?,?,?,?,?,?,?,?,?,?,?,?,?,?,?,?,?,?,?,?,?,default)
Hibernate: select pss1_0."id",pss1_0."assists",pss1_0."average_condition",pss1_0."average_morale",pss1_0."average_rating",pss1_0."clean_sheets",pss1_0."club_id",pss1_0."fouls_committed",pss1_0."fouls_received",pss1_0."goals",pss1_0."goals_conceded",pss1_0."highest_rating",pss1_0."injury_count",pss1_0."injury_days",pss1_0."interceptions",pss1_0."league_id",pss1_0."lowest_rating",pss1_0."man_of_the_match_awards",pss1_0."matches_played",pss1_0."matches_started",pss1_0."minutes_played",pss1_0."passes",pss1_0."passes_completed",pss1_0."penalties_saved",pss1_0."player_id",pss1_0."red_cards",pss1_0."saves",pss1_0."season_id",pss1_0."shots",pss1_0."shots_on_target",pss1_0."substitutions_in",pss1_0."substitutions_out",pss1_0."tackles",pss1_0."yellow_cards" from "player_season_stats" pss1_0 where pss1_0."player_id"=?
Hibernate: select c1_0."id",c1_0."city",c1_0."finance_id",c1_0."foundation",c1_0."league_id",c1_0."logourl",c1_0."medical_center_id",c1_0."name",c1_0."stadium_id",c1_0."team_id",c1_0."training_facility_id",c1_0."under18_id",c1_0."youth_academy_id" from "club" c1_0 where c1_0."team_id"=?
Hibernate: insert into "player_career_stats" ("clubs_played","cup_titles","first_goal","first_professional_match","highest_season_rating","highest_transfer_value","international_caps","international_goals","league_titles","longest_goal_streak","milestone100goals","milestone100matches","most_assists_in_season","most_goals_in_season","player_id","total_assists","total_clean_sheets","total_goals","total_matches_played","total_red_cards","total_transfer_value","total_yellow_cards","id") values (?,?,?,?,?,?,?,?,?,?,?,?,?,?,?,?,?,?,?,?,?,?,default)
Hibernate: select pss1_0."id",pss1_0."assists",pss1_0."average_condition",pss1_0."average_morale",pss1_0."average_rating",pss1_0."clean_sheets",pss1_0."club_id",pss1_0."fouls_committed",pss1_0."fouls_received",pss1_0."goals",pss1_0."goals_conceded",pss1_0."highest_rating",pss1_0."injury_count",pss1_0."injury_days",pss1_0."interceptions",pss1_0."league_id",pss1_0."lowest_rating",pss1_0."man_of_the_match_awards",pss1_0."matches_played",pss1_0."matches_started",pss1_0."minutes_played",pss1_0."passes",pss1_0."passes_completed",pss1_0."penalties_saved",pss1_0."player_id",pss1_0."red_cards",pss1_0."saves",pss1_0."season_id",pss1_0."shots",pss1_0."shots_on_target",pss1_0."substitutions_in",pss1_0."substitutions_out",pss1_0."tackles",pss1_0."yellow_cards" from "player_season_stats" pss1_0 where pss1_0."player_id"=?
Hibernate: select c1_0."id",c1_0."city",c1_0."finance_id",c1_0."foundation",c1_0."league_id",c1_0."logourl",c1_0."medical_center_id",c1_0."name",c1_0."stadium_id",c1_0."team_id",c1_0."training_facility_id",c1_0."under18_id",c1_0."youth_academy_id" from "club" c1_0 where c1_0."team_id"=?
Hibernate: insert into "player_career_stats" ("clubs_played","cup_titles","first_goal","first_professional_match","highest_season_rating","highest_transfer_value","international_caps","international_goals","league_titles","longest_goal_streak","milestone100goals","milestone100matches","most_assists_in_season","most_goals_in_season","player_id","total_assists","total_clean_sheets","total_goals","total_matches_played","total_red_cards","total_transfer_value","total_yellow_cards","id") values (?,?,?,?,?,?,?,?,?,?,?,?,?,?,?,?,?,?,?,?,?,?,default)
Hibernate: select pss1_0."id",pss1_0."assists",pss1_0."average_condition",pss1_0."average_morale",pss1_0."average_rating",pss1_0."clean_sheets",pss1_0."club_id",pss1_0."fouls_committed",pss1_0."fouls_received",pss1_0."goals",pss1_0."goals_conceded",pss1_0."highest_rating",pss1_0."injury_count",pss1_0."injury_days",pss1_0."interceptions",pss1_0."league_id",pss1_0."lowest_rating",pss1_0."man_of_the_match_awards",pss1_0."matches_played",pss1_0."matches_started",pss1_0."minutes_played",pss1_0."passes",pss1_0."passes_completed",pss1_0."penalties_saved",pss1_0."player_id",pss1_0."red_cards",pss1_0."saves",pss1_0."season_id",pss1_0."shots",pss1_0."shots_on_target",pss1_0."substitutions_in",pss1_0."substitutions_out",pss1_0."tackles",pss1_0."yellow_cards" from "player_season_stats" pss1_0 where pss1_0."player_id"=?
Hibernate: select c1_0."id",c1_0."city",c1_0."finance_id",c1_0."foundation",c1_0."league_id",c1_0."logourl",c1_0."medical_center_id",c1_0."name",c1_0."stadium_id",c1_0."team_id",c1_0."training_facility_id",c1_0."under18_id",c1_0."youth_academy_id" from "club" c1_0 where c1_0."team_id"=?
Hibernate: insert into "player_career_stats" ("clubs_played","cup_titles","first_goal","first_professional_match","highest_season_rating","highest_transfer_value","international_caps","international_goals","league_titles","longest_goal_streak","milestone100goals","milestone100matches","most_assists_in_season","most_goals_in_season","player_id","total_assists","total_clean_sheets","total_goals","total_matches_played","total_red_cards","total_transfer_value","total_yellow_cards","id") values (?,?,?,?,?,?,?,?,?,?,?,?,?,?,?,?,?,?,?,?,?,?,default)
Hibernate: select pss1_0."id",pss1_0."assists",pss1_0."average_condition",pss1_0."average_morale",pss1_0."average_rating",pss1_0."clean_sheets",pss1_0."club_id",pss1_0."fouls_committed",pss1_0."fouls_received",pss1_0."goals",pss1_0."goals_conceded",pss1_0."highest_rating",pss1_0."injury_count",pss1_0."injury_days",pss1_0."interceptions",pss1_0."league_id",pss1_0."lowest_rating",pss1_0."man_of_the_match_awards",pss1_0."matches_played",pss1_0."matches_started",pss1_0."minutes_played",pss1_0."passes",pss1_0."passes_completed",pss1_0."penalties_saved",pss1_0."player_id",pss1_0."red_cards",pss1_0."saves",pss1_0."season_id",pss1_0."shots",pss1_0."shots_on_target",pss1_0."substitutions_in",pss1_0."substitutions_out",pss1_0."tackles",pss1_0."yellow_cards" from "player_season_stats" pss1_0 where pss1_0."player_id"=?
Hibernate: select s1_0."id",s1_0."is_current",s1_0."end_year",s1_0."league_id",s1_0."name",s1_0."next_round_number",s1_0."start_year" from "season" s1_0 where s1_0."is_current"
Hibernate: select c1_0."id",c1_0."city",c1_0."finance_id",c1_0."foundation",c1_0."league_id",c1_0."logourl",c1_0."medical_center_id",c1_0."name",c1_0."stadium_id",c1_0."team_id",c1_0."training_facility_id",c1_0."under18_id",c1_0."youth_academy_id" from "club" c1_0 where c1_0."team_id"=?
Hibernate: insert into "player_achievement" ("additional_data","club_id","date_achieved","description","player_id","season_id","title","type","id") values (?,?,?,?,?,?,?,?,default)
Hibernate: select c1_0."id",c1_0."city",c1_0."finance_id",c1_0."foundation",c1_0."league_id",c1_0."logourl",c1_0."medical_center_id",c1_0."name",c1_0."stadium_id",c1_0."team_id",c1_0."training_facility_id",c1_0."under18_id",c1_0."youth_academy_id" from "club" c1_0 where c1_0."team_id"=?
Hibernate: insert into "player_career_stats" ("clubs_played","cup_titles","first_goal","first_professional_match","highest_season_rating","highest_transfer_value","international_caps","international_goals","league_titles","longest_goal_streak","milestone100goals","milestone100matches","most_assists_in_season","most_goals_in_season","player_id","total_assists","total_clean_sheets","total_goals","total_matches_played","total_red_cards","total_transfer_value","total_yellow_cards","id") values (?,?,?,?,?,?,?,?,?,?,?,?,?,?,?,?,?,?,?,?,?,?,default)
Hibernate: select pss1_0."id",pss1_0."assists",pss1_0."average_condition",pss1_0."average_morale",pss1_0."average_rating",pss1_0."clean_sheets",pss1_0."club_id",pss1_0."fouls_committed",pss1_0."fouls_received",pss1_0."goals",pss1_0."goals_conceded",pss1_0."highest_rating",pss1_0."injury_count",pss1_0."injury_days",pss1_0."interceptions",pss1_0."league_id",pss1_0."lowest_rating",pss1_0."man_of_the_match_awards",pss1_0."matches_played",pss1_0."matches_started",pss1_0."minutes_played",pss1_0."passes",pss1_0."passes_completed",pss1_0."penalties_saved",pss1_0."player_id",pss1_0."red_cards",pss1_0."saves",pss1_0."season_id",pss1_0."shots",pss1_0."shots_on_target",pss1_0."substitutions_in",pss1_0."substitutions_out",pss1_0."tackles",pss1_0."yellow_cards" from "player_season_stats" pss1_0 where pss1_0."player_id"=?
Hibernate: select c1_0."id",c1_0."city",c1_0."finance_id",c1_0."foundation",c1_0."league_id",c1_0."logourl",c1_0."medical_center_id",c1_0."name",c1_0."stadium_id",c1_0."team_id",c1_0."training_facility_id",c1_0."under18_id",c1_0."youth_academy_id" from "club" c1_0 where c1_0."team_id"=?
Hibernate: insert into "player_career_stats" ("clubs_played","cup_titles","first_goal","first_professional_match","highest_season_rating","highest_transfer_value","international_caps","international_goals","league_titles","longest_goal_streak","milestone100goals","milestone100matches","most_assists_in_season","most_goals_in_season","player_id","total_assists","total_clean_sheets","total_goals","total_matches_played","total_red_cards","total_transfer_value","total_yellow_cards","id") values (?,?,?,?,?,?,?,?,?,?,?,?,?,?,?,?,?,?,?,?,?,?,default)
Hibernate: select pss1_0."id",pss1_0."assists",pss1_0."average_condition",pss1_0."average_morale",pss1_0."average_rating",pss1_0."clean_sheets",pss1_0."club_id",pss1_0."fouls_committed",pss1_0."fouls_received",pss1_0."goals",pss1_0."goals_conceded",pss1_0."highest_rating",pss1_0."injury_count",pss1_0."injury_days",pss1_0."interceptions",pss1_0."league_id",pss1_0."lowest_rating",pss1_0."man_of_the_match_awards",pss1_0."matches_played",pss1_0."matches_started",pss1_0."minutes_played",pss1_0."passes",pss1_0."passes_completed",pss1_0."penalties_saved",pss1_0."player_id",pss1_0."red_cards",pss1_0."saves",pss1_0."season_id",pss1_0."shots",pss1_0."shots_on_target",pss1_0."substitutions_in",pss1_0."substitutions_out",pss1_0."tackles",pss1_0."yellow_cards" from "player_season_stats" pss1_0 where pss1_0."player_id"=?
Hibernate: select c1_0."id",c1_0."city",c1_0."finance_id",c1_0."foundation",c1_0."league_id",c1_0."logourl",c1_0."medical_center_id",c1_0."name",c1_0."stadium_id",c1_0."team_id",c1_0."training_facility_id",c1_0."under18_id",c1_0."youth_academy_id" from "club" c1_0 where c1_0."team_id"=?
Hibernate: insert into "player_career_stats" ("clubs_played","cup_titles","first_goal","first_professional_match","highest_season_rating","highest_transfer_value","international_caps","international_goals","league_titles","longest_goal_streak","milestone100goals","milestone100matches","most_assists_in_season","most_goals_in_season","player_id","total_assists","total_clean_sheets","total_goals","total_matches_played","total_red_cards","total_transfer_value","total_yellow_cards","id") values (?,?,?,?,?,?,?,?,?,?,?,?,?,?,?,?,?,?,?,?,?,?,default)
Hibernate: select pss1_0."id",pss1_0."assists",pss1_0."average_condition",pss1_0."average_morale",pss1_0."average_rating",pss1_0."clean_sheets",pss1_0."club_id",pss1_0."fouls_committed",pss1_0."fouls_received",pss1_0."goals",pss1_0."goals_conceded",pss1_0."highest_rating",pss1_0."injury_count",pss1_0."injury_days",pss1_0."interceptions",pss1_0."league_id",pss1_0."lowest_rating",pss1_0."man_of_the_match_awards",pss1_0."matches_played",pss1_0."matches_started",pss1_0."minutes_played",pss1_0."passes",pss1_0."passes_completed",pss1_0."penalties_saved",pss1_0."player_id",pss1_0."red_cards",pss1_0."saves",pss1_0."season_id",pss1_0."shots",pss1_0."shots_on_target",pss1_0."substitutions_in",pss1_0."substitutions_out",pss1_0."tackles",pss1_0."yellow_cards" from "player_season_stats" pss1_0 where pss1_0."player_id"=?
Hibernate: select c1_0."id",c1_0."city",c1_0."finance_id",c1_0."foundation",c1_0."league_id",c1_0."logourl",c1_0."medical_center_id",c1_0."name",c1_0."stadium_id",c1_0."team_id",c1_0."training_facility_id",c1_0."under18_id",c1_0."youth_academy_id" from "club" c1_0 where c1_0."team_id"=?
Hibernate: insert into "player_career_stats" ("clubs_played","cup_titles","first_goal","first_professional_match","highest_season_rating","highest_transfer_value","international_caps","international_goals","league_titles","longest_goal_streak","milestone100goals","milestone100matches","most_assists_in_season","most_goals_in_season","player_id","total_assists","total_clean_sheets","total_goals","total_matches_played","total_red_cards","total_transfer_value","total_yellow_cards","id") values (?,?,?,?,?,?,?,?,?,?,?,?,?,?,?,?,?,?,?,?,?,?,default)
Hibernate: select pss1_0."id",pss1_0."assists",pss1_0."average_condition",pss1_0."average_morale",pss1_0."average_rating",pss1_0."clean_sheets",pss1_0."club_id",pss1_0."fouls_committed",pss1_0."fouls_received",pss1_0."goals",pss1_0."goals_conceded",pss1_0."highest_rating",pss1_0."injury_count",pss1_0."injury_days",pss1_0."interceptions",pss1_0."league_id",pss1_0."lowest_rating",pss1_0."man_of_the_match_awards",pss1_0."matches_played",pss1_0."matches_started",pss1_0."minutes_played",pss1_0."passes",pss1_0."passes_completed",pss1_0."penalties_saved",pss1_0."player_id",pss1_0."red_cards",pss1_0."saves",pss1_0."season_id",pss1_0."shots",pss1_0."shots_on_target",pss1_0."substitutions_in",pss1_0."substitutions_out",pss1_0."tackles",pss1_0."yellow_cards" from "player_season_stats" pss1_0 where pss1_0."player_id"=?
Hibernate: select c1_0."id",c1_0."city",c1_0."finance_id",c1_0."foundation",c1_0."league_id",c1_0."logourl",c1_0."medical_center_id",c1_0."name",c1_0."stadium_id",c1_0."team_id",c1_0."training_facility_id",c1_0."under18_id",c1_0."youth_academy_id" from "club" c1_0 where c1_0."team_id"=?
Hibernate: insert into "player_career_stats" ("clubs_played","cup_titles","first_goal","first_professional_match","highest_season_rating","highest_transfer_value","international_caps","international_goals","league_titles","longest_goal_streak","milestone100goals","milestone100matches","most_assists_in_season","most_goals_in_season","player_id","total_assists","total_clean_sheets","total_goals","total_matches_played","total_red_cards","total_transfer_value","total_yellow_cards","id") values (?,?,?,?,?,?,?,?,?,?,?,?,?,?,?,?,?,?,?,?,?,?,default)
Hibernate: select pss1_0."id",pss1_0."assists",pss1_0."average_condition",pss1_0."average_morale",pss1_0."average_rating",pss1_0."clean_sheets",pss1_0."club_id",pss1_0."fouls_committed",pss1_0."fouls_received",pss1_0."goals",pss1_0."goals_conceded",pss1_0."highest_rating",pss1_0."injury_count",pss1_0."injury_days",pss1_0."interceptions",pss1_0."league_id",pss1_0."lowest_rating",pss1_0."man_of_the_match_awards",pss1_0."matches_played",pss1_0."matches_started",pss1_0."minutes_played",pss1_0."passes",pss1_0."passes_completed",pss1_0."penalties_saved",pss1_0."player_id",pss1_0."red_cards",pss1_0."saves",pss1_0."season_id",pss1_0."shots",pss1_0."shots_on_target",pss1_0."substitutions_in",pss1_0."substitutions_out",pss1_0."tackles",pss1_0."yellow_cards" from "player_season_stats" pss1_0 where pss1_0."player_id"=?
Hibernate: select c1_0."id",c1_0."city",c1_0."finance_id",c1_0."foundation",c1_0."league_id",c1_0."logourl",c1_0."medical_center_id",c1_0."name",c1_0."stadium_id",c1_0."team_id",c1_0."training_facility_id",c1_0."under18_id",c1_0."youth_academy_id" from "club" c1_0 where c1_0."team_id"=?
Hibernate: insert into "player_career_stats" ("clubs_played","cup_titles","first_goal","first_professional_match","highest_season_rating","highest_transfer_value","international_caps","international_goals","league_titles","longest_goal_streak","milestone100goals","milestone100matches","most_assists_in_season","most_goals_in_season","player_id","total_assists","total_clean_sheets","total_goals","total_matches_played","total_red_cards","total_transfer_value","total_yellow_cards","id") values (?,?,?,?,?,?,?,?,?,?,?,?,?,?,?,?,?,?,?,?,?,?,default)
Hibernate: select pss1_0."id",pss1_0."assists",pss1_0."average_condition",pss1_0."average_morale",pss1_0."average_rating",pss1_0."clean_sheets",pss1_0."club_id",pss1_0."fouls_committed",pss1_0."fouls_received",pss1_0."goals",pss1_0."goals_conceded",pss1_0."highest_rating",pss1_0."injury_count",pss1_0."injury_days",pss1_0."interceptions",pss1_0."league_id",pss1_0."lowest_rating",pss1_0."man_of_the_match_awards",pss1_0."matches_played",pss1_0."matches_started",pss1_0."minutes_played",pss1_0."passes",pss1_0."passes_completed",pss1_0."penalties_saved",pss1_0."player_id",pss1_0."red_cards",pss1_0."saves",pss1_0."season_id",pss1_0."shots",pss1_0."shots_on_target",pss1_0."substitutions_in",pss1_0."substitutions_out",pss1_0."tackles",pss1_0."yellow_cards" from "player_season_stats" pss1_0 where pss1_0."player_id"=?
Hibernate: select c1_0."id",c1_0."city",c1_0."finance_id",c1_0."foundation",c1_0."league_id",c1_0."logourl",c1_0."medical_center_id",c1_0."name",c1_0."stadium_id",c1_0."team_id",c1_0."training_facility_id",c1_0."under18_id",c1_0."youth_academy_id" from "club" c1_0 where c1_0."team_id"=?
Hibernate: insert into "player_career_stats" ("clubs_played","cup_titles","first_goal","first_professional_match","highest_season_rating","highest_transfer_value","international_caps","international_goals","league_titles","longest_goal_streak","milestone100goals","milestone100matches","most_assists_in_season","most_goals_in_season","player_id","total_assists","total_clean_sheets","total_goals","total_matches_played","total_red_cards","total_transfer_value","total_yellow_cards","id") values (?,?,?,?,?,?,?,?,?,?,?,?,?,?,?,?,?,?,?,?,?,?,default)
Hibernate: select pss1_0."id",pss1_0."assists",pss1_0."average_condition",pss1_0."average_morale",pss1_0."average_rating",pss1_0."clean_sheets",pss1_0."club_id",pss1_0."fouls_committed",pss1_0."fouls_received",pss1_0."goals",pss1_0."goals_conceded",pss1_0."highest_rating",pss1_0."injury_count",pss1_0."injury_days",pss1_0."interceptions",pss1_0."league_id",pss1_0."lowest_rating",pss1_0."man_of_the_match_awards",pss1_0."matches_played",pss1_0."matches_started",pss1_0."minutes_played",pss1_0."passes",pss1_0."passes_completed",pss1_0."penalties_saved",pss1_0."player_id",pss1_0."red_cards",pss1_0."saves",pss1_0."season_id",pss1_0."shots",pss1_0."shots_on_target",pss1_0."substitutions_in",pss1_0."substitutions_out",pss1_0."tackles",pss1_0."yellow_cards" from "player_season_stats" pss1_0 where pss1_0."player_id"=?
Hibernate: select s1_0."id",s1_0."is_current",s1_0."end_year",s1_0."league_id",s1_0."name",s1_0."next_round_number",s1_0."start_year" from "season" s1_0 where s1_0."is_current"
Hibernate: select c1_0."id",c1_0."city",c1_0."finance_id",c1_0."foundation",c1_0."league_id",c1_0."logourl",c1_0."medical_center_id",c1_0."name",c1_0."stadium_id",c1_0."team_id",c1_0."training_facility_id",c1_0."under18_id",c1_0."youth_academy_id" from "club" c1_0 where c1_0."team_id"=?
Hibernate: insert into "player_achievement" ("additional_data","club_id","date_achieved","description","player_id","season_id","title","type","id") values (?,?,?,?,?,?,?,?,default)
Hibernate: select c1_0."id",c1_0."city",c1_0."finance_id",c1_0."foundation",c1_0."league_id",c1_0."logourl",c1_0."medical_center_id",c1_0."name",c1_0."stadium_id",c1_0."team_id",c1_0."training_facility_id",c1_0."under18_id",c1_0."youth_academy_id" from "club" c1_0 where c1_0."team_id"=?
Hibernate: insert into "player_career_stats" ("clubs_played","cup_titles","first_goal","first_professional_match","highest_season_rating","highest_transfer_value","international_caps","international_goals","league_titles","longest_goal_streak","milestone100goals","milestone100matches","most_assists_in_season","most_goals_in_season","player_id","total_assists","total_clean_sheets","total_goals","total_matches_played","total_red_cards","total_transfer_value","total_yellow_cards","id") values (?,?,?,?,?,?,?,?,?,?,?,?,?,?,?,?,?,?,?,?,?,?,default)
Hibernate: select pss1_0."id",pss1_0."assists",pss1_0."average_condition",pss1_0."average_morale",pss1_0."average_rating",pss1_0."clean_sheets",pss1_0."club_id",pss1_0."fouls_committed",pss1_0."fouls_received",pss1_0."goals",pss1_0."goals_conceded",pss1_0."highest_rating",pss1_0."injury_count",pss1_0."injury_days",pss1_0."interceptions",pss1_0."league_id",pss1_0."lowest_rating",pss1_0."man_of_the_match_awards",pss1_0."matches_played",pss1_0."matches_started",pss1_0."minutes_played",pss1_0."passes",pss1_0."passes_completed",pss1_0."penalties_saved",pss1_0."player_id",pss1_0."red_cards",pss1_0."saves",pss1_0."season_id",pss1_0."shots",pss1_0."shots_on_target",pss1_0."substitutions_in",pss1_0."substitutions_out",pss1_0."tackles",pss1_0."yellow_cards" from "player_season_stats" pss1_0 where pss1_0."player_id"=?
Hibernate: select c1_0."id",c1_0."city",c1_0."finance_id",c1_0."foundation",c1_0."league_id",c1_0."logourl",c1_0."medical_center_id",c1_0."name",c1_0."stadium_id",c1_0."team_id",c1_0."training_facility_id",c1_0."under18_id",c1_0."youth_academy_id" from "club" c1_0 where c1_0."team_id"=?
Hibernate: insert into "player_career_stats" ("clubs_played","cup_titles","first_goal","first_professional_match","highest_season_rating","highest_transfer_value","international_caps","international_goals","league_titles","longest_goal_streak","milestone100goals","milestone100matches","most_assists_in_season","most_goals_in_season","player_id","total_assists","total_clean_sheets","total_goals","total_matches_played","total_red_cards","total_transfer_value","total_yellow_cards","id") values (?,?,?,?,?,?,?,?,?,?,?,?,?,?,?,?,?,?,?,?,?,?,default)
Hibernate: select pss1_0."id",pss1_0."assists",pss1_0."average_condition",pss1_0."average_morale",pss1_0."average_rating",pss1_0."clean_sheets",pss1_0."club_id",pss1_0."fouls_committed",pss1_0."fouls_received",pss1_0."goals",pss1_0."goals_conceded",pss1_0."highest_rating",pss1_0."injury_count",pss1_0."injury_days",pss1_0."interceptions",pss1_0."league_id",pss1_0."lowest_rating",pss1_0."man_of_the_match_awards",pss1_0."matches_played",pss1_0."matches_started",pss1_0."minutes_played",pss1_0."passes",pss1_0."passes_completed",pss1_0."penalties_saved",pss1_0."player_id",pss1_0."red_cards",pss1_0."saves",pss1_0."season_id",pss1_0."shots",pss1_0."shots_on_target",pss1_0."substitutions_in",pss1_0."substitutions_out",pss1_0."tackles",pss1_0."yellow_cards" from "player_season_stats" pss1_0 where pss1_0."player_id"=?
Hibernate: select c1_0."id",c1_0."city",c1_0."finance_id",c1_0."foundation",c1_0."league_id",c1_0."logourl",c1_0."medical_center_id",c1_0."name",c1_0."stadium_id",c1_0."team_id",c1_0."training_facility_id",c1_0."under18_id",c1_0."youth_academy_id" from "club" c1_0 where c1_0."team_id"=?
Hibernate: insert into "player_career_stats" ("clubs_played","cup_titles","first_goal","first_professional_match","highest_season_rating","highest_transfer_value","international_caps","international_goals","league_titles","longest_goal_streak","milestone100goals","milestone100matches","most_assists_in_season","most_goals_in_season","player_id","total_assists","total_clean_sheets","total_goals","total_matches_played","total_red_cards","total_transfer_value","total_yellow_cards","id") values (?,?,?,?,?,?,?,?,?,?,?,?,?,?,?,?,?,?,?,?,?,?,default)
Hibernate: select pss1_0."id",pss1_0."assists",pss1_0."average_condition",pss1_0."average_morale",pss1_0."average_rating",pss1_0."clean_sheets",pss1_0."club_id",pss1_0."fouls_committed",pss1_0."fouls_received",pss1_0."goals",pss1_0."goals_conceded",pss1_0."highest_rating",pss1_0."injury_count",pss1_0."injury_days",pss1_0."interceptions",pss1_0."league_id",pss1_0."lowest_rating",pss1_0."man_of_the_match_awards",pss1_0."matches_played",pss1_0."matches_started",pss1_0."minutes_played",pss1_0."passes",pss1_0."passes_completed",pss1_0."penalties_saved",pss1_0."player_id",pss1_0."red_cards",pss1_0."saves",pss1_0."season_id",pss1_0."shots",pss1_0."shots_on_target",pss1_0."substitutions_in",pss1_0."substitutions_out",pss1_0."tackles",pss1_0."yellow_cards" from "player_season_stats" pss1_0 where pss1_0."player_id"=?
Hibernate: select c1_0."id",c1_0."city",c1_0."finance_id",c1_0."foundation",c1_0."league_id",c1_0."logourl",c1_0."medical_center_id",c1_0."name",c1_0."stadium_id",c1_0."team_id",c1_0."training_facility_id",c1_0."under18_id",c1_0."youth_academy_id" from "club" c1_0 where c1_0."team_id"=?
Hibernate: insert into "player_career_stats" ("clubs_played","cup_titles","first_goal","first_professional_match","highest_season_rating","highest_transfer_value","international_caps","international_goals","league_titles","longest_goal_streak","milestone100goals","milestone100matches","most_assists_in_season","most_goals_in_season","player_id","total_assists","total_clean_sheets","total_goals","total_matches_played","total_red_cards","total_transfer_value","total_yellow_cards","id") values (?,?,?,?,?,?,?,?,?,?,?,?,?,?,?,?,?,?,?,?,?,?,default)
Hibernate: select pss1_0."id",pss1_0."assists",pss1_0."average_condition",pss1_0."average_morale",pss1_0."average_rating",pss1_0."clean_sheets",pss1_0."club_id",pss1_0."fouls_committed",pss1_0."fouls_received",pss1_0."goals",pss1_0."goals_conceded",pss1_0."highest_rating",pss1_0."injury_count",pss1_0."injury_days",pss1_0."interceptions",pss1_0."league_id",pss1_0."lowest_rating",pss1_0."man_of_the_match_awards",pss1_0."matches_played",pss1_0."matches_started",pss1_0."minutes_played",pss1_0."passes",pss1_0."passes_completed",pss1_0."penalties_saved",pss1_0."player_id",pss1_0."red_cards",pss1_0."saves",pss1_0."season_id",pss1_0."shots",pss1_0."shots_on_target",pss1_0."substitutions_in",pss1_0."substitutions_out",pss1_0."tackles",pss1_0."yellow_cards" from "player_season_stats" pss1_0 where pss1_0."player_id"=?
Hibernate: select c1_0."id",c1_0."city",c1_0."finance_id",c1_0."foundation",c1_0."league_id",c1_0."logourl",c1_0."medical_center_id",c1_0."name",c1_0."stadium_id",c1_0."team_id",c1_0."training_facility_id",c1_0."under18_id",c1_0."youth_academy_id" from "club" c1_0 where c1_0."team_id"=?
Hibernate: insert into "player_career_stats" ("clubs_played","cup_titles","first_goal","first_professional_match","highest_season_rating","highest_transfer_value","international_caps","international_goals","league_titles","longest_goal_streak","milestone100goals","milestone100matches","most_assists_in_season","most_goals_in_season","player_id","total_assists","total_clean_sheets","total_goals","total_matches_played","total_red_cards","total_transfer_value","total_yellow_cards","id") values (?,?,?,?,?,?,?,?,?,?,?,?,?,?,?,?,?,?,?,?,?,?,default)
Hibernate: select pss1_0."id",pss1_0."assists",pss1_0."average_condition",pss1_0."average_morale",pss1_0."average_rating",pss1_0."clean_sheets",pss1_0."club_id",pss1_0."fouls_committed",pss1_0."fouls_received",pss1_0."goals",pss1_0."goals_conceded",pss1_0."highest_rating",pss1_0."injury_count",pss1_0."injury_days",pss1_0."interceptions",pss1_0."league_id",pss1_0."lowest_rating",pss1_0."man_of_the_match_awards",pss1_0."matches_played",pss1_0."matches_started",pss1_0."minutes_played",pss1_0."passes",pss1_0."passes_completed",pss1_0."penalties_saved",pss1_0."player_id",pss1_0."red_cards",pss1_0."saves",pss1_0."season_id",pss1_0."shots",pss1_0."shots_on_target",pss1_0."substitutions_in",pss1_0."substitutions_out",pss1_0."tackles",pss1_0."yellow_cards" from "player_season_stats" pss1_0 where pss1_0."player_id"=?
Hibernate: select c1_0."id",c1_0."city",c1_0."finance_id",c1_0."foundation",c1_0."league_id",c1_0."logourl",c1_0."medical_center_id",c1_0."name",c1_0."stadium_id",c1_0."team_id",c1_0."training_facility_id",c1_0."under18_id",c1_0."youth_academy_id" from "club" c1_0 where c1_0."team_id"=?
Hibernate: insert into "player_career_stats" ("clubs_played","cup_titles","first_goal","first_professional_match","highest_season_rating","highest_transfer_value","international_caps","international_goals","league_titles","longest_goal_streak","milestone100goals","milestone100matches","most_assists_in_season","most_goals_in_season","player_id","total_assists","total_clean_sheets","total_goals","total_matches_played","total_red_cards","total_transfer_value","total_yellow_cards","id") values (?,?,?,?,?,?,?,?,?,?,?,?,?,?,?,?,?,?,?,?,?,?,default)
Hibernate: select pss1_0."id",pss1_0."assists",pss1_0."average_condition",pss1_0."average_morale",pss1_0."average_rating",pss1_0."clean_sheets",pss1_0."club_id",pss1_0."fouls_committed",pss1_0."fouls_received",pss1_0."goals",pss1_0."goals_conceded",pss1_0."highest_rating",pss1_0."injury_count",pss1_0."injury_days",pss1_0."interceptions",pss1_0."league_id",pss1_0."lowest_rating",pss1_0."man_of_the_match_awards",pss1_0."matches_played",pss1_0."matches_started",pss1_0."minutes_played",pss1_0."passes",pss1_0."passes_completed",pss1_0."penalties_saved",pss1_0."player_id",pss1_0."red_cards",pss1_0."saves",pss1_0."season_id",pss1_0."shots",pss1_0."shots_on_target",pss1_0."substitutions_in",pss1_0."substitutions_out",pss1_0."tackles",pss1_0."yellow_cards" from "player_season_stats" pss1_0 where pss1_0."player_id"=?
Hibernate: select c1_0."id",c1_0."city",c1_0."finance_id",c1_0."foundation",c1_0."league_id",c1_0."logourl",c1_0."medical_center_id",c1_0."name",c1_0."stadium_id",c1_0."team_id",c1_0."training_facility_id",c1_0."under18_id",c1_0."youth_academy_id" from "club" c1_0 where c1_0."team_id"=?
Hibernate: insert into "player_career_stats" ("clubs_played","cup_titles","first_goal","first_professional_match","highest_season_rating","highest_transfer_value","international_caps","international_goals","league_titles","longest_goal_streak","milestone100goals","milestone100matches","most_assists_in_season","most_goals_in_season","player_id","total_assists","total_clean_sheets","total_goals","total_matches_played","total_red_cards","total_transfer_value","total_yellow_cards","id") values (?,?,?,?,?,?,?,?,?,?,?,?,?,?,?,?,?,?,?,?,?,?,default)
Hibernate: select pss1_0."id",pss1_0."assists",pss1_0."average_condition",pss1_0."average_morale",pss1_0."average_rating",pss1_0."clean_sheets",pss1_0."club_id",pss1_0."fouls_committed",pss1_0."fouls_received",pss1_0."goals",pss1_0."goals_conceded",pss1_0."highest_rating",pss1_0."injury_count",pss1_0."injury_days",pss1_0."interceptions",pss1_0."league_id",pss1_0."lowest_rating",pss1_0."man_of_the_match_awards",pss1_0."matches_played",pss1_0."matches_started",pss1_0."minutes_played",pss1_0."passes",pss1_0."passes_completed",pss1_0."penalties_saved",pss1_0."player_id",pss1_0."red_cards",pss1_0."saves",pss1_0."season_id",pss1_0."shots",pss1_0."shots_on_target",pss1_0."substitutions_in",pss1_0."substitutions_out",pss1_0."tackles",pss1_0."yellow_cards" from "player_season_stats" pss1_0 where pss1_0."player_id"=?
Hibernate: select c1_0."id",c1_0."city",c1_0."finance_id",c1_0."foundation",c1_0."league_id",c1_0."logourl",c1_0."medical_center_id",c1_0."name",c1_0."stadium_id",c1_0."team_id",c1_0."training_facility_id",c1_0."under18_id",c1_0."youth_academy_id" from "club" c1_0 where c1_0."team_id"=?
Hibernate: insert into "player_career_stats" ("clubs_played","cup_titles","first_goal","first_professional_match","highest_season_rating","highest_transfer_value","international_caps","international_goals","league_titles","longest_goal_streak","milestone100goals","milestone100matches","most_assists_in_season","most_goals_in_season","player_id","total_assists","total_clean_sheets","total_goals","total_matches_played","total_red_cards","total_transfer_value","total_yellow_cards","id") values (?,?,?,?,?,?,?,?,?,?,?,?,?,?,?,?,?,?,?,?,?,?,default)
Hibernate: select pss1_0."id",pss1_0."assists",pss1_0."average_condition",pss1_0."average_morale",pss1_0."average_rating",pss1_0."clean_sheets",pss1_0."club_id",pss1_0."fouls_committed",pss1_0."fouls_received",pss1_0."goals",pss1_0."goals_conceded",pss1_0."highest_rating",pss1_0."injury_count",pss1_0."injury_days",pss1_0."interceptions",pss1_0."league_id",pss1_0."lowest_rating",pss1_0."man_of_the_match_awards",pss1_0."matches_played",pss1_0."matches_started",pss1_0."minutes_played",pss1_0."passes",pss1_0."passes_completed",pss1_0."penalties_saved",pss1_0."player_id",pss1_0."red_cards",pss1_0."saves",pss1_0."season_id",pss1_0."shots",pss1_0."shots_on_target",pss1_0."substitutions_in",pss1_0."substitutions_out",pss1_0."tackles",pss1_0."yellow_cards" from "player_season_stats" pss1_0 where pss1_0."player_id"=?
Hibernate: select c1_0."id",c1_0."city",c1_0."finance_id",c1_0."foundation",c1_0."league_id",c1_0."logourl",c1_0."medical_center_id",c1_0."name",c1_0."stadium_id",c1_0."team_id",c1_0."training_facility_id",c1_0."under18_id",c1_0."youth_academy_id" from "club" c1_0 where c1_0."team_id"=?
Hibernate: insert into "player_career_stats" ("clubs_played","cup_titles","first_goal","first_professional_match","highest_season_rating","highest_transfer_value","international_caps","international_goals","league_titles","longest_goal_streak","milestone100goals","milestone100matches","most_assists_in_season","most_goals_in_season","player_id","total_assists","total_clean_sheets","total_goals","total_matches_played","total_red_cards","total_transfer_value","total_yellow_cards","id") values (?,?,?,?,?,?,?,?,?,?,?,?,?,?,?,?,?,?,?,?,?,?,default)
Hibernate: select pss1_0."id",pss1_0."assists",pss1_0."average_condition",pss1_0."average_morale",pss1_0."average_rating",pss1_0."clean_sheets",pss1_0."club_id",pss1_0."fouls_committed",pss1_0."fouls_received",pss1_0."goals",pss1_0."goals_conceded",pss1_0."highest_rating",pss1_0."injury_count",pss1_0."injury_days",pss1_0."interceptions",pss1_0."league_id",pss1_0."lowest_rating",pss1_0."man_of_the_match_awards",pss1_0."matches_played",pss1_0."matches_started",pss1_0."minutes_played",pss1_0."passes",pss1_0."passes_completed",pss1_0."penalties_saved",pss1_0."player_id",pss1_0."red_cards",pss1_0."saves",pss1_0."season_id",pss1_0."shots",pss1_0."shots_on_target",pss1_0."substitutions_in",pss1_0."substitutions_out",pss1_0."tackles",pss1_0."yellow_cards" from "player_season_stats" pss1_0 where pss1_0."player_id"=?
Hibernate: select c1_0."id",c1_0."city",c1_0."finance_id",c1_0."foundation",c1_0."league_id",c1_0."logourl",c1_0."medical_center_id",c1_0."name",c1_0."stadium_id",c1_0."team_id",c1_0."training_facility_id",c1_0."under18_id",c1_0."youth_academy_id" from "club" c1_0 where c1_0."team_id"=?
Hibernate: insert into "player_career_stats" ("clubs_played","cup_titles","first_goal","first_professional_match","highest_season_rating","highest_transfer_value","international_caps","international_goals","league_titles","longest_goal_streak","milestone100goals","milestone100matches","most_assists_in_season","most_goals_in_season","player_id","total_assists","total_clean_sheets","total_goals","total_matches_played","total_red_cards","total_transfer_value","total_yellow_cards","id") values (?,?,?,?,?,?,?,?,?,?,?,?,?,?,?,?,?,?,?,?,?,?,default)
Hibernate: select pss1_0."id",pss1_0."assists",pss1_0."average_condition",pss1_0."average_morale",pss1_0."average_rating",pss1_0."clean_sheets",pss1_0."club_id",pss1_0."fouls_committed",pss1_0."fouls_received",pss1_0."goals",pss1_0."goals_conceded",pss1_0."highest_rating",pss1_0."injury_count",pss1_0."injury_days",pss1_0."interceptions",pss1_0."league_id",pss1_0."lowest_rating",pss1_0."man_of_the_match_awards",pss1_0."matches_played",pss1_0."matches_started",pss1_0."minutes_played",pss1_0."passes",pss1_0."passes_completed",pss1_0."penalties_saved",pss1_0."player_id",pss1_0."red_cards",pss1_0."saves",pss1_0."season_id",pss1_0."shots",pss1_0."shots_on_target",pss1_0."substitutions_in",pss1_0."substitutions_out",pss1_0."tackles",pss1_0."yellow_cards" from "player_season_stats" pss1_0 where pss1_0."player_id"=?
Hibernate: select c1_0."id",c1_0."city",c1_0."finance_id",c1_0."foundation",c1_0."league_id",c1_0."logourl",c1_0."medical_center_id",c1_0."name",c1_0."stadium_id",c1_0."team_id",c1_0."training_facility_id",c1_0."under18_id",c1_0."youth_academy_id" from "club" c1_0 where c1_0."team_id"=?
Hibernate: insert into "player_career_stats" ("clubs_played","cup_titles","first_goal","first_professional_match","highest_season_rating","highest_transfer_value","international_caps","international_goals","league_titles","longest_goal_streak","milestone100goals","milestone100matches","most_assists_in_season","most_goals_in_season","player_id","total_assists","total_clean_sheets","total_goals","total_matches_played","total_red_cards","total_transfer_value","total_yellow_cards","id") values (?,?,?,?,?,?,?,?,?,?,?,?,?,?,?,?,?,?,?,?,?,?,default)
Hibernate: select pss1_0."id",pss1_0."assists",pss1_0."average_condition",pss1_0."average_morale",pss1_0."average_rating",pss1_0."clean_sheets",pss1_0."club_id",pss1_0."fouls_committed",pss1_0."fouls_received",pss1_0."goals",pss1_0."goals_conceded",pss1_0."highest_rating",pss1_0."injury_count",pss1_0."injury_days",pss1_0."interceptions",pss1_0."league_id",pss1_0."lowest_rating",pss1_0."man_of_the_match_awards",pss1_0."matches_played",pss1_0."matches_started",pss1_0."minutes_played",pss1_0."passes",pss1_0."passes_completed",pss1_0."penalties_saved",pss1_0."player_id",pss1_0."red_cards",pss1_0."saves",pss1_0."season_id",pss1_0."shots",pss1_0."shots_on_target",pss1_0."substitutions_in",pss1_0."substitutions_out",pss1_0."tackles",pss1_0."yellow_cards" from "player_season_stats" pss1_0 where pss1_0."player_id"=?
Hibernate: select s1_0."id",s1_0."is_current",s1_0."end_year",s1_0."league_id",s1_0."name",s1_0."next_round_number",s1_0."start_year" from "season" s1_0 where s1_0."is_current"
Hibernate: select c1_0."id",c1_0."city",c1_0."finance_id",c1_0."foundation",c1_0."league_id",c1_0."logourl",c1_0."medical_center_id",c1_0."name",c1_0."stadium_id",c1_0."team_id",c1_0."training_facility_id",c1_0."under18_id",c1_0."youth_academy_id" from "club" c1_0 where c1_0."team_id"=?
Hibernate: insert into "player_achievement" ("additional_data","club_id","date_achieved","description","player_id","season_id","title","type","id") values (?,?,?,?,?,?,?,?,default)
Hibernate: select c1_0."id",c1_0."city",c1_0."finance_id",c1_0."foundation",c1_0."league_id",c1_0."logourl",c1_0."medical_center_id",c1_0."name",c1_0."stadium_id",c1_0."team_id",c1_0."training_facility_id",c1_0."under18_id",c1_0."youth_academy_id" from "club" c1_0 where c1_0."team_id"=?
Hibernate: insert into "player_career_stats" ("clubs_played","cup_titles","first_goal","first_professional_match","highest_season_rating","highest_transfer_value","international_caps","international_goals","league_titles","longest_goal_streak","milestone100goals","milestone100matches","most_assists_in_season","most_goals_in_season","player_id","total_assists","total_clean_sheets","total_goals","total_matches_played","total_red_cards","total_transfer_value","total_yellow_cards","id") values (?,?,?,?,?,?,?,?,?,?,?,?,?,?,?,?,?,?,?,?,?,?,default)
Hibernate: select pss1_0."id",pss1_0."assists",pss1_0."average_condition",pss1_0."average_morale",pss1_0."average_rating",pss1_0."clean_sheets",pss1_0."club_id",pss1_0."fouls_committed",pss1_0."fouls_received",pss1_0."goals",pss1_0."goals_conceded",pss1_0."highest_rating",pss1_0."injury_count",pss1_0."injury_days",pss1_0."interceptions",pss1_0."league_id",pss1_0."lowest_rating",pss1_0."man_of_the_match_awards",pss1_0."matches_played",pss1_0."matches_started",pss1_0."minutes_played",pss1_0."passes",pss1_0."passes_completed",pss1_0."penalties_saved",pss1_0."player_id",pss1_0."red_cards",pss1_0."saves",pss1_0."season_id",pss1_0."shots",pss1_0."shots_on_target",pss1_0."substitutions_in",pss1_0."substitutions_out",pss1_0."tackles",pss1_0."yellow_cards" from "player_season_stats" pss1_0 where pss1_0."player_id"=?
Hibernate: select c1_0."id",c1_0."city",c1_0."finance_id",c1_0."foundation",c1_0."league_id",c1_0."logourl",c1_0."medical_center_id",c1_0."name",c1_0."stadium_id",c1_0."team_id",c1_0."training_facility_id",c1_0."under18_id",c1_0."youth_academy_id" from "club" c1_0 where c1_0."team_id"=?
Hibernate: insert into "player_career_stats" ("clubs_played","cup_titles","first_goal","first_professional_match","highest_season_rating","highest_transfer_value","international_caps","international_goals","league_titles","longest_goal_streak","milestone100goals","milestone100matches","most_assists_in_season","most_goals_in_season","player_id","total_assists","total_clean_sheets","total_goals","total_matches_played","total_red_cards","total_transfer_value","total_yellow_cards","id") values (?,?,?,?,?,?,?,?,?,?,?,?,?,?,?,?,?,?,?,?,?,?,default)
Hibernate: select pss1_0."id",pss1_0."assists",pss1_0."average_condition",pss1_0."average_morale",pss1_0."average_rating",pss1_0."clean_sheets",pss1_0."club_id",pss1_0."fouls_committed",pss1_0."fouls_received",pss1_0."goals",pss1_0."goals_conceded",pss1_0."highest_rating",pss1_0."injury_count",pss1_0."injury_days",pss1_0."interceptions",pss1_0."league_id",pss1_0."lowest_rating",pss1_0."man_of_the_match_awards",pss1_0."matches_played",pss1_0."matches_started",pss1_0."minutes_played",pss1_0."passes",pss1_0."passes_completed",pss1_0."penalties_saved",pss1_0."player_id",pss1_0."red_cards",pss1_0."saves",pss1_0."season_id",pss1_0."shots",pss1_0."shots_on_target",pss1_0."substitutions_in",pss1_0."substitutions_out",pss1_0."tackles",pss1_0."yellow_cards" from "player_season_stats" pss1_0 where pss1_0."player_id"=?
Hibernate: select c1_0."id",c1_0."city",c1_0."finance_id",c1_0."foundation",c1_0."league_id",c1_0."logourl",c1_0."medical_center_id",c1_0."name",c1_0."stadium_id",c1_0."team_id",c1_0."training_facility_id",c1_0."under18_id",c1_0."youth_academy_id" from "club" c1_0 where c1_0."team_id"=?
Hibernate: insert into "player_career_stats" ("clubs_played","cup_titles","first_goal","first_professional_match","highest_season_rating","highest_transfer_value","international_caps","international_goals","league_titles","longest_goal_streak","milestone100goals","milestone100matches","most_assists_in_season","most_goals_in_season","player_id","total_assists","total_clean_sheets","total_goals","total_matches_played","total_red_cards","total_transfer_value","total_yellow_cards","id") values (?,?,?,?,?,?,?,?,?,?,?,?,?,?,?,?,?,?,?,?,?,?,default)
Hibernate: select pss1_0."id",pss1_0."assists",pss1_0."average_condition",pss1_0."average_morale",pss1_0."average_rating",pss1_0."clean_sheets",pss1_0."club_id",pss1_0."fouls_committed",pss1_0."fouls_received",pss1_0."goals",pss1_0."goals_conceded",pss1_0."highest_rating",pss1_0."injury_count",pss1_0."injury_days",pss1_0."interceptions",pss1_0."league_id",pss1_0."lowest_rating",pss1_0."man_of_the_match_awards",pss1_0."matches_played",pss1_0."matches_started",pss1_0."minutes_played",pss1_0."passes",pss1_0."passes_completed",pss1_0."penalties_saved",pss1_0."player_id",pss1_0."red_cards",pss1_0."saves",pss1_0."season_id",pss1_0."shots",pss1_0."shots_on_target",pss1_0."substitutions_in",pss1_0."substitutions_out",pss1_0."tackles",pss1_0."yellow_cards" from "player_season_stats" pss1_0 where pss1_0."player_id"=?
Hibernate: select c1_0."id",c1_0."city",c1_0."finance_id",c1_0."foundation",c1_0."league_id",c1_0."logourl",c1_0."medical_center_id",c1_0."name",c1_0."stadium_id",c1_0."team_id",c1_0."training_facility_id",c1_0."under18_id",c1_0."youth_academy_id" from "club" c1_0 where c1_0."team_id"=?
Hibernate: insert into "player_career_stats" ("clubs_played","cup_titles","first_goal","first_professional_match","highest_season_rating","highest_transfer_value","international_caps","international_goals","league_titles","longest_goal_streak","milestone100goals","milestone100matches","most_assists_in_season","most_goals_in_season","player_id","total_assists","total_clean_sheets","total_goals","total_matches_played","total_red_cards","total_transfer_value","total_yellow_cards","id") values (?,?,?,?,?,?,?,?,?,?,?,?,?,?,?,?,?,?,?,?,?,?,default)
Hibernate: select pss1_0."id",pss1_0."assists",pss1_0."average_condition",pss1_0."average_morale",pss1_0."average_rating",pss1_0."clean_sheets",pss1_0."club_id",pss1_0."fouls_committed",pss1_0."fouls_received",pss1_0."goals",pss1_0."goals_conceded",pss1_0."highest_rating",pss1_0."injury_count",pss1_0."injury_days",pss1_0."interceptions",pss1_0."league_id",pss1_0."lowest_rating",pss1_0."man_of_the_match_awards",pss1_0."matches_played",pss1_0."matches_started",pss1_0."minutes_played",pss1_0."passes",pss1_0."passes_completed",pss1_0."penalties_saved",pss1_0."player_id",pss1_0."red_cards",pss1_0."saves",pss1_0."season_id",pss1_0."shots",pss1_0."shots_on_target",pss1_0."substitutions_in",pss1_0."substitutions_out",pss1_0."tackles",pss1_0."yellow_cards" from "player_season_stats" pss1_0 where pss1_0."player_id"=?
Hibernate: select c1_0."id",c1_0."city",c1_0."finance_id",c1_0."foundation",c1_0."league_id",c1_0."logourl",c1_0."medical_center_id",c1_0."name",c1_0."stadium_id",c1_0."team_id",c1_0."training_facility_id",c1_0."under18_id",c1_0."youth_academy_id" from "club" c1_0 where c1_0."team_id"=?
Hibernate: insert into "player_career_stats" ("clubs_played","cup_titles","first_goal","first_professional_match","highest_season_rating","highest_transfer_value","international_caps","international_goals","league_titles","longest_goal_streak","milestone100goals","milestone100matches","most_assists_in_season","most_goals_in_season","player_id","total_assists","total_clean_sheets","total_goals","total_matches_played","total_red_cards","total_transfer_value","total_yellow_cards","id") values (?,?,?,?,?,?,?,?,?,?,?,?,?,?,?,?,?,?,?,?,?,?,default)
Hibernate: select pss1_0."id",pss1_0."assists",pss1_0."average_condition",pss1_0."average_morale",pss1_0."average_rating",pss1_0."clean_sheets",pss1_0."club_id",pss1_0."fouls_committed",pss1_0."fouls_received",pss1_0."goals",pss1_0."goals_conceded",pss1_0."highest_rating",pss1_0."injury_count",pss1_0."injury_days",pss1_0."interceptions",pss1_0."league_id",pss1_0."lowest_rating",pss1_0."man_of_the_match_awards",pss1_0."matches_played",pss1_0."matches_started",pss1_0."minutes_played",pss1_0."passes",pss1_0."passes_completed",pss1_0."penalties_saved",pss1_0."player_id",pss1_0."red_cards",pss1_0."saves",pss1_0."season_id",pss1_0."shots",pss1_0."shots_on_target",pss1_0."substitutions_in",pss1_0."substitutions_out",pss1_0."tackles",pss1_0."yellow_cards" from "player_season_stats" pss1_0 where pss1_0."player_id"=?
Hibernate: select c1_0."id",c1_0."city",c1_0."finance_id",c1_0."foundation",c1_0."league_id",c1_0."logourl",c1_0."medical_center_id",c1_0."name",c1_0."stadium_id",c1_0."team_id",c1_0."training_facility_id",c1_0."under18_id",c1_0."youth_academy_id" from "club" c1_0 where c1_0."team_id"=?
Hibernate: insert into "player_career_stats" ("clubs_played","cup_titles","first_goal","first_professional_match","highest_season_rating","highest_transfer_value","international_caps","international_goals","league_titles","longest_goal_streak","milestone100goals","milestone100matches","most_assists_in_season","most_goals_in_season","player_id","total_assists","total_clean_sheets","total_goals","total_matches_played","total_red_cards","total_transfer_value","total_yellow_cards","id") values (?,?,?,?,?,?,?,?,?,?,?,?,?,?,?,?,?,?,?,?,?,?,default)
Hibernate: select pss1_0."id",pss1_0."assists",pss1_0."average_condition",pss1_0."average_morale",pss1_0."average_rating",pss1_0."clean_sheets",pss1_0."club_id",pss1_0."fouls_committed",pss1_0."fouls_received",pss1_0."goals",pss1_0."goals_conceded",pss1_0."highest_rating",pss1_0."injury_count",pss1_0."injury_days",pss1_0."interceptions",pss1_0."league_id",pss1_0."lowest_rating",pss1_0."man_of_the_match_awards",pss1_0."matches_played",pss1_0."matches_started",pss1_0."minutes_played",pss1_0."passes",pss1_0."passes_completed",pss1_0."penalties_saved",pss1_0."player_id",pss1_0."red_cards",pss1_0."saves",pss1_0."season_id",pss1_0."shots",pss1_0."shots_on_target",pss1_0."substitutions_in",pss1_0."substitutions_out",pss1_0."tackles",pss1_0."yellow_cards" from "player_season_stats" pss1_0 where pss1_0."player_id"=?
Hibernate: select c1_0."id",c1_0."city",c1_0."finance_id",c1_0."foundation",c1_0."league_id",c1_0."logourl",c1_0."medical_center_id",c1_0."name",c1_0."stadium_id",c1_0."team_id",c1_0."training_facility_id",c1_0."under18_id",c1_0."youth_academy_id" from "club" c1_0 where c1_0."team_id"=?
Hibernate: insert into "player_career_stats" ("clubs_played","cup_titles","first_goal","first_professional_match","highest_season_rating","highest_transfer_value","international_caps","international_goals","league_titles","longest_goal_streak","milestone100goals","milestone100matches","most_assists_in_season","most_goals_in_season","player_id","total_assists","total_clean_sheets","total_goals","total_matches_played","total_red_cards","total_transfer_value","total_yellow_cards","id") values (?,?,?,?,?,?,?,?,?,?,?,?,?,?,?,?,?,?,?,?,?,?,default)
Hibernate: select pss1_0."id",pss1_0."assists",pss1_0."average_condition",pss1_0."average_morale",pss1_0."average_rating",pss1_0."clean_sheets",pss1_0."club_id",pss1_0."fouls_committed",pss1_0."fouls_received",pss1_0."goals",pss1_0."goals_conceded",pss1_0."highest_rating",pss1_0."injury_count",pss1_0."injury_days",pss1_0."interceptions",pss1_0."league_id",pss1_0."lowest_rating",pss1_0."man_of_the_match_awards",pss1_0."matches_played",pss1_0."matches_started",pss1_0."minutes_played",pss1_0."passes",pss1_0."passes_completed",pss1_0."penalties_saved",pss1_0."player_id",pss1_0."red_cards",pss1_0."saves",pss1_0."season_id",pss1_0."shots",pss1_0."shots_on_target",pss1_0."substitutions_in",pss1_0."substitutions_out",pss1_0."tackles",pss1_0."yellow_cards" from "player_season_stats" pss1_0 where pss1_0."player_id"=?
Hibernate: select s1_0."id",s1_0."is_current",s1_0."end_year",s1_0."league_id",s1_0."name",s1_0."next_round_number",s1_0."start_year" from "season" s1_0 where s1_0."is_current"
Hibernate: select c1_0."id",c1_0."city",c1_0."finance_id",c1_0."foundation",c1_0."league_id",c1_0."logourl",c1_0."medical_center_id",c1_0."name",c1_0."stadium_id",c1_0."team_id",c1_0."training_facility_id",c1_0."under18_id",c1_0."youth_academy_id" from "club" c1_0 where c1_0."team_id"=?
Hibernate: insert into "player_achievement" ("additional_data","club_id","date_achieved","description","player_id","season_id","title","type","id") values (?,?,?,?,?,?,?,?,default)
Hibernate: select c1_0."id",c1_0."city",c1_0."finance_id",c1_0."foundation",c1_0."league_id",c1_0."logourl",c1_0."medical_center_id",c1_0."name",c1_0."stadium_id",c1_0."team_id",c1_0."training_facility_id",c1_0."under18_id",c1_0."youth_academy_id" from "club" c1_0 where c1_0."team_id"=?
Hibernate: insert into "player_career_stats" ("clubs_played","cup_titles","first_goal","first_professional_match","highest_season_rating","highest_transfer_value","international_caps","international_goals","league_titles","longest_goal_streak","milestone100goals","milestone100matches","most_assists_in_season","most_goals_in_season","player_id","total_assists","total_clean_sheets","total_goals","total_matches_played","total_red_cards","total_transfer_value","total_yellow_cards","id") values (?,?,?,?,?,?,?,?,?,?,?,?,?,?,?,?,?,?,?,?,?,?,default)
Hibernate: select pss1_0."id",pss1_0."assists",pss1_0."average_condition",pss1_0."average_morale",pss1_0."average_rating",pss1_0."clean_sheets",pss1_0."club_id",pss1_0."fouls_committed",pss1_0."fouls_received",pss1_0."goals",pss1_0."goals_conceded",pss1_0."highest_rating",pss1_0."injury_count",pss1_0."injury_days",pss1_0."interceptions",pss1_0."league_id",pss1_0."lowest_rating",pss1_0."man_of_the_match_awards",pss1_0."matches_played",pss1_0."matches_started",pss1_0."minutes_played",pss1_0."passes",pss1_0."passes_completed",pss1_0."penalties_saved",pss1_0."player_id",pss1_0."red_cards",pss1_0."saves",pss1_0."season_id",pss1_0."shots",pss1_0."shots_on_target",pss1_0."substitutions_in",pss1_0."substitutions_out",pss1_0."tackles",pss1_0."yellow_cards" from "player_season_stats" pss1_0 where pss1_0."player_id"=?
Hibernate: select c1_0."id",c1_0."city",c1_0."finance_id",c1_0."foundation",c1_0."league_id",c1_0."logourl",c1_0."medical_center_id",c1_0."name",c1_0."stadium_id",c1_0."team_id",c1_0."training_facility_id",c1_0."under18_id",c1_0."youth_academy_id" from "club" c1_0 where c1_0."team_id"=?
Hibernate: insert into "player_career_stats" ("clubs_played","cup_titles","first_goal","first_professional_match","highest_season_rating","highest_transfer_value","international_caps","international_goals","league_titles","longest_goal_streak","milestone100goals","milestone100matches","most_assists_in_season","most_goals_in_season","player_id","total_assists","total_clean_sheets","total_goals","total_matches_played","total_red_cards","total_transfer_value","total_yellow_cards","id") values (?,?,?,?,?,?,?,?,?,?,?,?,?,?,?,?,?,?,?,?,?,?,default)
Hibernate: select pss1_0."id",pss1_0."assists",pss1_0."average_condition",pss1_0."average_morale",pss1_0."average_rating",pss1_0."clean_sheets",pss1_0."club_id",pss1_0."fouls_committed",pss1_0."fouls_received",pss1_0."goals",pss1_0."goals_conceded",pss1_0."highest_rating",pss1_0."injury_count",pss1_0."injury_days",pss1_0."interceptions",pss1_0."league_id",pss1_0."lowest_rating",pss1_0."man_of_the_match_awards",pss1_0."matches_played",pss1_0."matches_started",pss1_0."minutes_played",pss1_0."passes",pss1_0."passes_completed",pss1_0."penalties_saved",pss1_0."player_id",pss1_0."red_cards",pss1_0."saves",pss1_0."season_id",pss1_0."shots",pss1_0."shots_on_target",pss1_0."substitutions_in",pss1_0."substitutions_out",pss1_0."tackles",pss1_0."yellow_cards" from "player_season_stats" pss1_0 where pss1_0."player_id"=?
Hibernate: select c1_0."id",c1_0."city",c1_0."finance_id",c1_0."foundation",c1_0."league_id",c1_0."logourl",c1_0."medical_center_id",c1_0."name",c1_0."stadium_id",c1_0."team_id",c1_0."training_facility_id",c1_0."under18_id",c1_0."youth_academy_id" from "club" c1_0 where c1_0."team_id"=?
Hibernate: insert into "player_career_stats" ("clubs_played","cup_titles","first_goal","first_professional_match","highest_season_rating","highest_transfer_value","international_caps","international_goals","league_titles","longest_goal_streak","milestone100goals","milestone100matches","most_assists_in_season","most_goals_in_season","player_id","total_assists","total_clean_sheets","total_goals","total_matches_played","total_red_cards","total_transfer_value","total_yellow_cards","id") values (?,?,?,?,?,?,?,?,?,?,?,?,?,?,?,?,?,?,?,?,?,?,default)
Hibernate: select pss1_0."id",pss1_0."assists",pss1_0."average_condition",pss1_0."average_morale",pss1_0."average_rating",pss1_0."clean_sheets",pss1_0."club_id",pss1_0."fouls_committed",pss1_0."fouls_received",pss1_0."goals",pss1_0."goals_conceded",pss1_0."highest_rating",pss1_0."injury_count",pss1_0."injury_days",pss1_0."interceptions",pss1_0."league_id",pss1_0."lowest_rating",pss1_0."man_of_the_match_awards",pss1_0."matches_played",pss1_0."matches_started",pss1_0."minutes_played",pss1_0."passes",pss1_0."passes_completed",pss1_0."penalties_saved",pss1_0."player_id",pss1_0."red_cards",pss1_0."saves",pss1_0."season_id",pss1_0."shots",pss1_0."shots_on_target",pss1_0."substitutions_in",pss1_0."substitutions_out",pss1_0."tackles",pss1_0."yellow_cards" from "player_season_stats" pss1_0 where pss1_0."player_id"=?
Hibernate: select s1_0."id",s1_0."is_current",s1_0."end_year",s1_0."league_id",s1_0."name",s1_0."next_round_number",s1_0."start_year" from "season" s1_0 where s1_0."is_current"
Hibernate: select c1_0."id",c1_0."city",c1_0."finance_id",c1_0."foundation",c1_0."league_id",c1_0."logourl",c1_0."medical_center_id",c1_0."name",c1_0."stadium_id",c1_0."team_id",c1_0."training_facility_id",c1_0."under18_id",c1_0."youth_academy_id" from "club" c1_0 where c1_0."team_id"=?
Hibernate: insert into "player_achievement" ("additional_data","club_id","date_achieved","description","player_id","season_id","title","type","id") values (?,?,?,?,?,?,?,?,default)
Hibernate: select c1_0."id",c1_0."city",c1_0."finance_id",c1_0."foundation",c1_0."league_id",c1_0."logourl",c1_0."medical_center_id",c1_0."name",c1_0."stadium_id",c1_0."team_id",c1_0."training_facility_id",c1_0."under18_id",c1_0."youth_academy_id" from "club" c1_0 where c1_0."team_id"=?
Hibernate: insert into "player_career_stats" ("clubs_played","cup_titles","first_goal","first_professional_match","highest_season_rating","highest_transfer_value","international_caps","international_goals","league_titles","longest_goal_streak","milestone100goals","milestone100matches","most_assists_in_season","most_goals_in_season","player_id","total_assists","total_clean_sheets","total_goals","total_matches_played","total_red_cards","total_transfer_value","total_yellow_cards","id") values (?,?,?,?,?,?,?,?,?,?,?,?,?,?,?,?,?,?,?,?,?,?,default)
Hibernate: select pss1_0."id",pss1_0."assists",pss1_0."average_condition",pss1_0."average_morale",pss1_0."average_rating",pss1_0."clean_sheets",pss1_0."club_id",pss1_0."fouls_committed",pss1_0."fouls_received",pss1_0."goals",pss1_0."goals_conceded",pss1_0."highest_rating",pss1_0."injury_count",pss1_0."injury_days",pss1_0."interceptions",pss1_0."league_id",pss1_0."lowest_rating",pss1_0."man_of_the_match_awards",pss1_0."matches_played",pss1_0."matches_started",pss1_0."minutes_played",pss1_0."passes",pss1_0."passes_completed",pss1_0."penalties_saved",pss1_0."player_id",pss1_0."red_cards",pss1_0."saves",pss1_0."season_id",pss1_0."shots",pss1_0."shots_on_target",pss1_0."substitutions_in",pss1_0."substitutions_out",pss1_0."tackles",pss1_0."yellow_cards" from "player_season_stats" pss1_0 where pss1_0."player_id"=?
Hibernate: select s1_0."id",s1_0."is_current",s1_0."end_year",s1_0."league_id",s1_0."name",s1_0."next_round_number",s1_0."start_year" from "season" s1_0 where s1_0."is_current"
Hibernate: select c1_0."id",c1_0."city",c1_0."finance_id",c1_0."foundation",c1_0."league_id",c1_0."logourl",c1_0."medical_center_id",c1_0."name",c1_0."stadium_id",c1_0."team_id",c1_0."training_facility_id",c1_0."under18_id",c1_0."youth_academy_id" from "club" c1_0 where c1_0."team_id"=?
Hibernate: insert into "player_achievement" ("additional_data","club_id","date_achieved","description","player_id","season_id","title","type","id") values (?,?,?,?,?,?,?,?,default)
Hibernate: select c1_0."id",c1_0."city",c1_0."finance_id",c1_0."foundation",c1_0."league_id",c1_0."logourl",c1_0."medical_center_id",c1_0."name",c1_0."stadium_id",c1_0."team_id",c1_0."training_facility_id",c1_0."under18_id",c1_0."youth_academy_id" from "club" c1_0 where c1_0."team_id"=?
Hibernate: insert into "player_career_stats" ("clubs_played","cup_titles","first_goal","first_professional_match","highest_season_rating","highest_transfer_value","international_caps","international_goals","league_titles","longest_goal_streak","milestone100goals","milestone100matches","most_assists_in_season","most_goals_in_season","player_id","total_assists","total_clean_sheets","total_goals","total_matches_played","total_red_cards","total_transfer_value","total_yellow_cards","id") values (?,?,?,?,?,?,?,?,?,?,?,?,?,?,?,?,?,?,?,?,?,?,default)
Hibernate: select pss1_0."id",pss1_0."assists",pss1_0."average_condition",pss1_0."average_morale",pss1_0."average_rating",pss1_0."clean_sheets",pss1_0."club_id",pss1_0."fouls_committed",pss1_0."fouls_received",pss1_0."goals",pss1_0."goals_conceded",pss1_0."highest_rating",pss1_0."injury_count",pss1_0."injury_days",pss1_0."interceptions",pss1_0."league_id",pss1_0."lowest_rating",pss1_0."man_of_the_match_awards",pss1_0."matches_played",pss1_0."matches_started",pss1_0."minutes_played",pss1_0."passes",pss1_0."passes_completed",pss1_0."penalties_saved",pss1_0."player_id",pss1_0."red_cards",pss1_0."saves",pss1_0."season_id",pss1_0."shots",pss1_0."shots_on_target",pss1_0."substitutions_in",pss1_0."substitutions_out",pss1_0."tackles",pss1_0."yellow_cards" from "player_season_stats" pss1_0 where pss1_0."player_id"=?
Hibernate: select c1_0."id",c1_0."city",c1_0."finance_id",c1_0."foundation",c1_0."league_id",c1_0."logourl",c1_0."medical_center_id",c1_0."name",c1_0."stadium_id",c1_0."team_id",c1_0."training_facility_id",c1_0."under18_id",c1_0."youth_academy_id" from "club" c1_0 where c1_0."team_id"=?
Hibernate: insert into "player_career_stats" ("clubs_played","cup_titles","first_goal","first_professional_match","highest_season_rating","highest_transfer_value","international_caps","international_goals","league_titles","longest_goal_streak","milestone100goals","milestone100matches","most_assists_in_season","most_goals_in_season","player_id","total_assists","total_clean_sheets","total_goals","total_matches_played","total_red_cards","total_transfer_value","total_yellow_cards","id") values (?,?,?,?,?,?,?,?,?,?,?,?,?,?,?,?,?,?,?,?,?,?,default)
Hibernate: select pss1_0."id",pss1_0."assists",pss1_0."average_condition",pss1_0."average_morale",pss1_0."average_rating",pss1_0."clean_sheets",pss1_0."club_id",pss1_0."fouls_committed",pss1_0."fouls_received",pss1_0."goals",pss1_0."goals_conceded",pss1_0."highest_rating",pss1_0."injury_count",pss1_0."injury_days",pss1_0."interceptions",pss1_0."league_id",pss1_0."lowest_rating",pss1_0."man_of_the_match_awards",pss1_0."matches_played",pss1_0."matches_started",pss1_0."minutes_played",pss1_0."passes",pss1_0."passes_completed",pss1_0."penalties_saved",pss1_0."player_id",pss1_0."red_cards",pss1_0."saves",pss1_0."season_id",pss1_0."shots",pss1_0."shots_on_target",pss1_0."substitutions_in",pss1_0."substitutions_out",pss1_0."tackles",pss1_0."yellow_cards" from "player_season_stats" pss1_0 where pss1_0."player_id"=?
Hibernate: select c1_0."id",c1_0."city",c1_0."finance_id",c1_0."foundation",c1_0."league_id",c1_0."logourl",c1_0."medical_center_id",c1_0."name",c1_0."stadium_id",c1_0."team_id",c1_0."training_facility_id",c1_0."under18_id",c1_0."youth_academy_id" from "club" c1_0 where c1_0."team_id"=?
Hibernate: insert into "player_career_stats" ("clubs_played","cup_titles","first_goal","first_professional_match","highest_season_rating","highest_transfer_value","international_caps","international_goals","league_titles","longest_goal_streak","milestone100goals","milestone100matches","most_assists_in_season","most_goals_in_season","player_id","total_assists","total_clean_sheets","total_goals","total_matches_played","total_red_cards","total_transfer_value","total_yellow_cards","id") values (?,?,?,?,?,?,?,?,?,?,?,?,?,?,?,?,?,?,?,?,?,?,default)
Hibernate: select pss1_0."id",pss1_0."assists",pss1_0."average_condition",pss1_0."average_morale",pss1_0."average_rating",pss1_0."clean_sheets",pss1_0."club_id",pss1_0."fouls_committed",pss1_0."fouls_received",pss1_0."goals",pss1_0."goals_conceded",pss1_0."highest_rating",pss1_0."injury_count",pss1_0."injury_days",pss1_0."interceptions",pss1_0."league_id",pss1_0."lowest_rating",pss1_0."man_of_the_match_awards",pss1_0."matches_played",pss1_0."matches_started",pss1_0."minutes_played",pss1_0."passes",pss1_0."passes_completed",pss1_0."penalties_saved",pss1_0."player_id",pss1_0."red_cards",pss1_0."saves",pss1_0."season_id",pss1_0."shots",pss1_0."shots_on_target",pss1_0."substitutions_in",pss1_0."substitutions_out",pss1_0."tackles",pss1_0."yellow_cards" from "player_season_stats" pss1_0 where pss1_0."player_id"=?
Hibernate: select c1_0."id",c1_0."city",c1_0."finance_id",c1_0."foundation",c1_0."league_id",c1_0."logourl",c1_0."medical_center_id",c1_0."name",c1_0."stadium_id",c1_0."team_id",c1_0."training_facility_id",c1_0."under18_id",c1_0."youth_academy_id" from "club" c1_0 where c1_0."team_id"=?
Hibernate: insert into "player_career_stats" ("clubs_played","cup_titles","first_goal","first_professional_match","highest_season_rating","highest_transfer_value","international_caps","international_goals","league_titles","longest_goal_streak","milestone100goals","milestone100matches","most_assists_in_season","most_goals_in_season","player_id","total_assists","total_clean_sheets","total_goals","total_matches_played","total_red_cards","total_transfer_value","total_yellow_cards","id") values (?,?,?,?,?,?,?,?,?,?,?,?,?,?,?,?,?,?,?,?,?,?,default)
Hibernate: select pss1_0."id",pss1_0."assists",pss1_0."average_condition",pss1_0."average_morale",pss1_0."average_rating",pss1_0."clean_sheets",pss1_0."club_id",pss1_0."fouls_committed",pss1_0."fouls_received",pss1_0."goals",pss1_0."goals_conceded",pss1_0."highest_rating",pss1_0."injury_count",pss1_0."injury_days",pss1_0."interceptions",pss1_0."league_id",pss1_0."lowest_rating",pss1_0."man_of_the_match_awards",pss1_0."matches_played",pss1_0."matches_started",pss1_0."minutes_played",pss1_0."passes",pss1_0."passes_completed",pss1_0."penalties_saved",pss1_0."player_id",pss1_0."red_cards",pss1_0."saves",pss1_0."season_id",pss1_0."shots",pss1_0."shots_on_target",pss1_0."substitutions_in",pss1_0."substitutions_out",pss1_0."tackles",pss1_0."yellow_cards" from "player_season_stats" pss1_0 where pss1_0."player_id"=?
Hibernate: select c1_0."id",c1_0."city",c1_0."finance_id",c1_0."foundation",c1_0."league_id",c1_0."logourl",c1_0."medical_center_id",c1_0."name",c1_0."stadium_id",c1_0."team_id",c1_0."training_facility_id",c1_0."under18_id",c1_0."youth_academy_id" from "club" c1_0 where c1_0."team_id"=?
Hibernate: insert into "player_career_stats" ("clubs_played","cup_titles","first_goal","first_professional_match","highest_season_rating","highest_transfer_value","international_caps","international_goals","league_titles","longest_goal_streak","milestone100goals","milestone100matches","most_assists_in_season","most_goals_in_season","player_id","total_assists","total_clean_sheets","total_goals","total_matches_played","total_red_cards","total_transfer_value","total_yellow_cards","id") values (?,?,?,?,?,?,?,?,?,?,?,?,?,?,?,?,?,?,?,?,?,?,default)
Hibernate: select pss1_0."id",pss1_0."assists",pss1_0."average_condition",pss1_0."average_morale",pss1_0."average_rating",pss1_0."clean_sheets",pss1_0."club_id",pss1_0."fouls_committed",pss1_0."fouls_received",pss1_0."goals",pss1_0."goals_conceded",pss1_0."highest_rating",pss1_0."injury_count",pss1_0."injury_days",pss1_0."interceptions",pss1_0."league_id",pss1_0."lowest_rating",pss1_0."man_of_the_match_awards",pss1_0."matches_played",pss1_0."matches_started",pss1_0."minutes_played",pss1_0."passes",pss1_0."passes_completed",pss1_0."penalties_saved",pss1_0."player_id",pss1_0."red_cards",pss1_0."saves",pss1_0."season_id",pss1_0."shots",pss1_0."shots_on_target",pss1_0."substitutions_in",pss1_0."substitutions_out",pss1_0."tackles",pss1_0."yellow_cards" from "player_season_stats" pss1_0 where pss1_0."player_id"=?
Hibernate: select c1_0."id",c1_0."city",c1_0."finance_id",c1_0."foundation",c1_0."league_id",c1_0."logourl",c1_0."medical_center_id",c1_0."name",c1_0."stadium_id",c1_0."team_id",c1_0."training_facility_id",c1_0."under18_id",c1_0."youth_academy_id" from "club" c1_0 where c1_0."team_id"=?
Hibernate: insert into "player_career_stats" ("clubs_played","cup_titles","first_goal","first_professional_match","highest_season_rating","highest_transfer_value","international_caps","international_goals","league_titles","longest_goal_streak","milestone100goals","milestone100matches","most_assists_in_season","most_goals_in_season","player_id","total_assists","total_clean_sheets","total_goals","total_matches_played","total_red_cards","total_transfer_value","total_yellow_cards","id") values (?,?,?,?,?,?,?,?,?,?,?,?,?,?,?,?,?,?,?,?,?,?,default)
Hibernate: select pss1_0."id",pss1_0."assists",pss1_0."average_condition",pss1_0."average_morale",pss1_0."average_rating",pss1_0."clean_sheets",pss1_0."club_id",pss1_0."fouls_committed",pss1_0."fouls_received",pss1_0."goals",pss1_0."goals_conceded",pss1_0."highest_rating",pss1_0."injury_count",pss1_0."injury_days",pss1_0."interceptions",pss1_0."league_id",pss1_0."lowest_rating",pss1_0."man_of_the_match_awards",pss1_0."matches_played",pss1_0."matches_started",pss1_0."minutes_played",pss1_0."passes",pss1_0."passes_completed",pss1_0."penalties_saved",pss1_0."player_id",pss1_0."red_cards",pss1_0."saves",pss1_0."season_id",pss1_0."shots",pss1_0."shots_on_target",pss1_0."substitutions_in",pss1_0."substitutions_out",pss1_0."tackles",pss1_0."yellow_cards" from "player_season_stats" pss1_0 where pss1_0."player_id"=?
Hibernate: select c1_0."id",c1_0."city",c1_0."finance_id",c1_0."foundation",c1_0."league_id",c1_0."logourl",c1_0."medical_center_id",c1_0."name",c1_0."stadium_id",c1_0."team_id",c1_0."training_facility_id",c1_0."under18_id",c1_0."youth_academy_id" from "club" c1_0 where c1_0."team_id"=?
Hibernate: insert into "player_career_stats" ("clubs_played","cup_titles","first_goal","first_professional_match","highest_season_rating","highest_transfer_value","international_caps","international_goals","league_titles","longest_goal_streak","milestone100goals","milestone100matches","most_assists_in_season","most_goals_in_season","player_id","total_assists","total_clean_sheets","total_goals","total_matches_played","total_red_cards","total_transfer_value","total_yellow_cards","id") values (?,?,?,?,?,?,?,?,?,?,?,?,?,?,?,?,?,?,?,?,?,?,default)
Hibernate: select pss1_0."id",pss1_0."assists",pss1_0."average_condition",pss1_0."average_morale",pss1_0."average_rating",pss1_0."clean_sheets",pss1_0."club_id",pss1_0."fouls_committed",pss1_0."fouls_received",pss1_0."goals",pss1_0."goals_conceded",pss1_0."highest_rating",pss1_0."injury_count",pss1_0."injury_days",pss1_0."interceptions",pss1_0."league_id",pss1_0."lowest_rating",pss1_0."man_of_the_match_awards",pss1_0."matches_played",pss1_0."matches_started",pss1_0."minutes_played",pss1_0."passes",pss1_0."passes_completed",pss1_0."penalties_saved",pss1_0."player_id",pss1_0."red_cards",pss1_0."saves",pss1_0."season_id",pss1_0."shots",pss1_0."shots_on_target",pss1_0."substitutions_in",pss1_0."substitutions_out",pss1_0."tackles",pss1_0."yellow_cards" from "player_season_stats" pss1_0 where pss1_0."player_id"=?
Hibernate: select c1_0."id",c1_0."city",c1_0."finance_id",c1_0."foundation",c1_0."league_id",c1_0."logourl",c1_0."medical_center_id",c1_0."name",c1_0."stadium_id",c1_0."team_id",c1_0."training_facility_id",c1_0."under18_id",c1_0."youth_academy_id" from "club" c1_0 where c1_0."team_id"=?
Hibernate: insert into "player_career_stats" ("clubs_played","cup_titles","first_goal","first_professional_match","highest_season_rating","highest_transfer_value","international_caps","international_goals","league_titles","longest_goal_streak","milestone100goals","milestone100matches","most_assists_in_season","most_goals_in_season","player_id","total_assists","total_clean_sheets","total_goals","total_matches_played","total_red_cards","total_transfer_value","total_yellow_cards","id") values (?,?,?,?,?,?,?,?,?,?,?,?,?,?,?,?,?,?,?,?,?,?,default)
Hibernate: select pss1_0."id",pss1_0."assists",pss1_0."average_condition",pss1_0."average_morale",pss1_0."average_rating",pss1_0."clean_sheets",pss1_0."club_id",pss1_0."fouls_committed",pss1_0."fouls_received",pss1_0."goals",pss1_0."goals_conceded",pss1_0."highest_rating",pss1_0."injury_count",pss1_0."injury_days",pss1_0."interceptions",pss1_0."league_id",pss1_0."lowest_rating",pss1_0."man_of_the_match_awards",pss1_0."matches_played",pss1_0."matches_started",pss1_0."minutes_played",pss1_0."passes",pss1_0."passes_completed",pss1_0."penalties_saved",pss1_0."player_id",pss1_0."red_cards",pss1_0."saves",pss1_0."season_id",pss1_0."shots",pss1_0."shots_on_target",pss1_0."substitutions_in",pss1_0."substitutions_out",pss1_0."tackles",pss1_0."yellow_cards" from "player_season_stats" pss1_0 where pss1_0."player_id"=?
Hibernate: select s1_0."id",s1_0."is_current",s1_0."end_year",s1_0."league_id",s1_0."name",s1_0."next_round_number",s1_0."start_year" from "season" s1_0 where s1_0."is_current"
Hibernate: select c1_0."id",c1_0."city",c1_0."finance_id",c1_0."foundation",c1_0."league_id",c1_0."logourl",c1_0."medical_center_id",c1_0."name",c1_0."stadium_id",c1_0."team_id",c1_0."training_facility_id",c1_0."under18_id",c1_0."youth_academy_id" from "club" c1_0 where c1_0."team_id"=?
Hibernate: insert into "player_achievement" ("additional_data","club_id","date_achieved","description","player_id","season_id","title","type","id") values (?,?,?,?,?,?,?,?,default)
Hibernate: select c1_0."id",c1_0."city",c1_0."finance_id",c1_0."foundation",c1_0."league_id",c1_0."logourl",c1_0."medical_center_id",c1_0."name",c1_0."stadium_id",c1_0."team_id",c1_0."training_facility_id",c1_0."under18_id",c1_0."youth_academy_id" from "club" c1_0 where c1_0."team_id"=?
Hibernate: insert into "player_career_stats" ("clubs_played","cup_titles","first_goal","first_professional_match","highest_season_rating","highest_transfer_value","international_caps","international_goals","league_titles","longest_goal_streak","milestone100goals","milestone100matches","most_assists_in_season","most_goals_in_season","player_id","total_assists","total_clean_sheets","total_goals","total_matches_played","total_red_cards","total_transfer_value","total_yellow_cards","id") values (?,?,?,?,?,?,?,?,?,?,?,?,?,?,?,?,?,?,?,?,?,?,default)
Hibernate: select pss1_0."id",pss1_0."assists",pss1_0."average_condition",pss1_0."average_morale",pss1_0."average_rating",pss1_0."clean_sheets",pss1_0."club_id",pss1_0."fouls_committed",pss1_0."fouls_received",pss1_0."goals",pss1_0."goals_conceded",pss1_0."highest_rating",pss1_0."injury_count",pss1_0."injury_days",pss1_0."interceptions",pss1_0."league_id",pss1_0."lowest_rating",pss1_0."man_of_the_match_awards",pss1_0."matches_played",pss1_0."matches_started",pss1_0."minutes_played",pss1_0."passes",pss1_0."passes_completed",pss1_0."penalties_saved",pss1_0."player_id",pss1_0."red_cards",pss1_0."saves",pss1_0."season_id",pss1_0."shots",pss1_0."shots_on_target",pss1_0."substitutions_in",pss1_0."substitutions_out",pss1_0."tackles",pss1_0."yellow_cards" from "player_season_stats" pss1_0 where pss1_0."player_id"=?
Hibernate: select c1_0."id",c1_0."city",c1_0."finance_id",c1_0."foundation",c1_0."league_id",c1_0."logourl",c1_0."medical_center_id",c1_0."name",c1_0."stadium_id",c1_0."team_id",c1_0."training_facility_id",c1_0."under18_id",c1_0."youth_academy_id" from "club" c1_0 where c1_0."team_id"=?
Hibernate: insert into "player_career_stats" ("clubs_played","cup_titles","first_goal","first_professional_match","highest_season_rating","highest_transfer_value","international_caps","international_goals","league_titles","longest_goal_streak","milestone100goals","milestone100matches","most_assists_in_season","most_goals_in_season","player_id","total_assists","total_clean_sheets","total_goals","total_matches_played","total_red_cards","total_transfer_value","total_yellow_cards","id") values (?,?,?,?,?,?,?,?,?,?,?,?,?,?,?,?,?,?,?,?,?,?,default)
Hibernate: select pss1_0."id",pss1_0."assists",pss1_0."average_condition",pss1_0."average_morale",pss1_0."average_rating",pss1_0."clean_sheets",pss1_0."club_id",pss1_0."fouls_committed",pss1_0."fouls_received",pss1_0."goals",pss1_0."goals_conceded",pss1_0."highest_rating",pss1_0."injury_count",pss1_0."injury_days",pss1_0."interceptions",pss1_0."league_id",pss1_0."lowest_rating",pss1_0."man_of_the_match_awards",pss1_0."matches_played",pss1_0."matches_started",pss1_0."minutes_played",pss1_0."passes",pss1_0."passes_completed",pss1_0."penalties_saved",pss1_0."player_id",pss1_0."red_cards",pss1_0."saves",pss1_0."season_id",pss1_0."shots",pss1_0."shots_on_target",pss1_0."substitutions_in",pss1_0."substitutions_out",pss1_0."tackles",pss1_0."yellow_cards" from "player_season_stats" pss1_0 where pss1_0."player_id"=?
Hibernate: select s1_0."id",s1_0."is_current",s1_0."end_year",s1_0."league_id",s1_0."name",s1_0."next_round_number",s1_0."start_year" from "season" s1_0 where s1_0."is_current"
Hibernate: select c1_0."id",c1_0."city",c1_0."finance_id",c1_0."foundation",c1_0."league_id",c1_0."logourl",c1_0."medical_center_id",c1_0."name",c1_0."stadium_id",c1_0."team_id",c1_0."training_facility_id",c1_0."under18_id",c1_0."youth_academy_id" from "club" c1_0 where c1_0."team_id"=?
Hibernate: insert into "player_achievement" ("additional_data","club_id","date_achieved","description","player_id","season_id","title","type","id") values (?,?,?,?,?,?,?,?,default)
Hibernate: select c1_0."id",c1_0."city",c1_0."finance_id",c1_0."foundation",c1_0."league_id",c1_0."logourl",c1_0."medical_center_id",c1_0."name",c1_0."stadium_id",c1_0."team_id",c1_0."training_facility_id",c1_0."under18_id",c1_0."youth_academy_id" from "club" c1_0 where c1_0."team_id"=?
Hibernate: insert into "player_career_stats" ("clubs_played","cup_titles","first_goal","first_professional_match","highest_season_rating","highest_transfer_value","international_caps","international_goals","league_titles","longest_goal_streak","milestone100goals","milestone100matches","most_assists_in_season","most_goals_in_season","player_id","total_assists","total_clean_sheets","total_goals","total_matches_played","total_red_cards","total_transfer_value","total_yellow_cards","id") values (?,?,?,?,?,?,?,?,?,?,?,?,?,?,?,?,?,?,?,?,?,?,default)
Hibernate: select pss1_0."id",pss1_0."assists",pss1_0."average_condition",pss1_0."average_morale",pss1_0."average_rating",pss1_0."clean_sheets",pss1_0."club_id",pss1_0."fouls_committed",pss1_0."fouls_received",pss1_0."goals",pss1_0."goals_conceded",pss1_0."highest_rating",pss1_0."injury_count",pss1_0."injury_days",pss1_0."interceptions",pss1_0."league_id",pss1_0."lowest_rating",pss1_0."man_of_the_match_awards",pss1_0."matches_played",pss1_0."matches_started",pss1_0."minutes_played",pss1_0."passes",pss1_0."passes_completed",pss1_0."penalties_saved",pss1_0."player_id",pss1_0."red_cards",pss1_0."saves",pss1_0."season_id",pss1_0."shots",pss1_0."shots_on_target",pss1_0."substitutions_in",pss1_0."substitutions_out",pss1_0."tackles",pss1_0."yellow_cards" from "player_season_stats" pss1_0 where pss1_0."player_id"=?
Hibernate: select c1_0."id",c1_0."city",c1_0."finance_id",c1_0."foundation",c1_0."league_id",c1_0."logourl",c1_0."medical_center_id",c1_0."name",c1_0."stadium_id",c1_0."team_id",c1_0."training_facility_id",c1_0."under18_id",c1_0."youth_academy_id" from "club" c1_0 where c1_0."team_id"=?
Hibernate: insert into "player_career_stats" ("clubs_played","cup_titles","first_goal","first_professional_match","highest_season_rating","highest_transfer_value","international_caps","international_goals","league_titles","longest_goal_streak","milestone100goals","milestone100matches","most_assists_in_season","most_goals_in_season","player_id","total_assists","total_clean_sheets","total_goals","total_matches_played","total_red_cards","total_transfer_value","total_yellow_cards","id") values (?,?,?,?,?,?,?,?,?,?,?,?,?,?,?,?,?,?,?,?,?,?,default)
Hibernate: select pss1_0."id",pss1_0."assists",pss1_0."average_condition",pss1_0."average_morale",pss1_0."average_rating",pss1_0."clean_sheets",pss1_0."club_id",pss1_0."fouls_committed",pss1_0."fouls_received",pss1_0."goals",pss1_0."goals_conceded",pss1_0."highest_rating",pss1_0."injury_count",pss1_0."injury_days",pss1_0."interceptions",pss1_0."league_id",pss1_0."lowest_rating",pss1_0."man_of_the_match_awards",pss1_0."matches_played",pss1_0."matches_started",pss1_0."minutes_played",pss1_0."passes",pss1_0."passes_completed",pss1_0."penalties_saved",pss1_0."player_id",pss1_0."red_cards",pss1_0."saves",pss1_0."season_id",pss1_0."shots",pss1_0."shots_on_target",pss1_0."substitutions_in",pss1_0."substitutions_out",pss1_0."tackles",pss1_0."yellow_cards" from "player_season_stats" pss1_0 where pss1_0."player_id"=?
Hibernate: select c1_0."id",c1_0."city",c1_0."finance_id",c1_0."foundation",c1_0."league_id",c1_0."logourl",c1_0."medical_center_id",c1_0."name",c1_0."stadium_id",c1_0."team_id",c1_0."training_facility_id",c1_0."under18_id",c1_0."youth_academy_id" from "club" c1_0 where c1_0."team_id"=?
Hibernate: insert into "player_career_stats" ("clubs_played","cup_titles","first_goal","first_professional_match","highest_season_rating","highest_transfer_value","international_caps","international_goals","league_titles","longest_goal_streak","milestone100goals","milestone100matches","most_assists_in_season","most_goals_in_season","player_id","total_assists","total_clean_sheets","total_goals","total_matches_played","total_red_cards","total_transfer_value","total_yellow_cards","id") values (?,?,?,?,?,?,?,?,?,?,?,?,?,?,?,?,?,?,?,?,?,?,default)
Hibernate: select pss1_0."id",pss1_0."assists",pss1_0."average_condition",pss1_0."average_morale",pss1_0."average_rating",pss1_0."clean_sheets",pss1_0."club_id",pss1_0."fouls_committed",pss1_0."fouls_received",pss1_0."goals",pss1_0."goals_conceded",pss1_0."highest_rating",pss1_0."injury_count",pss1_0."injury_days",pss1_0."interceptions",pss1_0."league_id",pss1_0."lowest_rating",pss1_0."man_of_the_match_awards",pss1_0."matches_played",pss1_0."matches_started",pss1_0."minutes_played",pss1_0."passes",pss1_0."passes_completed",pss1_0."penalties_saved",pss1_0."player_id",pss1_0."red_cards",pss1_0."saves",pss1_0."season_id",pss1_0."shots",pss1_0."shots_on_target",pss1_0."substitutions_in",pss1_0."substitutions_out",pss1_0."tackles",pss1_0."yellow_cards" from "player_season_stats" pss1_0 where pss1_0."player_id"=?
Hibernate: select c1_0."id",c1_0."city",c1_0."finance_id",c1_0."foundation",c1_0."league_id",c1_0."logourl",c1_0."medical_center_id",c1_0."name",c1_0."stadium_id",c1_0."team_id",c1_0."training_facility_id",c1_0."under18_id",c1_0."youth_academy_id" from "club" c1_0 where c1_0."team_id"=?
Hibernate: insert into "player_career_stats" ("clubs_played","cup_titles","first_goal","first_professional_match","highest_season_rating","highest_transfer_value","international_caps","international_goals","league_titles","longest_goal_streak","milestone100goals","milestone100matches","most_assists_in_season","most_goals_in_season","player_id","total_assists","total_clean_sheets","total_goals","total_matches_played","total_red_cards","total_transfer_value","total_yellow_cards","id") values (?,?,?,?,?,?,?,?,?,?,?,?,?,?,?,?,?,?,?,?,?,?,default)
Hibernate: select pss1_0."id",pss1_0."assists",pss1_0."average_condition",pss1_0."average_morale",pss1_0."average_rating",pss1_0."clean_sheets",pss1_0."club_id",pss1_0."fouls_committed",pss1_0."fouls_received",pss1_0."goals",pss1_0."goals_conceded",pss1_0."highest_rating",pss1_0."injury_count",pss1_0."injury_days",pss1_0."interceptions",pss1_0."league_id",pss1_0."lowest_rating",pss1_0."man_of_the_match_awards",pss1_0."matches_played",pss1_0."matches_started",pss1_0."minutes_played",pss1_0."passes",pss1_0."passes_completed",pss1_0."penalties_saved",pss1_0."player_id",pss1_0."red_cards",pss1_0."saves",pss1_0."season_id",pss1_0."shots",pss1_0."shots_on_target",pss1_0."substitutions_in",pss1_0."substitutions_out",pss1_0."tackles",pss1_0."yellow_cards" from "player_season_stats" pss1_0 where pss1_0."player_id"=?
Hibernate: select c1_0."id",c1_0."city",c1_0."finance_id",c1_0."foundation",c1_0."league_id",c1_0."logourl",c1_0."medical_center_id",c1_0."name",c1_0."stadium_id",c1_0."team_id",c1_0."training_facility_id",c1_0."under18_id",c1_0."youth_academy_id" from "club" c1_0 where c1_0."team_id"=?
Hibernate: insert into "player_career_stats" ("clubs_played","cup_titles","first_goal","first_professional_match","highest_season_rating","highest_transfer_value","international_caps","international_goals","league_titles","longest_goal_streak","milestone100goals","milestone100matches","most_assists_in_season","most_goals_in_season","player_id","total_assists","total_clean_sheets","total_goals","total_matches_played","total_red_cards","total_transfer_value","total_yellow_cards","id") values (?,?,?,?,?,?,?,?,?,?,?,?,?,?,?,?,?,?,?,?,?,?,default)
Hibernate: select pss1_0."id",pss1_0."assists",pss1_0."average_condition",pss1_0."average_morale",pss1_0."average_rating",pss1_0."clean_sheets",pss1_0."club_id",pss1_0."fouls_committed",pss1_0."fouls_received",pss1_0."goals",pss1_0."goals_conceded",pss1_0."highest_rating",pss1_0."injury_count",pss1_0."injury_days",pss1_0."interceptions",pss1_0."league_id",pss1_0."lowest_rating",pss1_0."man_of_the_match_awards",pss1_0."matches_played",pss1_0."matches_started",pss1_0."minutes_played",pss1_0."passes",pss1_0."passes_completed",pss1_0."penalties_saved",pss1_0."player_id",pss1_0."red_cards",pss1_0."saves",pss1_0."season_id",pss1_0."shots",pss1_0."shots_on_target",pss1_0."substitutions_in",pss1_0."substitutions_out",pss1_0."tackles",pss1_0."yellow_cards" from "player_season_stats" pss1_0 where pss1_0."player_id"=?
Hibernate: select c1_0."id",c1_0."city",c1_0."finance_id",c1_0."foundation",c1_0."league_id",c1_0."logourl",c1_0."medical_center_id",c1_0."name",c1_0."stadium_id",c1_0."team_id",c1_0."training_facility_id",c1_0."under18_id",c1_0."youth_academy_id" from "club" c1_0 where c1_0."team_id"=?
Hibernate: insert into "player_career_stats" ("clubs_played","cup_titles","first_goal","first_professional_match","highest_season_rating","highest_transfer_value","international_caps","international_goals","league_titles","longest_goal_streak","milestone100goals","milestone100matches","most_assists_in_season","most_goals_in_season","player_id","total_assists","total_clean_sheets","total_goals","total_matches_played","total_red_cards","total_transfer_value","total_yellow_cards","id") values (?,?,?,?,?,?,?,?,?,?,?,?,?,?,?,?,?,?,?,?,?,?,default)
Hibernate: select pss1_0."id",pss1_0."assists",pss1_0."average_condition",pss1_0."average_morale",pss1_0."average_rating",pss1_0."clean_sheets",pss1_0."club_id",pss1_0."fouls_committed",pss1_0."fouls_received",pss1_0."goals",pss1_0."goals_conceded",pss1_0."highest_rating",pss1_0."injury_count",pss1_0."injury_days",pss1_0."interceptions",pss1_0."league_id",pss1_0."lowest_rating",pss1_0."man_of_the_match_awards",pss1_0."matches_played",pss1_0."matches_started",pss1_0."minutes_played",pss1_0."passes",pss1_0."passes_completed",pss1_0."penalties_saved",pss1_0."player_id",pss1_0."red_cards",pss1_0."saves",pss1_0."season_id",pss1_0."shots",pss1_0."shots_on_target",pss1_0."substitutions_in",pss1_0."substitutions_out",pss1_0."tackles",pss1_0."yellow_cards" from "player_season_stats" pss1_0 where pss1_0."player_id"=?
Hibernate: select c1_0."id",c1_0."city",c1_0."finance_id",c1_0."foundation",c1_0."league_id",c1_0."logourl",c1_0."medical_center_id",c1_0."name",c1_0."stadium_id",c1_0."team_id",c1_0."training_facility_id",c1_0."under18_id",c1_0."youth_academy_id" from "club" c1_0 where c1_0."team_id"=?
Hibernate: insert into "player_career_stats" ("clubs_played","cup_titles","first_goal","first_professional_match","highest_season_rating","highest_transfer_value","international_caps","international_goals","league_titles","longest_goal_streak","milestone100goals","milestone100matches","most_assists_in_season","most_goals_in_season","player_id","total_assists","total_clean_sheets","total_goals","total_matches_played","total_red_cards","total_transfer_value","total_yellow_cards","id") values (?,?,?,?,?,?,?,?,?,?,?,?,?,?,?,?,?,?,?,?,?,?,default)
Hibernate: select pss1_0."id",pss1_0."assists",pss1_0."average_condition",pss1_0."average_morale",pss1_0."average_rating",pss1_0."clean_sheets",pss1_0."club_id",pss1_0."fouls_committed",pss1_0."fouls_received",pss1_0."goals",pss1_0."goals_conceded",pss1_0."highest_rating",pss1_0."injury_count",pss1_0."injury_days",pss1_0."interceptions",pss1_0."league_id",pss1_0."lowest_rating",pss1_0."man_of_the_match_awards",pss1_0."matches_played",pss1_0."matches_started",pss1_0."minutes_played",pss1_0."passes",pss1_0."passes_completed",pss1_0."penalties_saved",pss1_0."player_id",pss1_0."red_cards",pss1_0."saves",pss1_0."season_id",pss1_0."shots",pss1_0."shots_on_target",pss1_0."substitutions_in",pss1_0."substitutions_out",pss1_0."tackles",pss1_0."yellow_cards" from "player_season_stats" pss1_0 where pss1_0."player_id"=?
Hibernate: select s1_0."id",s1_0."is_current",s1_0."end_year",s1_0."league_id",s1_0."name",s1_0."next_round_number",s1_0."start_year" from "season" s1_0 where s1_0."is_current"
Hibernate: select c1_0."id",c1_0."city",c1_0."finance_id",c1_0."foundation",c1_0."league_id",c1_0."logourl",c1_0."medical_center_id",c1_0."name",c1_0."stadium_id",c1_0."team_id",c1_0."training_facility_id",c1_0."under18_id",c1_0."youth_academy_id" from "club" c1_0 where c1_0."team_id"=?
Hibernate: insert into "player_achievement" ("additional_data","club_id","date_achieved","description","player_id","season_id","title","type","id") values (?,?,?,?,?,?,?,?,default)
Hibernate: select c1_0."id",c1_0."city",c1_0."finance_id",c1_0."foundation",c1_0."league_id",c1_0."logourl",c1_0."medical_center_id",c1_0."name",c1_0."stadium_id",c1_0."team_id",c1_0."training_facility_id",c1_0."under18_id",c1_0."youth_academy_id" from "club" c1_0 where c1_0."team_id"=?
Hibernate: insert into "player_career_stats" ("clubs_played","cup_titles","first_goal","first_professional_match","highest_season_rating","highest_transfer_value","international_caps","international_goals","league_titles","longest_goal_streak","milestone100goals","milestone100matches","most_assists_in_season","most_goals_in_season","player_id","total_assists","total_clean_sheets","total_goals","total_matches_played","total_red_cards","total_transfer_value","total_yellow_cards","id") values (?,?,?,?,?,?,?,?,?,?,?,?,?,?,?,?,?,?,?,?,?,?,default)
Hibernate: select pss1_0."id",pss1_0."assists",pss1_0."average_condition",pss1_0."average_morale",pss1_0."average_rating",pss1_0."clean_sheets",pss1_0."club_id",pss1_0."fouls_committed",pss1_0."fouls_received",pss1_0."goals",pss1_0."goals_conceded",pss1_0."highest_rating",pss1_0."injury_count",pss1_0."injury_days",pss1_0."interceptions",pss1_0."league_id",pss1_0."lowest_rating",pss1_0."man_of_the_match_awards",pss1_0."matches_played",pss1_0."matches_started",pss1_0."minutes_played",pss1_0."passes",pss1_0."passes_completed",pss1_0."penalties_saved",pss1_0."player_id",pss1_0."red_cards",pss1_0."saves",pss1_0."season_id",pss1_0."shots",pss1_0."shots_on_target",pss1_0."substitutions_in",pss1_0."substitutions_out",pss1_0."tackles",pss1_0."yellow_cards" from "player_season_stats" pss1_0 where pss1_0."player_id"=?
Hibernate: select c1_0."id",c1_0."city",c1_0."finance_id",c1_0."foundation",c1_0."league_id",c1_0."logourl",c1_0."medical_center_id",c1_0."name",c1_0."stadium_id",c1_0."team_id",c1_0."training_facility_id",c1_0."under18_id",c1_0."youth_academy_id" from "club" c1_0 where c1_0."team_id"=?
Hibernate: insert into "player_career_stats" ("clubs_played","cup_titles","first_goal","first_professional_match","highest_season_rating","highest_transfer_value","international_caps","international_goals","league_titles","longest_goal_streak","milestone100goals","milestone100matches","most_assists_in_season","most_goals_in_season","player_id","total_assists","total_clean_sheets","total_goals","total_matches_played","total_red_cards","total_transfer_value","total_yellow_cards","id") values (?,?,?,?,?,?,?,?,?,?,?,?,?,?,?,?,?,?,?,?,?,?,default)
Hibernate: select pss1_0."id",pss1_0."assists",pss1_0."average_condition",pss1_0."average_morale",pss1_0."average_rating",pss1_0."clean_sheets",pss1_0."club_id",pss1_0."fouls_committed",pss1_0."fouls_received",pss1_0."goals",pss1_0."goals_conceded",pss1_0."highest_rating",pss1_0."injury_count",pss1_0."injury_days",pss1_0."interceptions",pss1_0."league_id",pss1_0."lowest_rating",pss1_0."man_of_the_match_awards",pss1_0."matches_played",pss1_0."matches_started",pss1_0."minutes_played",pss1_0."passes",pss1_0."passes_completed",pss1_0."penalties_saved",pss1_0."player_id",pss1_0."red_cards",pss1_0."saves",pss1_0."season_id",pss1_0."shots",pss1_0."shots_on_target",pss1_0."substitutions_in",pss1_0."substitutions_out",pss1_0."tackles",pss1_0."yellow_cards" from "player_season_stats" pss1_0 where pss1_0."player_id"=?
Hibernate: select c1_0."id",c1_0."city",c1_0."finance_id",c1_0."foundation",c1_0."league_id",c1_0."logourl",c1_0."medical_center_id",c1_0."name",c1_0."stadium_id",c1_0."team_id",c1_0."training_facility_id",c1_0."under18_id",c1_0."youth_academy_id" from "club" c1_0 where c1_0."team_id"=?
Hibernate: insert into "player_career_stats" ("clubs_played","cup_titles","first_goal","first_professional_match","highest_season_rating","highest_transfer_value","international_caps","international_goals","league_titles","longest_goal_streak","milestone100goals","milestone100matches","most_assists_in_season","most_goals_in_season","player_id","total_assists","total_clean_sheets","total_goals","total_matches_played","total_red_cards","total_transfer_value","total_yellow_cards","id") values (?,?,?,?,?,?,?,?,?,?,?,?,?,?,?,?,?,?,?,?,?,?,default)
Hibernate: select pss1_0."id",pss1_0."assists",pss1_0."average_condition",pss1_0."average_morale",pss1_0."average_rating",pss1_0."clean_sheets",pss1_0."club_id",pss1_0."fouls_committed",pss1_0."fouls_received",pss1_0."goals",pss1_0."goals_conceded",pss1_0."highest_rating",pss1_0."injury_count",pss1_0."injury_days",pss1_0."interceptions",pss1_0."league_id",pss1_0."lowest_rating",pss1_0."man_of_the_match_awards",pss1_0."matches_played",pss1_0."matches_started",pss1_0."minutes_played",pss1_0."passes",pss1_0."passes_completed",pss1_0."penalties_saved",pss1_0."player_id",pss1_0."red_cards",pss1_0."saves",pss1_0."season_id",pss1_0."shots",pss1_0."shots_on_target",pss1_0."substitutions_in",pss1_0."substitutions_out",pss1_0."tackles",pss1_0."yellow_cards" from "player_season_stats" pss1_0 where pss1_0."player_id"=?
Hibernate: select c1_0."id",c1_0."city",c1_0."finance_id",c1_0."foundation",c1_0."league_id",c1_0."logourl",c1_0."medical_center_id",c1_0."name",c1_0."stadium_id",c1_0."team_id",c1_0."training_facility_id",c1_0."under18_id",c1_0."youth_academy_id" from "club" c1_0 where c1_0."team_id"=?
Hibernate: insert into "player_career_stats" ("clubs_played","cup_titles","first_goal","first_professional_match","highest_season_rating","highest_transfer_value","international_caps","international_goals","league_titles","longest_goal_streak","milestone100goals","milestone100matches","most_assists_in_season","most_goals_in_season","player_id","total_assists","total_clean_sheets","total_goals","total_matches_played","total_red_cards","total_transfer_value","total_yellow_cards","id") values (?,?,?,?,?,?,?,?,?,?,?,?,?,?,?,?,?,?,?,?,?,?,default)
Hibernate: select pss1_0."id",pss1_0."assists",pss1_0."average_condition",pss1_0."average_morale",pss1_0."average_rating",pss1_0."clean_sheets",pss1_0."club_id",pss1_0."fouls_committed",pss1_0."fouls_received",pss1_0."goals",pss1_0."goals_conceded",pss1_0."highest_rating",pss1_0."injury_count",pss1_0."injury_days",pss1_0."interceptions",pss1_0."league_id",pss1_0."lowest_rating",pss1_0."man_of_the_match_awards",pss1_0."matches_played",pss1_0."matches_started",pss1_0."minutes_played",pss1_0."passes",pss1_0."passes_completed",pss1_0."penalties_saved",pss1_0."player_id",pss1_0."red_cards",pss1_0."saves",pss1_0."season_id",pss1_0."shots",pss1_0."shots_on_target",pss1_0."substitutions_in",pss1_0."substitutions_out",pss1_0."tackles",pss1_0."yellow_cards" from "player_season_stats" pss1_0 where pss1_0."player_id"=?
Hibernate: select c1_0."id",c1_0."city",c1_0."finance_id",c1_0."foundation",c1_0."league_id",c1_0."logourl",c1_0."medical_center_id",c1_0."name",c1_0."stadium_id",c1_0."team_id",c1_0."training_facility_id",c1_0."under18_id",c1_0."youth_academy_id" from "club" c1_0 where c1_0."team_id"=?
Hibernate: insert into "player_career_stats" ("clubs_played","cup_titles","first_goal","first_professional_match","highest_season_rating","highest_transfer_value","international_caps","international_goals","league_titles","longest_goal_streak","milestone100goals","milestone100matches","most_assists_in_season","most_goals_in_season","player_id","total_assists","total_clean_sheets","total_goals","total_matches_played","total_red_cards","total_transfer_value","total_yellow_cards","id") values (?,?,?,?,?,?,?,?,?,?,?,?,?,?,?,?,?,?,?,?,?,?,default)
Hibernate: select pss1_0."id",pss1_0."assists",pss1_0."average_condition",pss1_0."average_morale",pss1_0."average_rating",pss1_0."clean_sheets",pss1_0."club_id",pss1_0."fouls_committed",pss1_0."fouls_received",pss1_0."goals",pss1_0."goals_conceded",pss1_0."highest_rating",pss1_0."injury_count",pss1_0."injury_days",pss1_0."interceptions",pss1_0."league_id",pss1_0."lowest_rating",pss1_0."man_of_the_match_awards",pss1_0."matches_played",pss1_0."matches_started",pss1_0."minutes_played",pss1_0."passes",pss1_0."passes_completed",pss1_0."penalties_saved",pss1_0."player_id",pss1_0."red_cards",pss1_0."saves",pss1_0."season_id",pss1_0."shots",pss1_0."shots_on_target",pss1_0."substitutions_in",pss1_0."substitutions_out",pss1_0."tackles",pss1_0."yellow_cards" from "player_season_stats" pss1_0 where pss1_0."player_id"=?
Hibernate: select c1_0."id",c1_0."city",c1_0."finance_id",c1_0."foundation",c1_0."league_id",c1_0."logourl",c1_0."medical_center_id",c1_0."name",c1_0."stadium_id",c1_0."team_id",c1_0."training_facility_id",c1_0."under18_id",c1_0."youth_academy_id" from "club" c1_0 where c1_0."team_id"=?
Hibernate: insert into "player_career_stats" ("clubs_played","cup_titles","first_goal","first_professional_match","highest_season_rating","highest_transfer_value","international_caps","international_goals","league_titles","longest_goal_streak","milestone100goals","milestone100matches","most_assists_in_season","most_goals_in_season","player_id","total_assists","total_clean_sheets","total_goals","total_matches_played","total_red_cards","total_transfer_value","total_yellow_cards","id") values (?,?,?,?,?,?,?,?,?,?,?,?,?,?,?,?,?,?,?,?,?,?,default)
Hibernate: select pss1_0."id",pss1_0."assists",pss1_0."average_condition",pss1_0."average_morale",pss1_0."average_rating",pss1_0."clean_sheets",pss1_0."club_id",pss1_0."fouls_committed",pss1_0."fouls_received",pss1_0."goals",pss1_0."goals_conceded",pss1_0."highest_rating",pss1_0."injury_count",pss1_0."injury_days",pss1_0."interceptions",pss1_0."league_id",pss1_0."lowest_rating",pss1_0."man_of_the_match_awards",pss1_0."matches_played",pss1_0."matches_started",pss1_0."minutes_played",pss1_0."passes",pss1_0."passes_completed",pss1_0."penalties_saved",pss1_0."player_id",pss1_0."red_cards",pss1_0."saves",pss1_0."season_id",pss1_0."shots",pss1_0."shots_on_target",pss1_0."substitutions_in",pss1_0."substitutions_out",pss1_0."tackles",pss1_0."yellow_cards" from "player_season_stats" pss1_0 where pss1_0."player_id"=?
Hibernate: select c1_0."id",c1_0."city",c1_0."finance_id",c1_0."foundation",c1_0."league_id",c1_0."logourl",c1_0."medical_center_id",c1_0."name",c1_0."stadium_id",c1_0."team_id",c1_0."training_facility_id",c1_0."under18_id",c1_0."youth_academy_id" from "club" c1_0 where c1_0."team_id"=?
Hibernate: insert into "player_career_stats" ("clubs_played","cup_titles","first_goal","first_professional_match","highest_season_rating","highest_transfer_value","international_caps","international_goals","league_titles","longest_goal_streak","milestone100goals","milestone100matches","most_assists_in_season","most_goals_in_season","player_id","total_assists","total_clean_sheets","total_goals","total_matches_played","total_red_cards","total_transfer_value","total_yellow_cards","id") values (?,?,?,?,?,?,?,?,?,?,?,?,?,?,?,?,?,?,?,?,?,?,default)
Hibernate: select pss1_0."id",pss1_0."assists",pss1_0."average_condition",pss1_0."average_morale",pss1_0."average_rating",pss1_0."clean_sheets",pss1_0."club_id",pss1_0."fouls_committed",pss1_0."fouls_received",pss1_0."goals",pss1_0."goals_conceded",pss1_0."highest_rating",pss1_0."injury_count",pss1_0."injury_days",pss1_0."interceptions",pss1_0."league_id",pss1_0."lowest_rating",pss1_0."man_of_the_match_awards",pss1_0."matches_played",pss1_0."matches_started",pss1_0."minutes_played",pss1_0."passes",pss1_0."passes_completed",pss1_0."penalties_saved",pss1_0."player_id",pss1_0."red_cards",pss1_0."saves",pss1_0."season_id",pss1_0."shots",pss1_0."shots_on_target",pss1_0."substitutions_in",pss1_0."substitutions_out",pss1_0."tackles",pss1_0."yellow_cards" from "player_season_stats" pss1_0 where pss1_0."player_id"=?
Hibernate: select s1_0."id",s1_0."is_current",s1_0."end_year",s1_0."league_id",s1_0."name",s1_0."next_round_number",s1_0."start_year" from "season" s1_0 where s1_0."is_current"
Hibernate: select c1_0."id",c1_0."city",c1_0."finance_id",c1_0."foundation",c1_0."league_id",c1_0."logourl",c1_0."medical_center_id",c1_0."name",c1_0."stadium_id",c1_0."team_id",c1_0."training_facility_id",c1_0."under18_id",c1_0."youth_academy_id" from "club" c1_0 where c1_0."team_id"=?
Hibernate: insert into "player_achievement" ("additional_data","club_id","date_achieved","description","player_id","season_id","title","type","id") values (?,?,?,?,?,?,?,?,default)
Hibernate: select c1_0."id",c1_0."city",c1_0."finance_id",c1_0."foundation",c1_0."league_id",c1_0."logourl",c1_0."medical_center_id",c1_0."name",c1_0."stadium_id",c1_0."team_id",c1_0."training_facility_id",c1_0."under18_id",c1_0."youth_academy_id" from "club" c1_0 where c1_0."team_id"=?
Hibernate: insert into "player_career_stats" ("clubs_played","cup_titles","first_goal","first_professional_match","highest_season_rating","highest_transfer_value","international_caps","international_goals","league_titles","longest_goal_streak","milestone100goals","milestone100matches","most_assists_in_season","most_goals_in_season","player_id","total_assists","total_clean_sheets","total_goals","total_matches_played","total_red_cards","total_transfer_value","total_yellow_cards","id") values (?,?,?,?,?,?,?,?,?,?,?,?,?,?,?,?,?,?,?,?,?,?,default)
Hibernate: select pss1_0."id",pss1_0."assists",pss1_0."average_condition",pss1_0."average_morale",pss1_0."average_rating",pss1_0."clean_sheets",pss1_0."club_id",pss1_0."fouls_committed",pss1_0."fouls_received",pss1_0."goals",pss1_0."goals_conceded",pss1_0."highest_rating",pss1_0."injury_count",pss1_0."injury_days",pss1_0."interceptions",pss1_0."league_id",pss1_0."lowest_rating",pss1_0."man_of_the_match_awards",pss1_0."matches_played",pss1_0."matches_started",pss1_0."minutes_played",pss1_0."passes",pss1_0."passes_completed",pss1_0."penalties_saved",pss1_0."player_id",pss1_0."red_cards",pss1_0."saves",pss1_0."season_id",pss1_0."shots",pss1_0."shots_on_target",pss1_0."substitutions_in",pss1_0."substitutions_out",pss1_0."tackles",pss1_0."yellow_cards" from "player_season_stats" pss1_0 where pss1_0."player_id"=?
Hibernate: select c1_0."id",c1_0."city",c1_0."finance_id",c1_0."foundation",c1_0."league_id",c1_0."logourl",c1_0."medical_center_id",c1_0."name",c1_0."stadium_id",c1_0."team_id",c1_0."training_facility_id",c1_0."under18_id",c1_0."youth_academy_id" from "club" c1_0 where c1_0."team_id"=?
Hibernate: insert into "player_career_stats" ("clubs_played","cup_titles","first_goal","first_professional_match","highest_season_rating","highest_transfer_value","international_caps","international_goals","league_titles","longest_goal_streak","milestone100goals","milestone100matches","most_assists_in_season","most_goals_in_season","player_id","total_assists","total_clean_sheets","total_goals","total_matches_played","total_red_cards","total_transfer_value","total_yellow_cards","id") values (?,?,?,?,?,?,?,?,?,?,?,?,?,?,?,?,?,?,?,?,?,?,default)
Hibernate: select pss1_0."id",pss1_0."assists",pss1_0."average_condition",pss1_0."average_morale",pss1_0."average_rating",pss1_0."clean_sheets",pss1_0."club_id",pss1_0."fouls_committed",pss1_0."fouls_received",pss1_0."goals",pss1_0."goals_conceded",pss1_0."highest_rating",pss1_0."injury_count",pss1_0."injury_days",pss1_0."interceptions",pss1_0."league_id",pss1_0."lowest_rating",pss1_0."man_of_the_match_awards",pss1_0."matches_played",pss1_0."matches_started",pss1_0."minutes_played",pss1_0."passes",pss1_0."passes_completed",pss1_0."penalties_saved",pss1_0."player_id",pss1_0."red_cards",pss1_0."saves",pss1_0."season_id",pss1_0."shots",pss1_0."shots_on_target",pss1_0."substitutions_in",pss1_0."substitutions_out",pss1_0."tackles",pss1_0."yellow_cards" from "player_season_stats" pss1_0 where pss1_0."player_id"=?
Hibernate: select c1_0."id",c1_0."city",c1_0."finance_id",c1_0."foundation",c1_0."league_id",c1_0."logourl",c1_0."medical_center_id",c1_0."name",c1_0."stadium_id",c1_0."team_id",c1_0."training_facility_id",c1_0."under18_id",c1_0."youth_academy_id" from "club" c1_0 where c1_0."team_id"=?
Hibernate: insert into "player_career_stats" ("clubs_played","cup_titles","first_goal","first_professional_match","highest_season_rating","highest_transfer_value","international_caps","international_goals","league_titles","longest_goal_streak","milestone100goals","milestone100matches","most_assists_in_season","most_goals_in_season","player_id","total_assists","total_clean_sheets","total_goals","total_matches_played","total_red_cards","total_transfer_value","total_yellow_cards","id") values (?,?,?,?,?,?,?,?,?,?,?,?,?,?,?,?,?,?,?,?,?,?,default)
Hibernate: select pss1_0."id",pss1_0."assists",pss1_0."average_condition",pss1_0."average_morale",pss1_0."average_rating",pss1_0."clean_sheets",pss1_0."club_id",pss1_0."fouls_committed",pss1_0."fouls_received",pss1_0."goals",pss1_0."goals_conceded",pss1_0."highest_rating",pss1_0."injury_count",pss1_0."injury_days",pss1_0."interceptions",pss1_0."league_id",pss1_0."lowest_rating",pss1_0."man_of_the_match_awards",pss1_0."matches_played",pss1_0."matches_started",pss1_0."minutes_played",pss1_0."passes",pss1_0."passes_completed",pss1_0."penalties_saved",pss1_0."player_id",pss1_0."red_cards",pss1_0."saves",pss1_0."season_id",pss1_0."shots",pss1_0."shots_on_target",pss1_0."substitutions_in",pss1_0."substitutions_out",pss1_0."tackles",pss1_0."yellow_cards" from "player_season_stats" pss1_0 where pss1_0."player_id"=?
Hibernate: select c1_0."id",c1_0."city",c1_0."finance_id",c1_0."foundation",c1_0."league_id",c1_0."logourl",c1_0."medical_center_id",c1_0."name",c1_0."stadium_id",c1_0."team_id",c1_0."training_facility_id",c1_0."under18_id",c1_0."youth_academy_id" from "club" c1_0 where c1_0."team_id"=?
Hibernate: insert into "player_career_stats" ("clubs_played","cup_titles","first_goal","first_professional_match","highest_season_rating","highest_transfer_value","international_caps","international_goals","league_titles","longest_goal_streak","milestone100goals","milestone100matches","most_assists_in_season","most_goals_in_season","player_id","total_assists","total_clean_sheets","total_goals","total_matches_played","total_red_cards","total_transfer_value","total_yellow_cards","id") values (?,?,?,?,?,?,?,?,?,?,?,?,?,?,?,?,?,?,?,?,?,?,default)
Hibernate: select pss1_0."id",pss1_0."assists",pss1_0."average_condition",pss1_0."average_morale",pss1_0."average_rating",pss1_0."clean_sheets",pss1_0."club_id",pss1_0."fouls_committed",pss1_0."fouls_received",pss1_0."goals",pss1_0."goals_conceded",pss1_0."highest_rating",pss1_0."injury_count",pss1_0."injury_days",pss1_0."interceptions",pss1_0."league_id",pss1_0."lowest_rating",pss1_0."man_of_the_match_awards",pss1_0."matches_played",pss1_0."matches_started",pss1_0."minutes_played",pss1_0."passes",pss1_0."passes_completed",pss1_0."penalties_saved",pss1_0."player_id",pss1_0."red_cards",pss1_0."saves",pss1_0."season_id",pss1_0."shots",pss1_0."shots_on_target",pss1_0."substitutions_in",pss1_0."substitutions_out",pss1_0."tackles",pss1_0."yellow_cards" from "player_season_stats" pss1_0 where pss1_0."player_id"=?
Hibernate: select c1_0."id",c1_0."city",c1_0."finance_id",c1_0."foundation",c1_0."league_id",c1_0."logourl",c1_0."medical_center_id",c1_0."name",c1_0."stadium_id",c1_0."team_id",c1_0."training_facility_id",c1_0."under18_id",c1_0."youth_academy_id" from "club" c1_0 where c1_0."team_id"=?
Hibernate: insert into "player_career_stats" ("clubs_played","cup_titles","first_goal","first_professional_match","highest_season_rating","highest_transfer_value","international_caps","international_goals","league_titles","longest_goal_streak","milestone100goals","milestone100matches","most_assists_in_season","most_goals_in_season","player_id","total_assists","total_clean_sheets","total_goals","total_matches_played","total_red_cards","total_transfer_value","total_yellow_cards","id") values (?,?,?,?,?,?,?,?,?,?,?,?,?,?,?,?,?,?,?,?,?,?,default)
Hibernate: select pss1_0."id",pss1_0."assists",pss1_0."average_condition",pss1_0."average_morale",pss1_0."average_rating",pss1_0."clean_sheets",pss1_0."club_id",pss1_0."fouls_committed",pss1_0."fouls_received",pss1_0."goals",pss1_0."goals_conceded",pss1_0."highest_rating",pss1_0."injury_count",pss1_0."injury_days",pss1_0."interceptions",pss1_0."league_id",pss1_0."lowest_rating",pss1_0."man_of_the_match_awards",pss1_0."matches_played",pss1_0."matches_started",pss1_0."minutes_played",pss1_0."passes",pss1_0."passes_completed",pss1_0."penalties_saved",pss1_0."player_id",pss1_0."red_cards",pss1_0."saves",pss1_0."season_id",pss1_0."shots",pss1_0."shots_on_target",pss1_0."substitutions_in",pss1_0."substitutions_out",pss1_0."tackles",pss1_0."yellow_cards" from "player_season_stats" pss1_0 where pss1_0."player_id"=?
Hibernate: select c1_0."id",c1_0."city",c1_0."finance_id",c1_0."foundation",c1_0."league_id",c1_0."logourl",c1_0."medical_center_id",c1_0."name",c1_0."stadium_id",c1_0."team_id",c1_0."training_facility_id",c1_0."under18_id",c1_0."youth_academy_id" from "club" c1_0 where c1_0."team_id"=?
Hibernate: insert into "player_career_stats" ("clubs_played","cup_titles","first_goal","first_professional_match","highest_season_rating","highest_transfer_value","international_caps","international_goals","league_titles","longest_goal_streak","milestone100goals","milestone100matches","most_assists_in_season","most_goals_in_season","player_id","total_assists","total_clean_sheets","total_goals","total_matches_played","total_red_cards","total_transfer_value","total_yellow_cards","id") values (?,?,?,?,?,?,?,?,?,?,?,?,?,?,?,?,?,?,?,?,?,?,default)
Hibernate: select pss1_0."id",pss1_0."assists",pss1_0."average_condition",pss1_0."average_morale",pss1_0."average_rating",pss1_0."clean_sheets",pss1_0."club_id",pss1_0."fouls_committed",pss1_0."fouls_received",pss1_0."goals",pss1_0."goals_conceded",pss1_0."highest_rating",pss1_0."injury_count",pss1_0."injury_days",pss1_0."interceptions",pss1_0."league_id",pss1_0."lowest_rating",pss1_0."man_of_the_match_awards",pss1_0."matches_played",pss1_0."matches_started",pss1_0."minutes_played",pss1_0."passes",pss1_0."passes_completed",pss1_0."penalties_saved",pss1_0."player_id",pss1_0."red_cards",pss1_0."saves",pss1_0."season_id",pss1_0."shots",pss1_0."shots_on_target",pss1_0."substitutions_in",pss1_0."substitutions_out",pss1_0."tackles",pss1_0."yellow_cards" from "player_season_stats" pss1_0 where pss1_0."player_id"=?
Hibernate: select c1_0."id",c1_0."city",c1_0."finance_id",c1_0."foundation",c1_0."league_id",c1_0."logourl",c1_0."medical_center_id",c1_0."name",c1_0."stadium_id",c1_0."team_id",c1_0."training_facility_id",c1_0."under18_id",c1_0."youth_academy_id" from "club" c1_0 where c1_0."team_id"=?
Hibernate: insert into "player_career_stats" ("clubs_played","cup_titles","first_goal","first_professional_match","highest_season_rating","highest_transfer_value","international_caps","international_goals","league_titles","longest_goal_streak","milestone100goals","milestone100matches","most_assists_in_season","most_goals_in_season","player_id","total_assists","total_clean_sheets","total_goals","total_matches_played","total_red_cards","total_transfer_value","total_yellow_cards","id") values (?,?,?,?,?,?,?,?,?,?,?,?,?,?,?,?,?,?,?,?,?,?,default)
Hibernate: select pss1_0."id",pss1_0."assists",pss1_0."average_condition",pss1_0."average_morale",pss1_0."average_rating",pss1_0."clean_sheets",pss1_0."club_id",pss1_0."fouls_committed",pss1_0."fouls_received",pss1_0."goals",pss1_0."goals_conceded",pss1_0."highest_rating",pss1_0."injury_count",pss1_0."injury_days",pss1_0."interceptions",pss1_0."league_id",pss1_0."lowest_rating",pss1_0."man_of_the_match_awards",pss1_0."matches_played",pss1_0."matches_started",pss1_0."minutes_played",pss1_0."passes",pss1_0."passes_completed",pss1_0."penalties_saved",pss1_0."player_id",pss1_0."red_cards",pss1_0."saves",pss1_0."season_id",pss1_0."shots",pss1_0."shots_on_target",pss1_0."substitutions_in",pss1_0."substitutions_out",pss1_0."tackles",pss1_0."yellow_cards" from "player_season_stats" pss1_0 where pss1_0."player_id"=?
Hibernate: select c1_0."id",c1_0."city",c1_0."finance_id",c1_0."foundation",c1_0."league_id",c1_0."logourl",c1_0."medical_center_id",c1_0."name",c1_0."stadium_id",c1_0."team_id",c1_0."training_facility_id",c1_0."under18_id",c1_0."youth_academy_id" from "club" c1_0 where c1_0."team_id"=?
Hibernate: insert into "player_career_stats" ("clubs_played","cup_titles","first_goal","first_professional_match","highest_season_rating","highest_transfer_value","international_caps","international_goals","league_titles","longest_goal_streak","milestone100goals","milestone100matches","most_assists_in_season","most_goals_in_season","player_id","total_assists","total_clean_sheets","total_goals","total_matches_played","total_red_cards","total_transfer_value","total_yellow_cards","id") values (?,?,?,?,?,?,?,?,?,?,?,?,?,?,?,?,?,?,?,?,?,?,default)
Hibernate: select pss1_0."id",pss1_0."assists",pss1_0."average_condition",pss1_0."average_morale",pss1_0."average_rating",pss1_0."clean_sheets",pss1_0."club_id",pss1_0."fouls_committed",pss1_0."fouls_received",pss1_0."goals",pss1_0."goals_conceded",pss1_0."highest_rating",pss1_0."injury_count",pss1_0."injury_days",pss1_0."interceptions",pss1_0."league_id",pss1_0."lowest_rating",pss1_0."man_of_the_match_awards",pss1_0."matches_played",pss1_0."matches_started",pss1_0."minutes_played",pss1_0."passes",pss1_0."passes_completed",pss1_0."penalties_saved",pss1_0."player_id",pss1_0."red_cards",pss1_0."saves",pss1_0."season_id",pss1_0."shots",pss1_0."shots_on_target",pss1_0."substitutions_in",pss1_0."substitutions_out",pss1_0."tackles",pss1_0."yellow_cards" from "player_season_stats" pss1_0 where pss1_0."player_id"=?
Hibernate: select s1_0."id",s1_0."is_current",s1_0."end_year",s1_0."league_id",s1_0."name",s1_0."next_round_number",s1_0."start_year" from "season" s1_0 where s1_0."is_current"
Hibernate: select c1_0."id",c1_0."city",c1_0."finance_id",c1_0."foundation",c1_0."league_id",c1_0."logourl",c1_0."medical_center_id",c1_0."name",c1_0."stadium_id",c1_0."team_id",c1_0."training_facility_id",c1_0."under18_id",c1_0."youth_academy_id" from "club" c1_0 where c1_0."team_id"=?
Hibernate: insert into "player_achievement" ("additional_data","club_id","date_achieved","description","player_id","season_id","title","type","id") values (?,?,?,?,?,?,?,?,default)
Hibernate: select c1_0."id",c1_0."city",c1_0."finance_id",c1_0."foundation",c1_0."league_id",c1_0."logourl",c1_0."medical_center_id",c1_0."name",c1_0."stadium_id",c1_0."team_id",c1_0."training_facility_id",c1_0."under18_id",c1_0."youth_academy_id" from "club" c1_0 where c1_0."team_id"=?
Hibernate: insert into "player_career_stats" ("clubs_played","cup_titles","first_goal","first_professional_match","highest_season_rating","highest_transfer_value","international_caps","international_goals","league_titles","longest_goal_streak","milestone100goals","milestone100matches","most_assists_in_season","most_goals_in_season","player_id","total_assists","total_clean_sheets","total_goals","total_matches_played","total_red_cards","total_transfer_value","total_yellow_cards","id") values (?,?,?,?,?,?,?,?,?,?,?,?,?,?,?,?,?,?,?,?,?,?,default)
Hibernate: select pss1_0."id",pss1_0."assists",pss1_0."average_condition",pss1_0."average_morale",pss1_0."average_rating",pss1_0."clean_sheets",pss1_0."club_id",pss1_0."fouls_committed",pss1_0."fouls_received",pss1_0."goals",pss1_0."goals_conceded",pss1_0."highest_rating",pss1_0."injury_count",pss1_0."injury_days",pss1_0."interceptions",pss1_0."league_id",pss1_0."lowest_rating",pss1_0."man_of_the_match_awards",pss1_0."matches_played",pss1_0."matches_started",pss1_0."minutes_played",pss1_0."passes",pss1_0."passes_completed",pss1_0."penalties_saved",pss1_0."player_id",pss1_0."red_cards",pss1_0."saves",pss1_0."season_id",pss1_0."shots",pss1_0."shots_on_target",pss1_0."substitutions_in",pss1_0."substitutions_out",pss1_0."tackles",pss1_0."yellow_cards" from "player_season_stats" pss1_0 where pss1_0."player_id"=?
Hibernate: select c1_0."id",c1_0."city",c1_0."finance_id",c1_0."foundation",c1_0."league_id",c1_0."logourl",c1_0."medical_center_id",c1_0."name",c1_0."stadium_id",c1_0."team_id",c1_0."training_facility_id",c1_0."under18_id",c1_0."youth_academy_id" from "club" c1_0 where c1_0."team_id"=?
Hibernate: insert into "player_career_stats" ("clubs_played","cup_titles","first_goal","first_professional_match","highest_season_rating","highest_transfer_value","international_caps","international_goals","league_titles","longest_goal_streak","milestone100goals","milestone100matches","most_assists_in_season","most_goals_in_season","player_id","total_assists","total_clean_sheets","total_goals","total_matches_played","total_red_cards","total_transfer_value","total_yellow_cards","id") values (?,?,?,?,?,?,?,?,?,?,?,?,?,?,?,?,?,?,?,?,?,?,default)
Hibernate: select pss1_0."id",pss1_0."assists",pss1_0."average_condition",pss1_0."average_morale",pss1_0."average_rating",pss1_0."clean_sheets",pss1_0."club_id",pss1_0."fouls_committed",pss1_0."fouls_received",pss1_0."goals",pss1_0."goals_conceded",pss1_0."highest_rating",pss1_0."injury_count",pss1_0."injury_days",pss1_0."interceptions",pss1_0."league_id",pss1_0."lowest_rating",pss1_0."man_of_the_match_awards",pss1_0."matches_played",pss1_0."matches_started",pss1_0."minutes_played",pss1_0."passes",pss1_0."passes_completed",pss1_0."penalties_saved",pss1_0."player_id",pss1_0."red_cards",pss1_0."saves",pss1_0."season_id",pss1_0."shots",pss1_0."shots_on_target",pss1_0."substitutions_in",pss1_0."substitutions_out",pss1_0."tackles",pss1_0."yellow_cards" from "player_season_stats" pss1_0 where pss1_0."player_id"=?
Hibernate: select c1_0."id",c1_0."city",c1_0."finance_id",c1_0."foundation",c1_0."league_id",c1_0."logourl",c1_0."medical_center_id",c1_0."name",c1_0."stadium_id",c1_0."team_id",c1_0."training_facility_id",c1_0."under18_id",c1_0."youth_academy_id" from "club" c1_0 where c1_0."team_id"=?
Hibernate: insert into "player_career_stats" ("clubs_played","cup_titles","first_goal","first_professional_match","highest_season_rating","highest_transfer_value","international_caps","international_goals","league_titles","longest_goal_streak","milestone100goals","milestone100matches","most_assists_in_season","most_goals_in_season","player_id","total_assists","total_clean_sheets","total_goals","total_matches_played","total_red_cards","total_transfer_value","total_yellow_cards","id") values (?,?,?,?,?,?,?,?,?,?,?,?,?,?,?,?,?,?,?,?,?,?,default)
Hibernate: select pss1_0."id",pss1_0."assists",pss1_0."average_condition",pss1_0."average_morale",pss1_0."average_rating",pss1_0."clean_sheets",pss1_0."club_id",pss1_0."fouls_committed",pss1_0."fouls_received",pss1_0."goals",pss1_0."goals_conceded",pss1_0."highest_rating",pss1_0."injury_count",pss1_0."injury_days",pss1_0."interceptions",pss1_0."league_id",pss1_0."lowest_rating",pss1_0."man_of_the_match_awards",pss1_0."matches_played",pss1_0."matches_started",pss1_0."minutes_played",pss1_0."passes",pss1_0."passes_completed",pss1_0."penalties_saved",pss1_0."player_id",pss1_0."red_cards",pss1_0."saves",pss1_0."season_id",pss1_0."shots",pss1_0."shots_on_target",pss1_0."substitutions_in",pss1_0."substitutions_out",pss1_0."tackles",pss1_0."yellow_cards" from "player_season_stats" pss1_0 where pss1_0."player_id"=?
Hibernate: select c1_0."id",c1_0."city",c1_0."finance_id",c1_0."foundation",c1_0."league_id",c1_0."logourl",c1_0."medical_center_id",c1_0."name",c1_0."stadium_id",c1_0."team_id",c1_0."training_facility_id",c1_0."under18_id",c1_0."youth_academy_id" from "club" c1_0 where c1_0."team_id"=?
Hibernate: insert into "player_career_stats" ("clubs_played","cup_titles","first_goal","first_professional_match","highest_season_rating","highest_transfer_value","international_caps","international_goals","league_titles","longest_goal_streak","milestone100goals","milestone100matches","most_assists_in_season","most_goals_in_season","player_id","total_assists","total_clean_sheets","total_goals","total_matches_played","total_red_cards","total_transfer_value","total_yellow_cards","id") values (?,?,?,?,?,?,?,?,?,?,?,?,?,?,?,?,?,?,?,?,?,?,default)
Hibernate: select pss1_0."id",pss1_0."assists",pss1_0."average_condition",pss1_0."average_morale",pss1_0."average_rating",pss1_0."clean_sheets",pss1_0."club_id",pss1_0."fouls_committed",pss1_0."fouls_received",pss1_0."goals",pss1_0."goals_conceded",pss1_0."highest_rating",pss1_0."injury_count",pss1_0."injury_days",pss1_0."interceptions",pss1_0."league_id",pss1_0."lowest_rating",pss1_0."man_of_the_match_awards",pss1_0."matches_played",pss1_0."matches_started",pss1_0."minutes_played",pss1_0."passes",pss1_0."passes_completed",pss1_0."penalties_saved",pss1_0."player_id",pss1_0."red_cards",pss1_0."saves",pss1_0."season_id",pss1_0."shots",pss1_0."shots_on_target",pss1_0."substitutions_in",pss1_0."substitutions_out",pss1_0."tackles",pss1_0."yellow_cards" from "player_season_stats" pss1_0 where pss1_0."player_id"=?
Hibernate: select c1_0."id",c1_0."city",c1_0."finance_id",c1_0."foundation",c1_0."league_id",c1_0."logourl",c1_0."medical_center_id",c1_0."name",c1_0."stadium_id",c1_0."team_id",c1_0."training_facility_id",c1_0."under18_id",c1_0."youth_academy_id" from "club" c1_0 where c1_0."team_id"=?
Hibernate: insert into "player_career_stats" ("clubs_played","cup_titles","first_goal","first_professional_match","highest_season_rating","highest_transfer_value","international_caps","international_goals","league_titles","longest_goal_streak","milestone100goals","milestone100matches","most_assists_in_season","most_goals_in_season","player_id","total_assists","total_clean_sheets","total_goals","total_matches_played","total_red_cards","total_transfer_value","total_yellow_cards","id") values (?,?,?,?,?,?,?,?,?,?,?,?,?,?,?,?,?,?,?,?,?,?,default)
Hibernate: select pss1_0."id",pss1_0."assists",pss1_0."average_condition",pss1_0."average_morale",pss1_0."average_rating",pss1_0."clean_sheets",pss1_0."club_id",pss1_0."fouls_committed",pss1_0."fouls_received",pss1_0."goals",pss1_0."goals_conceded",pss1_0."highest_rating",pss1_0."injury_count",pss1_0."injury_days",pss1_0."interceptions",pss1_0."league_id",pss1_0."lowest_rating",pss1_0."man_of_the_match_awards",pss1_0."matches_played",pss1_0."matches_started",pss1_0."minutes_played",pss1_0."passes",pss1_0."passes_completed",pss1_0."penalties_saved",pss1_0."player_id",pss1_0."red_cards",pss1_0."saves",pss1_0."season_id",pss1_0."shots",pss1_0."shots_on_target",pss1_0."substitutions_in",pss1_0."substitutions_out",pss1_0."tackles",pss1_0."yellow_cards" from "player_season_stats" pss1_0 where pss1_0."player_id"=?
Hibernate: select c1_0."id",c1_0."city",c1_0."finance_id",c1_0."foundation",c1_0."league_id",c1_0."logourl",c1_0."medical_center_id",c1_0."name",c1_0."stadium_id",c1_0."team_id",c1_0."training_facility_id",c1_0."under18_id",c1_0."youth_academy_id" from "club" c1_0 where c1_0."team_id"=?
Hibernate: insert into "player_career_stats" ("clubs_played","cup_titles","first_goal","first_professional_match","highest_season_rating","highest_transfer_value","international_caps","international_goals","league_titles","longest_goal_streak","milestone100goals","milestone100matches","most_assists_in_season","most_goals_in_season","player_id","total_assists","total_clean_sheets","total_goals","total_matches_played","total_red_cards","total_transfer_value","total_yellow_cards","id") values (?,?,?,?,?,?,?,?,?,?,?,?,?,?,?,?,?,?,?,?,?,?,default)
Hibernate: select pss1_0."id",pss1_0."assists",pss1_0."average_condition",pss1_0."average_morale",pss1_0."average_rating",pss1_0."clean_sheets",pss1_0."club_id",pss1_0."fouls_committed",pss1_0."fouls_received",pss1_0."goals",pss1_0."goals_conceded",pss1_0."highest_rating",pss1_0."injury_count",pss1_0."injury_days",pss1_0."interceptions",pss1_0."league_id",pss1_0."lowest_rating",pss1_0."man_of_the_match_awards",pss1_0."matches_played",pss1_0."matches_started",pss1_0."minutes_played",pss1_0."passes",pss1_0."passes_completed",pss1_0."penalties_saved",pss1_0."player_id",pss1_0."red_cards",pss1_0."saves",pss1_0."season_id",pss1_0."shots",pss1_0."shots_on_target",pss1_0."substitutions_in",pss1_0."substitutions_out",pss1_0."tackles",pss1_0."yellow_cards" from "player_season_stats" pss1_0 where pss1_0."player_id"=?
Hibernate: select c1_0."id",c1_0."city",c1_0."finance_id",c1_0."foundation",c1_0."league_id",c1_0."logourl",c1_0."medical_center_id",c1_0."name",c1_0."stadium_id",c1_0."team_id",c1_0."training_facility_id",c1_0."under18_id",c1_0."youth_academy_id" from "club" c1_0 where c1_0."team_id"=?
Hibernate: insert into "player_career_stats" ("clubs_played","cup_titles","first_goal","first_professional_match","highest_season_rating","highest_transfer_value","international_caps","international_goals","league_titles","longest_goal_streak","milestone100goals","milestone100matches","most_assists_in_season","most_goals_in_season","player_id","total_assists","total_clean_sheets","total_goals","total_matches_played","total_red_cards","total_transfer_value","total_yellow_cards","id") values (?,?,?,?,?,?,?,?,?,?,?,?,?,?,?,?,?,?,?,?,?,?,default)
Hibernate: select pss1_0."id",pss1_0."assists",pss1_0."average_condition",pss1_0."average_morale",pss1_0."average_rating",pss1_0."clean_sheets",pss1_0."club_id",pss1_0."fouls_committed",pss1_0."fouls_received",pss1_0."goals",pss1_0."goals_conceded",pss1_0."highest_rating",pss1_0."injury_count",pss1_0."injury_days",pss1_0."interceptions",pss1_0."league_id",pss1_0."lowest_rating",pss1_0."man_of_the_match_awards",pss1_0."matches_played",pss1_0."matches_started",pss1_0."minutes_played",pss1_0."passes",pss1_0."passes_completed",pss1_0."penalties_saved",pss1_0."player_id",pss1_0."red_cards",pss1_0."saves",pss1_0."season_id",pss1_0."shots",pss1_0."shots_on_target",pss1_0."substitutions_in",pss1_0."substitutions_out",pss1_0."tackles",pss1_0."yellow_cards" from "player_season_stats" pss1_0 where pss1_0."player_id"=?
Hibernate: select c1_0."id",c1_0."city",c1_0."finance_id",c1_0."foundation",c1_0."league_id",c1_0."logourl",c1_0."medical_center_id",c1_0."name",c1_0."stadium_id",c1_0."team_id",c1_0."training_facility_id",c1_0."under18_id",c1_0."youth_academy_id" from "club" c1_0 where c1_0."team_id"=?
Hibernate: insert into "player_career_stats" ("clubs_played","cup_titles","first_goal","first_professional_match","highest_season_rating","highest_transfer_value","international_caps","international_goals","league_titles","longest_goal_streak","milestone100goals","milestone100matches","most_assists_in_season","most_goals_in_season","player_id","total_assists","total_clean_sheets","total_goals","total_matches_played","total_red_cards","total_transfer_value","total_yellow_cards","id") values (?,?,?,?,?,?,?,?,?,?,?,?,?,?,?,?,?,?,?,?,?,?,default)
Hibernate: select pss1_0."id",pss1_0."assists",pss1_0."average_condition",pss1_0."average_morale",pss1_0."average_rating",pss1_0."clean_sheets",pss1_0."club_id",pss1_0."fouls_committed",pss1_0."fouls_received",pss1_0."goals",pss1_0."goals_conceded",pss1_0."highest_rating",pss1_0."injury_count",pss1_0."injury_days",pss1_0."interceptions",pss1_0."league_id",pss1_0."lowest_rating",pss1_0."man_of_the_match_awards",pss1_0."matches_played",pss1_0."matches_started",pss1_0."minutes_played",pss1_0."passes",pss1_0."passes_completed",pss1_0."penalties_saved",pss1_0."player_id",pss1_0."red_cards",pss1_0."saves",pss1_0."season_id",pss1_0."shots",pss1_0."shots_on_target",pss1_0."substitutions_in",pss1_0."substitutions_out",pss1_0."tackles",pss1_0."yellow_cards" from "player_season_stats" pss1_0 where pss1_0."player_id"=?
Hibernate: select c1_0."id",c1_0."city",c1_0."finance_id",c1_0."foundation",c1_0."league_id",c1_0."logourl",c1_0."medical_center_id",c1_0."name",c1_0."stadium_id",c1_0."team_id",c1_0."training_facility_id",c1_0."under18_id",c1_0."youth_academy_id" from "club" c1_0 where c1_0."team_id"=?
Hibernate: insert into "player_career_stats" ("clubs_played","cup_titles","first_goal","first_professional_match","highest_season_rating","highest_transfer_value","international_caps","international_goals","league_titles","longest_goal_streak","milestone100goals","milestone100matches","most_assists_in_season","most_goals_in_season","player_id","total_assists","total_clean_sheets","total_goals","total_matches_played","total_red_cards","total_transfer_value","total_yellow_cards","id") values (?,?,?,?,?,?,?,?,?,?,?,?,?,?,?,?,?,?,?,?,?,?,default)
Hibernate: select pss1_0."id",pss1_0."assists",pss1_0."average_condition",pss1_0."average_morale",pss1_0."average_rating",pss1_0."clean_sheets",pss1_0."club_id",pss1_0."fouls_committed",pss1_0."fouls_received",pss1_0."goals",pss1_0."goals_conceded",pss1_0."highest_rating",pss1_0."injury_count",pss1_0."injury_days",pss1_0."interceptions",pss1_0."league_id",pss1_0."lowest_rating",pss1_0."man_of_the_match_awards",pss1_0."matches_played",pss1_0."matches_started",pss1_0."minutes_played",pss1_0."passes",pss1_0."passes_completed",pss1_0."penalties_saved",pss1_0."player_id",pss1_0."red_cards",pss1_0."saves",pss1_0."season_id",pss1_0."shots",pss1_0."shots_on_target",pss1_0."substitutions_in",pss1_0."substitutions_out",pss1_0."tackles",pss1_0."yellow_cards" from "player_season_stats" pss1_0 where pss1_0."player_id"=?
Hibernate: select c1_0."id",c1_0."city",c1_0."finance_id",c1_0."foundation",c1_0."league_id",c1_0."logourl",c1_0."medical_center_id",c1_0."name",c1_0."stadium_id",c1_0."team_id",c1_0."training_facility_id",c1_0."under18_id",c1_0."youth_academy_id" from "club" c1_0 where c1_0."team_id"=?
Hibernate: insert into "player_career_stats" ("clubs_played","cup_titles","first_goal","first_professional_match","highest_season_rating","highest_transfer_value","international_caps","international_goals","league_titles","longest_goal_streak","milestone100goals","milestone100matches","most_assists_in_season","most_goals_in_season","player_id","total_assists","total_clean_sheets","total_goals","total_matches_played","total_red_cards","total_transfer_value","total_yellow_cards","id") values (?,?,?,?,?,?,?,?,?,?,?,?,?,?,?,?,?,?,?,?,?,?,default)
Hibernate: select pss1_0."id",pss1_0."assists",pss1_0."average_condition",pss1_0."average_morale",pss1_0."average_rating",pss1_0."clean_sheets",pss1_0."club_id",pss1_0."fouls_committed",pss1_0."fouls_received",pss1_0."goals",pss1_0."goals_conceded",pss1_0."highest_rating",pss1_0."injury_count",pss1_0."injury_days",pss1_0."interceptions",pss1_0."league_id",pss1_0."lowest_rating",pss1_0."man_of_the_match_awards",pss1_0."matches_played",pss1_0."matches_started",pss1_0."minutes_played",pss1_0."passes",pss1_0."passes_completed",pss1_0."penalties_saved",pss1_0."player_id",pss1_0."red_cards",pss1_0."saves",pss1_0."season_id",pss1_0."shots",pss1_0."shots_on_target",pss1_0."substitutions_in",pss1_0."substitutions_out",pss1_0."tackles",pss1_0."yellow_cards" from "player_season_stats" pss1_0 where pss1_0."player_id"=?
Hibernate: select s1_0."id",s1_0."is_current",s1_0."end_year",s1_0."league_id",s1_0."name",s1_0."next_round_number",s1_0."start_year" from "season" s1_0 where s1_0."is_current"
Hibernate: select c1_0."id",c1_0."city",c1_0."finance_id",c1_0."foundation",c1_0."league_id",c1_0."logourl",c1_0."medical_center_id",c1_0."name",c1_0."stadium_id",c1_0."team_id",c1_0."training_facility_id",c1_0."under18_id",c1_0."youth_academy_id" from "club" c1_0 where c1_0."team_id"=?
Hibernate: insert into "player_achievement" ("additional_data","club_id","date_achieved","description","player_id","season_id","title","type","id") values (?,?,?,?,?,?,?,?,default)
Hibernate: select c1_0."id",c1_0."city",c1_0."finance_id",c1_0."foundation",c1_0."league_id",c1_0."logourl",c1_0."medical_center_id",c1_0."name",c1_0."stadium_id",c1_0."team_id",c1_0."training_facility_id",c1_0."under18_id",c1_0."youth_academy_id" from "club" c1_0 where c1_0."team_id"=?
Hibernate: insert into "player_career_stats" ("clubs_played","cup_titles","first_goal","first_professional_match","highest_season_rating","highest_transfer_value","international_caps","international_goals","league_titles","longest_goal_streak","milestone100goals","milestone100matches","most_assists_in_season","most_goals_in_season","player_id","total_assists","total_clean_sheets","total_goals","total_matches_played","total_red_cards","total_transfer_value","total_yellow_cards","id") values (?,?,?,?,?,?,?,?,?,?,?,?,?,?,?,?,?,?,?,?,?,?,default)
Hibernate: select pss1_0."id",pss1_0."assists",pss1_0."average_condition",pss1_0."average_morale",pss1_0."average_rating",pss1_0."clean_sheets",pss1_0."club_id",pss1_0."fouls_committed",pss1_0."fouls_received",pss1_0."goals",pss1_0."goals_conceded",pss1_0."highest_rating",pss1_0."injury_count",pss1_0."injury_days",pss1_0."interceptions",pss1_0."league_id",pss1_0."lowest_rating",pss1_0."man_of_the_match_awards",pss1_0."matches_played",pss1_0."matches_started",pss1_0."minutes_played",pss1_0."passes",pss1_0."passes_completed",pss1_0."penalties_saved",pss1_0."player_id",pss1_0."red_cards",pss1_0."saves",pss1_0."season_id",pss1_0."shots",pss1_0."shots_on_target",pss1_0."substitutions_in",pss1_0."substitutions_out",pss1_0."tackles",pss1_0."yellow_cards" from "player_season_stats" pss1_0 where pss1_0."player_id"=?
Hibernate: select c1_0."id",c1_0."city",c1_0."finance_id",c1_0."foundation",c1_0."league_id",c1_0."logourl",c1_0."medical_center_id",c1_0."name",c1_0."stadium_id",c1_0."team_id",c1_0."training_facility_id",c1_0."under18_id",c1_0."youth_academy_id" from "club" c1_0 where c1_0."team_id"=?
Hibernate: insert into "player_career_stats" ("clubs_played","cup_titles","first_goal","first_professional_match","highest_season_rating","highest_transfer_value","international_caps","international_goals","league_titles","longest_goal_streak","milestone100goals","milestone100matches","most_assists_in_season","most_goals_in_season","player_id","total_assists","total_clean_sheets","total_goals","total_matches_played","total_red_cards","total_transfer_value","total_yellow_cards","id") values (?,?,?,?,?,?,?,?,?,?,?,?,?,?,?,?,?,?,?,?,?,?,default)
Hibernate: select pss1_0."id",pss1_0."assists",pss1_0."average_condition",pss1_0."average_morale",pss1_0."average_rating",pss1_0."clean_sheets",pss1_0."club_id",pss1_0."fouls_committed",pss1_0."fouls_received",pss1_0."goals",pss1_0."goals_conceded",pss1_0."highest_rating",pss1_0."injury_count",pss1_0."injury_days",pss1_0."interceptions",pss1_0."league_id",pss1_0."lowest_rating",pss1_0."man_of_the_match_awards",pss1_0."matches_played",pss1_0."matches_started",pss1_0."minutes_played",pss1_0."passes",pss1_0."passes_completed",pss1_0."penalties_saved",pss1_0."player_id",pss1_0."red_cards",pss1_0."saves",pss1_0."season_id",pss1_0."shots",pss1_0."shots_on_target",pss1_0."substitutions_in",pss1_0."substitutions_out",pss1_0."tackles",pss1_0."yellow_cards" from "player_season_stats" pss1_0 where pss1_0."player_id"=?
Hibernate: select c1_0."id",c1_0."city",c1_0."finance_id",c1_0."foundation",c1_0."league_id",c1_0."logourl",c1_0."medical_center_id",c1_0."name",c1_0."stadium_id",c1_0."team_id",c1_0."training_facility_id",c1_0."under18_id",c1_0."youth_academy_id" from "club" c1_0 where c1_0."team_id"=?
Hibernate: insert into "player_career_stats" ("clubs_played","cup_titles","first_goal","first_professional_match","highest_season_rating","highest_transfer_value","international_caps","international_goals","league_titles","longest_goal_streak","milestone100goals","milestone100matches","most_assists_in_season","most_goals_in_season","player_id","total_assists","total_clean_sheets","total_goals","total_matches_played","total_red_cards","total_transfer_value","total_yellow_cards","id") values (?,?,?,?,?,?,?,?,?,?,?,?,?,?,?,?,?,?,?,?,?,?,default)
Hibernate: select pss1_0."id",pss1_0."assists",pss1_0."average_condition",pss1_0."average_morale",pss1_0."average_rating",pss1_0."clean_sheets",pss1_0."club_id",pss1_0."fouls_committed",pss1_0."fouls_received",pss1_0."goals",pss1_0."goals_conceded",pss1_0."highest_rating",pss1_0."injury_count",pss1_0."injury_days",pss1_0."interceptions",pss1_0."league_id",pss1_0."lowest_rating",pss1_0."man_of_the_match_awards",pss1_0."matches_played",pss1_0."matches_started",pss1_0."minutes_played",pss1_0."passes",pss1_0."passes_completed",pss1_0."penalties_saved",pss1_0."player_id",pss1_0."red_cards",pss1_0."saves",pss1_0."season_id",pss1_0."shots",pss1_0."shots_on_target",pss1_0."substitutions_in",pss1_0."substitutions_out",pss1_0."tackles",pss1_0."yellow_cards" from "player_season_stats" pss1_0 where pss1_0."player_id"=?
Hibernate: select c1_0."id",c1_0."city",c1_0."finance_id",c1_0."foundation",c1_0."league_id",c1_0."logourl",c1_0."medical_center_id",c1_0."name",c1_0."stadium_id",c1_0."team_id",c1_0."training_facility_id",c1_0."under18_id",c1_0."youth_academy_id" from "club" c1_0 where c1_0."team_id"=?
Hibernate: insert into "player_career_stats" ("clubs_played","cup_titles","first_goal","first_professional_match","highest_season_rating","highest_transfer_value","international_caps","international_goals","league_titles","longest_goal_streak","milestone100goals","milestone100matches","most_assists_in_season","most_goals_in_season","player_id","total_assists","total_clean_sheets","total_goals","total_matches_played","total_red_cards","total_transfer_value","total_yellow_cards","id") values (?,?,?,?,?,?,?,?,?,?,?,?,?,?,?,?,?,?,?,?,?,?,default)
Hibernate: select pss1_0."id",pss1_0."assists",pss1_0."average_condition",pss1_0."average_morale",pss1_0."average_rating",pss1_0."clean_sheets",pss1_0."club_id",pss1_0."fouls_committed",pss1_0."fouls_received",pss1_0."goals",pss1_0."goals_conceded",pss1_0."highest_rating",pss1_0."injury_count",pss1_0."injury_days",pss1_0."interceptions",pss1_0."league_id",pss1_0."lowest_rating",pss1_0."man_of_the_match_awards",pss1_0."matches_played",pss1_0."matches_started",pss1_0."minutes_played",pss1_0."passes",pss1_0."passes_completed",pss1_0."penalties_saved",pss1_0."player_id",pss1_0."red_cards",pss1_0."saves",pss1_0."season_id",pss1_0."shots",pss1_0."shots_on_target",pss1_0."substitutions_in",pss1_0."substitutions_out",pss1_0."tackles",pss1_0."yellow_cards" from "player_season_stats" pss1_0 where pss1_0."player_id"=?
Hibernate: select c1_0."id",c1_0."city",c1_0."finance_id",c1_0."foundation",c1_0."league_id",c1_0."logourl",c1_0."medical_center_id",c1_0."name",c1_0."stadium_id",c1_0."team_id",c1_0."training_facility_id",c1_0."under18_id",c1_0."youth_academy_id" from "club" c1_0 where c1_0."team_id"=?
Hibernate: insert into "player_career_stats" ("clubs_played","cup_titles","first_goal","first_professional_match","highest_season_rating","highest_transfer_value","international_caps","international_goals","league_titles","longest_goal_streak","milestone100goals","milestone100matches","most_assists_in_season","most_goals_in_season","player_id","total_assists","total_clean_sheets","total_goals","total_matches_played","total_red_cards","total_transfer_value","total_yellow_cards","id") values (?,?,?,?,?,?,?,?,?,?,?,?,?,?,?,?,?,?,?,?,?,?,default)
Hibernate: select pss1_0."id",pss1_0."assists",pss1_0."average_condition",pss1_0."average_morale",pss1_0."average_rating",pss1_0."clean_sheets",pss1_0."club_id",pss1_0."fouls_committed",pss1_0."fouls_received",pss1_0."goals",pss1_0."goals_conceded",pss1_0."highest_rating",pss1_0."injury_count",pss1_0."injury_days",pss1_0."interceptions",pss1_0."league_id",pss1_0."lowest_rating",pss1_0."man_of_the_match_awards",pss1_0."matches_played",pss1_0."matches_started",pss1_0."minutes_played",pss1_0."passes",pss1_0."passes_completed",pss1_0."penalties_saved",pss1_0."player_id",pss1_0."red_cards",pss1_0."saves",pss1_0."season_id",pss1_0."shots",pss1_0."shots_on_target",pss1_0."substitutions_in",pss1_0."substitutions_out",pss1_0."tackles",pss1_0."yellow_cards" from "player_season_stats" pss1_0 where pss1_0."player_id"=?
Hibernate: select c1_0."id",c1_0."city",c1_0."finance_id",c1_0."foundation",c1_0."league_id",c1_0."logourl",c1_0."medical_center_id",c1_0."name",c1_0."stadium_id",c1_0."team_id",c1_0."training_facility_id",c1_0."under18_id",c1_0."youth_academy_id" from "club" c1_0 where c1_0."team_id"=?
Hibernate: insert into "player_career_stats" ("clubs_played","cup_titles","first_goal","first_professional_match","highest_season_rating","highest_transfer_value","international_caps","international_goals","league_titles","longest_goal_streak","milestone100goals","milestone100matches","most_assists_in_season","most_goals_in_season","player_id","total_assists","total_clean_sheets","total_goals","total_matches_played","total_red_cards","total_transfer_value","total_yellow_cards","id") values (?,?,?,?,?,?,?,?,?,?,?,?,?,?,?,?,?,?,?,?,?,?,default)
Hibernate: select pss1_0."id",pss1_0."assists",pss1_0."average_condition",pss1_0."average_morale",pss1_0."average_rating",pss1_0."clean_sheets",pss1_0."club_id",pss1_0."fouls_committed",pss1_0."fouls_received",pss1_0."goals",pss1_0."goals_conceded",pss1_0."highest_rating",pss1_0."injury_count",pss1_0."injury_days",pss1_0."interceptions",pss1_0."league_id",pss1_0."lowest_rating",pss1_0."man_of_the_match_awards",pss1_0."matches_played",pss1_0."matches_started",pss1_0."minutes_played",pss1_0."passes",pss1_0."passes_completed",pss1_0."penalties_saved",pss1_0."player_id",pss1_0."red_cards",pss1_0."saves",pss1_0."season_id",pss1_0."shots",pss1_0."shots_on_target",pss1_0."substitutions_in",pss1_0."substitutions_out",pss1_0."tackles",pss1_0."yellow_cards" from "player_season_stats" pss1_0 where pss1_0."player_id"=?
Hibernate: select c1_0."id",c1_0."city",c1_0."finance_id",c1_0."foundation",c1_0."league_id",c1_0."logourl",c1_0."medical_center_id",c1_0."name",c1_0."stadium_id",c1_0."team_id",c1_0."training_facility_id",c1_0."under18_id",c1_0."youth_academy_id" from "club" c1_0 where c1_0."team_id"=?
Hibernate: insert into "player_career_stats" ("clubs_played","cup_titles","first_goal","first_professional_match","highest_season_rating","highest_transfer_value","international_caps","international_goals","league_titles","longest_goal_streak","milestone100goals","milestone100matches","most_assists_in_season","most_goals_in_season","player_id","total_assists","total_clean_sheets","total_goals","total_matches_played","total_red_cards","total_transfer_value","total_yellow_cards","id") values (?,?,?,?,?,?,?,?,?,?,?,?,?,?,?,?,?,?,?,?,?,?,default)
Hibernate: select pss1_0."id",pss1_0."assists",pss1_0."average_condition",pss1_0."average_morale",pss1_0."average_rating",pss1_0."clean_sheets",pss1_0."club_id",pss1_0."fouls_committed",pss1_0."fouls_received",pss1_0."goals",pss1_0."goals_conceded",pss1_0."highest_rating",pss1_0."injury_count",pss1_0."injury_days",pss1_0."interceptions",pss1_0."league_id",pss1_0."lowest_rating",pss1_0."man_of_the_match_awards",pss1_0."matches_played",pss1_0."matches_started",pss1_0."minutes_played",pss1_0."passes",pss1_0."passes_completed",pss1_0."penalties_saved",pss1_0."player_id",pss1_0."red_cards",pss1_0."saves",pss1_0."season_id",pss1_0."shots",pss1_0."shots_on_target",pss1_0."substitutions_in",pss1_0."substitutions_out",pss1_0."tackles",pss1_0."yellow_cards" from "player_season_stats" pss1_0 where pss1_0."player_id"=?
Hibernate: select c1_0."id",c1_0."city",c1_0."finance_id",c1_0."foundation",c1_0."league_id",c1_0."logourl",c1_0."medical_center_id",c1_0."name",c1_0."stadium_id",c1_0."team_id",c1_0."training_facility_id",c1_0."under18_id",c1_0."youth_academy_id" from "club" c1_0 where c1_0."team_id"=?
Hibernate: insert into "player_career_stats" ("clubs_played","cup_titles","first_goal","first_professional_match","highest_season_rating","highest_transfer_value","international_caps","international_goals","league_titles","longest_goal_streak","milestone100goals","milestone100matches","most_assists_in_season","most_goals_in_season","player_id","total_assists","total_clean_sheets","total_goals","total_matches_played","total_red_cards","total_transfer_value","total_yellow_cards","id") values (?,?,?,?,?,?,?,?,?,?,?,?,?,?,?,?,?,?,?,?,?,?,default)
Hibernate: select pss1_0."id",pss1_0."assists",pss1_0."average_condition",pss1_0."average_morale",pss1_0."average_rating",pss1_0."clean_sheets",pss1_0."club_id",pss1_0."fouls_committed",pss1_0."fouls_received",pss1_0."goals",pss1_0."goals_conceded",pss1_0."highest_rating",pss1_0."injury_count",pss1_0."injury_days",pss1_0."interceptions",pss1_0."league_id",pss1_0."lowest_rating",pss1_0."man_of_the_match_awards",pss1_0."matches_played",pss1_0."matches_started",pss1_0."minutes_played",pss1_0."passes",pss1_0."passes_completed",pss1_0."penalties_saved",pss1_0."player_id",pss1_0."red_cards",pss1_0."saves",pss1_0."season_id",pss1_0."shots",pss1_0."shots_on_target",pss1_0."substitutions_in",pss1_0."substitutions_out",pss1_0."tackles",pss1_0."yellow_cards" from "player_season_stats" pss1_0 where pss1_0."player_id"=?
Hibernate: select c1_0."id",c1_0."city",c1_0."finance_id",c1_0."foundation",c1_0."league_id",c1_0."logourl",c1_0."medical_center_id",c1_0."name",c1_0."stadium_id",c1_0."team_id",c1_0."training_facility_id",c1_0."under18_id",c1_0."youth_academy_id" from "club" c1_0 where c1_0."team_id"=?
Hibernate: insert into "player_career_stats" ("clubs_played","cup_titles","first_goal","first_professional_match","highest_season_rating","highest_transfer_value","international_caps","international_goals","league_titles","longest_goal_streak","milestone100goals","milestone100matches","most_assists_in_season","most_goals_in_season","player_id","total_assists","total_clean_sheets","total_goals","total_matches_played","total_red_cards","total_transfer_value","total_yellow_cards","id") values (?,?,?,?,?,?,?,?,?,?,?,?,?,?,?,?,?,?,?,?,?,?,default)
Hibernate: select pss1_0."id",pss1_0."assists",pss1_0."average_condition",pss1_0."average_morale",pss1_0."average_rating",pss1_0."clean_sheets",pss1_0."club_id",pss1_0."fouls_committed",pss1_0."fouls_received",pss1_0."goals",pss1_0."goals_conceded",pss1_0."highest_rating",pss1_0."injury_count",pss1_0."injury_days",pss1_0."interceptions",pss1_0."league_id",pss1_0."lowest_rating",pss1_0."man_of_the_match_awards",pss1_0."matches_played",pss1_0."matches_started",pss1_0."minutes_played",pss1_0."passes",pss1_0."passes_completed",pss1_0."penalties_saved",pss1_0."player_id",pss1_0."red_cards",pss1_0."saves",pss1_0."season_id",pss1_0."shots",pss1_0."shots_on_target",pss1_0."substitutions_in",pss1_0."substitutions_out",pss1_0."tackles",pss1_0."yellow_cards" from "player_season_stats" pss1_0 where pss1_0."player_id"=?
Hibernate: select c1_0."id",c1_0."city",c1_0."finance_id",c1_0."foundation",c1_0."league_id",c1_0."logourl",c1_0."medical_center_id",c1_0."name",c1_0."stadium_id",c1_0."team_id",c1_0."training_facility_id",c1_0."under18_id",c1_0."youth_academy_id" from "club" c1_0 where c1_0."team_id"=?
Hibernate: insert into "player_career_stats" ("clubs_played","cup_titles","first_goal","first_professional_match","highest_season_rating","highest_transfer_value","international_caps","international_goals","league_titles","longest_goal_streak","milestone100goals","milestone100matches","most_assists_in_season","most_goals_in_season","player_id","total_assists","total_clean_sheets","total_goals","total_matches_played","total_red_cards","total_transfer_value","total_yellow_cards","id") values (?,?,?,?,?,?,?,?,?,?,?,?,?,?,?,?,?,?,?,?,?,?,default)
Hibernate: select pss1_0."id",pss1_0."assists",pss1_0."average_condition",pss1_0."average_morale",pss1_0."average_rating",pss1_0."clean_sheets",pss1_0."club_id",pss1_0."fouls_committed",pss1_0."fouls_received",pss1_0."goals",pss1_0."goals_conceded",pss1_0."highest_rating",pss1_0."injury_count",pss1_0."injury_days",pss1_0."interceptions",pss1_0."league_id",pss1_0."lowest_rating",pss1_0."man_of_the_match_awards",pss1_0."matches_played",pss1_0."matches_started",pss1_0."minutes_played",pss1_0."passes",pss1_0."passes_completed",pss1_0."penalties_saved",pss1_0."player_id",pss1_0."red_cards",pss1_0."saves",pss1_0."season_id",pss1_0."shots",pss1_0."shots_on_target",pss1_0."substitutions_in",pss1_0."substitutions_out",pss1_0."tackles",pss1_0."yellow_cards" from "player_season_stats" pss1_0 where pss1_0."player_id"=?
Hibernate: select c1_0."id",c1_0."city",c1_0."finance_id",c1_0."foundation",c1_0."league_id",c1_0."logourl",c1_0."medical_center_id",c1_0."name",c1_0."stadium_id",c1_0."team_id",c1_0."training_facility_id",c1_0."under18_id",c1_0."youth_academy_id" from "club" c1_0 where c1_0."team_id"=?
Hibernate: insert into "player_career_stats" ("clubs_played","cup_titles","first_goal","first_professional_match","highest_season_rating","highest_transfer_value","international_caps","international_goals","league_titles","longest_goal_streak","milestone100goals","milestone100matches","most_assists_in_season","most_goals_in_season","player_id","total_assists","total_clean_sheets","total_goals","total_matches_played","total_red_cards","total_transfer_value","total_yellow_cards","id") values (?,?,?,?,?,?,?,?,?,?,?,?,?,?,?,?,?,?,?,?,?,?,default)
Hibernate: select pss1_0."id",pss1_0."assists",pss1_0."average_condition",pss1_0."average_morale",pss1_0."average_rating",pss1_0."clean_sheets",pss1_0."club_id",pss1_0."fouls_committed",pss1_0."fouls_received",pss1_0."goals",pss1_0."goals_conceded",pss1_0."highest_rating",pss1_0."injury_count",pss1_0."injury_days",pss1_0."interceptions",pss1_0."league_id",pss1_0."lowest_rating",pss1_0."man_of_the_match_awards",pss1_0."matches_played",pss1_0."matches_started",pss1_0."minutes_played",pss1_0."passes",pss1_0."passes_completed",pss1_0."penalties_saved",pss1_0."player_id",pss1_0."red_cards",pss1_0."saves",pss1_0."season_id",pss1_0."shots",pss1_0."shots_on_target",pss1_0."substitutions_in",pss1_0."substitutions_out",pss1_0."tackles",pss1_0."yellow_cards" from "player_season_stats" pss1_0 where pss1_0."player_id"=?
Hibernate: select c1_0."id",c1_0."city",c1_0."finance_id",c1_0."foundation",c1_0."league_id",c1_0."logourl",c1_0."medical_center_id",c1_0."name",c1_0."stadium_id",c1_0."team_id",c1_0."training_facility_id",c1_0."under18_id",c1_0."youth_academy_id" from "club" c1_0 where c1_0."team_id"=?
Hibernate: insert into "player_career_stats" ("clubs_played","cup_titles","first_goal","first_professional_match","highest_season_rating","highest_transfer_value","international_caps","international_goals","league_titles","longest_goal_streak","milestone100goals","milestone100matches","most_assists_in_season","most_goals_in_season","player_id","total_assists","total_clean_sheets","total_goals","total_matches_played","total_red_cards","total_transfer_value","total_yellow_cards","id") values (?,?,?,?,?,?,?,?,?,?,?,?,?,?,?,?,?,?,?,?,?,?,default)
Hibernate: select pss1_0."id",pss1_0."assists",pss1_0."average_condition",pss1_0."average_morale",pss1_0."average_rating",pss1_0."clean_sheets",pss1_0."club_id",pss1_0."fouls_committed",pss1_0."fouls_received",pss1_0."goals",pss1_0."goals_conceded",pss1_0."highest_rating",pss1_0."injury_count",pss1_0."injury_days",pss1_0."interceptions",pss1_0."league_id",pss1_0."lowest_rating",pss1_0."man_of_the_match_awards",pss1_0."matches_played",pss1_0."matches_started",pss1_0."minutes_played",pss1_0."passes",pss1_0."passes_completed",pss1_0."penalties_saved",pss1_0."player_id",pss1_0."red_cards",pss1_0."saves",pss1_0."season_id",pss1_0."shots",pss1_0."shots_on_target",pss1_0."substitutions_in",pss1_0."substitutions_out",pss1_0."tackles",pss1_0."yellow_cards" from "player_season_stats" pss1_0 where pss1_0."player_id"=?
Hibernate: select s1_0."id",s1_0."is_current",s1_0."end_year",s1_0."league_id",s1_0."name",s1_0."next_round_number",s1_0."start_year" from "season" s1_0 where s1_0."is_current"
Hibernate: select c1_0."id",c1_0."city",c1_0."finance_id",c1_0."foundation",c1_0."league_id",c1_0."logourl",c1_0."medical_center_id",c1_0."name",c1_0."stadium_id",c1_0."team_id",c1_0."training_facility_id",c1_0."under18_id",c1_0."youth_academy_id" from "club" c1_0 where c1_0."team_id"=?
Hibernate: insert into "player_achievement" ("additional_data","club_id","date_achieved","description","player_id","season_id","title","type","id") values (?,?,?,?,?,?,?,?,default)
Hibernate: select c1_0."id",c1_0."city",c1_0."finance_id",c1_0."foundation",c1_0."league_id",c1_0."logourl",c1_0."medical_center_id",c1_0."name",c1_0."stadium_id",c1_0."team_id",c1_0."training_facility_id",c1_0."under18_id",c1_0."youth_academy_id" from "club" c1_0 where c1_0."team_id"=?
Hibernate: insert into "player_career_stats" ("clubs_played","cup_titles","first_goal","first_professional_match","highest_season_rating","highest_transfer_value","international_caps","international_goals","league_titles","longest_goal_streak","milestone100goals","milestone100matches","most_assists_in_season","most_goals_in_season","player_id","total_assists","total_clean_sheets","total_goals","total_matches_played","total_red_cards","total_transfer_value","total_yellow_cards","id") values (?,?,?,?,?,?,?,?,?,?,?,?,?,?,?,?,?,?,?,?,?,?,default)
Hibernate: select pss1_0."id",pss1_0."assists",pss1_0."average_condition",pss1_0."average_morale",pss1_0."average_rating",pss1_0."clean_sheets",pss1_0."club_id",pss1_0."fouls_committed",pss1_0."fouls_received",pss1_0."goals",pss1_0."goals_conceded",pss1_0."highest_rating",pss1_0."injury_count",pss1_0."injury_days",pss1_0."interceptions",pss1_0."league_id",pss1_0."lowest_rating",pss1_0."man_of_the_match_awards",pss1_0."matches_played",pss1_0."matches_started",pss1_0."minutes_played",pss1_0."passes",pss1_0."passes_completed",pss1_0."penalties_saved",pss1_0."player_id",pss1_0."red_cards",pss1_0."saves",pss1_0."season_id",pss1_0."shots",pss1_0."shots_on_target",pss1_0."substitutions_in",pss1_0."substitutions_out",pss1_0."tackles",pss1_0."yellow_cards" from "player_season_stats" pss1_0 where pss1_0."player_id"=?
Hibernate: select c1_0."id",c1_0."city",c1_0."finance_id",c1_0."foundation",c1_0."league_id",c1_0."logourl",c1_0."medical_center_id",c1_0."name",c1_0."stadium_id",c1_0."team_id",c1_0."training_facility_id",c1_0."under18_id",c1_0."youth_academy_id" from "club" c1_0 where c1_0."team_id"=?
Hibernate: insert into "player_career_stats" ("clubs_played","cup_titles","first_goal","first_professional_match","highest_season_rating","highest_transfer_value","international_caps","international_goals","league_titles","longest_goal_streak","milestone100goals","milestone100matches","most_assists_in_season","most_goals_in_season","player_id","total_assists","total_clean_sheets","total_goals","total_matches_played","total_red_cards","total_transfer_value","total_yellow_cards","id") values (?,?,?,?,?,?,?,?,?,?,?,?,?,?,?,?,?,?,?,?,?,?,default)
Hibernate: select pss1_0."id",pss1_0."assists",pss1_0."average_condition",pss1_0."average_morale",pss1_0."average_rating",pss1_0."clean_sheets",pss1_0."club_id",pss1_0."fouls_committed",pss1_0."fouls_received",pss1_0."goals",pss1_0."goals_conceded",pss1_0."highest_rating",pss1_0."injury_count",pss1_0."injury_days",pss1_0."interceptions",pss1_0."league_id",pss1_0."lowest_rating",pss1_0."man_of_the_match_awards",pss1_0."matches_played",pss1_0."matches_started",pss1_0."minutes_played",pss1_0."passes",pss1_0."passes_completed",pss1_0."penalties_saved",pss1_0."player_id",pss1_0."red_cards",pss1_0."saves",pss1_0."season_id",pss1_0."shots",pss1_0."shots_on_target",pss1_0."substitutions_in",pss1_0."substitutions_out",pss1_0."tackles",pss1_0."yellow_cards" from "player_season_stats" pss1_0 where pss1_0."player_id"=?
Hibernate: select c1_0."id",c1_0."city",c1_0."finance_id",c1_0."foundation",c1_0."league_id",c1_0."logourl",c1_0."medical_center_id",c1_0."name",c1_0."stadium_id",c1_0."team_id",c1_0."training_facility_id",c1_0."under18_id",c1_0."youth_academy_id" from "club" c1_0 where c1_0."team_id"=?
Hibernate: insert into "player_career_stats" ("clubs_played","cup_titles","first_goal","first_professional_match","highest_season_rating","highest_transfer_value","international_caps","international_goals","league_titles","longest_goal_streak","milestone100goals","milestone100matches","most_assists_in_season","most_goals_in_season","player_id","total_assists","total_clean_sheets","total_goals","total_matches_played","total_red_cards","total_transfer_value","total_yellow_cards","id") values (?,?,?,?,?,?,?,?,?,?,?,?,?,?,?,?,?,?,?,?,?,?,default)
Hibernate: select pss1_0."id",pss1_0."assists",pss1_0."average_condition",pss1_0."average_morale",pss1_0."average_rating",pss1_0."clean_sheets",pss1_0."club_id",pss1_0."fouls_committed",pss1_0."fouls_received",pss1_0."goals",pss1_0."goals_conceded",pss1_0."highest_rating",pss1_0."injury_count",pss1_0."injury_days",pss1_0."interceptions",pss1_0."league_id",pss1_0."lowest_rating",pss1_0."man_of_the_match_awards",pss1_0."matches_played",pss1_0."matches_started",pss1_0."minutes_played",pss1_0."passes",pss1_0."passes_completed",pss1_0."penalties_saved",pss1_0."player_id",pss1_0."red_cards",pss1_0."saves",pss1_0."season_id",pss1_0."shots",pss1_0."shots_on_target",pss1_0."substitutions_in",pss1_0."substitutions_out",pss1_0."tackles",pss1_0."yellow_cards" from "player_season_stats" pss1_0 where pss1_0."player_id"=?
Hibernate: insert into "player_season_stats" ("assists","average_condition","average_morale","average_rating","clean_sheets","club_id","fouls_committed","fouls_received","goals","goals_conceded","highest_rating","injury_count","injury_days","interceptions","league_id","lowest_rating","man_of_the_match_awards","matches_played","matches_started","minutes_played","passes","passes_completed","penalties_saved","player_id","red_cards","saves","season_id","shots","shots_on_target","substitutions_in","substitutions_out","tackles","yellow_cards","id") values (?,?,?,?,?,?,?,?,?,?,?,?,?,?,?,?,?,?,?,?,?,?,?,?,?,?,?,?,?,?,?,?,?,default)
Hibernate: insert into "player_season_stats" ("assists","average_condition","average_morale","average_rating","clean_sheets","club_id","fouls_committed","fouls_received","goals","goals_conceded","highest_rating","injury_count","injury_days","interceptions","league_id","lowest_rating","man_of_the_match_awards","matches_played","matches_started","minutes_played","passes","passes_completed","penalties_saved","player_id","red_cards","saves","season_id","shots","shots_on_target","substitutions_in","substitutions_out","tackles","yellow_cards","id") values (?,?,?,?,?,?,?,?,?,?,?,?,?,?,?,?,?,?,?,?,?,?,?,?,?,?,?,?,?,?,?,?,?,default)
Hibernate: insert into "player_season_stats" ("assists","average_condition","average_morale","average_rating","clean_sheets","club_id","fouls_committed","fouls_received","goals","goals_conceded","highest_rating","injury_count","injury_days","interceptions","league_id","lowest_rating","man_of_the_match_awards","matches_played","matches_started","minutes_played","passes","passes_completed","penalties_saved","player_id","red_cards","saves","season_id","shots","shots_on_target","substitutions_in","substitutions_out","tackles","yellow_cards","id") values (?,?,?,?,?,?,?,?,?,?,?,?,?,?,?,?,?,?,?,?,?,?,?,?,?,?,?,?,?,?,?,?,?,default)
Hibernate: insert into "player_season_stats" ("assists","average_condition","average_morale","average_rating","clean_sheets","club_id","fouls_committed","fouls_received","goals","goals_conceded","highest_rating","injury_count","injury_days","interceptions","league_id","lowest_rating","man_of_the_match_awards","matches_played","matches_started","minutes_played","passes","passes_completed","penalties_saved","player_id","red_cards","saves","season_id","shots","shots_on_target","substitutions_in","substitutions_out","tackles","yellow_cards","id") values (?,?,?,?,?,?,?,?,?,?,?,?,?,?,?,?,?,?,?,?,?,?,?,?,?,?,?,?,?,?,?,?,?,default)
Hibernate: insert into "player_season_stats" ("assists","average_condition","average_morale","average_rating","clean_sheets","club_id","fouls_committed","fouls_received","goals","goals_conceded","highest_rating","injury_count","injury_days","interceptions","league_id","lowest_rating","man_of_the_match_awards","matches_played","matches_started","minutes_played","passes","passes_completed","penalties_saved","player_id","red_cards","saves","season_id","shots","shots_on_target","substitutions_in","substitutions_out","tackles","yellow_cards","id") values (?,?,?,?,?,?,?,?,?,?,?,?,?,?,?,?,?,?,?,?,?,?,?,?,?,?,?,?,?,?,?,?,?,default)
Hibernate: insert into "player_season_stats" ("assists","average_condition","average_morale","average_rating","clean_sheets","club_id","fouls_committed","fouls_received","goals","goals_conceded","highest_rating","injury_count","injury_days","interceptions","league_id","lowest_rating","man_of_the_match_awards","matches_played","matches_started","minutes_played","passes","passes_completed","penalties_saved","player_id","red_cards","saves","season_id","shots","shots_on_target","substitutions_in","substitutions_out","tackles","yellow_cards","id") values (?,?,?,?,?,?,?,?,?,?,?,?,?,?,?,?,?,?,?,?,?,?,?,?,?,?,?,?,?,?,?,?,?,default)
Hibernate: insert into "player_season_stats" ("assists","average_condition","average_morale","average_rating","clean_sheets","club_id","fouls_committed","fouls_received","goals","goals_conceded","highest_rating","injury_count","injury_days","interceptions","league_id","lowest_rating","man_of_the_match_awards","matches_played","matches_started","minutes_played","passes","passes_completed","penalties_saved","player_id","red_cards","saves","season_id","shots","shots_on_target","substitutions_in","substitutions_out","tackles","yellow_cards","id") values (?,?,?,?,?,?,?,?,?,?,?,?,?,?,?,?,?,?,?,?,?,?,?,?,?,?,?,?,?,?,?,?,?,default)
Hibernate: insert into "player_season_stats" ("assists","average_condition","average_morale","average_rating","clean_sheets","club_id","fouls_committed","fouls_received","goals","goals_conceded","highest_rating","injury_count","injury_days","interceptions","league_id","lowest_rating","man_of_the_match_awards","matches_played","matches_started","minutes_played","passes","passes_completed","penalties_saved","player_id","red_cards","saves","season_id","shots","shots_on_target","substitutions_in","substitutions_out","tackles","yellow_cards","id") values (?,?,?,?,?,?,?,?,?,?,?,?,?,?,?,?,?,?,?,?,?,?,?,?,?,?,?,?,?,?,?,?,?,default)
Hibernate: insert into "player_season_stats" ("assists","average_condition","average_morale","average_rating","clean_sheets","club_id","fouls_committed","fouls_received","goals","goals_conceded","highest_rating","injury_count","injury_days","interceptions","league_id","lowest_rating","man_of_the_match_awards","matches_played","matches_started","minutes_played","passes","passes_completed","penalties_saved","player_id","red_cards","saves","season_id","shots","shots_on_target","substitutions_in","substitutions_out","tackles","yellow_cards","id") values (?,?,?,?,?,?,?,?,?,?,?,?,?,?,?,?,?,?,?,?,?,?,?,?,?,?,?,?,?,?,?,?,?,default)
Hibernate: insert into "player_season_stats" ("assists","average_condition","average_morale","average_rating","clean_sheets","club_id","fouls_committed","fouls_received","goals","goals_conceded","highest_rating","injury_count","injury_days","interceptions","league_id","lowest_rating","man_of_the_match_awards","matches_played","matches_started","minutes_played","passes","passes_completed","penalties_saved","player_id","red_cards","saves","season_id","shots","shots_on_target","substitutions_in","substitutions_out","tackles","yellow_cards","id") values (?,?,?,?,?,?,?,?,?,?,?,?,?,?,?,?,?,?,?,?,?,?,?,?,?,?,?,?,?,?,?,?,?,default)
Hibernate: insert into "player_season_stats" ("assists","average_condition","average_morale","average_rating","clean_sheets","club_id","fouls_committed","fouls_received","goals","goals_conceded","highest_rating","injury_count","injury_days","interceptions","league_id","lowest_rating","man_of_the_match_awards","matches_played","matches_started","minutes_played","passes","passes_completed","penalties_saved","player_id","red_cards","saves","season_id","shots","shots_on_target","substitutions_in","substitutions_out","tackles","yellow_cards","id") values (?,?,?,?,?,?,?,?,?,?,?,?,?,?,?,?,?,?,?,?,?,?,?,?,?,?,?,?,?,?,?,?,?,default)
Hibernate: insert into "player_season_stats" ("assists","average_condition","average_morale","average_rating","clean_sheets","club_id","fouls_committed","fouls_received","goals","goals_conceded","highest_rating","injury_count","injury_days","interceptions","league_id","lowest_rating","man_of_the_match_awards","matches_played","matches_started","minutes_played","passes","passes_completed","penalties_saved","player_id","red_cards","saves","season_id","shots","shots_on_target","substitutions_in","substitutions_out","tackles","yellow_cards","id") values (?,?,?,?,?,?,?,?,?,?,?,?,?,?,?,?,?,?,?,?,?,?,?,?,?,?,?,?,?,?,?,?,?,default)
Hibernate: insert into "player_season_stats" ("assists","average_condition","average_morale","average_rating","clean_sheets","club_id","fouls_committed","fouls_received","goals","goals_conceded","highest_rating","injury_count","injury_days","interceptions","league_id","lowest_rating","man_of_the_match_awards","matches_played","matches_started","minutes_played","passes","passes_completed","penalties_saved","player_id","red_cards","saves","season_id","shots","shots_on_target","substitutions_in","substitutions_out","tackles","yellow_cards","id") values (?,?,?,?,?,?,?,?,?,?,?,?,?,?,?,?,?,?,?,?,?,?,?,?,?,?,?,?,?,?,?,?,?,default)
Hibernate: insert into "player_season_stats" ("assists","average_condition","average_morale","average_rating","clean_sheets","club_id","fouls_committed","fouls_received","goals","goals_conceded","highest_rating","injury_count","injury_days","interceptions","league_id","lowest_rating","man_of_the_match_awards","matches_played","matches_started","minutes_played","passes","passes_completed","penalties_saved","player_id","red_cards","saves","season_id","shots","shots_on_target","substitutions_in","substitutions_out","tackles","yellow_cards","id") values (?,?,?,?,?,?,?,?,?,?,?,?,?,?,?,?,?,?,?,?,?,?,?,?,?,?,?,?,?,?,?,?,?,default)
Hibernate: insert into "player_season_stats" ("assists","average_condition","average_morale","average_rating","clean_sheets","club_id","fouls_committed","fouls_received","goals","goals_conceded","highest_rating","injury_count","injury_days","interceptions","league_id","lowest_rating","man_of_the_match_awards","matches_played","matches_started","minutes_played","passes","passes_completed","penalties_saved","player_id","red_cards","saves","season_id","shots","shots_on_target","substitutions_in","substitutions_out","tackles","yellow_cards","id") values (?,?,?,?,?,?,?,?,?,?,?,?,?,?,?,?,?,?,?,?,?,?,?,?,?,?,?,?,?,?,?,?,?,default)
Hibernate: insert into "player_season_stats" ("assists","average_condition","average_morale","average_rating","clean_sheets","club_id","fouls_committed","fouls_received","goals","goals_conceded","highest_rating","injury_count","injury_days","interceptions","league_id","lowest_rating","man_of_the_match_awards","matches_played","matches_started","minutes_played","passes","passes_completed","penalties_saved","player_id","red_cards","saves","season_id","shots","shots_on_target","substitutions_in","substitutions_out","tackles","yellow_cards","id") values (?,?,?,?,?,?,?,?,?,?,?,?,?,?,?,?,?,?,?,?,?,?,?,?,?,?,?,?,?,?,?,?,?,default)
Hibernate: insert into "player_season_stats" ("assists","average_condition","average_morale","average_rating","clean_sheets","club_id","fouls_committed","fouls_received","goals","goals_conceded","highest_rating","injury_count","injury_days","interceptions","league_id","lowest_rating","man_of_the_match_awards","matches_played","matches_started","minutes_played","passes","passes_completed","penalties_saved","player_id","red_cards","saves","season_id","shots","shots_on_target","substitutions_in","substitutions_out","tackles","yellow_cards","id") values (?,?,?,?,?,?,?,?,?,?,?,?,?,?,?,?,?,?,?,?,?,?,?,?,?,?,?,?,?,?,?,?,?,default)
Hibernate: insert into "player_season_stats" ("assists","average_condition","average_morale","average_rating","clean_sheets","club_id","fouls_committed","fouls_received","goals","goals_conceded","highest_rating","injury_count","injury_days","interceptions","league_id","lowest_rating","man_of_the_match_awards","matches_played","matches_started","minutes_played","passes","passes_completed","penalties_saved","player_id","red_cards","saves","season_id","shots","shots_on_target","substitutions_in","substitutions_out","tackles","yellow_cards","id") values (?,?,?,?,?,?,?,?,?,?,?,?,?,?,?,?,?,?,?,?,?,?,?,?,?,?,?,?,?,?,?,?,?,default)
Hibernate: insert into "player_season_stats" ("assists","average_condition","average_morale","average_rating","clean_sheets","club_id","fouls_committed","fouls_received","goals","goals_conceded","highest_rating","injury_count","injury_days","interceptions","league_id","lowest_rating","man_of_the_match_awards","matches_played","matches_started","minutes_played","passes","passes_completed","penalties_saved","player_id","red_cards","saves","season_id","shots","shots_on_target","substitutions_in","substitutions_out","tackles","yellow_cards","id") values (?,?,?,?,?,?,?,?,?,?,?,?,?,?,?,?,?,?,?,?,?,?,?,?,?,?,?,?,?,?,?,?,?,default)
Hibernate: insert into "player_season_stats" ("assists","average_condition","average_morale","average_rating","clean_sheets","club_id","fouls_committed","fouls_received","goals","goals_conceded","highest_rating","injury_count","injury_days","interceptions","league_id","lowest_rating","man_of_the_match_awards","matches_played","matches_started","minutes_played","passes","passes_completed","penalties_saved","player_id","red_cards","saves","season_id","shots","shots_on_target","substitutions_in","substitutions_out","tackles","yellow_cards","id") values (?,?,?,?,?,?,?,?,?,?,?,?,?,?,?,?,?,?,?,?,?,?,?,?,?,?,?,?,?,?,?,?,?,default)
Hibernate: insert into "player_season_stats" ("assists","average_condition","average_morale","average_rating","clean_sheets","club_id","fouls_committed","fouls_received","goals","goals_conceded","highest_rating","injury_count","injury_days","interceptions","league_id","lowest_rating","man_of_the_match_awards","matches_played","matches_started","minutes_played","passes","passes_completed","penalties_saved","player_id","red_cards","saves","season_id","shots","shots_on_target","substitutions_in","substitutions_out","tackles","yellow_cards","id") values (?,?,?,?,?,?,?,?,?,?,?,?,?,?,?,?,?,?,?,?,?,?,?,?,?,?,?,?,?,?,?,?,?,default)
Hibernate: insert into "player_season_stats" ("assists","average_condition","average_morale","average_rating","clean_sheets","club_id","fouls_committed","fouls_received","goals","goals_conceded","highest_rating","injury_count","injury_days","interceptions","league_id","lowest_rating","man_of_the_match_awards","matches_played","matches_started","minutes_played","passes","passes_completed","penalties_saved","player_id","red_cards","saves","season_id","shots","shots_on_target","substitutions_in","substitutions_out","tackles","yellow_cards","id") values (?,?,?,?,?,?,?,?,?,?,?,?,?,?,?,?,?,?,?,?,?,?,?,?,?,?,?,?,?,?,?,?,?,default)
Hibernate: insert into "player_season_stats" ("assists","average_condition","average_morale","average_rating","clean_sheets","club_id","fouls_committed","fouls_received","goals","goals_conceded","highest_rating","injury_count","injury_days","interceptions","league_id","lowest_rating","man_of_the_match_awards","matches_played","matches_started","minutes_played","passes","passes_completed","penalties_saved","player_id","red_cards","saves","season_id","shots","shots_on_target","substitutions_in","substitutions_out","tackles","yellow_cards","id") values (?,?,?,?,?,?,?,?,?,?,?,?,?,?,?,?,?,?,?,?,?,?,?,?,?,?,?,?,?,?,?,?,?,default)
Hibernate: insert into "player_season_stats" ("assists","average_condition","average_morale","average_rating","clean_sheets","club_id","fouls_committed","fouls_received","goals","goals_conceded","highest_rating","injury_count","injury_days","interceptions","league_id","lowest_rating","man_of_the_match_awards","matches_played","matches_started","minutes_played","passes","passes_completed","penalties_saved","player_id","red_cards","saves","season_id","shots","shots_on_target","substitutions_in","substitutions_out","tackles","yellow_cards","id") values (?,?,?,?,?,?,?,?,?,?,?,?,?,?,?,?,?,?,?,?,?,?,?,?,?,?,?,?,?,?,?,?,?,default)
Hibernate: insert into "player_season_stats" ("assists","average_condition","average_morale","average_rating","clean_sheets","club_id","fouls_committed","fouls_received","goals","goals_conceded","highest_rating","injury_count","injury_days","interceptions","league_id","lowest_rating","man_of_the_match_awards","matches_played","matches_started","minutes_played","passes","passes_completed","penalties_saved","player_id","red_cards","saves","season_id","shots","shots_on_target","substitutions_in","substitutions_out","tackles","yellow_cards","id") values (?,?,?,?,?,?,?,?,?,?,?,?,?,?,?,?,?,?,?,?,?,?,?,?,?,?,?,?,?,?,?,?,?,default)
Hibernate: insert into "player_season_stats" ("assists","average_condition","average_morale","average_rating","clean_sheets","club_id","fouls_committed","fouls_received","goals","goals_conceded","highest_rating","injury_count","injury_days","interceptions","league_id","lowest_rating","man_of_the_match_awards","matches_played","matches_started","minutes_played","passes","passes_completed","penalties_saved","player_id","red_cards","saves","season_id","shots","shots_on_target","substitutions_in","substitutions_out","tackles","yellow_cards","id") values (?,?,?,?,?,?,?,?,?,?,?,?,?,?,?,?,?,?,?,?,?,?,?,?,?,?,?,?,?,?,?,?,?,default)
Hibernate: insert into "player_season_stats" ("assists","average_condition","average_morale","average_rating","clean_sheets","club_id","fouls_committed","fouls_received","goals","goals_conceded","highest_rating","injury_count","injury_days","interceptions","league_id","lowest_rating","man_of_the_match_awards","matches_played","matches_started","minutes_played","passes","passes_completed","penalties_saved","player_id","red_cards","saves","season_id","shots","shots_on_target","substitutions_in","substitutions_out","tackles","yellow_cards","id") values (?,?,?,?,?,?,?,?,?,?,?,?,?,?,?,?,?,?,?,?,?,?,?,?,?,?,?,?,?,?,?,?,?,default)
Hibernate: insert into "player_season_stats" ("assists","average_condition","average_morale","average_rating","clean_sheets","club_id","fouls_committed","fouls_received","goals","goals_conceded","highest_rating","injury_count","injury_days","interceptions","league_id","lowest_rating","man_of_the_match_awards","matches_played","matches_started","minutes_played","passes","passes_completed","penalties_saved","player_id","red_cards","saves","season_id","shots","shots_on_target","substitutions_in","substitutions_out","tackles","yellow_cards","id") values (?,?,?,?,?,?,?,?,?,?,?,?,?,?,?,?,?,?,?,?,?,?,?,?,?,?,?,?,?,?,?,?,?,default)
Hibernate: insert into "player_season_stats" ("assists","average_condition","average_morale","average_rating","clean_sheets","club_id","fouls_committed","fouls_received","goals","goals_conceded","highest_rating","injury_count","injury_days","interceptions","league_id","lowest_rating","man_of_the_match_awards","matches_played","matches_started","minutes_played","passes","passes_completed","penalties_saved","player_id","red_cards","saves","season_id","shots","shots_on_target","substitutions_in","substitutions_out","tackles","yellow_cards","id") values (?,?,?,?,?,?,?,?,?,?,?,?,?,?,?,?,?,?,?,?,?,?,?,?,?,?,?,?,?,?,?,?,?,default)
Hibernate: insert into "player_season_stats" ("assists","average_condition","average_morale","average_rating","clean_sheets","club_id","fouls_committed","fouls_received","goals","goals_conceded","highest_rating","injury_count","injury_days","interceptions","league_id","lowest_rating","man_of_the_match_awards","matches_played","matches_started","minutes_played","passes","passes_completed","penalties_saved","player_id","red_cards","saves","season_id","shots","shots_on_target","substitutions_in","substitutions_out","tackles","yellow_cards","id") values (?,?,?,?,?,?,?,?,?,?,?,?,?,?,?,?,?,?,?,?,?,?,?,?,?,?,?,?,?,?,?,?,?,default)
Hibernate: insert into "player_season_stats" ("assists","average_condition","average_morale","average_rating","clean_sheets","club_id","fouls_committed","fouls_received","goals","goals_conceded","highest_rating","injury_count","injury_days","interceptions","league_id","lowest_rating","man_of_the_match_awards","matches_played","matches_started","minutes_played","passes","passes_completed","penalties_saved","player_id","red_cards","saves","season_id","shots","shots_on_target","substitutions_in","substitutions_out","tackles","yellow_cards","id") values (?,?,?,?,?,?,?,?,?,?,?,?,?,?,?,?,?,?,?,?,?,?,?,?,?,?,?,?,?,?,?,?,?,default)
Hibernate: insert into "player_season_stats" ("assists","average_condition","average_morale","average_rating","clean_sheets","club_id","fouls_committed","fouls_received","goals","goals_conceded","highest_rating","injury_count","injury_days","interceptions","league_id","lowest_rating","man_of_the_match_awards","matches_played","matches_started","minutes_played","passes","passes_completed","penalties_saved","player_id","red_cards","saves","season_id","shots","shots_on_target","substitutions_in","substitutions_out","tackles","yellow_cards","id") values (?,?,?,?,?,?,?,?,?,?,?,?,?,?,?,?,?,?,?,?,?,?,?,?,?,?,?,?,?,?,?,?,?,default)
Hibernate: insert into "player_season_stats" ("assists","average_condition","average_morale","average_rating","clean_sheets","club_id","fouls_committed","fouls_received","goals","goals_conceded","highest_rating","injury_count","injury_days","interceptions","league_id","lowest_rating","man_of_the_match_awards","matches_played","matches_started","minutes_played","passes","passes_completed","penalties_saved","player_id","red_cards","saves","season_id","shots","shots_on_target","substitutions_in","substitutions_out","tackles","yellow_cards","id") values (?,?,?,?,?,?,?,?,?,?,?,?,?,?,?,?,?,?,?,?,?,?,?,?,?,?,?,?,?,?,?,?,?,default)
Hibernate: insert into "player_season_stats" ("assists","average_condition","average_morale","average_rating","clean_sheets","club_id","fouls_committed","fouls_received","goals","goals_conceded","highest_rating","injury_count","injury_days","interceptions","league_id","lowest_rating","man_of_the_match_awards","matches_played","matches_started","minutes_played","passes","passes_completed","penalties_saved","player_id","red_cards","saves","season_id","shots","shots_on_target","substitutions_in","substitutions_out","tackles","yellow_cards","id") values (?,?,?,?,?,?,?,?,?,?,?,?,?,?,?,?,?,?,?,?,?,?,?,?,?,?,?,?,?,?,?,?,?,default)
Hibernate: insert into "player_season_stats" ("assists","average_condition","average_morale","average_rating","clean_sheets","club_id","fouls_committed","fouls_received","goals","goals_conceded","highest_rating","injury_count","injury_days","interceptions","league_id","lowest_rating","man_of_the_match_awards","matches_played","matches_started","minutes_played","passes","passes_completed","penalties_saved","player_id","red_cards","saves","season_id","shots","shots_on_target","substitutions_in","substitutions_out","tackles","yellow_cards","id") values (?,?,?,?,?,?,?,?,?,?,?,?,?,?,?,?,?,?,?,?,?,?,?,?,?,?,?,?,?,?,?,?,?,default)
Hibernate: insert into "player_season_stats" ("assists","average_condition","average_morale","average_rating","clean_sheets","club_id","fouls_committed","fouls_received","goals","goals_conceded","highest_rating","injury_count","injury_days","interceptions","league_id","lowest_rating","man_of_the_match_awards","matches_played","matches_started","minutes_played","passes","passes_completed","penalties_saved","player_id","red_cards","saves","season_id","shots","shots_on_target","substitutions_in","substitutions_out","tackles","yellow_cards","id") values (?,?,?,?,?,?,?,?,?,?,?,?,?,?,?,?,?,?,?,?,?,?,?,?,?,?,?,?,?,?,?,?,?,default)
Hibernate: insert into "player_season_stats" ("assists","average_condition","average_morale","average_rating","clean_sheets","club_id","fouls_committed","fouls_received","goals","goals_conceded","highest_rating","injury_count","injury_days","interceptions","league_id","lowest_rating","man_of_the_match_awards","matches_played","matches_started","minutes_played","passes","passes_completed","penalties_saved","player_id","red_cards","saves","season_id","shots","shots_on_target","substitutions_in","substitutions_out","tackles","yellow_cards","id") values (?,?,?,?,?,?,?,?,?,?,?,?,?,?,?,?,?,?,?,?,?,?,?,?,?,?,?,?,?,?,?,?,?,default)
Hibernate: insert into "player_season_stats" ("assists","average_condition","average_morale","average_rating","clean_sheets","club_id","fouls_committed","fouls_received","goals","goals_conceded","highest_rating","injury_count","injury_days","interceptions","league_id","lowest_rating","man_of_the_match_awards","matches_played","matches_started","minutes_played","passes","passes_completed","penalties_saved","player_id","red_cards","saves","season_id","shots","shots_on_target","substitutions_in","substitutions_out","tackles","yellow_cards","id") values (?,?,?,?,?,?,?,?,?,?,?,?,?,?,?,?,?,?,?,?,?,?,?,?,?,?,?,?,?,?,?,?,?,default)
Hibernate: insert into "player_season_stats" ("assists","average_condition","average_morale","average_rating","clean_sheets","club_id","fouls_committed","fouls_received","goals","goals_conceded","highest_rating","injury_count","injury_days","interceptions","league_id","lowest_rating","man_of_the_match_awards","matches_played","matches_started","minutes_played","passes","passes_completed","penalties_saved","player_id","red_cards","saves","season_id","shots","shots_on_target","substitutions_in","substitutions_out","tackles","yellow_cards","id") values (?,?,?,?,?,?,?,?,?,?,?,?,?,?,?,?,?,?,?,?,?,?,?,?,?,?,?,?,?,?,?,?,?,default)
Hibernate: insert into "player_season_stats" ("assists","average_condition","average_morale","average_rating","clean_sheets","club_id","fouls_committed","fouls_received","goals","goals_conceded","highest_rating","injury_count","injury_days","interceptions","league_id","lowest_rating","man_of_the_match_awards","matches_played","matches_started","minutes_played","passes","passes_completed","penalties_saved","player_id","red_cards","saves","season_id","shots","shots_on_target","substitutions_in","substitutions_out","tackles","yellow_cards","id") values (?,?,?,?,?,?,?,?,?,?,?,?,?,?,?,?,?,?,?,?,?,?,?,?,?,?,?,?,?,?,?,?,?,default)
Hibernate: insert into "player_season_stats" ("assists","average_condition","average_morale","average_rating","clean_sheets","club_id","fouls_committed","fouls_received","goals","goals_conceded","highest_rating","injury_count","injury_days","interceptions","league_id","lowest_rating","man_of_the_match_awards","matches_played","matches_started","minutes_played","passes","passes_completed","penalties_saved","player_id","red_cards","saves","season_id","shots","shots_on_target","substitutions_in","substitutions_out","tackles","yellow_cards","id") values (?,?,?,?,?,?,?,?,?,?,?,?,?,?,?,?,?,?,?,?,?,?,?,?,?,?,?,?,?,?,?,?,?,default)
Hibernate: insert into "player_season_stats" ("assists","average_condition","average_morale","average_rating","clean_sheets","club_id","fouls_committed","fouls_received","goals","goals_conceded","highest_rating","injury_count","injury_days","interceptions","league_id","lowest_rating","man_of_the_match_awards","matches_played","matches_started","minutes_played","passes","passes_completed","penalties_saved","player_id","red_cards","saves","season_id","shots","shots_on_target","substitutions_in","substitutions_out","tackles","yellow_cards","id") values (?,?,?,?,?,?,?,?,?,?,?,?,?,?,?,?,?,?,?,?,?,?,?,?,?,?,?,?,?,?,?,?,?,default)
Hibernate: insert into "player_season_stats" ("assists","average_condition","average_morale","average_rating","clean_sheets","club_id","fouls_committed","fouls_received","goals","goals_conceded","highest_rating","injury_count","injury_days","interceptions","league_id","lowest_rating","man_of_the_match_awards","matches_played","matches_started","minutes_played","passes","passes_completed","penalties_saved","player_id","red_cards","saves","season_id","shots","shots_on_target","substitutions_in","substitutions_out","tackles","yellow_cards","id") values (?,?,?,?,?,?,?,?,?,?,?,?,?,?,?,?,?,?,?,?,?,?,?,?,?,?,?,?,?,?,?,?,?,default)
Hibernate: insert into "player_season_stats" ("assists","average_condition","average_morale","average_rating","clean_sheets","club_id","fouls_committed","fouls_received","goals","goals_conceded","highest_rating","injury_count","injury_days","interceptions","league_id","lowest_rating","man_of_the_match_awards","matches_played","matches_started","minutes_played","passes","passes_completed","penalties_saved","player_id","red_cards","saves","season_id","shots","shots_on_target","substitutions_in","substitutions_out","tackles","yellow_cards","id") values (?,?,?,?,?,?,?,?,?,?,?,?,?,?,?,?,?,?,?,?,?,?,?,?,?,?,?,?,?,?,?,?,?,default)
Hibernate: insert into "player_season_stats" ("assists","average_condition","average_morale","average_rating","clean_sheets","club_id","fouls_committed","fouls_received","goals","goals_conceded","highest_rating","injury_count","injury_days","interceptions","league_id","lowest_rating","man_of_the_match_awards","matches_played","matches_started","minutes_played","passes","passes_completed","penalties_saved","player_id","red_cards","saves","season_id","shots","shots_on_target","substitutions_in","substitutions_out","tackles","yellow_cards","id") values (?,?,?,?,?,?,?,?,?,?,?,?,?,?,?,?,?,?,?,?,?,?,?,?,?,?,?,?,?,?,?,?,?,default)
Hibernate: insert into "player_season_stats" ("assists","average_condition","average_morale","average_rating","clean_sheets","club_id","fouls_committed","fouls_received","goals","goals_conceded","highest_rating","injury_count","injury_days","interceptions","league_id","lowest_rating","man_of_the_match_awards","matches_played","matches_started","minutes_played","passes","passes_completed","penalties_saved","player_id","red_cards","saves","season_id","shots","shots_on_target","substitutions_in","substitutions_out","tackles","yellow_cards","id") values (?,?,?,?,?,?,?,?,?,?,?,?,?,?,?,?,?,?,?,?,?,?,?,?,?,?,?,?,?,?,?,?,?,default)
Hibernate: insert into "player_season_stats" ("assists","average_condition","average_morale","average_rating","clean_sheets","club_id","fouls_committed","fouls_received","goals","goals_conceded","highest_rating","injury_count","injury_days","interceptions","league_id","lowest_rating","man_of_the_match_awards","matches_played","matches_started","minutes_played","passes","passes_completed","penalties_saved","player_id","red_cards","saves","season_id","shots","shots_on_target","substitutions_in","substitutions_out","tackles","yellow_cards","id") values (?,?,?,?,?,?,?,?,?,?,?,?,?,?,?,?,?,?,?,?,?,?,?,?,?,?,?,?,?,?,?,?,?,default)
Hibernate: insert into "player_season_stats" ("assists","average_condition","average_morale","average_rating","clean_sheets","club_id","fouls_committed","fouls_received","goals","goals_conceded","highest_rating","injury_count","injury_days","interceptions","league_id","lowest_rating","man_of_the_match_awards","matches_played","matches_started","minutes_played","passes","passes_completed","penalties_saved","player_id","red_cards","saves","season_id","shots","shots_on_target","substitutions_in","substitutions_out","tackles","yellow_cards","id") values (?,?,?,?,?,?,?,?,?,?,?,?,?,?,?,?,?,?,?,?,?,?,?,?,?,?,?,?,?,?,?,?,?,default)
Hibernate: insert into "player_season_stats" ("assists","average_condition","average_morale","average_rating","clean_sheets","club_id","fouls_committed","fouls_received","goals","goals_conceded","highest_rating","injury_count","injury_days","interceptions","league_id","lowest_rating","man_of_the_match_awards","matches_played","matches_started","minutes_played","passes","passes_completed","penalties_saved","player_id","red_cards","saves","season_id","shots","shots_on_target","substitutions_in","substitutions_out","tackles","yellow_cards","id") values (?,?,?,?,?,?,?,?,?,?,?,?,?,?,?,?,?,?,?,?,?,?,?,?,?,?,?,?,?,?,?,?,?,default)
Hibernate: insert into "player_season_stats" ("assists","average_condition","average_morale","average_rating","clean_sheets","club_id","fouls_committed","fouls_received","goals","goals_conceded","highest_rating","injury_count","injury_days","interceptions","league_id","lowest_rating","man_of_the_match_awards","matches_played","matches_started","minutes_played","passes","passes_completed","penalties_saved","player_id","red_cards","saves","season_id","shots","shots_on_target","substitutions_in","substitutions_out","tackles","yellow_cards","id") values (?,?,?,?,?,?,?,?,?,?,?,?,?,?,?,?,?,?,?,?,?,?,?,?,?,?,?,?,?,?,?,?,?,default)
Hibernate: insert into "player_season_stats" ("assists","average_condition","average_morale","average_rating","clean_sheets","club_id","fouls_committed","fouls_received","goals","goals_conceded","highest_rating","injury_count","injury_days","interceptions","league_id","lowest_rating","man_of_the_match_awards","matches_played","matches_started","minutes_played","passes","passes_completed","penalties_saved","player_id","red_cards","saves","season_id","shots","shots_on_target","substitutions_in","substitutions_out","tackles","yellow_cards","id") values (?,?,?,?,?,?,?,?,?,?,?,?,?,?,?,?,?,?,?,?,?,?,?,?,?,?,?,?,?,?,?,?,?,default)
Hibernate: insert into "player_season_stats" ("assists","average_condition","average_morale","average_rating","clean_sheets","club_id","fouls_committed","fouls_received","goals","goals_conceded","highest_rating","injury_count","injury_days","interceptions","league_id","lowest_rating","man_of_the_match_awards","matches_played","matches_started","minutes_played","passes","passes_completed","penalties_saved","player_id","red_cards","saves","season_id","shots","shots_on_target","substitutions_in","substitutions_out","tackles","yellow_cards","id") values (?,?,?,?,?,?,?,?,?,?,?,?,?,?,?,?,?,?,?,?,?,?,?,?,?,?,?,?,?,?,?,?,?,default)
Hibernate: insert into "player_season_stats" ("assists","average_condition","average_morale","average_rating","clean_sheets","club_id","fouls_committed","fouls_received","goals","goals_conceded","highest_rating","injury_count","injury_days","interceptions","league_id","lowest_rating","man_of_the_match_awards","matches_played","matches_started","minutes_played","passes","passes_completed","penalties_saved","player_id","red_cards","saves","season_id","shots","shots_on_target","substitutions_in","substitutions_out","tackles","yellow_cards","id") values (?,?,?,?,?,?,?,?,?,?,?,?,?,?,?,?,?,?,?,?,?,?,?,?,?,?,?,?,?,?,?,?,?,default)
Hibernate: insert into "player_season_stats" ("assists","average_condition","average_morale","average_rating","clean_sheets","club_id","fouls_committed","fouls_received","goals","goals_conceded","highest_rating","injury_count","injury_days","interceptions","league_id","lowest_rating","man_of_the_match_awards","matches_played","matches_started","minutes_played","passes","passes_completed","penalties_saved","player_id","red_cards","saves","season_id","shots","shots_on_target","substitutions_in","substitutions_out","tackles","yellow_cards","id") values (?,?,?,?,?,?,?,?,?,?,?,?,?,?,?,?,?,?,?,?,?,?,?,?,?,?,?,?,?,?,?,?,?,default)
Hibernate: insert into "player_season_stats" ("assists","average_condition","average_morale","average_rating","clean_sheets","club_id","fouls_committed","fouls_received","goals","goals_conceded","highest_rating","injury_count","injury_days","interceptions","league_id","lowest_rating","man_of_the_match_awards","matches_played","matches_started","minutes_played","passes","passes_completed","penalties_saved","player_id","red_cards","saves","season_id","shots","shots_on_target","substitutions_in","substitutions_out","tackles","yellow_cards","id") values (?,?,?,?,?,?,?,?,?,?,?,?,?,?,?,?,?,?,?,?,?,?,?,?,?,?,?,?,?,?,?,?,?,default)
Hibernate: insert into "player_season_stats" ("assists","average_condition","average_morale","average_rating","clean_sheets","club_id","fouls_committed","fouls_received","goals","goals_conceded","highest_rating","injury_count","injury_days","interceptions","league_id","lowest_rating","man_of_the_match_awards","matches_played","matches_started","minutes_played","passes","passes_completed","penalties_saved","player_id","red_cards","saves","season_id","shots","shots_on_target","substitutions_in","substitutions_out","tackles","yellow_cards","id") values (?,?,?,?,?,?,?,?,?,?,?,?,?,?,?,?,?,?,?,?,?,?,?,?,?,?,?,?,?,?,?,?,?,default)
Hibernate: insert into "player_season_stats" ("assists","average_condition","average_morale","average_rating","clean_sheets","club_id","fouls_committed","fouls_received","goals","goals_conceded","highest_rating","injury_count","injury_days","interceptions","league_id","lowest_rating","man_of_the_match_awards","matches_played","matches_started","minutes_played","passes","passes_completed","penalties_saved","player_id","red_cards","saves","season_id","shots","shots_on_target","substitutions_in","substitutions_out","tackles","yellow_cards","id") values (?,?,?,?,?,?,?,?,?,?,?,?,?,?,?,?,?,?,?,?,?,?,?,?,?,?,?,?,?,?,?,?,?,default)
Hibernate: insert into "player_season_stats" ("assists","average_condition","average_morale","average_rating","clean_sheets","club_id","fouls_committed","fouls_received","goals","goals_conceded","highest_rating","injury_count","injury_days","interceptions","league_id","lowest_rating","man_of_the_match_awards","matches_played","matches_started","minutes_played","passes","passes_completed","penalties_saved","player_id","red_cards","saves","season_id","shots","shots_on_target","substitutions_in","substitutions_out","tackles","yellow_cards","id") values (?,?,?,?,?,?,?,?,?,?,?,?,?,?,?,?,?,?,?,?,?,?,?,?,?,?,?,?,?,?,?,?,?,default)
Hibernate: insert into "player_season_stats" ("assists","average_condition","average_morale","average_rating","clean_sheets","club_id","fouls_committed","fouls_received","goals","goals_conceded","highest_rating","injury_count","injury_days","interceptions","league_id","lowest_rating","man_of_the_match_awards","matches_played","matches_started","minutes_played","passes","passes_completed","penalties_saved","player_id","red_cards","saves","season_id","shots","shots_on_target","substitutions_in","substitutions_out","tackles","yellow_cards","id") values (?,?,?,?,?,?,?,?,?,?,?,?,?,?,?,?,?,?,?,?,?,?,?,?,?,?,?,?,?,?,?,?,?,default)
Hibernate: insert into "player_season_stats" ("assists","average_condition","average_morale","average_rating","clean_sheets","club_id","fouls_committed","fouls_received","goals","goals_conceded","highest_rating","injury_count","injury_days","interceptions","league_id","lowest_rating","man_of_the_match_awards","matches_played","matches_started","minutes_played","passes","passes_completed","penalties_saved","player_id","red_cards","saves","season_id","shots","shots_on_target","substitutions_in","substitutions_out","tackles","yellow_cards","id") values (?,?,?,?,?,?,?,?,?,?,?,?,?,?,?,?,?,?,?,?,?,?,?,?,?,?,?,?,?,?,?,?,?,default)
Hibernate: insert into "player_season_stats" ("assists","average_condition","average_morale","average_rating","clean_sheets","club_id","fouls_committed","fouls_received","goals","goals_conceded","highest_rating","injury_count","injury_days","interceptions","league_id","lowest_rating","man_of_the_match_awards","matches_played","matches_started","minutes_played","passes","passes_completed","penalties_saved","player_id","red_cards","saves","season_id","shots","shots_on_target","substitutions_in","substitutions_out","tackles","yellow_cards","id") values (?,?,?,?,?,?,?,?,?,?,?,?,?,?,?,?,?,?,?,?,?,?,?,?,?,?,?,?,?,?,?,?,?,default)
Hibernate: insert into "player_season_stats" ("assists","average_condition","average_morale","average_rating","clean_sheets","club_id","fouls_committed","fouls_received","goals","goals_conceded","highest_rating","injury_count","injury_days","interceptions","league_id","lowest_rating","man_of_the_match_awards","matches_played","matches_started","minutes_played","passes","passes_completed","penalties_saved","player_id","red_cards","saves","season_id","shots","shots_on_target","substitutions_in","substitutions_out","tackles","yellow_cards","id") values (?,?,?,?,?,?,?,?,?,?,?,?,?,?,?,?,?,?,?,?,?,?,?,?,?,?,?,?,?,?,?,?,?,default)
Hibernate: insert into "player_season_stats" ("assists","average_condition","average_morale","average_rating","clean_sheets","club_id","fouls_committed","fouls_received","goals","goals_conceded","highest_rating","injury_count","injury_days","interceptions","league_id","lowest_rating","man_of_the_match_awards","matches_played","matches_started","minutes_played","passes","passes_completed","penalties_saved","player_id","red_cards","saves","season_id","shots","shots_on_target","substitutions_in","substitutions_out","tackles","yellow_cards","id") values (?,?,?,?,?,?,?,?,?,?,?,?,?,?,?,?,?,?,?,?,?,?,?,?,?,?,?,?,?,?,?,?,?,default)
Hibernate: insert into "player_season_stats" ("assists","average_condition","average_morale","average_rating","clean_sheets","club_id","fouls_committed","fouls_received","goals","goals_conceded","highest_rating","injury_count","injury_days","interceptions","league_id","lowest_rating","man_of_the_match_awards","matches_played","matches_started","minutes_played","passes","passes_completed","penalties_saved","player_id","red_cards","saves","season_id","shots","shots_on_target","substitutions_in","substitutions_out","tackles","yellow_cards","id") values (?,?,?,?,?,?,?,?,?,?,?,?,?,?,?,?,?,?,?,?,?,?,?,?,?,?,?,?,?,?,?,?,?,default)
Hibernate: insert into "player_season_stats" ("assists","average_condition","average_morale","average_rating","clean_sheets","club_id","fouls_committed","fouls_received","goals","goals_conceded","highest_rating","injury_count","injury_days","interceptions","league_id","lowest_rating","man_of_the_match_awards","matches_played","matches_started","minutes_played","passes","passes_completed","penalties_saved","player_id","red_cards","saves","season_id","shots","shots_on_target","substitutions_in","substitutions_out","tackles","yellow_cards","id") values (?,?,?,?,?,?,?,?,?,?,?,?,?,?,?,?,?,?,?,?,?,?,?,?,?,?,?,?,?,?,?,?,?,default)
Hibernate: insert into "player_season_stats" ("assists","average_condition","average_morale","average_rating","clean_sheets","club_id","fouls_committed","fouls_received","goals","goals_conceded","highest_rating","injury_count","injury_days","interceptions","league_id","lowest_rating","man_of_the_match_awards","matches_played","matches_started","minutes_played","passes","passes_completed","penalties_saved","player_id","red_cards","saves","season_id","shots","shots_on_target","substitutions_in","substitutions_out","tackles","yellow_cards","id") values (?,?,?,?,?,?,?,?,?,?,?,?,?,?,?,?,?,?,?,?,?,?,?,?,?,?,?,?,?,?,?,?,?,default)
Hibernate: insert into "player_season_stats" ("assists","average_condition","average_morale","average_rating","clean_sheets","club_id","fouls_committed","fouls_received","goals","goals_conceded","highest_rating","injury_count","injury_days","interceptions","league_id","lowest_rating","man_of_the_match_awards","matches_played","matches_started","minutes_played","passes","passes_completed","penalties_saved","player_id","red_cards","saves","season_id","shots","shots_on_target","substitutions_in","substitutions_out","tackles","yellow_cards","id") values (?,?,?,?,?,?,?,?,?,?,?,?,?,?,?,?,?,?,?,?,?,?,?,?,?,?,?,?,?,?,?,?,?,default)
Hibernate: insert into "player_season_stats" ("assists","average_condition","average_morale","average_rating","clean_sheets","club_id","fouls_committed","fouls_received","goals","goals_conceded","highest_rating","injury_count","injury_days","interceptions","league_id","lowest_rating","man_of_the_match_awards","matches_played","matches_started","minutes_played","passes","passes_completed","penalties_saved","player_id","red_cards","saves","season_id","shots","shots_on_target","substitutions_in","substitutions_out","tackles","yellow_cards","id") values (?,?,?,?,?,?,?,?,?,?,?,?,?,?,?,?,?,?,?,?,?,?,?,?,?,?,?,?,?,?,?,?,?,default)
Hibernate: insert into "player_season_stats" ("assists","average_condition","average_morale","average_rating","clean_sheets","club_id","fouls_committed","fouls_received","goals","goals_conceded","highest_rating","injury_count","injury_days","interceptions","league_id","lowest_rating","man_of_the_match_awards","matches_played","matches_started","minutes_played","passes","passes_completed","penalties_saved","player_id","red_cards","saves","season_id","shots","shots_on_target","substitutions_in","substitutions_out","tackles","yellow_cards","id") values (?,?,?,?,?,?,?,?,?,?,?,?,?,?,?,?,?,?,?,?,?,?,?,?,?,?,?,?,?,?,?,?,?,default)
Hibernate: insert into "player_season_stats" ("assists","average_condition","average_morale","average_rating","clean_sheets","club_id","fouls_committed","fouls_received","goals","goals_conceded","highest_rating","injury_count","injury_days","interceptions","league_id","lowest_rating","man_of_the_match_awards","matches_played","matches_started","minutes_played","passes","passes_completed","penalties_saved","player_id","red_cards","saves","season_id","shots","shots_on_target","substitutions_in","substitutions_out","tackles","yellow_cards","id") values (?,?,?,?,?,?,?,?,?,?,?,?,?,?,?,?,?,?,?,?,?,?,?,?,?,?,?,?,?,?,?,?,?,default)
Hibernate: insert into "player_season_stats" ("assists","average_condition","average_morale","average_rating","clean_sheets","club_id","fouls_committed","fouls_received","goals","goals_conceded","highest_rating","injury_count","injury_days","interceptions","league_id","lowest_rating","man_of_the_match_awards","matches_played","matches_started","minutes_played","passes","passes_completed","penalties_saved","player_id","red_cards","saves","season_id","shots","shots_on_target","substitutions_in","substitutions_out","tackles","yellow_cards","id") values (?,?,?,?,?,?,?,?,?,?,?,?,?,?,?,?,?,?,?,?,?,?,?,?,?,?,?,?,?,?,?,?,?,default)
Hibernate: insert into "player_season_stats" ("assists","average_condition","average_morale","average_rating","clean_sheets","club_id","fouls_committed","fouls_received","goals","goals_conceded","highest_rating","injury_count","injury_days","interceptions","league_id","lowest_rating","man_of_the_match_awards","matches_played","matches_started","minutes_played","passes","passes_completed","penalties_saved","player_id","red_cards","saves","season_id","shots","shots_on_target","substitutions_in","substitutions_out","tackles","yellow_cards","id") values (?,?,?,?,?,?,?,?,?,?,?,?,?,?,?,?,?,?,?,?,?,?,?,?,?,?,?,?,?,?,?,?,?,default)
Hibernate: insert into "player_season_stats" ("assists","average_condition","average_morale","average_rating","clean_sheets","club_id","fouls_committed","fouls_received","goals","goals_conceded","highest_rating","injury_count","injury_days","interceptions","league_id","lowest_rating","man_of_the_match_awards","matches_played","matches_started","minutes_played","passes","passes_completed","penalties_saved","player_id","red_cards","saves","season_id","shots","shots_on_target","substitutions_in","substitutions_out","tackles","yellow_cards","id") values (?,?,?,?,?,?,?,?,?,?,?,?,?,?,?,?,?,?,?,?,?,?,?,?,?,?,?,?,?,?,?,?,?,default)
Hibernate: insert into "player_season_stats" ("assists","average_condition","average_morale","average_rating","clean_sheets","club_id","fouls_committed","fouls_received","goals","goals_conceded","highest_rating","injury_count","injury_days","interceptions","league_id","lowest_rating","man_of_the_match_awards","matches_played","matches_started","minutes_played","passes","passes_completed","penalties_saved","player_id","red_cards","saves","season_id","shots","shots_on_target","substitutions_in","substitutions_out","tackles","yellow_cards","id") values (?,?,?,?,?,?,?,?,?,?,?,?,?,?,?,?,?,?,?,?,?,?,?,?,?,?,?,?,?,?,?,?,?,default)
Hibernate: insert into "player_season_stats" ("assists","average_condition","average_morale","average_rating","clean_sheets","club_id","fouls_committed","fouls_received","goals","goals_conceded","highest_rating","injury_count","injury_days","interceptions","league_id","lowest_rating","man_of_the_match_awards","matches_played","matches_started","minutes_played","passes","passes_completed","penalties_saved","player_id","red_cards","saves","season_id","shots","shots_on_target","substitutions_in","substitutions_out","tackles","yellow_cards","id") values (?,?,?,?,?,?,?,?,?,?,?,?,?,?,?,?,?,?,?,?,?,?,?,?,?,?,?,?,?,?,?,?,?,default)
Hibernate: insert into "player_season_stats" ("assists","average_condition","average_morale","average_rating","clean_sheets","club_id","fouls_committed","fouls_received","goals","goals_conceded","highest_rating","injury_count","injury_days","interceptions","league_id","lowest_rating","man_of_the_match_awards","matches_played","matches_started","minutes_played","passes","passes_completed","penalties_saved","player_id","red_cards","saves","season_id","shots","shots_on_target","substitutions_in","substitutions_out","tackles","yellow_cards","id") values (?,?,?,?,?,?,?,?,?,?,?,?,?,?,?,?,?,?,?,?,?,?,?,?,?,?,?,?,?,?,?,?,?,default)
Hibernate: insert into "player_season_stats" ("assists","average_condition","average_morale","average_rating","clean_sheets","club_id","fouls_committed","fouls_received","goals","goals_conceded","highest_rating","injury_count","injury_days","interceptions","league_id","lowest_rating","man_of_the_match_awards","matches_played","matches_started","minutes_played","passes","passes_completed","penalties_saved","player_id","red_cards","saves","season_id","shots","shots_on_target","substitutions_in","substitutions_out","tackles","yellow_cards","id") values (?,?,?,?,?,?,?,?,?,?,?,?,?,?,?,?,?,?,?,?,?,?,?,?,?,?,?,?,?,?,?,?,?,default)
Hibernate: insert into "player_season_stats" ("assists","average_condition","average_morale","average_rating","clean_sheets","club_id","fouls_committed","fouls_received","goals","goals_conceded","highest_rating","injury_count","injury_days","interceptions","league_id","lowest_rating","man_of_the_match_awards","matches_played","matches_started","minutes_played","passes","passes_completed","penalties_saved","player_id","red_cards","saves","season_id","shots","shots_on_target","substitutions_in","substitutions_out","tackles","yellow_cards","id") values (?,?,?,?,?,?,?,?,?,?,?,?,?,?,?,?,?,?,?,?,?,?,?,?,?,?,?,?,?,?,?,?,?,default)
Hibernate: insert into "player_season_stats" ("assists","average_condition","average_morale","average_rating","clean_sheets","club_id","fouls_committed","fouls_received","goals","goals_conceded","highest_rating","injury_count","injury_days","interceptions","league_id","lowest_rating","man_of_the_match_awards","matches_played","matches_started","minutes_played","passes","passes_completed","penalties_saved","player_id","red_cards","saves","season_id","shots","shots_on_target","substitutions_in","substitutions_out","tackles","yellow_cards","id") values (?,?,?,?,?,?,?,?,?,?,?,?,?,?,?,?,?,?,?,?,?,?,?,?,?,?,?,?,?,?,?,?,?,default)
Hibernate: insert into "player_season_stats" ("assists","average_condition","average_morale","average_rating","clean_sheets","club_id","fouls_committed","fouls_received","goals","goals_conceded","highest_rating","injury_count","injury_days","interceptions","league_id","lowest_rating","man_of_the_match_awards","matches_played","matches_started","minutes_played","passes","passes_completed","penalties_saved","player_id","red_cards","saves","season_id","shots","shots_on_target","substitutions_in","substitutions_out","tackles","yellow_cards","id") values (?,?,?,?,?,?,?,?,?,?,?,?,?,?,?,?,?,?,?,?,?,?,?,?,?,?,?,?,?,?,?,?,?,default)
Hibernate: insert into "player_season_stats" ("assists","average_condition","average_morale","average_rating","clean_sheets","club_id","fouls_committed","fouls_received","goals","goals_conceded","highest_rating","injury_count","injury_days","interceptions","league_id","lowest_rating","man_of_the_match_awards","matches_played","matches_started","minutes_played","passes","passes_completed","penalties_saved","player_id","red_cards","saves","season_id","shots","shots_on_target","substitutions_in","substitutions_out","tackles","yellow_cards","id") values (?,?,?,?,?,?,?,?,?,?,?,?,?,?,?,?,?,?,?,?,?,?,?,?,?,?,?,?,?,?,?,?,?,default)
Hibernate: insert into "player_season_stats" ("assists","average_condition","average_morale","average_rating","clean_sheets","club_id","fouls_committed","fouls_received","goals","goals_conceded","highest_rating","injury_count","injury_days","interceptions","league_id","lowest_rating","man_of_the_match_awards","matches_played","matches_started","minutes_played","passes","passes_completed","penalties_saved","player_id","red_cards","saves","season_id","shots","shots_on_target","substitutions_in","substitutions_out","tackles","yellow_cards","id") values (?,?,?,?,?,?,?,?,?,?,?,?,?,?,?,?,?,?,?,?,?,?,?,?,?,?,?,?,?,?,?,?,?,default)
Hibernate: insert into "player_season_stats" ("assists","average_condition","average_morale","average_rating","clean_sheets","club_id","fouls_committed","fouls_received","goals","goals_conceded","highest_rating","injury_count","injury_days","interceptions","league_id","lowest_rating","man_of_the_match_awards","matches_played","matches_started","minutes_played","passes","passes_completed","penalties_saved","player_id","red_cards","saves","season_id","shots","shots_on_target","substitutions_in","substitutions_out","tackles","yellow_cards","id") values (?,?,?,?,?,?,?,?,?,?,?,?,?,?,?,?,?,?,?,?,?,?,?,?,?,?,?,?,?,?,?,?,?,default)
Hibernate: insert into "player_season_stats" ("assists","average_condition","average_morale","average_rating","clean_sheets","club_id","fouls_committed","fouls_received","goals","goals_conceded","highest_rating","injury_count","injury_days","interceptions","league_id","lowest_rating","man_of_the_match_awards","matches_played","matches_started","minutes_played","passes","passes_completed","penalties_saved","player_id","red_cards","saves","season_id","shots","shots_on_target","substitutions_in","substitutions_out","tackles","yellow_cards","id") values (?,?,?,?,?,?,?,?,?,?,?,?,?,?,?,?,?,?,?,?,?,?,?,?,?,?,?,?,?,?,?,?,?,default)
Hibernate: insert into "player_season_stats" ("assists","average_condition","average_morale","average_rating","clean_sheets","club_id","fouls_committed","fouls_received","goals","goals_conceded","highest_rating","injury_count","injury_days","interceptions","league_id","lowest_rating","man_of_the_match_awards","matches_played","matches_started","minutes_played","passes","passes_completed","penalties_saved","player_id","red_cards","saves","season_id","shots","shots_on_target","substitutions_in","substitutions_out","tackles","yellow_cards","id") values (?,?,?,?,?,?,?,?,?,?,?,?,?,?,?,?,?,?,?,?,?,?,?,?,?,?,?,?,?,?,?,?,?,default)
Hibernate: insert into "player_season_stats" ("assists","average_condition","average_morale","average_rating","clean_sheets","club_id","fouls_committed","fouls_received","goals","goals_conceded","highest_rating","injury_count","injury_days","interceptions","league_id","lowest_rating","man_of_the_match_awards","matches_played","matches_started","minutes_played","passes","passes_completed","penalties_saved","player_id","red_cards","saves","season_id","shots","shots_on_target","substitutions_in","substitutions_out","tackles","yellow_cards","id") values (?,?,?,?,?,?,?,?,?,?,?,?,?,?,?,?,?,?,?,?,?,?,?,?,?,?,?,?,?,?,?,?,?,default)
Hibernate: insert into "player_season_stats" ("assists","average_condition","average_morale","average_rating","clean_sheets","club_id","fouls_committed","fouls_received","goals","goals_conceded","highest_rating","injury_count","injury_days","interceptions","league_id","lowest_rating","man_of_the_match_awards","matches_played","matches_started","minutes_played","passes","passes_completed","penalties_saved","player_id","red_cards","saves","season_id","shots","shots_on_target","substitutions_in","substitutions_out","tackles","yellow_cards","id") values (?,?,?,?,?,?,?,?,?,?,?,?,?,?,?,?,?,?,?,?,?,?,?,?,?,?,?,?,?,?,?,?,?,default)
Hibernate: insert into "player_season_stats" ("assists","average_condition","average_morale","average_rating","clean_sheets","club_id","fouls_committed","fouls_received","goals","goals_conceded","highest_rating","injury_count","injury_days","interceptions","league_id","lowest_rating","man_of_the_match_awards","matches_played","matches_started","minutes_played","passes","passes_completed","penalties_saved","player_id","red_cards","saves","season_id","shots","shots_on_target","substitutions_in","substitutions_out","tackles","yellow_cards","id") values (?,?,?,?,?,?,?,?,?,?,?,?,?,?,?,?,?,?,?,?,?,?,?,?,?,?,?,?,?,?,?,?,?,default)
Hibernate: insert into "player_season_stats" ("assists","average_condition","average_morale","average_rating","clean_sheets","club_id","fouls_committed","fouls_received","goals","goals_conceded","highest_rating","injury_count","injury_days","interceptions","league_id","lowest_rating","man_of_the_match_awards","matches_played","matches_started","minutes_played","passes","passes_completed","penalties_saved","player_id","red_cards","saves","season_id","shots","shots_on_target","substitutions_in","substitutions_out","tackles","yellow_cards","id") values (?,?,?,?,?,?,?,?,?,?,?,?,?,?,?,?,?,?,?,?,?,?,?,?,?,?,?,?,?,?,?,?,?,default)
Hibernate: insert into "player_season_stats" ("assists","average_condition","average_morale","average_rating","clean_sheets","club_id","fouls_committed","fouls_received","goals","goals_conceded","highest_rating","injury_count","injury_days","interceptions","league_id","lowest_rating","man_of_the_match_awards","matches_played","matches_started","minutes_played","passes","passes_completed","penalties_saved","player_id","red_cards","saves","season_id","shots","shots_on_target","substitutions_in","substitutions_out","tackles","yellow_cards","id") values (?,?,?,?,?,?,?,?,?,?,?,?,?,?,?,?,?,?,?,?,?,?,?,?,?,?,?,?,?,?,?,?,?,default)
Hibernate: insert into "player_season_stats" ("assists","average_condition","average_morale","average_rating","clean_sheets","club_id","fouls_committed","fouls_received","goals","goals_conceded","highest_rating","injury_count","injury_days","interceptions","league_id","lowest_rating","man_of_the_match_awards","matches_played","matches_started","minutes_played","passes","passes_completed","penalties_saved","player_id","red_cards","saves","season_id","shots","shots_on_target","substitutions_in","substitutions_out","tackles","yellow_cards","id") values (?,?,?,?,?,?,?,?,?,?,?,?,?,?,?,?,?,?,?,?,?,?,?,?,?,?,?,?,?,?,?,?,?,default)
Hibernate: insert into "player_season_stats" ("assists","average_condition","average_morale","average_rating","clean_sheets","club_id","fouls_committed","fouls_received","goals","goals_conceded","highest_rating","injury_count","injury_days","interceptions","league_id","lowest_rating","man_of_the_match_awards","matches_played","matches_started","minutes_played","passes","passes_completed","penalties_saved","player_id","red_cards","saves","season_id","shots","shots_on_target","substitutions_in","substitutions_out","tackles","yellow_cards","id") values (?,?,?,?,?,?,?,?,?,?,?,?,?,?,?,?,?,?,?,?,?,?,?,?,?,?,?,?,?,?,?,?,?,default)
Hibernate: insert into "player_season_stats" ("assists","average_condition","average_morale","average_rating","clean_sheets","club_id","fouls_committed","fouls_received","goals","goals_conceded","highest_rating","injury_count","injury_days","interceptions","league_id","lowest_rating","man_of_the_match_awards","matches_played","matches_started","minutes_played","passes","passes_completed","penalties_saved","player_id","red_cards","saves","season_id","shots","shots_on_target","substitutions_in","substitutions_out","tackles","yellow_cards","id") values (?,?,?,?,?,?,?,?,?,?,?,?,?,?,?,?,?,?,?,?,?,?,?,?,?,?,?,?,?,?,?,?,?,default)
Hibernate: insert into "player_season_stats" ("assists","average_condition","average_morale","average_rating","clean_sheets","club_id","fouls_committed","fouls_received","goals","goals_conceded","highest_rating","injury_count","injury_days","interceptions","league_id","lowest_rating","man_of_the_match_awards","matches_played","matches_started","minutes_played","passes","passes_completed","penalties_saved","player_id","red_cards","saves","season_id","shots","shots_on_target","substitutions_in","substitutions_out","tackles","yellow_cards","id") values (?,?,?,?,?,?,?,?,?,?,?,?,?,?,?,?,?,?,?,?,?,?,?,?,?,?,?,?,?,?,?,?,?,default)
Hibernate: insert into "player_season_stats" ("assists","average_condition","average_morale","average_rating","clean_sheets","club_id","fouls_committed","fouls_received","goals","goals_conceded","highest_rating","injury_count","injury_days","interceptions","league_id","lowest_rating","man_of_the_match_awards","matches_played","matches_started","minutes_played","passes","passes_completed","penalties_saved","player_id","red_cards","saves","season_id","shots","shots_on_target","substitutions_in","substitutions_out","tackles","yellow_cards","id") values (?,?,?,?,?,?,?,?,?,?,?,?,?,?,?,?,?,?,?,?,?,?,?,?,?,?,?,?,?,?,?,?,?,default)
Hibernate: insert into "player_season_stats" ("assists","average_condition","average_morale","average_rating","clean_sheets","club_id","fouls_committed","fouls_received","goals","goals_conceded","highest_rating","injury_count","injury_days","interceptions","league_id","lowest_rating","man_of_the_match_awards","matches_played","matches_started","minutes_played","passes","passes_completed","penalties_saved","player_id","red_cards","saves","season_id","shots","shots_on_target","substitutions_in","substitutions_out","tackles","yellow_cards","id") values (?,?,?,?,?,?,?,?,?,?,?,?,?,?,?,?,?,?,?,?,?,?,?,?,?,?,?,?,?,?,?,?,?,default)
Hibernate: insert into "player_season_stats" ("assists","average_condition","average_morale","average_rating","clean_sheets","club_id","fouls_committed","fouls_received","goals","goals_conceded","highest_rating","injury_count","injury_days","interceptions","league_id","lowest_rating","man_of_the_match_awards","matches_played","matches_started","minutes_played","passes","passes_completed","penalties_saved","player_id","red_cards","saves","season_id","shots","shots_on_target","substitutions_in","substitutions_out","tackles","yellow_cards","id") values (?,?,?,?,?,?,?,?,?,?,?,?,?,?,?,?,?,?,?,?,?,?,?,?,?,?,?,?,?,?,?,?,?,default)
Hibernate: insert into "player_season_stats" ("assists","average_condition","average_morale","average_rating","clean_sheets","club_id","fouls_committed","fouls_received","goals","goals_conceded","highest_rating","injury_count","injury_days","interceptions","league_id","lowest_rating","man_of_the_match_awards","matches_played","matches_started","minutes_played","passes","passes_completed","penalties_saved","player_id","red_cards","saves","season_id","shots","shots_on_target","substitutions_in","substitutions_out","tackles","yellow_cards","id") values (?,?,?,?,?,?,?,?,?,?,?,?,?,?,?,?,?,?,?,?,?,?,?,?,?,?,?,?,?,?,?,?,?,default)
Hibernate: insert into "player_season_stats" ("assists","average_condition","average_morale","average_rating","clean_sheets","club_id","fouls_committed","fouls_received","goals","goals_conceded","highest_rating","injury_count","injury_days","interceptions","league_id","lowest_rating","man_of_the_match_awards","matches_played","matches_started","minutes_played","passes","passes_completed","penalties_saved","player_id","red_cards","saves","season_id","shots","shots_on_target","substitutions_in","substitutions_out","tackles","yellow_cards","id") values (?,?,?,?,?,?,?,?,?,?,?,?,?,?,?,?,?,?,?,?,?,?,?,?,?,?,?,?,?,?,?,?,?,default)
Hibernate: insert into "player_season_stats" ("assists","average_condition","average_morale","average_rating","clean_sheets","club_id","fouls_committed","fouls_received","goals","goals_conceded","highest_rating","injury_count","injury_days","interceptions","league_id","lowest_rating","man_of_the_match_awards","matches_played","matches_started","minutes_played","passes","passes_completed","penalties_saved","player_id","red_cards","saves","season_id","shots","shots_on_target","substitutions_in","substitutions_out","tackles","yellow_cards","id") values (?,?,?,?,?,?,?,?,?,?,?,?,?,?,?,?,?,?,?,?,?,?,?,?,?,?,?,?,?,?,?,?,?,default)
Hibernate: insert into "player_season_stats" ("assists","average_condition","average_morale","average_rating","clean_sheets","club_id","fouls_committed","fouls_received","goals","goals_conceded","highest_rating","injury_count","injury_days","interceptions","league_id","lowest_rating","man_of_the_match_awards","matches_played","matches_started","minutes_played","passes","passes_completed","penalties_saved","player_id","red_cards","saves","season_id","shots","shots_on_target","substitutions_in","substitutions_out","tackles","yellow_cards","id") values (?,?,?,?,?,?,?,?,?,?,?,?,?,?,?,?,?,?,?,?,?,?,?,?,?,?,?,?,?,?,?,?,?,default)
Hibernate: insert into "player_season_stats" ("assists","average_condition","average_morale","average_rating","clean_sheets","club_id","fouls_committed","fouls_received","goals","goals_conceded","highest_rating","injury_count","injury_days","interceptions","league_id","lowest_rating","man_of_the_match_awards","matches_played","matches_started","minutes_played","passes","passes_completed","penalties_saved","player_id","red_cards","saves","season_id","shots","shots_on_target","substitutions_in","substitutions_out","tackles","yellow_cards","id") values (?,?,?,?,?,?,?,?,?,?,?,?,?,?,?,?,?,?,?,?,?,?,?,?,?,?,?,?,?,?,?,?,?,default)
Hibernate: insert into "player_season_stats" ("assists","average_condition","average_morale","average_rating","clean_sheets","club_id","fouls_committed","fouls_received","goals","goals_conceded","highest_rating","injury_count","injury_days","interceptions","league_id","lowest_rating","man_of_the_match_awards","matches_played","matches_started","minutes_played","passes","passes_completed","penalties_saved","player_id","red_cards","saves","season_id","shots","shots_on_target","substitutions_in","substitutions_out","tackles","yellow_cards","id") values (?,?,?,?,?,?,?,?,?,?,?,?,?,?,?,?,?,?,?,?,?,?,?,?,?,?,?,?,?,?,?,?,?,default)
Hibernate: insert into "player_season_stats" ("assists","average_condition","average_morale","average_rating","clean_sheets","club_id","fouls_committed","fouls_received","goals","goals_conceded","highest_rating","injury_count","injury_days","interceptions","league_id","lowest_rating","man_of_the_match_awards","matches_played","matches_started","minutes_played","passes","passes_completed","penalties_saved","player_id","red_cards","saves","season_id","shots","shots_on_target","substitutions_in","substitutions_out","tackles","yellow_cards","id") values (?,?,?,?,?,?,?,?,?,?,?,?,?,?,?,?,?,?,?,?,?,?,?,?,?,?,?,?,?,?,?,?,?,default)
Hibernate: insert into "player_season_stats" ("assists","average_condition","average_morale","average_rating","clean_sheets","club_id","fouls_committed","fouls_received","goals","goals_conceded","highest_rating","injury_count","injury_days","interceptions","league_id","lowest_rating","man_of_the_match_awards","matches_played","matches_started","minutes_played","passes","passes_completed","penalties_saved","player_id","red_cards","saves","season_id","shots","shots_on_target","substitutions_in","substitutions_out","tackles","yellow_cards","id") values (?,?,?,?,?,?,?,?,?,?,?,?,?,?,?,?,?,?,?,?,?,?,?,?,?,?,?,?,?,?,?,?,?,default)
Hibernate: insert into "player_season_stats" ("assists","average_condition","average_morale","average_rating","clean_sheets","club_id","fouls_committed","fouls_received","goals","goals_conceded","highest_rating","injury_count","injury_days","interceptions","league_id","lowest_rating","man_of_the_match_awards","matches_played","matches_started","minutes_played","passes","passes_completed","penalties_saved","player_id","red_cards","saves","season_id","shots","shots_on_target","substitutions_in","substitutions_out","tackles","yellow_cards","id") values (?,?,?,?,?,?,?,?,?,?,?,?,?,?,?,?,?,?,?,?,?,?,?,?,?,?,?,?,?,?,?,?,?,default)
Hibernate: insert into "player_season_stats" ("assists","average_condition","average_morale","average_rating","clean_sheets","club_id","fouls_committed","fouls_received","goals","goals_conceded","highest_rating","injury_count","injury_days","interceptions","league_id","lowest_rating","man_of_the_match_awards","matches_played","matches_started","minutes_played","passes","passes_completed","penalties_saved","player_id","red_cards","saves","season_id","shots","shots_on_target","substitutions_in","substitutions_out","tackles","yellow_cards","id") values (?,?,?,?,?,?,?,?,?,?,?,?,?,?,?,?,?,?,?,?,?,?,?,?,?,?,?,?,?,?,?,?,?,default)
Hibernate: insert into "player_season_stats" ("assists","average_condition","average_morale","average_rating","clean_sheets","club_id","fouls_committed","fouls_received","goals","goals_conceded","highest_rating","injury_count","injury_days","interceptions","league_id","lowest_rating","man_of_the_match_awards","matches_played","matches_started","minutes_played","passes","passes_completed","penalties_saved","player_id","red_cards","saves","season_id","shots","shots_on_target","substitutions_in","substitutions_out","tackles","yellow_cards","id") values (?,?,?,?,?,?,?,?,?,?,?,?,?,?,?,?,?,?,?,?,?,?,?,?,?,?,?,?,?,?,?,?,?,default)
Hibernate: insert into "player_season_stats" ("assists","average_condition","average_morale","average_rating","clean_sheets","club_id","fouls_committed","fouls_received","goals","goals_conceded","highest_rating","injury_count","injury_days","interceptions","league_id","lowest_rating","man_of_the_match_awards","matches_played","matches_started","minutes_played","passes","passes_completed","penalties_saved","player_id","red_cards","saves","season_id","shots","shots_on_target","substitutions_in","substitutions_out","tackles","yellow_cards","id") values (?,?,?,?,?,?,?,?,?,?,?,?,?,?,?,?,?,?,?,?,?,?,?,?,?,?,?,?,?,?,?,?,?,default)
Hibernate: insert into "player_season_stats" ("assists","average_condition","average_morale","average_rating","clean_sheets","club_id","fouls_committed","fouls_received","goals","goals_conceded","highest_rating","injury_count","injury_days","interceptions","league_id","lowest_rating","man_of_the_match_awards","matches_played","matches_started","minutes_played","passes","passes_completed","penalties_saved","player_id","red_cards","saves","season_id","shots","shots_on_target","substitutions_in","substitutions_out","tackles","yellow_cards","id") values (?,?,?,?,?,?,?,?,?,?,?,?,?,?,?,?,?,?,?,?,?,?,?,?,?,?,?,?,?,?,?,?,?,default)
Hibernate: insert into "player_season_stats" ("assists","average_condition","average_morale","average_rating","clean_sheets","club_id","fouls_committed","fouls_received","goals","goals_conceded","highest_rating","injury_count","injury_days","interceptions","league_id","lowest_rating","man_of_the_match_awards","matches_played","matches_started","minutes_played","passes","passes_completed","penalties_saved","player_id","red_cards","saves","season_id","shots","shots_on_target","substitutions_in","substitutions_out","tackles","yellow_cards","id") values (?,?,?,?,?,?,?,?,?,?,?,?,?,?,?,?,?,?,?,?,?,?,?,?,?,?,?,?,?,?,?,?,?,default)
Hibernate: insert into "player_season_stats" ("assists","average_condition","average_morale","average_rating","clean_sheets","club_id","fouls_committed","fouls_received","goals","goals_conceded","highest_rating","injury_count","injury_days","interceptions","league_id","lowest_rating","man_of_the_match_awards","matches_played","matches_started","minutes_played","passes","passes_completed","penalties_saved","player_id","red_cards","saves","season_id","shots","shots_on_target","substitutions_in","substitutions_out","tackles","yellow_cards","id") values (?,?,?,?,?,?,?,?,?,?,?,?,?,?,?,?,?,?,?,?,?,?,?,?,?,?,?,?,?,?,?,?,?,default)
Hibernate: insert into "player_season_stats" ("assists","average_condition","average_morale","average_rating","clean_sheets","club_id","fouls_committed","fouls_received","goals","goals_conceded","highest_rating","injury_count","injury_days","interceptions","league_id","lowest_rating","man_of_the_match_awards","matches_played","matches_started","minutes_played","passes","passes_completed","penalties_saved","player_id","red_cards","saves","season_id","shots","shots_on_target","substitutions_in","substitutions_out","tackles","yellow_cards","id") values (?,?,?,?,?,?,?,?,?,?,?,?,?,?,?,?,?,?,?,?,?,?,?,?,?,?,?,?,?,?,?,?,?,default)
Hibernate: insert into "player_season_stats" ("assists","average_condition","average_morale","average_rating","clean_sheets","club_id","fouls_committed","fouls_received","goals","goals_conceded","highest_rating","injury_count","injury_days","interceptions","league_id","lowest_rating","man_of_the_match_awards","matches_played","matches_started","minutes_played","passes","passes_completed","penalties_saved","player_id","red_cards","saves","season_id","shots","shots_on_target","substitutions_in","substitutions_out","tackles","yellow_cards","id") values (?,?,?,?,?,?,?,?,?,?,?,?,?,?,?,?,?,?,?,?,?,?,?,?,?,?,?,?,?,?,?,?,?,default)
Hibernate: insert into "player_season_stats" ("assists","average_condition","average_morale","average_rating","clean_sheets","club_id","fouls_committed","fouls_received","goals","goals_conceded","highest_rating","injury_count","injury_days","interceptions","league_id","lowest_rating","man_of_the_match_awards","matches_played","matches_started","minutes_played","passes","passes_completed","penalties_saved","player_id","red_cards","saves","season_id","shots","shots_on_target","substitutions_in","substitutions_out","tackles","yellow_cards","id") values (?,?,?,?,?,?,?,?,?,?,?,?,?,?,?,?,?,?,?,?,?,?,?,?,?,?,?,?,?,?,?,?,?,default)
Hibernate: insert into "player_season_stats" ("assists","average_condition","average_morale","average_rating","clean_sheets","club_id","fouls_committed","fouls_received","goals","goals_conceded","highest_rating","injury_count","injury_days","interceptions","league_id","lowest_rating","man_of_the_match_awards","matches_played","matches_started","minutes_played","passes","passes_completed","penalties_saved","player_id","red_cards","saves","season_id","shots","shots_on_target","substitutions_in","substitutions_out","tackles","yellow_cards","id") values (?,?,?,?,?,?,?,?,?,?,?,?,?,?,?,?,?,?,?,?,?,?,?,?,?,?,?,?,?,?,?,?,?,default)
Hibernate: insert into "player_season_stats" ("assists","average_condition","average_morale","average_rating","clean_sheets","club_id","fouls_committed","fouls_received","goals","goals_conceded","highest_rating","injury_count","injury_days","interceptions","league_id","lowest_rating","man_of_the_match_awards","matches_played","matches_started","minutes_played","passes","passes_completed","penalties_saved","player_id","red_cards","saves","season_id","shots","shots_on_target","substitutions_in","substitutions_out","tackles","yellow_cards","id") values (?,?,?,?,?,?,?,?,?,?,?,?,?,?,?,?,?,?,?,?,?,?,?,?,?,?,?,?,?,?,?,?,?,default)
Hibernate: insert into "player_season_stats" ("assists","average_condition","average_morale","average_rating","clean_sheets","club_id","fouls_committed","fouls_received","goals","goals_conceded","highest_rating","injury_count","injury_days","interceptions","league_id","lowest_rating","man_of_the_match_awards","matches_played","matches_started","minutes_played","passes","passes_completed","penalties_saved","player_id","red_cards","saves","season_id","shots","shots_on_target","substitutions_in","substitutions_out","tackles","yellow_cards","id") values (?,?,?,?,?,?,?,?,?,?,?,?,?,?,?,?,?,?,?,?,?,?,?,?,?,?,?,?,?,?,?,?,?,default)
Hibernate: insert into "player_season_stats" ("assists","average_condition","average_morale","average_rating","clean_sheets","club_id","fouls_committed","fouls_received","goals","goals_conceded","highest_rating","injury_count","injury_days","interceptions","league_id","lowest_rating","man_of_the_match_awards","matches_played","matches_started","minutes_played","passes","passes_completed","penalties_saved","player_id","red_cards","saves","season_id","shots","shots_on_target","substitutions_in","substitutions_out","tackles","yellow_cards","id") values (?,?,?,?,?,?,?,?,?,?,?,?,?,?,?,?,?,?,?,?,?,?,?,?,?,?,?,?,?,?,?,?,?,default)
Hibernate: insert into "player_season_stats" ("assists","average_condition","average_morale","average_rating","clean_sheets","club_id","fouls_committed","fouls_received","goals","goals_conceded","highest_rating","injury_count","injury_days","interceptions","league_id","lowest_rating","man_of_the_match_awards","matches_played","matches_started","minutes_played","passes","passes_completed","penalties_saved","player_id","red_cards","saves","season_id","shots","shots_on_target","substitutions_in","substitutions_out","tackles","yellow_cards","id") values (?,?,?,?,?,?,?,?,?,?,?,?,?,?,?,?,?,?,?,?,?,?,?,?,?,?,?,?,?,?,?,?,?,default)
Hibernate: insert into "player_season_stats" ("assists","average_condition","average_morale","average_rating","clean_sheets","club_id","fouls_committed","fouls_received","goals","goals_conceded","highest_rating","injury_count","injury_days","interceptions","league_id","lowest_rating","man_of_the_match_awards","matches_played","matches_started","minutes_played","passes","passes_completed","penalties_saved","player_id","red_cards","saves","season_id","shots","shots_on_target","substitutions_in","substitutions_out","tackles","yellow_cards","id") values (?,?,?,?,?,?,?,?,?,?,?,?,?,?,?,?,?,?,?,?,?,?,?,?,?,?,?,?,?,?,?,?,?,default)
Hibernate: insert into "player_season_stats" ("assists","average_condition","average_morale","average_rating","clean_sheets","club_id","fouls_committed","fouls_received","goals","goals_conceded","highest_rating","injury_count","injury_days","interceptions","league_id","lowest_rating","man_of_the_match_awards","matches_played","matches_started","minutes_played","passes","passes_completed","penalties_saved","player_id","red_cards","saves","season_id","shots","shots_on_target","substitutions_in","substitutions_out","tackles","yellow_cards","id") values (?,?,?,?,?,?,?,?,?,?,?,?,?,?,?,?,?,?,?,?,?,?,?,?,?,?,?,?,?,?,?,?,?,default)
Hibernate: insert into "player_season_stats" ("assists","average_condition","average_morale","average_rating","clean_sheets","club_id","fouls_committed","fouls_received","goals","goals_conceded","highest_rating","injury_count","injury_days","interceptions","league_id","lowest_rating","man_of_the_match_awards","matches_played","matches_started","minutes_played","passes","passes_completed","penalties_saved","player_id","red_cards","saves","season_id","shots","shots_on_target","substitutions_in","substitutions_out","tackles","yellow_cards","id") values (?,?,?,?,?,?,?,?,?,?,?,?,?,?,?,?,?,?,?,?,?,?,?,?,?,?,?,?,?,?,?,?,?,default)
Hibernate: insert into "player_season_stats" ("assists","average_condition","average_morale","average_rating","clean_sheets","club_id","fouls_committed","fouls_received","goals","goals_conceded","highest_rating","injury_count","injury_days","interceptions","league_id","lowest_rating","man_of_the_match_awards","matches_played","matches_started","minutes_played","passes","passes_completed","penalties_saved","player_id","red_cards","saves","season_id","shots","shots_on_target","substitutions_in","substitutions_out","tackles","yellow_cards","id") values (?,?,?,?,?,?,?,?,?,?,?,?,?,?,?,?,?,?,?,?,?,?,?,?,?,?,?,?,?,?,?,?,?,default)
Hibernate: insert into "player_season_stats" ("assists","average_condition","average_morale","average_rating","clean_sheets","club_id","fouls_committed","fouls_received","goals","goals_conceded","highest_rating","injury_count","injury_days","interceptions","league_id","lowest_rating","man_of_the_match_awards","matches_played","matches_started","minutes_played","passes","passes_completed","penalties_saved","player_id","red_cards","saves","season_id","shots","shots_on_target","substitutions_in","substitutions_out","tackles","yellow_cards","id") values (?,?,?,?,?,?,?,?,?,?,?,?,?,?,?,?,?,?,?,?,?,?,?,?,?,?,?,?,?,?,?,?,?,default)
Hibernate: insert into "player_season_stats" ("assists","average_condition","average_morale","average_rating","clean_sheets","club_id","fouls_committed","fouls_received","goals","goals_conceded","highest_rating","injury_count","injury_days","interceptions","league_id","lowest_rating","man_of_the_match_awards","matches_played","matches_started","minutes_played","passes","passes_completed","penalties_saved","player_id","red_cards","saves","season_id","shots","shots_on_target","substitutions_in","substitutions_out","tackles","yellow_cards","id") values (?,?,?,?,?,?,?,?,?,?,?,?,?,?,?,?,?,?,?,?,?,?,?,?,?,?,?,?,?,?,?,?,?,default)
Hibernate: insert into "player_season_stats" ("assists","average_condition","average_morale","average_rating","clean_sheets","club_id","fouls_committed","fouls_received","goals","goals_conceded","highest_rating","injury_count","injury_days","interceptions","league_id","lowest_rating","man_of_the_match_awards","matches_played","matches_started","minutes_played","passes","passes_completed","penalties_saved","player_id","red_cards","saves","season_id","shots","shots_on_target","substitutions_in","substitutions_out","tackles","yellow_cards","id") values (?,?,?,?,?,?,?,?,?,?,?,?,?,?,?,?,?,?,?,?,?,?,?,?,?,?,?,?,?,?,?,?,?,default)
Hibernate: insert into "player_season_stats" ("assists","average_condition","average_morale","average_rating","clean_sheets","club_id","fouls_committed","fouls_received","goals","goals_conceded","highest_rating","injury_count","injury_days","interceptions","league_id","lowest_rating","man_of_the_match_awards","matches_played","matches_started","minutes_played","passes","passes_completed","penalties_saved","player_id","red_cards","saves","season_id","shots","shots_on_target","substitutions_in","substitutions_out","tackles","yellow_cards","id") values (?,?,?,?,?,?,?,?,?,?,?,?,?,?,?,?,?,?,?,?,?,?,?,?,?,?,?,?,?,?,?,?,?,default)
Hibernate: insert into "player_season_stats" ("assists","average_condition","average_morale","average_rating","clean_sheets","club_id","fouls_committed","fouls_received","goals","goals_conceded","highest_rating","injury_count","injury_days","interceptions","league_id","lowest_rating","man_of_the_match_awards","matches_played","matches_started","minutes_played","passes","passes_completed","penalties_saved","player_id","red_cards","saves","season_id","shots","shots_on_target","substitutions_in","substitutions_out","tackles","yellow_cards","id") values (?,?,?,?,?,?,?,?,?,?,?,?,?,?,?,?,?,?,?,?,?,?,?,?,?,?,?,?,?,?,?,?,?,default)
Hibernate: insert into "player_season_stats" ("assists","average_condition","average_morale","average_rating","clean_sheets","club_id","fouls_committed","fouls_received","goals","goals_conceded","highest_rating","injury_count","injury_days","interceptions","league_id","lowest_rating","man_of_the_match_awards","matches_played","matches_started","minutes_played","passes","passes_completed","penalties_saved","player_id","red_cards","saves","season_id","shots","shots_on_target","substitutions_in","substitutions_out","tackles","yellow_cards","id") values (?,?,?,?,?,?,?,?,?,?,?,?,?,?,?,?,?,?,?,?,?,?,?,?,?,?,?,?,?,?,?,?,?,default)
Hibernate: insert into "player_season_stats" ("assists","average_condition","average_morale","average_rating","clean_sheets","club_id","fouls_committed","fouls_received","goals","goals_conceded","highest_rating","injury_count","injury_days","interceptions","league_id","lowest_rating","man_of_the_match_awards","matches_played","matches_started","minutes_played","passes","passes_completed","penalties_saved","player_id","red_cards","saves","season_id","shots","shots_on_target","substitutions_in","substitutions_out","tackles","yellow_cards","id") values (?,?,?,?,?,?,?,?,?,?,?,?,?,?,?,?,?,?,?,?,?,?,?,?,?,?,?,?,?,?,?,?,?,default)
Hibernate: insert into "player_season_stats" ("assists","average_condition","average_morale","average_rating","clean_sheets","club_id","fouls_committed","fouls_received","goals","goals_conceded","highest_rating","injury_count","injury_days","interceptions","league_id","lowest_rating","man_of_the_match_awards","matches_played","matches_started","minutes_played","passes","passes_completed","penalties_saved","player_id","red_cards","saves","season_id","shots","shots_on_target","substitutions_in","substitutions_out","tackles","yellow_cards","id") values (?,?,?,?,?,?,?,?,?,?,?,?,?,?,?,?,?,?,?,?,?,?,?,?,?,?,?,?,?,?,?,?,?,default)
Hibernate: insert into "player_season_stats" ("assists","average_condition","average_morale","average_rating","clean_sheets","club_id","fouls_committed","fouls_received","goals","goals_conceded","highest_rating","injury_count","injury_days","interceptions","league_id","lowest_rating","man_of_the_match_awards","matches_played","matches_started","minutes_played","passes","passes_completed","penalties_saved","player_id","red_cards","saves","season_id","shots","shots_on_target","substitutions_in","substitutions_out","tackles","yellow_cards","id") values (?,?,?,?,?,?,?,?,?,?,?,?,?,?,?,?,?,?,?,?,?,?,?,?,?,?,?,?,?,?,?,?,?,default)
Hibernate: insert into "player_season_stats" ("assists","average_condition","average_morale","average_rating","clean_sheets","club_id","fouls_committed","fouls_received","goals","goals_conceded","highest_rating","injury_count","injury_days","interceptions","league_id","lowest_rating","man_of_the_match_awards","matches_played","matches_started","minutes_played","passes","passes_completed","penalties_saved","player_id","red_cards","saves","season_id","shots","shots_on_target","substitutions_in","substitutions_out","tackles","yellow_cards","id") values (?,?,?,?,?,?,?,?,?,?,?,?,?,?,?,?,?,?,?,?,?,?,?,?,?,?,?,?,?,?,?,?,?,default)
Hibernate: insert into "player_season_stats" ("assists","average_condition","average_morale","average_rating","clean_sheets","club_id","fouls_committed","fouls_received","goals","goals_conceded","highest_rating","injury_count","injury_days","interceptions","league_id","lowest_rating","man_of_the_match_awards","matches_played","matches_started","minutes_played","passes","passes_completed","penalties_saved","player_id","red_cards","saves","season_id","shots","shots_on_target","substitutions_in","substitutions_out","tackles","yellow_cards","id") values (?,?,?,?,?,?,?,?,?,?,?,?,?,?,?,?,?,?,?,?,?,?,?,?,?,?,?,?,?,?,?,?,?,default)
Hibernate: insert into "player_season_stats" ("assists","average_condition","average_morale","average_rating","clean_sheets","club_id","fouls_committed","fouls_received","goals","goals_conceded","highest_rating","injury_count","injury_days","interceptions","league_id","lowest_rating","man_of_the_match_awards","matches_played","matches_started","minutes_played","passes","passes_completed","penalties_saved","player_id","red_cards","saves","season_id","shots","shots_on_target","substitutions_in","substitutions_out","tackles","yellow_cards","id") values (?,?,?,?,?,?,?,?,?,?,?,?,?,?,?,?,?,?,?,?,?,?,?,?,?,?,?,?,?,?,?,?,?,default)
Hibernate: insert into "player_season_stats" ("assists","average_condition","average_morale","average_rating","clean_sheets","club_id","fouls_committed","fouls_received","goals","goals_conceded","highest_rating","injury_count","injury_days","interceptions","league_id","lowest_rating","man_of_the_match_awards","matches_played","matches_started","minutes_played","passes","passes_completed","penalties_saved","player_id","red_cards","saves","season_id","shots","shots_on_target","substitutions_in","substitutions_out","tackles","yellow_cards","id") values (?,?,?,?,?,?,?,?,?,?,?,?,?,?,?,?,?,?,?,?,?,?,?,?,?,?,?,?,?,?,?,?,?,default)
Hibernate: insert into "player_season_stats" ("assists","average_condition","average_morale","average_rating","clean_sheets","club_id","fouls_committed","fouls_received","goals","goals_conceded","highest_rating","injury_count","injury_days","interceptions","league_id","lowest_rating","man_of_the_match_awards","matches_played","matches_started","minutes_played","passes","passes_completed","penalties_saved","player_id","red_cards","saves","season_id","shots","shots_on_target","substitutions_in","substitutions_out","tackles","yellow_cards","id") values (?,?,?,?,?,?,?,?,?,?,?,?,?,?,?,?,?,?,?,?,?,?,?,?,?,?,?,?,?,?,?,?,?,default)
Hibernate: insert into "player_season_stats" ("assists","average_condition","average_morale","average_rating","clean_sheets","club_id","fouls_committed","fouls_received","goals","goals_conceded","highest_rating","injury_count","injury_days","interceptions","league_id","lowest_rating","man_of_the_match_awards","matches_played","matches_started","minutes_played","passes","passes_completed","penalties_saved","player_id","red_cards","saves","season_id","shots","shots_on_target","substitutions_in","substitutions_out","tackles","yellow_cards","id") values (?,?,?,?,?,?,?,?,?,?,?,?,?,?,?,?,?,?,?,?,?,?,?,?,?,?,?,?,?,?,?,?,?,default)
Hibernate: insert into "player_season_stats" ("assists","average_condition","average_morale","average_rating","clean_sheets","club_id","fouls_committed","fouls_received","goals","goals_conceded","highest_rating","injury_count","injury_days","interceptions","league_id","lowest_rating","man_of_the_match_awards","matches_played","matches_started","minutes_played","passes","passes_completed","penalties_saved","player_id","red_cards","saves","season_id","shots","shots_on_target","substitutions_in","substitutions_out","tackles","yellow_cards","id") values (?,?,?,?,?,?,?,?,?,?,?,?,?,?,?,?,?,?,?,?,?,?,?,?,?,?,?,?,?,?,?,?,?,default)
Hibernate: insert into "player_season_stats" ("assists","average_condition","average_morale","average_rating","clean_sheets","club_id","fouls_committed","fouls_received","goals","goals_conceded","highest_rating","injury_count","injury_days","interceptions","league_id","lowest_rating","man_of_the_match_awards","matches_played","matches_started","minutes_played","passes","passes_completed","penalties_saved","player_id","red_cards","saves","season_id","shots","shots_on_target","substitutions_in","substitutions_out","tackles","yellow_cards","id") values (?,?,?,?,?,?,?,?,?,?,?,?,?,?,?,?,?,?,?,?,?,?,?,?,?,?,?,?,?,?,?,?,?,default)
Hibernate: insert into "player_season_stats" ("assists","average_condition","average_morale","average_rating","clean_sheets","club_id","fouls_committed","fouls_received","goals","goals_conceded","highest_rating","injury_count","injury_days","interceptions","league_id","lowest_rating","man_of_the_match_awards","matches_played","matches_started","minutes_played","passes","passes_completed","penalties_saved","player_id","red_cards","saves","season_id","shots","shots_on_target","substitutions_in","substitutions_out","tackles","yellow_cards","id") values (?,?,?,?,?,?,?,?,?,?,?,?,?,?,?,?,?,?,?,?,?,?,?,?,?,?,?,?,?,?,?,?,?,default)
Hibernate: insert into "player_season_stats" ("assists","average_condition","average_morale","average_rating","clean_sheets","club_id","fouls_committed","fouls_received","goals","goals_conceded","highest_rating","injury_count","injury_days","interceptions","league_id","lowest_rating","man_of_the_match_awards","matches_played","matches_started","minutes_played","passes","passes_completed","penalties_saved","player_id","red_cards","saves","season_id","shots","shots_on_target","substitutions_in","substitutions_out","tackles","yellow_cards","id") values (?,?,?,?,?,?,?,?,?,?,?,?,?,?,?,?,?,?,?,?,?,?,?,?,?,?,?,?,?,?,?,?,?,default)
Hibernate: insert into "player_season_stats" ("assists","average_condition","average_morale","average_rating","clean_sheets","club_id","fouls_committed","fouls_received","goals","goals_conceded","highest_rating","injury_count","injury_days","interceptions","league_id","lowest_rating","man_of_the_match_awards","matches_played","matches_started","minutes_played","passes","passes_completed","penalties_saved","player_id","red_cards","saves","season_id","shots","shots_on_target","substitutions_in","substitutions_out","tackles","yellow_cards","id") values (?,?,?,?,?,?,?,?,?,?,?,?,?,?,?,?,?,?,?,?,?,?,?,?,?,?,?,?,?,?,?,?,?,default)
Hibernate: insert into "player_season_stats" ("assists","average_condition","average_morale","average_rating","clean_sheets","club_id","fouls_committed","fouls_received","goals","goals_conceded","highest_rating","injury_count","injury_days","interceptions","league_id","lowest_rating","man_of_the_match_awards","matches_played","matches_started","minutes_played","passes","passes_completed","penalties_saved","player_id","red_cards","saves","season_id","shots","shots_on_target","substitutions_in","substitutions_out","tackles","yellow_cards","id") values (?,?,?,?,?,?,?,?,?,?,?,?,?,?,?,?,?,?,?,?,?,?,?,?,?,?,?,?,?,?,?,?,?,default)
Hibernate: insert into "player_season_stats" ("assists","average_condition","average_morale","average_rating","clean_sheets","club_id","fouls_committed","fouls_received","goals","goals_conceded","highest_rating","injury_count","injury_days","interceptions","league_id","lowest_rating","man_of_the_match_awards","matches_played","matches_started","minutes_played","passes","passes_completed","penalties_saved","player_id","red_cards","saves","season_id","shots","shots_on_target","substitutions_in","substitutions_out","tackles","yellow_cards","id") values (?,?,?,?,?,?,?,?,?,?,?,?,?,?,?,?,?,?,?,?,?,?,?,?,?,?,?,?,?,?,?,?,?,default)
Hibernate: insert into "player_season_stats" ("assists","average_condition","average_morale","average_rating","clean_sheets","club_id","fouls_committed","fouls_received","goals","goals_conceded","highest_rating","injury_count","injury_days","interceptions","league_id","lowest_rating","man_of_the_match_awards","matches_played","matches_started","minutes_played","passes","passes_completed","penalties_saved","player_id","red_cards","saves","season_id","shots","shots_on_target","substitutions_in","substitutions_out","tackles","yellow_cards","id") values (?,?,?,?,?,?,?,?,?,?,?,?,?,?,?,?,?,?,?,?,?,?,?,?,?,?,?,?,?,?,?,?,?,default)
Hibernate: insert into "player_season_stats" ("assists","average_condition","average_morale","average_rating","clean_sheets","club_id","fouls_committed","fouls_received","goals","goals_conceded","highest_rating","injury_count","injury_days","interceptions","league_id","lowest_rating","man_of_the_match_awards","matches_played","matches_started","minutes_played","passes","passes_completed","penalties_saved","player_id","red_cards","saves","season_id","shots","shots_on_target","substitutions_in","substitutions_out","tackles","yellow_cards","id") values (?,?,?,?,?,?,?,?,?,?,?,?,?,?,?,?,?,?,?,?,?,?,?,?,?,?,?,?,?,?,?,?,?,default)
Hibernate: insert into "player_season_stats" ("assists","average_condition","average_morale","average_rating","clean_sheets","club_id","fouls_committed","fouls_received","goals","goals_conceded","highest_rating","injury_count","injury_days","interceptions","league_id","lowest_rating","man_of_the_match_awards","matches_played","matches_started","minutes_played","passes","passes_completed","penalties_saved","player_id","red_cards","saves","season_id","shots","shots_on_target","substitutions_in","substitutions_out","tackles","yellow_cards","id") values (?,?,?,?,?,?,?,?,?,?,?,?,?,?,?,?,?,?,?,?,?,?,?,?,?,?,?,?,?,?,?,?,?,default)
Hibernate: insert into "player_season_stats" ("assists","average_condition","average_morale","average_rating","clean_sheets","club_id","fouls_committed","fouls_received","goals","goals_conceded","highest_rating","injury_count","injury_days","interceptions","league_id","lowest_rating","man_of_the_match_awards","matches_played","matches_started","minutes_played","passes","passes_completed","penalties_saved","player_id","red_cards","saves","season_id","shots","shots_on_target","substitutions_in","substitutions_out","tackles","yellow_cards","id") values (?,?,?,?,?,?,?,?,?,?,?,?,?,?,?,?,?,?,?,?,?,?,?,?,?,?,?,?,?,?,?,?,?,default)
Hibernate: insert into "player_season_stats" ("assists","average_condition","average_morale","average_rating","clean_sheets","club_id","fouls_committed","fouls_received","goals","goals_conceded","highest_rating","injury_count","injury_days","interceptions","league_id","lowest_rating","man_of_the_match_awards","matches_played","matches_started","minutes_played","passes","passes_completed","penalties_saved","player_id","red_cards","saves","season_id","shots","shots_on_target","substitutions_in","substitutions_out","tackles","yellow_cards","id") values (?,?,?,?,?,?,?,?,?,?,?,?,?,?,?,?,?,?,?,?,?,?,?,?,?,?,?,?,?,?,?,?,?,default)
Hibernate: insert into "player_season_stats" ("assists","average_condition","average_morale","average_rating","clean_sheets","club_id","fouls_committed","fouls_received","goals","goals_conceded","highest_rating","injury_count","injury_days","interceptions","league_id","lowest_rating","man_of_the_match_awards","matches_played","matches_started","minutes_played","passes","passes_completed","penalties_saved","player_id","red_cards","saves","season_id","shots","shots_on_target","substitutions_in","substitutions_out","tackles","yellow_cards","id") values (?,?,?,?,?,?,?,?,?,?,?,?,?,?,?,?,?,?,?,?,?,?,?,?,?,?,?,?,?,?,?,?,?,default)
Hibernate: insert into "player_season_stats" ("assists","average_condition","average_morale","average_rating","clean_sheets","club_id","fouls_committed","fouls_received","goals","goals_conceded","highest_rating","injury_count","injury_days","interceptions","league_id","lowest_rating","man_of_the_match_awards","matches_played","matches_started","minutes_played","passes","passes_completed","penalties_saved","player_id","red_cards","saves","season_id","shots","shots_on_target","substitutions_in","substitutions_out","tackles","yellow_cards","id") values (?,?,?,?,?,?,?,?,?,?,?,?,?,?,?,?,?,?,?,?,?,?,?,?,?,?,?,?,?,?,?,?,?,default)
Hibernate: insert into "player_season_stats" ("assists","average_condition","average_morale","average_rating","clean_sheets","club_id","fouls_committed","fouls_received","goals","goals_conceded","highest_rating","injury_count","injury_days","interceptions","league_id","lowest_rating","man_of_the_match_awards","matches_played","matches_started","minutes_played","passes","passes_completed","penalties_saved","player_id","red_cards","saves","season_id","shots","shots_on_target","substitutions_in","substitutions_out","tackles","yellow_cards","id") values (?,?,?,?,?,?,?,?,?,?,?,?,?,?,?,?,?,?,?,?,?,?,?,?,?,?,?,?,?,?,?,?,?,default)
Hibernate: insert into "player_season_stats" ("assists","average_condition","average_morale","average_rating","clean_sheets","club_id","fouls_committed","fouls_received","goals","goals_conceded","highest_rating","injury_count","injury_days","interceptions","league_id","lowest_rating","man_of_the_match_awards","matches_played","matches_started","minutes_played","passes","passes_completed","penalties_saved","player_id","red_cards","saves","season_id","shots","shots_on_target","substitutions_in","substitutions_out","tackles","yellow_cards","id") values (?,?,?,?,?,?,?,?,?,?,?,?,?,?,?,?,?,?,?,?,?,?,?,?,?,?,?,?,?,?,?,?,?,default)
Hibernate: insert into "player_season_stats" ("assists","average_condition","average_morale","average_rating","clean_sheets","club_id","fouls_committed","fouls_received","goals","goals_conceded","highest_rating","injury_count","injury_days","interceptions","league_id","lowest_rating","man_of_the_match_awards","matches_played","matches_started","minutes_played","passes","passes_completed","penalties_saved","player_id","red_cards","saves","season_id","shots","shots_on_target","substitutions_in","substitutions_out","tackles","yellow_cards","id") values (?,?,?,?,?,?,?,?,?,?,?,?,?,?,?,?,?,?,?,?,?,?,?,?,?,?,?,?,?,?,?,?,?,default)
Hibernate: insert into "player_season_stats" ("assists","average_condition","average_morale","average_rating","clean_sheets","club_id","fouls_committed","fouls_received","goals","goals_conceded","highest_rating","injury_count","injury_days","interceptions","league_id","lowest_rating","man_of_the_match_awards","matches_played","matches_started","minutes_played","passes","passes_completed","penalties_saved","player_id","red_cards","saves","season_id","shots","shots_on_target","substitutions_in","substitutions_out","tackles","yellow_cards","id") values (?,?,?,?,?,?,?,?,?,?,?,?,?,?,?,?,?,?,?,?,?,?,?,?,?,?,?,?,?,?,?,?,?,default)
Hibernate: insert into "player_season_stats" ("assists","average_condition","average_morale","average_rating","clean_sheets","club_id","fouls_committed","fouls_received","goals","goals_conceded","highest_rating","injury_count","injury_days","interceptions","league_id","lowest_rating","man_of_the_match_awards","matches_played","matches_started","minutes_played","passes","passes_completed","penalties_saved","player_id","red_cards","saves","season_id","shots","shots_on_target","substitutions_in","substitutions_out","tackles","yellow_cards","id") values (?,?,?,?,?,?,?,?,?,?,?,?,?,?,?,?,?,?,?,?,?,?,?,?,?,?,?,?,?,?,?,?,?,default)
Hibernate: insert into "player_season_stats" ("assists","average_condition","average_morale","average_rating","clean_sheets","club_id","fouls_committed","fouls_received","goals","goals_conceded","highest_rating","injury_count","injury_days","interceptions","league_id","lowest_rating","man_of_the_match_awards","matches_played","matches_started","minutes_played","passes","passes_completed","penalties_saved","player_id","red_cards","saves","season_id","shots","shots_on_target","substitutions_in","substitutions_out","tackles","yellow_cards","id") values (?,?,?,?,?,?,?,?,?,?,?,?,?,?,?,?,?,?,?,?,?,?,?,?,?,?,?,?,?,?,?,?,?,default)
Hibernate: insert into "player_season_stats" ("assists","average_condition","average_morale","average_rating","clean_sheets","club_id","fouls_committed","fouls_received","goals","goals_conceded","highest_rating","injury_count","injury_days","interceptions","league_id","lowest_rating","man_of_the_match_awards","matches_played","matches_started","minutes_played","passes","passes_completed","penalties_saved","player_id","red_cards","saves","season_id","shots","shots_on_target","substitutions_in","substitutions_out","tackles","yellow_cards","id") values (?,?,?,?,?,?,?,?,?,?,?,?,?,?,?,?,?,?,?,?,?,?,?,?,?,?,?,?,?,?,?,?,?,default)
Hibernate: insert into "player_season_stats" ("assists","average_condition","average_morale","average_rating","clean_sheets","club_id","fouls_committed","fouls_received","goals","goals_conceded","highest_rating","injury_count","injury_days","interceptions","league_id","lowest_rating","man_of_the_match_awards","matches_played","matches_started","minutes_played","passes","passes_completed","penalties_saved","player_id","red_cards","saves","season_id","shots","shots_on_target","substitutions_in","substitutions_out","tackles","yellow_cards","id") values (?,?,?,?,?,?,?,?,?,?,?,?,?,?,?,?,?,?,?,?,?,?,?,?,?,?,?,?,?,?,?,?,?,default)
Hibernate: insert into "player_season_stats" ("assists","average_condition","average_morale","average_rating","clean_sheets","club_id","fouls_committed","fouls_received","goals","goals_conceded","highest_rating","injury_count","injury_days","interceptions","league_id","lowest_rating","man_of_the_match_awards","matches_played","matches_started","minutes_played","passes","passes_completed","penalties_saved","player_id","red_cards","saves","season_id","shots","shots_on_target","substitutions_in","substitutions_out","tackles","yellow_cards","id") values (?,?,?,?,?,?,?,?,?,?,?,?,?,?,?,?,?,?,?,?,?,?,?,?,?,?,?,?,?,?,?,?,?,default)
Hibernate: insert into "player_season_stats" ("assists","average_condition","average_morale","average_rating","clean_sheets","club_id","fouls_committed","fouls_received","goals","goals_conceded","highest_rating","injury_count","injury_days","interceptions","league_id","lowest_rating","man_of_the_match_awards","matches_played","matches_started","minutes_played","passes","passes_completed","penalties_saved","player_id","red_cards","saves","season_id","shots","shots_on_target","substitutions_in","substitutions_out","tackles","yellow_cards","id") values (?,?,?,?,?,?,?,?,?,?,?,?,?,?,?,?,?,?,?,?,?,?,?,?,?,?,?,?,?,?,?,?,?,default)
Hibernate: insert into "player_season_stats" ("assists","average_condition","average_morale","average_rating","clean_sheets","club_id","fouls_committed","fouls_received","goals","goals_conceded","highest_rating","injury_count","injury_days","interceptions","league_id","lowest_rating","man_of_the_match_awards","matches_played","matches_started","minutes_played","passes","passes_completed","penalties_saved","player_id","red_cards","saves","season_id","shots","shots_on_target","substitutions_in","substitutions_out","tackles","yellow_cards","id") values (?,?,?,?,?,?,?,?,?,?,?,?,?,?,?,?,?,?,?,?,?,?,?,?,?,?,?,?,?,?,?,?,?,default)
Hibernate: insert into "player_season_stats" ("assists","average_condition","average_morale","average_rating","clean_sheets","club_id","fouls_committed","fouls_received","goals","goals_conceded","highest_rating","injury_count","injury_days","interceptions","league_id","lowest_rating","man_of_the_match_awards","matches_played","matches_started","minutes_played","passes","passes_completed","penalties_saved","player_id","red_cards","saves","season_id","shots","shots_on_target","substitutions_in","substitutions_out","tackles","yellow_cards","id") values (?,?,?,?,?,?,?,?,?,?,?,?,?,?,?,?,?,?,?,?,?,?,?,?,?,?,?,?,?,?,?,?,?,default)
Hibernate: insert into "player_season_stats" ("assists","average_condition","average_morale","average_rating","clean_sheets","club_id","fouls_committed","fouls_received","goals","goals_conceded","highest_rating","injury_count","injury_days","interceptions","league_id","lowest_rating","man_of_the_match_awards","matches_played","matches_started","minutes_played","passes","passes_completed","penalties_saved","player_id","red_cards","saves","season_id","shots","shots_on_target","substitutions_in","substitutions_out","tackles","yellow_cards","id") values (?,?,?,?,?,?,?,?,?,?,?,?,?,?,?,?,?,?,?,?,?,?,?,?,?,?,?,?,?,?,?,?,?,default)
Hibernate: insert into "player_season_stats" ("assists","average_condition","average_morale","average_rating","clean_sheets","club_id","fouls_committed","fouls_received","goals","goals_conceded","highest_rating","injury_count","injury_days","interceptions","league_id","lowest_rating","man_of_the_match_awards","matches_played","matches_started","minutes_played","passes","passes_completed","penalties_saved","player_id","red_cards","saves","season_id","shots","shots_on_target","substitutions_in","substitutions_out","tackles","yellow_cards","id") values (?,?,?,?,?,?,?,?,?,?,?,?,?,?,?,?,?,?,?,?,?,?,?,?,?,?,?,?,?,?,?,?,?,default)
Hibernate: insert into "player_season_stats" ("assists","average_condition","average_morale","average_rating","clean_sheets","club_id","fouls_committed","fouls_received","goals","goals_conceded","highest_rating","injury_count","injury_days","interceptions","league_id","lowest_rating","man_of_the_match_awards","matches_played","matches_started","minutes_played","passes","passes_completed","penalties_saved","player_id","red_cards","saves","season_id","shots","shots_on_target","substitutions_in","substitutions_out","tackles","yellow_cards","id") values (?,?,?,?,?,?,?,?,?,?,?,?,?,?,?,?,?,?,?,?,?,?,?,?,?,?,?,?,?,?,?,?,?,default)
Hibernate: insert into "player_season_stats" ("assists","average_condition","average_morale","average_rating","clean_sheets","club_id","fouls_committed","fouls_received","goals","goals_conceded","highest_rating","injury_count","injury_days","interceptions","league_id","lowest_rating","man_of_the_match_awards","matches_played","matches_started","minutes_played","passes","passes_completed","penalties_saved","player_id","red_cards","saves","season_id","shots","shots_on_target","substitutions_in","substitutions_out","tackles","yellow_cards","id") values (?,?,?,?,?,?,?,?,?,?,?,?,?,?,?,?,?,?,?,?,?,?,?,?,?,?,?,?,?,?,?,?,?,default)
Hibernate: insert into "player_season_stats" ("assists","average_condition","average_morale","average_rating","clean_sheets","club_id","fouls_committed","fouls_received","goals","goals_conceded","highest_rating","injury_count","injury_days","interceptions","league_id","lowest_rating","man_of_the_match_awards","matches_played","matches_started","minutes_played","passes","passes_completed","penalties_saved","player_id","red_cards","saves","season_id","shots","shots_on_target","substitutions_in","substitutions_out","tackles","yellow_cards","id") values (?,?,?,?,?,?,?,?,?,?,?,?,?,?,?,?,?,?,?,?,?,?,?,?,?,?,?,?,?,?,?,?,?,default)
Hibernate: insert into "player_season_stats" ("assists","average_condition","average_morale","average_rating","clean_sheets","club_id","fouls_committed","fouls_received","goals","goals_conceded","highest_rating","injury_count","injury_days","interceptions","league_id","lowest_rating","man_of_the_match_awards","matches_played","matches_started","minutes_played","passes","passes_completed","penalties_saved","player_id","red_cards","saves","season_id","shots","shots_on_target","substitutions_in","substitutions_out","tackles","yellow_cards","id") values (?,?,?,?,?,?,?,?,?,?,?,?,?,?,?,?,?,?,?,?,?,?,?,?,?,?,?,?,?,?,?,?,?,default)
Hibernate: insert into "player_season_stats" ("assists","average_condition","average_morale","average_rating","clean_sheets","club_id","fouls_committed","fouls_received","goals","goals_conceded","highest_rating","injury_count","injury_days","interceptions","league_id","lowest_rating","man_of_the_match_awards","matches_played","matches_started","minutes_played","passes","passes_completed","penalties_saved","player_id","red_cards","saves","season_id","shots","shots_on_target","substitutions_in","substitutions_out","tackles","yellow_cards","id") values (?,?,?,?,?,?,?,?,?,?,?,?,?,?,?,?,?,?,?,?,?,?,?,?,?,?,?,?,?,?,?,?,?,default)
Hibernate: insert into "player_season_stats" ("assists","average_condition","average_morale","average_rating","clean_sheets","club_id","fouls_committed","fouls_received","goals","goals_conceded","highest_rating","injury_count","injury_days","interceptions","league_id","lowest_rating","man_of_the_match_awards","matches_played","matches_started","minutes_played","passes","passes_completed","penalties_saved","player_id","red_cards","saves","season_id","shots","shots_on_target","substitutions_in","substitutions_out","tackles","yellow_cards","id") values (?,?,?,?,?,?,?,?,?,?,?,?,?,?,?,?,?,?,?,?,?,?,?,?,?,?,?,?,?,?,?,?,?,default)
Hibernate: insert into "player_season_stats" ("assists","average_condition","average_morale","average_rating","clean_sheets","club_id","fouls_committed","fouls_received","goals","goals_conceded","highest_rating","injury_count","injury_days","interceptions","league_id","lowest_rating","man_of_the_match_awards","matches_played","matches_started","minutes_played","passes","passes_completed","penalties_saved","player_id","red_cards","saves","season_id","shots","shots_on_target","substitutions_in","substitutions_out","tackles","yellow_cards","id") values (?,?,?,?,?,?,?,?,?,?,?,?,?,?,?,?,?,?,?,?,?,?,?,?,?,?,?,?,?,?,?,?,?,default)
Hibernate: insert into "player_season_stats" ("assists","average_condition","average_morale","average_rating","clean_sheets","club_id","fouls_committed","fouls_received","goals","goals_conceded","highest_rating","injury_count","injury_days","interceptions","league_id","lowest_rating","man_of_the_match_awards","matches_played","matches_started","minutes_played","passes","passes_completed","penalties_saved","player_id","red_cards","saves","season_id","shots","shots_on_target","substitutions_in","substitutions_out","tackles","yellow_cards","id") values (?,?,?,?,?,?,?,?,?,?,?,?,?,?,?,?,?,?,?,?,?,?,?,?,?,?,?,?,?,?,?,?,?,default)
Hibernate: insert into "player_season_stats" ("assists","average_condition","average_morale","average_rating","clean_sheets","club_id","fouls_committed","fouls_received","goals","goals_conceded","highest_rating","injury_count","injury_days","interceptions","league_id","lowest_rating","man_of_the_match_awards","matches_played","matches_started","minutes_played","passes","passes_completed","penalties_saved","player_id","red_cards","saves","season_id","shots","shots_on_target","substitutions_in","substitutions_out","tackles","yellow_cards","id") values (?,?,?,?,?,?,?,?,?,?,?,?,?,?,?,?,?,?,?,?,?,?,?,?,?,?,?,?,?,?,?,?,?,default)
Hibernate: insert into "player_season_stats" ("assists","average_condition","average_morale","average_rating","clean_sheets","club_id","fouls_committed","fouls_received","goals","goals_conceded","highest_rating","injury_count","injury_days","interceptions","league_id","lowest_rating","man_of_the_match_awards","matches_played","matches_started","minutes_played","passes","passes_completed","penalties_saved","player_id","red_cards","saves","season_id","shots","shots_on_target","substitutions_in","substitutions_out","tackles","yellow_cards","id") values (?,?,?,?,?,?,?,?,?,?,?,?,?,?,?,?,?,?,?,?,?,?,?,?,?,?,?,?,?,?,?,?,?,default)
Hibernate: insert into "player_season_stats" ("assists","average_condition","average_morale","average_rating","clean_sheets","club_id","fouls_committed","fouls_received","goals","goals_conceded","highest_rating","injury_count","injury_days","interceptions","league_id","lowest_rating","man_of_the_match_awards","matches_played","matches_started","minutes_played","passes","passes_completed","penalties_saved","player_id","red_cards","saves","season_id","shots","shots_on_target","substitutions_in","substitutions_out","tackles","yellow_cards","id") values (?,?,?,?,?,?,?,?,?,?,?,?,?,?,?,?,?,?,?,?,?,?,?,?,?,?,?,?,?,?,?,?,?,default)
Hibernate: insert into "player_season_stats" ("assists","average_condition","average_morale","average_rating","clean_sheets","club_id","fouls_committed","fouls_received","goals","goals_conceded","highest_rating","injury_count","injury_days","interceptions","league_id","lowest_rating","man_of_the_match_awards","matches_played","matches_started","minutes_played","passes","passes_completed","penalties_saved","player_id","red_cards","saves","season_id","shots","shots_on_target","substitutions_in","substitutions_out","tackles","yellow_cards","id") values (?,?,?,?,?,?,?,?,?,?,?,?,?,?,?,?,?,?,?,?,?,?,?,?,?,?,?,?,?,?,?,?,?,default)
Hibernate: insert into "player_season_stats" ("assists","average_condition","average_morale","average_rating","clean_sheets","club_id","fouls_committed","fouls_received","goals","goals_conceded","highest_rating","injury_count","injury_days","interceptions","league_id","lowest_rating","man_of_the_match_awards","matches_played","matches_started","minutes_played","passes","passes_completed","penalties_saved","player_id","red_cards","saves","season_id","shots","shots_on_target","substitutions_in","substitutions_out","tackles","yellow_cards","id") values (?,?,?,?,?,?,?,?,?,?,?,?,?,?,?,?,?,?,?,?,?,?,?,?,?,?,?,?,?,?,?,?,?,default)
Hibernate: insert into "player_season_stats" ("assists","average_condition","average_morale","average_rating","clean_sheets","club_id","fouls_committed","fouls_received","goals","goals_conceded","highest_rating","injury_count","injury_days","interceptions","league_id","lowest_rating","man_of_the_match_awards","matches_played","matches_started","minutes_played","passes","passes_completed","penalties_saved","player_id","red_cards","saves","season_id","shots","shots_on_target","substitutions_in","substitutions_out","tackles","yellow_cards","id") values (?,?,?,?,?,?,?,?,?,?,?,?,?,?,?,?,?,?,?,?,?,?,?,?,?,?,?,?,?,?,?,?,?,default)
Hibernate: insert into "player_season_stats" ("assists","average_condition","average_morale","average_rating","clean_sheets","club_id","fouls_committed","fouls_received","goals","goals_conceded","highest_rating","injury_count","injury_days","interceptions","league_id","lowest_rating","man_of_the_match_awards","matches_played","matches_started","minutes_played","passes","passes_completed","penalties_saved","player_id","red_cards","saves","season_id","shots","shots_on_target","substitutions_in","substitutions_out","tackles","yellow_cards","id") values (?,?,?,?,?,?,?,?,?,?,?,?,?,?,?,?,?,?,?,?,?,?,?,?,?,?,?,?,?,?,?,?,?,default)
Hibernate: insert into "player_season_stats" ("assists","average_condition","average_morale","average_rating","clean_sheets","club_id","fouls_committed","fouls_received","goals","goals_conceded","highest_rating","injury_count","injury_days","interceptions","league_id","lowest_rating","man_of_the_match_awards","matches_played","matches_started","minutes_played","passes","passes_completed","penalties_saved","player_id","red_cards","saves","season_id","shots","shots_on_target","substitutions_in","substitutions_out","tackles","yellow_cards","id") values (?,?,?,?,?,?,?,?,?,?,?,?,?,?,?,?,?,?,?,?,?,?,?,?,?,?,?,?,?,?,?,?,?,default)
Hibernate: insert into "player_season_stats" ("assists","average_condition","average_morale","average_rating","clean_sheets","club_id","fouls_committed","fouls_received","goals","goals_conceded","highest_rating","injury_count","injury_days","interceptions","league_id","lowest_rating","man_of_the_match_awards","matches_played","matches_started","minutes_played","passes","passes_completed","penalties_saved","player_id","red_cards","saves","season_id","shots","shots_on_target","substitutions_in","substitutions_out","tackles","yellow_cards","id") values (?,?,?,?,?,?,?,?,?,?,?,?,?,?,?,?,?,?,?,?,?,?,?,?,?,?,?,?,?,?,?,?,?,default)
Hibernate: insert into "player_season_stats" ("assists","average_condition","average_morale","average_rating","clean_sheets","club_id","fouls_committed","fouls_received","goals","goals_conceded","highest_rating","injury_count","injury_days","interceptions","league_id","lowest_rating","man_of_the_match_awards","matches_played","matches_started","minutes_played","passes","passes_completed","penalties_saved","player_id","red_cards","saves","season_id","shots","shots_on_target","substitutions_in","substitutions_out","tackles","yellow_cards","id") values (?,?,?,?,?,?,?,?,?,?,?,?,?,?,?,?,?,?,?,?,?,?,?,?,?,?,?,?,?,?,?,?,?,default)
Hibernate: insert into "player_season_stats" ("assists","average_condition","average_morale","average_rating","clean_sheets","club_id","fouls_committed","fouls_received","goals","goals_conceded","highest_rating","injury_count","injury_days","interceptions","league_id","lowest_rating","man_of_the_match_awards","matches_played","matches_started","minutes_played","passes","passes_completed","penalties_saved","player_id","red_cards","saves","season_id","shots","shots_on_target","substitutions_in","substitutions_out","tackles","yellow_cards","id") values (?,?,?,?,?,?,?,?,?,?,?,?,?,?,?,?,?,?,?,?,?,?,?,?,?,?,?,?,?,?,?,?,?,default)
Hibernate: insert into "player_season_stats" ("assists","average_condition","average_morale","average_rating","clean_sheets","club_id","fouls_committed","fouls_received","goals","goals_conceded","highest_rating","injury_count","injury_days","interceptions","league_id","lowest_rating","man_of_the_match_awards","matches_played","matches_started","minutes_played","passes","passes_completed","penalties_saved","player_id","red_cards","saves","season_id","shots","shots_on_target","substitutions_in","substitutions_out","tackles","yellow_cards","id") values (?,?,?,?,?,?,?,?,?,?,?,?,?,?,?,?,?,?,?,?,?,?,?,?,?,?,?,?,?,?,?,?,?,default)
Hibernate: insert into "player_season_stats" ("assists","average_condition","average_morale","average_rating","clean_sheets","club_id","fouls_committed","fouls_received","goals","goals_conceded","highest_rating","injury_count","injury_days","interceptions","league_id","lowest_rating","man_of_the_match_awards","matches_played","matches_started","minutes_played","passes","passes_completed","penalties_saved","player_id","red_cards","saves","season_id","shots","shots_on_target","substitutions_in","substitutions_out","tackles","yellow_cards","id") values (?,?,?,?,?,?,?,?,?,?,?,?,?,?,?,?,?,?,?,?,?,?,?,?,?,?,?,?,?,?,?,?,?,default)
Hibernate: insert into "player_season_stats" ("assists","average_condition","average_morale","average_rating","clean_sheets","club_id","fouls_committed","fouls_received","goals","goals_conceded","highest_rating","injury_count","injury_days","interceptions","league_id","lowest_rating","man_of_the_match_awards","matches_played","matches_started","minutes_played","passes","passes_completed","penalties_saved","player_id","red_cards","saves","season_id","shots","shots_on_target","substitutions_in","substitutions_out","tackles","yellow_cards","id") values (?,?,?,?,?,?,?,?,?,?,?,?,?,?,?,?,?,?,?,?,?,?,?,?,?,?,?,?,?,?,?,?,?,default)
Hibernate: insert into "player_season_stats" ("assists","average_condition","average_morale","average_rating","clean_sheets","club_id","fouls_committed","fouls_received","goals","goals_conceded","highest_rating","injury_count","injury_days","interceptions","league_id","lowest_rating","man_of_the_match_awards","matches_played","matches_started","minutes_played","passes","passes_completed","penalties_saved","player_id","red_cards","saves","season_id","shots","shots_on_target","substitutions_in","substitutions_out","tackles","yellow_cards","id") values (?,?,?,?,?,?,?,?,?,?,?,?,?,?,?,?,?,?,?,?,?,?,?,?,?,?,?,?,?,?,?,?,?,default)
Hibernate: insert into "player_season_stats" ("assists","average_condition","average_morale","average_rating","clean_sheets","club_id","fouls_committed","fouls_received","goals","goals_conceded","highest_rating","injury_count","injury_days","interceptions","league_id","lowest_rating","man_of_the_match_awards","matches_played","matches_started","minutes_played","passes","passes_completed","penalties_saved","player_id","red_cards","saves","season_id","shots","shots_on_target","substitutions_in","substitutions_out","tackles","yellow_cards","id") values (?,?,?,?,?,?,?,?,?,?,?,?,?,?,?,?,?,?,?,?,?,?,?,?,?,?,?,?,?,?,?,?,?,default)
Hibernate: insert into "player_season_stats" ("assists","average_condition","average_morale","average_rating","clean_sheets","club_id","fouls_committed","fouls_received","goals","goals_conceded","highest_rating","injury_count","injury_days","interceptions","league_id","lowest_rating","man_of_the_match_awards","matches_played","matches_started","minutes_played","passes","passes_completed","penalties_saved","player_id","red_cards","saves","season_id","shots","shots_on_target","substitutions_in","substitutions_out","tackles","yellow_cards","id") values (?,?,?,?,?,?,?,?,?,?,?,?,?,?,?,?,?,?,?,?,?,?,?,?,?,?,?,?,?,?,?,?,?,default)
Hibernate: insert into "player_season_stats" ("assists","average_condition","average_morale","average_rating","clean_sheets","club_id","fouls_committed","fouls_received","goals","goals_conceded","highest_rating","injury_count","injury_days","interceptions","league_id","lowest_rating","man_of_the_match_awards","matches_played","matches_started","minutes_played","passes","passes_completed","penalties_saved","player_id","red_cards","saves","season_id","shots","shots_on_target","substitutions_in","substitutions_out","tackles","yellow_cards","id") values (?,?,?,?,?,?,?,?,?,?,?,?,?,?,?,?,?,?,?,?,?,?,?,?,?,?,?,?,?,?,?,?,?,default)
Hibernate: insert into "player_season_stats" ("assists","average_condition","average_morale","average_rating","clean_sheets","club_id","fouls_committed","fouls_received","goals","goals_conceded","highest_rating","injury_count","injury_days","interceptions","league_id","lowest_rating","man_of_the_match_awards","matches_played","matches_started","minutes_played","passes","passes_completed","penalties_saved","player_id","red_cards","saves","season_id","shots","shots_on_target","substitutions_in","substitutions_out","tackles","yellow_cards","id") values (?,?,?,?,?,?,?,?,?,?,?,?,?,?,?,?,?,?,?,?,?,?,?,?,?,?,?,?,?,?,?,?,?,default)
Hibernate: insert into "player_season_stats" ("assists","average_condition","average_morale","average_rating","clean_sheets","club_id","fouls_committed","fouls_received","goals","goals_conceded","highest_rating","injury_count","injury_days","interceptions","league_id","lowest_rating","man_of_the_match_awards","matches_played","matches_started","minutes_played","passes","passes_completed","penalties_saved","player_id","red_cards","saves","season_id","shots","shots_on_target","substitutions_in","substitutions_out","tackles","yellow_cards","id") values (?,?,?,?,?,?,?,?,?,?,?,?,?,?,?,?,?,?,?,?,?,?,?,?,?,?,?,?,?,?,?,?,?,default)
Hibernate: insert into "player_season_stats" ("assists","average_condition","average_morale","average_rating","clean_sheets","club_id","fouls_committed","fouls_received","goals","goals_conceded","highest_rating","injury_count","injury_days","interceptions","league_id","lowest_rating","man_of_the_match_awards","matches_played","matches_started","minutes_played","passes","passes_completed","penalties_saved","player_id","red_cards","saves","season_id","shots","shots_on_target","substitutions_in","substitutions_out","tackles","yellow_cards","id") values (?,?,?,?,?,?,?,?,?,?,?,?,?,?,?,?,?,?,?,?,?,?,?,?,?,?,?,?,?,?,?,?,?,default)
Hibernate: insert into "player_season_stats" ("assists","average_condition","average_morale","average_rating","clean_sheets","club_id","fouls_committed","fouls_received","goals","goals_conceded","highest_rating","injury_count","injury_days","interceptions","league_id","lowest_rating","man_of_the_match_awards","matches_played","matches_started","minutes_played","passes","passes_completed","penalties_saved","player_id","red_cards","saves","season_id","shots","shots_on_target","substitutions_in","substitutions_out","tackles","yellow_cards","id") values (?,?,?,?,?,?,?,?,?,?,?,?,?,?,?,?,?,?,?,?,?,?,?,?,?,?,?,?,?,?,?,?,?,default)
Hibernate: insert into "player_season_stats" ("assists","average_condition","average_morale","average_rating","clean_sheets","club_id","fouls_committed","fouls_received","goals","goals_conceded","highest_rating","injury_count","injury_days","interceptions","league_id","lowest_rating","man_of_the_match_awards","matches_played","matches_started","minutes_played","passes","passes_completed","penalties_saved","player_id","red_cards","saves","season_id","shots","shots_on_target","substitutions_in","substitutions_out","tackles","yellow_cards","id") values (?,?,?,?,?,?,?,?,?,?,?,?,?,?,?,?,?,?,?,?,?,?,?,?,?,?,?,?,?,?,?,?,?,default)
Hibernate: insert into "player_season_stats" ("assists","average_condition","average_morale","average_rating","clean_sheets","club_id","fouls_committed","fouls_received","goals","goals_conceded","highest_rating","injury_count","injury_days","interceptions","league_id","lowest_rating","man_of_the_match_awards","matches_played","matches_started","minutes_played","passes","passes_completed","penalties_saved","player_id","red_cards","saves","season_id","shots","shots_on_target","substitutions_in","substitutions_out","tackles","yellow_cards","id") values (?,?,?,?,?,?,?,?,?,?,?,?,?,?,?,?,?,?,?,?,?,?,?,?,?,?,?,?,?,?,?,?,?,default)
Hibernate: insert into "player_season_stats" ("assists","average_condition","average_morale","average_rating","clean_sheets","club_id","fouls_committed","fouls_received","goals","goals_conceded","highest_rating","injury_count","injury_days","interceptions","league_id","lowest_rating","man_of_the_match_awards","matches_played","matches_started","minutes_played","passes","passes_completed","penalties_saved","player_id","red_cards","saves","season_id","shots","shots_on_target","substitutions_in","substitutions_out","tackles","yellow_cards","id") values (?,?,?,?,?,?,?,?,?,?,?,?,?,?,?,?,?,?,?,?,?,?,?,?,?,?,?,?,?,?,?,?,?,default)
Hibernate: insert into "player_season_stats" ("assists","average_condition","average_morale","average_rating","clean_sheets","club_id","fouls_committed","fouls_received","goals","goals_conceded","highest_rating","injury_count","injury_days","interceptions","league_id","lowest_rating","man_of_the_match_awards","matches_played","matches_started","minutes_played","passes","passes_completed","penalties_saved","player_id","red_cards","saves","season_id","shots","shots_on_target","substitutions_in","substitutions_out","tackles","yellow_cards","id") values (?,?,?,?,?,?,?,?,?,?,?,?,?,?,?,?,?,?,?,?,?,?,?,?,?,?,?,?,?,?,?,?,?,default)
Hibernate: insert into "player_season_stats" ("assists","average_condition","average_morale","average_rating","clean_sheets","club_id","fouls_committed","fouls_received","goals","goals_conceded","highest_rating","injury_count","injury_days","interceptions","league_id","lowest_rating","man_of_the_match_awards","matches_played","matches_started","minutes_played","passes","passes_completed","penalties_saved","player_id","red_cards","saves","season_id","shots","shots_on_target","substitutions_in","substitutions_out","tackles","yellow_cards","id") values (?,?,?,?,?,?,?,?,?,?,?,?,?,?,?,?,?,?,?,?,?,?,?,?,?,?,?,?,?,?,?,?,?,default)
Hibernate: insert into "player_season_stats" ("assists","average_condition","average_morale","average_rating","clean_sheets","club_id","fouls_committed","fouls_received","goals","goals_conceded","highest_rating","injury_count","injury_days","interceptions","league_id","lowest_rating","man_of_the_match_awards","matches_played","matches_started","minutes_played","passes","passes_completed","penalties_saved","player_id","red_cards","saves","season_id","shots","shots_on_target","substitutions_in","substitutions_out","tackles","yellow_cards","id") values (?,?,?,?,?,?,?,?,?,?,?,?,?,?,?,?,?,?,?,?,?,?,?,?,?,?,?,?,?,?,?,?,?,default)
Hibernate: insert into "player_season_stats" ("assists","average_condition","average_morale","average_rating","clean_sheets","club_id","fouls_committed","fouls_received","goals","goals_conceded","highest_rating","injury_count","injury_days","interceptions","league_id","lowest_rating","man_of_the_match_awards","matches_played","matches_started","minutes_played","passes","passes_completed","penalties_saved","player_id","red_cards","saves","season_id","shots","shots_on_target","substitutions_in","substitutions_out","tackles","yellow_cards","id") values (?,?,?,?,?,?,?,?,?,?,?,?,?,?,?,?,?,?,?,?,?,?,?,?,?,?,?,?,?,?,?,?,?,default)
Hibernate: insert into "player_season_stats" ("assists","average_condition","average_morale","average_rating","clean_sheets","club_id","fouls_committed","fouls_received","goals","goals_conceded","highest_rating","injury_count","injury_days","interceptions","league_id","lowest_rating","man_of_the_match_awards","matches_played","matches_started","minutes_played","passes","passes_completed","penalties_saved","player_id","red_cards","saves","season_id","shots","shots_on_target","substitutions_in","substitutions_out","tackles","yellow_cards","id") values (?,?,?,?,?,?,?,?,?,?,?,?,?,?,?,?,?,?,?,?,?,?,?,?,?,?,?,?,?,?,?,?,?,default)
Hibernate: insert into "player_season_stats" ("assists","average_condition","average_morale","average_rating","clean_sheets","club_id","fouls_committed","fouls_received","goals","goals_conceded","highest_rating","injury_count","injury_days","interceptions","league_id","lowest_rating","man_of_the_match_awards","matches_played","matches_started","minutes_played","passes","passes_completed","penalties_saved","player_id","red_cards","saves","season_id","shots","shots_on_target","substitutions_in","substitutions_out","tackles","yellow_cards","id") values (?,?,?,?,?,?,?,?,?,?,?,?,?,?,?,?,?,?,?,?,?,?,?,?,?,?,?,?,?,?,?,?,?,default)
Hibernate: insert into "player_season_stats" ("assists","average_condition","average_morale","average_rating","clean_sheets","club_id","fouls_committed","fouls_received","goals","goals_conceded","highest_rating","injury_count","injury_days","interceptions","league_id","lowest_rating","man_of_the_match_awards","matches_played","matches_started","minutes_played","passes","passes_completed","penalties_saved","player_id","red_cards","saves","season_id","shots","shots_on_target","substitutions_in","substitutions_out","tackles","yellow_cards","id") values (?,?,?,?,?,?,?,?,?,?,?,?,?,?,?,?,?,?,?,?,?,?,?,?,?,?,?,?,?,?,?,?,?,default)
Hibernate: insert into "player_season_stats" ("assists","average_condition","average_morale","average_rating","clean_sheets","club_id","fouls_committed","fouls_received","goals","goals_conceded","highest_rating","injury_count","injury_days","interceptions","league_id","lowest_rating","man_of_the_match_awards","matches_played","matches_started","minutes_played","passes","passes_completed","penalties_saved","player_id","red_cards","saves","season_id","shots","shots_on_target","substitutions_in","substitutions_out","tackles","yellow_cards","id") values (?,?,?,?,?,?,?,?,?,?,?,?,?,?,?,?,?,?,?,?,?,?,?,?,?,?,?,?,?,?,?,?,?,default)
Hibernate: insert into "player_season_stats" ("assists","average_condition","average_morale","average_rating","clean_sheets","club_id","fouls_committed","fouls_received","goals","goals_conceded","highest_rating","injury_count","injury_days","interceptions","league_id","lowest_rating","man_of_the_match_awards","matches_played","matches_started","minutes_played","passes","passes_completed","penalties_saved","player_id","red_cards","saves","season_id","shots","shots_on_target","substitutions_in","substitutions_out","tackles","yellow_cards","id") values (?,?,?,?,?,?,?,?,?,?,?,?,?,?,?,?,?,?,?,?,?,?,?,?,?,?,?,?,?,?,?,?,?,default)
Hibernate: insert into "player_season_stats" ("assists","average_condition","average_morale","average_rating","clean_sheets","club_id","fouls_committed","fouls_received","goals","goals_conceded","highest_rating","injury_count","injury_days","interceptions","league_id","lowest_rating","man_of_the_match_awards","matches_played","matches_started","minutes_played","passes","passes_completed","penalties_saved","player_id","red_cards","saves","season_id","shots","shots_on_target","substitutions_in","substitutions_out","tackles","yellow_cards","id") values (?,?,?,?,?,?,?,?,?,?,?,?,?,?,?,?,?,?,?,?,?,?,?,?,?,?,?,?,?,?,?,?,?,default)
Hibernate: insert into "player_season_stats" ("assists","average_condition","average_morale","average_rating","clean_sheets","club_id","fouls_committed","fouls_received","goals","goals_conceded","highest_rating","injury_count","injury_days","interceptions","league_id","lowest_rating","man_of_the_match_awards","matches_played","matches_started","minutes_played","passes","passes_completed","penalties_saved","player_id","red_cards","saves","season_id","shots","shots_on_target","substitutions_in","substitutions_out","tackles","yellow_cards","id") values (?,?,?,?,?,?,?,?,?,?,?,?,?,?,?,?,?,?,?,?,?,?,?,?,?,?,?,?,?,?,?,?,?,default)
Hibernate: insert into "player_season_stats" ("assists","average_condition","average_morale","average_rating","clean_sheets","club_id","fouls_committed","fouls_received","goals","goals_conceded","highest_rating","injury_count","injury_days","interceptions","league_id","lowest_rating","man_of_the_match_awards","matches_played","matches_started","minutes_played","passes","passes_completed","penalties_saved","player_id","red_cards","saves","season_id","shots","shots_on_target","substitutions_in","substitutions_out","tackles","yellow_cards","id") values (?,?,?,?,?,?,?,?,?,?,?,?,?,?,?,?,?,?,?,?,?,?,?,?,?,?,?,?,?,?,?,?,?,default)
Hibernate: insert into "player_season_stats" ("assists","average_condition","average_morale","average_rating","clean_sheets","club_id","fouls_committed","fouls_received","goals","goals_conceded","highest_rating","injury_count","injury_days","interceptions","league_id","lowest_rating","man_of_the_match_awards","matches_played","matches_started","minutes_played","passes","passes_completed","penalties_saved","player_id","red_cards","saves","season_id","shots","shots_on_target","substitutions_in","substitutions_out","tackles","yellow_cards","id") values (?,?,?,?,?,?,?,?,?,?,?,?,?,?,?,?,?,?,?,?,?,?,?,?,?,?,?,?,?,?,?,?,?,default)
Hibernate: insert into "player_season_stats" ("assists","average_condition","average_morale","average_rating","clean_sheets","club_id","fouls_committed","fouls_received","goals","goals_conceded","highest_rating","injury_count","injury_days","interceptions","league_id","lowest_rating","man_of_the_match_awards","matches_played","matches_started","minutes_played","passes","passes_completed","penalties_saved","player_id","red_cards","saves","season_id","shots","shots_on_target","substitutions_in","substitutions_out","tackles","yellow_cards","id") values (?,?,?,?,?,?,?,?,?,?,?,?,?,?,?,?,?,?,?,?,?,?,?,?,?,?,?,?,?,?,?,?,?,default)
Hibernate: insert into "player_season_stats" ("assists","average_condition","average_morale","average_rating","clean_sheets","club_id","fouls_committed","fouls_received","goals","goals_conceded","highest_rating","injury_count","injury_days","interceptions","league_id","lowest_rating","man_of_the_match_awards","matches_played","matches_started","minutes_played","passes","passes_completed","penalties_saved","player_id","red_cards","saves","season_id","shots","shots_on_target","substitutions_in","substitutions_out","tackles","yellow_cards","id") values (?,?,?,?,?,?,?,?,?,?,?,?,?,?,?,?,?,?,?,?,?,?,?,?,?,?,?,?,?,?,?,?,?,default)
Hibernate: insert into "player_season_stats" ("assists","average_condition","average_morale","average_rating","clean_sheets","club_id","fouls_committed","fouls_received","goals","goals_conceded","highest_rating","injury_count","injury_days","interceptions","league_id","lowest_rating","man_of_the_match_awards","matches_played","matches_started","minutes_played","passes","passes_completed","penalties_saved","player_id","red_cards","saves","season_id","shots","shots_on_target","substitutions_in","substitutions_out","tackles","yellow_cards","id") values (?,?,?,?,?,?,?,?,?,?,?,?,?,?,?,?,?,?,?,?,?,?,?,?,?,?,?,?,?,?,?,?,?,default)
Hibernate: insert into "player_season_stats" ("assists","average_condition","average_morale","average_rating","clean_sheets","club_id","fouls_committed","fouls_received","goals","goals_conceded","highest_rating","injury_count","injury_days","interceptions","league_id","lowest_rating","man_of_the_match_awards","matches_played","matches_started","minutes_played","passes","passes_completed","penalties_saved","player_id","red_cards","saves","season_id","shots","shots_on_target","substitutions_in","substitutions_out","tackles","yellow_cards","id") values (?,?,?,?,?,?,?,?,?,?,?,?,?,?,?,?,?,?,?,?,?,?,?,?,?,?,?,?,?,?,?,?,?,default)
Hibernate: insert into "player_season_stats" ("assists","average_condition","average_morale","average_rating","clean_sheets","club_id","fouls_committed","fouls_received","goals","goals_conceded","highest_rating","injury_count","injury_days","interceptions","league_id","lowest_rating","man_of_the_match_awards","matches_played","matches_started","minutes_played","passes","passes_completed","penalties_saved","player_id","red_cards","saves","season_id","shots","shots_on_target","substitutions_in","substitutions_out","tackles","yellow_cards","id") values (?,?,?,?,?,?,?,?,?,?,?,?,?,?,?,?,?,?,?,?,?,?,?,?,?,?,?,?,?,?,?,?,?,default)
Hibernate: insert into "player_season_stats" ("assists","average_condition","average_morale","average_rating","clean_sheets","club_id","fouls_committed","fouls_received","goals","goals_conceded","highest_rating","injury_count","injury_days","interceptions","league_id","lowest_rating","man_of_the_match_awards","matches_played","matches_started","minutes_played","passes","passes_completed","penalties_saved","player_id","red_cards","saves","season_id","shots","shots_on_target","substitutions_in","substitutions_out","tackles","yellow_cards","id") values (?,?,?,?,?,?,?,?,?,?,?,?,?,?,?,?,?,?,?,?,?,?,?,?,?,?,?,?,?,?,?,?,?,default)
Hibernate: insert into "player_season_stats" ("assists","average_condition","average_morale","average_rating","clean_sheets","club_id","fouls_committed","fouls_received","goals","goals_conceded","highest_rating","injury_count","injury_days","interceptions","league_id","lowest_rating","man_of_the_match_awards","matches_played","matches_started","minutes_played","passes","passes_completed","penalties_saved","player_id","red_cards","saves","season_id","shots","shots_on_target","substitutions_in","substitutions_out","tackles","yellow_cards","id") values (?,?,?,?,?,?,?,?,?,?,?,?,?,?,?,?,?,?,?,?,?,?,?,?,?,?,?,?,?,?,?,?,?,default)
Hibernate: select r1_0."id",r1_0."last",r1_0."number",r1_0."season_id" from "round" r1_0 where r1_0."id"=?
Hibernate: select r1_0."id",c1_0."id",c1_0."city",c1_0."finance_id",c1_0."foundation",c1_0."league_id",c1_0."logourl",c1_0."medical_center_id",c1_0."name",c1_0."stadium_id",c1_0."team_id",c1_0."training_facility_id",c1_0."under18_id",c1_0."youth_academy_id",r1_0."drawn",r1_0."goal_against",r1_0."goals_for",r1_0."lost",r1_0."played",r1_0."points",r1_0."season_id",r1_0."won" from "ranking" r1_0 left join "club" c1_0 on c1_0."id"=r1_0."club_id" where r1_0."season_id"=?
2026-02-18T06:20:55.754Z  INFO 1843 --- [           main] .s.SimulationMatchServicePerformanceTest : Simulate 10 matches duration: 5432 ms
2026-02-18T06:20:55.805Z  INFO 1843 --- [           main] o.h.c.spi.AbstractPersistentCollection   : HHH000496: Detaching an uninitialized collection with queued operations from a session: [com.lollito.fm.model.Match.events#451]
2026-02-18T06:20:55.805Z  INFO 1843 --- [           main] o.h.c.spi.AbstractPersistentCollection   : HHH000496: Detaching an uninitialized collection with queued operations from a session: [com.lollito.fm.model.Match.events#452]
2026-02-18T06:20:55.805Z  INFO 1843 --- [           main] o.h.c.spi.AbstractPersistentCollection   : HHH000496: Detaching an uninitialized collection with queued operations from a session: [com.lollito.fm.model.Match.events#453]
2026-02-18T06:20:55.805Z  INFO 1843 --- [           main] o.h.c.spi.AbstractPersistentCollection   : HHH000496: Detaching an uninitialized collection with queued operations from a session: [com.lollito.fm.model.Match.events#454]
2026-02-18T06:20:55.805Z  INFO 1843 --- [           main] o.h.c.spi.AbstractPersistentCollection   : HHH000496: Detaching an uninitialized collection with queued operations from a session: [com.lollito.fm.model.Match.events#455]
2026-02-18T06:20:55.805Z  INFO 1843 --- [           main] o.h.c.spi.AbstractPersistentCollection   : HHH000496: Detaching an uninitialized collection with queued operations from a session: [com.lollito.fm.model.Match.events#456]
2026-02-18T06:20:55.805Z  INFO 1843 --- [           main] o.h.c.spi.AbstractPersistentCollection   : HHH000496: Detaching an uninitialized collection with queued operations from a session: [com.lollito.fm.model.Match.events#457]
2026-02-18T06:20:55.806Z  INFO 1843 --- [           main] o.h.c.spi.AbstractPersistentCollection   : HHH000496: Detaching an uninitialized collection with queued operations from a session: [com.lollito.fm.model.Match.events#458]
2026-02-18T06:20:55.806Z  INFO 1843 --- [           main] o.h.c.spi.AbstractPersistentCollection   : HHH000496: Detaching an uninitialized collection with queued operations from a session: [com.lollito.fm.model.Match.events#459]
2026-02-18T06:20:55.806Z  INFO 1843 --- [           main] o.h.c.spi.AbstractPersistentCollection   : HHH000496: Detaching an uninitialized collection with queued operations from a session: [com.lollito.fm.model.Match.events#460]
[INFO] Tests run: 1, Failures: 0, Errors: 0, Skipped: 0, Time elapsed: 42.02 s -- in com.lollito.fm.service.SimulationMatchServicePerformanceTest
[INFO]
[INFO] Results:
[INFO]
[INFO] Tests run: 1, Failures: 0, Errors: 0, Skipped: 0
[INFO]
[INFO]
[INFO] --- jacoco:0.8.14:report (report) @ fm ---
[INFO] Loading execution data file /app/target/jacoco.exec
[INFO] Analyzed bundle 'fm' with 261 classes
[INFO] ------------------------------------------------------------------------
[INFO] BUILD SUCCESS
[INFO] ------------------------------------------------------------------------
[INFO] Total time:  01:29 min
[INFO] Finished at: 2026-02-18T06:20:57Z
[INFO] ------------------------------------------------------------------------
